release rule at block 5

category           run-0  incumb    cand | floor
agentic_format      4.41    3.74    4.25 | recon  >= 4.21  PASS
code_edit           4.08    3.85    4.00 | recon  >= 3.88  PASS
code_gen            1.86    2.56    2.52 | constr >= 2.56  FAIL
explanation         1.70    2.94    3.04 | constr >= 2.94  PASS
long_context        5.00    4.00    4.34 | recon  >= 4.80  FAIL
multi_turn          4.06    5.21    5.08 | not floored
reasoning           1.82    3.70    3.64 | constr >= 3.70  FAIL
short_factual       3.11    3.51    3.87 | not floored

suite mean        3.2550  3.6888  3.8425  (8 categories; prompt 0 is the control and is excluded)

==========================================================================
RELEASE: REFUSED -- 3 floor(s) failed
   code_gen         2.52 < 2.56   short by 0.04
   long_context     4.34 < 4.80   short by 0.46
   reasoning        3.64 < 3.70   short by 0.06

  The head is archived and recorded, NOT released, however good its mean.
  This does not undo a promotion: promotion asks 'does it beat the incumbent on
  average', release asks 'does it beat it WITHOUT hollowing out the categories an
  agentic workload actually runs in'. A head can pass the first and fail this.
