[train] device=cuda torch=2.10.0
  loading model-00046-of-00048.safetensors ...
  loading model-00047-of-00048.safetensors ...
  loading model-00048-of-00048.safetensors ...
  dequantised 1512 tensors, 12.60 B params, 23.5 GiB bf16
[train] weights ready in 12.0s
[train] trainable 517.3 M in 72 tensors | frozen experts 12.08 B
[train] capture: 491 sample(s)
[Gloo] Rank 0 is connected to 0 peer ranks. Expected number of connected peer ranks is : 0
[train] ModelArgs: n_mtp=3 block=5 taps=[40, 41, 42] markov_rank=256
[train] built 3 DSparkBlock(s) on meta
[train] re-materialised freqs_cis on 3 attention module(s) (persistent=False buffers are NOT in state_dict and to_empty() zapped them)
[train] load_state_dict: 0 missing, 0 unexpected
[train] GATE1 model construction OK
[train] aux: embed.weight(129280, 4096), head.weight(129280, 4096)
[train] trainable tensors in graph: 72 / 517.3 M
[train] resumed 72/72 trained tensors from /cap/agentic-p25-b0.1/c1/trained/mtp_trained.safetensors
[train] resumed AdamW state: 69/72 tensors carry moments (3 never received a gradient, expected), indices aligned
[train] P2.5 anchor: frozen copy of 3 block(s), beta=0.1
[train] lr schedule: linear warmup 150 step(s) -> cosine over 3007 session step(s), peak 5e-05; this chunk is steps 982..1472
/work/train/train_head.py:115: UserWarning: Converting a tensor with requires_grad=True to a scalar may lead to unexpected behavior.
Consider using tensor.detach() first. (Triggered internally at /opt/pytorch/torch/csrc/autograd/generated/python_variable_methods.cpp:836.)
  parts = {"ce": float((w * ce).sum()), "tv": float((w * tv).sum()), "conf": 0.0}
[train] step 0: T=1222 positions=16 loss=0.7945 ce=2.2029 tv=0.3525 conf=5.5443 grad_norm=3.0924 tensors_with_grad=69/72
[train] step 1: T=1097 positions=16 loss=0.7707 ce=1.7717 tv=0.3521 conf=5.8420 grad_norm=4.2029 tensors_with_grad=69/72
[train] step 2: T=1390 positions=16 loss=0.7958 ce=1.8888 tv=0.2673 conf=3.0176 grad_norm=3.4981 tensors_with_grad=69/72
[train] step 3: T=1645 positions=16 loss=1.2654 ce=3.0219 tv=0.3068 conf=2.4595 grad_norm=4.6758 tensors_with_grad=69/72
[train] step 4: T=1090 positions=16 loss=0.5393 ce=1.3744 tv=0.2846 conf=5.6708 grad_norm=2.9614 tensors_with_grad=69/72
[train] step 5: T=1051 positions=16 loss=0.8131 ce=1.9650 tv=0.3418 conf=7.7261 grad_norm=7.0561 tensors_with_grad=69/72
[train] step 6: T=1190 positions=16 loss=0.8145 ce=1.7062 tv=0.2878 conf=2.8126 grad_norm=3.3278 tensors_with_grad=69/72
[train] step 7: T=2176 positions=16 loss=1.3873 ce=2.9602 tv=0.4060 conf=4.2999 grad_norm=5.6299 tensors_with_grad=69/72
[train] step 8: T=1088 positions=16 loss=0.0589 ce=0.1695 tv=0.0801 conf=7.8091 grad_norm=0.7428 tensors_with_grad=69/72
[train] step 9: T=1052 positions=16 loss=0.1177 ce=0.3103 tv=0.0879 conf=5.0069 grad_norm=1.7313 tensors_with_grad=69/72
[train] step 10: T=1228 positions=16 loss=1.0046 ce=2.1467 tv=0.4259 conf=5.5467 grad_norm=7.1174 tensors_with_grad=69/72
[train] step 11: T=1090 positions=16 loss=0.1327 ce=0.4799 tv=0.1404 conf=8.2117 grad_norm=2.3011 tensors_with_grad=69/72
[train] step 12: T=1103 positions=16 loss=0.9215 ce=1.5659 tv=0.3443 conf=4.3762 grad_norm=4.6007 tensors_with_grad=69/72
[train] step 13: T=1042 positions=16 loss=0.8899 ce=1.8901 tv=0.2738 conf=3.1894 grad_norm=4.3496 tensors_with_grad=69/72
[train] step 14: T=1562 positions=16 loss=0.9091 ce=1.7300 tv=0.3012 conf=5.7644 grad_norm=6.9009 tensors_with_grad=69/72
[train] step 15: T=1041 positions=16 loss=0.7691 ce=1.9409 tv=0.3291 conf=3.1179 grad_norm=3.0568 tensors_with_grad=69/72
[train] step 16: T=1680 positions=16 loss=1.0432 ce=2.1170 tv=0.3157 conf=6.7762 grad_norm=9.9205 tensors_with_grad=69/72
[train] step 17: T=1386 positions=16 loss=0.9022 ce=2.3070 tv=0.3160 conf=6.5939 grad_norm=5.7947 tensors_with_grad=69/72
[train] step 18: T=1090 positions=16 loss=0.0901 ce=0.2923 tv=0.0856 conf=3.2198 grad_norm=0.6917 tensors_with_grad=69/72
[train] step 19: T=2290 positions=16 loss=1.3864 ce=2.7318 tv=0.4159 conf=5.3768 grad_norm=6.1486 tensors_with_grad=69/72
[train] step 20: T=1244 positions=16 loss=0.8599 ce=2.0147 tv=0.3938 conf=7.3647 grad_norm=3.8680 tensors_with_grad=69/72
[train] step 21: T=1464 positions=16 loss=0.7019 ce=1.6120 tv=0.2290 conf=5.2252 grad_norm=2.7267 tensors_with_grad=69/72
[train] step 22: T=1104 positions=16 loss=0.2635 ce=0.5437 tv=0.2008 conf=4.5134 grad_norm=2.3139 tensors_with_grad=69/72
[train] step 23: T=1053 positions=16 loss=0.2960 ce=0.6998 tv=0.1497 conf=4.5495 grad_norm=2.8341 tensors_with_grad=69/72
[train] step 24: T=1402 positions=16 loss=0.7660 ce=1.4991 tv=0.2464 conf=5.2854 grad_norm=2.9797 tensors_with_grad=69/72
[train] step 25: T=1665 positions=16 loss=0.7072 ce=1.7425 tv=0.3669 conf=5.9882 grad_norm=7.6053 tensors_with_grad=69/72
[train] step 26: T=1050 positions=16 loss=1.6164 ce=2.9151 tv=0.5174 conf=5.1935 grad_norm=8.8567 tensors_with_grad=69/72
[train] step 27: T=1057 positions=16 loss=0.1038 ce=0.1966 tv=0.0708 conf=2.6146 grad_norm=1.8331 tensors_with_grad=69/72
[train] step 28: T=1619 positions=16 loss=1.6696 ce=3.1418 tv=0.4564 conf=3.7661 grad_norm=5.9408 tensors_with_grad=69/72
[train] step 29: T=1064 positions=16 loss=0.1538 ce=0.4510 tv=0.1164 conf=4.4325 grad_norm=1.6535 tensors_with_grad=69/72
[train] step 30: T=1333 positions=16 loss=0.6314 ce=1.4119 tv=0.1824 conf=4.3107 grad_norm=3.3501 tensors_with_grad=69/72
[train] step 31: T=1045 positions=16 loss=0.4737 ce=1.1717 tv=0.1828 conf=4.1605 grad_norm=4.7248 tensors_with_grad=69/72
[train] step 32: T=1225 positions=16 loss=1.8923 ce=3.6572 tv=0.5861 conf=4.2645 grad_norm=8.2658 tensors_with_grad=69/72
[train] step 33: T=1565 positions=16 loss=0.8559 ce=1.9007 tv=0.2188 conf=4.4832 grad_norm=5.9346 tensors_with_grad=69/72
[train] step 34: T=1521 positions=16 loss=1.1852 ce=2.4528 tv=0.3294 conf=4.8229 grad_norm=3.9120 tensors_with_grad=69/72
[train] step 35: T=1075 positions=16 loss=0.4039 ce=0.6276 tv=0.1604 conf=1.5285 grad_norm=1.8734 tensors_with_grad=69/72
[train] step 36: T=1398 positions=16 loss=0.9825 ce=2.0208 tv=0.3678 conf=6.5264 grad_norm=5.5549 tensors_with_grad=69/72
[train] step 37: T=1075 positions=16 loss=0.2229 ce=1.2804 tv=0.1562 conf=6.3235 grad_norm=2.5276 tensors_with_grad=69/72
[train] step 38: T=1068 positions=16 loss=0.0875 ce=0.1907 tv=0.0934 conf=7.1994 grad_norm=1.7711 tensors_with_grad=69/72
[train] step 39: T=1103 positions=16 loss=0.3282 ce=0.6813 tv=0.1479 conf=2.1495 grad_norm=4.9625 tensors_with_grad=69/72
[train] step 40: T=1072 positions=16 loss=0.1923 ce=0.4032 tv=0.1404 conf=2.9071 grad_norm=1.3692 tensors_with_grad=69/72
[train] step 41: T=1119 positions=16 loss=0.0646 ce=0.1922 tv=0.0402 conf=1.5973 grad_norm=0.2856 tensors_with_grad=69/72
[train] step 42: T=1186 positions=16 loss=1.9588 ce=3.2135 tv=0.5657 conf=4.1074 grad_norm=8.9612 tensors_with_grad=69/72
[train] step 43: T=1071 positions=16 loss=0.3119 ce=0.6061 tv=0.1935 conf=7.0807 grad_norm=3.4617 tensors_with_grad=69/72
[train] step 44: T=1122 positions=16 loss=1.5494 ce=2.4373 tv=0.4770 conf=4.3957 grad_norm=7.2014 tensors_with_grad=69/72
[train] step 45: T=1082 positions=16 loss=0.2848 ce=0.4424 tv=0.1436 conf=3.3171 grad_norm=5.2125 tensors_with_grad=69/72
[train] step 46: T=1121 positions=16 loss=0.3259 ce=0.5759 tv=0.1322 conf=3.2601 grad_norm=1.3224 tensors_with_grad=69/72
[train] step 47: T=1522 positions=16 loss=0.9557 ce=1.7616 tv=0.2644 conf=3.8530 grad_norm=2.2209 tensors_with_grad=69/72
[train] step 48: T=1152 positions=16 loss=1.9140 ce=3.1806 tv=0.5472 conf=3.7512 grad_norm=7.9991 tensors_with_grad=69/72
[train] step 49: T=1085 positions=16 loss=0.2408 ce=0.4938 tv=0.1937 conf=5.2073 grad_norm=3.5351 tensors_with_grad=69/72
[train] step 50: T=1166 positions=16 loss=1.6600 ce=2.5891 tv=0.5140 conf=3.5381 grad_norm=5.3578 tensors_with_grad=69/72
[train] step 51: T=1099 positions=16 loss=0.4254 ce=0.8511 tv=0.2580 conf=5.8988 grad_norm=4.5690 tensors_with_grad=69/72
[train] step 52: T=1502 positions=16 loss=1.3801 ce=2.5450 tv=0.3575 conf=5.4998 grad_norm=9.5507 tensors_with_grad=69/72
[train] step 53: T=1090 positions=16 loss=0.5721 ce=1.5202 tv=0.3159 conf=5.2624 grad_norm=5.8695 tensors_with_grad=69/72
[train] step 54: T=1072 positions=16 loss=0.3072 ce=1.5000 tv=0.2429 conf=6.1099 grad_norm=5.4450 tensors_with_grad=69/72
[train] step 55: T=1457 positions=16 loss=0.8678 ce=1.4895 tv=0.2318 conf=3.4077 grad_norm=5.2788 tensors_with_grad=69/72
[train] step 56: T=1445 positions=16 loss=0.8110 ce=1.7967 tv=0.2423 conf=6.5382 grad_norm=2.2831 tensors_with_grad=69/72
[train] step 57: T=1075 positions=16 loss=0.4922 ce=1.4576 tv=0.2505 conf=4.7021 grad_norm=4.3886 tensors_with_grad=69/72
[train] step 58: T=1489 positions=16 loss=0.7662 ce=1.4627 tv=0.2244 conf=4.2931 grad_norm=3.0091 tensors_with_grad=69/72
[train] step 59: T=1039 positions=16 loss=0.8825 ce=1.5550 tv=0.3003 conf=3.5036 grad_norm=6.7914 tensors_with_grad=69/72
[train] step 60: T=1089 positions=16 loss=0.2676 ce=0.5770 tv=0.2028 conf=5.9648 grad_norm=2.8502 tensors_with_grad=69/72
[train] step 61: T=1054 positions=16 loss=0.1962 ce=0.3780 tv=0.1342 conf=3.5282 grad_norm=4.8804 tensors_with_grad=69/72
[train] step 62: T=1060 positions=16 loss=0.3541 ce=1.1273 tv=0.2373 conf=4.7259 grad_norm=4.9585 tensors_with_grad=69/72
[train] step 63: T=1076 positions=16 loss=0.4876 ce=1.1897 tv=0.2694 conf=5.6229 grad_norm=4.2496 tensors_with_grad=69/72
[train] step 64: T=1058 positions=16 loss=0.5345 ce=1.1169 tv=0.1820 conf=2.0638 grad_norm=5.7578 tensors_with_grad=69/72
[train] step 65: T=1087 positions=16 loss=0.2824 ce=0.5346 tv=0.1965 conf=3.2959 grad_norm=2.3741 tensors_with_grad=69/72
[train] step 66: T=1069 positions=16 loss=1.2726 ce=1.9783 tv=0.3779 conf=2.3304 grad_norm=6.8940 tensors_with_grad=69/72
[train] step 67: T=1092 positions=16 loss=0.2915 ce=0.7598 tv=0.2193 conf=4.4353 grad_norm=5.1817 tensors_with_grad=69/72
[train] step 68: T=1091 positions=16 loss=0.8019 ce=1.7254 tv=0.3645 conf=4.4542 grad_norm=7.6697 tensors_with_grad=69/72
[train] step 69: T=1268 positions=16 loss=0.1317 ce=0.2748 tv=0.1381 conf=2.5783 grad_norm=1.6565 tensors_with_grad=69/72
[train] step 70: T=1259 positions=16 loss=0.6917 ce=1.4227 tv=0.3226 conf=2.8740 grad_norm=5.4153 tensors_with_grad=69/72
[train] step 71: T=1183 positions=16 loss=0.4724 ce=0.9439 tv=0.1689 conf=3.5963 grad_norm=2.7266 tensors_with_grad=69/72
[train] step 72: T=1070 positions=16 loss=1.2315 ce=1.9424 tv=0.4382 conf=4.7873 grad_norm=6.9662 tensors_with_grad=69/72
[train] step 73: T=1045 positions=16 loss=0.3478 ce=0.5830 tv=0.1862 conf=2.0349 grad_norm=3.2929 tensors_with_grad=69/72
[train] step 74: T=1084 positions=16 loss=0.5448 ce=1.4935 tv=0.2970 conf=4.8569 grad_norm=6.1406 tensors_with_grad=69/72
[train] step 75: T=1054 positions=16 loss=0.1123 ce=0.2240 tv=0.0955 conf=3.4687 grad_norm=1.2092 tensors_with_grad=69/72
[train] step 76: T=1398 positions=16 loss=0.9345 ce=1.7585 tv=0.2337 conf=3.8928 grad_norm=3.9050 tensors_with_grad=69/72
[train] step 77: T=1555 positions=16 loss=0.9845 ce=2.2560 tv=0.3424 conf=5.8596 grad_norm=5.5702 tensors_with_grad=69/72
[train] step 78: T=1163 positions=16 loss=1.0559 ce=2.0783 tv=0.3800 conf=6.0495 grad_norm=3.3924 tensors_with_grad=69/72
[train] step 79: T=1058 positions=16 loss=0.1326 ce=0.3740 tv=0.1689 conf=6.1333 grad_norm=3.9577 tensors_with_grad=69/72
[train] step 80: T=1624 positions=16 loss=1.0785 ce=2.1792 tv=0.2712 conf=4.0360 grad_norm=8.3614 tensors_with_grad=69/72
[train] step 81: T=1589 positions=16 loss=1.1896 ce=2.1063 tv=0.2485 conf=4.2381 grad_norm=3.7131 tensors_with_grad=69/72
[train] step 82: T=1130 positions=16 loss=1.4550 ce=2.8147 tv=0.4270 conf=4.7294 grad_norm=4.7506 tensors_with_grad=69/72
[train] step 83: T=1046 positions=16 loss=0.3218 ce=0.5872 tv=0.1015 conf=2.1775 grad_norm=3.0190 tensors_with_grad=69/72
[train] step 84: T=1094 positions=16 loss=0.1230 ce=0.3013 tv=0.0934 conf=3.9987 grad_norm=1.6792 tensors_with_grad=69/72
[train] step 85: T=1081 positions=16 loss=1.1227 ce=2.4367 tv=0.4246 conf=6.9383 grad_norm=6.7219 tensors_with_grad=69/72
[train] step 86: T=1909 positions=16 loss=1.1542 ce=2.0727 tv=0.3217 conf=6.2160 grad_norm=5.3627 tensors_with_grad=69/72
[train] step 87: T=1088 positions=16 loss=0.4399 ce=0.9163 tv=0.1825 conf=3.2605 grad_norm=3.1411 tensors_with_grad=69/72
[train] step 88: T=1084 positions=16 loss=0.8712 ce=1.8332 tv=0.3035 conf=4.7925 grad_norm=2.9160 tensors_with_grad=69/72
[train] step 89: T=1358 positions=16 loss=0.5680 ce=0.8904 tv=0.2174 conf=4.6552 grad_norm=3.5505 tensors_with_grad=69/72
[train] step 90: T=1092 positions=16 loss=1.4405 ce=2.8920 tv=0.4099 conf=7.4182 grad_norm=12.9144 tensors_with_grad=69/72
[train] step 91: T=1373 positions=16 loss=0.8794 ce=1.6649 tv=0.2149 conf=2.9873 grad_norm=2.7233 tensors_with_grad=69/72
[train] step 92: T=1040 positions=16 loss=0.2700 ce=0.4829 tv=0.1258 conf=2.4243 grad_norm=2.9383 tensors_with_grad=69/72
[train] step 93: T=1178 positions=16 loss=0.6342 ce=1.1819 tv=0.2457 conf=5.6646 grad_norm=3.5155 tensors_with_grad=69/72
[train] step 94: T=1386 positions=16 loss=1.4757 ce=2.4038 tv=0.4037 conf=5.0407 grad_norm=6.7669 tensors_with_grad=69/72
[train] step 95: T=1818 positions=16 loss=0.9568 ce=1.6591 tv=0.2674 conf=3.1096 grad_norm=4.0179 tensors_with_grad=69/72
[train] step 96: T=1091 positions=16 loss=0.5650 ce=0.8697 tv=0.1896 conf=2.6065 grad_norm=4.3951 tensors_with_grad=69/72
[train] step 97: T=1089 positions=16 loss=0.1261 ce=0.2477 tv=0.1121 conf=3.1468 grad_norm=1.3696 tensors_with_grad=69/72
[train] step 98: T=1525 positions=16 loss=1.3254 ce=2.0736 tv=0.3707 conf=3.4651 grad_norm=5.1544 tensors_with_grad=69/72
[train] step 99: T=1053 positions=16 loss=0.4005 ce=0.6764 tv=0.1606 conf=4.5799 grad_norm=5.0817 tensors_with_grad=69/72
[train] step 100: T=1107 positions=16 loss=0.7401 ce=1.4168 tv=0.3365 conf=5.4714 grad_norm=3.8029 tensors_with_grad=69/72
[train] step 101: T=1123 positions=16 loss=0.9187 ce=1.4712 tv=0.2448 conf=1.7096 grad_norm=4.7186 tensors_with_grad=69/72
[train] step 102: T=1045 positions=16 loss=0.3097 ce=0.4885 tv=0.1515 conf=3.9840 grad_norm=3.5364 tensors_with_grad=69/72
[train] step 103: T=1094 positions=16 loss=0.0999 ce=0.2137 tv=0.0781 conf=5.5972 grad_norm=0.8904 tensors_with_grad=69/72
[train] step 104: T=1043 positions=16 loss=0.6256 ce=1.5122 tv=0.2161 conf=4.0928 grad_norm=7.0311 tensors_with_grad=69/72
[train] step 105: T=1051 positions=16 loss=0.4572 ce=0.7439 tv=0.2309 conf=4.4375 grad_norm=3.4959 tensors_with_grad=69/72
[train] step 106: T=1046 positions=16 loss=0.9535 ce=1.5711 tv=0.2920 conf=2.5108 grad_norm=4.1091 tensors_with_grad=69/72
[train] step 107: T=1131 positions=16 loss=1.1238 ce=2.2382 tv=0.3584 conf=5.0578 grad_norm=6.2754 tensors_with_grad=69/72
[train] step 108: T=1072 positions=16 loss=0.1759 ce=0.7115 tv=0.1732 conf=3.9277 grad_norm=2.3917 tensors_with_grad=69/72
[train] step 109: T=1675 positions=16 loss=1.6648 ce=3.1255 tv=0.3684 conf=3.9399 grad_norm=4.6284 tensors_with_grad=69/72
[train] step 110: T=1917 positions=16 loss=1.2891 ce=2.0926 tv=0.3617 conf=2.6324 grad_norm=5.7631 tensors_with_grad=69/72
[train] step 111: T=1834 positions=16 loss=1.1541 ce=2.3447 tv=0.3376 conf=2.4818 grad_norm=6.6624 tensors_with_grad=69/72
[train] step 112: T=1063 positions=16 loss=1.2091 ce=2.3267 tv=0.4153 conf=4.3185 grad_norm=6.7388 tensors_with_grad=69/72
[train] step 113: T=1692 positions=16 loss=1.2551 ce=2.5372 tv=0.3096 conf=1.8473 grad_norm=6.7742 tensors_with_grad=69/72
[train] step 114: T=1065 positions=16 loss=0.0528 ce=0.2130 tv=0.0656 conf=1.6113 grad_norm=1.2558 tensors_with_grad=69/72
[train] step 115: T=1911 positions=16 loss=1.5547 ce=2.5426 tv=0.3738 conf=3.2131 grad_norm=7.5326 tensors_with_grad=69/72
[train] step 116: T=1073 positions=16 loss=0.2786 ce=0.5990 tv=0.1391 conf=2.8154 grad_norm=3.6809 tensors_with_grad=69/72
[train] step 117: T=1855 positions=16 loss=1.1319 ce=1.9770 tv=0.3308 conf=4.0278 grad_norm=7.6051 tensors_with_grad=69/72
[train] step 118: T=1202 positions=16 loss=1.6047 ce=2.5755 tv=0.4909 conf=3.5888 grad_norm=5.9317 tensors_with_grad=69/72
[train] step 119: T=1037 positions=16 loss=1.4485 ce=2.5761 tv=0.4110 conf=2.4899 grad_norm=6.6683 tensors_with_grad=69/72
[train] step 120: T=1042 positions=16 loss=0.3524 ce=0.7405 tv=0.1487 conf=1.9278 grad_norm=2.8159 tensors_with_grad=69/72
[train] step 121: T=1166 positions=16 loss=0.3801 ce=1.0352 tv=0.2614 conf=3.3474 grad_norm=4.7335 tensors_with_grad=69/72
[train] step 122: T=1182 positions=16 loss=0.3949 ce=0.7997 tv=0.1455 conf=2.8872 grad_norm=5.4527 tensors_with_grad=69/72
[train] step 123: T=1086 positions=16 loss=0.8395 ce=1.3652 tv=0.3034 conf=2.6320 grad_norm=3.7796 tensors_with_grad=69/72
[train] step 124: T=1467 positions=16 loss=1.3085 ce=2.2114 tv=0.3506 conf=2.8020 grad_norm=5.6861 tensors_with_grad=69/72
[train] step 125: T=1262 positions=16 loss=0.9643 ce=1.7423 tv=0.3281 conf=3.3318 grad_norm=8.8382 tensors_with_grad=69/72
[train] step 126: T=1590 positions=16 loss=1.3830 ce=2.6451 tv=0.3346 conf=2.3994 grad_norm=7.8777 tensors_with_grad=69/72
[train] step 127: T=1113 positions=16 loss=0.3102 ce=0.9737 tv=0.1906 conf=1.9179 grad_norm=3.1773 tensors_with_grad=69/72
[train] step 128: T=1808 positions=16 loss=1.4138 ce=2.4389 tv=0.3322 conf=2.7548 grad_norm=4.3310 tensors_with_grad=69/72
[train] step 129: T=1155 positions=16 loss=0.6167 ce=1.2636 tv=0.2195 conf=3.1647 grad_norm=4.9329 tensors_with_grad=69/72
[train] step 130: T=1463 positions=16 loss=1.1053 ce=2.1846 tv=0.3344 conf=4.6070 grad_norm=3.9488 tensors_with_grad=69/72
[train] step 131: T=2174 positions=16 loss=2.0593 ce=3.6389 tv=0.5323 conf=5.0728 grad_norm=5.3690 tensors_with_grad=69/72
[train] step 132: T=1088 positions=16 loss=1.2303 ce=2.1190 tv=0.3770 conf=3.2485 grad_norm=5.7929 tensors_with_grad=69/72
[train] step 133: T=1049 positions=16 loss=1.2928 ce=2.3466 tv=0.3970 conf=1.8063 grad_norm=9.1760 tensors_with_grad=69/72
[train] step 134: T=1222 positions=16 loss=1.7724 ce=3.1434 tv=0.5520 conf=4.1330 grad_norm=4.7938 tensors_with_grad=69/72
[train] step 135: T=1038 positions=16 loss=1.4474 ce=2.1828 tv=0.4385 conf=1.8217 grad_norm=9.4764 tensors_with_grad=69/72
[train] step 136: T=1488 positions=16 loss=0.9891 ce=1.7441 tv=0.2391 conf=1.9475 grad_norm=4.2334 tensors_with_grad=69/72
[train] step 137: T=1360 positions=16 loss=1.5792 ce=2.9805 tv=0.4167 conf=2.5404 grad_norm=8.0899 tensors_with_grad=69/72
[train] step 138: T=1130 positions=16 loss=0.4331 ce=1.4275 tv=0.2476 conf=4.3593 grad_norm=3.9241 tensors_with_grad=69/72
[train] step 139: T=1053 positions=16 loss=0.9857 ce=1.7310 tv=0.3802 conf=3.7380 grad_norm=7.2421 tensors_with_grad=69/72
[train] step 140: T=1064 positions=16 loss=0.4687 ce=0.7558 tv=0.1775 conf=2.2743 grad_norm=2.4943 tensors_with_grad=69/72
[train] step 141: T=1193 positions=16 loss=1.1243 ce=1.8802 tv=0.3376 conf=1.8156 grad_norm=5.9079 tensors_with_grad=69/72
[train] step 142: T=1102 positions=16 loss=0.5513 ce=1.8927 tv=0.2617 conf=2.7851 grad_norm=4.1690 tensors_with_grad=69/72
[train] step 143: T=1041 positions=16 loss=0.2838 ce=0.4961 tv=0.1245 conf=3.8706 grad_norm=2.3377 tensors_with_grad=69/72
[train] step 144: T=1114 positions=16 loss=0.2662 ce=1.0096 tv=0.2353 conf=6.8770 grad_norm=4.3508 tensors_with_grad=69/72
[train] step 145: T=1105 positions=16 loss=0.3551 ce=0.7855 tv=0.2186 conf=5.5019 grad_norm=3.0174 tensors_with_grad=69/72
[train] step 146: T=1091 positions=16 loss=0.0861 ce=0.2528 tv=0.1158 conf=6.9700 grad_norm=1.4355 tensors_with_grad=69/72
[train] step 147: T=1071 positions=16 loss=0.6839 ce=1.2769 tv=0.2831 conf=4.8616 grad_norm=4.3176 tensors_with_grad=69/72
[train] step 148: T=1059 positions=16 loss=0.2409 ce=0.5771 tv=0.2126 conf=4.6539 grad_norm=9.9977 tensors_with_grad=69/72
[train] step 149: T=1041 positions=16 loss=0.9476 ce=1.9609 tv=0.3365 conf=4.6978 grad_norm=2.7349 tensors_with_grad=69/72
[train] step 150: T=1427 positions=16 loss=1.2268 ce=2.1737 tv=0.3148 conf=5.1267 grad_norm=4.5667 tensors_with_grad=69/72
[train] step 151: T=1468 positions=16 loss=1.1731 ce=2.2901 tv=0.2883 conf=1.8638 grad_norm=3.6130 tensors_with_grad=69/72
[train] step 152: T=1232 positions=16 loss=1.3156 ce=2.2685 tv=0.4615 conf=3.3040 grad_norm=5.0291 tensors_with_grad=69/72
[train] step 153: T=1097 positions=16 loss=0.8025 ce=1.5644 tv=0.3828 conf=5.3360 grad_norm=4.0392 tensors_with_grad=69/72
[train] step 154: T=1061 positions=16 loss=0.5295 ce=1.0411 tv=0.2814 conf=4.0597 grad_norm=4.6758 tensors_with_grad=69/72
[train] step 155: T=1071 positions=16 loss=0.8056 ce=2.1035 tv=0.3414 conf=4.8289 grad_norm=5.6512 tensors_with_grad=69/72
[train] step 156: T=1036 positions=16 loss=0.4964 ce=1.5167 tv=0.2213 conf=2.6699 grad_norm=4.6883 tensors_with_grad=69/72
[train] step 157: T=1062 positions=16 loss=0.4825 ce=1.1545 tv=0.2407 conf=2.2503 grad_norm=3.3894 tensors_with_grad=69/72
[train] step 158: T=1090 positions=16 loss=0.3643 ce=0.6767 tv=0.1745 conf=3.4199 grad_norm=4.8098 tensors_with_grad=69/72
[train] step 159: T=1046 positions=16 loss=0.1134 ce=0.3539 tv=0.1201 conf=1.1713 grad_norm=1.7717 tensors_with_grad=69/72
[train] step 160: T=1038 positions=16 loss=0.2345 ce=0.3520 tv=0.1313 conf=0.4816 grad_norm=1.5388 tensors_with_grad=69/72
[train] step 161: T=1068 positions=16 loss=0.4228 ce=0.7775 tv=0.1568 conf=3.9685 grad_norm=3.6048 tensors_with_grad=69/72
[train] step 162: T=1087 positions=16 loss=0.2865 ce=0.5458 tv=0.1072 conf=1.9896 grad_norm=1.6495 tensors_with_grad=69/72
[train] step 163: T=1532 positions=16 loss=1.3255 ce=2.0873 tv=0.3359 conf=4.9620 grad_norm=5.7204 tensors_with_grad=69/72
[train] step 164: T=1048 positions=16 loss=0.9582 ce=1.3953 tv=0.3488 conf=2.3966 grad_norm=3.9587 tensors_with_grad=69/72
[train] step 165: T=1222 positions=16 loss=1.0178 ce=1.9013 tv=0.3496 conf=3.8863 grad_norm=3.6565 tensors_with_grad=69/72
[train] step 166: T=1085 positions=16 loss=1.1037 ce=1.9554 tv=0.3642 conf=4.7632 grad_norm=4.8937 tensors_with_grad=69/72
[train] step 167: T=1050 positions=16 loss=0.1696 ce=0.3558 tv=0.1187 conf=1.4795 grad_norm=2.0747 tensors_with_grad=69/72
[train] step 168: T=2072 positions=16 loss=1.5916 ce=3.0589 tv=0.4081 conf=3.1029 grad_norm=12.7221 tensors_with_grad=69/72
[train] step 169: T=1062 positions=16 loss=0.2334 ce=0.5002 tv=0.1943 conf=5.9545 grad_norm=2.7080 tensors_with_grad=69/72
[train] step 170: T=1070 positions=16 loss=0.3831 ce=0.8950 tv=0.1779 conf=3.8296 grad_norm=3.0232 tensors_with_grad=69/72
[train] step 171: T=1425 positions=16 loss=0.9504 ce=1.7441 tv=0.2775 conf=5.0170 grad_norm=3.6451 tensors_with_grad=69/72
[train] step 172: T=1090 positions=16 loss=0.3608 ce=0.6349 tv=0.1726 conf=4.4010 grad_norm=11.6569 tensors_with_grad=69/72
[train] step 173: T=2304 positions=16 loss=0.7550 ce=1.7680 tv=0.3356 conf=8.2990 grad_norm=4.3775 tensors_with_grad=69/72
[train] step 174: T=1068 positions=16 loss=0.1042 ce=0.3232 tv=0.1195 conf=5.4148 grad_norm=1.9983 tensors_with_grad=69/72
[train] step 175: T=1064 positions=16 loss=1.1992 ce=2.7336 tv=0.4392 conf=6.7674 grad_norm=13.0199 tensors_with_grad=69/72
[train] step 176: T=1039 positions=16 loss=0.2660 ce=0.5070 tv=0.0739 conf=1.0261 grad_norm=2.2363 tensors_with_grad=69/72
[train] step 177: T=1720 positions=16 loss=1.5538 ce=3.0467 tv=0.3956 conf=6.2835 grad_norm=7.0610 tensors_with_grad=69/72
[train] step 178: T=1089 positions=16 loss=0.1366 ce=0.2987 tv=0.0783 conf=3.1721 grad_norm=1.1549 tensors_with_grad=69/72
[train] step 179: T=1071 positions=16 loss=0.2172 ce=0.5962 tv=0.1639 conf=4.8672 grad_norm=5.2922 tensors_with_grad=69/72
[train] step 180: T=1082 positions=16 loss=0.2343 ce=0.4797 tv=0.1484 conf=5.9695 grad_norm=2.4776 tensors_with_grad=69/72
[train] step 181: T=1038 positions=16 loss=0.9228 ce=1.5391 tv=0.3596 conf=5.2691 grad_norm=4.0081 tensors_with_grad=69/72
[train] step 182: T=2078 positions=16 loss=1.3364 ce=2.4154 tv=0.3174 conf=2.9291 grad_norm=3.4182 tensors_with_grad=69/72
[train] step 183: T=1090 positions=16 loss=0.3524 ce=0.6496 tv=0.1977 conf=4.8170 grad_norm=3.0399 tensors_with_grad=69/72
[train] step 184: T=1058 positions=16 loss=1.0756 ce=1.8904 tv=0.3823 conf=3.0856 grad_norm=3.9519 tensors_with_grad=69/72
[train] step 185: T=1050 positions=16 loss=0.4273 ce=0.8708 tv=0.1442 conf=1.8640 grad_norm=2.7085 tensors_with_grad=69/72
[train] step 186: T=1109 positions=16 loss=0.2602 ce=0.5131 tv=0.1454 conf=3.7831 grad_norm=2.1475 tensors_with_grad=69/72
[train] step 187: T=1060 positions=16 loss=0.1029 ce=0.2112 tv=0.1065 conf=4.0494 grad_norm=1.2595 tensors_with_grad=69/72
[train] step 188: T=1161 positions=16 loss=0.7099 ce=1.3751 tv=0.3589 conf=3.5831 grad_norm=3.6276 tensors_with_grad=69/72
[train] step 189: T=1067 positions=16 loss=0.2057 ce=0.3459 tv=0.1211 conf=3.5226 grad_norm=4.7968 tensors_with_grad=69/72
[train] step 190: T=1524 positions=16 loss=0.7061 ce=1.6425 tv=0.1859 conf=3.0416 grad_norm=3.0266 tensors_with_grad=69/72
[train] step 191: T=1043 positions=16 loss=0.3873 ce=0.6352 tv=0.1828 conf=2.7285 grad_norm=3.2909 tensors_with_grad=69/72
[train] step 192: T=1044 positions=16 loss=0.6758 ce=1.4056 tv=0.2688 conf=4.0862 grad_norm=4.0399 tensors_with_grad=69/72
[train] step 193: T=1045 positions=16 loss=0.4451 ce=0.7589 tv=0.1687 conf=2.4305 grad_norm=5.9884 tensors_with_grad=69/72
[train] step 194: T=1623 positions=16 loss=0.8669 ce=1.4173 tv=0.2207 conf=2.0878 grad_norm=5.1774 tensors_with_grad=69/72
[train] step 195: T=1557 positions=16 loss=1.8291 ce=3.5792 tv=0.5118 conf=6.5319 grad_norm=7.6673 tensors_with_grad=69/72
[train] step 196: T=1495 positions=16 loss=0.6990 ce=1.3921 tv=0.2704 conf=6.1757 grad_norm=4.6519 tensors_with_grad=69/72
[train] step 197: T=1114 positions=16 loss=0.2081 ce=0.4116 tv=0.0914 conf=2.7585 grad_norm=2.3924 tensors_with_grad=69/72
[train] step 198: T=1638 positions=16 loss=1.0183 ce=1.6617 tv=0.2875 conf=2.7610 grad_norm=7.4382 tensors_with_grad=69/72
[train] step 199: T=1111 positions=16 loss=0.4181 ce=0.8218 tv=0.1259 conf=1.2668 grad_norm=2.2550 tensors_with_grad=69/72
[train] step 200: T=1056 positions=16 loss=0.5393 ce=0.8560 tv=0.2149 conf=1.9044 grad_norm=6.3146 tensors_with_grad=69/72
[train] step 201: T=1233 positions=16 loss=0.4635 ce=0.8978 tv=0.2433 conf=4.2348 grad_norm=4.5327 tensors_with_grad=69/72
[train] step 202: T=1222 positions=16 loss=1.3235 ce=2.1549 tv=0.4548 conf=3.7953 grad_norm=6.7248 tensors_with_grad=69/72
[train] step 203: T=1047 positions=16 loss=0.6925 ce=1.2424 tv=0.2531 conf=2.4049 grad_norm=3.8168 tensors_with_grad=69/72
[train] step 204: T=1137 positions=16 loss=0.3899 ce=1.0629 tv=0.2799 conf=6.5162 grad_norm=9.9896 tensors_with_grad=69/72
[train] step 205: T=2229 positions=16 loss=2.2234 ce=3.9728 tv=0.5304 conf=3.4441 grad_norm=10.5535 tensors_with_grad=69/72
[train] step 206: T=1076 positions=16 loss=1.1942 ce=2.8396 tv=0.4452 conf=5.3278 grad_norm=15.8849 tensors_with_grad=69/72
[train] step 207: T=1112 positions=16 loss=0.5808 ce=0.9125 tv=0.2244 conf=3.1809 grad_norm=3.9776 tensors_with_grad=69/72
[train] step 208: T=1405 positions=16 loss=1.3041 ce=2.6821 tv=0.4011 conf=4.9303 grad_norm=3.5365 tensors_with_grad=69/72
[train] step 209: T=1577 positions=16 loss=0.6817 ce=1.4771 tv=0.2723 conf=6.0790 grad_norm=2.0807 tensors_with_grad=69/72
[train] step 210: T=1175 positions=16 loss=0.3045 ce=0.5856 tv=0.1543 conf=3.8511 grad_norm=2.1032 tensors_with_grad=69/72
[train] step 211: T=1221 positions=16 loss=1.7647 ce=3.0583 tv=0.5343 conf=3.8403 grad_norm=5.1486 tensors_with_grad=69/72
[train] step 212: T=1099 positions=16 loss=0.3545 ce=0.9682 tv=0.2422 conf=4.6704 grad_norm=4.5560 tensors_with_grad=69/72
[train] step 213: T=1690 positions=16 loss=1.2382 ce=2.0181 tv=0.3815 conf=3.8293 grad_norm=5.8771 tensors_with_grad=69/72
[train] step 214: T=1459 positions=16 loss=0.8526 ce=1.7876 tv=0.2698 conf=2.7071 grad_norm=4.0899 tensors_with_grad=69/72
[train] step 215: T=1209 positions=16 loss=0.4883 ce=0.8494 tv=0.1504 conf=1.7591 grad_norm=3.1751 tensors_with_grad=69/72
[train] step 216: T=1043 positions=16 loss=0.7410 ce=1.8861 tv=0.2809 conf=2.6746 grad_norm=7.2810 tensors_with_grad=69/72
[train] step 217: T=1038 positions=16 loss=0.8359 ce=1.4817 tv=0.2807 conf=2.4783 grad_norm=6.5669 tensors_with_grad=69/72
[train] step 218: T=2304 positions=16 loss=1.7681 ce=3.3013 tv=0.4549 conf=5.8913 grad_norm=5.6105 tensors_with_grad=69/72
[train] step 219: T=1097 positions=16 loss=0.1123 ce=0.1943 tv=0.0787 conf=1.4170 grad_norm=2.1705 tensors_with_grad=69/72
[train] step 220: T=1045 positions=16 loss=0.3244 ce=0.6703 tv=0.0767 conf=1.7621 grad_norm=1.9897 tensors_with_grad=69/72
[train] step 221: T=1065 positions=16 loss=0.5929 ce=1.3502 tv=0.3164 conf=5.4666 grad_norm=6.2857 tensors_with_grad=69/72
[train] step 222: T=1080 positions=16 loss=1.3725 ce=2.5537 tv=0.4206 conf=3.2377 grad_norm=13.5333 tensors_with_grad=69/72
[train] step 223: T=1321 positions=16 loss=0.7739 ce=1.2823 tv=0.1922 conf=2.1791 grad_norm=1.8979 tensors_with_grad=69/72
[train] step 224: T=1063 positions=16 loss=0.3127 ce=0.5275 tv=0.2022 conf=3.8171 grad_norm=3.4793 tensors_with_grad=69/72
[train] step 225: T=1098 positions=16 loss=0.3691 ce=0.7272 tv=0.1076 conf=2.3130 grad_norm=1.4820 tensors_with_grad=69/72
[train] step 226: T=1480 positions=16 loss=1.2148 ce=2.2480 tv=0.2583 conf=2.5195 grad_norm=6.5064 tensors_with_grad=69/72
[train] step 227: T=1177 positions=16 loss=0.2590 ce=0.6137 tv=0.0937 conf=1.1171 grad_norm=1.5226 tensors_with_grad=69/72
[train] step 228: T=1272 positions=16 loss=1.0168 ce=1.9224 tv=0.3577 conf=4.4275 grad_norm=4.4928 tensors_with_grad=69/72
[train] step 229: T=1071 positions=16 loss=1.1627 ce=2.5599 tv=0.3706 conf=3.8652 grad_norm=8.1555 tensors_with_grad=69/72
[train] step 230: T=1109 positions=16 loss=0.7689 ce=1.5664 tv=0.2713 conf=3.4207 grad_norm=5.5374 tensors_with_grad=69/72
[train] step 231: T=1090 positions=16 loss=1.4764 ce=2.5455 tv=0.4362 conf=3.8200 grad_norm=5.0267 tensors_with_grad=69/72
[train] step 232: T=1042 positions=16 loss=2.5881 ce=4.6380 tv=0.6061 conf=2.6914 grad_norm=14.3013 tensors_with_grad=69/72
[train] step 233: T=1038 positions=16 loss=1.0450 ce=1.8946 tv=0.4087 conf=3.5400 grad_norm=6.8368 tensors_with_grad=69/72
[train] step 234: T=1038 positions=16 loss=0.3977 ce=0.9984 tv=0.1896 conf=4.1942 grad_norm=5.9152 tensors_with_grad=69/72
[train] step 235: T=1617 positions=16 loss=1.1886 ce=2.0664 tv=0.2890 conf=3.0539 grad_norm=4.3202 tensors_with_grad=69/72
[train] step 236: T=1046 positions=16 loss=0.2513 ce=0.4568 tv=0.1270 conf=2.4639 grad_norm=2.3666 tensors_with_grad=69/72
[train] step 237: T=1105 positions=16 loss=0.5787 ce=1.0839 tv=0.2053 conf=1.7322 grad_norm=5.1133 tensors_with_grad=69/72
[train] step 238: T=1065 positions=16 loss=0.8640 ce=1.5783 tv=0.2785 conf=3.2315 grad_norm=6.2743 tensors_with_grad=69/72
[train] step 239: T=1112 positions=16 loss=0.8948 ce=1.7170 tv=0.2934 conf=2.8219 grad_norm=6.8476 tensors_with_grad=69/72
[train] step 240: T=1055 positions=16 loss=0.2136 ce=0.5670 tv=0.1675 conf=4.7391 grad_norm=2.6142 tensors_with_grad=69/72
[train] step 241: T=1062 positions=16 loss=0.1427 ce=0.2490 tv=0.1369 conf=4.3279 grad_norm=5.4425 tensors_with_grad=69/72
[train] step 242: T=1945 positions=16 loss=1.2900 ce=2.4200 tv=0.3286 conf=4.1173 grad_norm=5.8027 tensors_with_grad=69/72
[train] step 243: T=1085 positions=16 loss=0.4074 ce=0.8714 tv=0.1225 conf=2.9332 grad_norm=2.9976 tensors_with_grad=69/72
[train] step 244: T=1061 positions=16 loss=0.8910 ce=2.3712 tv=0.3796 conf=6.0524 grad_norm=10.2624 tensors_with_grad=69/72
[train] step 245: T=1745 positions=16 loss=1.4169 ce=2.3759 tv=0.3769 conf=6.4340 grad_norm=6.2248 tensors_with_grad=69/72
[train] step 246: T=1048 positions=16 loss=1.5183 ce=2.7859 tv=0.4796 conf=5.2599 grad_norm=4.5122 tensors_with_grad=69/72
[train] step 247: T=1044 positions=16 loss=0.6624 ce=1.4413 tv=0.2813 conf=4.8700 grad_norm=4.0217 tensors_with_grad=69/72
[train] step 248: T=1591 positions=16 loss=1.2986 ce=2.5895 tv=0.4283 conf=4.7982 grad_norm=5.7728 tensors_with_grad=69/72
[train] step 249: T=1471 positions=16 loss=0.7178 ce=1.3260 tv=0.2294 conf=3.7903 grad_norm=3.2962 tensors_with_grad=69/72
[train] step 250: T=1123 positions=16 loss=0.6052 ce=1.2038 tv=0.2569 conf=3.2646 grad_norm=5.8092 tensors_with_grad=69/72
[train] step 251: T=1042 positions=16 loss=0.2248 ce=0.5712 tv=0.1081 conf=2.5142 grad_norm=2.4669 tensors_with_grad=69/72
[train] step 252: T=1332 positions=16 loss=0.7847 ce=1.5235 tv=0.2427 conf=5.0387 grad_norm=2.6815 tensors_with_grad=69/72
[train] step 253: T=1054 positions=16 loss=0.3162 ce=0.8619 tv=0.1930 conf=5.2520 grad_norm=5.2945 tensors_with_grad=69/72
[train] step 254: T=1147 positions=16 loss=0.7010 ce=1.4094 tv=0.3286 conf=6.0443 grad_norm=3.6000 tensors_with_grad=69/72
[train] step 255: T=1497 positions=16 loss=1.6047 ce=2.7517 tv=0.4395 conf=3.8931 grad_norm=4.9227 tensors_with_grad=69/72
[train] step 256: T=1100 positions=16 loss=0.2492 ce=0.4442 tv=0.1874 conf=5.7857 grad_norm=4.4043 tensors_with_grad=69/72
[train] step 257: T=1533 positions=16 loss=1.2829 ce=2.0812 tv=0.3143 conf=1.9717 grad_norm=9.3235 tensors_with_grad=69/72
[train] step 258: T=1052 positions=16 loss=0.2790 ce=0.5331 tv=0.1545 conf=3.1929 grad_norm=5.8296 tensors_with_grad=69/72
[train] step 259: T=1077 positions=16 loss=1.1986 ce=2.5194 tv=0.4510 conf=6.0111 grad_norm=12.0546 tensors_with_grad=69/72
[train] step 260: T=1118 positions=16 loss=0.3425 ce=0.7743 tv=0.2385 conf=7.8052 grad_norm=3.8062 tensors_with_grad=69/72
[train] step 261: T=1041 positions=16 loss=0.3501 ce=0.7467 tv=0.1605 conf=4.9746 grad_norm=3.5910 tensors_with_grad=69/72
[train] step 262: T=1105 positions=16 loss=0.4023 ce=1.0897 tv=0.2294 conf=4.8573 grad_norm=3.1075 tensors_with_grad=69/72
[train] step 263: T=1068 positions=16 loss=0.1294 ce=0.2911 tv=0.1458 conf=7.2706 grad_norm=3.0340 tensors_with_grad=69/72
[train] step 264: T=1047 positions=16 loss=0.1943 ce=0.5952 tv=0.1527 conf=2.7765 grad_norm=2.0710 tensors_with_grad=69/72
[train] step 265: T=1041 positions=16 loss=1.1995 ce=2.0616 tv=0.4629 conf=7.0162 grad_norm=7.5626 tensors_with_grad=69/72
[train] step 266: T=1101 positions=16 loss=0.1022 ce=0.2729 tv=0.1135 conf=3.7794 grad_norm=6.0337 tensors_with_grad=69/72
[train] step 267: T=1038 positions=16 loss=0.7865 ce=1.3056 tv=0.3779 conf=4.9757 grad_norm=4.0721 tensors_with_grad=69/72
[train] step 268: T=1215 positions=16 loss=1.2776 ce=2.4460 tv=0.4108 conf=5.2154 grad_norm=6.7069 tensors_with_grad=69/72
[train] step 269: T=1072 positions=16 loss=0.2056 ce=0.8975 tv=0.1253 conf=5.3065 grad_norm=2.1227 tensors_with_grad=69/72
[train] step 270: T=1565 positions=16 loss=1.1794 ce=2.0551 tv=0.2694 conf=3.5357 grad_norm=6.3396 tensors_with_grad=69/72
[train] step 271: T=1097 positions=16 loss=0.0742 ce=0.1936 tv=0.0594 conf=3.1590 grad_norm=0.5949 tensors_with_grad=69/72
[train] step 272: T=1906 positions=16 loss=1.5892 ce=2.6772 tv=0.3676 conf=2.7339 grad_norm=3.4050 tensors_with_grad=69/72
[train] step 273: T=1082 positions=16 loss=0.6170 ce=1.2619 tv=0.2890 conf=5.8566 grad_norm=10.1919 tensors_with_grad=69/72
[train] step 274: T=2084 positions=16 loss=1.1574 ce=2.0098 tv=0.2620 conf=4.3687 grad_norm=5.2609 tensors_with_grad=69/72
[train] step 275: T=1109 positions=16 loss=0.3392 ce=0.9826 tv=0.1916 conf=3.6062 grad_norm=2.5436 tensors_with_grad=69/72
[train] step 276: T=1486 positions=16 loss=0.9751 ce=1.6821 tv=0.3125 conf=3.7580 grad_norm=4.8122 tensors_with_grad=69/72
[train] step 277: T=1040 positions=16 loss=1.1610 ce=2.2985 tv=0.3500 conf=4.8440 grad_norm=7.6521 tensors_with_grad=69/72
[train] step 278: T=2247 positions=16 loss=1.6280 ce=2.9306 tv=0.3746 conf=4.3342 grad_norm=4.3073 tensors_with_grad=69/72
[train] step 279: T=1086 positions=16 loss=0.6133 ce=1.0586 tv=0.1737 conf=1.6331 grad_norm=5.1830 tensors_with_grad=69/72
[train] step 280: T=1043 positions=16 loss=0.3224 ce=0.7286 tv=0.2142 conf=2.6468 grad_norm=5.4643 tensors_with_grad=69/72
[train] step 281: T=1044 positions=16 loss=0.8810 ce=1.5282 tv=0.3305 conf=4.2122 grad_norm=2.9458 tensors_with_grad=69/72
[train] step 282: T=1532 positions=16 loss=0.6525 ce=1.2833 tv=0.2870 conf=4.2315 grad_norm=4.8926 tensors_with_grad=69/72
[train] step 283: T=1460 positions=16 loss=0.5832 ce=1.1899 tv=0.1673 conf=2.5873 grad_norm=2.8828 tensors_with_grad=69/72
[train] step 284: T=1128 positions=16 loss=0.3024 ce=0.7068 tv=0.2022 conf=4.2473 grad_norm=3.3518 tensors_with_grad=69/72
[train] step 285: T=1099 positions=16 loss=0.1262 ce=0.2940 tv=0.1306 conf=8.5696 grad_norm=3.4837 tensors_with_grad=69/72
[train] step 286: T=1046 positions=16 loss=0.6570 ce=1.1995 tv=0.2364 conf=4.9122 grad_norm=4.2527 tensors_with_grad=69/72
[train] step 287: T=1875 positions=16 loss=1.5888 ce=3.3342 tv=0.3614 conf=5.3964 grad_norm=5.1708 tensors_with_grad=69/72
[train] step 288: T=2212 positions=16 loss=0.9951 ce=1.9432 tv=0.2983 conf=2.9626 grad_norm=3.1773 tensors_with_grad=69/72
[train] step 289: T=1145 positions=16 loss=0.5464 ce=1.4628 tv=0.2292 conf=6.0372 grad_norm=4.4316 tensors_with_grad=69/72
[train] step 290: T=1064 positions=16 loss=0.5617 ce=1.1212 tv=0.2322 conf=5.4583 grad_norm=6.5320 tensors_with_grad=69/72
[train] step 291: T=1228 positions=16 loss=1.3834 ce=2.2653 tv=0.5134 conf=5.5214 grad_norm=3.4999 tensors_with_grad=69/72
[train] step 292: T=1194 positions=16 loss=1.3210 ce=2.1691 tv=0.4357 conf=3.4761 grad_norm=6.3064 tensors_with_grad=69/72
[train] step 293: T=1036 positions=16 loss=0.3455 ce=0.7916 tv=0.1505 conf=2.1631 grad_norm=3.5284 tensors_with_grad=69/72
[train] step 294: T=1041 positions=16 loss=0.6632 ce=1.0405 tv=0.2399 conf=3.5158 grad_norm=7.1245 tensors_with_grad=69/72
[train] step 295: T=1196 positions=16 loss=1.0979 ce=2.0172 tv=0.4245 conf=6.9217 grad_norm=3.1626 tensors_with_grad=69/72
[train] step 296: T=1068 positions=16 loss=0.2337 ce=0.4629 tv=0.0986 conf=2.0778 grad_norm=1.1275 tensors_with_grad=69/72
[train] step 297: T=1420 positions=16 loss=0.7195 ce=1.1508 tv=0.1910 conf=3.0141 grad_norm=2.8341 tensors_with_grad=69/72
[train] step 298: T=1474 positions=16 loss=0.7099 ce=1.1793 tv=0.1858 conf=1.9888 grad_norm=3.8625 tensors_with_grad=69/72
[train] step 299: T=1259 positions=16 loss=0.1437 ce=0.3606 tv=0.1031 conf=4.7791 grad_norm=2.6026 tensors_with_grad=69/72
[train] step 300: T=1077 positions=16 loss=0.1712 ce=0.5921 tv=0.1773 conf=4.9539 grad_norm=2.4040 tensors_with_grad=69/72
[train] step 301: T=1439 positions=16 loss=1.8208 ce=3.5239 tv=0.5240 conf=4.4695 grad_norm=4.4869 tensors_with_grad=69/72
[train] step 302: T=1412 positions=16 loss=1.9384 ce=3.3144 tv=0.4966 conf=6.4098 grad_norm=12.3812 tensors_with_grad=69/72
[train] step 303: T=1045 positions=16 loss=0.2460 ce=0.7152 tv=0.2027 conf=7.0255 grad_norm=3.6427 tensors_with_grad=69/72
[train] step 304: T=1536 positions=16 loss=1.2325 ce=2.3060 tv=0.3335 conf=6.9889 grad_norm=4.5195 tensors_with_grad=69/72
[train] step 305: T=1045 positions=16 loss=0.5192 ce=1.2149 tv=0.2754 conf=5.0975 grad_norm=4.9342 tensors_with_grad=69/72
[train] step 306: T=1062 positions=16 loss=0.4194 ce=0.8249 tv=0.1701 conf=3.5328 grad_norm=5.7339 tensors_with_grad=69/72
[train] step 307: T=1093 positions=16 loss=0.4675 ce=0.9767 tv=0.2158 conf=4.2795 grad_norm=6.0546 tensors_with_grad=69/72
[train] step 308: T=1103 positions=16 loss=0.2110 ce=0.4534 tv=0.1534 conf=3.3811 grad_norm=2.5230 tensors_with_grad=69/72
[train] step 309: T=1044 positions=16 loss=2.0097 ce=3.2851 tv=0.5634 conf=4.0210 grad_norm=13.5441 tensors_with_grad=69/72
[train] step 310: T=1240 positions=16 loss=0.5551 ce=0.9596 tv=0.1343 conf=1.1126 grad_norm=6.9657 tensors_with_grad=69/72
[train] step 311: T=1041 positions=16 loss=0.5004 ce=1.2218 tv=0.1926 conf=2.2940 grad_norm=3.7281 tensors_with_grad=69/72
[train] step 312: T=1970 positions=16 loss=1.7913 ce=3.3995 tv=0.3640 conf=3.6332 grad_norm=4.0422 tensors_with_grad=69/72
[train] step 313: T=1100 positions=16 loss=0.1490 ce=0.1678 tv=0.0611 conf=0.6281 grad_norm=3.0350 tensors_with_grad=69/72
[train] step 314: T=1231 positions=16 loss=1.3374 ce=2.4141 tv=0.4279 conf=4.0630 grad_norm=9.5451 tensors_with_grad=69/72
[train] step 315: T=2157 positions=16 loss=1.7038 ce=3.3122 tv=0.4008 conf=4.3919 grad_norm=5.6016 tensors_with_grad=69/72
[train] step 316: T=1040 positions=16 loss=0.1761 ce=0.4475 tv=0.1401 conf=3.6070 grad_norm=2.0368 tensors_with_grad=69/72
[train] step 317: T=1224 positions=16 loss=1.0099 ce=1.8991 tv=0.4269 conf=4.6955 grad_norm=3.9724 tensors_with_grad=69/72
[train] step 318: T=1560 positions=16 loss=0.7773 ce=1.5673 tv=0.3004 conf=3.0545 grad_norm=4.6704 tensors_with_grad=69/72
[train] step 319: T=1224 positions=16 loss=0.8856 ce=1.5286 tv=0.2485 conf=1.5179 grad_norm=4.6135 tensors_with_grad=69/72
[train] step 320: T=1106 positions=16 loss=1.0116 ce=2.4051 tv=0.2582 conf=1.9384 grad_norm=4.5697 tensors_with_grad=69/72
[train] step 321: T=1066 positions=16 loss=0.0149 ce=0.0760 tv=0.0643 conf=4.8062 grad_norm=0.8444 tensors_with_grad=69/72
[train] step 322: T=1040 positions=16 loss=1.0034 ce=1.8073 tv=0.2895 conf=3.5467 grad_norm=5.0528 tensors_with_grad=69/72
[train] step 323: T=1500 positions=16 loss=1.0704 ce=1.7377 tv=0.3159 conf=2.7989 grad_norm=5.8541 tensors_with_grad=69/72
[train] step 324: T=1074 positions=16 loss=0.1511 ce=0.4563 tv=0.1731 conf=4.1230 grad_norm=2.6484 tensors_with_grad=69/72
[train] step 325: T=1059 positions=16 loss=0.1481 ce=0.3675 tv=0.1226 conf=5.6954 grad_norm=1.9896 tensors_with_grad=69/72
[train] step 326: T=1056 positions=16 loss=0.6004 ce=1.0746 tv=0.2335 conf=2.9101 grad_norm=4.6026 tensors_with_grad=69/72
[train] step 327: T=1054 positions=16 loss=0.7231 ce=1.4517 tv=0.2220 conf=1.2294 grad_norm=10.5120 tensors_with_grad=69/72
[train] step 328: T=1610 positions=16 loss=1.1854 ce=2.5222 tv=0.3481 conf=4.4128 grad_norm=4.4860 tensors_with_grad=69/72
[train] step 329: T=1200 positions=16 loss=1.5477 ce=2.3409 tv=0.5117 conf=3.6098 grad_norm=8.2700 tensors_with_grad=69/72
[train] step 330: T=1108 positions=16 loss=0.5200 ce=1.3044 tv=0.2650 conf=3.9144 grad_norm=5.5252 tensors_with_grad=69/72
[train] step 331: T=1570 positions=16 loss=0.9550 ce=1.7350 tv=0.2724 conf=2.7971 grad_norm=4.6327 tensors_with_grad=69/72
[train] step 332: T=1202 positions=16 loss=1.1388 ce=2.0462 tv=0.4426 conf=4.9271 grad_norm=10.0915 tensors_with_grad=69/72
[train] step 333: T=1405 positions=16 loss=1.3628 ce=2.7213 tv=0.3705 conf=5.0774 grad_norm=3.6915 tensors_with_grad=69/72
[train] step 334: T=1058 positions=16 loss=0.2016 ce=0.4882 tv=0.1328 conf=4.3441 grad_norm=5.1544 tensors_with_grad=69/72
[train] step 335: T=1082 positions=16 loss=0.2828 ce=0.4084 tv=0.0898 conf=1.2387 grad_norm=1.9616 tensors_with_grad=69/72
[train] step 336: T=1091 positions=16 loss=0.2341 ce=0.8030 tv=0.1979 conf=6.6616 grad_norm=2.7664 tensors_with_grad=69/72
[train] step 337: T=1719 positions=16 loss=1.1981 ce=2.3954 tv=0.2766 conf=3.9843 grad_norm=3.2251 tensors_with_grad=69/72
[train] step 338: T=1041 positions=16 loss=0.4390 ce=0.7286 tv=0.1927 conf=3.5962 grad_norm=6.5037 tensors_with_grad=69/72
[train] step 339: T=1045 positions=16 loss=0.1654 ce=0.3484 tv=0.0966 conf=3.1799 grad_norm=2.3236 tensors_with_grad=69/72
[train] step 340: T=1089 positions=16 loss=0.9735 ce=1.4916 tv=0.3257 conf=3.8217 grad_norm=6.1333 tensors_with_grad=69/72
[train] step 341: T=1378 positions=16 loss=1.1271 ce=2.3023 tv=0.2092 conf=2.0862 grad_norm=4.7273 tensors_with_grad=69/72
[train] step 342: T=1210 positions=16 loss=1.2798 ce=2.3931 tv=0.4119 conf=5.3976 grad_norm=4.9570 tensors_with_grad=69/72
[train] step 343: T=1660 positions=16 loss=1.0540 ce=2.0924 tv=0.2525 conf=6.2169 grad_norm=8.4513 tensors_with_grad=69/72
[train] step 344: T=1889 positions=16 loss=1.7195 ce=3.1048 tv=0.4507 conf=5.4846 grad_norm=4.1154 tensors_with_grad=69/72
[train] step 345: T=1867 positions=16 loss=2.1959 ce=3.9575 tv=0.5118 conf=4.1793 grad_norm=8.4039 tensors_with_grad=69/72
[train] step 346: T=1399 positions=16 loss=1.0655 ce=1.7866 tv=0.2902 conf=4.5227 grad_norm=4.2659 tensors_with_grad=69/72
[train] step 347: T=1233 positions=16 loss=1.3586 ce=2.6734 tv=0.4927 conf=6.5719 grad_norm=5.8802 tensors_with_grad=69/72
[train] step 348: T=1074 positions=16 loss=0.0056 ce=0.0782 tv=0.0761 conf=3.9045 grad_norm=0.3878 tensors_with_grad=69/72
[train] step 349: T=1500 positions=16 loss=1.0744 ce=1.8993 tv=0.2253 conf=2.9814 grad_norm=3.2256 tensors_with_grad=69/72
[train] step 350: T=1046 positions=16 loss=1.6547 ce=2.8340 tv=0.5512 conf=4.9176 grad_norm=6.6340 tensors_with_grad=69/72
[train] step 351: T=1233 positions=16 loss=1.6719 ce=2.8042 tv=0.4850 conf=5.6764 grad_norm=10.7564 tensors_with_grad=69/72
[train] step 352: T=1064 positions=16 loss=0.0522 ce=0.1746 tv=0.0639 conf=5.9326 grad_norm=0.5298 tensors_with_grad=69/72
[train] step 353: T=1061 positions=16 loss=0.2039 ce=0.3746 tv=0.1419 conf=6.3541 grad_norm=1.7746 tensors_with_grad=69/72
[train] step 354: T=1159 positions=16 loss=1.5776 ce=2.5263 tv=0.5081 conf=5.0730 grad_norm=7.6545 tensors_with_grad=69/72
[train] step 355: T=1236 positions=16 loss=1.6091 ce=3.0353 tv=0.4778 conf=5.3397 grad_norm=3.8497 tensors_with_grad=69/72
[train] step 356: T=1736 positions=16 loss=1.3490 ce=2.7282 tv=0.4255 conf=7.4755 grad_norm=5.1959 tensors_with_grad=69/72
[train] step 357: T=1521 positions=16 loss=1.2153 ce=2.0060 tv=0.2914 conf=2.1536 grad_norm=3.8850 tensors_with_grad=69/72
[train] step 358: T=1087 positions=16 loss=0.3634 ce=0.9215 tv=0.2572 conf=4.9597 grad_norm=6.9032 tensors_with_grad=69/72
[train] step 359: T=1052 positions=16 loss=0.3207 ce=0.5659 tv=0.1022 conf=2.7039 grad_norm=1.6953 tensors_with_grad=69/72
[train] step 360: T=1051 positions=16 loss=0.3422 ce=0.8057 tv=0.1525 conf=3.8423 grad_norm=8.1209 tensors_with_grad=69/72
[train] step 361: T=1075 positions=16 loss=0.3158 ce=1.0650 tv=0.2282 conf=9.7880 grad_norm=8.2863 tensors_with_grad=69/72
[train] step 362: T=1240 positions=16 loss=1.1565 ce=2.1663 tv=0.4229 conf=5.8897 grad_norm=6.1269 tensors_with_grad=69/72
[train] step 363: T=1075 positions=16 loss=0.2417 ce=1.0593 tv=0.2483 conf=6.1084 grad_norm=3.4610 tensors_with_grad=69/72
[train] step 364: T=1232 positions=16 loss=1.3267 ce=2.3331 tv=0.4500 conf=5.9274 grad_norm=6.9778 tensors_with_grad=69/72
[train] step 365: T=1097 positions=16 loss=1.3847 ce=2.7694 tv=0.4028 conf=4.6176 grad_norm=7.0772 tensors_with_grad=69/72
[train] step 366: T=1053 positions=16 loss=0.3283 ce=0.6620 tv=0.1746 conf=7.1648 grad_norm=2.3094 tensors_with_grad=69/72
[train] step 367: T=1235 positions=16 loss=0.7496 ce=1.2683 tv=0.3147 conf=5.0774 grad_norm=6.4515 tensors_with_grad=69/72
[train] step 368: T=1081 positions=16 loss=0.1707 ce=0.5760 tv=0.1386 conf=5.1983 grad_norm=1.9317 tensors_with_grad=69/72
[train] step 369: T=1118 positions=16 loss=0.3135 ce=0.6846 tv=0.1422 conf=2.3168 grad_norm=13.5314 tensors_with_grad=69/72
[train] step 370: T=1610 positions=16 loss=1.1225 ce=1.9923 tv=0.2973 conf=3.3822 grad_norm=4.8741 tensors_with_grad=69/72
[train] step 371: T=1071 positions=16 loss=0.7391 ce=1.5115 tv=0.3145 conf=6.1838 grad_norm=8.6270 tensors_with_grad=69/72
[train] step 372: T=1942 positions=16 loss=1.3566 ce=2.2537 tv=0.3358 conf=3.2445 grad_norm=6.8895 tensors_with_grad=69/72
[train] step 373: T=1067 positions=16 loss=0.5936 ce=1.2054 tv=0.2804 conf=4.1241 grad_norm=8.7541 tensors_with_grad=69/72
[train] step 374: T=1420 positions=16 loss=1.1891 ce=2.3632 tv=0.3746 conf=7.5447 grad_norm=5.3292 tensors_with_grad=69/72
[train] step 375: T=1594 positions=16 loss=1.8199 ce=3.9746 tv=0.5194 conf=7.8493 grad_norm=9.3300 tensors_with_grad=69/72
[train] step 376: T=1037 positions=16 loss=0.8266 ce=1.5014 tv=0.3015 conf=5.5510 grad_norm=6.5426 tensors_with_grad=69/72
[train] step 377: T=1471 positions=16 loss=0.9765 ce=2.0227 tv=0.3332 conf=7.9486 grad_norm=4.6401 tensors_with_grad=69/72
[train] step 378: T=1092 positions=16 loss=0.4147 ce=0.7355 tv=0.2138 conf=3.3641 grad_norm=3.5725 tensors_with_grad=69/72
[train] step 379: T=1224 positions=16 loss=2.3108 ce=3.9742 tv=0.5908 conf=4.0310 grad_norm=6.8425 tensors_with_grad=69/72
[train] step 380: T=1065 positions=16 loss=1.1560 ce=3.2073 tv=0.3982 conf=6.3680 grad_norm=9.7282 tensors_with_grad=69/72
[train] step 381: T=1081 positions=16 loss=0.5882 ce=1.1737 tv=0.2487 conf=3.1924 grad_norm=2.8582 tensors_with_grad=69/72
[train] step 382: T=1040 positions=16 loss=0.8113 ce=1.7528 tv=0.2376 conf=2.7089 grad_norm=4.6844 tensors_with_grad=69/72
[train] step 383: T=1412 positions=16 loss=0.5630 ce=1.0305 tv=0.2622 conf=4.8984 grad_norm=3.5073 tensors_with_grad=69/72
[train] step 384: T=1406 positions=16 loss=1.7101 ce=3.3556 tv=0.4547 conf=4.3673 grad_norm=8.2299 tensors_with_grad=69/72
[train] step 385: T=1062 positions=16 loss=0.4194 ce=0.8242 tv=0.2330 conf=4.0099 grad_norm=6.0951 tensors_with_grad=69/72
[train] step 386: T=1063 positions=16 loss=0.3240 ce=1.3572 tv=0.1522 conf=4.1430 grad_norm=3.6614 tensors_with_grad=69/72
[train] step 387: T=1220 positions=16 loss=0.6904 ce=1.1782 tv=0.2966 conf=3.9699 grad_norm=4.4558 tensors_with_grad=69/72
[train] step 388: T=1194 positions=16 loss=0.8515 ce=1.3839 tv=0.2123 conf=1.4332 grad_norm=4.8459 tensors_with_grad=69/72
[train] step 389: T=1047 positions=16 loss=0.1541 ce=0.2896 tv=0.0813 conf=1.8785 grad_norm=3.8451 tensors_with_grad=69/72
[train] step 390: T=2142 positions=16 loss=1.4587 ce=2.6406 tv=0.3065 conf=4.6064 grad_norm=6.4412 tensors_with_grad=69/72
[train] step 391: T=1061 positions=16 loss=0.2606 ce=0.5766 tv=0.1982 conf=4.6116 grad_norm=4.2692 tensors_with_grad=69/72
[train] step 392: T=1485 positions=16 loss=1.1809 ce=2.2538 tv=0.3741 conf=3.5356 grad_norm=5.4802 tensors_with_grad=69/72
[train] step 393: T=1332 positions=16 loss=0.7283 ce=1.3482 tv=0.2684 conf=6.9820 grad_norm=6.3160 tensors_with_grad=69/72
[train] step 394: T=1602 positions=16 loss=1.0151 ce=2.0315 tv=0.3477 conf=6.2991 grad_norm=3.6354 tensors_with_grad=69/72
[train] step 395: T=1226 positions=16 loss=0.7283 ce=1.2936 tv=0.2449 conf=5.3906 grad_norm=4.2941 tensors_with_grad=69/72
[train] step 396: T=2053 positions=16 loss=1.7411 ce=3.1118 tv=0.4630 conf=3.9302 grad_norm=6.1101 tensors_with_grad=69/72
[train] step 397: T=1446 positions=16 loss=1.3226 ce=2.6171 tv=0.2618 conf=4.3102 grad_norm=4.2793 tensors_with_grad=69/72
[train] step 398: T=2041 positions=16 loss=0.9711 ce=1.6897 tv=0.2995 conf=2.9991 grad_norm=5.0334 tensors_with_grad=69/72
[train] step 399: T=1648 positions=16 loss=1.3023 ce=2.3529 tv=0.3546 conf=4.4334 grad_norm=5.4803 tensors_with_grad=69/72
[train] step 400: T=1079 positions=16 loss=0.0348 ce=0.0980 tv=0.0734 conf=4.5507 grad_norm=0.4147 tensors_with_grad=69/72
[train] step 401: T=1072 positions=16 loss=0.0071 ce=0.0888 tv=0.0602 conf=5.3154 grad_norm=0.6440 tensors_with_grad=69/72
[train] step 402: T=1052 positions=16 loss=0.1172 ce=0.2041 tv=0.0661 conf=2.4546 grad_norm=0.8913 tensors_with_grad=69/72
[train] step 403: T=1448 positions=16 loss=1.1388 ce=2.6254 tv=0.3246 conf=6.6258 grad_norm=6.4654 tensors_with_grad=69/72
[train] step 404: T=1412 positions=16 loss=1.2304 ce=2.2599 tv=0.3917 conf=6.2585 grad_norm=5.1860 tensors_with_grad=69/72
[train] step 405: T=1098 positions=16 loss=0.1402 ce=0.3001 tv=0.1137 conf=3.7572 grad_norm=1.4727 tensors_with_grad=69/72
[train] step 406: T=1201 positions=16 loss=0.0631 ce=0.1328 tv=0.0608 conf=1.4326 grad_norm=1.3374 tensors_with_grad=69/72
[train] step 407: T=1081 positions=16 loss=0.0306 ce=0.0791 tv=0.0512 conf=4.8568 grad_norm=0.2272 tensors_with_grad=69/72
[train] step 408: T=1108 positions=16 loss=0.2392 ce=0.5375 tv=0.1440 conf=3.9966 grad_norm=2.9248 tensors_with_grad=69/72
[train] step 409: T=1400 positions=16 loss=0.9942 ce=1.7045 tv=0.2702 conf=5.2126 grad_norm=3.5795 tensors_with_grad=69/72
[train] step 410: T=1081 positions=16 loss=0.1941 ce=0.8043 tv=0.1390 conf=5.9723 grad_norm=1.6163 tensors_with_grad=69/72
[train] step 411: T=1529 positions=16 loss=1.4757 ce=2.7837 tv=0.3026 conf=3.6807 grad_norm=4.7949 tensors_with_grad=69/72
[train] step 412: T=1436 positions=16 loss=1.0123 ce=1.9901 tv=0.3697 conf=6.5257 grad_norm=7.0345 tensors_with_grad=69/72
[train] step 413: T=1196 positions=16 loss=0.2139 ce=0.5045 tv=0.1709 conf=3.5815 grad_norm=3.4260 tensors_with_grad=69/72
[train] step 414: T=1042 positions=16 loss=0.4304 ce=1.1218 tv=0.1739 conf=3.2511 grad_norm=2.8946 tensors_with_grad=69/72
[train] step 415: T=1669 positions=16 loss=1.0469 ce=2.1625 tv=0.3060 conf=7.9891 grad_norm=4.8856 tensors_with_grad=69/72
[train] step 416: T=1492 positions=16 loss=1.1245 ce=2.1936 tv=0.3643 conf=6.1419 grad_norm=5.4581 tensors_with_grad=69/72
[train] step 417: T=1047 positions=16 loss=1.4071 ce=2.3611 tv=0.4178 conf=3.6655 grad_norm=5.9724 tensors_with_grad=69/72
[train] step 418: T=1078 positions=16 loss=0.1271 ce=0.5811 tv=0.1294 conf=10.0923 grad_norm=1.3218 tensors_with_grad=69/72
[train] step 419: T=1078 positions=16 loss=0.3359 ce=0.5489 tv=0.1436 conf=5.7940 grad_norm=6.7003 tensors_with_grad=69/72
[train] step 420: T=1162 positions=16 loss=1.5970 ce=2.5546 tv=0.5145 conf=4.8657 grad_norm=4.8681 tensors_with_grad=69/72
[train] step 421: T=1225 positions=16 loss=1.7957 ce=3.3616 tv=0.5354 conf=6.0125 grad_norm=9.8763 tensors_with_grad=69/72
[train] step 422: T=1284 positions=16 loss=0.6172 ce=1.0999 tv=0.2548 conf=5.9760 grad_norm=8.9886 tensors_with_grad=69/72
[train] step 423: T=1099 positions=16 loss=0.2457 ce=0.6668 tv=0.1575 conf=4.1060 grad_norm=2.5528 tensors_with_grad=69/72
[train] step 424: T=1067 positions=16 loss=0.7734 ce=1.2789 tv=0.3208 conf=6.3455 grad_norm=5.2606 tensors_with_grad=69/72
[train] step 425: T=1228 positions=16 loss=1.3457 ce=2.5350 tv=0.4714 conf=9.4076 grad_norm=6.6079 tensors_with_grad=69/72
[train] step 426: T=1379 positions=16 loss=0.5682 ce=0.9258 tv=0.2102 conf=7.8220 grad_norm=3.5601 tensors_with_grad=69/72
[train] step 427: T=1093 positions=16 loss=0.1995 ce=0.5544 tv=0.1713 conf=7.8673 grad_norm=2.5547 tensors_with_grad=69/72
[train] step 428: T=1056 positions=16 loss=1.2723 ce=1.9303 tv=0.3539 conf=3.8825 grad_norm=3.8357 tensors_with_grad=69/72
[train] step 429: T=1466 positions=16 loss=1.1881 ce=2.4396 tv=0.3837 conf=9.6445 grad_norm=8.6816 tensors_with_grad=69/72
[train] step 430: T=1069 positions=16 loss=1.3481 ce=2.3676 tv=0.5217 conf=8.5933 grad_norm=6.0083 tensors_with_grad=69/72
[train] step 431: T=1692 positions=16 loss=0.8939 ce=2.0805 tv=0.3148 conf=6.2596 grad_norm=3.6002 tensors_with_grad=69/72
[train] step 432: T=1073 positions=16 loss=0.2489 ce=0.4731 tv=0.0842 conf=3.9416 grad_norm=1.0789 tensors_with_grad=69/72
[train] step 433: T=1223 positions=16 loss=1.0985 ce=1.9016 tv=0.4250 conf=6.4902 grad_norm=5.6388 tensors_with_grad=69/72
[train] step 434: T=1040 positions=16 loss=0.2290 ce=0.6228 tv=0.1441 conf=7.6452 grad_norm=1.5886 tensors_with_grad=69/72
[train] step 435: T=1210 positions=16 loss=1.5063 ce=2.5788 tv=0.4753 conf=4.7163 grad_norm=9.0081 tensors_with_grad=69/72
[train] step 436: T=2230 positions=16 loss=1.3708 ce=2.2574 tv=0.3945 conf=6.5320 grad_norm=4.5528 tensors_with_grad=69/72
[train] step 437: T=1147 positions=16 loss=0.5538 ce=0.8938 tv=0.2457 conf=7.4328 grad_norm=4.8392 tensors_with_grad=69/72
[train] step 438: T=2139 positions=16 loss=1.6115 ce=2.8445 tv=0.4458 conf=7.1348 grad_norm=8.6266 tensors_with_grad=69/72
[train] step 439: T=1042 positions=16 loss=0.9781 ce=1.5327 tv=0.3071 conf=2.7492 grad_norm=6.9657 tensors_with_grad=69/72
[train] step 440: T=1074 positions=16 loss=0.5687 ce=0.8866 tv=0.2131 conf=3.3773 grad_norm=3.8615 tensors_with_grad=69/72
[train] step 441: T=1234 positions=16 loss=0.7675 ce=1.5400 tv=0.3012 conf=6.5306 grad_norm=5.1302 tensors_with_grad=69/72
[train] step 442: T=1148 positions=16 loss=0.0592 ce=0.3902 tv=0.0720 conf=2.6553 grad_norm=0.9426 tensors_with_grad=69/72
[train] step 443: T=1208 positions=16 loss=1.4405 ce=2.6578 tv=0.4553 conf=4.3934 grad_norm=5.3233 tensors_with_grad=69/72
[train] step 444: T=1483 positions=16 loss=0.9052 ce=1.7794 tv=0.3233 conf=6.7625 grad_norm=3.1958 tensors_with_grad=69/72
[train] step 445: T=1134 positions=16 loss=0.2726 ce=0.4858 tv=0.1257 conf=3.9018 grad_norm=2.7122 tensors_with_grad=69/72
[train] step 446: T=1156 positions=16 loss=1.0579 ce=1.6733 tv=0.4139 conf=5.4249 grad_norm=3.8951 tensors_with_grad=69/72
[train] step 447: T=1084 positions=16 loss=0.5244 ce=0.9757 tv=0.2179 conf=5.8597 grad_norm=5.8566 tensors_with_grad=69/72
[train] step 448: T=1062 positions=16 loss=0.5246 ce=1.0845 tv=0.2258 conf=4.1309 grad_norm=4.9643 tensors_with_grad=69/72
[train] step 449: T=1108 positions=16 loss=0.2142 ce=0.4695 tv=0.1359 conf=8.7284 grad_norm=2.5691 tensors_with_grad=69/72
[train] step 450: T=1690 positions=16 loss=0.7650 ce=1.4305 tv=0.2190 conf=7.0578 grad_norm=3.2978 tensors_with_grad=69/72
[train] step 451: T=1746 positions=16 loss=1.2419 ce=2.2571 tv=0.3479 conf=6.4485 grad_norm=6.2324 tensors_with_grad=69/72
[train] step 452: T=1062 positions=16 loss=0.5195 ce=1.1006 tv=0.2945 conf=7.2662 grad_norm=7.0701 tensors_with_grad=69/72
[train] step 453: T=1039 positions=16 loss=1.2793 ce=2.2992 tv=0.4122 conf=5.8420 grad_norm=4.2289 tensors_with_grad=69/72
[train] step 454: T=1218 positions=16 loss=0.8928 ce=1.5543 tv=0.3865 conf=5.0696 grad_norm=6.2636 tensors_with_grad=69/72
[train] step 455: T=1576 positions=16 loss=0.9448 ce=1.7925 tv=0.2486 conf=3.2989 grad_norm=5.2235 tensors_with_grad=69/72
[train] step 456: T=1229 positions=16 loss=1.2563 ce=2.2746 tv=0.4557 conf=5.6592 grad_norm=7.1923 tensors_with_grad=69/72
[train] step 457: T=1071 positions=16 loss=0.1741 ce=0.5384 tv=0.1234 conf=10.2857 grad_norm=1.3995 tensors_with_grad=69/72
[train] step 458: T=1050 positions=16 loss=0.3029 ce=0.9434 tv=0.1426 conf=1.8577 grad_norm=4.8465 tensors_with_grad=69/72
[train] step 459: T=1091 positions=16 loss=0.2258 ce=0.6573 tv=0.1974 conf=4.2062 grad_norm=1.3952 tensors_with_grad=69/72
[train] step 460: T=2305 positions=16 loss=1.3632 ce=2.7158 tv=0.3914 conf=8.0086 grad_norm=4.4418 tensors_with_grad=69/72
[train] step 461: T=1351 positions=16 loss=0.5671 ce=1.0256 tv=0.2046 conf=3.9656 grad_norm=4.7887 tensors_with_grad=69/72
[train] step 462: T=1060 positions=16 loss=0.0857 ce=0.3031 tv=0.1179 conf=5.8382 grad_norm=1.6997 tensors_with_grad=69/72
[train] step 463: T=1057 positions=16 loss=2.1783 ce=4.4196 tv=0.5040 conf=7.1811 grad_norm=9.3573 tensors_with_grad=69/72
[train] step 464: T=1075 positions=16 loss=1.4250 ce=3.4694 tv=0.3968 conf=5.0890 grad_norm=7.5261 tensors_with_grad=69/72
[train] step 465: T=1081 positions=16 loss=0.1880 ce=0.3448 tv=0.1095 conf=3.6597 grad_norm=3.9076 tensors_with_grad=69/72
[train] step 466: T=1041 positions=16 loss=0.3661 ce=0.6652 tv=0.1439 conf=4.5279 grad_norm=4.8870 tensors_with_grad=69/72
[train] step 467: T=1046 positions=16 loss=0.5025 ce=0.9322 tv=0.2120 conf=4.1112 grad_norm=5.8083 tensors_with_grad=69/72
[train] step 468: T=1105 positions=16 loss=1.1466 ce=2.0568 tv=0.4058 conf=9.0384 grad_norm=10.0269 tensors_with_grad=69/72
[train] step 469: T=1194 positions=16 loss=0.1638 ce=0.3734 tv=0.1384 conf=3.5204 grad_norm=3.3690 tensors_with_grad=69/72
[train] step 470: T=1084 positions=16 loss=0.0033 ce=0.0715 tv=0.0691 conf=5.4523 grad_norm=0.1513 tensors_with_grad=69/72
[train] step 471: T=1806 positions=16 loss=1.4924 ce=2.7844 tv=0.4545 conf=8.8505 grad_norm=4.7063 tensors_with_grad=69/72
[train] step 472: T=1076 positions=16 loss=0.1949 ce=0.4146 tv=0.1529 conf=5.8975 grad_norm=1.9983 tensors_with_grad=69/72
[train] step 473: T=1193 positions=16 loss=0.8223 ce=1.5817 tv=0.3043 conf=4.3831 grad_norm=3.8794 tensors_with_grad=69/72
[train] step 474: T=1259 positions=16 loss=1.6692 ce=2.8264 tv=0.5273 conf=5.2999 grad_norm=6.5466 tensors_with_grad=69/72
[train] step 475: T=1050 positions=16 loss=0.5907 ce=1.6461 tv=0.2607 conf=2.2828 grad_norm=3.9497 tensors_with_grad=69/72
[train] step 476: T=1089 positions=16 loss=0.2169 ce=0.4491 tv=0.2069 conf=7.1379 grad_norm=1.5257 tensors_with_grad=69/72
[train] step 477: T=1039 positions=16 loss=0.2549 ce=0.5220 tv=0.0652 conf=1.7406 grad_norm=0.7691 tensors_with_grad=69/72
[train] step 478: T=1064 positions=16 loss=0.2129 ce=0.3477 tv=0.1381 conf=7.5955 grad_norm=2.6076 tensors_with_grad=69/72
[train] step 479: T=1055 positions=16 loss=0.5383 ce=0.8201 tv=0.2650 conf=6.0915 grad_norm=5.9621 tensors_with_grad=69/72
[train] step 480: T=1077 positions=16 loss=0.6876 ce=1.1303 tv=0.2217 conf=1.8420 grad_norm=3.6227 tensors_with_grad=69/72
[train] step 481: T=1056 positions=16 loss=0.2312 ce=0.3753 tv=0.1339 conf=2.1873 grad_norm=4.7247 tensors_with_grad=69/72
[train] step 482: T=1136 positions=16 loss=0.2766 ce=0.4722 tv=0.1247 conf=8.5455 grad_norm=3.1987 tensors_with_grad=69/72
[train] step 483: T=2078 positions=16 loss=1.1954 ce=2.0647 tv=0.2768 conf=3.1984 grad_norm=3.9278 tensors_with_grad=69/72
[train] step 484: T=1102 positions=16 loss=0.0839 ce=0.2234 tv=0.0669 conf=3.1057 grad_norm=1.3712 tensors_with_grad=69/72
[train] step 485: T=1236 positions=16 loss=1.9682 ce=3.1615 tv=0.5685 conf=7.0116 grad_norm=6.9514 tensors_with_grad=69/72
[train] step 486: T=1080 positions=16 loss=0.5538 ce=1.8710 tv=0.2740 conf=8.9374 grad_norm=5.5475 tensors_with_grad=69/72
[train] step 487: T=2309 positions=16 loss=1.6705 ce=3.0954 tv=0.3645 conf=5.2485 grad_norm=7.5046 tensors_with_grad=69/72
[train] step 488: T=1466 positions=16 loss=0.9485 ce=1.8251 tv=0.2547 conf=6.9964 grad_norm=2.7849 tensors_with_grad=69/72
[train] step 489: T=1612 positions=16 loss=1.0876 ce=1.9060 tv=0.2978 conf=3.5600 grad_norm=5.8949 tensors_with_grad=69/72
[train] step 490: T=2308 positions=16 loss=2.2305 ce=3.8550 tv=0.5267 conf=6.8384 grad_norm=8.5118 tensors_with_grad=69/72
[diag] draft-argmax == TARGET-argmax : 71.7%  | == ground-truth token: 71.2%
[diag] mean top-1 prob  target 0.863  draft 0.778   (TV near 1 with a PEAKED draft => misalignment; with a FLAT draft => genuine)
[train] saved 72 trained tensors -> /cap/agentic-p25-b0.1/c2/trained/mtp_trained.safetensors
[train] saved AdamW state -> /cap/agentic-p25-b0.1/c2/trained/opt_state.pt (needed for --resume to be equivalent to one continuous run)
[train] metrics -> /cap/agentic-p25-b0.1/c2/train_metrics.json  (loss 0.7945 -> 2.2305, tail mean 0.7656)
[train] TRAIN OK
