[train] device=cuda torch=2.10.0
  loading model-00046-of-00048.safetensors ...
  loading model-00047-of-00048.safetensors ...
  loading model-00048-of-00048.safetensors ...
  dequantised 1512 tensors, 12.60 B params, 23.5 GiB bf16
[train] weights ready in 8.7s
[train] trainable 517.3 M in 72 tensors | frozen experts 12.08 B
[train] capture: 491 sample(s)
[Gloo] Rank 0 is connected to 0 peer ranks. Expected number of connected peer ranks is : 0
[train] ModelArgs: n_mtp=3 block=5 taps=[40, 41, 42] markov_rank=256
[train] built 3 DSparkBlock(s) on meta
[train] re-materialised freqs_cis on 3 attention module(s) (persistent=False buffers are NOT in state_dict and to_empty() zapped them)
[train] load_state_dict: 0 missing, 0 unexpected
[train] GATE1 model construction OK
[train] aux: embed.weight(129280, 4096), head.weight(129280, 4096)
[train] trainable tensors in graph: 72 / 517.3 M
[train] P2.5 anchor: frozen copy of 3 block(s), beta=0.05
[train] lr schedule: linear warmup 73 step(s) -> cosine over 1472 session step(s), peak 5e-05; this chunk is steps 0..490
/work/train/train_head.py:115: UserWarning: Converting a tensor with requires_grad=True to a scalar may lead to unexpected behavior.
Consider using tensor.detach() first. (Triggered internally at /opt/pytorch/torch/csrc/autograd/generated/python_variable_methods.cpp:836.)
  parts = {"ce": float((w * ce).sum()), "tv": float((w * tv).sum()), "conf": 0.0}
[train] step 0: T=541 positions=16 loss=1.6274 ce=3.7850 tv=0.5689 conf=0.8762 grad_norm=10.2535 tensors_with_grad=69/72
[train] step 1: T=645 positions=16 loss=2.2237 ce=4.7431 tv=0.7353 conf=0.5140 grad_norm=12.1270 tensors_with_grad=69/72
[train] step 2: T=527 positions=16 loss=1.0086 ce=4.7830 tv=0.5005 conf=0.6797 grad_norm=7.1381 tensors_with_grad=69/72
[train] step 3: T=848 positions=16 loss=0.9878 ce=3.7444 tv=0.4807 conf=0.4800 grad_norm=9.8399 tensors_with_grad=69/72
[train] step 4: T=675 positions=16 loss=1.2996 ce=4.8410 tv=0.4066 conf=0.8238 grad_norm=6.5646 tensors_with_grad=69/72
[train] step 5: T=536 positions=16 loss=0.7806 ce=3.1054 tv=0.2459 conf=0.4360 grad_norm=5.3538 tensors_with_grad=69/72
[train] step 6: T=619 positions=16 loss=0.5612 ce=1.9605 tv=0.1574 conf=0.4678 grad_norm=5.0610 tensors_with_grad=69/72
[train] step 7: T=632 positions=16 loss=1.8024 ce=3.9569 tv=0.7122 conf=0.5545 grad_norm=9.4985 tensors_with_grad=69/72
[train] step 8: T=529 positions=16 loss=0.7665 ce=2.2276 tv=0.4643 conf=0.6902 grad_norm=9.5434 tensors_with_grad=69/72
[train] step 9: T=530 positions=16 loss=0.7819 ce=2.0785 tv=0.4025 conf=0.5795 grad_norm=7.0345 tensors_with_grad=69/72
[train] step 10: T=660 positions=16 loss=1.8240 ce=4.6809 tv=0.7208 conf=0.4669 grad_norm=8.5709 tensors_with_grad=69/72
[train] step 11: T=1056 positions=16 loss=1.7344 ce=5.0419 tv=0.5762 conf=0.6216 grad_norm=7.8762 tensors_with_grad=69/72
[train] step 12: T=537 positions=16 loss=0.5073 ce=1.8583 tv=0.3081 conf=0.7098 grad_norm=3.5998 tensors_with_grad=69/72
[train] step 13: T=539 positions=16 loss=1.2385 ce=3.1659 tv=0.5773 conf=0.8429 grad_norm=10.4860 tensors_with_grad=69/72
[train] step 14: T=627 positions=16 loss=0.6651 ce=2.1688 tv=0.2216 conf=0.4438 grad_norm=4.8525 tensors_with_grad=69/72
[train] step 15: T=526 positions=16 loss=1.6264 ce=4.2856 tv=0.6707 conf=0.6411 grad_norm=8.5144 tensors_with_grad=69/72
[train] step 16: T=1697 positions=16 loss=2.1085 ce=5.5811 tv=0.7445 conf=0.5048 grad_norm=6.4576 tensors_with_grad=69/72
[train] step 17: T=608 positions=16 loss=1.1237 ce=3.6652 tv=0.5373 conf=0.7623 grad_norm=10.4735 tensors_with_grad=69/72
[train] step 18: T=541 positions=16 loss=0.4723 ce=1.7824 tv=0.2717 conf=0.5917 grad_norm=4.6471 tensors_with_grad=69/72
[train] step 19: T=528 positions=16 loss=1.6411 ce=4.2627 tv=0.6520 conf=0.4685 grad_norm=6.1438 tensors_with_grad=69/72
[train] step 20: T=531 positions=16 loss=0.8387 ce=2.5600 tv=0.4258 conf=0.4653 grad_norm=10.4092 tensors_with_grad=69/72
[train] step 21: T=531 positions=16 loss=0.7344 ce=2.1608 tv=0.4837 conf=0.7851 grad_norm=6.2056 tensors_with_grad=69/72
[train] step 22: T=536 positions=16 loss=1.5877 ce=4.9672 tv=0.6004 conf=0.8491 grad_norm=6.7467 tensors_with_grad=69/72
[train] step 23: T=571 positions=16 loss=1.6337 ce=4.5484 tv=0.6808 conf=0.6806 grad_norm=13.1296 tensors_with_grad=69/72
[train] step 24: T=524 positions=16 loss=0.7373 ce=2.2692 tv=0.2276 conf=0.3269 grad_norm=4.0216 tensors_with_grad=69/72
[train] step 25: T=675 positions=16 loss=1.8603 ce=5.0254 tv=0.6910 conf=0.4903 grad_norm=14.1050 tensors_with_grad=69/72
[train] step 26: T=615 positions=16 loss=0.5861 ce=1.9777 tv=0.3099 conf=0.5080 grad_norm=4.9538 tensors_with_grad=69/72
[train] step 27: T=677 positions=16 loss=1.0535 ce=3.1633 tv=0.5433 conf=0.7516 grad_norm=5.5525 tensors_with_grad=69/72
[train] step 28: T=537 positions=16 loss=1.5222 ce=5.2753 tv=0.5797 conf=0.7111 grad_norm=13.6942 tensors_with_grad=69/72
[train] step 29: T=652 positions=16 loss=1.7638 ce=4.3787 tv=0.7128 conf=0.4804 grad_norm=7.9910 tensors_with_grad=69/72
[train] step 30: T=553 positions=16 loss=0.4973 ce=1.4379 tv=0.3153 conf=0.4715 grad_norm=2.8277 tensors_with_grad=69/72
[train] step 31: T=528 positions=16 loss=0.5435 ce=1.5511 tv=0.3781 conf=0.4996 grad_norm=5.1387 tensors_with_grad=69/72
[train] step 32: T=591 positions=16 loss=0.4609 ce=2.3696 tv=0.2607 conf=0.9003 grad_norm=2.5594 tensors_with_grad=69/72
[train] step 33: T=528 positions=16 loss=0.2378 ce=0.5711 tv=0.2156 conf=0.4015 grad_norm=9.9936 tensors_with_grad=69/72
[train] step 34: T=539 positions=16 loss=0.4998 ce=1.8020 tv=0.2063 conf=0.6511 grad_norm=7.6957 tensors_with_grad=69/72
[train] step 35: T=608 positions=16 loss=0.7010 ce=3.1136 tv=0.3763 conf=0.7476 grad_norm=6.5424 tensors_with_grad=69/72
[train] step 36: T=538 positions=16 loss=0.7726 ce=1.9547 tv=0.4321 conf=0.5400 grad_norm=6.1111 tensors_with_grad=69/72
[train] step 37: T=542 positions=16 loss=1.0686 ce=2.5692 tv=0.5215 conf=0.6119 grad_norm=7.8488 tensors_with_grad=69/72
[train] step 38: T=672 positions=16 loss=2.1270 ce=5.6391 tv=0.7509 conf=0.5703 grad_norm=6.3210 tensors_with_grad=69/72
[train] step 39: T=672 positions=16 loss=0.8890 ce=2.5163 tv=0.3256 conf=0.3181 grad_norm=10.0859 tensors_with_grad=69/72
[train] step 40: T=823 positions=16 loss=2.3319 ce=6.7498 tv=0.6185 conf=0.6846 grad_norm=15.6216 tensors_with_grad=69/72
[train] step 41: T=542 positions=16 loss=1.0177 ce=4.8509 tv=0.5107 conf=0.8948 grad_norm=11.9431 tensors_with_grad=69/72
[train] step 42: T=528 positions=16 loss=2.2850 ce=8.1136 tv=0.7027 conf=0.7650 grad_norm=13.9065 tensors_with_grad=69/72
[train] step 43: T=892 positions=16 loss=1.4589 ce=4.2618 tv=0.3974 conf=0.6157 grad_norm=5.7185 tensors_with_grad=69/72
[train] step 44: T=641 positions=16 loss=1.8219 ce=4.5719 tv=0.7152 conf=0.5583 grad_norm=5.9266 tensors_with_grad=69/72
[train] step 45: T=527 positions=16 loss=0.9617 ce=2.9631 tv=0.4059 conf=0.7419 grad_norm=4.8471 tensors_with_grad=69/72
[train] step 46: T=527 positions=16 loss=0.9993 ce=3.3374 tv=0.3347 conf=0.8200 grad_norm=8.8240 tensors_with_grad=69/72
[train] step 47: T=989 positions=16 loss=2.1259 ce=6.1920 tv=0.5575 conf=0.6231 grad_norm=10.2399 tensors_with_grad=69/72
[train] step 48: T=611 positions=16 loss=1.2835 ce=4.7065 tv=0.5692 conf=0.8896 grad_norm=8.8323 tensors_with_grad=69/72
[train] step 49: T=558 positions=16 loss=1.0630 ce=4.2591 tv=0.4969 conf=0.9140 grad_norm=6.4884 tensors_with_grad=69/72
[train] step 50: T=542 positions=16 loss=0.6334 ce=2.8767 tv=0.2010 conf=0.3813 grad_norm=4.5004 tensors_with_grad=69/72
[train] step 51: T=527 positions=16 loss=1.0279 ce=3.6255 tv=0.4374 conf=0.9631 grad_norm=5.2023 tensors_with_grad=69/72
[train] step 52: T=540 positions=16 loss=0.3338 ce=1.4816 tv=0.1771 conf=0.5192 grad_norm=2.6082 tensors_with_grad=69/72
[train] step 53: T=673 positions=16 loss=1.5924 ce=4.0451 tv=0.6806 conf=0.6009 grad_norm=6.5083 tensors_with_grad=69/72
[train] step 54: T=613 positions=16 loss=1.2495 ce=3.1480 tv=0.5959 conf=0.5990 grad_norm=13.9495 tensors_with_grad=69/72
[train] step 55: T=608 positions=16 loss=1.2034 ce=3.4838 tv=0.5531 conf=0.7186 grad_norm=6.5472 tensors_with_grad=69/72
[train] step 56: T=535 positions=16 loss=0.4605 ce=1.5604 tv=0.3704 conf=0.6039 grad_norm=4.4704 tensors_with_grad=69/72
[train] step 57: T=531 positions=16 loss=1.1493 ce=4.2110 tv=0.4897 conf=1.2070 grad_norm=9.9579 tensors_with_grad=69/72
[train] step 58: T=668 positions=16 loss=0.8068 ce=2.6509 tv=0.2884 conf=0.7640 grad_norm=4.1864 tensors_with_grad=69/72
[train] step 59: T=677 positions=16 loss=1.4207 ce=4.2781 tv=0.5717 conf=0.7819 grad_norm=8.1019 tensors_with_grad=69/72
[train] step 60: T=531 positions=16 loss=1.2048 ce=2.9870 tv=0.5637 conf=0.6365 grad_norm=8.8389 tensors_with_grad=69/72
[train] step 61: T=672 positions=16 loss=1.5435 ce=3.6958 tv=0.6397 conf=0.5775 grad_norm=17.6440 tensors_with_grad=69/72
[train] step 62: T=582 positions=16 loss=1.3722 ce=4.2375 tv=0.5951 conf=0.9608 grad_norm=24.8575 tensors_with_grad=69/72
[train] step 63: T=583 positions=16 loss=0.2590 ce=1.1703 tv=0.1917 conf=0.2915 grad_norm=5.0102 tensors_with_grad=69/72
[train] step 64: T=1047 positions=16 loss=1.9172 ce=5.2527 tv=0.5913 conf=0.8253 grad_norm=7.7628 tensors_with_grad=69/72
[train] step 65: T=673 positions=16 loss=1.8177 ce=4.4863 tv=0.6798 conf=0.5080 grad_norm=5.0888 tensors_with_grad=69/72
[train] step 66: T=600 positions=16 loss=0.9538 ce=2.7871 tv=0.4477 conf=0.6736 grad_norm=4.6440 tensors_with_grad=69/72
[train] step 67: T=672 positions=16 loss=1.5589 ce=4.1528 tv=0.5906 conf=0.5092 grad_norm=8.5765 tensors_with_grad=69/72
[train] step 68: T=622 positions=16 loss=0.2186 ce=0.7200 tv=0.1332 conf=0.3510 grad_norm=4.6552 tensors_with_grad=69/72
[train] step 69: T=531 positions=16 loss=1.4154 ce=3.5121 tv=0.6464 conf=0.5473 grad_norm=9.1445 tensors_with_grad=69/72
[train] step 70: T=531 positions=16 loss=1.0261 ce=2.8118 tv=0.3877 conf=0.4239 grad_norm=8.6519 tensors_with_grad=69/72
[train] step 71: T=527 positions=16 loss=1.9367 ce=4.6071 tv=0.7322 conf=0.5290 grad_norm=11.5571 tensors_with_grad=69/72
[train] step 72: T=542 positions=16 loss=1.1679 ce=2.5785 tv=0.5843 conf=0.6743 grad_norm=12.0989 tensors_with_grad=69/72
[train] step 73: T=527 positions=16 loss=1.4328 ce=3.6550 tv=0.6693 conf=0.5702 grad_norm=8.6677 tensors_with_grad=69/72
[train] step 74: T=629 positions=16 loss=1.4013 ce=3.9661 tv=0.5849 conf=0.7265 grad_norm=7.1223 tensors_with_grad=69/72
[train] step 75: T=646 positions=16 loss=0.8391 ce=2.5544 tv=0.4865 conf=0.6183 grad_norm=4.4247 tensors_with_grad=69/72
[train] step 76: T=527 positions=16 loss=1.2725 ce=3.3916 tv=0.6386 conf=0.7639 grad_norm=5.9566 tensors_with_grad=69/72
[train] step 77: T=581 positions=16 loss=1.3633 ce=4.2694 tv=0.5972 conf=0.6951 grad_norm=7.5473 tensors_with_grad=69/72
[train] step 78: T=528 positions=16 loss=0.6988 ce=2.1525 tv=0.3606 conf=0.5898 grad_norm=4.3268 tensors_with_grad=69/72
[train] step 79: T=534 positions=16 loss=2.0804 ce=6.5716 tv=0.7293 conf=0.9357 grad_norm=10.1149 tensors_with_grad=69/72
[train] step 80: T=532 positions=16 loss=1.5120 ce=4.0039 tv=0.6923 conf=0.5742 grad_norm=6.6566 tensors_with_grad=69/72
[train] step 81: T=533 positions=16 loss=0.8701 ce=3.2672 tv=0.4248 conf=0.5572 grad_norm=6.2213 tensors_with_grad=69/72
[train] step 82: T=527 positions=16 loss=1.2189 ce=3.9070 tv=0.6023 conf=0.8132 grad_norm=4.7214 tensors_with_grad=69/72
[train] step 83: T=580 positions=16 loss=1.0378 ce=3.9619 tv=0.4997 conf=0.9355 grad_norm=9.8788 tensors_with_grad=69/72
[train] step 84: T=1391 positions=16 loss=1.1812 ce=3.5160 tv=0.5369 conf=0.5823 grad_norm=4.5752 tensors_with_grad=69/72
[train] step 85: T=527 positions=16 loss=1.2258 ce=3.8257 tv=0.6478 conf=0.7668 grad_norm=4.6426 tensors_with_grad=69/72
[train] step 86: T=538 positions=16 loss=0.4335 ce=1.2413 tv=0.3152 conf=0.3949 grad_norm=9.2041 tensors_with_grad=69/72
[train] step 87: T=648 positions=16 loss=0.9396 ce=2.8306 tv=0.4028 conf=0.5294 grad_norm=5.9806 tensors_with_grad=69/72
[train] step 88: T=672 positions=16 loss=1.4104 ce=4.4025 tv=0.6309 conf=0.6676 grad_norm=11.9437 tensors_with_grad=69/72
[train] step 89: T=599 positions=16 loss=1.2286 ce=3.0546 tv=0.6076 conf=0.7447 grad_norm=5.4988 tensors_with_grad=69/72
[train] step 90: T=655 positions=16 loss=1.0471 ce=3.5143 tv=0.5181 conf=0.6216 grad_norm=7.6925 tensors_with_grad=69/72
[train] step 91: T=646 positions=16 loss=0.8591 ce=2.5060 tv=0.5039 conf=0.6823 grad_norm=5.5567 tensors_with_grad=69/72
[train] step 92: T=606 positions=16 loss=0.9025 ce=2.6190 tv=0.3564 conf=0.5017 grad_norm=7.7895 tensors_with_grad=69/72
[train] step 93: T=526 positions=16 loss=0.3452 ce=1.3202 tv=0.3062 conf=0.6961 grad_norm=3.4694 tensors_with_grad=69/72
[train] step 94: T=541 positions=16 loss=0.6141 ce=2.0437 tv=0.4011 conf=0.5937 grad_norm=6.7208 tensors_with_grad=69/72
[train] step 95: T=546 positions=16 loss=1.1402 ce=2.7189 tv=0.5672 conf=0.7106 grad_norm=5.5327 tensors_with_grad=69/72
[train] step 96: T=532 positions=16 loss=0.3295 ce=0.9850 tv=0.2471 conf=0.4674 grad_norm=2.8252 tensors_with_grad=69/72
[train] step 97: T=527 positions=16 loss=1.9533 ce=6.4323 tv=0.7765 conf=0.8128 grad_norm=5.5592 tensors_with_grad=69/72
[train] step 98: T=678 positions=16 loss=0.4988 ce=1.7225 tv=0.3649 conf=0.7335 grad_norm=4.3655 tensors_with_grad=69/72
[train] step 99: T=542 positions=16 loss=0.8759 ce=2.3317 tv=0.4987 conf=0.6249 grad_norm=12.0328 tensors_with_grad=69/72
[train] step 100: T=536 positions=16 loss=0.2169 ce=0.7701 tv=0.1380 conf=0.2851 grad_norm=1.4843 tensors_with_grad=69/72
[train] step 101: T=540 positions=16 loss=1.3453 ce=3.4765 tv=0.5917 conf=0.6961 grad_norm=4.6380 tensors_with_grad=69/72
[train] step 102: T=628 positions=16 loss=0.4936 ce=2.0330 tv=0.2158 conf=0.7170 grad_norm=3.9920 tensors_with_grad=69/72
[train] step 103: T=599 positions=16 loss=0.7299 ce=2.4505 tv=0.4436 conf=0.7129 grad_norm=4.6476 tensors_with_grad=69/72
[train] step 104: T=608 positions=16 loss=0.4893 ce=1.4253 tv=0.2966 conf=0.6316 grad_norm=2.9531 tensors_with_grad=69/72
[train] step 105: T=618 positions=16 loss=1.1152 ce=3.1712 tv=0.5616 conf=0.8806 grad_norm=15.4403 tensors_with_grad=69/72
[train] step 106: T=673 positions=16 loss=1.3166 ce=3.2652 tv=0.5999 conf=0.6508 grad_norm=10.5561 tensors_with_grad=69/72
[train] step 107: T=607 positions=16 loss=0.5758 ce=2.0306 tv=0.3388 conf=0.7553 grad_norm=6.6898 tensors_with_grad=69/72
[train] step 108: T=580 positions=16 loss=0.5301 ce=2.3897 tv=0.3821 conf=0.6271 grad_norm=5.2403 tensors_with_grad=69/72
[train] step 109: T=565 positions=16 loss=0.4647 ce=2.4996 tv=0.3080 conf=0.5418 grad_norm=2.6389 tensors_with_grad=69/72
[train] step 110: T=533 positions=16 loss=1.1225 ce=3.3179 tv=0.4625 conf=0.8907 grad_norm=4.7953 tensors_with_grad=69/72
[train] step 111: T=610 positions=16 loss=0.8024 ce=2.3526 tv=0.4176 conf=0.7279 grad_norm=4.5606 tensors_with_grad=69/72
[train] step 112: T=1026 positions=16 loss=0.8039 ce=1.7899 tv=0.3970 conf=0.3912 grad_norm=4.1457 tensors_with_grad=69/72
[train] step 113: T=613 positions=16 loss=0.8949 ce=2.2622 tv=0.4453 conf=0.5550 grad_norm=3.8318 tensors_with_grad=69/72
[train] step 114: T=675 positions=16 loss=0.9001 ce=2.7879 tv=0.4951 conf=0.6392 grad_norm=4.4119 tensors_with_grad=69/72
[train] step 115: T=1001 positions=16 loss=0.9538 ce=2.5274 tv=0.4403 conf=0.5724 grad_norm=9.7999 tensors_with_grad=69/72
[train] step 116: T=553 positions=16 loss=0.9295 ce=3.1604 tv=0.4537 conf=0.7503 grad_norm=7.3087 tensors_with_grad=69/72
[train] step 117: T=676 positions=16 loss=0.3881 ce=1.2867 tv=0.2009 conf=0.4171 grad_norm=5.6282 tensors_with_grad=69/72
[train] step 118: T=530 positions=16 loss=0.5012 ce=1.5610 tv=0.2741 conf=0.4773 grad_norm=4.0012 tensors_with_grad=69/72
[train] step 119: T=531 positions=16 loss=0.3494 ce=0.8887 tv=0.1748 conf=0.2310 grad_norm=2.3475 tensors_with_grad=69/72
[train] step 120: T=560 positions=16 loss=0.8237 ce=2.7397 tv=0.5033 conf=0.6338 grad_norm=7.9630 tensors_with_grad=69/72
[train] step 121: T=1390 positions=16 loss=1.8725 ce=5.5848 tv=0.6186 conf=0.5352 grad_norm=7.4245 tensors_with_grad=69/72
[train] step 122: T=536 positions=16 loss=0.5643 ce=1.8231 tv=0.3897 conf=0.6156 grad_norm=3.1263 tensors_with_grad=69/72
[train] step 123: T=622 positions=16 loss=1.2107 ce=2.9288 tv=0.5802 conf=0.5750 grad_norm=4.6713 tensors_with_grad=69/72
[train] step 124: T=557 positions=16 loss=0.9636 ce=2.2353 tv=0.4724 conf=0.6740 grad_norm=8.0994 tensors_with_grad=69/72
[train] step 125: T=563 positions=16 loss=0.7959 ce=2.2164 tv=0.4125 conf=0.5858 grad_norm=6.5735 tensors_with_grad=69/72
[train] step 126: T=653 positions=16 loss=0.5620 ce=1.5967 tv=0.3649 conf=0.6012 grad_norm=2.3234 tensors_with_grad=69/72
[train] step 127: T=554 positions=16 loss=1.1055 ce=2.9377 tv=0.5140 conf=0.6273 grad_norm=5.2134 tensors_with_grad=69/72
[train] step 128: T=672 positions=16 loss=1.3039 ce=3.8316 tv=0.4915 conf=0.7478 grad_norm=5.4678 tensors_with_grad=69/72
[train] step 129: T=609 positions=16 loss=0.4108 ce=1.4193 tv=0.2645 conf=0.6097 grad_norm=5.4467 tensors_with_grad=69/72
[train] step 130: T=571 positions=16 loss=0.7973 ce=1.9806 tv=0.4348 conf=0.6647 grad_norm=5.2610 tensors_with_grad=69/72
[train] step 131: T=561 positions=16 loss=0.4478 ce=1.4651 tv=0.3064 conf=0.5135 grad_norm=4.2466 tensors_with_grad=69/72
[train] step 132: T=531 positions=16 loss=1.4387 ce=3.4261 tv=0.6109 conf=0.4943 grad_norm=6.4386 tensors_with_grad=69/72
[train] step 133: T=591 positions=16 loss=0.9545 ce=2.4064 tv=0.3511 conf=0.5940 grad_norm=6.5417 tensors_with_grad=69/72
[train] step 134: T=560 positions=16 loss=0.9986 ce=2.5024 tv=0.4899 conf=0.5530 grad_norm=5.3101 tensors_with_grad=69/72
[train] step 135: T=626 positions=16 loss=0.4654 ce=1.6583 tv=0.3179 conf=0.7676 grad_norm=3.4446 tensors_with_grad=69/72
[train] step 136: T=1018 positions=16 loss=1.3020 ce=3.7153 tv=0.5060 conf=0.6969 grad_norm=4.4155 tensors_with_grad=69/72
[train] step 137: T=527 positions=16 loss=1.1639 ce=3.9011 tv=0.5765 conf=0.8852 grad_norm=5.4576 tensors_with_grad=69/72
[train] step 138: T=673 positions=16 loss=1.8656 ce=6.0010 tv=0.7143 conf=0.9534 grad_norm=15.8627 tensors_with_grad=69/72
[train] step 139: T=936 positions=16 loss=0.9612 ce=2.8456 tv=0.4508 conf=0.5990 grad_norm=5.1746 tensors_with_grad=69/72
[train] step 140: T=593 positions=16 loss=0.9430 ce=2.7249 tv=0.4723 conf=0.8005 grad_norm=9.3788 tensors_with_grad=69/72
[train] step 141: T=531 positions=16 loss=0.8431 ce=2.2962 tv=0.4998 conf=0.6845 grad_norm=5.4005 tensors_with_grad=69/72
[train] step 142: T=540 positions=16 loss=0.2868 ce=0.9119 tv=0.2507 conf=0.4885 grad_norm=1.9456 tensors_with_grad=69/72
[train] step 143: T=543 positions=16 loss=0.3807 ce=0.9392 tv=0.2247 conf=0.4321 grad_norm=1.3857 tensors_with_grad=69/72
[train] step 144: T=573 positions=16 loss=0.3008 ce=1.0006 tv=0.1341 conf=0.4175 grad_norm=3.7736 tensors_with_grad=69/72
[train] step 145: T=535 positions=16 loss=0.4544 ce=1.3305 tv=0.2799 conf=0.5848 grad_norm=3.3584 tensors_with_grad=69/72
[train] step 146: T=1001 positions=16 loss=1.4075 ce=4.6835 tv=0.4976 conf=0.6853 grad_norm=5.7955 tensors_with_grad=69/72
[train] step 147: T=620 positions=16 loss=0.3710 ce=1.5607 tv=0.3482 conf=0.9881 grad_norm=4.4239 tensors_with_grad=69/72
[train] step 148: T=630 positions=16 loss=0.7511 ce=1.8200 tv=0.4932 conf=0.9346 grad_norm=7.5036 tensors_with_grad=69/72
[train] step 149: T=1178 positions=16 loss=1.8545 ce=5.1533 tv=0.6024 conf=0.6334 grad_norm=7.8904 tensors_with_grad=69/72
[train] step 150: T=614 positions=16 loss=0.5496 ce=1.5498 tv=0.3797 conf=0.7262 grad_norm=4.6913 tensors_with_grad=69/72
[train] step 151: T=676 positions=16 loss=0.4415 ce=1.4456 tv=0.2323 conf=0.4629 grad_norm=4.0600 tensors_with_grad=69/72
[train] step 152: T=677 positions=16 loss=1.1081 ce=3.1505 tv=0.4909 conf=0.7481 grad_norm=10.3302 tensors_with_grad=69/72
[train] step 153: T=538 positions=16 loss=0.4398 ce=0.8706 tv=0.2380 conf=0.4290 grad_norm=3.5807 tensors_with_grad=69/72
[train] step 154: T=544 positions=16 loss=0.5631 ce=1.0948 tv=0.3193 conf=0.5153 grad_norm=4.9788 tensors_with_grad=69/72
[train] step 155: T=539 positions=16 loss=0.6384 ce=1.6987 tv=0.3240 conf=0.6204 grad_norm=2.9334 tensors_with_grad=69/72
[train] step 156: T=541 positions=16 loss=0.4880 ce=1.5065 tv=0.3868 conf=1.0168 grad_norm=5.2153 tensors_with_grad=69/72
[train] step 157: T=902 positions=16 loss=1.4030 ce=3.3911 tv=0.5445 conf=0.6213 grad_norm=6.5953 tensors_with_grad=69/72
[train] step 158: T=648 positions=16 loss=0.2924 ce=0.8296 tv=0.2229 conf=0.7801 grad_norm=3.6102 tensors_with_grad=69/72
[train] step 159: T=672 positions=16 loss=1.4981 ce=3.7178 tv=0.6034 conf=0.6534 grad_norm=8.7134 tensors_with_grad=69/72
[train] step 160: T=1629 positions=16 loss=1.6227 ce=4.0812 tv=0.5227 conf=0.4699 grad_norm=5.6743 tensors_with_grad=69/72
[train] step 161: T=594 positions=16 loss=0.4439 ce=1.7226 tv=0.2805 conf=0.5504 grad_norm=3.5349 tensors_with_grad=69/72
[train] step 162: T=672 positions=16 loss=1.3432 ce=3.4101 tv=0.6250 conf=0.7822 grad_norm=6.6288 tensors_with_grad=69/72
[train] step 163: T=538 positions=16 loss=0.6334 ce=1.9450 tv=0.3382 conf=0.8628 grad_norm=4.5787 tensors_with_grad=69/72
[train] step 164: T=563 positions=16 loss=1.0196 ce=2.9050 tv=0.4507 conf=0.5687 grad_norm=5.4457 tensors_with_grad=69/72
[train] step 165: T=555 positions=16 loss=0.4945 ce=1.2018 tv=0.2643 conf=0.4139 grad_norm=5.5391 tensors_with_grad=69/72
[train] step 166: T=539 positions=16 loss=0.5099 ce=1.5733 tv=0.2738 conf=0.7097 grad_norm=3.0371 tensors_with_grad=69/72
[train] step 167: T=528 positions=16 loss=1.3147 ce=3.2066 tv=0.6037 conf=0.7204 grad_norm=6.0007 tensors_with_grad=69/72
[train] step 168: T=568 positions=16 loss=0.4824 ce=1.1077 tv=0.2268 conf=0.2937 grad_norm=4.9585 tensors_with_grad=69/72
[train] step 169: T=638 positions=16 loss=0.3470 ce=1.0418 tv=0.1691 conf=0.5291 grad_norm=2.0743 tensors_with_grad=69/72
[train] step 170: T=541 positions=16 loss=0.1846 ce=0.5999 tv=0.1283 conf=0.5475 grad_norm=2.0467 tensors_with_grad=69/72
[train] step 171: T=546 positions=16 loss=1.1871 ce=2.8501 tv=0.5567 conf=0.6334 grad_norm=7.1087 tensors_with_grad=69/72
[train] step 172: T=960 positions=16 loss=1.2290 ce=3.0719 tv=0.5148 conf=0.5008 grad_norm=4.5133 tensors_with_grad=69/72
[train] step 173: T=645 positions=16 loss=1.1341 ce=2.6830 tv=0.5508 conf=0.5913 grad_norm=8.7035 tensors_with_grad=69/72
[train] step 174: T=595 positions=16 loss=0.7349 ce=2.0744 tv=0.3974 conf=0.7810 grad_norm=3.4599 tensors_with_grad=69/72
[train] step 175: T=535 positions=16 loss=0.4841 ce=1.4305 tv=0.3085 conf=0.6213 grad_norm=4.6771 tensors_with_grad=69/72
[train] step 176: T=672 positions=16 loss=1.4058 ce=3.1317 tv=0.5964 conf=0.5534 grad_norm=5.4659 tensors_with_grad=69/72
[train] step 177: T=526 positions=16 loss=1.6974 ce=4.7046 tv=0.7011 conf=1.1267 grad_norm=8.5638 tensors_with_grad=69/72
[train] step 178: T=588 positions=16 loss=0.5976 ce=1.9006 tv=0.2517 conf=0.4602 grad_norm=3.1296 tensors_with_grad=69/72
[train] step 179: T=634 positions=16 loss=1.4311 ce=3.6617 tv=0.5922 conf=0.6818 grad_norm=4.3442 tensors_with_grad=69/72
[train] step 180: T=608 positions=16 loss=0.4397 ce=1.0833 tv=0.2280 conf=0.5107 grad_norm=3.7217 tensors_with_grad=69/72
[train] step 181: T=675 positions=16 loss=1.2834 ce=3.0102 tv=0.5809 conf=0.8913 grad_norm=4.9214 tensors_with_grad=69/72
[train] step 182: T=667 positions=16 loss=2.3794 ce=6.5870 tv=0.6666 conf=0.7458 grad_norm=21.3668 tensors_with_grad=69/72
[train] step 183: T=576 positions=16 loss=0.6266 ce=1.8637 tv=0.2745 conf=0.4358 grad_norm=4.9644 tensors_with_grad=69/72
[train] step 184: T=534 positions=16 loss=0.8104 ce=2.5070 tv=0.3815 conf=0.9677 grad_norm=3.2877 tensors_with_grad=69/72
[train] step 185: T=543 positions=16 loss=0.7657 ce=2.0199 tv=0.3609 conf=0.5481 grad_norm=8.9473 tensors_with_grad=69/72
[train] step 186: T=524 positions=16 loss=0.8860 ce=2.4283 tv=0.5161 conf=0.7305 grad_norm=7.2746 tensors_with_grad=69/72
[train] step 187: T=674 positions=16 loss=0.6704 ce=2.1961 tv=0.4043 conf=0.7545 grad_norm=10.4955 tensors_with_grad=69/72
[train] step 188: T=542 positions=16 loss=0.4808 ce=1.2137 tv=0.3010 conf=0.4880 grad_norm=4.4875 tensors_with_grad=69/72
[train] step 189: T=672 positions=16 loss=0.9924 ce=2.6061 tv=0.4516 conf=0.8245 grad_norm=5.8393 tensors_with_grad=69/72
[train] step 190: T=528 positions=16 loss=0.7908 ce=2.1367 tv=0.3803 conf=1.0413 grad_norm=5.3781 tensors_with_grad=69/72
[train] step 191: T=542 positions=16 loss=0.4396 ce=1.4535 tv=0.2346 conf=0.5261 grad_norm=2.8772 tensors_with_grad=69/72
[train] step 192: T=584 positions=16 loss=1.3537 ce=3.2924 tv=0.5969 conf=0.8146 grad_norm=43.3243 tensors_with_grad=69/72
[train] step 193: T=650 positions=16 loss=1.1712 ce=2.9070 tv=0.5396 conf=0.6144 grad_norm=9.7514 tensors_with_grad=69/72
[train] step 194: T=1710 positions=16 loss=1.5818 ce=4.6300 tv=0.4802 conf=0.6274 grad_norm=7.9745 tensors_with_grad=69/72
[train] step 195: T=672 positions=16 loss=1.0310 ce=3.2485 tv=0.4735 conf=0.8407 grad_norm=6.1477 tensors_with_grad=69/72
[train] step 196: T=534 positions=16 loss=0.9954 ce=2.3102 tv=0.4499 conf=0.5695 grad_norm=4.7836 tensors_with_grad=69/72
[train] step 197: T=541 positions=16 loss=0.7193 ce=2.9292 tv=0.3282 conf=0.8240 grad_norm=4.5540 tensors_with_grad=69/72
[train] step 198: T=915 positions=16 loss=1.0305 ce=2.8945 tv=0.4095 conf=0.6955 grad_norm=3.7964 tensors_with_grad=69/72
[train] step 199: T=1176 positions=16 loss=1.0935 ce=2.5785 tv=0.4131 conf=0.5278 grad_norm=5.2924 tensors_with_grad=69/72
[train] step 200: T=621 positions=16 loss=1.2269 ce=2.7324 tv=0.6086 conf=0.7716 grad_norm=5.7649 tensors_with_grad=69/72
[train] step 201: T=672 positions=16 loss=1.5117 ce=3.7845 tv=0.5728 conf=0.6565 grad_norm=6.2178 tensors_with_grad=69/72
[train] step 202: T=600 positions=16 loss=0.3978 ce=0.9726 tv=0.2719 conf=0.4804 grad_norm=12.6506 tensors_with_grad=69/72
[train] step 203: T=537 positions=16 loss=0.6519 ce=1.5952 tv=0.3827 conf=0.7625 grad_norm=5.0996 tensors_with_grad=69/72
[train] step 204: T=540 positions=16 loss=1.6574 ce=4.6646 tv=0.6270 conf=0.8990 grad_norm=7.2180 tensors_with_grad=69/72
[train] step 205: T=538 positions=16 loss=0.2812 ce=0.5455 tv=0.1832 conf=0.3864 grad_norm=3.2414 tensors_with_grad=69/72
[train] step 206: T=543 positions=16 loss=0.1579 ce=0.5733 tv=0.1330 conf=0.3794 grad_norm=1.4199 tensors_with_grad=69/72
[train] step 207: T=532 positions=16 loss=0.7716 ce=2.1596 tv=0.3953 conf=0.6527 grad_norm=4.8880 tensors_with_grad=69/72
[train] step 208: T=672 positions=16 loss=0.9033 ce=2.0518 tv=0.4480 conf=0.6502 grad_norm=4.8565 tensors_with_grad=69/72
[train] step 209: T=621 positions=16 loss=0.4773 ce=2.2430 tv=0.3101 conf=0.6436 grad_norm=4.9006 tensors_with_grad=69/72
[train] step 210: T=678 positions=16 loss=0.7043 ce=2.0464 tv=0.3454 conf=1.2048 grad_norm=6.9722 tensors_with_grad=69/72
[train] step 211: T=658 positions=16 loss=0.5500 ce=1.5928 tv=0.3165 conf=0.6283 grad_norm=4.7302 tensors_with_grad=69/72
[train] step 212: T=954 positions=16 loss=1.5467 ce=4.3523 tv=0.5032 conf=0.6313 grad_norm=8.2670 tensors_with_grad=69/72
[train] step 213: T=534 positions=16 loss=0.5862 ce=1.6628 tv=0.3643 conf=1.1703 grad_norm=10.9416 tensors_with_grad=69/72
[train] step 214: T=538 positions=16 loss=0.5143 ce=1.4096 tv=0.3097 conf=0.5816 grad_norm=7.2055 tensors_with_grad=69/72
[train] step 215: T=674 positions=16 loss=0.9900 ce=2.4182 tv=0.4921 conf=0.9460 grad_norm=5.5347 tensors_with_grad=69/72
[train] step 216: T=623 positions=16 loss=1.1161 ce=2.6622 tv=0.5226 conf=0.8789 grad_norm=4.3552 tensors_with_grad=69/72
[train] step 217: T=577 positions=16 loss=0.8709 ce=2.1910 tv=0.3917 conf=0.6988 grad_norm=3.6087 tensors_with_grad=69/72
[train] step 218: T=597 positions=16 loss=0.7396 ce=1.8753 tv=0.3931 conf=0.9144 grad_norm=7.4592 tensors_with_grad=69/72
[train] step 219: T=569 positions=16 loss=0.9886 ce=2.6305 tv=0.4678 conf=0.8312 grad_norm=4.7939 tensors_with_grad=69/72
[train] step 220: T=527 positions=16 loss=0.4063 ce=0.9702 tv=0.2131 conf=0.8976 grad_norm=4.5382 tensors_with_grad=69/72
[train] step 221: T=532 positions=16 loss=0.7387 ce=1.9484 tv=0.3537 conf=0.8897 grad_norm=3.9871 tensors_with_grad=69/72
[train] step 222: T=532 positions=16 loss=2.1790 ce=6.5214 tv=0.7007 conf=1.0430 grad_norm=11.6032 tensors_with_grad=69/72
[train] step 223: T=673 positions=16 loss=1.0392 ce=2.6711 tv=0.5265 conf=1.1147 grad_norm=3.2002 tensors_with_grad=69/72
[train] step 224: T=584 positions=16 loss=0.4688 ce=1.2719 tv=0.2841 conf=0.5335 grad_norm=3.4923 tensors_with_grad=69/72
[train] step 225: T=538 positions=16 loss=1.0419 ce=2.7615 tv=0.5131 conf=0.9272 grad_norm=4.5238 tensors_with_grad=69/72
[train] step 226: T=548 positions=16 loss=0.5972 ce=1.6606 tv=0.3182 conf=0.7307 grad_norm=4.1062 tensors_with_grad=69/72
[train] step 227: T=541 positions=16 loss=0.4226 ce=1.1613 tv=0.2065 conf=0.5368 grad_norm=3.5663 tensors_with_grad=69/72
[train] step 228: T=607 positions=16 loss=0.2232 ce=0.7187 tv=0.1406 conf=0.3271 grad_norm=1.4174 tensors_with_grad=69/72
[train] step 229: T=530 positions=16 loss=0.4735 ce=1.2000 tv=0.2284 conf=0.5349 grad_norm=2.8703 tensors_with_grad=69/72
[train] step 230: T=561 positions=16 loss=0.3103 ce=1.0369 tv=0.2082 conf=0.6595 grad_norm=4.7591 tensors_with_grad=69/72
[train] step 231: T=976 positions=16 loss=1.5555 ce=3.2199 tv=0.4974 conf=0.5000 grad_norm=6.9715 tensors_with_grad=69/72
[train] step 232: T=557 positions=16 loss=1.0604 ce=2.8462 tv=0.4968 conf=0.6894 grad_norm=7.9577 tensors_with_grad=69/72
[train] step 233: T=648 positions=16 loss=0.6316 ce=1.4147 tv=0.3408 conf=1.0819 grad_norm=4.8860 tensors_with_grad=69/72
[train] step 234: T=542 positions=16 loss=0.6391 ce=1.4119 tv=0.2243 conf=0.3479 grad_norm=3.4728 tensors_with_grad=69/72
[train] step 235: T=644 positions=16 loss=0.8122 ce=1.7553 tv=0.3811 conf=0.6265 grad_norm=4.5837 tensors_with_grad=69/72
[train] step 236: T=534 positions=16 loss=1.0069 ce=2.5865 tv=0.4655 conf=1.0109 grad_norm=2.5142 tensors_with_grad=69/72
[train] step 237: T=1054 positions=16 loss=0.9881 ce=2.6843 tv=0.4678 conf=0.9333 grad_norm=4.4356 tensors_with_grad=69/72
[train] step 238: T=675 positions=16 loss=0.7112 ce=1.7649 tv=0.2967 conf=0.5673 grad_norm=4.9310 tensors_with_grad=69/72
[train] step 239: T=619 positions=16 loss=1.2767 ce=3.0185 tv=0.4839 conf=0.8687 grad_norm=3.4100 tensors_with_grad=69/72
[train] step 240: T=552 positions=16 loss=1.6894 ce=5.1270 tv=0.5711 conf=0.7868 grad_norm=11.9585 tensors_with_grad=69/72
[train] step 241: T=542 positions=16 loss=1.0916 ce=2.4533 tv=0.5058 conf=0.6740 grad_norm=8.2232 tensors_with_grad=69/72
[train] step 242: T=927 positions=16 loss=0.9508 ce=2.4371 tv=0.3862 conf=0.9203 grad_norm=5.3955 tensors_with_grad=69/72
[train] step 243: T=581 positions=16 loss=0.2105 ce=0.9459 tv=0.1803 conf=0.7966 grad_norm=1.7640 tensors_with_grad=69/72
[train] step 244: T=541 positions=16 loss=0.9160 ce=2.3845 tv=0.4401 conf=0.8812 grad_norm=5.8176 tensors_with_grad=69/72
[train] step 245: T=531 positions=16 loss=1.6084 ce=3.4694 tv=0.6324 conf=0.5566 grad_norm=8.3678 tensors_with_grad=69/72
[train] step 246: T=577 positions=16 loss=0.5119 ce=1.4950 tv=0.3434 conf=1.0485 grad_norm=3.2570 tensors_with_grad=69/72
[train] step 247: T=827 positions=16 loss=1.3111 ce=3.3101 tv=0.4878 conf=1.0974 grad_norm=6.9693 tensors_with_grad=69/72
[train] step 248: T=532 positions=16 loss=0.3068 ce=0.7386 tv=0.2710 conf=1.2214 grad_norm=6.0569 tensors_with_grad=69/72
[train] step 249: T=532 positions=16 loss=0.4823 ce=1.1610 tv=0.2981 conf=0.9914 grad_norm=3.2357 tensors_with_grad=69/72
[train] step 250: T=587 positions=16 loss=0.5894 ce=1.7633 tv=0.3842 conf=0.9659 grad_norm=5.0666 tensors_with_grad=69/72
[train] step 251: T=620 positions=16 loss=0.3304 ce=0.7094 tv=0.1996 conf=0.5534 grad_norm=2.2095 tensors_with_grad=69/72
[train] step 252: T=535 positions=16 loss=1.3329 ce=3.0642 tv=0.5361 conf=0.7257 grad_norm=4.3957 tensors_with_grad=69/72
[train] step 253: T=532 positions=16 loss=1.2159 ce=2.9751 tv=0.4396 conf=0.7086 grad_norm=5.7225 tensors_with_grad=69/72
[train] step 254: T=553 positions=16 loss=0.4495 ce=1.2432 tv=0.2329 conf=0.6650 grad_norm=2.0992 tensors_with_grad=69/72
[train] step 255: T=567 positions=16 loss=0.2240 ce=0.4282 tv=0.1364 conf=0.5295 grad_norm=4.0271 tensors_with_grad=69/72
[train] step 256: T=676 positions=16 loss=0.5899 ce=1.6296 tv=0.3047 conf=0.7342 grad_norm=3.4272 tensors_with_grad=69/72
[train] step 257: T=571 positions=16 loss=1.5909 ce=3.6182 tv=0.5631 conf=0.5503 grad_norm=7.6613 tensors_with_grad=69/72
[train] step 258: T=675 positions=16 loss=0.4619 ce=1.4138 tv=0.2863 conf=0.6094 grad_norm=3.4670 tensors_with_grad=69/72
[train] step 259: T=631 positions=16 loss=0.3409 ce=0.7834 tv=0.2093 conf=0.6026 grad_norm=6.2614 tensors_with_grad=69/72
[train] step 260: T=625 positions=16 loss=0.5679 ce=1.9593 tv=0.3558 conf=0.7003 grad_norm=4.7137 tensors_with_grad=69/72
[train] step 261: T=621 positions=16 loss=0.8169 ce=1.9656 tv=0.4480 conf=0.7256 grad_norm=4.5406 tensors_with_grad=69/72
[train] step 262: T=551 positions=16 loss=1.0873 ce=2.9113 tv=0.4086 conf=0.5262 grad_norm=4.9959 tensors_with_grad=69/72
[train] step 263: T=600 positions=16 loss=1.4792 ce=4.3283 tv=0.5412 conf=0.7490 grad_norm=7.3426 tensors_with_grad=69/72
[train] step 264: T=540 positions=16 loss=0.2991 ce=0.6288 tv=0.1501 conf=0.2110 grad_norm=2.3501 tensors_with_grad=69/72
[train] step 265: T=542 positions=16 loss=0.2415 ce=0.4916 tv=0.1065 conf=0.1537 grad_norm=2.6497 tensors_with_grad=69/72
[train] step 266: T=915 positions=16 loss=1.1750 ce=3.3215 tv=0.3834 conf=0.7169 grad_norm=7.9327 tensors_with_grad=69/72
[train] step 267: T=620 positions=16 loss=1.3164 ce=3.8935 tv=0.5249 conf=0.8766 grad_norm=9.1986 tensors_with_grad=69/72
[train] step 268: T=673 positions=16 loss=1.0520 ce=2.9099 tv=0.4578 conf=0.6682 grad_norm=6.5628 tensors_with_grad=69/72
[train] step 269: T=621 positions=16 loss=0.6203 ce=1.7129 tv=0.3582 conf=0.7619 grad_norm=4.5551 tensors_with_grad=69/72
[train] step 270: T=529 positions=16 loss=0.6080 ce=1.9223 tv=0.2966 conf=0.7507 grad_norm=3.8200 tensors_with_grad=69/72
[train] step 271: T=1196 positions=16 loss=1.5194 ce=3.4803 tv=0.5030 conf=0.5552 grad_norm=7.4629 tensors_with_grad=69/72
[train] step 272: T=1273 positions=16 loss=1.2461 ce=3.3968 tv=0.4553 conf=0.7387 grad_norm=4.9157 tensors_with_grad=69/72
[train] step 273: T=524 positions=16 loss=0.9889 ce=2.8574 tv=0.5030 conf=1.0382 grad_norm=5.5435 tensors_with_grad=69/72
[train] step 274: T=624 positions=16 loss=0.4814 ce=1.6885 tv=0.3182 conf=0.7492 grad_norm=3.6791 tensors_with_grad=69/72
[train] step 275: T=525 positions=16 loss=0.9410 ce=2.5159 tv=0.4873 conf=0.8689 grad_norm=4.8837 tensors_with_grad=69/72
[train] step 276: T=535 positions=16 loss=0.4083 ce=1.3126 tv=0.2584 conf=0.5911 grad_norm=2.5908 tensors_with_grad=69/72
[train] step 277: T=631 positions=16 loss=0.3069 ce=1.1335 tv=0.1754 conf=0.8373 grad_norm=2.8333 tensors_with_grad=69/72
[train] step 278: T=872 positions=16 loss=1.3654 ce=3.7373 tv=0.5280 conf=0.9373 grad_norm=7.4134 tensors_with_grad=69/72
[train] step 279: T=1563 positions=16 loss=1.3466 ce=3.6001 tv=0.4598 conf=0.8848 grad_norm=5.8106 tensors_with_grad=69/72
[train] step 280: T=675 positions=16 loss=0.7870 ce=2.0962 tv=0.4007 conf=0.9587 grad_norm=4.9055 tensors_with_grad=69/72
[train] step 281: T=534 positions=16 loss=0.2894 ce=0.9033 tv=0.1619 conf=0.7668 grad_norm=2.1726 tensors_with_grad=69/72
[train] step 282: T=673 positions=16 loss=0.6610 ce=2.0548 tv=0.3471 conf=0.9972 grad_norm=4.3319 tensors_with_grad=69/72
[train] step 283: T=672 positions=16 loss=1.3100 ce=3.0983 tv=0.5100 conf=0.6567 grad_norm=5.2995 tensors_with_grad=69/72
[train] step 284: T=532 positions=16 loss=1.3031 ce=3.1151 tv=0.4939 conf=0.7685 grad_norm=9.7904 tensors_with_grad=69/72
[train] step 285: T=594 positions=16 loss=0.2601 ce=0.6394 tv=0.1518 conf=0.4481 grad_norm=2.3911 tensors_with_grad=69/72
[train] step 286: T=539 positions=16 loss=0.2437 ce=0.9153 tv=0.2065 conf=0.5171 grad_norm=2.4861 tensors_with_grad=69/72
[train] step 287: T=540 positions=16 loss=0.0624 ce=0.2113 tv=0.0812 conf=0.3666 grad_norm=0.5461 tensors_with_grad=69/72
[train] step 288: T=531 positions=16 loss=1.1226 ce=2.4622 tv=0.4801 conf=1.0650 grad_norm=5.3920 tensors_with_grad=69/72
[train] step 289: T=530 positions=16 loss=0.5428 ce=1.3796 tv=0.2896 conf=1.4214 grad_norm=2.9914 tensors_with_grad=69/72
[train] step 290: T=676 positions=16 loss=0.4724 ce=1.5261 tv=0.3010 conf=0.8869 grad_norm=2.5205 tensors_with_grad=69/72
[train] step 291: T=529 positions=16 loss=0.8088 ce=1.8697 tv=0.3762 conf=0.9067 grad_norm=4.1229 tensors_with_grad=69/72
[train] step 292: T=626 positions=16 loss=0.6031 ce=1.2144 tv=0.3505 conf=1.2099 grad_norm=5.7930 tensors_with_grad=69/72
[train] step 293: T=569 positions=16 loss=1.6544 ce=5.0443 tv=0.5420 conf=1.0943 grad_norm=10.7441 tensors_with_grad=69/72
[train] step 294: T=957 positions=16 loss=1.8304 ce=4.2978 tv=0.6358 conf=1.8341 grad_norm=6.1783 tensors_with_grad=69/72
[train] step 295: T=630 positions=16 loss=0.5159 ce=1.6969 tv=0.3017 conf=1.6101 grad_norm=5.0479 tensors_with_grad=69/72
[train] step 296: T=672 positions=16 loss=1.4654 ce=3.3659 tv=0.6103 conf=0.9506 grad_norm=6.4053 tensors_with_grad=69/72
[train] step 297: T=659 positions=16 loss=0.5768 ce=1.5386 tv=0.3370 conf=1.2954 grad_norm=3.5988 tensors_with_grad=69/72
[train] step 298: T=559 positions=16 loss=0.5057 ce=1.1410 tv=0.2422 conf=0.7197 grad_norm=2.6025 tensors_with_grad=69/72
[train] step 299: T=674 positions=16 loss=1.1103 ce=2.7555 tv=0.5211 conf=1.1107 grad_norm=3.1300 tensors_with_grad=69/72
[train] step 300: T=525 positions=16 loss=0.7467 ce=1.8291 tv=0.3826 conf=0.9221 grad_norm=4.1213 tensors_with_grad=69/72
[train] step 301: T=535 positions=16 loss=0.6041 ce=1.5245 tv=0.3379 conf=0.9568 grad_norm=5.4356 tensors_with_grad=69/72
[train] step 302: T=533 positions=16 loss=0.7334 ce=1.4817 tv=0.3507 conf=0.8002 grad_norm=5.2581 tensors_with_grad=69/72
[train] step 303: T=603 positions=16 loss=0.7621 ce=1.6177 tv=0.3300 conf=0.7332 grad_norm=5.4538 tensors_with_grad=69/72
[train] step 304: T=600 positions=16 loss=0.3996 ce=0.9834 tv=0.2079 conf=0.4772 grad_norm=2.6385 tensors_with_grad=69/72
[train] step 305: T=594 positions=16 loss=0.4868 ce=1.4008 tv=0.2952 conf=0.7903 grad_norm=4.0292 tensors_with_grad=69/72
[train] step 306: T=533 positions=16 loss=0.8542 ce=1.8246 tv=0.4511 conf=0.8248 grad_norm=4.3552 tensors_with_grad=69/72
[train] step 307: T=533 positions=16 loss=0.6057 ce=1.6912 tv=0.2961 conf=1.2401 grad_norm=4.8677 tensors_with_grad=69/72
[train] step 308: T=602 positions=16 loss=0.5241 ce=2.0994 tv=0.2000 conf=0.7648 grad_norm=5.8696 tensors_with_grad=69/72
[train] step 309: T=647 positions=16 loss=0.2677 ce=0.5909 tv=0.1497 conf=0.3700 grad_norm=2.5640 tensors_with_grad=69/72
[train] step 310: T=576 positions=16 loss=0.3926 ce=1.0363 tv=0.1742 conf=0.5524 grad_norm=1.9085 tensors_with_grad=69/72
[train] step 311: T=531 positions=16 loss=0.5590 ce=1.3881 tv=0.2601 conf=0.6394 grad_norm=3.5522 tensors_with_grad=69/72
[train] step 312: T=643 positions=16 loss=0.4961 ce=1.6244 tv=0.2768 conf=1.0109 grad_norm=2.9511 tensors_with_grad=69/72
[train] step 313: T=1335 positions=16 loss=1.3359 ce=3.4848 tv=0.4588 conf=0.8825 grad_norm=5.0467 tensors_with_grad=69/72
[train] step 314: T=538 positions=16 loss=0.4444 ce=1.2162 tv=0.2176 conf=0.7808 grad_norm=3.6476 tensors_with_grad=69/72
[train] step 315: T=605 positions=16 loss=0.3533 ce=0.8529 tv=0.1516 conf=0.4886 grad_norm=4.5891 tensors_with_grad=69/72
[train] step 316: T=554 positions=16 loss=0.9873 ce=1.9878 tv=0.3931 conf=0.7557 grad_norm=6.6370 tensors_with_grad=69/72
[train] step 317: T=912 positions=16 loss=0.9074 ce=2.5769 tv=0.3646 conf=1.2127 grad_norm=3.8598 tensors_with_grad=69/72
[train] step 318: T=525 positions=16 loss=1.1198 ce=2.7881 tv=0.5580 conf=1.0946 grad_norm=3.7679 tensors_with_grad=69/72
[train] step 319: T=530 positions=16 loss=0.7703 ce=2.1379 tv=0.3116 conf=0.5250 grad_norm=6.8837 tensors_with_grad=69/72
[train] step 320: T=638 positions=16 loss=0.7208 ce=1.4977 tv=0.3881 conf=0.6521 grad_norm=5.3613 tensors_with_grad=69/72
[train] step 321: T=547 positions=16 loss=1.0535 ce=2.6612 tv=0.5536 conf=1.4662 grad_norm=4.3670 tensors_with_grad=69/72
[train] step 322: T=675 positions=16 loss=0.9428 ce=2.2573 tv=0.4645 conf=1.1395 grad_norm=5.9684 tensors_with_grad=69/72
[train] step 323: T=563 positions=16 loss=0.9837 ce=2.1464 tv=0.4104 conf=0.8629 grad_norm=4.9583 tensors_with_grad=69/72
[train] step 324: T=626 positions=16 loss=0.9510 ce=2.0704 tv=0.4221 conf=0.8965 grad_norm=6.6790 tensors_with_grad=69/72
[train] step 325: T=673 positions=16 loss=1.0815 ce=2.8489 tv=0.4289 conf=0.7241 grad_norm=4.9103 tensors_with_grad=69/72
[train] step 326: T=535 positions=16 loss=0.1527 ce=0.3795 tv=0.1193 conf=0.6222 grad_norm=1.4566 tensors_with_grad=69/72
[train] step 327: T=534 positions=16 loss=0.1214 ce=0.3641 tv=0.0904 conf=0.4179 grad_norm=1.3501 tensors_with_grad=69/72
[train] step 328: T=546 positions=16 loss=0.6467 ce=1.4703 tv=0.2902 conf=0.8465 grad_norm=3.8799 tensors_with_grad=69/72
[train] step 329: T=539 positions=16 loss=0.4681 ce=1.2401 tv=0.2956 conf=0.8573 grad_norm=2.1825 tensors_with_grad=69/72
[train] step 330: T=608 positions=16 loss=0.7218 ce=2.5668 tv=0.3650 conf=1.1879 grad_norm=5.4623 tensors_with_grad=69/72
[train] step 331: T=648 positions=16 loss=0.6822 ce=1.5307 tv=0.3549 conf=0.6016 grad_norm=3.3590 tensors_with_grad=69/72
[train] step 332: T=529 positions=16 loss=0.5637 ce=1.3489 tv=0.3393 conf=1.7045 grad_norm=3.3235 tensors_with_grad=69/72
[train] step 333: T=580 positions=16 loss=1.1035 ce=2.4057 tv=0.4577 conf=0.7784 grad_norm=7.3846 tensors_with_grad=69/72
[train] step 334: T=544 positions=16 loss=0.8358 ce=1.8051 tv=0.3228 conf=0.9776 grad_norm=9.5839 tensors_with_grad=69/72
[train] step 335: T=527 positions=16 loss=1.1843 ce=2.7398 tv=0.5356 conf=0.9452 grad_norm=11.2910 tensors_with_grad=69/72
[train] step 336: T=567 positions=16 loss=0.8984 ce=2.0550 tv=0.2860 conf=0.6210 grad_norm=6.1165 tensors_with_grad=69/72
[train] step 337: T=672 positions=16 loss=0.9338 ce=2.1315 tv=0.4520 conf=1.0156 grad_norm=3.6254 tensors_with_grad=69/72
[train] step 338: T=589 positions=16 loss=0.9366 ce=1.9971 tv=0.4045 conf=0.9412 grad_norm=4.4523 tensors_with_grad=69/72
[train] step 339: T=620 positions=16 loss=0.9220 ce=2.3144 tv=0.4123 conf=0.8673 grad_norm=5.9877 tensors_with_grad=69/72
[train] step 340: T=533 positions=16 loss=0.3623 ce=0.8936 tv=0.2115 conf=0.9849 grad_norm=2.0278 tensors_with_grad=69/72
[train] step 341: T=1060 positions=16 loss=1.0944 ce=2.6147 tv=0.4167 conf=0.6257 grad_norm=3.7257 tensors_with_grad=69/72
[train] step 342: T=538 positions=16 loss=0.6963 ce=1.8358 tv=0.3890 conf=1.2629 grad_norm=6.4496 tensors_with_grad=69/72
[train] step 343: T=529 positions=16 loss=0.2541 ce=0.5679 tv=0.1360 conf=0.7201 grad_norm=2.2750 tensors_with_grad=69/72
[train] step 344: T=635 positions=16 loss=0.9767 ce=2.1420 tv=0.4583 conf=0.9767 grad_norm=2.8622 tensors_with_grad=69/72
[train] step 345: T=628 positions=16 loss=0.3956 ce=1.1328 tv=0.2613 conf=0.5882 grad_norm=5.1213 tensors_with_grad=69/72
[train] step 346: T=538 positions=16 loss=0.6242 ce=1.3343 tv=0.3002 conf=0.6568 grad_norm=6.5723 tensors_with_grad=69/72
[train] step 347: T=574 positions=16 loss=0.7358 ce=1.8634 tv=0.3518 conf=1.2244 grad_norm=9.9477 tensors_with_grad=69/72
[train] step 348: T=595 positions=16 loss=0.6026 ce=1.7429 tv=0.3520 conf=0.7333 grad_norm=5.8953 tensors_with_grad=69/72
[train] step 349: T=640 positions=16 loss=0.8175 ce=2.1411 tv=0.3789 conf=0.7590 grad_norm=4.4308 tensors_with_grad=69/72
[train] step 350: T=588 positions=16 loss=0.2111 ce=0.4546 tv=0.1240 conf=0.3834 grad_norm=2.8884 tensors_with_grad=69/72
[train] step 351: T=533 positions=16 loss=0.4693 ce=1.0302 tv=0.1721 conf=0.4753 grad_norm=1.7767 tensors_with_grad=69/72
[train] step 352: T=675 positions=16 loss=1.3255 ce=3.4674 tv=0.5277 conf=0.7872 grad_norm=6.3651 tensors_with_grad=69/72
[train] step 353: T=532 positions=16 loss=0.6342 ce=1.2733 tv=0.2882 conf=0.5228 grad_norm=2.3093 tensors_with_grad=69/72
[train] step 354: T=586 positions=16 loss=0.9633 ce=2.7970 tv=0.4049 conf=0.8467 grad_norm=9.9333 tensors_with_grad=69/72
[train] step 355: T=1048 positions=16 loss=1.2586 ce=3.1582 tv=0.3962 conf=0.4722 grad_norm=6.0906 tensors_with_grad=69/72
[train] step 356: T=615 positions=16 loss=0.5124 ce=1.3955 tv=0.2643 conf=0.7184 grad_norm=3.9097 tensors_with_grad=69/72
[train] step 357: T=672 positions=16 loss=0.6706 ce=1.8289 tv=0.3257 conf=0.8509 grad_norm=4.5337 tensors_with_grad=69/72
[train] step 358: T=579 positions=16 loss=1.1933 ce=2.6056 tv=0.4287 conf=0.6005 grad_norm=4.0111 tensors_with_grad=69/72
[train] step 359: T=588 positions=16 loss=0.8445 ce=2.0743 tv=0.4188 conf=0.8401 grad_norm=4.5418 tensors_with_grad=69/72
[train] step 360: T=527 positions=16 loss=0.3617 ce=0.7898 tv=0.1414 conf=0.5996 grad_norm=1.5382 tensors_with_grad=69/72
[train] step 361: T=1060 positions=16 loss=1.4221 ce=3.4435 tv=0.4877 conf=0.8172 grad_norm=4.0966 tensors_with_grad=69/72
[train] step 362: T=629 positions=16 loss=0.6042 ce=1.3638 tv=0.2969 conf=0.7176 grad_norm=6.2639 tensors_with_grad=69/72
[train] step 363: T=529 positions=16 loss=0.7026 ce=1.7002 tv=0.3122 conf=0.7298 grad_norm=4.8893 tensors_with_grad=69/72
[train] step 364: T=629 positions=16 loss=0.3215 ce=0.6049 tv=0.1484 conf=0.4870 grad_norm=2.2036 tensors_with_grad=69/72
[train] step 365: T=621 positions=16 loss=0.3371 ce=0.9622 tv=0.1597 conf=0.6606 grad_norm=4.1475 tensors_with_grad=69/72
[train] step 366: T=591 positions=16 loss=0.4594 ce=1.4673 tv=0.2513 conf=0.5645 grad_norm=3.7523 tensors_with_grad=69/72
[train] step 367: T=604 positions=16 loss=0.6329 ce=1.2784 tv=0.2980 conf=0.7648 grad_norm=4.3908 tensors_with_grad=69/72
[train] step 368: T=673 positions=16 loss=0.3455 ce=0.9269 tv=0.1742 conf=1.8207 grad_norm=2.8323 tensors_with_grad=69/72
[train] step 369: T=531 positions=16 loss=0.7478 ce=1.9291 tv=0.3743 conf=0.7558 grad_norm=3.6841 tensors_with_grad=69/72
[train] step 370: T=539 positions=16 loss=0.2125 ce=0.5156 tv=0.1349 conf=0.4297 grad_norm=2.9980 tensors_with_grad=69/72
[train] step 371: T=676 positions=16 loss=0.9309 ce=2.3337 tv=0.4287 conf=1.2490 grad_norm=5.9525 tensors_with_grad=69/72
[train] step 372: T=966 positions=16 loss=1.7135 ce=3.8427 tv=0.5262 conf=0.7819 grad_norm=7.8833 tensors_with_grad=69/72
[train] step 373: T=638 positions=16 loss=0.6077 ce=1.0550 tv=0.2689 conf=0.9789 grad_norm=5.9828 tensors_with_grad=69/72
[train] step 374: T=539 positions=16 loss=1.0822 ce=2.5460 tv=0.4778 conf=0.7898 grad_norm=6.1517 tensors_with_grad=69/72
[train] step 375: T=543 positions=16 loss=0.4509 ce=0.8088 tv=0.2831 conf=0.8295 grad_norm=3.4372 tensors_with_grad=69/72
[train] step 376: T=544 positions=16 loss=0.3079 ce=0.6457 tv=0.2042 conf=0.7744 grad_norm=2.5714 tensors_with_grad=69/72
[train] step 377: T=532 positions=16 loss=0.5000 ce=1.2848 tv=0.1950 conf=0.7092 grad_norm=3.6016 tensors_with_grad=69/72
[train] step 378: T=536 positions=16 loss=0.2956 ce=0.6379 tv=0.1410 conf=0.4968 grad_norm=2.7037 tensors_with_grad=69/72
[train] step 379: T=553 positions=16 loss=0.9269 ce=1.6629 tv=0.3181 conf=0.5067 grad_norm=5.1359 tensors_with_grad=69/72
[train] step 380: T=651 positions=16 loss=0.7872 ce=1.9054 tv=0.4169 conf=0.6979 grad_norm=2.8829 tensors_with_grad=69/72
[train] step 381: T=573 positions=16 loss=1.9528 ce=4.8560 tv=0.6293 conf=0.5524 grad_norm=7.4172 tensors_with_grad=69/72
[train] step 382: T=549 positions=16 loss=0.9214 ce=1.6353 tv=0.3189 conf=0.3354 grad_norm=4.3420 tensors_with_grad=69/72
[train] step 383: T=573 positions=16 loss=0.6096 ce=1.6478 tv=0.3587 conf=0.6630 grad_norm=5.2940 tensors_with_grad=69/72
[train] step 384: T=534 positions=16 loss=1.0759 ce=2.3490 tv=0.5227 conf=1.0730 grad_norm=4.4715 tensors_with_grad=69/72
[train] step 385: T=548 positions=16 loss=0.8398 ce=2.1662 tv=0.3504 conf=0.6296 grad_norm=3.6224 tensors_with_grad=69/72
[train] step 386: T=588 positions=16 loss=0.9279 ce=2.2570 tv=0.3229 conf=1.2189 grad_norm=5.1552 tensors_with_grad=69/72
[train] step 387: T=654 positions=16 loss=0.7992 ce=1.7115 tv=0.3913 conf=0.8516 grad_norm=5.8199 tensors_with_grad=69/72
[train] step 388: T=536 positions=16 loss=0.8399 ce=1.7326 tv=0.3615 conf=0.9690 grad_norm=6.3926 tensors_with_grad=69/72
[train] step 389: T=959 positions=16 loss=1.5432 ce=4.1386 tv=0.5430 conf=1.1054 grad_norm=5.6582 tensors_with_grad=69/72
[train] step 390: T=532 positions=16 loss=0.5096 ce=1.2753 tv=0.2483 conf=0.9009 grad_norm=6.3755 tensors_with_grad=69/72
[train] step 391: T=654 positions=16 loss=0.7215 ce=1.5810 tv=0.3933 conf=0.9617 grad_norm=4.4019 tensors_with_grad=69/72
[train] step 392: T=627 positions=16 loss=0.5181 ce=1.1804 tv=0.1845 conf=0.9405 grad_norm=2.3531 tensors_with_grad=69/72
[train] step 393: T=531 positions=16 loss=0.5614 ce=1.1942 tv=0.3280 conf=0.8088 grad_norm=5.4955 tensors_with_grad=69/72
[train] step 394: T=614 positions=16 loss=0.4331 ce=0.9519 tv=0.3291 conf=1.1241 grad_norm=9.4941 tensors_with_grad=69/72
[train] step 395: T=530 positions=16 loss=1.2635 ce=2.6022 tv=0.4776 conf=0.6627 grad_norm=5.6058 tensors_with_grad=69/72
[train] step 396: T=545 positions=16 loss=0.6996 ce=1.5070 tv=0.3032 conf=0.7097 grad_norm=6.3066 tensors_with_grad=69/72
[train] step 397: T=605 positions=16 loss=0.6498 ce=1.8494 tv=0.3348 conf=0.7663 grad_norm=8.2584 tensors_with_grad=69/72
[train] step 398: T=529 positions=16 loss=0.9622 ce=2.6674 tv=0.4481 conf=0.9050 grad_norm=4.2326 tensors_with_grad=69/72
[train] step 399: T=1075 positions=16 loss=1.0863 ce=2.6848 tv=0.3293 conf=0.8720 grad_norm=5.5302 tensors_with_grad=69/72
[train] step 400: T=1443 positions=16 loss=1.4720 ce=4.1737 tv=0.5015 conf=0.8850 grad_norm=5.9450 tensors_with_grad=69/72
[train] step 401: T=535 positions=16 loss=1.3609 ce=2.9949 tv=0.5723 conf=0.9338 grad_norm=6.8716 tensors_with_grad=69/72
[train] step 402: T=594 positions=16 loss=0.2846 ce=0.5563 tv=0.1835 conf=0.5427 grad_norm=2.7012 tensors_with_grad=69/72
[train] step 403: T=886 positions=16 loss=1.3542 ce=3.2632 tv=0.3782 conf=0.5446 grad_norm=5.1432 tensors_with_grad=69/72
[train] step 404: T=532 positions=16 loss=0.8863 ce=2.0014 tv=0.4018 conf=0.7283 grad_norm=4.5150 tensors_with_grad=69/72
[train] step 405: T=560 positions=16 loss=0.6423 ce=1.7543 tv=0.3066 conf=1.0504 grad_norm=3.0507 tensors_with_grad=69/72
[train] step 406: T=597 positions=16 loss=0.8777 ce=2.0752 tv=0.3549 conf=0.6967 grad_norm=8.3173 tensors_with_grad=69/72
[train] step 407: T=536 positions=16 loss=0.1950 ce=0.2722 tv=0.1234 conf=0.3382 grad_norm=1.2182 tensors_with_grad=69/72
[train] step 408: T=578 positions=16 loss=0.2623 ce=0.5465 tv=0.2033 conf=1.5967 grad_norm=4.8137 tensors_with_grad=69/72
[train] step 409: T=675 positions=16 loss=0.3484 ce=0.9955 tv=0.2020 conf=0.8557 grad_norm=1.6400 tensors_with_grad=69/72
[train] step 410: T=672 positions=16 loss=1.3133 ce=2.9589 tv=0.5491 conf=1.0035 grad_norm=6.4159 tensors_with_grad=69/72
[train] step 411: T=529 positions=16 loss=0.3890 ce=0.8432 tv=0.2456 conf=0.9849 grad_norm=3.1903 tensors_with_grad=69/72
[train] step 412: T=676 positions=16 loss=0.4525 ce=0.8861 tv=0.2957 conf=1.0266 grad_norm=5.9252 tensors_with_grad=69/72
[train] step 413: T=555 positions=16 loss=0.5511 ce=1.0992 tv=0.1978 conf=0.6665 grad_norm=5.0517 tensors_with_grad=69/72
[train] step 414: T=1244 positions=16 loss=1.3556 ce=3.5696 tv=0.4123 conf=0.8066 grad_norm=3.9037 tensors_with_grad=69/72
[train] step 415: T=549 positions=16 loss=1.3021 ce=2.4459 tv=0.5034 conf=0.8822 grad_norm=6.2013 tensors_with_grad=69/72
[train] step 416: T=599 positions=16 loss=0.4670 ce=1.4272 tv=0.3239 conf=0.9445 grad_norm=2.5767 tensors_with_grad=69/72
[train] step 417: T=526 positions=16 loss=0.6213 ce=1.7749 tv=0.3226 conf=0.7360 grad_norm=8.5375 tensors_with_grad=69/72
[train] step 418: T=576 positions=16 loss=1.3725 ce=3.0752 tv=0.4932 conf=0.9334 grad_norm=5.0680 tensors_with_grad=69/72
[train] step 419: T=542 positions=16 loss=0.5003 ce=1.4267 tv=0.2688 conf=0.7900 grad_norm=4.4658 tensors_with_grad=69/72
[train] step 420: T=537 positions=16 loss=0.1082 ce=0.1893 tv=0.0688 conf=0.2825 grad_norm=1.6679 tensors_with_grad=69/72
[train] step 421: T=536 positions=16 loss=0.2454 ce=0.6827 tv=0.1447 conf=0.3484 grad_norm=2.9092 tensors_with_grad=69/72
[train] step 422: T=543 positions=16 loss=0.2551 ce=0.6563 tv=0.1219 conf=0.2546 grad_norm=3.5709 tensors_with_grad=69/72
[train] step 423: T=573 positions=16 loss=1.0909 ce=2.4470 tv=0.3964 conf=0.5565 grad_norm=5.2637 tensors_with_grad=69/72
[train] step 424: T=928 positions=16 loss=0.9252 ce=2.5207 tv=0.3790 conf=0.7197 grad_norm=5.1128 tensors_with_grad=69/72
[train] step 425: T=979 positions=16 loss=1.6154 ce=3.4837 tv=0.4970 conf=0.7502 grad_norm=6.9388 tensors_with_grad=69/72
[train] step 426: T=542 positions=16 loss=0.1762 ce=0.5563 tv=0.1322 conf=0.5408 grad_norm=1.4059 tensors_with_grad=69/72
[train] step 427: T=525 positions=16 loss=0.7832 ce=1.2622 tv=0.3056 conf=0.6211 grad_norm=7.4309 tensors_with_grad=69/72
[train] step 428: T=1286 positions=16 loss=0.9581 ce=2.4664 tv=0.3831 conf=0.8166 grad_norm=2.1960 tensors_with_grad=69/72
[train] step 429: T=538 positions=16 loss=0.2340 ce=0.3698 tv=0.1519 conf=0.3119 grad_norm=2.7719 tensors_with_grad=69/72
[train] step 430: T=541 positions=16 loss=0.7622 ce=2.2862 tv=0.3245 conf=0.7791 grad_norm=6.7713 tensors_with_grad=69/72
[train] step 431: T=537 positions=16 loss=0.7994 ce=1.8307 tv=0.3673 conf=0.9942 grad_norm=5.7348 tensors_with_grad=69/72
[train] step 432: T=550 positions=16 loss=0.4966 ce=0.8836 tv=0.2585 conf=0.6431 grad_norm=4.0636 tensors_with_grad=69/72
[train] step 433: T=568 positions=16 loss=0.9670 ce=3.2353 tv=0.3843 conf=1.2420 grad_norm=6.3822 tensors_with_grad=69/72
[train] step 434: T=524 positions=16 loss=1.3257 ce=2.7515 tv=0.5294 conf=0.7455 grad_norm=5.4164 tensors_with_grad=69/72
[train] step 435: T=601 positions=16 loss=0.2993 ce=0.8015 tv=0.1618 conf=0.6368 grad_norm=4.1312 tensors_with_grad=69/72
[train] step 436: T=530 positions=16 loss=0.5529 ce=1.2748 tv=0.2710 conf=0.8013 grad_norm=7.3974 tensors_with_grad=69/72
[train] step 437: T=525 positions=16 loss=0.5879 ce=1.5487 tv=0.3465 conf=1.0472 grad_norm=5.1730 tensors_with_grad=69/72
[train] step 438: T=526 positions=16 loss=1.2110 ce=2.6322 tv=0.5146 conf=1.1597 grad_norm=9.1235 tensors_with_grad=69/72
[train] step 439: T=584 positions=16 loss=0.3106 ce=0.7292 tv=0.1487 conf=0.4936 grad_norm=3.2050 tensors_with_grad=69/72
[train] step 440: T=1681 positions=16 loss=1.6050 ce=3.9727 tv=0.4709 conf=1.9907 grad_norm=5.9195 tensors_with_grad=69/72
[train] step 441: T=532 positions=16 loss=0.6005 ce=1.4562 tv=0.2789 conf=0.8094 grad_norm=2.0286 tensors_with_grad=69/72
[train] step 442: T=535 positions=16 loss=0.6284 ce=1.3106 tv=0.2350 conf=0.5364 grad_norm=3.3179 tensors_with_grad=69/72
[train] step 443: T=1305 positions=16 loss=1.7364 ce=4.2024 tv=0.5156 conf=1.1064 grad_norm=5.3192 tensors_with_grad=69/72
[train] step 444: T=545 positions=16 loss=0.6338 ce=1.4029 tv=0.3079 conf=0.5366 grad_norm=9.5967 tensors_with_grad=69/72
[train] step 445: T=537 positions=16 loss=0.6390 ce=1.4840 tv=0.2963 conf=0.7950 grad_norm=5.8801 tensors_with_grad=69/72
[train] step 446: T=963 positions=16 loss=1.2831 ce=3.2367 tv=0.3705 conf=1.1793 grad_norm=5.1738 tensors_with_grad=69/72
[train] step 447: T=539 positions=16 loss=0.4068 ce=0.8656 tv=0.1880 conf=1.0554 grad_norm=2.0634 tensors_with_grad=69/72
[train] step 448: T=653 positions=16 loss=1.4834 ce=3.1586 tv=0.5895 conf=2.3153 grad_norm=5.8489 tensors_with_grad=69/72
[train] step 449: T=528 positions=16 loss=0.5949 ce=1.1998 tv=0.2474 conf=0.6161 grad_norm=4.6133 tensors_with_grad=69/72
[train] step 450: T=599 positions=16 loss=0.7944 ce=1.8214 tv=0.3714 conf=0.9555 grad_norm=6.0122 tensors_with_grad=69/72
[train] step 451: T=543 positions=16 loss=0.4385 ce=0.9527 tv=0.1926 conf=0.8093 grad_norm=3.0679 tensors_with_grad=69/72
[train] step 452: T=532 positions=16 loss=0.5933 ce=1.4425 tv=0.2406 conf=0.7654 grad_norm=4.2941 tensors_with_grad=69/72
[train] step 453: T=1026 positions=16 loss=1.5274 ce=3.2985 tv=0.5671 conf=1.5565 grad_norm=6.1694 tensors_with_grad=69/72
[train] step 454: T=577 positions=16 loss=0.7541 ce=1.5907 tv=0.3911 conf=0.8975 grad_norm=4.0203 tensors_with_grad=69/72
[train] step 455: T=1744 positions=16 loss=1.7958 ce=4.2536 tv=0.5482 conf=1.6121 grad_norm=7.3135 tensors_with_grad=69/72
[train] step 456: T=643 positions=16 loss=0.2992 ce=0.6188 tv=0.1546 conf=0.5126 grad_norm=1.7568 tensors_with_grad=69/72
[train] step 457: T=678 positions=16 loss=0.9027 ce=1.9473 tv=0.3982 conf=1.8835 grad_norm=5.8523 tensors_with_grad=69/72
[train] step 458: T=534 positions=16 loss=1.0865 ce=2.4192 tv=0.4579 conf=1.7323 grad_norm=2.8073 tensors_with_grad=69/72
[train] step 459: T=561 positions=16 loss=0.4197 ce=0.9170 tv=0.2060 conf=1.4344 grad_norm=4.3304 tensors_with_grad=69/72
[train] step 460: T=529 positions=16 loss=0.7636 ce=1.7439 tv=0.3998 conf=0.8999 grad_norm=3.3752 tensors_with_grad=69/72
[train] step 461: T=618 positions=16 loss=0.2211 ce=0.4881 tv=0.1094 conf=0.3997 grad_norm=3.5756 tensors_with_grad=69/72
[train] step 462: T=592 positions=16 loss=0.8697 ce=1.9309 tv=0.3731 conf=1.0635 grad_norm=6.0673 tensors_with_grad=69/72
[train] step 463: T=538 positions=16 loss=0.3282 ce=0.7817 tv=0.1943 conf=0.9119 grad_norm=2.6427 tensors_with_grad=69/72
[train] step 464: T=524 positions=16 loss=0.7737 ce=1.4946 tv=0.3632 conf=0.9609 grad_norm=3.7836 tensors_with_grad=69/72
[train] step 465: T=639 positions=16 loss=0.5414 ce=2.0775 tv=0.2782 conf=0.9273 grad_norm=2.9057 tensors_with_grad=69/72
[train] step 466: T=574 positions=16 loss=0.2018 ce=0.8855 tv=0.1991 conf=0.9620 grad_norm=3.1766 tensors_with_grad=69/72
[train] step 467: T=595 positions=16 loss=0.2999 ce=0.6664 tv=0.1427 conf=0.6849 grad_norm=2.7717 tensors_with_grad=69/72
[train] step 468: T=529 positions=16 loss=0.9187 ce=2.3025 tv=0.3348 conf=1.2619 grad_norm=3.8498 tensors_with_grad=69/72
[train] step 469: T=530 positions=16 loss=0.8255 ce=2.0779 tv=0.3353 conf=0.6643 grad_norm=6.7478 tensors_with_grad=69/72
[train] step 470: T=526 positions=16 loss=0.9039 ce=1.8559 tv=0.4209 conf=0.6319 grad_norm=4.5168 tensors_with_grad=69/72
[train] step 471: T=541 positions=16 loss=0.8953 ce=2.6431 tv=0.3117 conf=0.8129 grad_norm=13.2283 tensors_with_grad=69/72
[train] step 472: T=672 positions=16 loss=0.8890 ce=2.1214 tv=0.3415 conf=0.6245 grad_norm=3.5637 tensors_with_grad=69/72
[train] step 473: T=1079 positions=16 loss=1.2371 ce=2.9961 tv=0.4024 conf=1.1773 grad_norm=5.1953 tensors_with_grad=69/72
[train] step 474: T=529 positions=16 loss=0.7095 ce=1.6113 tv=0.3537 conf=0.9420 grad_norm=2.7842 tensors_with_grad=69/72
[train] step 475: T=544 positions=16 loss=0.4647 ce=1.0735 tv=0.2775 conf=0.8523 grad_norm=2.5361 tensors_with_grad=69/72
[train] step 476: T=1567 positions=16 loss=1.3510 ce=3.1381 tv=0.4089 conf=0.9613 grad_norm=2.9364 tensors_with_grad=69/72
[train] step 477: T=533 positions=16 loss=1.1606 ce=2.3312 tv=0.5033 conf=1.1943 grad_norm=7.2948 tensors_with_grad=69/72
[train] step 478: T=1190 positions=16 loss=1.5446 ce=3.7570 tv=0.4325 conf=0.8389 grad_norm=4.7060 tensors_with_grad=69/72
[train] step 479: T=541 positions=16 loss=0.1710 ce=0.3545 tv=0.0777 conf=0.1851 grad_norm=0.6983 tensors_with_grad=69/72
[train] step 480: T=1679 positions=16 loss=1.5462 ce=3.7223 tv=0.4702 conf=1.9606 grad_norm=3.5759 tensors_with_grad=69/72
[train] step 481: T=526 positions=16 loss=0.8121 ce=1.9382 tv=0.4482 conf=1.3597 grad_norm=2.7445 tensors_with_grad=69/72
[train] step 482: T=636 positions=16 loss=0.9230 ce=1.6307 tv=0.4229 conf=1.1101 grad_norm=7.6814 tensors_with_grad=69/72
[train] step 483: T=545 positions=16 loss=0.7848 ce=1.5743 tv=0.2964 conf=0.3653 grad_norm=3.2815 tensors_with_grad=69/72
[train] step 484: T=531 positions=16 loss=0.4641 ce=1.2367 tv=0.2589 conf=0.7861 grad_norm=2.0812 tensors_with_grad=69/72
[train] step 485: T=528 positions=16 loss=0.3999 ce=0.9667 tv=0.2231 conf=0.8730 grad_norm=3.1248 tensors_with_grad=69/72
[train] step 486: T=605 positions=16 loss=1.0239 ce=2.4633 tv=0.3625 conf=0.7313 grad_norm=6.4384 tensors_with_grad=69/72
[train] step 487: T=527 positions=16 loss=0.4554 ce=1.3094 tv=0.1794 conf=0.6345 grad_norm=2.3105 tensors_with_grad=69/72
[train] step 488: T=545 positions=16 loss=0.2374 ce=0.5462 tv=0.1130 conf=0.3334 grad_norm=1.1349 tensors_with_grad=69/72
[train] step 489: T=595 positions=16 loss=0.8978 ce=1.9728 tv=0.4206 conf=0.8511 grad_norm=7.8679 tensors_with_grad=69/72
[train] step 490: T=525 positions=16 loss=0.9796 ce=1.7565 tv=0.4176 conf=0.5068 grad_norm=6.7605 tensors_with_grad=69/72
[diag] draft-argmax == TARGET-argmax : 61.2%  | == ground-truth token: 60.4%
[diag] mean top-1 prob  target 0.842  draft 0.727   (TV near 1 with a PEAKED draft => misalignment; with a FLAT draft => genuine)
[train] saved 72 trained tensors -> /cap/auto-beta0p05/c0/trained/mtp_trained.safetensors
[train] saved AdamW state -> /cap/auto-beta0p05/c0/trained/opt_state.pt (needed for --resume to be equivalent to one continuous run)
[train] metrics -> /cap/auto-beta0p05/c0/train_metrics.json  (loss 1.6274 -> 0.9796, tail mean 0.8084)
[train] TRAIN OK
