[train] device=cuda torch=2.10.0
  loading model-00046-of-00048.safetensors ...
  loading model-00047-of-00048.safetensors ...
  loading model-00048-of-00048.safetensors ...
  dequantised 1512 tensors, 12.60 B params, 23.5 GiB bf16
[train] weights ready in 9.6s
[train] trainable 517.3 M in 72 tensors | frozen experts 12.08 B
[train] capture: 491 sample(s)
[Gloo] Rank 0 is connected to 0 peer ranks. Expected number of connected peer ranks is : 0
[train] ModelArgs: n_mtp=3 block=5 taps=[40, 41, 42] markov_rank=256
[train] built 3 DSparkBlock(s) on meta
[train] re-materialised freqs_cis on 3 attention module(s) (persistent=False buffers are NOT in state_dict and to_empty() zapped them)
[train] load_state_dict: 0 missing, 0 unexpected
[train] GATE1 model construction OK
[train] aux: embed.weight(129280, 4096), head.weight(129280, 4096)
[train] trainable tensors in graph: 72 / 517.3 M
[train] resumed 72/72 trained tensors from /cap/auto-beta0p05/c0/trained/mtp_trained.safetensors
[train] resumed AdamW state: 69/72 tensors carry moments (3 never received a gradient, expected), indices aligned
[train] P2.5 anchor: frozen copy of 3 block(s), beta=0.05
[train] lr schedule: linear warmup 73 step(s) -> cosine over 1472 session step(s), peak 5e-05; this chunk is steps 491..981
/work/train/train_head.py:115: UserWarning: Converting a tensor with requires_grad=True to a scalar may lead to unexpected behavior.
Consider using tensor.detach() first. (Triggered internally at /opt/pytorch/torch/csrc/autograd/generated/python_variable_methods.cpp:836.)
  parts = {"ce": float((w * ce).sum()), "tv": float((w * tv).sum()), "conf": 0.0}
[train] step 0: T=675 positions=16 loss=0.7439 ce=1.5978 tv=0.3942 conf=0.7735 grad_norm=3.6440 tensors_with_grad=69/72
[train] step 1: T=593 positions=16 loss=0.2460 ce=1.0084 tv=0.1692 conf=0.6250 grad_norm=5.7163 tensors_with_grad=69/72
[train] step 2: T=984 positions=16 loss=1.4984 ce=3.3512 tv=0.4017 conf=0.7935 grad_norm=3.6178 tensors_with_grad=69/72
[train] step 3: T=672 positions=16 loss=0.5593 ce=1.3259 tv=0.2996 conf=0.8557 grad_norm=2.8256 tensors_with_grad=69/72
[train] step 4: T=675 positions=16 loss=0.8333 ce=1.6686 tv=0.3396 conf=0.9167 grad_norm=5.3837 tensors_with_grad=69/72
[train] step 5: T=1257 positions=16 loss=1.7832 ce=4.0714 tv=0.4880 conf=0.6595 grad_norm=4.7795 tensors_with_grad=69/72
[train] step 6: T=673 positions=16 loss=1.1461 ce=2.7444 tv=0.5304 conf=0.8913 grad_norm=3.6766 tensors_with_grad=69/72
[train] step 7: T=535 positions=16 loss=0.3485 ce=0.9950 tv=0.2340 conf=0.4605 grad_norm=2.4349 tensors_with_grad=69/72
[train] step 8: T=608 positions=16 loss=0.7873 ce=1.6936 tv=0.3798 conf=0.8885 grad_norm=3.3576 tensors_with_grad=69/72
[train] step 9: T=524 positions=16 loss=1.7152 ce=3.3012 tv=0.6238 conf=0.7232 grad_norm=7.2720 tensors_with_grad=69/72
[train] step 10: T=629 positions=16 loss=0.5207 ce=1.2945 tv=0.2983 conf=0.7026 grad_norm=3.4241 tensors_with_grad=69/72
[train] step 11: T=533 positions=16 loss=0.4894 ce=1.3354 tv=0.3178 conf=0.5867 grad_norm=2.9654 tensors_with_grad=69/72
[train] step 12: T=524 positions=16 loss=1.1037 ce=2.6236 tv=0.5515 conf=1.0104 grad_norm=6.6076 tensors_with_grad=69/72
[train] step 13: T=672 positions=16 loss=0.8667 ce=2.4208 tv=0.4754 conf=0.7139 grad_norm=4.3034 tensors_with_grad=69/72
[train] step 14: T=597 positions=16 loss=0.4417 ce=1.1731 tv=0.2699 conf=0.8834 grad_norm=3.4715 tensors_with_grad=69/72
[train] step 15: T=605 positions=16 loss=0.8167 ce=1.6931 tv=0.4264 conf=0.8829 grad_norm=4.1555 tensors_with_grad=69/72
[train] step 16: T=672 positions=16 loss=1.4020 ce=3.2640 tv=0.5299 conf=1.0486 grad_norm=4.4188 tensors_with_grad=69/72
[train] step 17: T=524 positions=16 loss=0.9801 ce=2.4196 tv=0.4904 conf=1.2664 grad_norm=6.0983 tensors_with_grad=69/72
[train] step 18: T=533 positions=16 loss=0.2539 ce=0.5809 tv=0.1406 conf=0.3473 grad_norm=1.9570 tensors_with_grad=69/72
[train] step 19: T=609 positions=16 loss=0.6756 ce=1.5293 tv=0.3808 conf=0.7308 grad_norm=2.9663 tensors_with_grad=69/72
[train] step 20: T=622 positions=16 loss=0.8560 ce=1.9508 tv=0.3983 conf=1.1188 grad_norm=5.1189 tensors_with_grad=69/72
[train] step 21: T=932 positions=16 loss=1.0984 ce=2.4502 tv=0.4372 conf=0.8055 grad_norm=6.1240 tensors_with_grad=69/72
[train] step 22: T=529 positions=16 loss=1.2067 ce=2.7457 tv=0.4123 conf=1.1240 grad_norm=4.7220 tensors_with_grad=69/72
[train] step 23: T=677 positions=16 loss=1.0250 ce=2.8567 tv=0.4734 conf=1.8221 grad_norm=3.7075 tensors_with_grad=69/72
[train] step 24: T=1210 positions=16 loss=1.6330 ce=4.4464 tv=0.4782 conf=1.1056 grad_norm=5.2586 tensors_with_grad=69/72
[train] step 25: T=533 positions=16 loss=0.4109 ce=1.0289 tv=0.1800 conf=1.0332 grad_norm=2.9200 tensors_with_grad=69/72
[train] step 26: T=618 positions=16 loss=0.4350 ce=1.6926 tv=0.3260 conf=1.7644 grad_norm=4.9123 tensors_with_grad=69/72
[train] step 27: T=530 positions=16 loss=0.7008 ce=1.9496 tv=0.3351 conf=1.2422 grad_norm=3.7435 tensors_with_grad=69/72
[train] step 28: T=527 positions=16 loss=0.7193 ce=1.7927 tv=0.4137 conf=1.7220 grad_norm=3.4932 tensors_with_grad=69/72
[train] step 29: T=924 positions=16 loss=1.1387 ce=2.6153 tv=0.4327 conf=1.7854 grad_norm=4.9236 tensors_with_grad=69/72
[train] step 30: T=550 positions=16 loss=1.0658 ce=2.7385 tv=0.5127 conf=2.2872 grad_norm=4.2041 tensors_with_grad=69/72
[train] step 31: T=653 positions=16 loss=1.2870 ce=3.3042 tv=0.5146 conf=2.7399 grad_norm=4.6498 tensors_with_grad=69/72
[train] step 32: T=659 positions=16 loss=0.8505 ce=2.1504 tv=0.3763 conf=1.0355 grad_norm=2.5689 tensors_with_grad=69/72
[train] step 33: T=535 positions=16 loss=0.3474 ce=1.0824 tv=0.2114 conf=1.2554 grad_norm=4.3544 tensors_with_grad=69/72
[train] step 34: T=675 positions=16 loss=0.9768 ce=2.3224 tv=0.5004 conf=1.5555 grad_norm=3.5468 tensors_with_grad=69/72
[train] step 35: T=624 positions=16 loss=0.3419 ce=1.1816 tv=0.2773 conf=2.2329 grad_norm=3.9042 tensors_with_grad=69/72
[train] step 36: T=634 positions=16 loss=0.8621 ce=2.3770 tv=0.4434 conf=1.1944 grad_norm=6.4065 tensors_with_grad=69/72
[train] step 37: T=547 positions=16 loss=0.7416 ce=1.7613 tv=0.3772 conf=1.7415 grad_norm=6.5971 tensors_with_grad=69/72
[train] step 38: T=536 positions=16 loss=0.7870 ce=1.8948 tv=0.3563 conf=2.1009 grad_norm=3.6274 tensors_with_grad=69/72
[train] step 39: T=672 positions=16 loss=0.2035 ce=0.6513 tv=0.1673 conf=0.8690 grad_norm=1.8847 tensors_with_grad=69/72
[train] step 40: T=673 positions=16 loss=0.3282 ce=1.2268 tv=0.2617 conf=1.6839 grad_norm=2.5434 tensors_with_grad=69/72
[train] step 41: T=574 positions=16 loss=1.1376 ce=2.8794 tv=0.4687 conf=1.3285 grad_norm=3.7403 tensors_with_grad=69/72
[train] step 42: T=673 positions=16 loss=0.9662 ce=1.9812 tv=0.4604 conf=1.8764 grad_norm=6.3039 tensors_with_grad=69/72
[train] step 43: T=1093 positions=16 loss=1.3899 ce=3.2631 tv=0.4834 conf=1.7496 grad_norm=4.3613 tensors_with_grad=69/72
[train] step 44: T=572 positions=16 loss=1.1710 ce=3.1481 tv=0.4996 conf=2.0591 grad_norm=4.0917 tensors_with_grad=69/72
[train] step 45: T=607 positions=16 loss=0.9422 ce=2.2820 tv=0.3899 conf=0.9841 grad_norm=11.3882 tensors_with_grad=69/72
[train] step 46: T=604 positions=16 loss=0.4519 ce=1.0120 tv=0.2697 conf=1.6813 grad_norm=8.4461 tensors_with_grad=69/72
[train] step 47: T=674 positions=16 loss=0.7877 ce=2.2333 tv=0.3265 conf=1.6538 grad_norm=2.5987 tensors_with_grad=69/72
[train] step 48: T=529 positions=16 loss=0.6981 ce=1.8896 tv=0.4121 conf=2.5450 grad_norm=4.6532 tensors_with_grad=69/72
[train] step 49: T=674 positions=16 loss=0.2707 ce=0.9313 tv=0.2144 conf=1.1455 grad_norm=2.2846 tensors_with_grad=69/72
[train] step 50: T=983 positions=16 loss=1.2780 ce=2.9514 tv=0.3654 conf=0.8481 grad_norm=4.3174 tensors_with_grad=69/72
[train] step 51: T=531 positions=16 loss=0.1872 ce=0.9331 tv=0.1765 conf=0.9951 grad_norm=2.1237 tensors_with_grad=69/72
[train] step 52: T=643 positions=16 loss=1.1835 ce=2.7781 tv=0.5241 conf=1.5378 grad_norm=6.4406 tensors_with_grad=69/72
[train] step 53: T=672 positions=16 loss=0.7383 ce=1.9227 tv=0.3347 conf=0.8959 grad_norm=5.0138 tensors_with_grad=69/72
[train] step 54: T=577 positions=16 loss=0.3461 ce=1.2119 tv=0.2744 conf=0.8178 grad_norm=4.0603 tensors_with_grad=69/72
[train] step 55: T=540 positions=16 loss=0.3655 ce=1.0075 tv=0.2515 conf=0.8195 grad_norm=3.5338 tensors_with_grad=69/72
[train] step 56: T=1793 positions=16 loss=1.5597 ce=3.4249 tv=0.4912 conf=1.2100 grad_norm=5.3229 tensors_with_grad=69/72
[train] step 57: T=1349 positions=16 loss=1.3509 ce=3.3795 tv=0.5116 conf=0.9932 grad_norm=5.0179 tensors_with_grad=69/72
[train] step 58: T=658 positions=16 loss=1.0091 ce=2.4499 tv=0.4628 conf=0.8929 grad_norm=6.5458 tensors_with_grad=69/72
[train] step 59: T=537 positions=16 loss=1.0719 ce=3.2123 tv=0.4287 conf=0.9198 grad_norm=3.9709 tensors_with_grad=69/72
[train] step 60: T=532 positions=16 loss=0.4391 ce=1.1662 tv=0.3008 conf=0.8400 grad_norm=3.9060 tensors_with_grad=69/72
[train] step 61: T=591 positions=16 loss=0.7064 ce=1.6611 tv=0.2652 conf=0.4099 grad_norm=5.1825 tensors_with_grad=69/72
[train] step 62: T=525 positions=16 loss=1.0911 ce=2.7120 tv=0.4460 conf=0.5965 grad_norm=4.4290 tensors_with_grad=69/72
[train] step 63: T=526 positions=16 loss=0.4095 ce=0.9880 tv=0.2511 conf=0.5467 grad_norm=4.6654 tensors_with_grad=69/72
[train] step 64: T=588 positions=16 loss=0.1536 ce=0.7234 tv=0.1553 conf=0.6934 grad_norm=1.9839 tensors_with_grad=69/72
[train] step 65: T=605 positions=16 loss=0.3141 ce=1.3142 tv=0.1598 conf=0.4797 grad_norm=2.9909 tensors_with_grad=69/72
[train] step 66: T=532 positions=16 loss=0.4278 ce=0.8596 tv=0.2106 conf=0.7118 grad_norm=2.1660 tensors_with_grad=69/72
[train] step 67: T=980 positions=16 loss=1.4015 ce=2.9978 tv=0.4990 conf=1.1098 grad_norm=6.0784 tensors_with_grad=69/72
[train] step 68: T=533 positions=16 loss=1.5242 ce=3.2750 tv=0.5378 conf=0.5530 grad_norm=10.0917 tensors_with_grad=69/72
[train] step 69: T=563 positions=16 loss=0.3428 ce=0.9842 tv=0.1826 conf=0.4689 grad_norm=2.2407 tensors_with_grad=69/72
[train] step 70: T=532 positions=16 loss=0.5320 ce=1.2651 tv=0.2618 conf=0.7452 grad_norm=3.7554 tensors_with_grad=69/72
[train] step 71: T=584 positions=16 loss=0.7719 ce=1.9035 tv=0.3861 conf=1.1260 grad_norm=3.5456 tensors_with_grad=69/72
[train] step 72: T=534 positions=16 loss=0.9588 ce=2.4968 tv=0.2866 conf=0.5293 grad_norm=5.6851 tensors_with_grad=69/72
[train] step 73: T=528 positions=16 loss=0.8816 ce=2.0746 tv=0.4615 conf=1.1299 grad_norm=6.9345 tensors_with_grad=69/72
[train] step 74: T=539 positions=16 loss=0.2125 ce=0.7981 tv=0.1522 conf=0.9648 grad_norm=2.2500 tensors_with_grad=69/72
[train] step 75: T=650 positions=16 loss=0.2205 ce=0.8703 tv=0.1229 conf=0.7829 grad_norm=4.2185 tensors_with_grad=69/72
[train] step 76: T=550 positions=16 loss=0.5037 ce=1.2440 tv=0.3058 conf=1.1651 grad_norm=3.9679 tensors_with_grad=69/72
[train] step 77: T=676 positions=16 loss=0.7567 ce=1.9535 tv=0.3637 conf=1.1919 grad_norm=7.0177 tensors_with_grad=69/72
[train] step 78: T=676 positions=16 loss=0.9264 ce=2.1173 tv=0.3821 conf=1.1904 grad_norm=3.6109 tensors_with_grad=69/72
[train] step 79: T=530 positions=16 loss=1.2640 ce=2.6955 tv=0.4748 conf=0.7881 grad_norm=7.7965 tensors_with_grad=69/72
[train] step 80: T=576 positions=16 loss=1.3998 ce=2.9141 tv=0.5322 conf=1.5190 grad_norm=5.2705 tensors_with_grad=69/72
[train] step 81: T=598 positions=16 loss=0.5345 ce=1.8638 tv=0.3418 conf=1.5557 grad_norm=7.0027 tensors_with_grad=69/72
[train] step 82: T=531 positions=16 loss=0.3547 ce=0.9396 tv=0.2324 conf=1.3975 grad_norm=2.3242 tensors_with_grad=69/72
[train] step 83: T=1060 positions=16 loss=1.5849 ce=3.4319 tv=0.4711 conf=1.2908 grad_norm=5.1080 tensors_with_grad=69/72
[train] step 84: T=563 positions=16 loss=0.5777 ce=1.5091 tv=0.3269 conf=1.3397 grad_norm=4.1370 tensors_with_grad=69/72
[train] step 85: T=644 positions=16 loss=0.1626 ce=0.4353 tv=0.1129 conf=0.4270 grad_norm=1.0242 tensors_with_grad=69/72
[train] step 86: T=621 positions=16 loss=0.2322 ce=0.7945 tv=0.1514 conf=0.7742 grad_norm=2.1541 tensors_with_grad=69/72
[train] step 87: T=641 positions=16 loss=0.6814 ce=1.6427 tv=0.2840 conf=1.3733 grad_norm=4.2144 tensors_with_grad=69/72
[train] step 88: T=528 positions=16 loss=0.4088 ce=0.8347 tv=0.1145 conf=1.2797 grad_norm=2.4636 tensors_with_grad=69/72
[train] step 89: T=602 positions=16 loss=0.9823 ce=1.9293 tv=0.3805 conf=1.0602 grad_norm=6.5090 tensors_with_grad=69/72
[train] step 90: T=538 positions=16 loss=0.8493 ce=2.5779 tv=0.3695 conf=1.0753 grad_norm=7.6014 tensors_with_grad=69/72
[train] step 91: T=538 positions=16 loss=0.0931 ce=0.2165 tv=0.0741 conf=0.5059 grad_norm=0.8578 tensors_with_grad=69/72
[train] step 92: T=542 positions=16 loss=0.1506 ce=0.4527 tv=0.1840 conf=0.8223 grad_norm=1.9160 tensors_with_grad=69/72
[train] step 93: T=673 positions=16 loss=0.9013 ce=2.2405 tv=0.4545 conf=1.5670 grad_norm=8.2414 tensors_with_grad=69/72
[train] step 94: T=597 positions=16 loss=0.6371 ce=1.7430 tv=0.3047 conf=0.9148 grad_norm=3.3632 tensors_with_grad=69/72
[train] step 95: T=537 positions=16 loss=0.5371 ce=0.9516 tv=0.2720 conf=0.5720 grad_norm=6.2244 tensors_with_grad=69/72
[train] step 96: T=533 positions=16 loss=0.0559 ce=0.2371 tv=0.0724 conf=0.4665 grad_norm=0.7334 tensors_with_grad=69/72
[train] step 97: T=674 positions=16 loss=0.9009 ce=1.8348 tv=0.3918 conf=1.3105 grad_norm=5.4500 tensors_with_grad=69/72
[train] step 98: T=550 positions=16 loss=0.0640 ce=0.1901 tv=0.0684 conf=0.5023 grad_norm=1.4822 tensors_with_grad=69/72
[train] step 99: T=621 positions=16 loss=0.6505 ce=1.2458 tv=0.2443 conf=0.7374 grad_norm=4.1021 tensors_with_grad=69/72
[train] step 100: T=535 positions=16 loss=0.9226 ce=1.8580 tv=0.4395 conf=0.8355 grad_norm=3.3798 tensors_with_grad=69/72
[train] step 101: T=526 positions=16 loss=0.8833 ce=2.3007 tv=0.3027 conf=0.6623 grad_norm=7.1372 tensors_with_grad=69/72
[train] step 102: T=987 positions=16 loss=1.2580 ce=2.7398 tv=0.4170 conf=0.9888 grad_norm=3.6656 tensors_with_grad=69/72
[train] step 103: T=673 positions=16 loss=1.2439 ce=2.4561 tv=0.5553 conf=1.2631 grad_norm=4.3675 tensors_with_grad=69/72
[train] step 104: T=532 positions=16 loss=0.7731 ce=2.1958 tv=0.3289 conf=1.5130 grad_norm=3.1078 tensors_with_grad=69/72
[train] step 105: T=675 positions=16 loss=1.0600 ce=2.6768 tv=0.3998 conf=0.7756 grad_norm=6.3271 tensors_with_grad=69/72
[train] step 106: T=553 positions=16 loss=0.7645 ce=1.6306 tv=0.3043 conf=1.3223 grad_norm=6.5500 tensors_with_grad=69/72
[train] step 107: T=673 positions=16 loss=0.8856 ce=2.9912 tv=0.4143 conf=0.8586 grad_norm=9.2280 tensors_with_grad=69/72
[train] step 108: T=526 positions=16 loss=0.5963 ce=1.3289 tv=0.3701 conf=0.6456 grad_norm=3.9655 tensors_with_grad=69/72
[train] step 109: T=533 positions=16 loss=0.5388 ce=1.4326 tv=0.2707 conf=0.7194 grad_norm=5.4431 tensors_with_grad=69/72
[train] step 110: T=1795 positions=16 loss=1.7373 ce=3.6122 tv=0.4936 conf=1.2228 grad_norm=5.3296 tensors_with_grad=69/72
[train] step 111: T=536 positions=16 loss=0.3087 ce=0.7147 tv=0.1832 conf=1.0772 grad_norm=2.1541 tensors_with_grad=69/72
[train] step 112: T=676 positions=16 loss=1.0625 ce=2.3302 tv=0.4356 conf=0.8521 grad_norm=6.5155 tensors_with_grad=69/72
[train] step 113: T=586 positions=16 loss=0.1841 ce=0.6406 tv=0.1365 conf=1.3382 grad_norm=1.3195 tensors_with_grad=69/72
[train] step 114: T=553 positions=16 loss=0.8111 ce=1.7541 tv=0.3471 conf=0.9170 grad_norm=5.4971 tensors_with_grad=69/72
[train] step 115: T=614 positions=16 loss=0.3324 ce=0.7566 tv=0.1641 conf=0.4444 grad_norm=4.8190 tensors_with_grad=69/72
[train] step 116: T=530 positions=16 loss=0.3979 ce=1.0897 tv=0.2659 conf=1.5472 grad_norm=2.6150 tensors_with_grad=69/72
[train] step 117: T=597 positions=16 loss=0.0356 ce=0.1243 tv=0.1141 conf=1.0794 grad_norm=0.2395 tensors_with_grad=69/72
[train] step 118: T=628 positions=16 loss=0.4296 ce=1.3526 tv=0.2920 conf=1.0955 grad_norm=2.3829 tensors_with_grad=69/72
[train] step 119: T=672 positions=16 loss=1.6836 ce=3.3115 tv=0.5751 conf=0.9214 grad_norm=6.0933 tensors_with_grad=69/72
[train] step 120: T=672 positions=16 loss=1.6993 ce=3.3654 tv=0.5430 conf=1.2211 grad_norm=5.6481 tensors_with_grad=69/72
[train] step 121: T=593 positions=16 loss=0.2150 ce=0.5565 tv=0.1354 conf=1.0660 grad_norm=2.3734 tensors_with_grad=69/72
[train] step 122: T=576 positions=16 loss=1.1270 ce=2.4451 tv=0.4543 conf=1.0351 grad_norm=6.6371 tensors_with_grad=69/72
[train] step 123: T=669 positions=16 loss=0.3808 ce=0.8054 tv=0.1715 conf=0.9439 grad_norm=4.0510 tensors_with_grad=69/72
[train] step 124: T=530 positions=16 loss=1.5299 ce=2.9502 tv=0.5894 conf=1.3995 grad_norm=5.3394 tensors_with_grad=69/72
[train] step 125: T=678 positions=16 loss=0.7696 ce=1.4009 tv=0.3642 conf=1.0507 grad_norm=7.1814 tensors_with_grad=69/72
[train] step 126: T=675 positions=16 loss=0.9113 ce=1.9626 tv=0.3360 conf=1.0779 grad_norm=3.9025 tensors_with_grad=69/72
[train] step 127: T=537 positions=16 loss=0.4137 ce=1.1201 tv=0.2066 conf=0.6435 grad_norm=2.2841 tensors_with_grad=69/72
[train] step 128: T=577 positions=16 loss=0.6860 ce=1.3597 tv=0.3087 conf=0.9243 grad_norm=3.5823 tensors_with_grad=69/72
[train] step 129: T=613 positions=16 loss=0.6039 ce=1.0204 tv=0.2205 conf=0.6060 grad_norm=3.6293 tensors_with_grad=69/72
[train] step 130: T=548 positions=16 loss=0.5616 ce=1.1487 tv=0.2086 conf=0.6018 grad_norm=3.3100 tensors_with_grad=69/72
[train] step 131: T=526 positions=16 loss=1.5005 ce=2.5976 tv=0.5550 conf=1.3313 grad_norm=6.6452 tensors_with_grad=69/72
[train] step 132: T=607 positions=16 loss=0.1627 ce=0.5851 tv=0.0939 conf=0.5094 grad_norm=2.6573 tensors_with_grad=69/72
[train] step 133: T=674 positions=16 loss=0.6755 ce=1.5347 tv=0.2795 conf=0.8642 grad_norm=6.1215 tensors_with_grad=69/72
[train] step 134: T=1001 positions=16 loss=1.1734 ce=2.8703 tv=0.4407 conf=1.6244 grad_norm=3.9200 tensors_with_grad=69/72
[train] step 135: T=537 positions=16 loss=1.0874 ce=2.1364 tv=0.3019 conf=0.3293 grad_norm=2.9305 tensors_with_grad=69/72
[train] step 136: T=534 positions=16 loss=0.0652 ce=0.2205 tv=0.0848 conf=0.2484 grad_norm=0.4253 tensors_with_grad=69/72
[train] step 137: T=542 positions=16 loss=0.5033 ce=1.1658 tv=0.2810 conf=0.8564 grad_norm=7.0800 tensors_with_grad=69/72
[train] step 138: T=676 positions=16 loss=1.5624 ce=2.5721 tv=0.5833 conf=1.2342 grad_norm=8.9030 tensors_with_grad=69/72
[train] step 139: T=536 positions=16 loss=0.5146 ce=1.1318 tv=0.1691 conf=0.9790 grad_norm=4.1445 tensors_with_grad=69/72
[train] step 140: T=524 positions=16 loss=1.1487 ce=2.5651 tv=0.4345 conf=0.8118 grad_norm=5.0516 tensors_with_grad=69/72
[train] step 141: T=563 positions=16 loss=0.6538 ce=1.3445 tv=0.2387 conf=0.6037 grad_norm=5.7501 tensors_with_grad=69/72
[train] step 142: T=617 positions=16 loss=0.5510 ce=1.2959 tv=0.2928 conf=1.1225 grad_norm=4.6491 tensors_with_grad=69/72
[train] step 143: T=537 positions=16 loss=0.4385 ce=0.9097 tv=0.2838 conf=1.4639 grad_norm=5.8937 tensors_with_grad=69/72
[train] step 144: T=621 positions=16 loss=0.4183 ce=0.9274 tv=0.2911 conf=1.1143 grad_norm=3.0569 tensors_with_grad=69/72
[train] step 145: T=672 positions=16 loss=0.7963 ce=2.0402 tv=0.3978 conf=1.7080 grad_norm=4.2580 tensors_with_grad=69/72
[train] step 146: T=631 positions=16 loss=0.2997 ce=0.5472 tv=0.1797 conf=0.9848 grad_norm=2.8048 tensors_with_grad=69/72
[train] step 147: T=528 positions=16 loss=0.6791 ce=1.4542 tv=0.2737 conf=1.8333 grad_norm=5.0280 tensors_with_grad=69/72
[train] step 148: T=1043 positions=16 loss=1.5150 ce=3.3289 tv=0.4701 conf=2.1382 grad_norm=7.5591 tensors_with_grad=69/72
[train] step 149: T=584 positions=16 loss=0.5872 ce=1.4363 tv=0.2212 conf=0.7706 grad_norm=3.2347 tensors_with_grad=69/72
[train] step 150: T=656 positions=16 loss=0.7636 ce=1.7469 tv=0.3805 conf=1.4930 grad_norm=4.5729 tensors_with_grad=69/72
[train] step 151: T=673 positions=16 loss=1.0032 ce=2.1935 tv=0.4150 conf=1.0772 grad_norm=5.0752 tensors_with_grad=69/72
[train] step 152: T=532 positions=16 loss=0.3267 ce=0.9969 tv=0.1364 conf=1.0254 grad_norm=3.6080 tensors_with_grad=69/72
[train] step 153: T=629 positions=16 loss=0.2919 ce=0.6630 tv=0.1704 conf=0.7080 grad_norm=2.7299 tensors_with_grad=69/72
[train] step 154: T=546 positions=16 loss=0.8580 ce=2.0121 tv=0.4106 conf=0.6919 grad_norm=5.7366 tensors_with_grad=69/72
[train] step 155: T=576 positions=16 loss=0.5032 ce=1.7599 tv=0.3370 conf=1.1433 grad_norm=3.7905 tensors_with_grad=69/72
[train] step 156: T=607 positions=16 loss=0.4121 ce=1.1654 tv=0.2181 conf=0.9172 grad_norm=4.1628 tensors_with_grad=69/72
[train] step 157: T=582 positions=16 loss=1.0550 ce=2.0881 tv=0.3955 conf=1.1948 grad_norm=8.2817 tensors_with_grad=69/72
[train] step 158: T=919 positions=16 loss=1.2159 ce=2.2965 tv=0.4187 conf=0.8446 grad_norm=4.7709 tensors_with_grad=69/72
[train] step 159: T=531 positions=16 loss=0.3490 ce=0.9014 tv=0.1524 conf=0.5282 grad_norm=4.1958 tensors_with_grad=69/72
[train] step 160: T=650 positions=16 loss=0.2289 ce=0.5279 tv=0.1858 conf=0.5518 grad_norm=3.1172 tensors_with_grad=69/72
[train] step 161: T=1101 positions=16 loss=1.5915 ce=3.2873 tv=0.4938 conf=1.3250 grad_norm=7.8084 tensors_with_grad=69/72
[train] step 162: T=618 positions=16 loss=0.4132 ce=1.0678 tv=0.2710 conf=0.7754 grad_norm=4.6240 tensors_with_grad=69/72
[train] step 163: T=1573 positions=16 loss=1.6820 ce=3.6052 tv=0.4136 conf=0.6640 grad_norm=6.5304 tensors_with_grad=69/72
[train] step 164: T=675 positions=16 loss=0.6558 ce=1.5096 tv=0.2621 conf=0.6596 grad_norm=4.1994 tensors_with_grad=69/72
[train] step 165: T=677 positions=16 loss=0.5232 ce=0.9453 tv=0.2328 conf=0.4433 grad_norm=6.9217 tensors_with_grad=69/72
[train] step 166: T=678 positions=16 loss=1.6758 ce=3.0031 tv=0.5311 conf=0.8738 grad_norm=13.3164 tensors_with_grad=69/72
[train] step 167: T=618 positions=16 loss=0.1183 ce=0.2945 tv=0.1585 conf=0.6753 grad_norm=3.1508 tensors_with_grad=69/72
[train] step 168: T=540 positions=16 loss=0.3465 ce=0.6378 tv=0.1693 conf=0.3358 grad_norm=2.5117 tensors_with_grad=69/72
[train] step 169: T=537 positions=16 loss=0.3391 ce=0.9161 tv=0.1761 conf=0.6679 grad_norm=3.5275 tensors_with_grad=69/72
[train] step 170: T=637 positions=16 loss=0.3125 ce=0.5047 tv=0.1418 conf=0.2792 grad_norm=5.7773 tensors_with_grad=69/72
[train] step 171: T=675 positions=16 loss=0.5581 ce=1.1245 tv=0.2762 conf=0.8104 grad_norm=5.4280 tensors_with_grad=69/72
[train] step 172: T=670 positions=16 loss=0.5713 ce=1.8429 tv=0.2972 conf=1.0529 grad_norm=6.5962 tensors_with_grad=69/72
[train] step 173: T=529 positions=16 loss=0.8622 ce=1.5112 tv=0.3421 conf=0.8974 grad_norm=7.5911 tensors_with_grad=69/72
[train] step 174: T=615 positions=16 loss=0.4927 ce=1.0138 tv=0.2029 conf=0.9035 grad_norm=4.4760 tensors_with_grad=69/72
[train] step 175: T=529 positions=16 loss=1.2853 ce=2.8044 tv=0.5448 conf=1.3062 grad_norm=6.6769 tensors_with_grad=69/72
[train] step 176: T=889 positions=16 loss=0.8027 ce=1.6910 tv=0.3070 conf=1.0676 grad_norm=2.8566 tensors_with_grad=69/72
[train] step 177: T=676 positions=16 loss=0.6831 ce=1.4082 tv=0.3372 conf=1.4326 grad_norm=4.5655 tensors_with_grad=69/72
[train] step 178: T=545 positions=16 loss=0.2969 ce=0.7433 tv=0.1134 conf=0.4424 grad_norm=1.9675 tensors_with_grad=69/72
[train] step 179: T=669 positions=16 loss=0.8007 ce=1.6906 tv=0.3612 conf=0.8367 grad_norm=3.9898 tensors_with_grad=69/72
[train] step 180: T=672 positions=16 loss=0.4660 ce=1.0154 tv=0.2557 conf=1.3939 grad_norm=4.7596 tensors_with_grad=69/72
[train] step 181: T=546 positions=16 loss=0.6259 ce=1.1492 tv=0.3390 conf=0.7776 grad_norm=4.9046 tensors_with_grad=69/72
[train] step 182: T=532 positions=16 loss=0.9991 ce=2.0263 tv=0.3655 conf=0.5645 grad_norm=8.5153 tensors_with_grad=69/72
[train] step 183: T=1190 positions=16 loss=1.5292 ce=3.1189 tv=0.4291 conf=1.7942 grad_norm=6.0205 tensors_with_grad=69/72
[train] step 184: T=611 positions=16 loss=0.7141 ce=1.0239 tv=0.2977 conf=1.0361 grad_norm=5.0822 tensors_with_grad=69/72
[train] step 185: T=526 positions=16 loss=0.2880 ce=0.5860 tv=0.1473 conf=0.7320 grad_norm=3.1759 tensors_with_grad=69/72
[train] step 186: T=673 positions=16 loss=1.8051 ce=3.5229 tv=0.5984 conf=2.0350 grad_norm=6.4559 tensors_with_grad=69/72
[train] step 187: T=539 positions=16 loss=0.2418 ce=0.6168 tv=0.1618 conf=0.6220 grad_norm=2.6132 tensors_with_grad=69/72
[train] step 188: T=526 positions=16 loss=0.6805 ce=2.1887 tv=0.2892 conf=1.4270 grad_norm=5.0159 tensors_with_grad=69/72
[train] step 189: T=675 positions=16 loss=0.5709 ce=1.1531 tv=0.2889 conf=2.2779 grad_norm=4.5113 tensors_with_grad=69/72
[train] step 190: T=552 positions=16 loss=0.8021 ce=2.3259 tv=0.1561 conf=1.0117 grad_norm=2.9116 tensors_with_grad=69/72
[train] step 191: T=616 positions=16 loss=1.0969 ce=2.0227 tv=0.4272 conf=1.7117 grad_norm=36.0071 tensors_with_grad=69/72
[train] step 192: T=528 positions=16 loss=1.3234 ce=2.5542 tv=0.4775 conf=1.2856 grad_norm=7.5212 tensors_with_grad=69/72
[train] step 193: T=525 positions=16 loss=1.8013 ce=3.5281 tv=0.5847 conf=1.9689 grad_norm=8.3429 tensors_with_grad=69/72
[train] step 194: T=675 positions=16 loss=0.8420 ce=1.8348 tv=0.3830 conf=1.3860 grad_norm=2.3690 tensors_with_grad=69/72
[train] step 195: T=611 positions=16 loss=0.7190 ce=1.6370 tv=0.2715 conf=0.8958 grad_norm=7.7310 tensors_with_grad=69/72
[train] step 196: T=594 positions=16 loss=1.5524 ce=3.2222 tv=0.4998 conf=1.8618 grad_norm=7.7728 tensors_with_grad=69/72
[train] step 197: T=654 positions=16 loss=0.9830 ce=2.0156 tv=0.3633 conf=1.1423 grad_norm=7.1377 tensors_with_grad=69/72
[train] step 198: T=539 positions=16 loss=0.2841 ce=0.6324 tv=0.1299 conf=0.5879 grad_norm=4.6001 tensors_with_grad=69/72
[train] step 199: T=529 positions=16 loss=0.7629 ce=2.3288 tv=0.2949 conf=1.7826 grad_norm=5.4948 tensors_with_grad=69/72
[train] step 200: T=631 positions=16 loss=0.9295 ce=2.6612 tv=0.3207 conf=1.1569 grad_norm=6.7850 tensors_with_grad=69/72
[train] step 201: T=533 positions=16 loss=0.4554 ce=0.7481 tv=0.1791 conf=0.7871 grad_norm=2.6763 tensors_with_grad=69/72
[train] step 202: T=537 positions=16 loss=0.3908 ce=0.9233 tv=0.1556 conf=0.5991 grad_norm=2.3422 tensors_with_grad=69/72
[train] step 203: T=525 positions=16 loss=1.8467 ce=3.5235 tv=0.6199 conf=2.2513 grad_norm=10.1157 tensors_with_grad=69/72
[train] step 204: T=851 positions=16 loss=1.0205 ce=2.0786 tv=0.4225 conf=1.7494 grad_norm=8.0816 tensors_with_grad=69/72
[train] step 205: T=551 positions=16 loss=0.6913 ce=1.3504 tv=0.2926 conf=1.5609 grad_norm=8.5454 tensors_with_grad=69/72
[train] step 206: T=897 positions=16 loss=1.3762 ce=3.3500 tv=0.4234 conf=1.8459 grad_norm=5.1976 tensors_with_grad=69/72
[train] step 207: T=603 positions=16 loss=0.0710 ce=0.2663 tv=0.1105 conf=0.9285 grad_norm=1.2840 tensors_with_grad=69/72
[train] step 208: T=578 positions=16 loss=1.4610 ce=3.4703 tv=0.5019 conf=1.1598 grad_norm=7.4095 tensors_with_grad=69/72
[train] step 209: T=532 positions=16 loss=0.3449 ce=0.8783 tv=0.2099 conf=1.9306 grad_norm=2.7712 tensors_with_grad=69/72
[train] step 210: T=675 positions=16 loss=0.3874 ce=0.9779 tv=0.2208 conf=1.2860 grad_norm=3.2628 tensors_with_grad=69/72
[train] step 211: T=536 positions=16 loss=0.5723 ce=1.1438 tv=0.1768 conf=0.3777 grad_norm=3.1461 tensors_with_grad=69/72
[train] step 212: T=526 positions=16 loss=0.9759 ce=1.9910 tv=0.3996 conf=1.8682 grad_norm=3.5658 tensors_with_grad=69/72
[train] step 213: T=530 positions=16 loss=0.6877 ce=1.3762 tv=0.3296 conf=3.0437 grad_norm=7.3891 tensors_with_grad=69/72
[train] step 214: T=527 positions=16 loss=1.7018 ce=3.5179 tv=0.5187 conf=2.2919 grad_norm=7.2449 tensors_with_grad=69/72
[train] step 215: T=535 positions=16 loss=0.2859 ce=0.4050 tv=0.1144 conf=0.4915 grad_norm=4.1722 tensors_with_grad=69/72
[train] step 216: T=531 positions=16 loss=0.9909 ce=2.0936 tv=0.4330 conf=1.7532 grad_norm=5.6269 tensors_with_grad=69/72
[train] step 217: T=536 positions=16 loss=0.2889 ce=0.5019 tv=0.1428 conf=0.2402 grad_norm=4.3510 tensors_with_grad=69/72
[train] step 218: T=585 positions=16 loss=0.4558 ce=1.1441 tv=0.2825 conf=1.4879 grad_norm=6.8034 tensors_with_grad=69/72
[train] step 219: T=524 positions=16 loss=1.2170 ce=2.2497 tv=0.4839 conf=1.3204 grad_norm=5.8224 tensors_with_grad=69/72
[train] step 220: T=562 positions=16 loss=0.4988 ce=0.9368 tv=0.2550 conf=1.9992 grad_norm=8.6628 tensors_with_grad=69/72
[train] step 221: T=1482 positions=16 loss=1.6293 ce=3.3807 tv=0.4492 conf=2.8555 grad_norm=6.3946 tensors_with_grad=69/72
[train] step 222: T=669 positions=16 loss=0.7634 ce=1.5675 tv=0.3763 conf=0.9788 grad_norm=3.9720 tensors_with_grad=69/72
[train] step 223: T=591 positions=16 loss=0.1607 ce=0.4791 tv=0.1569 conf=2.0080 grad_norm=2.4546 tensors_with_grad=69/72
[train] step 224: T=524 positions=16 loss=0.9712 ce=2.1235 tv=0.4276 conf=2.9159 grad_norm=5.2749 tensors_with_grad=69/72
[train] step 225: T=532 positions=16 loss=0.4309 ce=1.0041 tv=0.2714 conf=1.5031 grad_norm=3.0856 tensors_with_grad=69/72
[train] step 226: T=672 positions=16 loss=0.8551 ce=1.6830 tv=0.3898 conf=2.1072 grad_norm=4.8685 tensors_with_grad=69/72
[train] step 227: T=534 positions=16 loss=0.6102 ce=1.3992 tv=0.3524 conf=1.9764 grad_norm=4.6740 tensors_with_grad=69/72
[train] step 228: T=1014 positions=16 loss=1.1301 ce=2.4939 tv=0.4173 conf=1.9429 grad_norm=3.5135 tensors_with_grad=69/72
[train] step 229: T=675 positions=16 loss=0.5311 ce=1.5947 tv=0.2697 conf=1.5814 grad_norm=4.6655 tensors_with_grad=69/72
[train] step 230: T=647 positions=16 loss=0.7934 ce=2.1197 tv=0.4123 conf=2.6685 grad_norm=5.3040 tensors_with_grad=69/72
[train] step 231: T=596 positions=16 loss=0.3177 ce=0.6082 tv=0.2092 conf=0.9272 grad_norm=2.4652 tensors_with_grad=69/72
[train] step 232: T=674 positions=16 loss=1.0772 ce=2.4921 tv=0.4478 conf=1.5010 grad_norm=6.3071 tensors_with_grad=69/72
[train] step 233: T=858 positions=16 loss=0.6015 ce=1.4296 tv=0.2975 conf=0.8384 grad_norm=3.0701 tensors_with_grad=69/72
[train] step 234: T=597 positions=16 loss=0.3184 ce=0.9345 tv=0.2567 conf=1.0416 grad_norm=2.8555 tensors_with_grad=69/72
[train] step 235: T=604 positions=16 loss=0.5498 ce=1.2527 tv=0.2670 conf=0.9704 grad_norm=4.8533 tensors_with_grad=69/72
[train] step 236: T=589 positions=16 loss=0.2080 ce=0.3897 tv=0.1397 conf=0.5466 grad_norm=6.3607 tensors_with_grad=69/72
[train] step 237: T=623 positions=16 loss=0.2568 ce=0.8877 tv=0.1811 conf=2.6184 grad_norm=2.4423 tensors_with_grad=69/72
[train] step 238: T=884 positions=16 loss=1.6501 ce=3.3555 tv=0.4482 conf=1.1240 grad_norm=9.5686 tensors_with_grad=69/72
[train] step 239: T=673 positions=16 loss=0.7681 ce=1.8464 tv=0.3337 conf=1.1029 grad_norm=3.7143 tensors_with_grad=69/72
[train] step 240: T=540 positions=16 loss=0.1634 ce=0.3340 tv=0.0852 conf=0.5501 grad_norm=2.7292 tensors_with_grad=69/72
[train] step 241: T=1324 positions=16 loss=1.9378 ce=3.7783 tv=0.4434 conf=0.8580 grad_norm=5.2874 tensors_with_grad=69/72
[train] step 242: T=677 positions=16 loss=0.9875 ce=2.0697 tv=0.3974 conf=1.3813 grad_norm=4.1480 tensors_with_grad=69/72
[train] step 243: T=615 positions=16 loss=0.9934 ce=2.2019 tv=0.4263 conf=1.4114 grad_norm=5.8556 tensors_with_grad=69/72
[train] step 244: T=1500 positions=16 loss=1.2775 ce=2.8659 tv=0.4236 conf=0.8575 grad_norm=5.0408 tensors_with_grad=69/72
[train] step 245: T=672 positions=16 loss=1.7034 ce=3.1381 tv=0.5542 conf=1.2640 grad_norm=5.2033 tensors_with_grad=69/72
[train] step 246: T=561 positions=16 loss=0.4559 ce=0.8352 tv=0.1851 conf=0.7238 grad_norm=2.5441 tensors_with_grad=69/72
[train] step 247: T=610 positions=16 loss=0.7991 ce=1.4944 tv=0.3334 conf=0.7933 grad_norm=3.6436 tensors_with_grad=69/72
[train] step 248: T=535 positions=16 loss=0.4312 ce=1.4291 tv=0.2270 conf=0.5974 grad_norm=1.9553 tensors_with_grad=69/72
[train] step 249: T=587 positions=16 loss=0.1122 ce=0.5131 tv=0.1591 conf=0.6771 grad_norm=1.9831 tensors_with_grad=69/72
[train] step 250: T=633 positions=16 loss=0.1368 ce=0.2754 tv=0.1295 conf=0.4357 grad_norm=1.5891 tensors_with_grad=69/72
[train] step 251: T=677 positions=16 loss=0.5141 ce=1.5469 tv=0.3224 conf=1.2092 grad_norm=6.5527 tensors_with_grad=69/72
[train] step 252: T=598 positions=16 loss=0.3050 ce=0.5737 tv=0.2295 conf=1.3756 grad_norm=3.1163 tensors_with_grad=69/72
[train] step 253: T=654 positions=16 loss=1.3432 ce=2.3861 tv=0.4813 conf=0.9853 grad_norm=6.7277 tensors_with_grad=69/72
[train] step 254: T=546 positions=16 loss=0.4777 ce=1.0588 tv=0.0938 conf=1.3685 grad_norm=2.9989 tensors_with_grad=69/72
[train] step 255: T=617 positions=16 loss=0.3344 ce=0.8095 tv=0.2455 conf=0.9457 grad_norm=6.5437 tensors_with_grad=69/72
[train] step 256: T=537 positions=16 loss=0.1057 ce=0.2128 tv=0.0814 conf=0.3292 grad_norm=0.6877 tensors_with_grad=69/72
[train] step 257: T=649 positions=16 loss=0.9703 ce=2.0677 tv=0.4625 conf=1.1493 grad_norm=4.1548 tensors_with_grad=69/72
[train] step 258: T=676 positions=16 loss=0.9128 ce=1.7686 tv=0.3335 conf=0.9749 grad_norm=11.1388 tensors_with_grad=69/72
[train] step 259: T=672 positions=16 loss=1.2334 ce=2.4343 tv=0.4876 conf=1.4390 grad_norm=4.3936 tensors_with_grad=69/72
[train] step 260: T=665 positions=16 loss=0.2745 ce=0.7133 tv=0.1845 conf=0.5845 grad_norm=2.0872 tensors_with_grad=69/72
[train] step 261: T=542 positions=16 loss=0.4260 ce=0.9271 tv=0.1567 conf=0.7306 grad_norm=2.2498 tensors_with_grad=69/72
[train] step 262: T=526 positions=16 loss=1.3148 ce=2.4313 tv=0.4407 conf=0.8588 grad_norm=4.9393 tensors_with_grad=69/72
[train] step 263: T=570 positions=16 loss=0.3400 ce=0.7579 tv=0.1250 conf=0.7277 grad_norm=3.3156 tensors_with_grad=69/72
[train] step 264: T=673 positions=16 loss=0.1761 ce=0.9923 tv=0.2007 conf=1.0202 grad_norm=1.6011 tensors_with_grad=69/72
[train] step 265: T=1148 positions=16 loss=1.3948 ce=2.8047 tv=0.4029 conf=0.9143 grad_norm=6.1672 tensors_with_grad=69/72
[train] step 266: T=675 positions=16 loss=0.7840 ce=1.4454 tv=0.3067 conf=0.7341 grad_norm=8.7083 tensors_with_grad=69/72
[train] step 267: T=609 positions=16 loss=0.4783 ce=0.8616 tv=0.2403 conf=1.2337 grad_norm=2.7176 tensors_with_grad=69/72
[train] step 268: T=528 positions=16 loss=1.2440 ce=2.2120 tv=0.4073 conf=0.8384 grad_norm=10.0767 tensors_with_grad=69/72
[train] step 269: T=547 positions=16 loss=0.3046 ce=0.7137 tv=0.2167 conf=0.7739 grad_norm=3.4812 tensors_with_grad=69/72
[train] step 270: T=529 positions=16 loss=0.4121 ce=0.8143 tv=0.1704 conf=0.7751 grad_norm=2.1251 tensors_with_grad=69/72
[train] step 271: T=550 positions=16 loss=0.8909 ce=1.3698 tv=0.3246 conf=0.4059 grad_norm=10.2950 tensors_with_grad=69/72
[train] step 272: T=639 positions=16 loss=0.7654 ce=1.7256 tv=0.3521 conf=1.1944 grad_norm=6.2949 tensors_with_grad=69/72
[train] step 273: T=615 positions=16 loss=0.4936 ce=1.2394 tv=0.2317 conf=1.4543 grad_norm=3.8888 tensors_with_grad=69/72
[train] step 274: T=536 positions=16 loss=0.0437 ce=0.1323 tv=0.0465 conf=0.2683 grad_norm=0.8936 tensors_with_grad=69/72
[train] step 275: T=534 positions=16 loss=0.3523 ce=0.7906 tv=0.1499 conf=1.0716 grad_norm=3.7983 tensors_with_grad=69/72
[train] step 276: T=538 positions=16 loss=1.5071 ce=2.5886 tv=0.5450 conf=1.1096 grad_norm=6.1196 tensors_with_grad=69/72
[train] step 277: T=525 positions=16 loss=0.7534 ce=1.4239 tv=0.3103 conf=0.8654 grad_norm=4.0249 tensors_with_grad=69/72
[train] step 278: T=671 positions=16 loss=1.7848 ce=3.4981 tv=0.5816 conf=1.4170 grad_norm=5.3359 tensors_with_grad=69/72
[train] step 279: T=536 positions=16 loss=0.3070 ce=0.9707 tv=0.1963 conf=0.8588 grad_norm=3.6859 tensors_with_grad=69/72
[train] step 280: T=532 positions=16 loss=0.3315 ce=0.6858 tv=0.2295 conf=1.2491 grad_norm=5.5984 tensors_with_grad=69/72
[train] step 281: T=553 positions=16 loss=0.7619 ce=1.1646 tv=0.2034 conf=0.6599 grad_norm=4.0609 tensors_with_grad=69/72
[train] step 282: T=673 positions=16 loss=1.7175 ce=3.2738 tv=0.5185 conf=0.9191 grad_norm=7.5675 tensors_with_grad=69/72
[train] step 283: T=1324 positions=16 loss=2.0712 ce=4.2554 tv=0.5083 conf=1.6279 grad_norm=4.2610 tensors_with_grad=69/72
[train] step 284: T=642 positions=16 loss=0.7810 ce=1.4402 tv=0.3032 conf=1.8931 grad_norm=5.5618 tensors_with_grad=69/72
[train] step 285: T=548 positions=16 loss=0.5512 ce=1.2624 tv=0.1756 conf=0.9266 grad_norm=2.4910 tensors_with_grad=69/72
[train] step 286: T=642 positions=16 loss=1.1209 ce=1.9883 tv=0.4518 conf=1.2361 grad_norm=8.9607 tensors_with_grad=69/72
[train] step 287: T=528 positions=16 loss=1.2490 ce=2.2746 tv=0.4844 conf=1.6499 grad_norm=3.6658 tensors_with_grad=69/72
[train] step 288: T=537 positions=16 loss=0.2359 ce=0.7972 tv=0.1489 conf=0.8807 grad_norm=1.7846 tensors_with_grad=69/72
[train] step 289: T=672 positions=16 loss=0.9255 ce=1.6114 tv=0.3186 conf=1.1872 grad_norm=5.2250 tensors_with_grad=69/72
[train] step 290: T=526 positions=16 loss=0.3831 ce=0.7990 tv=0.1915 conf=1.0658 grad_norm=4.8492 tensors_with_grad=69/72
[train] step 291: T=538 positions=16 loss=0.7324 ce=1.4338 tv=0.3806 conf=2.7151 grad_norm=4.4270 tensors_with_grad=69/72
[train] step 292: T=527 positions=16 loss=0.5584 ce=1.3041 tv=0.3214 conf=2.5165 grad_norm=3.6185 tensors_with_grad=69/72
[train] step 293: T=526 positions=16 loss=0.6011 ce=1.1858 tv=0.2380 conf=2.2033 grad_norm=3.4863 tensors_with_grad=69/72
[train] step 294: T=529 positions=16 loss=0.2818 ce=0.6802 tv=0.1612 conf=1.1210 grad_norm=2.4191 tensors_with_grad=69/72
[train] step 295: T=968 positions=16 loss=1.4019 ce=2.9345 tv=0.4831 conf=2.2231 grad_norm=4.2182 tensors_with_grad=69/72
[train] step 296: T=1360 positions=16 loss=2.3033 ce=4.4794 tv=0.5474 conf=2.1350 grad_norm=7.4982 tensors_with_grad=69/72
[train] step 297: T=672 positions=16 loss=1.6579 ce=2.9399 tv=0.5357 conf=2.1986 grad_norm=3.2332 tensors_with_grad=69/72
[train] step 298: T=582 positions=16 loss=1.1837 ce=2.5554 tv=0.3850 conf=1.4025 grad_norm=3.9928 tensors_with_grad=69/72
[train] step 299: T=613 positions=16 loss=0.7377 ce=1.5254 tv=0.3927 conf=2.5260 grad_norm=6.0969 tensors_with_grad=69/72
[train] step 300: T=646 positions=16 loss=1.0929 ce=2.1401 tv=0.4670 conf=2.0562 grad_norm=7.0617 tensors_with_grad=69/72
[train] step 301: T=672 positions=16 loss=1.2554 ce=2.6959 tv=0.5189 conf=2.8361 grad_norm=4.0337 tensors_with_grad=69/72
[train] step 302: T=535 positions=16 loss=1.0337 ce=2.6570 tv=0.3968 conf=2.6712 grad_norm=3.9509 tensors_with_grad=69/72
[train] step 303: T=537 positions=16 loss=0.5701 ce=1.3459 tv=0.2637 conf=0.9072 grad_norm=6.8511 tensors_with_grad=69/72
[train] step 304: T=1797 positions=16 loss=1.6713 ce=3.3678 tv=0.4787 conf=2.5653 grad_norm=10.0924 tensors_with_grad=69/72
[train] step 305: T=527 positions=16 loss=1.0986 ce=2.0878 tv=0.4907 conf=1.6718 grad_norm=4.7945 tensors_with_grad=69/72
[train] step 306: T=544 positions=16 loss=0.1414 ce=0.4187 tv=0.1006 conf=1.0545 grad_norm=3.1688 tensors_with_grad=69/72
[train] step 307: T=675 positions=16 loss=0.4454 ce=1.1845 tv=0.2341 conf=1.6345 grad_norm=5.6600 tensors_with_grad=69/72
[train] step 308: T=525 positions=16 loss=1.1549 ce=1.9712 tv=0.4838 conf=1.5873 grad_norm=5.9590 tensors_with_grad=69/72
[train] step 309: T=583 positions=16 loss=0.1347 ce=0.4299 tv=0.0990 conf=0.5453 grad_norm=2.1654 tensors_with_grad=69/72
[train] step 310: T=620 positions=16 loss=0.6532 ce=1.4226 tv=0.2830 conf=2.1388 grad_norm=6.0595 tensors_with_grad=69/72
[train] step 311: T=538 positions=16 loss=0.2628 ce=0.5590 tv=0.1280 conf=0.4681 grad_norm=3.0373 tensors_with_grad=69/72
[train] step 312: T=637 positions=16 loss=0.0725 ce=0.2151 tv=0.1343 conf=1.0325 grad_norm=1.4105 tensors_with_grad=69/72
[train] step 313: T=658 positions=16 loss=0.7423 ce=1.6220 tv=0.3927 conf=1.9805 grad_norm=4.6792 tensors_with_grad=69/72
[train] step 314: T=609 positions=16 loss=0.4083 ce=1.1973 tv=0.2407 conf=1.4275 grad_norm=3.2474 tensors_with_grad=69/72
[train] step 315: T=903 positions=16 loss=1.8215 ce=3.7673 tv=0.4911 conf=2.3543 grad_norm=6.2924 tensors_with_grad=69/72
[train] step 316: T=524 positions=16 loss=1.0517 ce=1.9603 tv=0.4416 conf=1.1481 grad_norm=7.0977 tensors_with_grad=69/72
[train] step 317: T=829 positions=16 loss=1.1982 ce=2.2303 tv=0.3159 conf=0.7074 grad_norm=3.7821 tensors_with_grad=69/72
[train] step 318: T=875 positions=16 loss=1.1854 ce=2.3004 tv=0.3346 conf=0.9831 grad_norm=4.1809 tensors_with_grad=69/72
[train] step 319: T=533 positions=16 loss=1.1297 ce=2.0668 tv=0.3510 conf=0.4465 grad_norm=4.8176 tensors_with_grad=69/72
[train] step 320: T=675 positions=16 loss=0.6024 ce=1.4757 tv=0.3089 conf=1.9001 grad_norm=3.1367 tensors_with_grad=69/72
[train] step 321: T=672 positions=16 loss=0.9614 ce=1.9372 tv=0.3064 conf=1.4450 grad_norm=3.0870 tensors_with_grad=69/72
[train] step 322: T=672 positions=16 loss=0.1680 ce=0.4107 tv=0.1729 conf=1.6130 grad_norm=3.5999 tensors_with_grad=69/72
[train] step 323: T=1087 positions=16 loss=0.9940 ce=1.6697 tv=0.3472 conf=1.0890 grad_norm=5.1877 tensors_with_grad=69/72
[train] step 324: T=672 positions=16 loss=1.2089 ce=2.5503 tv=0.3571 conf=1.1296 grad_norm=10.3667 tensors_with_grad=69/72
[train] step 325: T=854 positions=16 loss=1.8645 ce=3.9373 tv=0.4841 conf=1.7252 grad_norm=8.3185 tensors_with_grad=69/72
[train] step 326: T=609 positions=16 loss=0.3207 ce=0.7241 tv=0.2104 conf=1.2862 grad_norm=2.7989 tensors_with_grad=69/72
[train] step 327: T=545 positions=16 loss=0.4883 ce=1.2237 tv=0.2519 conf=1.3462 grad_norm=2.8769 tensors_with_grad=69/72
[train] step 328: T=634 positions=16 loss=0.5568 ce=1.4411 tv=0.4147 conf=1.5999 grad_norm=3.0082 tensors_with_grad=69/72
[train] step 329: T=649 positions=16 loss=0.8288 ce=1.5344 tv=0.3258 conf=1.0866 grad_norm=5.9664 tensors_with_grad=69/72
[train] step 330: T=675 positions=16 loss=0.6140 ce=1.5564 tv=0.3091 conf=2.8231 grad_norm=4.9712 tensors_with_grad=69/72
[train] step 331: T=560 positions=16 loss=0.2139 ce=0.5198 tv=0.1264 conf=0.7712 grad_norm=2.1432 tensors_with_grad=69/72
[train] step 332: T=535 positions=16 loss=0.1310 ce=0.2565 tv=0.0844 conf=0.3662 grad_norm=1.0115 tensors_with_grad=69/72
[train] step 333: T=532 positions=16 loss=0.3263 ce=0.6927 tv=0.1553 conf=0.2993 grad_norm=1.0746 tensors_with_grad=69/72
[train] step 334: T=903 positions=16 loss=0.7990 ce=1.6078 tv=0.3293 conf=1.0712 grad_norm=5.0296 tensors_with_grad=69/72
[train] step 335: T=621 positions=16 loss=0.4507 ce=0.9856 tv=0.2448 conf=1.2357 grad_norm=6.3530 tensors_with_grad=69/72
[train] step 336: T=903 positions=16 loss=1.1899 ce=2.4400 tv=0.3075 conf=0.9908 grad_norm=5.5576 tensors_with_grad=69/72
[train] step 337: T=539 positions=16 loss=0.3943 ce=0.8022 tv=0.1579 conf=0.9738 grad_norm=9.5762 tensors_with_grad=69/72
[train] step 338: T=553 positions=16 loss=0.5653 ce=0.9937 tv=0.1678 conf=0.5761 grad_norm=3.4448 tensors_with_grad=69/72
[train] step 339: T=546 positions=16 loss=1.2209 ce=2.5798 tv=0.5436 conf=3.1349 grad_norm=6.2882 tensors_with_grad=69/72
[train] step 340: T=597 positions=16 loss=0.3814 ce=1.0111 tv=0.2164 conf=1.1675 grad_norm=2.2404 tensors_with_grad=69/72
[train] step 341: T=942 positions=16 loss=1.3085 ce=2.7976 tv=0.3811 conf=1.4971 grad_norm=4.6406 tensors_with_grad=69/72
[train] step 342: T=672 positions=16 loss=1.0361 ce=2.3332 tv=0.4405 conf=1.1986 grad_norm=5.7970 tensors_with_grad=69/72
[train] step 343: T=527 positions=16 loss=0.8124 ce=1.6980 tv=0.3773 conf=1.5649 grad_norm=6.4236 tensors_with_grad=69/72
[train] step 344: T=589 positions=16 loss=0.0891 ce=0.2993 tv=0.1134 conf=0.3999 grad_norm=0.7501 tensors_with_grad=69/72
[train] step 345: T=541 positions=16 loss=0.7064 ce=1.4272 tv=0.3482 conf=2.1193 grad_norm=4.4777 tensors_with_grad=69/72
[train] step 346: T=581 positions=16 loss=0.1555 ce=0.4132 tv=0.1372 conf=1.2163 grad_norm=1.2714 tensors_with_grad=69/72
[train] step 347: T=678 positions=16 loss=0.4847 ce=1.2075 tv=0.2812 conf=1.5216 grad_norm=2.3411 tensors_with_grad=69/72
[train] step 348: T=673 positions=16 loss=1.7815 ce=3.1479 tv=0.5615 conf=1.7062 grad_norm=7.5807 tensors_with_grad=69/72
[train] step 349: T=628 positions=16 loss=0.3160 ce=0.6723 tv=0.1607 conf=1.2676 grad_norm=3.4521 tensors_with_grad=69/72
[train] step 350: T=661 positions=16 loss=0.8845 ce=2.0244 tv=0.3853 conf=1.7067 grad_norm=3.9752 tensors_with_grad=69/72
[train] step 351: T=544 positions=16 loss=0.3489 ce=0.9252 tv=0.2574 conf=1.0927 grad_norm=4.1092 tensors_with_grad=69/72
[train] step 352: T=538 positions=16 loss=0.1844 ce=0.4302 tv=0.1151 conf=0.7127 grad_norm=3.0044 tensors_with_grad=69/72
[train] step 353: T=539 positions=16 loss=0.0763 ce=0.2886 tv=0.0874 conf=0.7606 grad_norm=0.5735 tensors_with_grad=69/72
[train] step 354: T=1009 positions=16 loss=2.0916 ce=4.0742 tv=0.4736 conf=1.5419 grad_norm=5.1845 tensors_with_grad=69/72
[train] step 355: T=531 positions=16 loss=0.9297 ce=1.8564 tv=0.3045 conf=1.4030 grad_norm=8.8821 tensors_with_grad=69/72
[train] step 356: T=537 positions=16 loss=0.0282 ce=0.1558 tv=0.0550 conf=0.7360 grad_norm=0.5074 tensors_with_grad=69/72
[train] step 357: T=531 positions=16 loss=1.0824 ce=2.0041 tv=0.3380 conf=0.5519 grad_norm=4.6599 tensors_with_grad=69/72
[train] step 358: T=629 positions=16 loss=0.7695 ce=1.4263 tv=0.3663 conf=1.4460 grad_norm=5.6593 tensors_with_grad=69/72
[train] step 359: T=674 positions=16 loss=0.9949 ce=2.0281 tv=0.3963 conf=1.9091 grad_norm=5.2824 tensors_with_grad=69/72
[train] step 360: T=674 positions=16 loss=0.2124 ce=0.4392 tv=0.1854 conf=1.0726 grad_norm=3.3062 tensors_with_grad=69/72
[train] step 361: T=548 positions=16 loss=0.1635 ce=0.3869 tv=0.1459 conf=1.8431 grad_norm=2.1644 tensors_with_grad=69/72
[train] step 362: T=539 positions=16 loss=0.3593 ce=0.7498 tv=0.2403 conf=1.4515 grad_norm=3.8239 tensors_with_grad=69/72
[train] step 363: T=672 positions=16 loss=1.4050 ce=2.8044 tv=0.5202 conf=1.7779 grad_norm=5.1936 tensors_with_grad=69/72
[train] step 364: T=639 positions=16 loss=0.3762 ce=0.8887 tv=0.2928 conf=1.3766 grad_norm=6.9142 tensors_with_grad=69/72
[train] step 365: T=672 positions=16 loss=1.1705 ce=1.6718 tv=0.4833 conf=1.4451 grad_norm=11.6681 tensors_with_grad=69/72
[train] step 366: T=539 positions=16 loss=0.2962 ce=0.8594 tv=0.1933 conf=0.7779 grad_norm=4.1588 tensors_with_grad=69/72
[train] step 367: T=591 positions=16 loss=1.4109 ce=2.6081 tv=0.5067 conf=1.5988 grad_norm=5.3871 tensors_with_grad=69/72
[train] step 368: T=584 positions=16 loss=0.2318 ce=0.6841 tv=0.1940 conf=1.1502 grad_norm=1.3202 tensors_with_grad=69/72
[train] step 369: T=591 positions=16 loss=0.4232 ce=0.7028 tv=0.2430 conf=1.2550 grad_norm=7.3065 tensors_with_grad=69/72
[train] step 370: T=568 positions=16 loss=1.5181 ce=2.9265 tv=0.4797 conf=2.1988 grad_norm=7.7284 tensors_with_grad=69/72
[train] step 371: T=538 positions=16 loss=0.7259 ce=1.5502 tv=0.3057 conf=1.9251 grad_norm=4.7802 tensors_with_grad=69/72
[train] step 372: T=598 positions=16 loss=0.3695 ce=0.7202 tv=0.1462 conf=0.3657 grad_norm=2.4746 tensors_with_grad=69/72
[train] step 373: T=528 positions=16 loss=0.4688 ce=0.8825 tv=0.1714 conf=0.4783 grad_norm=2.4029 tensors_with_grad=69/72
[train] step 374: T=527 positions=16 loss=0.3536 ce=0.9402 tv=0.2613 conf=2.4740 grad_norm=4.5966 tensors_with_grad=69/72
[train] step 375: T=559 positions=16 loss=0.8846 ce=2.0007 tv=0.2178 conf=0.6563 grad_norm=8.3651 tensors_with_grad=69/72
[train] step 376: T=525 positions=16 loss=0.4612 ce=0.9788 tv=0.2108 conf=1.8144 grad_norm=4.3655 tensors_with_grad=69/72
[train] step 377: T=539 positions=16 loss=0.7289 ce=1.2267 tv=0.2514 conf=1.1257 grad_norm=6.0825 tensors_with_grad=69/72
[train] step 378: T=1627 positions=16 loss=1.3414 ce=2.7705 tv=0.4843 conf=2.1824 grad_norm=8.0275 tensors_with_grad=69/72
[train] step 379: T=565 positions=16 loss=0.5962 ce=1.1830 tv=0.2758 conf=1.7894 grad_norm=5.5862 tensors_with_grad=69/72
[train] step 380: T=613 positions=16 loss=0.3126 ce=0.9079 tv=0.2424 conf=0.8932 grad_norm=5.0354 tensors_with_grad=69/72
[train] step 381: T=573 positions=16 loss=0.0566 ce=0.1893 tv=0.1020 conf=2.2592 grad_norm=1.5543 tensors_with_grad=69/72
[train] step 382: T=676 positions=16 loss=0.5901 ce=1.1513 tv=0.2814 conf=2.6550 grad_norm=2.9577 tensors_with_grad=69/72
[train] step 383: T=870 positions=16 loss=1.0120 ce=2.2357 tv=0.2864 conf=3.8400 grad_norm=4.7673 tensors_with_grad=69/72
[train] step 384: T=640 positions=16 loss=1.3049 ce=2.4874 tv=0.4587 conf=1.9828 grad_norm=4.1419 tensors_with_grad=69/72
[train] step 385: T=659 positions=16 loss=0.9930 ce=1.7774 tv=0.4356 conf=2.7814 grad_norm=3.9909 tensors_with_grad=69/72
[train] step 386: T=615 positions=16 loss=0.3382 ce=1.1755 tv=0.2416 conf=1.5120 grad_norm=4.1082 tensors_with_grad=69/72
[train] step 387: T=526 positions=16 loss=1.1702 ce=2.3151 tv=0.4704 conf=1.5672 grad_norm=4.9784 tensors_with_grad=69/72
[train] step 388: T=1042 positions=16 loss=1.2387 ce=2.5461 tv=0.3093 conf=1.2195 grad_norm=6.0769 tensors_with_grad=69/72
[train] step 389: T=581 positions=16 loss=0.5610 ce=1.7102 tv=0.2265 conf=2.6976 grad_norm=5.4332 tensors_with_grad=69/72
[train] step 390: T=946 positions=16 loss=1.4615 ce=2.6283 tv=0.4093 conf=1.9374 grad_norm=6.7437 tensors_with_grad=69/72
[train] step 391: T=669 positions=16 loss=0.8912 ce=1.6510 tv=0.3851 conf=2.3110 grad_norm=5.5861 tensors_with_grad=69/72
[train] step 392: T=959 positions=16 loss=1.1469 ce=2.2024 tv=0.4140 conf=2.5700 grad_norm=4.4894 tensors_with_grad=69/72
[train] step 393: T=538 positions=16 loss=1.0783 ce=1.9038 tv=0.4311 conf=2.4379 grad_norm=7.8813 tensors_with_grad=69/72
[train] step 394: T=538 positions=16 loss=0.1427 ce=0.3516 tv=0.1175 conf=0.5681 grad_norm=4.1788 tensors_with_grad=69/72
[train] step 395: T=564 positions=16 loss=1.7221 ce=3.0381 tv=0.5501 conf=2.6845 grad_norm=9.9725 tensors_with_grad=69/72
[train] step 396: T=581 positions=16 loss=0.2119 ce=0.5907 tv=0.1346 conf=1.1346 grad_norm=2.1557 tensors_with_grad=69/72
[train] step 397: T=545 positions=16 loss=1.0478 ce=1.7238 tv=0.4394 conf=2.0547 grad_norm=11.5356 tensors_with_grad=69/72
[train] step 398: T=525 positions=16 loss=1.3809 ce=2.7233 tv=0.5314 conf=3.0566 grad_norm=4.7846 tensors_with_grad=69/72
[train] step 399: T=565 positions=16 loss=1.0025 ce=2.3346 tv=0.3003 conf=2.4126 grad_norm=8.3591 tensors_with_grad=69/72
[train] step 400: T=554 positions=16 loss=0.2998 ce=0.5859 tv=0.1620 conf=0.9643 grad_norm=2.3644 tensors_with_grad=69/72
[train] step 401: T=1014 positions=16 loss=1.1781 ce=2.1931 tv=0.3158 conf=2.3952 grad_norm=5.6588 tensors_with_grad=69/72
[train] step 402: T=541 positions=16 loss=0.3335 ce=0.7862 tv=0.1176 conf=0.3734 grad_norm=1.8045 tensors_with_grad=69/72
[train] step 403: T=538 positions=16 loss=0.1805 ce=0.3877 tv=0.1456 conf=1.4413 grad_norm=3.1849 tensors_with_grad=69/72
[train] step 404: T=585 positions=16 loss=0.9078 ce=1.8200 tv=0.3325 conf=2.3598 grad_norm=4.3473 tensors_with_grad=69/72
[train] step 405: T=535 positions=16 loss=0.5210 ce=1.1090 tv=0.2455 conf=1.1889 grad_norm=10.3304 tensors_with_grad=69/72
[train] step 406: T=534 positions=16 loss=0.3436 ce=0.9674 tv=0.2327 conf=1.4374 grad_norm=3.9046 tensors_with_grad=69/72
[train] step 407: T=674 positions=16 loss=1.4172 ce=2.4475 tv=0.5002 conf=2.2444 grad_norm=6.1931 tensors_with_grad=69/72
[train] step 408: T=1629 positions=16 loss=1.4939 ce=3.4769 tv=0.3688 conf=2.2440 grad_norm=3.8003 tensors_with_grad=69/72
[train] step 409: T=529 positions=16 loss=0.8334 ce=1.4973 tv=0.3981 conf=1.5873 grad_norm=4.0528 tensors_with_grad=69/72
[train] step 410: T=604 positions=16 loss=0.2517 ce=0.6527 tv=0.1951 conf=1.5355 grad_norm=4.2346 tensors_with_grad=69/72
[train] step 411: T=615 positions=16 loss=0.3180 ce=0.6051 tv=0.1705 conf=2.1288 grad_norm=2.9829 tensors_with_grad=69/72
[train] step 412: T=563 positions=16 loss=0.2562 ce=0.5607 tv=0.1140 conf=0.5254 grad_norm=1.6515 tensors_with_grad=69/72
[train] step 413: T=572 positions=16 loss=0.3597 ce=0.7619 tv=0.2088 conf=1.1022 grad_norm=3.3622 tensors_with_grad=69/72
[train] step 414: T=591 positions=16 loss=0.4401 ce=0.8141 tv=0.2606 conf=1.4550 grad_norm=6.7348 tensors_with_grad=69/72
[train] step 415: T=595 positions=16 loss=0.4941 ce=1.4735 tv=0.2932 conf=0.7867 grad_norm=4.1722 tensors_with_grad=69/72
[train] step 416: T=541 positions=16 loss=0.6715 ce=1.1851 tv=0.3057 conf=0.9819 grad_norm=5.6088 tensors_with_grad=69/72
[train] step 417: T=543 positions=16 loss=0.8098 ce=1.5865 tv=0.3953 conf=1.4063 grad_norm=4.9152 tensors_with_grad=69/72
[train] step 418: T=678 positions=16 loss=1.0562 ce=2.0738 tv=0.3728 conf=2.3230 grad_norm=3.2438 tensors_with_grad=69/72
[train] step 419: T=592 positions=16 loss=0.0739 ce=0.2581 tv=0.1108 conf=1.4052 grad_norm=1.3658 tensors_with_grad=69/72
[train] step 420: T=633 positions=16 loss=1.0868 ce=1.9443 tv=0.4131 conf=1.7874 grad_norm=7.3877 tensors_with_grad=69/72
[train] step 421: T=531 positions=16 loss=0.4021 ce=0.6400 tv=0.2550 conf=0.9248 grad_norm=4.0590 tensors_with_grad=69/72
[train] step 422: T=576 positions=16 loss=0.4481 ce=0.8635 tv=0.2777 conf=2.0972 grad_norm=5.8751 tensors_with_grad=69/72
[train] step 423: T=535 positions=16 loss=0.5359 ce=1.4128 tv=0.2262 conf=0.8306 grad_norm=6.4842 tensors_with_grad=69/72
[train] step 424: T=606 positions=16 loss=0.8129 ce=2.0080 tv=0.4114 conf=2.3768 grad_norm=3.3091 tensors_with_grad=69/72
[train] step 425: T=577 positions=16 loss=0.1621 ce=0.5153 tv=0.2221 conf=2.0561 grad_norm=2.7824 tensors_with_grad=69/72
[train] step 426: T=531 positions=16 loss=0.3833 ce=1.1214 tv=0.2409 conf=2.0412 grad_norm=7.3047 tensors_with_grad=69/72
[train] step 427: T=667 positions=16 loss=0.4478 ce=0.8434 tv=0.2072 conf=1.3655 grad_norm=5.1380 tensors_with_grad=69/72
[train] step 428: T=639 positions=16 loss=1.1255 ce=2.3830 tv=0.4505 conf=1.6499 grad_norm=4.3941 tensors_with_grad=69/72
[train] step 429: T=527 positions=16 loss=1.1127 ce=2.2071 tv=0.4551 conf=1.8918 grad_norm=4.4847 tensors_with_grad=69/72
[train] step 430: T=673 positions=16 loss=1.8993 ce=3.1469 tv=0.5836 conf=0.9455 grad_norm=8.2291 tensors_with_grad=69/72
[train] step 431: T=599 positions=16 loss=0.1255 ce=0.2527 tv=0.1213 conf=0.8093 grad_norm=2.0523 tensors_with_grad=69/72
[train] step 432: T=533 positions=16 loss=0.1946 ce=0.4512 tv=0.1113 conf=0.3171 grad_norm=2.4200 tensors_with_grad=69/72
[train] step 433: T=535 positions=16 loss=0.5972 ce=0.9231 tv=0.2999 conf=1.1087 grad_norm=2.6952 tensors_with_grad=69/72
[train] step 434: T=584 positions=16 loss=1.0696 ce=2.4121 tv=0.4136 conf=1.6870 grad_norm=9.0458 tensors_with_grad=69/72
[train] step 435: T=568 positions=16 loss=0.8648 ce=1.8481 tv=0.3745 conf=1.7924 grad_norm=6.1432 tensors_with_grad=69/72
[train] step 436: T=1111 positions=16 loss=0.9484 ce=1.7268 tv=0.3400 conf=1.6113 grad_norm=4.5008 tensors_with_grad=69/72
[train] step 437: T=673 positions=16 loss=0.9692 ce=1.9813 tv=0.3998 conf=1.2471 grad_norm=6.9071 tensors_with_grad=69/72
[train] step 438: T=614 positions=16 loss=0.7932 ce=1.9124 tv=0.3478 conf=1.4514 grad_norm=3.4364 tensors_with_grad=69/72
[train] step 439: T=526 positions=16 loss=0.5661 ce=1.2245 tv=0.3389 conf=1.8610 grad_norm=5.6205 tensors_with_grad=69/72
[train] step 440: T=532 positions=16 loss=0.2457 ce=0.5478 tv=0.0969 conf=1.2275 grad_norm=1.8530 tensors_with_grad=69/72
[train] step 441: T=624 positions=16 loss=0.6646 ce=1.2269 tv=0.3241 conf=1.5475 grad_norm=9.4480 tensors_with_grad=69/72
[train] step 442: T=530 positions=16 loss=1.0146 ce=2.0215 tv=0.3785 conf=1.1068 grad_norm=4.4427 tensors_with_grad=69/72
[train] step 443: T=546 positions=16 loss=0.6159 ce=1.0721 tv=0.2352 conf=0.6981 grad_norm=3.1079 tensors_with_grad=69/72
[train] step 444: T=672 positions=16 loss=0.9316 ce=2.4728 tv=0.3984 conf=3.2352 grad_norm=5.5059 tensors_with_grad=69/72
[train] step 445: T=528 positions=16 loss=1.1800 ce=2.1580 tv=0.4714 conf=0.9915 grad_norm=7.1991 tensors_with_grad=69/72
[train] step 446: T=536 positions=16 loss=0.1207 ce=0.2909 tv=0.0651 conf=0.1635 grad_norm=0.7384 tensors_with_grad=69/72
[train] step 447: T=1543 positions=16 loss=1.8852 ce=3.6863 tv=0.4613 conf=1.0400 grad_norm=6.5597 tensors_with_grad=69/72
[train] step 448: T=673 positions=16 loss=1.4024 ce=2.8155 tv=0.4436 conf=1.1839 grad_norm=4.7495 tensors_with_grad=69/72
[train] step 449: T=587 positions=16 loss=0.1651 ce=0.3268 tv=0.1394 conf=1.6438 grad_norm=2.7601 tensors_with_grad=69/72
[train] step 450: T=529 positions=16 loss=0.4775 ce=0.6907 tv=0.2360 conf=1.1146 grad_norm=4.8773 tensors_with_grad=69/72
[train] step 451: T=981 positions=16 loss=1.2731 ce=2.4357 tv=0.4264 conf=1.6230 grad_norm=4.4310 tensors_with_grad=69/72
[train] step 452: T=557 positions=16 loss=0.4965 ce=1.1061 tv=0.2240 conf=0.9399 grad_norm=4.5129 tensors_with_grad=69/72
[train] step 453: T=543 positions=16 loss=0.5069 ce=1.2128 tv=0.2634 conf=1.0897 grad_norm=4.8045 tensors_with_grad=69/72
[train] step 454: T=955 positions=16 loss=0.8964 ce=1.7651 tv=0.3323 conf=1.2753 grad_norm=3.3790 tensors_with_grad=69/72
[train] step 455: T=536 positions=16 loss=0.3159 ce=0.7117 tv=0.2262 conf=1.3815 grad_norm=3.1736 tensors_with_grad=69/72
[train] step 456: T=952 positions=16 loss=1.5787 ce=2.5456 tv=0.4228 conf=0.9310 grad_norm=6.8320 tensors_with_grad=69/72
[train] step 457: T=960 positions=16 loss=1.5097 ce=3.1892 tv=0.4107 conf=1.8989 grad_norm=4.2454 tensors_with_grad=69/72
[train] step 458: T=525 positions=16 loss=1.4134 ce=2.8820 tv=0.4892 conf=1.7492 grad_norm=5.6849 tensors_with_grad=69/72
[train] step 459: T=1031 positions=16 loss=1.4716 ce=3.0425 tv=0.4625 conf=1.3306 grad_norm=4.0039 tensors_with_grad=69/72
[train] step 460: T=674 positions=16 loss=0.7800 ce=1.3884 tv=0.3911 conf=1.4885 grad_norm=6.3462 tensors_with_grad=69/72
[train] step 461: T=1015 positions=16 loss=1.5025 ce=2.8426 tv=0.4899 conf=1.7691 grad_norm=4.6887 tensors_with_grad=69/72
[train] step 462: T=540 positions=16 loss=1.1284 ce=1.8996 tv=0.4885 conf=1.3380 grad_norm=5.3457 tensors_with_grad=69/72
[train] step 463: T=557 positions=16 loss=0.8975 ce=1.9831 tv=0.3698 conf=1.2930 grad_norm=4.4401 tensors_with_grad=69/72
[train] step 464: T=672 positions=16 loss=0.6915 ce=1.7243 tv=0.3159 conf=1.7938 grad_norm=2.9280 tensors_with_grad=69/72
[train] step 465: T=531 positions=16 loss=1.0226 ce=1.9411 tv=0.4897 conf=1.5779 grad_norm=6.2459 tensors_with_grad=69/72
[train] step 466: T=536 positions=16 loss=0.2404 ce=0.5239 tv=0.1468 conf=0.4374 grad_norm=4.0166 tensors_with_grad=69/72
[train] step 467: T=532 positions=16 loss=1.9815 ce=3.6193 tv=0.5912 conf=1.1148 grad_norm=8.5352 tensors_with_grad=69/72
[train] step 468: T=536 positions=16 loss=0.2267 ce=0.7267 tv=0.1810 conf=1.0139 grad_norm=3.5279 tensors_with_grad=69/72
[train] step 469: T=554 positions=16 loss=0.5632 ce=1.2265 tv=0.3368 conf=1.7000 grad_norm=2.8808 tensors_with_grad=69/72
[train] step 470: T=673 positions=16 loss=1.2757 ce=2.7081 tv=0.4358 conf=0.9685 grad_norm=8.3481 tensors_with_grad=69/72
[train] step 471: T=630 positions=16 loss=0.3886 ce=1.0099 tv=0.2300 conf=2.0504 grad_norm=2.3942 tensors_with_grad=69/72
[train] step 472: T=636 positions=16 loss=0.7146 ce=1.9194 tv=0.2642 conf=1.4869 grad_norm=6.6500 tensors_with_grad=69/72
[train] step 473: T=673 positions=16 loss=1.4136 ce=2.7876 tv=0.4489 conf=1.7628 grad_norm=4.5001 tensors_with_grad=69/72
[train] step 474: T=677 positions=16 loss=0.9956 ce=1.9070 tv=0.2569 conf=1.1091 grad_norm=5.6806 tensors_with_grad=69/72
[train] step 475: T=576 positions=16 loss=0.4892 ce=1.0066 tv=0.2570 conf=1.6766 grad_norm=3.3335 tensors_with_grad=69/72
[train] step 476: T=541 positions=16 loss=1.1643 ce=2.1264 tv=0.5018 conf=2.2575 grad_norm=5.2312 tensors_with_grad=69/72
[train] step 477: T=612 positions=16 loss=0.0708 ce=0.2819 tv=0.1441 conf=1.4648 grad_norm=2.2044 tensors_with_grad=69/72
[train] step 478: T=566 positions=16 loss=1.7146 ce=3.8412 tv=0.5170 conf=1.2519 grad_norm=10.2318 tensors_with_grad=69/72
[train] step 479: T=528 positions=16 loss=1.4720 ce=2.8411 tv=0.5561 conf=2.9454 grad_norm=5.4875 tensors_with_grad=69/72
[train] step 480: T=548 positions=16 loss=0.3156 ce=0.6386 tv=0.1608 conf=0.8752 grad_norm=3.3251 tensors_with_grad=69/72
[train] step 481: T=576 positions=16 loss=1.4616 ce=3.0212 tv=0.4344 conf=1.8224 grad_norm=5.6863 tensors_with_grad=69/72
[train] step 482: T=1222 positions=16 loss=1.1641 ce=2.6617 tv=0.3587 conf=2.3505 grad_norm=9.0436 tensors_with_grad=69/72
[train] step 483: T=869 positions=16 loss=1.5193 ce=2.8516 tv=0.4033 conf=1.3298 grad_norm=7.6339 tensors_with_grad=69/72
[train] step 484: T=526 positions=16 loss=0.7076 ce=1.6439 tv=0.3921 conf=2.6114 grad_norm=3.4537 tensors_with_grad=69/72
[train] step 485: T=850 positions=16 loss=1.1946 ce=2.3915 tv=0.3535 conf=0.8183 grad_norm=4.2379 tensors_with_grad=69/72
[train] step 486: T=907 positions=16 loss=0.9633 ce=1.9938 tv=0.3203 conf=2.2807 grad_norm=3.2841 tensors_with_grad=69/72
[train] step 487: T=1184 positions=16 loss=1.9239 ce=3.6216 tv=0.4794 conf=1.4384 grad_norm=5.4258 tensors_with_grad=69/72
[train] step 488: T=592 positions=16 loss=0.6475 ce=1.4879 tv=0.3159 conf=0.8250 grad_norm=7.7617 tensors_with_grad=69/72
[train] step 489: T=531 positions=16 loss=0.6425 ce=1.4173 tv=0.2521 conf=1.2750 grad_norm=2.4446 tensors_with_grad=69/72
[train] step 490: T=599 positions=16 loss=0.3091 ce=0.7063 tv=0.1853 conf=1.7214 grad_norm=2.1221 tensors_with_grad=69/72
[diag] draft-argmax == TARGET-argmax : 68.0%  | == ground-truth token: 67.2%
[diag] mean top-1 prob  target 0.836  draft 0.747   (TV near 1 with a PEAKED draft => misalignment; with a FLAT draft => genuine)
[train] saved 72 trained tensors -> /cap/auto-beta0p05/c1/trained/mtp_trained.safetensors
[train] saved AdamW state -> /cap/auto-beta0p05/c1/trained/opt_state.pt (needed for --resume to be equivalent to one continuous run)
[train] metrics -> /cap/auto-beta0p05/c1/train_metrics.json  (loss 0.7439 -> 0.3091, tail mean 0.9559)
[train] TRAIN OK
