[train] device=cuda torch=2.10.0
  loading model-00046-of-00048.safetensors ...
  loading model-00047-of-00048.safetensors ...
  loading model-00048-of-00048.safetensors ...
  dequantised 1512 tensors, 12.60 B params, 23.5 GiB bf16
[train] weights ready in 10.2s
[train] trainable 517.3 M in 72 tensors | frozen experts 12.08 B
[train] capture: 491 sample(s)
[Gloo] Rank 0 is connected to 0 peer ranks. Expected number of connected peer ranks is : 0
[train] ModelArgs: n_mtp=3 block=5 taps=[40, 41, 42] markov_rank=256
[train] built 3 DSparkBlock(s) on meta
[train] re-materialised freqs_cis on 3 attention module(s) (persistent=False buffers are NOT in state_dict and to_empty() zapped them)
[train] load_state_dict: 0 missing, 0 unexpected
[train] GATE1 model construction OK
[train] aux: embed.weight(129280, 4096), head.weight(129280, 4096)
[train] trainable tensors in graph: 72 / 517.3 M
[train] resumed 72/72 trained tensors from /cap/auto-anchorpow1p5/c0/trained/mtp_trained.safetensors
[train] resumed AdamW state: 69/72 tensors carry moments (3 never received a gradient, expected), indices aligned
[train] P2.5 anchor: frozen copy of 3 block(s), beta=0.1
[train] lr schedule: linear warmup 73 step(s) -> cosine over 1472 session step(s), peak 5e-05; this chunk is steps 491..981
/work/train/train_head.py:115: UserWarning: Converting a tensor with requires_grad=True to a scalar may lead to unexpected behavior.
Consider using tensor.detach() first. (Triggered internally at /opt/pytorch/torch/csrc/autograd/generated/python_variable_methods.cpp:836.)
  parts = {"ce": float((w * ce).sum()), "tv": float((w * tv).sum()), "conf": 0.0}
[train] step 0: T=675 positions=16 loss=0.7733 ce=1.6275 tv=0.3999 conf=0.7741 grad_norm=3.7366 tensors_with_grad=69/72
[train] step 1: T=593 positions=16 loss=0.2963 ce=0.9427 tv=0.1784 conf=0.5773 grad_norm=7.1913 tensors_with_grad=69/72
[train] step 2: T=984 positions=16 loss=1.5170 ce=3.3722 tv=0.4088 conf=0.7808 grad_norm=4.2554 tensors_with_grad=69/72
[train] step 3: T=672 positions=16 loss=0.5552 ce=1.3572 tv=0.3047 conf=0.9147 grad_norm=3.0324 tensors_with_grad=69/72
[train] step 4: T=675 positions=16 loss=0.7939 ce=1.6858 tv=0.3436 conf=0.9939 grad_norm=4.6048 tensors_with_grad=69/72
[train] step 5: T=1257 positions=16 loss=1.7292 ce=4.0961 tv=0.4889 conf=0.6089 grad_norm=5.3065 tensors_with_grad=69/72
[train] step 6: T=673 positions=16 loss=1.1035 ce=2.7513 tv=0.5388 conf=0.9315 grad_norm=3.8719 tensors_with_grad=69/72
[train] step 7: T=535 positions=16 loss=0.3699 ce=1.0217 tv=0.2401 conf=0.3921 grad_norm=2.7360 tensors_with_grad=69/72
[train] step 8: T=608 positions=16 loss=0.6935 ce=1.7349 tv=0.3898 conf=1.0702 grad_norm=3.2394 tensors_with_grad=69/72
[train] step 9: T=524 positions=16 loss=1.6952 ce=3.3534 tv=0.6296 conf=0.7836 grad_norm=5.1702 tensors_with_grad=69/72
[train] step 10: T=629 positions=16 loss=0.5434 ce=1.3177 tv=0.3103 conf=0.6923 grad_norm=3.5345 tensors_with_grad=69/72
[train] step 11: T=533 positions=16 loss=0.5077 ce=1.4152 tv=0.3352 conf=0.6440 grad_norm=2.5357 tensors_with_grad=69/72
[train] step 12: T=524 positions=16 loss=1.1017 ce=2.6310 tv=0.5571 conf=1.0257 grad_norm=5.4660 tensors_with_grad=69/72
[train] step 13: T=672 positions=16 loss=0.9098 ce=2.4493 tv=0.4806 conf=0.7354 grad_norm=3.8840 tensors_with_grad=69/72
[train] step 14: T=597 positions=16 loss=0.4557 ce=1.2948 tv=0.2714 conf=1.0459 grad_norm=3.5870 tensors_with_grad=69/72
[train] step 15: T=605 positions=16 loss=0.7678 ce=1.7725 tv=0.4435 conf=1.1173 grad_norm=3.7082 tensors_with_grad=69/72
[train] step 16: T=672 positions=16 loss=1.4409 ce=3.2246 tv=0.5365 conf=1.0738 grad_norm=4.6619 tensors_with_grad=69/72
[train] step 17: T=524 positions=16 loss=0.9480 ce=2.4192 tv=0.4923 conf=1.5113 grad_norm=5.5019 tensors_with_grad=69/72
[train] step 18: T=533 positions=16 loss=0.2121 ce=0.6128 tv=0.1447 conf=0.4378 grad_norm=1.2180 tensors_with_grad=69/72
[train] step 19: T=609 positions=16 loss=0.6886 ce=1.5409 tv=0.3826 conf=0.7776 grad_norm=3.2041 tensors_with_grad=69/72
[train] step 20: T=622 positions=16 loss=0.8862 ce=1.9852 tv=0.4075 conf=1.2208 grad_norm=4.2528 tensors_with_grad=69/72
[train] step 21: T=932 positions=16 loss=1.0626 ce=2.4545 tv=0.4422 conf=0.8679 grad_norm=5.1240 tensors_with_grad=69/72
[train] step 22: T=529 positions=16 loss=1.2065 ce=2.7385 tv=0.4245 conf=1.2410 grad_norm=4.3148 tensors_with_grad=69/72
[train] step 23: T=677 positions=16 loss=0.9922 ce=2.9041 tv=0.4749 conf=2.1427 grad_norm=3.3313 tensors_with_grad=69/72
[train] step 24: T=1210 positions=16 loss=1.6350 ce=4.4189 tv=0.4756 conf=1.2913 grad_norm=5.2370 tensors_with_grad=69/72
[train] step 25: T=533 positions=16 loss=0.3661 ce=1.0050 tv=0.1750 conf=1.0775 grad_norm=2.5033 tensors_with_grad=69/72
[train] step 26: T=618 positions=16 loss=0.4532 ce=1.7079 tv=0.3241 conf=1.6779 grad_norm=4.4728 tensors_with_grad=69/72
[train] step 27: T=530 positions=16 loss=0.7883 ce=2.0183 tv=0.3478 conf=1.0313 grad_norm=3.8979 tensors_with_grad=69/72
[train] step 28: T=527 positions=16 loss=0.7428 ce=1.7907 tv=0.4154 conf=1.6981 grad_norm=4.0498 tensors_with_grad=69/72
[train] step 29: T=924 positions=16 loss=1.1055 ce=2.6386 tv=0.4313 conf=2.1504 grad_norm=4.3923 tensors_with_grad=69/72
[train] step 30: T=550 positions=16 loss=1.0573 ce=2.7358 tv=0.5135 conf=2.3137 grad_norm=4.0411 tensors_with_grad=69/72
[train] step 31: T=653 positions=16 loss=1.2929 ce=3.3334 tv=0.5159 conf=2.7506 grad_norm=3.7432 tensors_with_grad=69/72
[train] step 32: T=659 positions=16 loss=0.9063 ce=2.2326 tv=0.3841 conf=0.7825 grad_norm=2.8148 tensors_with_grad=69/72
[train] step 33: T=535 positions=16 loss=0.3952 ce=1.1284 tv=0.2100 conf=1.1841 grad_norm=2.7341 tensors_with_grad=69/72
[train] step 34: T=675 positions=16 loss=0.9535 ce=2.3454 tv=0.5010 conf=1.5781 grad_norm=3.8753 tensors_with_grad=69/72
[train] step 35: T=624 positions=16 loss=0.3695 ce=1.2389 tv=0.2814 conf=2.4305 grad_norm=3.2248 tensors_with_grad=69/72
[train] step 36: T=634 positions=16 loss=0.8372 ce=2.3642 tv=0.4398 conf=1.1652 grad_norm=6.0085 tensors_with_grad=69/72
[train] step 37: T=547 positions=16 loss=0.7189 ce=1.8123 tv=0.3810 conf=1.8150 grad_norm=5.8953 tensors_with_grad=69/72
[train] step 38: T=536 positions=16 loss=0.7793 ce=1.8876 tv=0.3544 conf=2.3450 grad_norm=3.6358 tensors_with_grad=69/72
[train] step 39: T=672 positions=16 loss=0.2482 ce=0.6939 tv=0.1768 conf=0.7806 grad_norm=2.3465 tensors_with_grad=69/72
[train] step 40: T=673 positions=16 loss=0.3145 ce=1.2349 tv=0.2648 conf=1.7854 grad_norm=2.5769 tensors_with_grad=69/72
[train] step 41: T=574 positions=16 loss=1.1905 ce=3.0190 tv=0.4948 conf=1.2997 grad_norm=5.1142 tensors_with_grad=69/72
[train] step 42: T=673 positions=16 loss=0.9454 ce=2.0212 tv=0.4754 conf=1.7956 grad_norm=5.8869 tensors_with_grad=69/72
[train] step 43: T=1093 positions=16 loss=1.4317 ce=3.2752 tv=0.4838 conf=1.5503 grad_norm=4.6852 tensors_with_grad=69/72
[train] step 44: T=572 positions=16 loss=1.1933 ce=3.1516 tv=0.5062 conf=2.1890 grad_norm=3.3435 tensors_with_grad=69/72
[train] step 45: T=607 positions=16 loss=0.8815 ce=2.3557 tv=0.3825 conf=1.0156 grad_norm=10.4437 tensors_with_grad=69/72
[train] step 46: T=604 positions=16 loss=0.4578 ce=1.0544 tv=0.2721 conf=1.6995 grad_norm=7.2558 tensors_with_grad=69/72
[train] step 47: T=674 positions=16 loss=0.8343 ce=2.2074 tv=0.3254 conf=1.3067 grad_norm=2.3124 tensors_with_grad=69/72
[train] step 48: T=529 positions=16 loss=0.7831 ce=1.9305 tv=0.4224 conf=2.3393 grad_norm=4.7004 tensors_with_grad=69/72
[train] step 49: T=674 positions=16 loss=0.2493 ce=0.9396 tv=0.2161 conf=1.3257 grad_norm=2.1888 tensors_with_grad=69/72
[train] step 50: T=983 positions=16 loss=1.2860 ce=2.9756 tv=0.3658 conf=0.9363 grad_norm=4.6794 tensors_with_grad=69/72
[train] step 51: T=531 positions=16 loss=0.2213 ce=0.9679 tv=0.1948 conf=0.9533 grad_norm=3.0332 tensors_with_grad=69/72
[train] step 52: T=643 positions=16 loss=1.1735 ce=2.7459 tv=0.5244 conf=1.7479 grad_norm=6.9471 tensors_with_grad=69/72
[train] step 53: T=672 positions=16 loss=0.7206 ce=1.9381 tv=0.3419 conf=0.9121 grad_norm=4.3201 tensors_with_grad=69/72
[train] step 54: T=577 positions=16 loss=0.3839 ce=1.3017 tv=0.2798 conf=0.7434 grad_norm=4.4905 tensors_with_grad=69/72
[train] step 55: T=540 positions=16 loss=0.3516 ce=1.0293 tv=0.2544 conf=0.8276 grad_norm=3.1388 tensors_with_grad=69/72
[train] step 56: T=1793 positions=16 loss=1.5540 ce=3.4485 tv=0.4932 conf=1.1681 grad_norm=5.2472 tensors_with_grad=69/72
[train] step 57: T=1349 positions=16 loss=1.2849 ce=3.3753 tv=0.5196 conf=1.2116 grad_norm=6.0666 tensors_with_grad=69/72
[train] step 58: T=658 positions=16 loss=1.0428 ce=2.4866 tv=0.4677 conf=0.9716 grad_norm=5.9837 tensors_with_grad=69/72
[train] step 59: T=537 positions=16 loss=1.0419 ce=3.1612 tv=0.4332 conf=1.0984 grad_norm=3.5497 tensors_with_grad=69/72
[train] step 60: T=532 positions=16 loss=0.4613 ce=1.1753 tv=0.3012 conf=0.8725 grad_norm=3.4203 tensors_with_grad=69/72
[train] step 61: T=591 positions=16 loss=0.6706 ce=1.6841 tv=0.2774 conf=0.5276 grad_norm=4.7265 tensors_with_grad=69/72
[train] step 62: T=525 positions=16 loss=1.0835 ce=2.6809 tv=0.4479 conf=0.6817 grad_norm=4.6986 tensors_with_grad=69/72
[train] step 63: T=526 positions=16 loss=0.3981 ce=1.0310 tv=0.2650 conf=0.7138 grad_norm=4.6136 tensors_with_grad=69/72
[train] step 64: T=588 positions=16 loss=0.1862 ce=0.7518 tv=0.1660 conf=0.7398 grad_norm=2.6972 tensors_with_grad=69/72
[train] step 65: T=605 positions=16 loss=0.3864 ce=1.3696 tv=0.1611 conf=0.5216 grad_norm=3.9570 tensors_with_grad=69/72
[train] step 66: T=532 positions=16 loss=0.4799 ce=0.8842 tv=0.2233 conf=0.7485 grad_norm=2.1113 tensors_with_grad=69/72
[train] step 67: T=980 positions=16 loss=1.4602 ce=2.9853 tv=0.5076 conf=1.0841 grad_norm=6.1714 tensors_with_grad=69/72
[train] step 68: T=533 positions=16 loss=1.4687 ce=3.2405 tv=0.5298 conf=0.6303 grad_norm=9.9321 tensors_with_grad=69/72
[train] step 69: T=563 positions=16 loss=0.3701 ce=0.9800 tv=0.1878 conf=0.5201 grad_norm=2.0893 tensors_with_grad=69/72
[train] step 70: T=532 positions=16 loss=0.5723 ce=1.3154 tv=0.2763 conf=0.8477 grad_norm=3.8851 tensors_with_grad=69/72
[train] step 71: T=584 positions=16 loss=0.7787 ce=1.8675 tv=0.3806 conf=1.4894 grad_norm=4.2677 tensors_with_grad=69/72
[train] step 72: T=534 positions=16 loss=0.8875 ce=2.5039 tv=0.2964 conf=0.5825 grad_norm=4.6503 tensors_with_grad=69/72
[train] step 73: T=528 positions=16 loss=0.8687 ce=2.1473 tv=0.4740 conf=1.2698 grad_norm=5.5870 tensors_with_grad=69/72
[train] step 74: T=539 positions=16 loss=0.2051 ce=0.8004 tv=0.1550 conf=0.9177 grad_norm=2.3526 tensors_with_grad=69/72
[train] step 75: T=650 positions=16 loss=0.1877 ce=0.8054 tv=0.1233 conf=0.9120 grad_norm=2.9800 tensors_with_grad=69/72
[train] step 76: T=550 positions=16 loss=0.4991 ce=1.2868 tv=0.3169 conf=1.4725 grad_norm=4.1828 tensors_with_grad=69/72
[train] step 77: T=676 positions=16 loss=0.7468 ce=1.9140 tv=0.3696 conf=1.4086 grad_norm=9.9125 tensors_with_grad=69/72
[train] step 78: T=676 positions=16 loss=0.9073 ce=2.1157 tv=0.3880 conf=1.2751 grad_norm=4.6307 tensors_with_grad=69/72
[train] step 79: T=530 positions=16 loss=1.2600 ce=2.6809 tv=0.4807 conf=0.7507 grad_norm=6.5011 tensors_with_grad=69/72
[train] step 80: T=576 positions=16 loss=1.4004 ce=2.9464 tv=0.5406 conf=1.7560 grad_norm=4.6906 tensors_with_grad=69/72
[train] step 81: T=598 positions=16 loss=0.5713 ce=1.8501 tv=0.3382 conf=1.3769 grad_norm=6.0223 tensors_with_grad=69/72
[train] step 82: T=531 positions=16 loss=0.3931 ce=0.9750 tv=0.2434 conf=1.3073 grad_norm=3.2416 tensors_with_grad=69/72
[train] step 83: T=1060 positions=16 loss=1.5459 ce=3.4047 tv=0.4710 conf=1.4489 grad_norm=5.7455 tensors_with_grad=69/72
[train] step 84: T=563 positions=16 loss=0.5603 ce=1.4638 tv=0.3299 conf=1.6941 grad_norm=3.8157 tensors_with_grad=69/72
[train] step 85: T=644 positions=16 loss=0.1462 ce=0.4559 tv=0.1130 conf=0.4943 grad_norm=0.9357 tensors_with_grad=69/72
[train] step 86: T=621 positions=16 loss=0.2045 ce=0.7756 tv=0.1550 conf=0.8250 grad_norm=2.2876 tensors_with_grad=69/72
[train] step 87: T=641 positions=16 loss=0.6812 ce=1.6831 tv=0.2841 conf=1.3683 grad_norm=4.5487 tensors_with_grad=69/72
[train] step 88: T=528 positions=16 loss=0.4004 ce=0.8168 tv=0.1132 conf=1.1375 grad_norm=2.6643 tensors_with_grad=69/72
[train] step 89: T=602 positions=16 loss=0.8670 ce=1.8924 tv=0.3788 conf=1.2724 grad_norm=3.9626 tensors_with_grad=69/72
[train] step 90: T=538 positions=16 loss=0.8692 ce=2.6265 tv=0.3760 conf=0.9908 grad_norm=6.2448 tensors_with_grad=69/72
[train] step 91: T=538 positions=16 loss=0.0948 ce=0.2403 tv=0.0774 conf=0.5517 grad_norm=1.1327 tensors_with_grad=69/72
[train] step 92: T=542 positions=16 loss=0.1487 ce=0.4358 tv=0.1827 conf=0.8008 grad_norm=1.9475 tensors_with_grad=69/72
[train] step 93: T=673 positions=16 loss=0.9309 ce=2.2427 tv=0.4543 conf=1.4637 grad_norm=5.9513 tensors_with_grad=69/72
[train] step 94: T=597 positions=16 loss=0.6228 ce=1.8159 tv=0.3072 conf=0.9936 grad_norm=4.1615 tensors_with_grad=69/72
[train] step 95: T=537 positions=16 loss=0.5363 ce=1.0223 tv=0.2791 conf=0.6666 grad_norm=5.5926 tensors_with_grad=69/72
[train] step 96: T=533 positions=16 loss=0.0598 ce=0.2515 tv=0.0771 conf=0.3615 grad_norm=0.7566 tensors_with_grad=69/72
[train] step 97: T=674 positions=16 loss=0.8852 ce=1.8379 tv=0.3922 conf=1.1581 grad_norm=5.7865 tensors_with_grad=69/72
[train] step 98: T=550 positions=16 loss=0.0782 ce=0.2160 tv=0.0826 conf=0.4469 grad_norm=1.3258 tensors_with_grad=69/72
[train] step 99: T=621 positions=16 loss=0.6885 ce=1.3336 tv=0.2461 conf=0.6431 grad_norm=4.0885 tensors_with_grad=69/72
[train] step 100: T=535 positions=16 loss=0.9569 ce=1.8708 tv=0.4435 conf=0.7669 grad_norm=4.1920 tensors_with_grad=69/72
[train] step 101: T=526 positions=16 loss=0.8447 ce=2.4057 tv=0.3128 conf=0.7096 grad_norm=5.9135 tensors_with_grad=69/72
[train] step 102: T=987 positions=16 loss=1.2611 ce=2.7503 tv=0.4175 conf=1.0005 grad_norm=3.7566 tensors_with_grad=69/72
[train] step 103: T=673 positions=16 loss=1.1337 ce=2.4540 tv=0.5551 conf=1.3035 grad_norm=3.3731 tensors_with_grad=69/72
[train] step 104: T=532 positions=16 loss=0.7867 ce=2.3269 tv=0.3382 conf=1.5876 grad_norm=3.7692 tensors_with_grad=69/72
[train] step 105: T=675 positions=16 loss=1.0302 ce=2.6766 tv=0.4037 conf=0.8696 grad_norm=5.9731 tensors_with_grad=69/72
[train] step 106: T=553 positions=16 loss=0.7242 ce=1.5520 tv=0.3012 conf=1.5417 grad_norm=5.5696 tensors_with_grad=69/72
[train] step 107: T=673 positions=16 loss=0.8664 ce=3.0693 tv=0.4203 conf=1.0894 grad_norm=7.0699 tensors_with_grad=69/72
[train] step 108: T=526 positions=16 loss=0.5867 ce=1.3243 tv=0.3682 conf=0.6094 grad_norm=4.3773 tensors_with_grad=69/72
[train] step 109: T=533 positions=16 loss=0.6131 ce=1.5676 tv=0.2938 conf=0.7241 grad_norm=6.8118 tensors_with_grad=69/72
[train] step 110: T=1795 positions=16 loss=1.7199 ce=3.5981 tv=0.4964 conf=1.2269 grad_norm=5.4155 tensors_with_grad=69/72
[train] step 111: T=536 positions=16 loss=0.3199 ce=0.7819 tv=0.1851 conf=1.0756 grad_norm=2.1218 tensors_with_grad=69/72
[train] step 112: T=676 positions=16 loss=1.0445 ce=2.3114 tv=0.4333 conf=0.7883 grad_norm=4.6806 tensors_with_grad=69/72
[train] step 113: T=586 positions=16 loss=0.2027 ce=0.6755 tv=0.1546 conf=1.5724 grad_norm=1.6019 tensors_with_grad=69/72
[train] step 114: T=553 positions=16 loss=0.8126 ce=1.7642 tv=0.3453 conf=0.9284 grad_norm=5.2911 tensors_with_grad=69/72
[train] step 115: T=614 positions=16 loss=0.2916 ce=0.7514 tv=0.1656 conf=0.5123 grad_norm=3.9812 tensors_with_grad=69/72
[train] step 116: T=530 positions=16 loss=0.3988 ce=1.0901 tv=0.2661 conf=1.7110 grad_norm=2.7375 tensors_with_grad=69/72
[train] step 117: T=597 positions=16 loss=0.0188 ce=0.1274 tv=0.1157 conf=1.2600 grad_norm=0.4960 tensors_with_grad=69/72
[train] step 118: T=628 positions=16 loss=0.4573 ce=1.3795 tv=0.2926 conf=1.2133 grad_norm=2.8622 tensors_with_grad=69/72
[train] step 119: T=672 positions=16 loss=1.7066 ce=3.2921 tv=0.5810 conf=0.9195 grad_norm=7.4714 tensors_with_grad=69/72
[train] step 120: T=672 positions=16 loss=1.6462 ce=3.3892 tv=0.5398 conf=1.4596 grad_norm=5.1054 tensors_with_grad=69/72
[train] step 121: T=593 positions=16 loss=0.2262 ce=0.5988 tv=0.1391 conf=1.3407 grad_norm=2.5269 tensors_with_grad=69/72
[train] step 122: T=576 positions=16 loss=1.1419 ce=2.4919 tv=0.4611 conf=1.2873 grad_norm=5.8763 tensors_with_grad=69/72
[train] step 123: T=669 positions=16 loss=0.3572 ce=0.8454 tv=0.1830 conf=1.1028 grad_norm=3.1797 tensors_with_grad=69/72
[train] step 124: T=530 positions=16 loss=1.5446 ce=2.9533 tv=0.5933 conf=1.5803 grad_norm=5.9681 tensors_with_grad=69/72
[train] step 125: T=678 positions=16 loss=0.7787 ce=1.4796 tv=0.3721 conf=1.2780 grad_norm=5.8618 tensors_with_grad=69/72
[train] step 126: T=675 positions=16 loss=0.8598 ce=1.9709 tv=0.3381 conf=1.1104 grad_norm=3.6530 tensors_with_grad=69/72
[train] step 127: T=537 positions=16 loss=0.4339 ce=1.1715 tv=0.2104 conf=0.7696 grad_norm=3.0893 tensors_with_grad=69/72
[train] step 128: T=577 positions=16 loss=0.6961 ce=1.3794 tv=0.3067 conf=1.0839 grad_norm=3.6609 tensors_with_grad=69/72
[train] step 129: T=613 positions=16 loss=0.5758 ce=1.0415 tv=0.2261 conf=0.6923 grad_norm=4.1826 tensors_with_grad=69/72
[train] step 130: T=548 positions=16 loss=0.5931 ce=1.1565 tv=0.2087 conf=0.5599 grad_norm=3.1878 tensors_with_grad=69/72
[train] step 131: T=526 positions=16 loss=1.5135 ce=2.5797 tv=0.5608 conf=1.3887 grad_norm=6.3904 tensors_with_grad=69/72
[train] step 132: T=607 positions=16 loss=0.0935 ce=0.5145 tv=0.0908 conf=0.6043 grad_norm=1.5023 tensors_with_grad=69/72
[train] step 133: T=674 positions=16 loss=0.6993 ce=1.5580 tv=0.2820 conf=0.8615 grad_norm=8.3238 tensors_with_grad=69/72
[train] step 134: T=1001 positions=16 loss=1.1615 ce=2.8385 tv=0.4426 conf=1.8882 grad_norm=3.6017 tensors_with_grad=69/72
[train] step 135: T=537 positions=16 loss=1.0804 ce=2.1508 tv=0.3014 conf=0.3786 grad_norm=2.6676 tensors_with_grad=69/72
[train] step 136: T=534 positions=16 loss=0.1220 ce=0.2552 tv=0.0854 conf=0.1096 grad_norm=0.6816 tensors_with_grad=69/72
[train] step 137: T=542 positions=16 loss=0.5127 ce=1.1598 tv=0.2836 conf=0.9011 grad_norm=5.7770 tensors_with_grad=69/72
[train] step 138: T=676 positions=16 loss=1.6079 ce=2.5795 tv=0.5919 conf=1.5139 grad_norm=9.0804 tensors_with_grad=69/72
[train] step 139: T=536 positions=16 loss=0.4330 ce=1.0930 tv=0.1679 conf=1.1007 grad_norm=3.4851 tensors_with_grad=69/72
[train] step 140: T=524 positions=16 loss=1.1966 ce=2.6372 tv=0.4483 conf=1.0627 grad_norm=5.1674 tensors_with_grad=69/72
[train] step 141: T=563 positions=16 loss=0.6535 ce=1.3375 tv=0.2432 conf=0.7382 grad_norm=5.3139 tensors_with_grad=69/72
[train] step 142: T=617 positions=16 loss=0.4698 ce=1.2137 tv=0.2822 conf=1.4589 grad_norm=4.0317 tensors_with_grad=69/72
[train] step 143: T=537 positions=16 loss=0.3862 ce=0.9449 tv=0.2856 conf=1.7798 grad_norm=4.9535 tensors_with_grad=69/72
[train] step 144: T=621 positions=16 loss=0.4024 ce=0.9627 tv=0.2964 conf=1.2594 grad_norm=2.8317 tensors_with_grad=69/72
[train] step 145: T=672 positions=16 loss=0.7689 ce=2.0990 tv=0.4150 conf=2.5710 grad_norm=3.7324 tensors_with_grad=69/72
[train] step 146: T=631 positions=16 loss=0.2284 ce=0.5698 tv=0.1858 conf=1.1123 grad_norm=2.5206 tensors_with_grad=69/72
[train] step 147: T=528 positions=16 loss=0.6923 ce=1.5066 tv=0.2920 conf=2.2263 grad_norm=5.6576 tensors_with_grad=69/72
[train] step 148: T=1043 positions=16 loss=1.5410 ce=3.3487 tv=0.4711 conf=2.4155 grad_norm=7.5008 tensors_with_grad=69/72
[train] step 149: T=584 positions=16 loss=0.5641 ce=1.3210 tv=0.2164 conf=0.7868 grad_norm=2.8946 tensors_with_grad=69/72
[train] step 150: T=656 positions=16 loss=0.7738 ce=1.7451 tv=0.3765 conf=1.9253 grad_norm=4.2208 tensors_with_grad=69/72
[train] step 151: T=673 positions=16 loss=1.0225 ce=2.2469 tv=0.4221 conf=1.3255 grad_norm=4.7103 tensors_with_grad=69/72
[train] step 152: T=532 positions=16 loss=0.2738 ce=0.9706 tv=0.1308 conf=0.9621 grad_norm=2.7934 tensors_with_grad=69/72
[train] step 153: T=629 positions=16 loss=0.3064 ce=0.6947 tv=0.1730 conf=0.6609 grad_norm=3.0456 tensors_with_grad=69/72
[train] step 154: T=546 positions=16 loss=0.8879 ce=2.1402 tv=0.4191 conf=0.7325 grad_norm=5.9434 tensors_with_grad=69/72
[train] step 155: T=576 positions=16 loss=0.4427 ce=1.6973 tv=0.3345 conf=1.2197 grad_norm=2.8922 tensors_with_grad=69/72
[train] step 156: T=607 positions=16 loss=0.4929 ce=1.1946 tv=0.2315 conf=0.9167 grad_norm=7.4497 tensors_with_grad=69/72
[train] step 157: T=582 positions=16 loss=1.0706 ce=2.1014 tv=0.3929 conf=1.1371 grad_norm=7.9124 tensors_with_grad=69/72
[train] step 158: T=919 positions=16 loss=1.1773 ce=2.2703 tv=0.4229 conf=1.0948 grad_norm=3.3977 tensors_with_grad=69/72
[train] step 159: T=531 positions=16 loss=0.3494 ce=0.8865 tv=0.1529 conf=0.6422 grad_norm=3.5527 tensors_with_grad=69/72
[train] step 160: T=650 positions=16 loss=0.2359 ce=0.5505 tv=0.1860 conf=0.5441 grad_norm=1.9794 tensors_with_grad=69/72
[train] step 161: T=1101 positions=16 loss=1.5274 ce=3.2313 tv=0.4886 conf=1.3693 grad_norm=6.2087 tensors_with_grad=69/72
[train] step 162: T=618 positions=16 loss=0.4084 ce=1.1016 tv=0.2722 conf=0.9288 grad_norm=2.5793 tensors_with_grad=69/72
[train] step 163: T=1573 positions=16 loss=1.6531 ce=3.5643 tv=0.4025 conf=0.7728 grad_norm=6.4760 tensors_with_grad=69/72
[train] step 164: T=675 positions=16 loss=0.6266 ce=1.5487 tv=0.2694 conf=0.8655 grad_norm=3.5592 tensors_with_grad=69/72
[train] step 165: T=677 positions=16 loss=0.5240 ce=0.9672 tv=0.2297 conf=0.4310 grad_norm=7.2524 tensors_with_grad=69/72
[train] step 166: T=678 positions=16 loss=1.8261 ce=3.1101 tv=0.5551 conf=1.0209 grad_norm=10.1928 tensors_with_grad=69/72
[train] step 167: T=618 positions=16 loss=0.1120 ce=0.3061 tv=0.1558 conf=0.6372 grad_norm=2.0493 tensors_with_grad=69/72
[train] step 168: T=540 positions=16 loss=0.3666 ce=0.6599 tv=0.1732 conf=0.3126 grad_norm=1.9611 tensors_with_grad=69/72
[train] step 169: T=537 positions=16 loss=0.3438 ce=0.9870 tv=0.1921 conf=0.8027 grad_norm=3.8409 tensors_with_grad=69/72
[train] step 170: T=637 positions=16 loss=0.2626 ce=0.5087 tv=0.1429 conf=0.3769 grad_norm=4.6767 tensors_with_grad=69/72
[train] step 171: T=675 positions=16 loss=0.5643 ce=1.1221 tv=0.2800 conf=1.0146 grad_norm=4.8270 tensors_with_grad=69/72
[train] step 172: T=670 positions=16 loss=0.5722 ce=1.8721 tv=0.3021 conf=1.1760 grad_norm=6.1121 tensors_with_grad=69/72
[train] step 173: T=529 positions=16 loss=0.8702 ce=1.5113 tv=0.3538 conf=1.0668 grad_norm=6.0085 tensors_with_grad=69/72
[train] step 174: T=615 positions=16 loss=0.4958 ce=1.0295 tv=0.2100 conf=0.9085 grad_norm=4.2339 tensors_with_grad=69/72
[train] step 175: T=529 positions=16 loss=1.3221 ce=2.7825 tv=0.5483 conf=1.3490 grad_norm=6.8869 tensors_with_grad=69/72
[train] step 176: T=889 positions=16 loss=0.8060 ce=1.6982 tv=0.3207 conf=1.1408 grad_norm=3.7526 tensors_with_grad=69/72
[train] step 177: T=676 positions=16 loss=0.6823 ce=1.4258 tv=0.3395 conf=1.5482 grad_norm=3.6714 tensors_with_grad=69/72
[train] step 178: T=545 positions=16 loss=0.3681 ce=0.7525 tv=0.1174 conf=0.2938 grad_norm=2.9915 tensors_with_grad=69/72
[train] step 179: T=669 positions=16 loss=0.7716 ce=1.7067 tv=0.3722 conf=1.0068 grad_norm=3.9558 tensors_with_grad=69/72
[train] step 180: T=672 positions=16 loss=0.5049 ce=1.0320 tv=0.2614 conf=1.3995 grad_norm=4.4448 tensors_with_grad=69/72
[train] step 181: T=546 positions=16 loss=0.6152 ce=1.1516 tv=0.3453 conf=0.8321 grad_norm=4.7625 tensors_with_grad=69/72
[train] step 182: T=532 positions=16 loss=1.0449 ce=2.3083 tv=0.4061 conf=0.7990 grad_norm=7.5446 tensors_with_grad=69/72
[train] step 183: T=1190 positions=16 loss=1.5189 ce=3.0424 tv=0.4274 conf=1.6648 grad_norm=5.8440 tensors_with_grad=69/72
[train] step 184: T=611 positions=16 loss=0.6823 ce=1.0745 tv=0.3002 conf=1.1811 grad_norm=5.9906 tensors_with_grad=69/72
[train] step 185: T=526 positions=16 loss=0.2827 ce=0.5752 tv=0.1546 conf=0.8309 grad_norm=2.7477 tensors_with_grad=69/72
[train] step 186: T=673 positions=16 loss=1.8335 ce=3.5632 tv=0.5979 conf=2.0305 grad_norm=6.9043 tensors_with_grad=69/72
[train] step 187: T=539 positions=16 loss=0.2350 ce=0.6855 tv=0.1712 conf=0.6631 grad_norm=2.9656 tensors_with_grad=69/72
[train] step 188: T=526 positions=16 loss=0.7658 ce=2.2458 tv=0.3005 conf=1.6593 grad_norm=5.2023 tensors_with_grad=69/72
[train] step 189: T=675 positions=16 loss=0.5491 ce=1.1724 tv=0.2874 conf=2.7065 grad_norm=3.6501 tensors_with_grad=69/72
[train] step 190: T=552 positions=16 loss=0.7965 ce=2.3481 tv=0.1551 conf=0.9126 grad_norm=2.0619 tensors_with_grad=69/72
[train] step 191: T=616 positions=16 loss=1.0732 ce=2.0171 tv=0.4204 conf=1.8234 grad_norm=5.1919 tensors_with_grad=69/72
[train] step 192: T=528 positions=16 loss=1.2953 ce=2.5942 tv=0.4829 conf=1.4647 grad_norm=6.2755 tensors_with_grad=69/72
[train] step 193: T=525 positions=16 loss=1.8100 ce=3.5627 tv=0.5899 conf=2.0677 grad_norm=6.6497 tensors_with_grad=69/72
[train] step 194: T=675 positions=16 loss=0.8604 ce=1.8834 tv=0.3793 conf=1.4542 grad_norm=2.2144 tensors_with_grad=69/72
[train] step 195: T=611 positions=16 loss=0.7243 ce=1.6553 tv=0.2763 conf=0.8667 grad_norm=7.2585 tensors_with_grad=69/72
[train] step 196: T=594 positions=16 loss=1.5669 ce=3.2265 tv=0.4938 conf=1.4469 grad_norm=7.4564 tensors_with_grad=69/72
[train] step 197: T=654 positions=16 loss=0.9853 ce=2.0414 tv=0.3634 conf=1.2837 grad_norm=7.0031 tensors_with_grad=69/72
[train] step 198: T=539 positions=16 loss=0.2902 ce=0.6502 tv=0.1441 conf=0.6593 grad_norm=4.3157 tensors_with_grad=69/72
[train] step 199: T=529 positions=16 loss=0.7577 ce=2.3252 tv=0.2967 conf=2.0282 grad_norm=5.8344 tensors_with_grad=69/72
[train] step 200: T=631 positions=16 loss=0.7998 ce=2.6755 tv=0.3131 conf=1.2496 grad_norm=5.1608 tensors_with_grad=69/72
[train] step 201: T=533 positions=16 loss=0.4290 ce=0.7454 tv=0.1807 conf=0.8787 grad_norm=2.7524 tensors_with_grad=69/72
[train] step 202: T=537 positions=16 loss=0.4117 ce=0.9292 tv=0.1523 conf=0.4784 grad_norm=3.3921 tensors_with_grad=69/72
[train] step 203: T=525 positions=16 loss=1.8320 ce=3.5149 tv=0.6137 conf=2.3267 grad_norm=8.7239 tensors_with_grad=69/72
[train] step 204: T=851 positions=16 loss=0.9971 ce=2.0278 tv=0.4185 conf=1.7416 grad_norm=10.3236 tensors_with_grad=69/72
[train] step 205: T=551 positions=16 loss=0.6836 ce=1.2798 tv=0.2923 conf=1.8746 grad_norm=5.6900 tensors_with_grad=69/72
[train] step 206: T=897 positions=16 loss=1.3224 ce=3.3467 tv=0.4214 conf=1.9520 grad_norm=4.5094 tensors_with_grad=69/72
[train] step 207: T=603 positions=16 loss=0.0619 ce=0.2612 tv=0.1138 conf=0.9966 grad_norm=3.0923 tensors_with_grad=69/72
[train] step 208: T=578 positions=16 loss=1.4596 ce=3.4917 tv=0.5085 conf=1.4245 grad_norm=7.1415 tensors_with_grad=69/72
[train] step 209: T=532 positions=16 loss=0.3375 ce=0.8180 tv=0.2010 conf=1.9129 grad_norm=4.3871 tensors_with_grad=69/72
[train] step 210: T=675 positions=16 loss=0.4021 ce=1.0712 tv=0.2337 conf=1.5189 grad_norm=2.9460 tensors_with_grad=69/72
[train] step 211: T=536 positions=16 loss=0.6271 ce=1.1475 tv=0.1707 conf=0.2831 grad_norm=3.8257 tensors_with_grad=69/72
[train] step 212: T=526 positions=16 loss=1.0042 ce=1.9967 tv=0.4035 conf=1.8877 grad_norm=3.4164 tensors_with_grad=69/72
[train] step 213: T=530 positions=16 loss=0.7072 ce=1.3915 tv=0.3394 conf=3.3193 grad_norm=5.0083 tensors_with_grad=69/72
[train] step 214: T=527 positions=16 loss=1.6762 ce=3.5167 tv=0.5161 conf=2.2601 grad_norm=6.7636 tensors_with_grad=69/72
[train] step 215: T=535 positions=16 loss=0.2720 ce=0.4850 tv=0.1252 conf=0.6585 grad_norm=3.1883 tensors_with_grad=69/72
[train] step 216: T=531 positions=16 loss=0.9456 ce=2.0768 tv=0.4373 conf=1.8789 grad_norm=5.2848 tensors_with_grad=69/72
[train] step 217: T=536 positions=16 loss=0.2433 ce=0.4369 tv=0.1401 conf=0.6099 grad_norm=4.1657 tensors_with_grad=69/72
[train] step 218: T=585 positions=16 loss=0.4538 ce=1.1620 tv=0.2812 conf=1.6074 grad_norm=4.9164 tensors_with_grad=69/72
[train] step 219: T=524 positions=16 loss=1.1247 ce=2.2311 tv=0.4816 conf=1.7540 grad_norm=4.9267 tensors_with_grad=69/72
[train] step 220: T=562 positions=16 loss=0.4043 ce=0.9066 tv=0.2498 conf=2.4478 grad_norm=3.9677 tensors_with_grad=69/72
[train] step 221: T=1482 positions=16 loss=1.6172 ce=3.3252 tv=0.4523 conf=3.0453 grad_norm=5.5786 tensors_with_grad=69/72
[train] step 222: T=669 positions=16 loss=0.7889 ce=1.5777 tv=0.3825 conf=0.8278 grad_norm=3.6471 tensors_with_grad=69/72
[train] step 223: T=591 positions=16 loss=0.1576 ce=0.4890 tv=0.1572 conf=2.0293 grad_norm=2.6757 tensors_with_grad=69/72
[train] step 224: T=524 positions=16 loss=1.0015 ce=2.1958 tv=0.4396 conf=2.8657 grad_norm=5.7459 tensors_with_grad=69/72
[train] step 225: T=532 positions=16 loss=0.4752 ce=1.0231 tv=0.2755 conf=1.1867 grad_norm=3.2526 tensors_with_grad=69/72
[train] step 226: T=672 positions=16 loss=0.8101 ce=1.6954 tv=0.3905 conf=2.2019 grad_norm=4.9335 tensors_with_grad=69/72
[train] step 227: T=534 positions=16 loss=0.6063 ce=1.4232 tv=0.3582 conf=1.9103 grad_norm=4.6066 tensors_with_grad=69/72
[train] step 228: T=1014 positions=16 loss=1.1441 ce=2.5161 tv=0.4213 conf=2.0902 grad_norm=3.8545 tensors_with_grad=69/72
[train] step 229: T=675 positions=16 loss=0.5593 ce=1.6163 tv=0.2701 conf=1.3707 grad_norm=5.0111 tensors_with_grad=69/72
[train] step 230: T=647 positions=16 loss=0.9689 ce=2.1498 tv=0.4191 conf=2.6599 grad_norm=9.6804 tensors_with_grad=69/72
[train] step 231: T=596 positions=16 loss=0.3091 ce=0.6448 tv=0.2178 conf=0.7610 grad_norm=2.5251 tensors_with_grad=69/72
[train] step 232: T=674 positions=16 loss=1.0779 ce=2.4846 tv=0.4545 conf=1.3304 grad_norm=5.1957 tensors_with_grad=69/72
[train] step 233: T=858 positions=16 loss=0.6271 ce=1.4273 tv=0.3021 conf=0.6565 grad_norm=3.0423 tensors_with_grad=69/72
[train] step 234: T=597 positions=16 loss=0.3785 ce=0.9870 tv=0.2623 conf=1.0424 grad_norm=2.9704 tensors_with_grad=69/72
[train] step 235: T=604 positions=16 loss=0.5127 ce=1.2954 tv=0.2790 conf=1.0750 grad_norm=3.1213 tensors_with_grad=69/72
[train] step 236: T=589 positions=16 loss=0.1769 ce=0.3647 tv=0.1376 conf=0.4395 grad_norm=4.1936 tensors_with_grad=69/72
[train] step 237: T=623 positions=16 loss=0.2844 ce=0.8856 tv=0.1857 conf=2.2957 grad_norm=2.6842 tensors_with_grad=69/72
[train] step 238: T=884 positions=16 loss=1.5959 ce=3.3660 tv=0.4470 conf=1.2430 grad_norm=8.4938 tensors_with_grad=69/72
[train] step 239: T=673 positions=16 loss=0.8112 ce=1.8614 tv=0.3474 conf=1.0517 grad_norm=4.2717 tensors_with_grad=69/72
[train] step 240: T=540 positions=16 loss=0.1685 ce=0.3769 tv=0.0982 conf=0.5767 grad_norm=3.5375 tensors_with_grad=69/72
[train] step 241: T=1324 positions=16 loss=1.9700 ce=3.7965 tv=0.4489 conf=0.8062 grad_norm=4.4429 tensors_with_grad=69/72
[train] step 242: T=677 positions=16 loss=0.9972 ce=2.0074 tv=0.3935 conf=1.4369 grad_norm=4.2693 tensors_with_grad=69/72
[train] step 243: T=615 positions=16 loss=0.9840 ce=2.1870 tv=0.4220 conf=1.5021 grad_norm=7.6261 tensors_with_grad=69/72
[train] step 244: T=1500 positions=16 loss=1.3088 ce=2.8540 tv=0.4379 conf=0.9198 grad_norm=6.0593 tensors_with_grad=69/72
[train] step 245: T=672 positions=16 loss=1.7493 ce=3.1465 tv=0.5575 conf=1.2397 grad_norm=5.2708 tensors_with_grad=69/72
[train] step 246: T=561 positions=16 loss=0.4693 ce=0.8623 tv=0.1944 conf=0.7326 grad_norm=2.9744 tensors_with_grad=69/72
[train] step 247: T=610 positions=16 loss=0.7531 ce=1.4779 tv=0.3392 conf=0.8388 grad_norm=3.1420 tensors_with_grad=69/72
[train] step 248: T=535 positions=16 loss=0.4303 ce=1.4886 tv=0.2269 conf=0.5759 grad_norm=1.6681 tensors_with_grad=69/72
[train] step 249: T=587 positions=16 loss=0.1234 ce=0.5123 tv=0.1636 conf=0.6802 grad_norm=1.6426 tensors_with_grad=69/72
[train] step 250: T=633 positions=16 loss=0.1516 ce=0.3253 tv=0.1322 conf=0.4387 grad_norm=2.3302 tensors_with_grad=69/72
[train] step 251: T=677 positions=16 loss=0.5954 ce=1.7497 tv=0.3462 conf=1.3270 grad_norm=10.9519 tensors_with_grad=69/72
[train] step 252: T=598 positions=16 loss=0.3163 ce=0.5751 tv=0.2288 conf=1.4380 grad_norm=3.7331 tensors_with_grad=69/72
[train] step 253: T=654 positions=16 loss=1.3326 ce=2.3684 tv=0.4802 conf=1.0680 grad_norm=5.3550 tensors_with_grad=69/72
[train] step 254: T=546 positions=16 loss=0.4596 ce=1.0578 tv=0.0937 conf=1.2424 grad_norm=2.9280 tensors_with_grad=69/72
[train] step 255: T=617 positions=16 loss=0.3593 ce=0.8315 tv=0.2645 conf=1.0202 grad_norm=6.4684 tensors_with_grad=69/72
[train] step 256: T=537 positions=16 loss=0.0932 ce=0.2250 tv=0.0826 conf=0.3079 grad_norm=0.9861 tensors_with_grad=69/72
[train] step 257: T=649 positions=16 loss=0.9971 ce=2.0569 tv=0.4590 conf=1.2930 grad_norm=4.2517 tensors_with_grad=69/72
[train] step 258: T=676 positions=16 loss=0.9138 ce=1.7580 tv=0.3289 conf=0.8893 grad_norm=9.6428 tensors_with_grad=69/72
[train] step 259: T=672 positions=16 loss=1.2199 ce=2.4797 tv=0.4895 conf=1.7537 grad_norm=3.9602 tensors_with_grad=69/72
[train] step 260: T=665 positions=16 loss=0.2888 ce=0.7615 tv=0.1844 conf=0.6216 grad_norm=2.2144 tensors_with_grad=69/72
[train] step 261: T=542 positions=16 loss=0.4356 ce=0.9430 tv=0.1579 conf=0.8792 grad_norm=1.7878 tensors_with_grad=69/72
[train] step 262: T=526 positions=16 loss=1.3504 ce=2.4282 tv=0.4459 conf=0.8792 grad_norm=5.3928 tensors_with_grad=69/72
[train] step 263: T=570 positions=16 loss=0.3423 ce=0.7747 tv=0.1263 conf=0.7592 grad_norm=2.8838 tensors_with_grad=69/72
[train] step 264: T=673 positions=16 loss=0.2009 ce=1.0736 tv=0.2134 conf=1.1752 grad_norm=1.8070 tensors_with_grad=69/72
[train] step 265: T=1148 positions=16 loss=1.4033 ce=2.8436 tv=0.4080 conf=1.1386 grad_norm=5.2643 tensors_with_grad=69/72
[train] step 266: T=675 positions=16 loss=0.8077 ce=1.5033 tv=0.3191 conf=0.9511 grad_norm=8.7676 tensors_with_grad=69/72
[train] step 267: T=609 positions=16 loss=0.4827 ce=0.8870 tv=0.2500 conf=1.4546 grad_norm=2.7526 tensors_with_grad=69/72
[train] step 268: T=528 positions=16 loss=1.1483 ce=2.0722 tv=0.3953 conf=0.9414 grad_norm=8.3939 tensors_with_grad=69/72
[train] step 269: T=547 positions=16 loss=0.3977 ce=0.7419 tv=0.2236 conf=0.7541 grad_norm=5.1987 tensors_with_grad=69/72
[train] step 270: T=529 positions=16 loss=0.4749 ce=0.8695 tv=0.1855 conf=0.6120 grad_norm=1.7073 tensors_with_grad=69/72
[train] step 271: T=550 positions=16 loss=0.9375 ce=1.4136 tv=0.3300 conf=0.4715 grad_norm=7.9100 tensors_with_grad=69/72
[train] step 272: T=639 positions=16 loss=0.7184 ce=1.7225 tv=0.3534 conf=1.2346 grad_norm=5.1219 tensors_with_grad=69/72
[train] step 273: T=615 positions=16 loss=0.5374 ce=1.2421 tv=0.2285 conf=1.3785 grad_norm=3.0325 tensors_with_grad=69/72
[train] step 274: T=536 positions=16 loss=0.0584 ce=0.1628 tv=0.0700 conf=0.4351 grad_norm=1.6462 tensors_with_grad=69/72
[train] step 275: T=534 positions=16 loss=0.3188 ce=0.7629 tv=0.1491 conf=1.0253 grad_norm=2.4186 tensors_with_grad=69/72
[train] step 276: T=538 positions=16 loss=1.4339 ce=2.5965 tv=0.5512 conf=1.3634 grad_norm=5.8036 tensors_with_grad=69/72
[train] step 277: T=525 positions=16 loss=0.7606 ce=1.4445 tv=0.3196 conf=1.0714 grad_norm=4.3511 tensors_with_grad=69/72
[train] step 278: T=671 positions=16 loss=1.8594 ce=3.5161 tv=0.5791 conf=1.4292 grad_norm=5.4122 tensors_with_grad=69/72
[train] step 279: T=536 positions=16 loss=0.3357 ce=0.9732 tv=0.1971 conf=0.7489 grad_norm=3.3991 tensors_with_grad=69/72
[train] step 280: T=532 positions=16 loss=0.3378 ce=0.6814 tv=0.2225 conf=1.1369 grad_norm=5.0902 tensors_with_grad=69/72
[train] step 281: T=553 positions=16 loss=0.7665 ce=1.1863 tv=0.2022 conf=0.6747 grad_norm=3.8721 tensors_with_grad=69/72
[train] step 282: T=673 positions=16 loss=1.7504 ce=3.3062 tv=0.5218 conf=0.8051 grad_norm=7.1238 tensors_with_grad=69/72
[train] step 283: T=1324 positions=16 loss=2.0515 ce=4.2527 tv=0.5111 conf=1.5444 grad_norm=4.1074 tensors_with_grad=69/72
[train] step 284: T=642 positions=16 loss=0.7912 ce=1.5074 tv=0.3099 conf=1.8269 grad_norm=4.2171 tensors_with_grad=69/72
[train] step 285: T=548 positions=16 loss=0.5574 ce=1.2403 tv=0.1745 conf=0.7983 grad_norm=3.0507 tensors_with_grad=69/72
[train] step 286: T=642 positions=16 loss=1.0756 ce=1.9969 tv=0.4497 conf=1.3839 grad_norm=7.1079 tensors_with_grad=69/72
[train] step 287: T=528 positions=16 loss=1.2279 ce=2.2881 tv=0.4894 conf=1.6670 grad_norm=3.1207 tensors_with_grad=69/72
[train] step 288: T=537 positions=16 loss=0.2448 ce=0.8318 tv=0.1590 conf=0.8496 grad_norm=1.7499 tensors_with_grad=69/72
[train] step 289: T=672 positions=16 loss=0.9168 ce=1.6430 tv=0.3314 conf=1.3040 grad_norm=4.2860 tensors_with_grad=69/72
[train] step 290: T=526 positions=16 loss=0.3692 ce=0.7744 tv=0.1919 conf=0.7577 grad_norm=4.4740 tensors_with_grad=69/72
[train] step 291: T=538 positions=16 loss=0.7486 ce=1.5089 tv=0.3905 conf=2.6217 grad_norm=6.2462 tensors_with_grad=69/72
[train] step 292: T=527 positions=16 loss=0.5922 ce=1.3330 tv=0.3317 conf=2.3834 grad_norm=3.4130 tensors_with_grad=69/72
[train] step 293: T=526 positions=16 loss=0.5953 ce=1.1681 tv=0.2457 conf=1.8983 grad_norm=3.3317 tensors_with_grad=69/72
[train] step 294: T=529 positions=16 loss=0.2729 ce=0.7068 tv=0.1624 conf=1.1059 grad_norm=1.7969 tensors_with_grad=69/72
[train] step 295: T=968 positions=16 loss=1.3804 ce=2.9390 tv=0.4859 conf=2.4571 grad_norm=4.6481 tensors_with_grad=69/72
[train] step 296: T=1360 positions=16 loss=2.3054 ce=4.5310 tv=0.5568 conf=2.2174 grad_norm=8.4571 tensors_with_grad=69/72
[train] step 297: T=672 positions=16 loss=1.6430 ce=2.9570 tv=0.5343 conf=2.2067 grad_norm=3.2777 tensors_with_grad=69/72
[train] step 298: T=582 positions=16 loss=1.1915 ce=2.6031 tv=0.3908 conf=1.4324 grad_norm=4.2146 tensors_with_grad=69/72
[train] step 299: T=613 positions=16 loss=0.7731 ce=1.5623 tv=0.3996 conf=2.2401 grad_norm=7.6557 tensors_with_grad=69/72
[train] step 300: T=646 positions=16 loss=1.0883 ce=2.1888 tv=0.4771 conf=2.1569 grad_norm=3.2038 tensors_with_grad=69/72
[train] step 301: T=672 positions=16 loss=1.2735 ce=2.6957 tv=0.5215 conf=2.7869 grad_norm=3.7394 tensors_with_grad=69/72
[train] step 302: T=535 positions=16 loss=1.0582 ce=2.6993 tv=0.4001 conf=2.6449 grad_norm=3.6530 tensors_with_grad=69/72
[train] step 303: T=537 positions=16 loss=0.5960 ce=1.3325 tv=0.2629 conf=0.7560 grad_norm=7.2633 tensors_with_grad=69/72
[train] step 304: T=1797 positions=16 loss=1.6395 ce=3.3305 tv=0.4730 conf=2.6684 grad_norm=9.1908 tensors_with_grad=69/72
[train] step 305: T=527 positions=16 loss=1.1288 ce=2.1486 tv=0.5011 conf=1.4688 grad_norm=5.6258 tensors_with_grad=69/72
[train] step 306: T=544 positions=16 loss=0.1408 ce=0.3612 tv=0.1003 conf=0.8381 grad_norm=2.5630 tensors_with_grad=69/72
[train] step 307: T=675 positions=16 loss=0.3866 ce=1.1642 tv=0.2292 conf=1.7693 grad_norm=3.4994 tensors_with_grad=69/72
[train] step 308: T=525 positions=16 loss=1.1588 ce=2.0039 tv=0.4826 conf=1.7071 grad_norm=5.7777 tensors_with_grad=69/72
[train] step 309: T=583 positions=16 loss=0.1466 ce=0.4658 tv=0.1017 conf=0.5956 grad_norm=2.8812 tensors_with_grad=69/72
[train] step 310: T=620 positions=16 loss=0.6348 ce=1.4035 tv=0.2776 conf=1.9108 grad_norm=5.2124 tensors_with_grad=69/72
[train] step 311: T=538 positions=16 loss=0.2907 ce=0.5903 tv=0.1346 conf=0.4166 grad_norm=3.1595 tensors_with_grad=69/72
[train] step 312: T=637 positions=16 loss=0.1057 ce=0.2448 tv=0.1441 conf=0.9886 grad_norm=1.4446 tensors_with_grad=69/72
[train] step 313: T=658 positions=16 loss=0.7543 ce=1.6316 tv=0.3968 conf=2.1219 grad_norm=6.1367 tensors_with_grad=69/72
[train] step 314: T=609 positions=16 loss=0.3770 ce=1.1922 tv=0.2381 conf=1.4528 grad_norm=3.0027 tensors_with_grad=69/72
[train] step 315: T=903 positions=16 loss=1.8277 ce=3.7126 tv=0.4929 conf=2.0112 grad_norm=7.0801 tensors_with_grad=69/72
[train] step 316: T=524 positions=16 loss=1.0219 ce=1.9750 tv=0.4483 conf=1.1674 grad_norm=6.2665 tensors_with_grad=69/72
[train] step 317: T=829 positions=16 loss=1.1819 ce=2.2099 tv=0.3165 conf=0.7541 grad_norm=4.2461 tensors_with_grad=69/72
[train] step 318: T=875 positions=16 loss=1.2100 ce=2.2960 tv=0.3429 conf=0.9980 grad_norm=4.7379 tensors_with_grad=69/72
[train] step 319: T=533 positions=16 loss=1.1190 ce=2.0559 tv=0.3503 conf=0.4649 grad_norm=5.1052 tensors_with_grad=69/72
[train] step 320: T=675 positions=16 loss=0.5854 ce=1.5021 tv=0.3118 conf=1.8030 grad_norm=3.4016 tensors_with_grad=69/72
[train] step 321: T=672 positions=16 loss=0.9633 ce=1.9645 tv=0.3149 conf=1.3495 grad_norm=3.0620 tensors_with_grad=69/72
[train] step 322: T=672 positions=16 loss=0.1764 ce=0.4091 tv=0.1794 conf=1.3469 grad_norm=3.3956 tensors_with_grad=69/72
[train] step 323: T=1087 positions=16 loss=0.9219 ce=1.6256 tv=0.3429 conf=1.1089 grad_norm=6.0991 tensors_with_grad=69/72
[train] step 324: T=672 positions=16 loss=1.1678 ce=2.5083 tv=0.3527 conf=1.1495 grad_norm=9.6602 tensors_with_grad=69/72
[train] step 325: T=854 positions=16 loss=1.8159 ce=3.9668 tv=0.4906 conf=1.5705 grad_norm=5.6827 tensors_with_grad=69/72
[train] step 326: T=609 positions=16 loss=0.3170 ce=0.7257 tv=0.2113 conf=1.1763 grad_norm=2.6290 tensors_with_grad=69/72
[train] step 327: T=545 positions=16 loss=0.4832 ce=1.2132 tv=0.2537 conf=1.3153 grad_norm=2.9808 tensors_with_grad=69/72
[train] step 328: T=634 positions=16 loss=0.6139 ce=1.5332 tv=0.4184 conf=1.2309 grad_norm=2.6170 tensors_with_grad=69/72
[train] step 329: T=649 positions=16 loss=0.8167 ce=1.5174 tv=0.3198 conf=0.9406 grad_norm=5.2234 tensors_with_grad=69/72
[train] step 330: T=675 positions=16 loss=0.6193 ce=1.5699 tv=0.3182 conf=2.1826 grad_norm=3.9077 tensors_with_grad=69/72
[train] step 331: T=560 positions=16 loss=0.2536 ce=0.5460 tv=0.1340 conf=0.7364 grad_norm=2.0959 tensors_with_grad=69/72
[train] step 332: T=535 positions=16 loss=0.1364 ce=0.2624 tv=0.0840 conf=0.2673 grad_norm=1.2882 tensors_with_grad=69/72
[train] step 333: T=532 positions=16 loss=0.3467 ce=0.7095 tv=0.1557 conf=0.2173 grad_norm=1.1689 tensors_with_grad=69/72
[train] step 334: T=903 positions=16 loss=0.8170 ce=1.6057 tv=0.3473 conf=0.9587 grad_norm=5.5732 tensors_with_grad=69/72
[train] step 335: T=621 positions=16 loss=0.4565 ce=0.9844 tv=0.2519 conf=1.1419 grad_norm=5.5692 tensors_with_grad=69/72
[train] step 336: T=903 positions=16 loss=1.1433 ce=2.4072 tv=0.3079 conf=1.0144 grad_norm=5.1775 tensors_with_grad=69/72
[train] step 337: T=539 positions=16 loss=0.4457 ce=0.8778 tv=0.1848 conf=0.7422 grad_norm=9.1247 tensors_with_grad=69/72
[train] step 338: T=553 positions=16 loss=0.5661 ce=0.9989 tv=0.1671 conf=0.6335 grad_norm=2.7226 tensors_with_grad=69/72
[train] step 339: T=546 positions=16 loss=1.2156 ce=2.5923 tv=0.5445 conf=2.9566 grad_norm=6.2125 tensors_with_grad=69/72
[train] step 340: T=597 positions=16 loss=0.4135 ce=1.0542 tv=0.2283 conf=1.1700 grad_norm=3.6931 tensors_with_grad=69/72
[train] step 341: T=942 positions=16 loss=1.3564 ce=2.7893 tv=0.3911 conf=1.1332 grad_norm=6.4017 tensors_with_grad=69/72
[train] step 342: T=672 positions=16 loss=1.0565 ce=2.3980 tv=0.4534 conf=1.1211 grad_norm=4.4504 tensors_with_grad=69/72
[train] step 343: T=527 positions=16 loss=0.7675 ce=1.6881 tv=0.3777 conf=1.6500 grad_norm=5.7564 tensors_with_grad=69/72
[train] step 344: T=589 positions=16 loss=0.1094 ce=0.2991 tv=0.1171 conf=0.3668 grad_norm=0.9805 tensors_with_grad=69/72
[train] step 345: T=541 positions=16 loss=0.6882 ce=1.4132 tv=0.3537 conf=2.4535 grad_norm=4.2906 tensors_with_grad=69/72
[train] step 346: T=581 positions=16 loss=0.1648 ce=0.4310 tv=0.1445 conf=1.2103 grad_norm=2.0852 tensors_with_grad=69/72
[train] step 347: T=678 positions=16 loss=0.5155 ce=1.2638 tv=0.2886 conf=1.3768 grad_norm=2.4256 tensors_with_grad=69/72
[train] step 348: T=673 positions=16 loss=1.7098 ce=3.1518 tv=0.5536 conf=1.6047 grad_norm=6.5895 tensors_with_grad=69/72
[train] step 349: T=628 positions=16 loss=0.3520 ce=0.7008 tv=0.1591 conf=0.9399 grad_norm=3.4211 tensors_with_grad=69/72
[train] step 350: T=661 positions=16 loss=0.8780 ce=1.9930 tv=0.3872 conf=1.6519 grad_norm=4.6506 tensors_with_grad=69/72
[train] step 351: T=544 positions=16 loss=0.3690 ce=0.9247 tv=0.2572 conf=0.9934 grad_norm=4.1054 tensors_with_grad=69/72
[train] step 352: T=538 positions=16 loss=0.1955 ce=0.4208 tv=0.1097 conf=0.5259 grad_norm=2.3321 tensors_with_grad=69/72
[train] step 353: T=539 positions=16 loss=0.1190 ce=0.3088 tv=0.0863 conf=0.6322 grad_norm=0.9136 tensors_with_grad=69/72
[train] step 354: T=1009 positions=16 loss=2.1002 ce=4.0678 tv=0.4741 conf=1.3624 grad_norm=6.6858 tensors_with_grad=69/72
[train] step 355: T=531 positions=16 loss=0.9516 ce=1.9180 tv=0.3108 conf=1.3188 grad_norm=8.2118 tensors_with_grad=69/72
[train] step 356: T=537 positions=16 loss=0.0312 ce=0.1765 tv=0.0657 conf=0.8273 grad_norm=0.4293 tensors_with_grad=69/72
[train] step 357: T=531 positions=16 loss=1.0825 ce=1.9072 tv=0.3426 conf=0.5135 grad_norm=5.3668 tensors_with_grad=69/72
[train] step 358: T=629 positions=16 loss=0.8184 ce=1.4767 tv=0.3794 conf=1.3150 grad_norm=5.2678 tensors_with_grad=69/72
[train] step 359: T=674 positions=16 loss=0.9922 ce=2.0479 tv=0.3985 conf=1.9470 grad_norm=5.1684 tensors_with_grad=69/72
[train] step 360: T=674 positions=16 loss=0.2192 ce=0.4646 tv=0.1941 conf=0.9891 grad_norm=2.1399 tensors_with_grad=69/72
[train] step 361: T=548 positions=16 loss=0.1829 ce=0.3975 tv=0.1559 conf=1.4930 grad_norm=2.6596 tensors_with_grad=69/72
[train] step 362: T=539 positions=16 loss=0.3144 ce=0.7403 tv=0.2330 conf=1.5694 grad_norm=2.5592 tensors_with_grad=69/72
[train] step 363: T=672 positions=16 loss=1.3974 ce=2.7901 tv=0.5254 conf=1.7720 grad_norm=4.7979 tensors_with_grad=69/72
[train] step 364: T=639 positions=16 loss=0.4571 ce=0.9362 tv=0.3141 conf=1.4766 grad_norm=15.1001 tensors_with_grad=69/72
[train] step 365: T=672 positions=16 loss=1.1023 ce=1.7514 tv=0.4891 conf=1.7992 grad_norm=8.6562 tensors_with_grad=69/72
[train] step 366: T=539 positions=16 loss=0.2989 ce=0.9089 tv=0.1995 conf=0.7048 grad_norm=4.3429 tensors_with_grad=69/72
[train] step 367: T=591 positions=16 loss=1.3782 ce=2.5929 tv=0.5041 conf=1.6881 grad_norm=4.6667 tensors_with_grad=69/72
[train] step 368: T=584 positions=16 loss=0.2282 ce=0.6973 tv=0.2036 conf=1.2969 grad_norm=2.0307 tensors_with_grad=69/72
[train] step 369: T=591 positions=16 loss=0.4266 ce=0.7359 tv=0.2482 conf=1.2102 grad_norm=6.0024 tensors_with_grad=69/72
[train] step 370: T=568 positions=16 loss=1.5508 ce=2.9961 tv=0.4904 conf=2.2784 grad_norm=7.3478 tensors_with_grad=69/72
[train] step 371: T=538 positions=16 loss=0.7181 ce=1.5268 tv=0.2996 conf=1.8660 grad_norm=4.5199 tensors_with_grad=69/72
[train] step 372: T=598 positions=16 loss=0.3539 ce=0.7287 tv=0.1497 conf=0.4023 grad_norm=2.9466 tensors_with_grad=69/72
[train] step 373: T=528 positions=16 loss=0.4647 ce=0.8818 tv=0.1766 conf=0.5903 grad_norm=2.2957 tensors_with_grad=69/72
[train] step 374: T=527 positions=16 loss=0.3870 ce=0.9642 tv=0.2717 conf=2.7082 grad_norm=4.6264 tensors_with_grad=69/72
[train] step 375: T=559 positions=16 loss=0.8755 ce=1.9373 tv=0.2178 conf=0.6831 grad_norm=7.2041 tensors_with_grad=69/72
[train] step 376: T=525 positions=16 loss=0.4876 ce=0.9594 tv=0.2104 conf=2.2784 grad_norm=4.8061 tensors_with_grad=69/72
[train] step 377: T=539 positions=16 loss=0.7386 ce=1.2401 tv=0.2604 conf=1.1031 grad_norm=6.4868 tensors_with_grad=69/72
[train] step 378: T=1627 positions=16 loss=1.3277 ce=2.7781 tv=0.4817 conf=2.4029 grad_norm=7.5762 tensors_with_grad=69/72
[train] step 379: T=565 positions=16 loss=0.5844 ce=1.2000 tv=0.2810 conf=2.4172 grad_norm=4.4470 tensors_with_grad=69/72
[train] step 380: T=613 positions=16 loss=0.3860 ce=0.8522 tv=0.2415 conf=1.0360 grad_norm=3.0827 tensors_with_grad=69/72
[train] step 381: T=573 positions=16 loss=0.0571 ce=0.1803 tv=0.1074 conf=2.9097 grad_norm=1.9914 tensors_with_grad=69/72
[train] step 382: T=676 positions=16 loss=0.5537 ce=1.1232 tv=0.2797 conf=3.0203 grad_norm=3.4653 tensors_with_grad=69/72
[train] step 383: T=870 positions=16 loss=0.9928 ce=2.2212 tv=0.2817 conf=3.7410 grad_norm=4.6101 tensors_with_grad=69/72
[train] step 384: T=640 positions=16 loss=1.3210 ce=2.5089 tv=0.4661 conf=2.3492 grad_norm=4.7584 tensors_with_grad=69/72
[train] step 385: T=659 positions=16 loss=0.9967 ce=1.8144 tv=0.4414 conf=3.3934 grad_norm=4.1458 tensors_with_grad=69/72
[train] step 386: T=615 positions=16 loss=0.3564 ce=1.1892 tv=0.2506 conf=1.5157 grad_norm=5.6590 tensors_with_grad=69/72
[train] step 387: T=526 positions=16 loss=1.2574 ce=2.4348 tv=0.4876 conf=1.7981 grad_norm=4.9825 tensors_with_grad=69/72
[train] step 388: T=1042 positions=16 loss=1.2371 ce=2.5523 tv=0.3066 conf=1.4635 grad_norm=4.3633 tensors_with_grad=69/72
[train] step 389: T=581 positions=16 loss=0.5737 ce=1.7354 tv=0.2361 conf=2.6988 grad_norm=5.6593 tensors_with_grad=69/72
[train] step 390: T=946 positions=16 loss=1.4189 ce=2.6469 tv=0.4075 conf=1.7781 grad_norm=5.8334 tensors_with_grad=69/72
[train] step 391: T=669 positions=16 loss=0.8423 ce=1.6397 tv=0.3875 conf=2.9031 grad_norm=7.2942 tensors_with_grad=69/72
[train] step 392: T=959 positions=16 loss=1.1755 ce=2.1868 tv=0.4217 conf=2.7895 grad_norm=4.6986 tensors_with_grad=69/72
[train] step 393: T=538 positions=16 loss=1.0879 ce=1.9449 tv=0.4422 conf=2.6801 grad_norm=7.4874 tensors_with_grad=69/72
[train] step 394: T=538 positions=16 loss=0.1189 ce=0.3403 tv=0.1202 conf=0.6283 grad_norm=2.4226 tensors_with_grad=69/72
[train] step 395: T=564 positions=16 loss=1.6544 ce=3.0449 tv=0.5454 conf=2.9832 grad_norm=10.7790 tensors_with_grad=69/72
[train] step 396: T=581 positions=16 loss=0.1949 ce=0.5950 tv=0.1301 conf=1.1612 grad_norm=2.1922 tensors_with_grad=69/72
[train] step 397: T=545 positions=16 loss=1.0388 ce=1.7584 tv=0.4380 conf=1.8876 grad_norm=10.5540 tensors_with_grad=69/72
[train] step 398: T=525 positions=16 loss=1.4846 ce=2.7411 tv=0.5377 conf=2.5824 grad_norm=6.6210 tensors_with_grad=69/72
[train] step 399: T=565 positions=16 loss=0.9778 ce=2.3349 tv=0.3001 conf=2.7469 grad_norm=8.1750 tensors_with_grad=69/72
[train] step 400: T=554 positions=16 loss=0.2947 ce=0.5699 tv=0.1589 conf=1.0447 grad_norm=2.6306 tensors_with_grad=69/72
[train] step 401: T=1014 positions=16 loss=1.1824 ce=2.1973 tv=0.3184 conf=2.1396 grad_norm=3.7916 tensors_with_grad=69/72
[train] step 402: T=541 positions=16 loss=0.3403 ce=0.8088 tv=0.1287 conf=0.4319 grad_norm=1.8445 tensors_with_grad=69/72
[train] step 403: T=538 positions=16 loss=0.1416 ce=0.3759 tv=0.1380 conf=1.3571 grad_norm=2.4078 tensors_with_grad=69/72
[train] step 404: T=585 positions=16 loss=0.8986 ce=1.7934 tv=0.3331 conf=2.5789 grad_norm=4.7860 tensors_with_grad=69/72
[train] step 405: T=535 positions=16 loss=0.5310 ce=1.1538 tv=0.2603 conf=1.2306 grad_norm=13.7942 tensors_with_grad=69/72
[train] step 406: T=534 positions=16 loss=0.3734 ce=1.0280 tv=0.2449 conf=1.7090 grad_norm=4.7204 tensors_with_grad=69/72
[train] step 407: T=674 positions=16 loss=1.4353 ce=2.4886 tv=0.5061 conf=2.2260 grad_norm=5.9984 tensors_with_grad=69/72
[train] step 408: T=1629 positions=16 loss=1.4817 ce=3.4643 tv=0.3681 conf=2.1949 grad_norm=4.2556 tensors_with_grad=69/72
[train] step 409: T=529 positions=16 loss=0.8614 ce=1.5363 tv=0.4069 conf=1.5366 grad_norm=5.4844 tensors_with_grad=69/72
[train] step 410: T=604 positions=16 loss=0.2626 ce=0.6920 tv=0.2002 conf=1.7235 grad_norm=6.0152 tensors_with_grad=69/72
[train] step 411: T=615 positions=16 loss=0.2799 ce=0.6579 tv=0.1830 conf=2.7717 grad_norm=2.8414 tensors_with_grad=69/72
[train] step 412: T=563 positions=16 loss=0.2223 ce=0.5673 tv=0.1156 conf=0.8524 grad_norm=1.3224 tensors_with_grad=69/72
[train] step 413: T=572 positions=16 loss=0.3476 ce=0.7713 tv=0.2157 conf=1.8616 grad_norm=2.8376 tensors_with_grad=69/72
[train] step 414: T=591 positions=16 loss=0.4817 ce=0.8653 tv=0.2699 conf=1.8320 grad_norm=6.9877 tensors_with_grad=69/72
[train] step 415: T=595 positions=16 loss=0.4967 ce=1.5028 tv=0.3058 conf=0.9957 grad_norm=3.3498 tensors_with_grad=69/72
[train] step 416: T=541 positions=16 loss=0.6939 ce=1.2095 tv=0.3075 conf=1.0487 grad_norm=6.0095 tensors_with_grad=69/72
[train] step 417: T=543 positions=16 loss=0.8633 ce=1.6401 tv=0.4026 conf=1.6499 grad_norm=4.4074 tensors_with_grad=69/72
[train] step 418: T=678 positions=16 loss=1.0832 ce=2.0923 tv=0.3755 conf=2.2523 grad_norm=3.6372 tensors_with_grad=69/72
[train] step 419: T=592 positions=16 loss=0.0499 ce=0.2650 tv=0.1077 conf=1.3844 grad_norm=1.4734 tensors_with_grad=69/72
[train] step 420: T=633 positions=16 loss=1.0365 ce=1.8852 tv=0.4089 conf=2.0153 grad_norm=6.2907 tensors_with_grad=69/72
[train] step 421: T=531 positions=16 loss=0.5055 ce=0.7209 tv=0.2716 conf=0.9605 grad_norm=7.6537 tensors_with_grad=69/72
[train] step 422: T=576 positions=16 loss=0.4786 ce=0.9496 tv=0.2820 conf=2.2989 grad_norm=5.3885 tensors_with_grad=69/72
[train] step 423: T=535 positions=16 loss=0.5276 ce=1.4029 tv=0.2208 conf=1.0296 grad_norm=6.2904 tensors_with_grad=69/72
[train] step 424: T=606 positions=16 loss=0.8187 ce=2.0795 tv=0.4099 conf=2.3362 grad_norm=3.2947 tensors_with_grad=69/72
[train] step 425: T=577 positions=16 loss=0.1933 ce=0.5569 tv=0.2389 conf=2.2377 grad_norm=3.7272 tensors_with_grad=69/72
[train] step 426: T=531 positions=16 loss=0.3982 ce=1.0698 tv=0.2342 conf=1.9853 grad_norm=5.4857 tensors_with_grad=69/72
[train] step 427: T=667 positions=16 loss=0.4283 ce=0.8750 tv=0.2243 conf=2.0342 grad_norm=4.4531 tensors_with_grad=69/72
[train] step 428: T=639 positions=16 loss=1.1718 ce=2.4151 tv=0.4583 conf=1.7982 grad_norm=5.1835 tensors_with_grad=69/72
[train] step 429: T=527 positions=16 loss=1.1092 ce=2.1727 tv=0.4576 conf=1.8727 grad_norm=4.6925 tensors_with_grad=69/72
[train] step 430: T=673 positions=16 loss=1.8310 ce=3.0733 tv=0.5692 conf=0.7273 grad_norm=6.3831 tensors_with_grad=69/72
[train] step 431: T=599 positions=16 loss=0.1542 ce=0.3038 tv=0.1266 conf=0.7308 grad_norm=2.5967 tensors_with_grad=69/72
[train] step 432: T=533 positions=16 loss=0.1773 ce=0.4907 tv=0.1114 conf=0.3150 grad_norm=2.2143 tensors_with_grad=69/72
[train] step 433: T=535 positions=16 loss=0.5983 ce=0.9748 tv=0.3161 conf=0.9692 grad_norm=4.0366 tensors_with_grad=69/72
[train] step 434: T=584 positions=16 loss=1.1117 ce=2.3854 tv=0.4218 conf=1.5944 grad_norm=7.8501 tensors_with_grad=69/72
[train] step 435: T=568 positions=16 loss=0.8763 ce=1.9003 tv=0.3815 conf=1.7199 grad_norm=6.3953 tensors_with_grad=69/72
[train] step 436: T=1111 positions=16 loss=1.0221 ce=1.7707 tv=0.3453 conf=1.6582 grad_norm=6.2011 tensors_with_grad=69/72
[train] step 437: T=673 positions=16 loss=0.8998 ce=2.0014 tv=0.3960 conf=1.3216 grad_norm=6.0215 tensors_with_grad=69/72
[train] step 438: T=614 positions=16 loss=0.7962 ce=1.8972 tv=0.3567 conf=1.6857 grad_norm=3.6136 tensors_with_grad=69/72
[train] step 439: T=526 positions=16 loss=0.5476 ce=1.2027 tv=0.3371 conf=2.1866 grad_norm=5.0389 tensors_with_grad=69/72
[train] step 440: T=532 positions=16 loss=0.2457 ce=0.5404 tv=0.0937 conf=1.2050 grad_norm=1.7106 tensors_with_grad=69/72
[train] step 441: T=624 positions=16 loss=0.5518 ce=1.2160 tv=0.3126 conf=1.5955 grad_norm=6.3595 tensors_with_grad=69/72
[train] step 442: T=530 positions=16 loss=1.0484 ce=2.0482 tv=0.3838 conf=1.3147 grad_norm=5.6341 tensors_with_grad=69/72
[train] step 443: T=546 positions=16 loss=0.5633 ce=1.0339 tv=0.2360 conf=1.0170 grad_norm=2.7201 tensors_with_grad=69/72
[train] step 444: T=672 positions=16 loss=0.9401 ce=2.4499 tv=0.3990 conf=3.2110 grad_norm=4.6628 tensors_with_grad=69/72
[train] step 445: T=528 positions=16 loss=1.1953 ce=2.1899 tv=0.4745 conf=0.9810 grad_norm=6.2205 tensors_with_grad=69/72
[train] step 446: T=536 positions=16 loss=0.0792 ce=0.2895 tv=0.0678 conf=0.2445 grad_norm=1.3462 tensors_with_grad=69/72
[train] step 447: T=1543 positions=16 loss=1.8290 ce=3.6252 tv=0.4565 conf=1.1228 grad_norm=6.3502 tensors_with_grad=69/72
[train] step 448: T=673 positions=16 loss=1.3987 ce=2.8391 tv=0.4432 conf=1.2749 grad_norm=4.2669 tensors_with_grad=69/72
[train] step 449: T=587 positions=16 loss=0.1642 ce=0.3322 tv=0.1416 conf=1.2780 grad_norm=3.3253 tensors_with_grad=69/72
[train] step 450: T=529 positions=16 loss=0.4626 ce=0.7035 tv=0.2368 conf=1.1117 grad_norm=5.4088 tensors_with_grad=69/72
[train] step 451: T=981 positions=16 loss=1.2981 ce=2.4765 tv=0.4356 conf=1.8140 grad_norm=3.9401 tensors_with_grad=69/72
[train] step 452: T=557 positions=16 loss=0.5657 ce=1.1174 tv=0.2318 conf=0.9631 grad_norm=4.7838 tensors_with_grad=69/72
[train] step 453: T=543 positions=16 loss=0.5313 ce=1.1900 tv=0.2620 conf=0.9206 grad_norm=5.7060 tensors_with_grad=69/72
[train] step 454: T=955 positions=16 loss=0.9054 ce=1.8029 tv=0.3379 conf=1.3914 grad_norm=3.3706 tensors_with_grad=69/72
[train] step 455: T=536 positions=16 loss=0.3229 ce=0.7320 tv=0.2357 conf=1.5713 grad_norm=3.2417 tensors_with_grad=69/72
[train] step 456: T=952 positions=16 loss=1.4808 ce=2.4807 tv=0.4111 conf=1.1141 grad_norm=6.3315 tensors_with_grad=69/72
[train] step 457: T=960 positions=16 loss=1.5231 ce=3.2287 tv=0.4213 conf=2.2101 grad_norm=4.2103 tensors_with_grad=69/72
[train] step 458: T=525 positions=16 loss=1.4793 ce=2.9401 tv=0.4991 conf=1.9832 grad_norm=5.4547 tensors_with_grad=69/72
[train] step 459: T=1031 positions=16 loss=1.4789 ce=3.0556 tv=0.4561 conf=1.3413 grad_norm=4.5961 tensors_with_grad=69/72
[train] step 460: T=674 positions=16 loss=0.8253 ce=1.4580 tv=0.3925 conf=1.7167 grad_norm=5.6658 tensors_with_grad=69/72
[train] step 461: T=1015 positions=16 loss=1.4830 ce=2.8609 tv=0.4920 conf=1.7880 grad_norm=4.1261 tensors_with_grad=69/72
[train] step 462: T=540 positions=16 loss=1.1604 ce=1.9916 tv=0.4926 conf=1.2852 grad_norm=4.4251 tensors_with_grad=69/72
[train] step 463: T=557 positions=16 loss=0.9039 ce=1.9953 tv=0.3746 conf=1.7337 grad_norm=4.4224 tensors_with_grad=69/72
[train] step 464: T=672 positions=16 loss=0.7052 ce=1.7514 tv=0.3278 conf=1.9997 grad_norm=3.2246 tensors_with_grad=69/72
[train] step 465: T=531 positions=16 loss=1.0356 ce=1.9993 tv=0.4968 conf=1.7749 grad_norm=4.4583 tensors_with_grad=69/72
[train] step 466: T=536 positions=16 loss=0.2470 ce=0.5026 tv=0.1500 conf=0.3890 grad_norm=3.8648 tensors_with_grad=69/72
[train] step 467: T=532 positions=16 loss=1.9899 ce=3.6613 tv=0.5970 conf=1.1293 grad_norm=8.9579 tensors_with_grad=69/72
[train] step 468: T=536 positions=16 loss=0.2524 ce=0.8093 tv=0.1930 conf=1.0484 grad_norm=3.9492 tensors_with_grad=69/72
[train] step 469: T=554 positions=16 loss=0.5455 ce=1.1556 tv=0.3297 conf=1.5424 grad_norm=2.3213 tensors_with_grad=69/72
[train] step 470: T=673 positions=16 loss=1.2523 ce=2.7460 tv=0.4438 conf=1.0175 grad_norm=6.5659 tensors_with_grad=69/72
[train] step 471: T=630 positions=16 loss=0.4238 ce=1.0445 tv=0.2386 conf=1.9886 grad_norm=3.0786 tensors_with_grad=69/72
[train] step 472: T=636 positions=16 loss=0.7360 ce=1.8813 tv=0.2677 conf=1.1264 grad_norm=7.1834 tensors_with_grad=69/72
[train] step 473: T=673 positions=16 loss=1.4574 ce=2.8133 tv=0.4530 conf=1.7339 grad_norm=3.7641 tensors_with_grad=69/72
[train] step 474: T=677 positions=16 loss=1.0038 ce=1.9394 tv=0.2572 conf=1.0321 grad_norm=5.2970 tensors_with_grad=69/72
[train] step 475: T=576 positions=16 loss=0.4510 ce=0.9702 tv=0.2568 conf=1.8673 grad_norm=2.5217 tensors_with_grad=69/72
[train] step 476: T=541 positions=16 loss=1.1530 ce=2.1890 tv=0.5035 conf=2.2785 grad_norm=3.9902 tensors_with_grad=69/72
[train] step 477: T=612 positions=16 loss=0.0629 ce=0.2522 tv=0.1287 conf=1.1361 grad_norm=1.2112 tensors_with_grad=69/72
[train] step 478: T=566 positions=16 loss=1.7621 ce=3.9127 tv=0.5396 conf=1.2552 grad_norm=8.5774 tensors_with_grad=69/72
[train] step 479: T=528 positions=16 loss=1.3804 ce=2.8294 tv=0.5475 conf=2.6550 grad_norm=5.2396 tensors_with_grad=69/72
[train] step 480: T=548 positions=16 loss=0.3151 ce=0.6280 tv=0.1580 conf=0.8574 grad_norm=3.0192 tensors_with_grad=69/72
[train] step 481: T=576 positions=16 loss=1.4621 ce=3.0625 tv=0.4465 conf=1.9678 grad_norm=5.3995 tensors_with_grad=69/72
[train] step 482: T=1222 positions=16 loss=1.1599 ce=2.6551 tv=0.3576 conf=1.8849 grad_norm=7.8049 tensors_with_grad=69/72
[train] step 483: T=869 positions=16 loss=1.4972 ce=2.8307 tv=0.4038 conf=1.1775 grad_norm=7.5765 tensors_with_grad=69/72
[train] step 484: T=526 positions=16 loss=0.6863 ce=1.6254 tv=0.3929 conf=2.5096 grad_norm=3.8938 tensors_with_grad=69/72
[train] step 485: T=850 positions=16 loss=1.1786 ce=2.4027 tv=0.3542 conf=0.7919 grad_norm=4.1020 tensors_with_grad=69/72
[train] step 486: T=907 positions=16 loss=1.0067 ce=2.0518 tv=0.3222 conf=2.0049 grad_norm=3.6498 tensors_with_grad=69/72
[train] step 487: T=1184 positions=16 loss=1.9114 ce=3.6145 tv=0.4757 conf=1.2582 grad_norm=5.7659 tensors_with_grad=69/72
[train] step 488: T=592 positions=16 loss=0.6411 ce=1.5812 tv=0.3242 conf=0.7434 grad_norm=5.9906 tensors_with_grad=69/72
[train] step 489: T=531 positions=16 loss=0.6708 ce=1.4534 tv=0.2633 conf=1.3895 grad_norm=2.7554 tensors_with_grad=69/72
[train] step 490: T=599 positions=16 loss=0.3126 ce=0.7520 tv=0.1904 conf=1.4488 grad_norm=2.2677 tensors_with_grad=69/72
[diag] draft-argmax == TARGET-argmax : 67.5%  | == ground-truth token: 66.9%
[diag] mean top-1 prob  target 0.836  draft 0.744   (TV near 1 with a PEAKED draft => misalignment; with a FLAT draft => genuine)
[train] saved 72 trained tensors -> /cap/auto-anchorpow1p5/c1/trained/mtp_trained.safetensors
[train] saved AdamW state -> /cap/auto-anchorpow1p5/c1/trained/opt_state.pt (needed for --resume to be equivalent to one continuous run)
[train] metrics -> /cap/auto-anchorpow1p5/c1/train_metrics.json  (loss 0.7733 -> 0.3126, tail mean 0.9579)
[train] TRAIN OK
