[train] device=cuda torch=2.10.0
  loading model-00046-of-00048.safetensors ...
  loading model-00047-of-00048.safetensors ...
  loading model-00048-of-00048.safetensors ...
  dequantised 1512 tensors, 12.60 B params, 23.5 GiB bf16
[train] weights ready in 8.7s
[train] trainable 517.3 M in 72 tensors | frozen experts 12.08 B
[train] capture: 491 sample(s)
[Gloo] Rank 0 is connected to 0 peer ranks. Expected number of connected peer ranks is : 0
[train] ModelArgs: n_mtp=3 block=5 taps=[40, 41, 42] markov_rank=256
[train] built 3 DSparkBlock(s) on meta
[train] re-materialised freqs_cis on 3 attention module(s) (persistent=False buffers are NOT in state_dict and to_empty() zapped them)
[train] load_state_dict: 0 missing, 0 unexpected
[train] GATE1 model construction OK
[train] aux: embed.weight(129280, 4096), head.weight(129280, 4096)
[train] trainable tensors in graph: 72 / 517.3 M
[train] P2.5 anchor: frozen copy of 3 block(s), beta=0.1
[train] lr schedule: linear warmup 73 step(s) -> cosine over 1472 session step(s), peak 5e-05; this chunk is steps 0..490
/work/train/train_head.py:115: UserWarning: Converting a tensor with requires_grad=True to a scalar may lead to unexpected behavior.
Consider using tensor.detach() first. (Triggered internally at /opt/pytorch/torch/csrc/autograd/generated/python_variable_methods.cpp:836.)
  parts = {"ce": float((w * ce).sum()), "tv": float((w * tv).sum()), "conf": 0.0}
[train] step 0: T=541 positions=16 loss=2.9311 ce=3.7850 tv=0.5689 conf=0.8762 grad_norm=19.3564 tensors_with_grad=69/72
[train] step 1: T=645 positions=16 loss=3.9451 ce=4.7785 tv=0.7387 conf=0.5098 grad_norm=26.7370 tensors_with_grad=69/72
[train] step 2: T=527 positions=16 loss=1.9641 ce=4.7808 tv=0.5007 conf=0.6827 grad_norm=17.6422 tensors_with_grad=69/72
[train] step 3: T=848 positions=16 loss=1.8069 ce=3.7558 tv=0.4819 conf=0.4790 grad_norm=26.2894 tensors_with_grad=69/72
[train] step 4: T=675 positions=16 loss=2.6607 ce=4.7897 tv=0.4045 conf=0.8169 grad_norm=19.0061 tensors_with_grad=69/72
[train] step 5: T=536 positions=16 loss=1.7464 ce=3.1169 tv=0.2450 conf=0.4169 grad_norm=15.5035 tensors_with_grad=69/72
[train] step 6: T=619 positions=16 loss=1.1951 ce=1.9575 tv=0.1573 conf=0.4649 grad_norm=14.3624 tensors_with_grad=69/72
[train] step 7: T=632 positions=16 loss=2.9844 ce=3.9434 tv=0.7084 conf=0.5743 grad_norm=21.7748 tensors_with_grad=69/72
[train] step 8: T=529 positions=16 loss=1.2554 ce=2.2250 tv=0.4657 conf=0.6954 grad_norm=18.8941 tensors_with_grad=69/72
[train] step 9: T=530 positions=16 loss=1.2693 ce=2.0699 tv=0.4033 conf=0.5833 grad_norm=15.9585 tensors_with_grad=69/72
[train] step 10: T=660 positions=16 loss=3.1791 ce=4.6932 tv=0.7237 conf=0.4650 grad_norm=21.3210 tensors_with_grad=69/72
[train] step 11: T=1056 positions=16 loss=3.3803 ce=5.0381 tv=0.5776 conf=0.6221 grad_norm=21.5159 tensors_with_grad=69/72
[train] step 12: T=537 positions=16 loss=0.9202 ce=1.8463 tv=0.3046 conf=0.6932 grad_norm=7.2258 tensors_with_grad=69/72
[train] step 13: T=539 positions=16 loss=2.0714 ce=3.1982 tv=0.5802 conf=0.8432 grad_norm=26.1858 tensors_with_grad=69/72
[train] step 14: T=627 positions=16 loss=1.3655 ce=2.1618 tv=0.2270 conf=0.4447 grad_norm=11.7533 tensors_with_grad=69/72
[train] step 15: T=526 positions=16 loss=2.7720 ce=4.2647 tv=0.6732 conf=0.6492 grad_norm=16.2223 tensors_with_grad=69/72
[train] step 16: T=1697 positions=16 loss=3.8105 ce=5.5416 tv=0.7459 conf=0.5038 grad_norm=18.5507 tensors_with_grad=69/72
[train] step 17: T=608 positions=16 loss=2.0497 ce=3.6974 tv=0.5405 conf=0.7669 grad_norm=20.0273 tensors_with_grad=69/72
[train] step 18: T=541 positions=16 loss=0.8331 ce=1.7746 tv=0.2691 conf=0.6034 grad_norm=11.0088 tensors_with_grad=69/72
[train] step 19: T=528 positions=16 loss=2.9037 ce=4.2428 tv=0.6555 conf=0.4471 grad_norm=16.2021 tensors_with_grad=69/72
[train] step 20: T=531 positions=16 loss=1.3537 ce=2.5482 tv=0.4286 conf=0.5002 grad_norm=19.6537 tensors_with_grad=69/72
[train] step 21: T=531 positions=16 loss=1.1804 ce=2.1601 tv=0.4922 conf=0.7958 grad_norm=12.1330 tensors_with_grad=69/72
[train] step 22: T=536 positions=16 loss=3.1164 ce=4.9576 tv=0.6002 conf=0.8560 grad_norm=15.5004 tensors_with_grad=69/72
[train] step 23: T=571 positions=16 loss=2.9534 ce=4.5254 tv=0.6825 conf=0.6781 grad_norm=32.4325 tensors_with_grad=69/72
[train] step 24: T=524 positions=16 loss=1.4914 ce=2.2719 tv=0.2323 conf=0.3206 grad_norm=10.7975 tensors_with_grad=69/72
[train] step 25: T=675 positions=16 loss=3.3570 ce=4.9706 tv=0.6945 conf=0.4894 grad_norm=35.4497 tensors_with_grad=69/72
[train] step 26: T=615 positions=16 loss=1.1207 ce=2.0150 tv=0.3141 conf=0.5014 grad_norm=10.7529 tensors_with_grad=69/72
[train] step 27: T=677 positions=16 loss=1.9024 ce=3.0985 tv=0.5464 conf=0.7552 grad_norm=19.7797 tensors_with_grad=69/72
[train] step 28: T=537 positions=16 loss=2.9517 ce=5.1789 tv=0.5826 conf=0.7237 grad_norm=40.5887 tensors_with_grad=69/72
[train] step 29: T=652 positions=16 loss=2.9945 ce=4.3688 tv=0.7145 conf=0.4725 grad_norm=16.9612 tensors_with_grad=69/72
[train] step 30: T=553 positions=16 loss=0.7932 ce=1.4315 tv=0.3174 conf=0.4720 grad_norm=6.6833 tensors_with_grad=69/72
[train] step 31: T=528 positions=16 loss=0.8191 ce=1.5550 tv=0.3822 conf=0.5289 grad_norm=10.4906 tensors_with_grad=69/72
[train] step 32: T=591 positions=16 loss=0.9160 ce=2.3639 tv=0.2700 conf=0.9259 grad_norm=6.3204 tensors_with_grad=69/72
[train] step 33: T=528 positions=16 loss=0.3778 ce=0.5845 tv=0.2167 conf=0.3852 grad_norm=18.4686 tensors_with_grad=69/72
[train] step 34: T=539 positions=16 loss=1.0400 ce=1.7848 tv=0.2090 conf=0.6642 grad_norm=23.7503 tensors_with_grad=69/72
[train] step 35: T=608 positions=16 loss=1.3008 ce=3.1059 tv=0.3766 conf=0.7457 grad_norm=16.4393 tensors_with_grad=69/72
[train] step 36: T=538 positions=16 loss=1.2415 ce=1.9599 tv=0.4357 conf=0.5359 grad_norm=11.0576 tensors_with_grad=69/72
[train] step 37: T=542 positions=16 loss=1.7176 ce=2.5270 tv=0.5312 conf=0.6188 grad_norm=19.9017 tensors_with_grad=69/72
[train] step 38: T=672 positions=16 loss=3.8436 ce=5.6434 tv=0.7578 conf=0.5609 grad_norm=15.5849 tensors_with_grad=69/72
[train] step 39: T=672 positions=16 loss=1.6714 ce=2.4707 tv=0.3295 conf=0.3055 grad_norm=27.6867 tensors_with_grad=69/72
[train] step 40: T=823 positions=16 loss=4.5890 ce=6.6822 tv=0.6199 conf=0.7063 grad_norm=39.8873 tensors_with_grad=69/72
[train] step 41: T=542 positions=16 loss=1.8612 ce=4.7839 tv=0.5154 conf=0.8919 grad_norm=24.8584 tensors_with_grad=69/72
[train] step 42: T=528 positions=16 loss=4.6492 ce=7.9760 tv=0.7025 conf=0.7503 grad_norm=37.0905 tensors_with_grad=69/72
[train] step 43: T=892 positions=16 loss=2.9143 ce=4.2185 tv=0.3981 conf=0.5960 grad_norm=16.3581 tensors_with_grad=69/72
[train] step 44: T=641 positions=16 loss=3.1449 ce=4.5586 tv=0.7233 conf=0.5835 grad_norm=13.2294 tensors_with_grad=69/72
[train] step 45: T=527 positions=16 loss=1.8611 ce=2.9642 tv=0.4156 conf=0.7785 grad_norm=11.7151 tensors_with_grad=69/72
[train] step 46: T=527 positions=16 loss=2.1359 ce=3.3533 tv=0.3434 conf=0.8263 grad_norm=20.3253 tensors_with_grad=69/72
[train] step 47: T=989 positions=16 loss=4.1591 ce=6.0277 tv=0.5566 conf=0.6071 grad_norm=26.6157 tensors_with_grad=69/72
[train] step 48: T=611 positions=16 loss=2.2782 ce=4.6697 tv=0.5816 conf=0.9105 grad_norm=19.5173 tensors_with_grad=69/72
[train] step 49: T=558 positions=16 loss=2.0958 ce=4.2956 tv=0.5080 conf=0.9023 grad_norm=13.6473 tensors_with_grad=69/72
[train] step 50: T=542 positions=16 loss=1.3498 ce=2.8376 tv=0.2018 conf=0.3790 grad_norm=13.0525 tensors_with_grad=69/72
[train] step 51: T=527 positions=16 loss=1.9237 ce=3.5511 tv=0.4393 conf=0.9535 grad_norm=13.4310 tensors_with_grad=69/72
[train] step 52: T=540 positions=16 loss=0.5823 ce=1.4615 tv=0.1793 conf=0.5634 grad_norm=5.4647 tensors_with_grad=69/72
[train] step 53: T=673 positions=16 loss=2.6965 ce=3.9832 tv=0.6917 conf=0.5950 grad_norm=13.6744 tensors_with_grad=69/72
[train] step 54: T=613 positions=16 loss=2.0585 ce=3.1322 tv=0.6069 conf=0.5607 grad_norm=24.3599 tensors_with_grad=69/72
[train] step 55: T=608 positions=16 loss=2.0864 ce=3.4621 tv=0.5677 conf=0.7310 grad_norm=13.5978 tensors_with_grad=69/72
[train] step 56: T=535 positions=16 loss=0.7205 ce=1.4943 tv=0.3766 conf=0.5915 grad_norm=6.7811 tensors_with_grad=69/72
[train] step 57: T=531 positions=16 loss=2.1909 ce=4.1813 tv=0.5009 conf=1.1756 grad_norm=21.8285 tensors_with_grad=69/72
[train] step 58: T=668 positions=16 loss=1.5781 ce=2.5975 tv=0.2964 conf=0.7037 grad_norm=10.0565 tensors_with_grad=69/72
[train] step 59: T=677 positions=16 loss=2.3276 ce=4.2017 tv=0.5734 conf=0.7877 grad_norm=13.3616 tensors_with_grad=69/72
[train] step 60: T=531 positions=16 loss=1.9464 ce=2.9487 tv=0.5662 conf=0.6004 grad_norm=19.1296 tensors_with_grad=69/72
[train] step 61: T=672 positions=16 loss=2.6322 ce=3.6281 tv=0.6467 conf=0.5599 grad_norm=29.5899 tensors_with_grad=69/72
[train] step 62: T=582 positions=16 loss=2.4959 ce=4.3017 tv=0.6094 conf=0.9725 grad_norm=49.4421 tensors_with_grad=69/72
[train] step 63: T=583 positions=16 loss=0.4382 ce=1.0974 tv=0.1882 conf=0.2883 grad_norm=9.3278 tensors_with_grad=69/72
[train] step 64: T=1047 positions=16 loss=3.6119 ce=5.1792 tv=0.5934 conf=0.7955 grad_norm=24.8912 tensors_with_grad=69/72
[train] step 65: T=673 positions=16 loss=3.0453 ce=4.4020 tv=0.6913 conf=0.5030 grad_norm=11.7096 tensors_with_grad=69/72
[train] step 66: T=600 positions=16 loss=1.6072 ce=2.7675 tv=0.4630 conf=0.6905 grad_norm=10.7150 tensors_with_grad=69/72
[train] step 67: T=672 positions=16 loss=2.7344 ce=4.0084 tv=0.5977 conf=0.4853 grad_norm=18.3831 tensors_with_grad=69/72
[train] step 68: T=622 positions=16 loss=0.3552 ce=0.6876 tv=0.1312 conf=0.4006 grad_norm=6.8315 tensors_with_grad=69/72
[train] step 69: T=531 positions=16 loss=2.2482 ce=3.4488 tv=0.6494 conf=0.5411 grad_norm=16.8444 tensors_with_grad=69/72
[train] step 70: T=531 positions=16 loss=1.7501 ce=2.7607 tv=0.3864 conf=0.4493 grad_norm=12.6224 tensors_with_grad=69/72
[train] step 71: T=527 positions=16 loss=3.3068 ce=4.5921 tv=0.7493 conf=0.4930 grad_norm=19.3753 tensors_with_grad=69/72
[train] step 72: T=542 positions=16 loss=1.6953 ce=2.4442 tv=0.5863 conf=0.6465 grad_norm=20.3575 tensors_with_grad=69/72
[train] step 73: T=527 positions=16 loss=2.2986 ce=3.6312 tv=0.6861 conf=0.5720 grad_norm=13.8722 tensors_with_grad=69/72
[train] step 74: T=629 positions=16 loss=2.4633 ce=3.9960 tv=0.5994 conf=0.6926 grad_norm=16.9702 tensors_with_grad=69/72
[train] step 75: T=646 positions=16 loss=1.5799 ce=2.5405 tv=0.5021 conf=0.6593 grad_norm=8.9062 tensors_with_grad=69/72
[train] step 76: T=527 positions=16 loss=2.0672 ce=3.4370 tv=0.6652 conf=0.8368 grad_norm=12.0463 tensors_with_grad=69/72
[train] step 77: T=581 positions=16 loss=2.3863 ce=4.2007 tv=0.5962 conf=0.6760 grad_norm=14.8716 tensors_with_grad=69/72
[train] step 78: T=528 positions=16 loss=1.2224 ce=2.1581 tv=0.3740 conf=0.6321 grad_norm=9.4865 tensors_with_grad=69/72
[train] step 79: T=534 positions=16 loss=4.1941 ce=6.5405 tv=0.7426 conf=0.8866 grad_norm=27.3128 tensors_with_grad=69/72
[train] step 80: T=532 positions=16 loss=2.5383 ce=3.9556 tv=0.7011 conf=0.5905 grad_norm=14.8787 tensors_with_grad=69/72
[train] step 81: T=533 positions=16 loss=1.7331 ce=3.3223 tv=0.4461 conf=0.5709 grad_norm=12.0313 tensors_with_grad=69/72
[train] step 82: T=527 positions=16 loss=2.2371 ce=3.9393 tv=0.6222 conf=0.7912 grad_norm=11.2144 tensors_with_grad=69/72
[train] step 83: T=580 positions=16 loss=2.0001 ce=3.9936 tv=0.5236 conf=0.9409 grad_norm=19.3513 tensors_with_grad=69/72
[train] step 84: T=1391 positions=16 loss=2.1209 ce=3.4983 tv=0.5496 conf=0.5630 grad_norm=12.9447 tensors_with_grad=69/72
[train] step 85: T=527 positions=16 loss=2.0289 ce=3.7874 tv=0.6629 conf=0.7628 grad_norm=10.1828 tensors_with_grad=69/72
[train] step 86: T=538 positions=16 loss=0.7357 ce=1.3151 tv=0.3397 conf=0.4577 grad_norm=19.1668 tensors_with_grad=69/72
[train] step 87: T=648 positions=16 loss=1.6553 ce=2.7898 tv=0.4155 conf=0.5647 grad_norm=12.5254 tensors_with_grad=69/72
[train] step 88: T=672 positions=16 loss=2.5224 ce=4.4788 tv=0.6522 conf=0.6707 grad_norm=21.9266 tensors_with_grad=69/72
[train] step 89: T=599 positions=16 loss=2.0031 ce=2.9625 tv=0.6102 conf=0.7046 grad_norm=9.3313 tensors_with_grad=69/72
[train] step 90: T=655 positions=16 loss=1.9073 ce=3.6060 tv=0.5452 conf=0.6489 grad_norm=14.2651 tensors_with_grad=69/72
[train] step 91: T=646 positions=16 loss=1.3795 ce=2.4965 tv=0.5194 conf=0.7031 grad_norm=9.6846 tensors_with_grad=69/72
[train] step 92: T=606 positions=16 loss=1.5865 ce=2.4896 tv=0.3632 conf=0.5181 grad_norm=13.5626 tensors_with_grad=69/72
[train] step 93: T=526 positions=16 loss=0.6046 ce=1.3430 tv=0.3367 conf=0.7772 grad_norm=5.5607 tensors_with_grad=69/72
[train] step 94: T=541 positions=16 loss=1.0249 ce=2.0437 tv=0.4288 conf=0.6568 grad_norm=7.6843 tensors_with_grad=69/72
[train] step 95: T=546 positions=16 loss=1.9013 ce=2.7107 tv=0.5896 conf=0.7086 grad_norm=13.9135 tensors_with_grad=69/72
[train] step 96: T=532 positions=16 loss=0.5613 ce=0.9604 tv=0.2667 conf=0.4918 grad_norm=7.0989 tensors_with_grad=69/72
[train] step 97: T=527 positions=16 loss=3.4000 ce=6.2505 tv=0.7856 conf=0.8014 grad_norm=13.3124 tensors_with_grad=69/72
[train] step 98: T=678 positions=16 loss=0.8618 ce=1.7588 tv=0.4116 conf=0.8248 grad_norm=8.5630 tensors_with_grad=69/72
[train] step 99: T=542 positions=16 loss=1.5453 ce=2.5787 tv=0.5428 conf=0.5930 grad_norm=29.4258 tensors_with_grad=69/72
[train] step 100: T=536 positions=16 loss=0.3906 ce=0.7688 tv=0.1462 conf=0.3832 grad_norm=3.4751 tensors_with_grad=69/72
[train] step 101: T=540 positions=16 loss=2.3020 ce=3.4997 tv=0.6116 conf=0.7223 grad_norm=10.9994 tensors_with_grad=69/72
[train] step 102: T=628 positions=16 loss=0.9288 ce=2.0142 tv=0.2228 conf=0.8578 grad_norm=8.9864 tensors_with_grad=69/72
[train] step 103: T=599 positions=16 loss=1.2562 ce=2.4417 tv=0.4611 conf=0.7718 grad_norm=7.7240 tensors_with_grad=69/72
[train] step 104: T=608 positions=16 loss=0.8600 ce=1.4234 tv=0.3212 conf=0.7003 grad_norm=6.9720 tensors_with_grad=69/72
[train] step 105: T=618 positions=16 loss=1.7664 ce=2.9159 tv=0.5633 conf=0.8589 grad_norm=25.1801 tensors_with_grad=69/72
[train] step 106: T=673 positions=16 loss=2.0557 ce=3.2066 tv=0.6067 conf=0.7026 grad_norm=15.2958 tensors_with_grad=69/72
[train] step 107: T=607 positions=16 loss=0.9497 ce=1.9243 tv=0.3507 conf=0.8128 grad_norm=11.9736 tensors_with_grad=69/72
[train] step 108: T=580 positions=16 loss=0.8901 ce=2.2969 tv=0.3764 conf=0.6018 grad_norm=9.2038 tensors_with_grad=69/72
[train] step 109: T=565 positions=16 loss=0.8353 ce=2.3714 tv=0.3124 conf=0.5764 grad_norm=6.5754 tensors_with_grad=69/72
[train] step 110: T=533 positions=16 loss=1.9726 ce=3.2537 tv=0.4657 conf=0.9059 grad_norm=10.9780 tensors_with_grad=69/72
[train] step 111: T=610 positions=16 loss=1.2592 ce=2.2254 tv=0.4231 conf=0.7579 grad_norm=8.5767 tensors_with_grad=69/72
[train] step 112: T=1026 positions=16 loss=1.3680 ce=1.8373 tv=0.4112 conf=0.4138 grad_norm=8.5831 tensors_with_grad=69/72
[train] step 113: T=613 positions=16 loss=1.4240 ce=2.1404 tv=0.4566 conf=0.5951 grad_norm=11.3448 tensors_with_grad=69/72
[train] step 114: T=675 positions=16 loss=1.5937 ce=2.7804 tv=0.5175 conf=0.6373 grad_norm=8.3211 tensors_with_grad=69/72
[train] step 115: T=1001 positions=16 loss=1.6409 ce=2.5310 tv=0.4582 conf=0.5621 grad_norm=18.8703 tensors_with_grad=69/72
[train] step 116: T=553 positions=16 loss=1.5753 ce=3.0323 tv=0.4616 conf=0.7497 grad_norm=12.6269 tensors_with_grad=69/72
[train] step 117: T=676 positions=16 loss=0.6276 ce=1.2395 tv=0.2058 conf=0.3971 grad_norm=6.3130 tensors_with_grad=69/72
[train] step 118: T=530 positions=16 loss=0.8712 ce=1.5643 tv=0.2888 conf=0.4962 grad_norm=8.4141 tensors_with_grad=69/72
[train] step 119: T=531 positions=16 loss=0.5768 ce=0.8505 tv=0.1787 conf=0.2798 grad_norm=5.7433 tensors_with_grad=69/72
[train] step 120: T=560 positions=16 loss=1.3066 ce=2.7310 tv=0.5157 conf=0.6586 grad_norm=12.2812 tensors_with_grad=69/72
[train] step 121: T=1390 positions=16 loss=3.4791 ce=5.3776 tv=0.6381 conf=0.5572 grad_norm=15.8635 tensors_with_grad=69/72
[train] step 122: T=536 positions=16 loss=0.9318 ce=1.8204 tv=0.4181 conf=0.6645 grad_norm=7.5339 tensors_with_grad=69/72
[train] step 123: T=622 positions=16 loss=1.8823 ce=2.8788 tv=0.5901 conf=0.7090 grad_norm=9.6261 tensors_with_grad=69/72
[train] step 124: T=557 positions=16 loss=1.6673 ce=2.2647 tv=0.4914 conf=0.6976 grad_norm=23.9087 tensors_with_grad=69/72
[train] step 125: T=563 positions=16 loss=1.3684 ce=2.2602 tv=0.4357 conf=0.6438 grad_norm=14.8884 tensors_with_grad=69/72
[train] step 126: T=653 positions=16 loss=0.9214 ce=1.5725 tv=0.3695 conf=0.5888 grad_norm=15.2293 tensors_with_grad=69/72
[train] step 127: T=554 positions=16 loss=1.8046 ce=2.8898 tv=0.5377 conf=0.8377 grad_norm=9.9514 tensors_with_grad=69/72
[train] step 128: T=672 positions=16 loss=2.4643 ce=3.7784 tv=0.5082 conf=0.7224 grad_norm=13.4222 tensors_with_grad=69/72
[train] step 129: T=609 positions=16 loss=0.6333 ce=1.3560 tv=0.2766 conf=0.7178 grad_norm=7.9717 tensors_with_grad=69/72
[train] step 130: T=571 positions=16 loss=1.2909 ce=1.9562 tv=0.4658 conf=0.9002 grad_norm=10.4098 tensors_with_grad=69/72
[train] step 131: T=561 positions=16 loss=0.8017 ce=1.5004 tv=0.3279 conf=0.5565 grad_norm=8.0087 tensors_with_grad=69/72
[train] step 132: T=531 positions=16 loss=2.2939 ce=3.2918 tv=0.6100 conf=0.5572 grad_norm=14.1132 tensors_with_grad=69/72
[train] step 133: T=591 positions=16 loss=1.7595 ce=2.4247 tv=0.3804 conf=0.5846 grad_norm=15.4730 tensors_with_grad=69/72
[train] step 134: T=560 positions=16 loss=1.5217 ce=2.3727 tv=0.4881 conf=0.5998 grad_norm=7.9655 tensors_with_grad=69/72
[train] step 135: T=626 positions=16 loss=0.7993 ce=1.5843 tv=0.3189 conf=0.7849 grad_norm=8.5280 tensors_with_grad=69/72
[train] step 136: T=1018 positions=16 loss=2.2800 ce=3.5722 tv=0.5150 conf=0.7424 grad_norm=9.7268 tensors_with_grad=69/72
[train] step 137: T=527 positions=16 loss=1.9599 ce=3.7155 tv=0.5887 conf=0.9626 grad_norm=11.2412 tensors_with_grad=69/72
[train] step 138: T=673 positions=16 loss=3.1474 ce=5.7107 tv=0.7035 conf=0.9266 grad_norm=27.0408 tensors_with_grad=69/72
[train] step 139: T=936 positions=16 loss=1.6129 ce=2.7803 tv=0.4609 conf=0.7281 grad_norm=11.5694 tensors_with_grad=69/72
[train] step 140: T=593 positions=16 loss=1.5245 ce=2.6321 tv=0.4826 conf=0.8863 grad_norm=14.6293 tensors_with_grad=69/72
[train] step 141: T=531 positions=16 loss=1.3760 ce=2.2406 tv=0.5247 conf=0.7432 grad_norm=7.8290 tensors_with_grad=69/72
[train] step 142: T=540 positions=16 loss=0.3796 ce=0.8497 tv=0.2473 conf=0.5350 grad_norm=3.1515 tensors_with_grad=69/72
[train] step 143: T=543 positions=16 loss=0.5880 ce=0.9305 tv=0.2301 conf=0.4773 grad_norm=3.1627 tensors_with_grad=69/72
[train] step 144: T=573 positions=16 loss=0.5517 ce=0.9466 tv=0.1476 conf=0.4857 grad_norm=7.0517 tensors_with_grad=69/72
[train] step 145: T=535 positions=16 loss=0.7575 ce=1.2451 tv=0.2933 conf=0.5939 grad_norm=8.0030 tensors_with_grad=69/72
[train] step 146: T=1001 positions=16 loss=2.6693 ce=4.6590 tv=0.5110 conf=0.6847 grad_norm=13.5752 tensors_with_grad=69/72
[train] step 147: T=620 positions=16 loss=0.5594 ce=1.5029 tv=0.3723 conf=1.0376 grad_norm=7.0364 tensors_with_grad=69/72
[train] step 148: T=630 positions=16 loss=1.1976 ce=1.8823 tv=0.5279 conf=0.9500 grad_norm=13.2110 tensors_with_grad=69/72
[train] step 149: T=1178 positions=16 loss=3.4765 ce=5.0376 tv=0.6298 conf=0.6476 grad_norm=14.9268 tensors_with_grad=69/72
[train] step 150: T=614 positions=16 loss=0.9054 ce=1.4942 tv=0.3925 conf=0.7458 grad_norm=8.1375 tensors_with_grad=69/72
[train] step 151: T=676 positions=16 loss=0.8096 ce=1.3871 tv=0.2413 conf=0.5081 grad_norm=9.8064 tensors_with_grad=69/72
[train] step 152: T=677 positions=16 loss=1.8464 ce=3.1330 tv=0.5157 conf=0.7776 grad_norm=19.6550 tensors_with_grad=69/72
[train] step 153: T=538 positions=16 loss=0.6209 ce=0.8745 tv=0.2544 conf=0.5222 grad_norm=5.0304 tensors_with_grad=69/72
[train] step 154: T=544 positions=16 loss=0.8259 ce=1.0691 tv=0.3361 conf=0.7408 grad_norm=10.6989 tensors_with_grad=69/72
[train] step 155: T=539 positions=16 loss=1.0755 ce=1.7133 tv=0.3352 conf=0.7419 grad_norm=5.5533 tensors_with_grad=69/72
[train] step 156: T=541 positions=16 loss=0.7603 ce=1.5357 tv=0.4180 conf=1.1726 grad_norm=10.5641 tensors_with_grad=69/72
[train] step 157: T=902 positions=16 loss=2.2966 ce=3.1820 tv=0.5385 conf=0.7055 grad_norm=12.7193 tensors_with_grad=69/72
[train] step 158: T=648 positions=16 loss=0.4906 ce=0.8735 tv=0.2351 conf=0.8235 grad_norm=7.5358 tensors_with_grad=69/72
[train] step 159: T=672 positions=16 loss=2.5980 ce=3.6398 tv=0.6159 conf=0.6380 grad_norm=10.7681 tensors_with_grad=69/72
[train] step 160: T=1629 positions=16 loss=3.0053 ce=4.0605 tv=0.5302 conf=0.4915 grad_norm=13.7703 tensors_with_grad=69/72
[train] step 161: T=594 positions=16 loss=0.7618 ce=1.6981 tv=0.2912 conf=0.5943 grad_norm=5.5865 tensors_with_grad=69/72
[train] step 162: T=672 positions=16 loss=2.0866 ce=3.3538 tv=0.6307 conf=0.9399 grad_norm=13.0923 tensors_with_grad=69/72
[train] step 163: T=538 positions=16 loss=1.0606 ce=1.7968 tv=0.3569 conf=0.9528 grad_norm=10.9374 tensors_with_grad=69/72
[train] step 164: T=563 positions=16 loss=1.7391 ce=2.8787 tv=0.4828 conf=0.6786 grad_norm=9.2976 tensors_with_grad=69/72
[train] step 165: T=555 positions=16 loss=0.8061 ce=1.1665 tv=0.2744 conf=0.5012 grad_norm=10.0670 tensors_with_grad=69/72
[train] step 166: T=539 positions=16 loss=0.8234 ce=1.5577 tv=0.2936 conf=0.7513 grad_norm=7.7498 tensors_with_grad=69/72
[train] step 167: T=528 positions=16 loss=2.1833 ce=3.1322 tv=0.6107 conf=0.7626 grad_norm=11.2150 tensors_with_grad=69/72
[train] step 168: T=568 positions=16 loss=0.7833 ce=1.1016 tv=0.2332 conf=0.3513 grad_norm=6.3602 tensors_with_grad=69/72
[train] step 169: T=638 positions=16 loss=0.6228 ce=0.9276 tv=0.1745 conf=0.5870 grad_norm=6.2155 tensors_with_grad=69/72
[train] step 170: T=541 positions=16 loss=0.2541 ce=0.5149 tv=0.1314 conf=0.6383 grad_norm=4.3619 tensors_with_grad=69/72
[train] step 171: T=546 positions=16 loss=1.9706 ce=2.8328 tv=0.5704 conf=0.6669 grad_norm=12.1793 tensors_with_grad=69/72
[train] step 172: T=960 positions=16 loss=1.9845 ce=2.9999 tv=0.5362 conf=0.5969 grad_norm=7.8280 tensors_with_grad=69/72
[train] step 173: T=645 positions=16 loss=1.6961 ce=2.6133 tv=0.5420 conf=0.6648 grad_norm=9.5248 tensors_with_grad=69/72
[train] step 174: T=595 positions=16 loss=1.1994 ce=1.9202 tv=0.4157 conf=0.7774 grad_norm=10.0927 tensors_with_grad=69/72
[train] step 175: T=535 positions=16 loss=0.7642 ce=1.3692 tv=0.3434 conf=0.7152 grad_norm=11.9347 tensors_with_grad=69/72
[train] step 176: T=672 positions=16 loss=2.3187 ce=3.1279 tv=0.6179 conf=0.5863 grad_norm=11.3497 tensors_with_grad=69/72
[train] step 177: T=526 positions=16 loss=2.6555 ce=4.2967 tv=0.7105 conf=1.2117 grad_norm=13.6203 tensors_with_grad=69/72
[train] step 178: T=588 positions=16 loss=1.1656 ce=1.9042 tv=0.2648 conf=0.5636 grad_norm=7.4769 tensors_with_grad=69/72
[train] step 179: T=634 positions=16 loss=2.4333 ce=3.6316 tv=0.6059 conf=0.7832 grad_norm=9.1046 tensors_with_grad=69/72
[train] step 180: T=608 positions=16 loss=0.4847 ce=0.8908 tv=0.2300 conf=0.5917 grad_norm=5.9990 tensors_with_grad=69/72
[train] step 181: T=675 positions=16 loss=1.9993 ce=2.9333 tv=0.5877 conf=1.0128 grad_norm=8.9204 tensors_with_grad=69/72
[train] step 182: T=667 positions=16 loss=4.4136 ce=6.2820 tv=0.6639 conf=0.8419 grad_norm=53.8581 tensors_with_grad=69/72
[train] step 183: T=576 positions=16 loss=1.1734 ce=1.8364 tv=0.2789 conf=0.4448 grad_norm=9.1623 tensors_with_grad=69/72
[train] step 184: T=534 positions=16 loss=1.3420 ce=2.2329 tv=0.3935 conf=1.0406 grad_norm=9.3695 tensors_with_grad=69/72
[train] step 185: T=543 positions=16 loss=1.2026 ce=1.8718 tv=0.3543 conf=0.5681 grad_norm=14.8554 tensors_with_grad=69/72
[train] step 186: T=524 positions=16 loss=1.5271 ce=2.4263 tv=0.5250 conf=0.7196 grad_norm=14.6351 tensors_with_grad=69/72
[train] step 187: T=674 positions=16 loss=1.0808 ce=2.0192 tv=0.4009 conf=0.7472 grad_norm=20.5933 tensors_with_grad=69/72
[train] step 188: T=542 positions=16 loss=0.7988 ce=1.2150 tv=0.3190 conf=0.4861 grad_norm=6.2873 tensors_with_grad=69/72
[train] step 189: T=672 positions=16 loss=1.6164 ce=2.4331 tv=0.4744 conf=0.9512 grad_norm=13.9298 tensors_with_grad=69/72
[train] step 190: T=528 positions=16 loss=1.2134 ce=1.8496 tv=0.3900 conf=1.1540 grad_norm=11.2729 tensors_with_grad=69/72
[train] step 191: T=542 positions=16 loss=0.6143 ce=1.2575 tv=0.2360 conf=0.5476 grad_norm=8.0761 tensors_with_grad=69/72
[train] step 192: T=584 positions=16 loss=2.4478 ce=3.7431 tv=0.6286 conf=0.7910 grad_norm=70.7413 tensors_with_grad=69/72
[train] step 193: T=650 positions=16 loss=1.8995 ce=2.7509 tv=0.5378 conf=0.6710 grad_norm=17.6432 tensors_with_grad=69/72
[train] step 194: T=1710 positions=16 loss=2.9746 ce=4.5499 tv=0.4926 conf=0.6809 grad_norm=20.0104 tensors_with_grad=69/72
[train] step 195: T=672 positions=16 loss=1.7117 ce=3.0459 tv=0.4823 conf=0.9123 grad_norm=11.5368 tensors_with_grad=69/72
[train] step 196: T=534 positions=16 loss=1.2840 ce=2.0777 tv=0.4633 conf=0.7944 grad_norm=9.7642 tensors_with_grad=69/72
[train] step 197: T=541 positions=16 loss=1.1917 ce=2.7228 tv=0.3368 conf=0.8078 grad_norm=5.5055 tensors_with_grad=69/72
[train] step 198: T=915 positions=16 loss=1.8956 ce=2.8933 tv=0.4312 conf=0.8359 grad_norm=6.0342 tensors_with_grad=69/72
[train] step 199: T=1176 positions=16 loss=1.8814 ce=2.5170 tv=0.4266 conf=0.6444 grad_norm=8.7136 tensors_with_grad=69/72
[train] step 200: T=621 positions=16 loss=1.8726 ce=2.6903 tv=0.6186 conf=1.0047 grad_norm=9.0523 tensors_with_grad=69/72
[train] step 201: T=672 positions=16 loss=2.5828 ce=3.5594 tv=0.5832 conf=0.8744 grad_norm=13.4241 tensors_with_grad=69/72
[train] step 202: T=600 positions=16 loss=0.5511 ce=0.7645 tv=0.2116 conf=0.5072 grad_norm=10.8259 tensors_with_grad=69/72
[train] step 203: T=537 positions=16 loss=0.9893 ce=1.5760 tv=0.4091 conf=0.8586 grad_norm=9.3860 tensors_with_grad=69/72
[train] step 204: T=540 positions=16 loss=2.9774 ce=4.6590 tv=0.6357 conf=1.0093 grad_norm=18.7114 tensors_with_grad=69/72
[train] step 205: T=538 positions=16 loss=0.3735 ce=0.4852 tv=0.1895 conf=0.5596 grad_norm=4.5574 tensors_with_grad=69/72
[train] step 206: T=543 positions=16 loss=0.2684 ce=0.5581 tv=0.1367 conf=0.5028 grad_norm=2.2460 tensors_with_grad=69/72
[train] step 207: T=532 positions=16 loss=1.2678 ce=2.0952 tv=0.4105 conf=0.8652 grad_norm=11.9492 tensors_with_grad=69/72
[train] step 208: T=672 positions=16 loss=1.4169 ce=2.0640 tv=0.4711 conf=1.0543 grad_norm=8.1613 tensors_with_grad=69/72
[train] step 209: T=621 positions=16 loss=0.7550 ce=2.2037 tv=0.3257 conf=0.7616 grad_norm=9.3828 tensors_with_grad=69/72
[train] step 210: T=678 positions=16 loss=1.2032 ce=1.9649 tv=0.3658 conf=1.5302 grad_norm=10.2006 tensors_with_grad=69/72
[train] step 211: T=658 positions=16 loss=0.8656 ce=1.4511 tv=0.3408 conf=0.7595 grad_norm=9.4336 tensors_with_grad=69/72
[train] step 212: T=954 positions=16 loss=2.8479 ce=4.1889 tv=0.4964 conf=0.6877 grad_norm=17.3414 tensors_with_grad=69/72
[train] step 213: T=534 positions=16 loss=1.1334 ce=1.7364 tv=0.4112 conf=1.2113 grad_norm=19.2818 tensors_with_grad=69/72
[train] step 214: T=538 positions=16 loss=0.8597 ce=1.4062 tv=0.3277 conf=0.6768 grad_norm=11.2409 tensors_with_grad=69/72
[train] step 215: T=674 positions=16 loss=1.6524 ce=2.3929 tv=0.5049 conf=1.0321 grad_norm=8.8108 tensors_with_grad=69/72
[train] step 216: T=623 positions=16 loss=1.7810 ce=2.5477 tv=0.5371 conf=0.9029 grad_norm=8.3345 tensors_with_grad=69/72
[train] step 217: T=577 positions=16 loss=1.4598 ce=2.1486 tv=0.4072 conf=0.7319 grad_norm=7.6506 tensors_with_grad=69/72
[train] step 218: T=597 positions=16 loss=1.0165 ce=1.7106 tv=0.4070 conf=1.1384 grad_norm=11.7553 tensors_with_grad=69/72
[train] step 219: T=569 positions=16 loss=1.6730 ce=2.5572 tv=0.4867 conf=0.9190 grad_norm=8.0267 tensors_with_grad=69/72
[train] step 220: T=527 positions=16 loss=0.6526 ce=1.0303 tv=0.2543 conf=0.9995 grad_norm=6.6467 tensors_with_grad=69/72
[train] step 221: T=532 positions=16 loss=1.1923 ce=1.7251 tv=0.3632 conf=0.9087 grad_norm=8.3287 tensors_with_grad=69/72
[train] step 222: T=532 positions=16 loss=4.0320 ce=6.0244 tv=0.7023 conf=1.0311 grad_norm=33.9768 tensors_with_grad=69/72
[train] step 223: T=673 positions=16 loss=1.8441 ce=2.6877 tv=0.5558 conf=1.0274 grad_norm=7.9149 tensors_with_grad=69/72
[train] step 224: T=584 positions=16 loss=0.7362 ce=1.3007 tv=0.3020 conf=0.5923 grad_norm=4.5472 tensors_with_grad=69/72
[train] step 225: T=538 positions=16 loss=1.7545 ce=2.7274 tv=0.5319 conf=1.0221 grad_norm=8.2450 tensors_with_grad=69/72
[train] step 226: T=548 positions=16 loss=0.9427 ce=1.5468 tv=0.3351 conf=0.6786 grad_norm=8.5345 tensors_with_grad=69/72
[train] step 227: T=541 positions=16 loss=0.6931 ce=1.0245 tv=0.2137 conf=0.5710 grad_norm=6.0024 tensors_with_grad=69/72
[train] step 228: T=607 positions=16 loss=0.3395 ce=0.5996 tv=0.1306 conf=0.3259 grad_norm=3.3495 tensors_with_grad=69/72
[train] step 229: T=530 positions=16 loss=0.8704 ce=1.2025 tv=0.2593 conf=0.7396 grad_norm=5.4437 tensors_with_grad=69/72
[train] step 230: T=561 positions=16 loss=0.6161 ce=1.0619 tv=0.2301 conf=0.6928 grad_norm=11.3291 tensors_with_grad=69/72
[train] step 231: T=976 positions=16 loss=2.5819 ce=3.0492 tv=0.5095 conf=0.6959 grad_norm=11.8711 tensors_with_grad=69/72
[train] step 232: T=557 positions=16 loss=1.7439 ce=2.6920 tv=0.4961 conf=0.7625 grad_norm=17.5454 tensors_with_grad=69/72
[train] step 233: T=648 positions=16 loss=1.0049 ce=1.3778 tv=0.3700 conf=1.2645 grad_norm=6.6332 tensors_with_grad=69/72
[train] step 234: T=542 positions=16 loss=1.0000 ce=1.3626 tv=0.2356 conf=0.4820 grad_norm=8.5758 tensors_with_grad=69/72
[train] step 235: T=644 positions=16 loss=1.1383 ce=1.6770 tv=0.3974 conf=0.7984 grad_norm=7.9842 tensors_with_grad=69/72
[train] step 236: T=534 positions=16 loss=1.6536 ce=2.5621 tv=0.4856 conf=1.2424 grad_norm=6.2573 tensors_with_grad=69/72
[train] step 237: T=1054 positions=16 loss=1.7443 ce=2.6380 tv=0.4770 conf=0.9713 grad_norm=8.7350 tensors_with_grad=69/72
[train] step 238: T=675 positions=16 loss=1.1054 ce=1.5404 tv=0.3103 conf=0.7022 grad_norm=9.7991 tensors_with_grad=69/72
[train] step 239: T=619 positions=16 loss=2.2094 ce=2.9475 tv=0.4968 conf=1.0712 grad_norm=7.8193 tensors_with_grad=69/72
[train] step 240: T=552 positions=16 loss=3.2809 ce=4.9684 tv=0.6097 conf=0.7009 grad_norm=25.7980 tensors_with_grad=69/72
[train] step 241: T=542 positions=16 loss=1.6239 ce=2.2379 tv=0.4979 conf=0.6997 grad_norm=11.3224 tensors_with_grad=69/72
[train] step 242: T=927 positions=16 loss=1.6234 ce=2.3425 tv=0.4009 conf=1.0366 grad_norm=8.8045 tensors_with_grad=69/72
[train] step 243: T=581 positions=16 loss=0.3844 ce=0.8782 tv=0.1896 conf=1.0090 grad_norm=4.7760 tensors_with_grad=69/72
[train] step 244: T=541 positions=16 loss=1.5654 ce=2.3981 tv=0.4523 conf=1.0596 grad_norm=10.1644 tensors_with_grad=69/72
[train] step 245: T=531 positions=16 loss=2.7472 ce=3.5041 tv=0.6467 conf=0.6831 grad_norm=19.5543 tensors_with_grad=69/72
[train] step 246: T=577 positions=16 loss=0.7826 ce=1.5300 tv=0.3690 conf=1.2156 grad_norm=6.1189 tensors_with_grad=69/72
[train] step 247: T=827 positions=16 loss=2.4939 ce=3.3134 tv=0.5178 conf=1.1253 grad_norm=14.1052 tensors_with_grad=69/72
[train] step 248: T=532 positions=16 loss=0.4950 ce=0.8002 tv=0.3200 conf=1.5864 grad_norm=10.6458 tensors_with_grad=69/72
[train] step 249: T=532 positions=16 loss=0.7298 ce=1.0900 tv=0.3134 conf=1.2426 grad_norm=5.9495 tensors_with_grad=69/72
[train] step 250: T=587 positions=16 loss=0.8274 ce=1.5218 tv=0.3712 conf=0.9976 grad_norm=9.1405 tensors_with_grad=69/72
[train] step 251: T=620 positions=16 loss=0.4965 ce=0.6866 tv=0.2092 conf=0.6267 grad_norm=4.9142 tensors_with_grad=69/72
[train] step 252: T=535 positions=16 loss=2.1549 ce=3.0261 tv=0.5458 conf=0.8582 grad_norm=6.0280 tensors_with_grad=69/72
[train] step 253: T=532 positions=16 loss=2.2162 ce=3.1312 tv=0.4683 conf=0.7747 grad_norm=14.9682 tensors_with_grad=69/72
[train] step 254: T=553 positions=16 loss=0.8420 ce=1.2983 tv=0.2364 conf=0.7636 grad_norm=7.6113 tensors_with_grad=69/72
[train] step 255: T=567 positions=16 loss=0.2617 ce=0.3851 tv=0.1431 conf=0.6525 grad_norm=5.7336 tensors_with_grad=69/72
[train] step 256: T=676 positions=16 loss=0.9688 ce=1.6511 tv=0.3331 conf=1.0870 grad_norm=5.4704 tensors_with_grad=69/72
[train] step 257: T=571 positions=16 loss=2.7164 ce=3.4333 tv=0.5846 conf=0.6513 grad_norm=12.3597 tensors_with_grad=69/72
[train] step 258: T=675 positions=16 loss=0.7654 ce=1.3029 tv=0.2967 conf=0.6430 grad_norm=6.7543 tensors_with_grad=69/72
[train] step 259: T=631 positions=16 loss=0.4758 ce=0.6767 tv=0.2090 conf=0.5609 grad_norm=13.4880 tensors_with_grad=69/72
[train] step 260: T=625 positions=16 loss=0.9340 ce=1.8293 tv=0.3633 conf=0.7573 grad_norm=10.5982 tensors_with_grad=69/72
[train] step 261: T=621 positions=16 loss=1.2204 ce=1.8722 tv=0.4569 conf=0.7654 grad_norm=6.1388 tensors_with_grad=69/72
[train] step 262: T=551 positions=16 loss=1.9690 ce=2.8641 tv=0.4274 conf=0.5961 grad_norm=11.6570 tensors_with_grad=69/72
[train] step 263: T=600 positions=16 loss=2.7327 ce=4.2733 tv=0.5732 conf=0.8230 grad_norm=15.2302 tensors_with_grad=69/72
[train] step 264: T=540 positions=16 loss=0.4608 ce=0.6095 tv=0.1560 conf=0.2009 grad_norm=5.2298 tensors_with_grad=69/72
[train] step 265: T=542 positions=16 loss=0.4014 ce=0.4981 tv=0.1098 conf=0.1486 grad_norm=9.4740 tensors_with_grad=69/72
[train] step 266: T=915 positions=16 loss=2.1796 ce=3.2374 tv=0.3923 conf=1.0462 grad_norm=15.3952 tensors_with_grad=69/72
[train] step 267: T=620 positions=16 loss=2.2703 ce=3.8155 tv=0.5421 conf=1.0389 grad_norm=16.6267 tensors_with_grad=69/72
[train] step 268: T=673 positions=16 loss=1.8573 ce=2.9071 tv=0.4781 conf=0.7750 grad_norm=11.3999 tensors_with_grad=69/72
[train] step 269: T=621 positions=16 loss=0.9617 ce=1.6475 tv=0.3737 conf=0.9146 grad_norm=8.0978 tensors_with_grad=69/72
[train] step 270: T=529 positions=16 loss=1.0729 ce=1.9307 tv=0.3105 conf=1.0545 grad_norm=5.8078 tensors_with_grad=69/72
[train] step 271: T=1196 positions=16 loss=2.6593 ce=3.3762 tv=0.5159 conf=0.6930 grad_norm=14.0319 tensors_with_grad=69/72
[train] step 272: T=1273 positions=16 loss=2.3628 ce=3.4195 tv=0.4713 conf=0.8248 grad_norm=7.6918 tensors_with_grad=69/72
[train] step 273: T=524 positions=16 loss=1.7393 ce=2.8321 tv=0.5302 conf=1.3717 grad_norm=10.4752 tensors_with_grad=69/72
[train] step 274: T=624 positions=16 loss=0.7853 ce=1.5948 tv=0.3202 conf=0.8410 grad_norm=7.1280 tensors_with_grad=69/72
[train] step 275: T=525 positions=16 loss=1.5514 ce=2.5360 tv=0.5092 conf=1.1291 grad_norm=7.2366 tensors_with_grad=69/72
[train] step 276: T=535 positions=16 loss=0.6033 ce=1.1984 tv=0.2504 conf=0.6369 grad_norm=4.8384 tensors_with_grad=69/72
[train] step 277: T=631 positions=16 loss=0.6312 ce=1.2152 tv=0.1953 conf=1.0516 grad_norm=8.3612 tensors_with_grad=69/72
[train] step 278: T=872 positions=16 loss=2.3902 ce=3.7360 tv=0.5479 conf=1.0518 grad_norm=12.5315 tensors_with_grad=69/72
[train] step 279: T=1563 positions=16 loss=2.4106 ce=3.5563 tv=0.4729 conf=1.3971 grad_norm=9.9701 tensors_with_grad=69/72
[train] step 280: T=675 positions=16 loss=1.2652 ce=2.0802 tv=0.4223 conf=1.2340 grad_norm=7.1351 tensors_with_grad=69/72
[train] step 281: T=534 positions=16 loss=0.5170 ce=0.9288 tv=0.1750 conf=1.1113 grad_norm=4.6847 tensors_with_grad=69/72
[train] step 282: T=673 positions=16 loss=1.2297 ce=2.0296 tv=0.3931 conf=1.2089 grad_norm=9.3486 tensors_with_grad=69/72
[train] step 283: T=672 positions=16 loss=2.2005 ce=2.9751 tv=0.5277 conf=0.6855 grad_norm=12.5495 tensors_with_grad=69/72
[train] step 284: T=532 positions=16 loss=2.2496 ce=3.1221 tv=0.5046 conf=0.8212 grad_norm=20.3461 tensors_with_grad=69/72
[train] step 285: T=594 positions=16 loss=0.4247 ce=0.5759 tv=0.1608 conf=0.3998 grad_norm=5.0601 tensors_with_grad=69/72
[train] step 286: T=539 positions=16 loss=0.4451 ce=0.8610 tv=0.2305 conf=0.5494 grad_norm=7.0381 tensors_with_grad=69/72
[train] step 287: T=540 positions=16 loss=0.0971 ce=0.2045 tv=0.0915 conf=0.3780 grad_norm=1.2188 tensors_with_grad=69/72
[train] step 288: T=531 positions=16 loss=1.9769 ce=2.5612 tv=0.5152 conf=1.0852 grad_norm=15.8476 tensors_with_grad=69/72
[train] step 289: T=530 positions=16 loss=0.8912 ce=1.4074 tv=0.3317 conf=1.7003 grad_norm=5.4717 tensors_with_grad=69/72
[train] step 290: T=676 positions=16 loss=0.8158 ce=1.5618 tv=0.3203 conf=0.9646 grad_norm=7.4372 tensors_with_grad=69/72
[train] step 291: T=529 positions=16 loss=1.3209 ce=1.8676 tv=0.3968 conf=1.0693 grad_norm=6.6125 tensors_with_grad=69/72
[train] step 292: T=626 positions=16 loss=0.9026 ce=1.2155 tv=0.3696 conf=1.4876 grad_norm=8.0967 tensors_with_grad=69/72
[train] step 293: T=569 positions=16 loss=3.0376 ce=5.0896 tv=0.5568 conf=1.1584 grad_norm=29.4717 tensors_with_grad=69/72
[train] step 294: T=957 positions=16 loss=3.1509 ce=4.2897 tv=0.6454 conf=2.1119 grad_norm=12.8744 tensors_with_grad=69/72
[train] step 295: T=630 positions=16 loss=0.8786 ce=1.6072 tv=0.3242 conf=1.7561 grad_norm=11.2391 tensors_with_grad=69/72
[train] step 296: T=672 positions=16 loss=2.4621 ce=3.3039 tv=0.6282 conf=1.0090 grad_norm=10.8459 tensors_with_grad=69/72
[train] step 297: T=659 positions=16 loss=0.8014 ce=1.4546 tv=0.3561 conf=1.5102 grad_norm=5.1306 tensors_with_grad=69/72
[train] step 298: T=559 positions=16 loss=0.8235 ce=1.1012 tv=0.2418 conf=0.7693 grad_norm=5.9962 tensors_with_grad=69/72
[train] step 299: T=674 positions=16 loss=1.8578 ce=2.7753 tv=0.5399 conf=1.3898 grad_norm=4.9353 tensors_with_grad=69/72
[train] step 300: T=525 positions=16 loss=1.2114 ce=1.7385 tv=0.3914 conf=1.1061 grad_norm=7.6114 tensors_with_grad=69/72
[train] step 301: T=535 positions=16 loss=0.9596 ce=1.4848 tv=0.3619 conf=1.3449 grad_norm=9.5914 tensors_with_grad=69/72
[train] step 302: T=533 positions=16 loss=1.1715 ce=1.4670 tv=0.3681 conf=1.0734 grad_norm=7.9638 tensors_with_grad=69/72
[train] step 303: T=603 positions=16 loss=1.3465 ce=1.6756 tv=0.3431 conf=1.0113 grad_norm=7.3293 tensors_with_grad=69/72
[train] step 304: T=600 positions=16 loss=0.7184 ce=0.9957 tv=0.2258 conf=0.5942 grad_norm=5.4827 tensors_with_grad=69/72
[train] step 305: T=594 positions=16 loss=0.8220 ce=1.4547 tv=0.3226 conf=1.0087 grad_norm=7.0971 tensors_with_grad=69/72
[train] step 306: T=533 positions=16 loss=1.3786 ce=1.8037 tv=0.4645 conf=1.1482 grad_norm=11.6109 tensors_with_grad=69/72
[train] step 307: T=533 positions=16 loss=1.1643 ce=1.6387 tv=0.2878 conf=1.7055 grad_norm=10.9245 tensors_with_grad=69/72
[train] step 308: T=602 positions=16 loss=1.0531 ce=2.0322 tv=0.1998 conf=1.0198 grad_norm=9.5714 tensors_with_grad=69/72
[train] step 309: T=647 positions=16 loss=0.4423 ce=0.5909 tv=0.1544 conf=0.4520 grad_norm=4.1402 tensors_with_grad=69/72
[train] step 310: T=576 positions=16 loss=0.8119 ce=1.1592 tv=0.2255 conf=0.6774 grad_norm=9.2710 tensors_with_grad=69/72
[train] step 311: T=531 positions=16 loss=1.0798 ce=1.4353 tv=0.2837 conf=0.7293 grad_norm=7.8405 tensors_with_grad=69/72
[train] step 312: T=643 positions=16 loss=1.0604 ce=1.7764 tv=0.3060 conf=1.1101 grad_norm=18.2009 tensors_with_grad=69/72
[train] step 313: T=1335 positions=16 loss=2.4174 ce=3.3480 tv=0.4717 conf=1.1564 grad_norm=10.2538 tensors_with_grad=69/72
[train] step 314: T=538 positions=16 loss=0.7103 ce=1.1770 tv=0.2301 conf=1.1309 grad_norm=6.7237 tensors_with_grad=69/72
[train] step 315: T=605 positions=16 loss=0.7566 ce=0.8217 tv=0.1581 conf=0.3390 grad_norm=9.5492 tensors_with_grad=69/72
[train] step 316: T=554 positions=16 loss=1.5292 ce=1.9251 tv=0.3989 conf=0.9581 grad_norm=9.1468 tensors_with_grad=69/72
[train] step 317: T=912 positions=16 loss=1.6951 ce=2.5923 tv=0.3921 conf=1.3545 grad_norm=7.0548 tensors_with_grad=69/72
[train] step 318: T=525 positions=16 loss=1.7535 ce=2.7475 tv=0.5652 conf=1.2799 grad_norm=6.9559 tensors_with_grad=69/72
[train] step 319: T=530 positions=16 loss=1.3436 ce=2.0610 tv=0.3270 conf=0.7841 grad_norm=15.2803 tensors_with_grad=69/72
[train] step 320: T=638 positions=16 loss=1.1405 ce=1.4608 tv=0.4143 conf=0.7168 grad_norm=7.5402 tensors_with_grad=69/72
[train] step 321: T=547 positions=16 loss=1.8104 ce=2.6443 tv=0.5745 conf=1.5865 grad_norm=8.6586 tensors_with_grad=69/72
[train] step 322: T=675 positions=16 loss=1.6404 ce=2.2824 tv=0.4906 conf=1.1239 grad_norm=11.8282 tensors_with_grad=69/72
[train] step 323: T=563 positions=16 loss=1.5998 ce=2.1219 tv=0.4392 conf=1.1785 grad_norm=6.6244 tensors_with_grad=69/72
[train] step 324: T=626 positions=16 loss=1.4217 ce=1.9539 tv=0.4399 conf=1.3656 grad_norm=8.7442 tensors_with_grad=69/72
[train] step 325: T=673 positions=16 loss=1.9825 ce=2.8491 tv=0.4515 conf=0.9810 grad_norm=9.6186 tensors_with_grad=69/72
[train] step 326: T=535 positions=16 loss=0.2164 ce=0.3857 tv=0.1396 conf=0.8464 grad_norm=2.6821 tensors_with_grad=69/72
[train] step 327: T=534 positions=16 loss=0.1875 ce=0.3277 tv=0.1007 conf=0.5556 grad_norm=1.5616 tensors_with_grad=69/72
[train] step 328: T=546 positions=16 loss=1.0299 ce=1.4117 tv=0.2999 conf=1.2603 grad_norm=6.3329 tensors_with_grad=69/72
[train] step 329: T=539 positions=16 loss=0.7435 ce=1.2078 tv=0.3059 conf=1.0795 grad_norm=4.2198 tensors_with_grad=69/72
[train] step 330: T=608 positions=16 loss=1.3185 ce=2.4531 tv=0.3694 conf=1.5260 grad_norm=10.9908 tensors_with_grad=69/72
[train] step 331: T=648 positions=16 loss=0.9611 ce=1.4625 tv=0.3752 conf=0.9264 grad_norm=7.0839 tensors_with_grad=69/72
[train] step 332: T=529 positions=16 loss=0.8954 ce=1.4079 tv=0.3691 conf=2.2558 grad_norm=5.0732 tensors_with_grad=69/72
[train] step 333: T=580 positions=16 loss=1.6663 ce=2.3024 tv=0.4648 conf=0.9199 grad_norm=11.2545 tensors_with_grad=69/72
[train] step 334: T=544 positions=16 loss=1.4040 ce=1.8508 tv=0.3321 conf=1.2206 grad_norm=16.5963 tensors_with_grad=69/72
[train] step 335: T=527 positions=16 loss=1.9416 ce=2.7431 tv=0.5515 conf=1.1764 grad_norm=14.2271 tensors_with_grad=69/72
[train] step 336: T=567 positions=16 loss=1.6127 ce=1.9689 tv=0.3036 conf=0.8953 grad_norm=9.5509 tensors_with_grad=69/72
[train] step 337: T=672 positions=16 loss=1.5141 ce=2.0439 tv=0.4680 conf=1.2646 grad_norm=7.3829 tensors_with_grad=69/72
[train] step 338: T=589 positions=16 loss=1.4592 ce=1.8462 tv=0.4104 conf=1.3160 grad_norm=10.1178 tensors_with_grad=69/72
[train] step 339: T=620 positions=16 loss=1.4988 ce=2.3003 tv=0.4168 conf=1.0723 grad_norm=10.9917 tensors_with_grad=69/72
[train] step 340: T=533 positions=16 loss=0.6318 ce=0.9070 tv=0.2194 conf=1.2635 grad_norm=4.9821 tensors_with_grad=69/72
[train] step 341: T=1060 positions=16 loss=1.9143 ce=2.6036 tv=0.4312 conf=0.7587 grad_norm=10.1795 tensors_with_grad=69/72
[train] step 342: T=538 positions=16 loss=1.1348 ce=1.8213 tv=0.4142 conf=1.6672 grad_norm=8.1277 tensors_with_grad=69/72
[train] step 343: T=529 positions=16 loss=0.3659 ce=0.5774 tv=0.1376 conf=0.9559 grad_norm=3.7354 tensors_with_grad=69/72
[train] step 344: T=635 positions=16 loss=1.5546 ce=2.1133 tv=0.4742 conf=1.3010 grad_norm=6.3652 tensors_with_grad=69/72
[train] step 345: T=628 positions=16 loss=0.6657 ce=1.2158 tv=0.2882 conf=0.6558 grad_norm=7.7571 tensors_with_grad=69/72
[train] step 346: T=538 positions=16 loss=0.8938 ce=1.2491 tv=0.3133 conf=0.8576 grad_norm=7.7959 tensors_with_grad=69/72
[train] step 347: T=574 positions=16 loss=1.2164 ce=1.8266 tv=0.3847 conf=1.6505 grad_norm=13.0723 tensors_with_grad=69/72
[train] step 348: T=595 positions=16 loss=0.8599 ce=1.6621 tv=0.3616 conf=0.8640 grad_norm=6.6339 tensors_with_grad=69/72
[train] step 349: T=640 positions=16 loss=1.3513 ce=2.0405 tv=0.3878 conf=0.7771 grad_norm=6.1854 tensors_with_grad=69/72
[train] step 350: T=588 positions=16 loss=0.4167 ce=0.4805 tv=0.1346 conf=0.5115 grad_norm=10.7901 tensors_with_grad=69/72
[train] step 351: T=533 positions=16 loss=0.7952 ce=1.0101 tv=0.1742 conf=0.5499 grad_norm=3.8828 tensors_with_grad=69/72
[train] step 352: T=675 positions=16 loss=2.3970 ce=3.3967 tv=0.5479 conf=0.7482 grad_norm=12.0661 tensors_with_grad=69/72
[train] step 353: T=532 positions=16 loss=1.0092 ce=1.2486 tv=0.2902 conf=0.5966 grad_norm=4.5308 tensors_with_grad=69/72
[train] step 354: T=586 positions=16 loss=1.8815 ce=2.7525 tv=0.4231 conf=0.7699 grad_norm=22.0287 tensors_with_grad=69/72
[train] step 355: T=1048 positions=16 loss=2.2691 ce=3.0897 tv=0.3996 conf=0.5308 grad_norm=16.7889 tensors_with_grad=69/72
[train] step 356: T=615 positions=16 loss=0.8736 ce=1.3900 tv=0.2947 conf=0.8500 grad_norm=9.1765 tensors_with_grad=69/72
[train] step 357: T=672 positions=16 loss=1.0664 ce=1.6982 tv=0.3408 conf=1.0209 grad_norm=8.6928 tensors_with_grad=69/72
[train] step 358: T=579 positions=16 loss=2.0432 ce=2.5306 tv=0.4524 conf=0.7169 grad_norm=9.7042 tensors_with_grad=69/72
[train] step 359: T=588 positions=16 loss=1.3613 ce=2.0717 tv=0.4354 conf=1.0557 grad_norm=6.8957 tensors_with_grad=69/72
[train] step 360: T=527 positions=16 loss=0.6925 ce=0.8385 tv=0.1652 conf=0.7452 grad_norm=3.7451 tensors_with_grad=69/72
[train] step 361: T=1060 positions=16 loss=2.6826 ce=3.4234 tv=0.5012 conf=0.6918 grad_norm=9.4748 tensors_with_grad=69/72
[train] step 362: T=629 positions=16 loss=1.0146 ce=1.4032 tv=0.3150 conf=0.7607 grad_norm=10.3169 tensors_with_grad=69/72
[train] step 363: T=529 positions=16 loss=1.2736 ce=1.7067 tv=0.3249 conf=0.8074 grad_norm=7.4556 tensors_with_grad=69/72
[train] step 364: T=629 positions=16 loss=0.4790 ce=0.5465 tv=0.1509 conf=0.4669 grad_norm=2.8103 tensors_with_grad=69/72
[train] step 365: T=621 positions=16 loss=0.6253 ce=1.0387 tv=0.2035 conf=0.6578 grad_norm=9.2148 tensors_with_grad=69/72
[train] step 366: T=591 positions=16 loss=0.7116 ce=1.2965 tv=0.2528 conf=0.6293 grad_norm=6.0468 tensors_with_grad=69/72
[train] step 367: T=604 positions=16 loss=0.9015 ce=1.2320 tv=0.2985 conf=0.8428 grad_norm=5.2145 tensors_with_grad=69/72
[train] step 368: T=673 positions=16 loss=0.6093 ce=0.8987 tv=0.1807 conf=1.6865 grad_norm=5.5547 tensors_with_grad=69/72
[train] step 369: T=531 positions=16 loss=1.2750 ce=1.9585 tv=0.4019 conf=0.8701 grad_norm=5.5933 tensors_with_grad=69/72
[train] step 370: T=539 positions=16 loss=0.3088 ce=0.4292 tv=0.1387 conf=0.5708 grad_norm=4.2957 tensors_with_grad=69/72
[train] step 371: T=676 positions=16 loss=1.6384 ce=2.2356 tv=0.4505 conf=1.5078 grad_norm=10.7380 tensors_with_grad=69/72
[train] step 372: T=966 positions=16 loss=3.1268 ce=3.8803 tv=0.5397 conf=0.8532 grad_norm=20.4245 tensors_with_grad=69/72
[train] step 373: T=638 positions=16 loss=0.9899 ce=1.0685 tv=0.2926 conf=1.1183 grad_norm=10.9913 tensors_with_grad=69/72
[train] step 374: T=539 positions=16 loss=1.8474 ce=2.4838 tv=0.4765 conf=0.9462 grad_norm=12.6191 tensors_with_grad=69/72
[train] step 375: T=543 positions=16 loss=0.6231 ce=0.7984 tv=0.2924 conf=1.4902 grad_norm=5.1761 tensors_with_grad=69/72
[train] step 376: T=544 positions=16 loss=0.4805 ce=0.6816 tv=0.2349 conf=1.1606 grad_norm=3.9108 tensors_with_grad=69/72
[train] step 377: T=532 positions=16 loss=0.8702 ce=1.2676 tv=0.2024 conf=0.8936 grad_norm=8.9296 tensors_with_grad=69/72
[train] step 378: T=536 positions=16 loss=0.4736 ce=0.6569 tv=0.1705 conf=1.1566 grad_norm=7.9466 tensors_with_grad=69/72
[train] step 379: T=553 positions=16 loss=1.4314 ce=1.5737 tv=0.3341 conf=1.1299 grad_norm=11.4080 tensors_with_grad=69/72
[train] step 380: T=651 positions=16 loss=1.1917 ce=1.8831 tv=0.4317 conf=0.9735 grad_norm=4.5554 tensors_with_grad=69/72
[train] step 381: T=573 positions=16 loss=3.4273 ce=4.7442 tv=0.6341 conf=0.6985 grad_norm=13.6983 tensors_with_grad=69/72
[train] step 382: T=549 positions=16 loss=1.3496 ce=1.5171 tv=0.3324 conf=0.7748 grad_norm=7.2622 tensors_with_grad=69/72
[train] step 383: T=573 positions=16 loss=0.9606 ce=1.5076 tv=0.3771 conf=1.1086 grad_norm=11.5330 tensors_with_grad=69/72
[train] step 384: T=534 positions=16 loss=1.7112 ce=2.3249 tv=0.5352 conf=1.5659 grad_norm=8.2798 tensors_with_grad=69/72
[train] step 385: T=548 positions=16 loss=1.4278 ce=2.1483 tv=0.3687 conf=0.9186 grad_norm=8.8095 tensors_with_grad=69/72
[train] step 386: T=588 positions=16 loss=1.6648 ce=2.1566 tv=0.3413 conf=1.5513 grad_norm=13.3654 tensors_with_grad=69/72
[train] step 387: T=654 positions=16 loss=1.1390 ce=1.6702 tv=0.4032 conf=1.1444 grad_norm=7.4891 tensors_with_grad=69/72
[train] step 388: T=536 positions=16 loss=1.3074 ce=1.7408 tv=0.3785 conf=1.2727 grad_norm=12.2844 tensors_with_grad=69/72
[train] step 389: T=959 positions=16 loss=2.8045 ce=4.0402 tv=0.5664 conf=1.4590 grad_norm=10.2272 tensors_with_grad=69/72
[train] step 390: T=532 positions=16 loss=0.9308 ce=1.4100 tv=0.2866 conf=1.2216 grad_norm=11.8095 tensors_with_grad=69/72
[train] step 391: T=654 positions=16 loss=1.0714 ce=1.5251 tv=0.4077 conf=1.0243 grad_norm=8.6880 tensors_with_grad=69/72
[train] step 392: T=627 positions=16 loss=0.9505 ce=1.1563 tv=0.2164 conf=1.3854 grad_norm=5.7049 tensors_with_grad=69/72
[train] step 393: T=531 positions=16 loss=0.9194 ce=1.2854 tv=0.3670 conf=1.2202 grad_norm=9.2988 tensors_with_grad=69/72
[train] step 394: T=614 positions=16 loss=0.6508 ce=0.9408 tv=0.3605 conf=1.3812 grad_norm=17.5507 tensors_with_grad=69/72
[train] step 395: T=530 positions=16 loss=2.0312 ce=2.5289 tv=0.4809 conf=0.8900 grad_norm=9.3378 tensors_with_grad=69/72
[train] step 396: T=545 positions=16 loss=1.2446 ce=1.4951 tv=0.3373 conf=1.2583 grad_norm=15.1867 tensors_with_grad=69/72
[train] step 397: T=605 positions=16 loss=1.0721 ce=1.7652 tv=0.3359 conf=0.9120 grad_norm=9.0208 tensors_with_grad=69/72
[train] step 398: T=529 positions=16 loss=1.6539 ce=2.6698 tv=0.4733 conf=1.2560 grad_norm=8.3989 tensors_with_grad=69/72
[train] step 399: T=1075 positions=16 loss=2.0206 ce=2.6663 tv=0.3371 conf=0.9106 grad_norm=12.4829 tensors_with_grad=69/72
[train] step 400: T=1443 positions=16 loss=2.7746 ce=4.1162 tv=0.5183 conf=1.1609 grad_norm=10.8367 tensors_with_grad=69/72
[train] step 401: T=535 positions=16 loss=2.2475 ce=3.0217 tv=0.5898 conf=1.3303 grad_norm=13.4350 tensors_with_grad=69/72
[train] step 402: T=594 positions=16 loss=0.5012 ce=0.6043 tv=0.2271 conf=0.6286 grad_norm=3.9529 tensors_with_grad=69/72
[train] step 403: T=886 positions=16 loss=2.4910 ce=3.2107 tv=0.3948 conf=0.8602 grad_norm=9.5128 tensors_with_grad=69/72
[train] step 404: T=532 positions=16 loss=1.4096 ce=1.9644 tv=0.4145 conf=1.2677 grad_norm=6.4164 tensors_with_grad=69/72
[train] step 405: T=560 positions=16 loss=1.1225 ce=1.6707 tv=0.3351 conf=2.0053 grad_norm=5.7891 tensors_with_grad=69/72
[train] step 406: T=597 positions=16 loss=1.5981 ce=2.0923 tv=0.3782 conf=1.2628 grad_norm=13.0699 tensors_with_grad=69/72
[train] step 407: T=536 positions=16 loss=0.2958 ce=0.2203 tv=0.1272 conf=0.5441 grad_norm=4.9159 tensors_with_grad=69/72
[train] step 408: T=578 positions=16 loss=0.3582 ce=0.5337 tv=0.2181 conf=4.2877 grad_norm=6.3813 tensors_with_grad=69/72
[train] step 409: T=675 positions=16 loss=0.6854 ce=1.0444 tv=0.2559 conf=1.2406 grad_norm=5.4062 tensors_with_grad=69/72
[train] step 410: T=672 positions=16 loss=2.2082 ce=2.9493 tv=0.5668 conf=1.5797 grad_norm=8.9791 tensors_with_grad=69/72
[train] step 411: T=529 positions=16 loss=0.7152 ce=0.9189 tv=0.2740 conf=1.7970 grad_norm=8.6639 tensors_with_grad=69/72
[train] step 412: T=676 positions=16 loss=0.5963 ce=0.9017 tv=0.3161 conf=2.0033 grad_norm=7.1325 tensors_with_grad=69/72
[train] step 413: T=555 positions=16 loss=0.9417 ce=1.1062 tv=0.2069 conf=0.8235 grad_norm=15.4349 tensors_with_grad=69/72
[train] step 414: T=1244 positions=16 loss=2.7129 ce=3.5907 tv=0.4318 conf=1.4565 grad_norm=9.1703 tensors_with_grad=69/72
[train] step 415: T=549 positions=16 loss=2.1591 ce=2.4031 tv=0.5413 conf=1.7798 grad_norm=8.9433 tensors_with_grad=69/72
[train] step 416: T=599 positions=16 loss=0.7433 ce=1.2983 tv=0.3344 conf=1.7306 grad_norm=6.9266 tensors_with_grad=69/72
[train] step 417: T=526 positions=16 loss=1.0587 ce=1.6892 tv=0.3420 conf=1.0386 grad_norm=13.6170 tensors_with_grad=69/72
[train] step 418: T=576 positions=16 loss=2.5465 ce=3.0853 tv=0.5283 conf=1.8220 grad_norm=9.2751 tensors_with_grad=69/72
[train] step 419: T=542 positions=16 loss=0.8248 ce=1.3677 tv=0.2872 conf=1.2879 grad_norm=7.3573 tensors_with_grad=69/72
[train] step 420: T=537 positions=16 loss=0.1296 ce=0.1785 tv=0.0853 conf=0.6969 grad_norm=3.4424 tensors_with_grad=69/72
[train] step 421: T=536 positions=16 loss=0.3349 ce=0.6298 tv=0.1606 conf=0.8880 grad_norm=4.0615 tensors_with_grad=69/72
[train] step 422: T=543 positions=16 loss=0.4212 ce=0.6993 tv=0.1556 conf=0.5086 grad_norm=5.1359 tensors_with_grad=69/72
[train] step 423: T=573 positions=16 loss=1.9624 ce=2.3963 tv=0.4206 conf=0.8345 grad_norm=10.5645 tensors_with_grad=69/72
[train] step 424: T=928 positions=16 loss=1.5503 ce=2.3691 tv=0.3926 conf=1.1192 grad_norm=8.6586 tensors_with_grad=69/72
[train] step 425: T=979 positions=16 loss=2.9341 ce=3.5311 tv=0.5227 conf=1.3450 grad_norm=12.6029 tensors_with_grad=69/72
[train] step 426: T=542 positions=16 loss=0.3036 ce=0.5700 tv=0.1691 conf=1.0733 grad_norm=3.6522 tensors_with_grad=69/72
[train] step 427: T=525 positions=16 loss=1.1038 ce=1.2524 tv=0.3243 conf=1.0624 grad_norm=14.8581 tensors_with_grad=69/72
[train] step 428: T=1286 positions=16 loss=1.6274 ce=2.3762 tv=0.4004 conf=1.1632 grad_norm=5.0639 tensors_with_grad=69/72
[train] step 429: T=538 positions=16 loss=0.3227 ce=0.3528 tv=0.1578 conf=0.5519 grad_norm=4.6440 tensors_with_grad=69/72
[train] step 430: T=541 positions=16 loss=1.4166 ce=2.2867 tv=0.3467 conf=1.1330 grad_norm=11.9200 tensors_with_grad=69/72
[train] step 431: T=537 positions=16 loss=1.2796 ce=1.7690 tv=0.3966 conf=1.2026 grad_norm=13.2562 tensors_with_grad=69/72
[train] step 432: T=550 positions=16 loss=0.7637 ce=0.8715 tv=0.2777 conf=0.7000 grad_norm=10.4425 tensors_with_grad=69/72
[train] step 433: T=568 positions=16 loss=1.6874 ce=3.1466 tv=0.3990 conf=1.5949 grad_norm=18.2333 tensors_with_grad=69/72
[train] step 434: T=524 positions=16 loss=2.3186 ce=2.8289 tv=0.5668 conf=0.7934 grad_norm=10.1550 tensors_with_grad=69/72
[train] step 435: T=601 positions=16 loss=0.4297 ce=0.6763 tv=0.1751 conf=0.8746 grad_norm=8.1311 tensors_with_grad=69/72
[train] step 436: T=530 positions=16 loss=0.8938 ce=1.2369 tv=0.2883 conf=1.2242 grad_norm=10.6912 tensors_with_grad=69/72
[train] step 437: T=525 positions=16 loss=0.9838 ce=1.5440 tv=0.3513 conf=1.1083 grad_norm=6.1816 tensors_with_grad=69/72
[train] step 438: T=526 positions=16 loss=2.0336 ce=2.5432 tv=0.5292 conf=1.1712 grad_norm=13.1171 tensors_with_grad=69/72
[train] step 439: T=584 positions=16 loss=0.4475 ce=0.6105 tv=0.1533 conf=0.5551 grad_norm=3.2328 tensors_with_grad=69/72
[train] step 440: T=1681 positions=16 loss=3.1135 ce=4.0258 tv=0.4826 conf=1.7226 grad_norm=14.1444 tensors_with_grad=69/72
[train] step 441: T=532 positions=16 loss=0.9821 ce=1.4141 tv=0.2856 conf=0.8994 grad_norm=4.5611 tensors_with_grad=69/72
[train] step 442: T=535 positions=16 loss=0.9196 ce=1.3295 tv=0.2435 conf=0.7824 grad_norm=7.8833 tensors_with_grad=69/72
[train] step 443: T=1305 positions=16 loss=3.3339 ce=4.1585 tv=0.5325 conf=0.8264 grad_norm=14.3739 tensors_with_grad=69/72
[train] step 444: T=545 positions=16 loss=0.9973 ce=1.2670 tv=0.3212 conf=0.7237 grad_norm=18.3551 tensors_with_grad=69/72
[train] step 445: T=537 positions=16 loss=1.0465 ce=1.4736 tv=0.3051 conf=0.9414 grad_norm=6.3529 tensors_with_grad=69/72
[train] step 446: T=963 positions=16 loss=2.4651 ce=3.1760 tv=0.3861 conf=1.1251 grad_norm=10.7433 tensors_with_grad=69/72
[train] step 447: T=539 positions=16 loss=0.6485 ce=0.8245 tv=0.1957 conf=1.2834 grad_norm=4.2934 tensors_with_grad=69/72
[train] step 448: T=653 positions=16 loss=2.4184 ce=3.1557 tv=0.5988 conf=2.3711 grad_norm=8.7897 tensors_with_grad=69/72
[train] step 449: T=528 positions=16 loss=0.9305 ce=1.0948 tv=0.2587 conf=0.6745 grad_norm=12.4660 tensors_with_grad=69/72
[train] step 450: T=599 positions=16 loss=1.4706 ce=1.8920 tv=0.3937 conf=0.8043 grad_norm=13.0297 tensors_with_grad=69/72
[train] step 451: T=543 positions=16 loss=0.7747 ce=1.0147 tv=0.2354 conf=0.9233 grad_norm=8.1266 tensors_with_grad=69/72
[train] step 452: T=532 positions=16 loss=1.0883 ce=1.4433 tv=0.2492 conf=0.9586 grad_norm=6.6275 tensors_with_grad=69/72
[train] step 453: T=1026 positions=16 loss=2.6752 ce=3.2528 tv=0.5692 conf=1.6719 grad_norm=11.5717 tensors_with_grad=69/72
[train] step 454: T=577 positions=16 loss=1.1728 ce=1.5914 tv=0.4077 conf=1.1947 grad_norm=6.1785 tensors_with_grad=69/72
[train] step 455: T=1744 positions=16 loss=3.1970 ce=4.1774 tv=0.5586 conf=1.6481 grad_norm=13.1858 tensors_with_grad=69/72
[train] step 456: T=643 positions=16 loss=0.4862 ce=0.6209 tv=0.1688 conf=0.6053 grad_norm=3.1545 tensors_with_grad=69/72
[train] step 457: T=678 positions=16 loss=1.3226 ce=1.8943 tv=0.4119 conf=2.0990 grad_norm=5.8820 tensors_with_grad=69/72
[train] step 458: T=534 positions=16 loss=1.7935 ce=2.4146 tv=0.4740 conf=2.0458 grad_norm=6.3595 tensors_with_grad=69/72
[train] step 459: T=561 positions=16 loss=0.6562 ce=0.8686 tv=0.2115 conf=2.3336 grad_norm=8.8366 tensors_with_grad=69/72
[train] step 460: T=529 positions=16 loss=1.1949 ce=1.6530 tv=0.4186 conf=1.1000 grad_norm=5.8046 tensors_with_grad=69/72
[train] step 461: T=618 positions=16 loss=0.3743 ce=0.5244 tv=0.1225 conf=0.5545 grad_norm=4.9933 tensors_with_grad=69/72
[train] step 462: T=592 positions=16 loss=1.4764 ce=1.9306 tv=0.3986 conf=1.4280 grad_norm=8.2015 tensors_with_grad=69/72
[train] step 463: T=538 positions=16 loss=0.7377 ce=0.8386 tv=0.2402 conf=1.4563 grad_norm=15.5447 tensors_with_grad=69/72
[train] step 464: T=524 positions=16 loss=1.2146 ce=1.5167 tv=0.3943 conf=1.3520 grad_norm=6.3148 tensors_with_grad=69/72
[train] step 465: T=639 positions=16 loss=0.9780 ce=1.9946 tv=0.2881 conf=1.1922 grad_norm=6.1989 tensors_with_grad=69/72
[train] step 466: T=574 positions=16 loss=0.3582 ce=0.8604 tv=0.2281 conf=1.2224 grad_norm=7.6175 tensors_with_grad=69/72
[train] step 467: T=595 positions=16 loss=0.5249 ce=0.6685 tv=0.1645 conf=0.8684 grad_norm=5.8142 tensors_with_grad=69/72
[train] step 468: T=529 positions=16 loss=1.6327 ce=2.2036 tv=0.3472 conf=1.5299 grad_norm=9.0147 tensors_with_grad=69/72
[train] step 469: T=530 positions=16 loss=1.3752 ce=1.9351 tv=0.3261 conf=0.9326 grad_norm=9.2702 tensors_with_grad=69/72
[train] step 470: T=526 positions=16 loss=1.4809 ce=1.8221 tv=0.4393 conf=0.7430 grad_norm=7.2118 tensors_with_grad=69/72
[train] step 471: T=541 positions=16 loss=1.7005 ce=2.5918 tv=0.3067 conf=1.1660 grad_norm=26.2007 tensors_with_grad=69/72
[train] step 472: T=672 positions=16 loss=1.5396 ce=2.0816 tv=0.3556 conf=0.9384 grad_norm=6.0291 tensors_with_grad=69/72
[train] step 473: T=1079 positions=16 loss=2.2752 ce=2.9593 tv=0.4211 conf=1.7509 grad_norm=8.7147 tensors_with_grad=69/72
[train] step 474: T=529 positions=16 loss=1.1605 ce=1.5882 tv=0.3759 conf=1.5456 grad_norm=4.9962 tensors_with_grad=69/72
[train] step 475: T=544 positions=16 loss=0.7318 ce=1.0802 tv=0.2967 conf=1.5120 grad_norm=3.5111 tensors_with_grad=69/72
[train] step 476: T=1567 positions=16 loss=2.3669 ce=3.0594 tv=0.4119 conf=1.2986 grad_norm=6.3653 tensors_with_grad=69/72
[train] step 477: T=533 positions=16 loss=1.9068 ce=2.4287 tv=0.5371 conf=1.8442 grad_norm=13.6073 tensors_with_grad=69/72
[train] step 478: T=1190 positions=16 loss=2.9364 ce=3.6626 tv=0.4487 conf=1.3144 grad_norm=8.4359 tensors_with_grad=69/72
[train] step 479: T=541 positions=16 loss=0.2823 ce=0.3314 tv=0.0911 conf=0.2506 grad_norm=1.7705 tensors_with_grad=69/72
[train] step 480: T=1679 positions=16 loss=2.9211 ce=3.6763 tv=0.4870 conf=3.1808 grad_norm=10.7059 tensors_with_grad=69/72
[train] step 481: T=526 positions=16 loss=1.2266 ce=1.9105 tv=0.4734 conf=2.1575 grad_norm=4.9245 tensors_with_grad=69/72
[train] step 482: T=636 positions=16 loss=1.4919 ce=1.7229 tv=0.4583 conf=1.8357 grad_norm=12.4512 tensors_with_grad=69/72
[train] step 483: T=545 positions=16 loss=1.3188 ce=1.6028 tv=0.3083 conf=0.4740 grad_norm=8.1981 tensors_with_grad=69/72
[train] step 484: T=531 positions=16 loss=0.8666 ce=1.2417 tv=0.2765 conf=0.9673 grad_norm=5.4043 tensors_with_grad=69/72
[train] step 485: T=528 positions=16 loss=0.6263 ce=0.9578 tv=0.2246 conf=1.2744 grad_norm=5.0442 tensors_with_grad=69/72
[train] step 486: T=605 positions=16 loss=1.7892 ce=2.3498 tv=0.3801 conf=1.1199 grad_norm=11.5460 tensors_with_grad=69/72
[train] step 487: T=527 positions=16 loss=0.8119 ce=1.3112 tv=0.1942 conf=0.8686 grad_norm=3.5393 tensors_with_grad=69/72
[train] step 488: T=545 positions=16 loss=0.3322 ce=0.5185 tv=0.1261 conf=0.5859 grad_norm=1.7531 tensors_with_grad=69/72
[train] step 489: T=595 positions=16 loss=1.3935 ce=1.9416 tv=0.4443 conf=1.2903 grad_norm=8.5701 tensors_with_grad=69/72
[train] step 490: T=525 positions=16 loss=1.4487 ce=1.7530 tv=0.4245 conf=0.7309 grad_norm=8.8820 tensors_with_grad=69/72
[diag] draft-argmax == TARGET-argmax : 60.6%  | == ground-truth token: 60.2%
[diag] mean top-1 prob  target 0.842  draft 0.708   (TV near 1 with a PEAKED draft => misalignment; with a FLAT draft => genuine)
[train] saved 72 trained tensors -> /cap/auto-ace0p3/c0/trained/mtp_trained.safetensors
[train] saved AdamW state -> /cap/auto-ace0p3/c0/trained/opt_state.pt (needed for --resume to be equivalent to one continuous run)
[train] metrics -> /cap/auto-ace0p3/c0/train_metrics.json  (loss 2.9311 -> 1.4487, tail mean 1.3851)
[train] TRAIN OK
