[train] device=cuda torch=2.10.0
  loading model-00046-of-00048.safetensors ...
  loading model-00047-of-00048.safetensors ...
  loading model-00048-of-00048.safetensors ...
  dequantised 1512 tensors, 12.60 B params, 23.5 GiB bf16
[train] weights ready in 9.5s
[train] trainable 517.3 M in 72 tensors | frozen experts 12.08 B
[train] capture: 490 sample(s)
[Gloo] Rank 0 is connected to 0 peer ranks. Expected number of connected peer ranks is : 0
[train] ModelArgs: n_mtp=3 block=5 taps=[40, 41, 42] markov_rank=256
[train] built 3 DSparkBlock(s) on meta
[train] re-materialised freqs_cis on 3 attention module(s) (persistent=False buffers are NOT in state_dict and to_empty() zapped them)
[train] load_state_dict: 0 missing, 0 unexpected
[train] GATE1 model construction OK
[train] aux: embed.weight(129280, 4096), head.weight(129280, 4096)
[train] trainable tensors in graph: 72 / 517.3 M
[train] resumed 72/72 trained tensors from /cap/auto-ace0p5/c1/trained/mtp_trained.safetensors
[train] resumed AdamW state: 69/72 tensors carry moments (3 never received a gradient, expected), indices aligned
[train] P2.5 anchor: frozen copy of 3 block(s), beta=0.1
[train] lr schedule: linear warmup 73 step(s) -> cosine over 1472 session step(s), peak 5e-05; this chunk is steps 982..1471
/work/train/train_head.py:115: UserWarning: Converting a tensor with requires_grad=True to a scalar may lead to unexpected behavior.
Consider using tensor.detach() first. (Triggered internally at /opt/pytorch/torch/csrc/autograd/generated/python_variable_methods.cpp:836.)
  parts = {"ce": float((w * ce).sum()), "tv": float((w * tv).sum()), "conf": 0.0}
[train] step 0: T=527 positions=16 loss=1.1723 ce=1.4882 tv=0.3915 conf=2.2558 grad_norm=5.7272 tensors_with_grad=69/72
[train] step 1: T=616 positions=16 loss=1.5478 ce=1.7063 tv=0.3571 conf=2.6194 grad_norm=10.0571 tensors_with_grad=69/72
[train] step 2: T=533 positions=16 loss=1.1562 ce=1.5283 tv=0.3328 conf=1.4104 grad_norm=11.4355 tensors_with_grad=69/72
[train] step 3: T=626 positions=16 loss=0.6650 ce=0.7450 tv=0.2242 conf=1.7538 grad_norm=8.0169 tensors_with_grad=69/72
[train] step 4: T=638 positions=16 loss=1.5073 ce=1.2330 tv=0.2354 conf=1.9850 grad_norm=24.4536 tensors_with_grad=69/72
[train] step 5: T=535 positions=16 loss=1.0402 ce=1.2218 tv=0.2402 conf=1.5255 grad_norm=11.2124 tensors_with_grad=69/72
[train] step 6: T=1429 positions=16 loss=4.7922 ce=3.3149 tv=0.4658 conf=2.7576 grad_norm=21.2638 tensors_with_grad=69/72
[train] step 7: T=675 positions=16 loss=1.2426 ce=1.1975 tv=0.3167 conf=2.6075 grad_norm=9.6344 tensors_with_grad=69/72
[train] step 8: T=529 positions=16 loss=3.9754 ce=3.0368 tv=0.4738 conf=2.0315 grad_norm=20.3291 tensors_with_grad=69/72
[train] step 9: T=673 positions=16 loss=2.6605 ce=2.2541 tv=0.3972 conf=1.9096 grad_norm=12.1009 tensors_with_grad=69/72
[train] step 10: T=622 positions=16 loss=0.5608 ce=0.6423 tv=0.1873 conf=1.6067 grad_norm=4.2259 tensors_with_grad=69/72
[train] step 11: T=630 positions=16 loss=2.6131 ce=2.0961 tv=0.4217 conf=2.5791 grad_norm=15.2282 tensors_with_grad=69/72
[train] step 12: T=586 positions=16 loss=1.5944 ce=1.5930 tv=0.3909 conf=3.2767 grad_norm=13.6810 tensors_with_grad=69/72
[train] step 13: T=535 positions=16 loss=3.0796 ce=2.5834 tv=0.5433 conf=2.9665 grad_norm=16.9957 tensors_with_grad=69/72
[train] step 14: T=625 positions=16 loss=1.7957 ce=1.8968 tv=0.3420 conf=2.8188 grad_norm=20.9484 tensors_with_grad=69/72
[train] step 15: T=535 positions=16 loss=0.8591 ce=0.8832 tv=0.2479 conf=3.3733 grad_norm=9.6767 tensors_with_grad=69/72
[train] step 16: T=553 positions=16 loss=1.9933 ce=1.5675 tv=0.3446 conf=3.9137 grad_norm=17.4785 tensors_with_grad=69/72
[train] step 17: T=532 positions=16 loss=0.7583 ce=0.6803 tv=0.1946 conf=2.1864 grad_norm=9.1475 tensors_with_grad=69/72
[train] step 18: T=536 positions=16 loss=0.1664 ce=0.2224 tv=0.0913 conf=1.2894 grad_norm=3.9908 tensors_with_grad=69/72
[train] step 19: T=896 positions=16 loss=3.1051 ce=2.3626 tv=0.3839 conf=1.7362 grad_norm=16.0710 tensors_with_grad=69/72
[train] step 20: T=544 positions=16 loss=1.4539 ce=1.4538 tv=0.2642 conf=2.7373 grad_norm=13.7152 tensors_with_grad=69/72
[train] step 21: T=581 positions=16 loss=1.1201 ce=1.3386 tv=0.2856 conf=2.3996 grad_norm=10.4112 tensors_with_grad=69/72
[train] step 22: T=672 positions=16 loss=3.1696 ce=2.6317 tv=0.5329 conf=2.9735 grad_norm=13.6775 tensors_with_grad=69/72
[train] step 23: T=587 positions=16 loss=0.4910 ce=0.5010 tv=0.2396 conf=2.6422 grad_norm=6.9191 tensors_with_grad=69/72
[train] step 24: T=674 positions=16 loss=1.5399 ce=1.5796 tv=0.3842 conf=2.8564 grad_norm=9.9284 tensors_with_grad=69/72
[train] step 25: T=563 positions=16 loss=0.8538 ce=0.6417 tv=0.1788 conf=0.6323 grad_norm=14.4786 tensors_with_grad=69/72
[train] step 26: T=566 positions=16 loss=2.8285 ce=2.0510 tv=0.3918 conf=1.7009 grad_norm=15.6716 tensors_with_grad=69/72
[train] step 27: T=612 positions=16 loss=1.1087 ce=1.1659 tv=0.3166 conf=2.3588 grad_norm=9.1496 tensors_with_grad=69/72
[train] step 28: T=673 positions=16 loss=0.4231 ce=0.6185 tv=0.2271 conf=2.8909 grad_norm=4.5746 tensors_with_grad=69/72
[train] step 29: T=537 positions=16 loss=3.3320 ce=2.5814 tv=0.5127 conf=3.0110 grad_norm=20.8497 tensors_with_grad=69/72
[train] step 30: T=657 positions=16 loss=0.4716 ce=0.6559 tv=0.2268 conf=2.7925 grad_norm=7.5574 tensors_with_grad=69/72
[train] step 31: T=595 positions=16 loss=0.6250 ce=0.5740 tv=0.1465 conf=5.0167 grad_norm=10.7475 tensors_with_grad=69/72
[train] step 32: T=970 positions=16 loss=4.1780 ce=2.8003 tv=0.4351 conf=1.7674 grad_norm=23.5042 tensors_with_grad=69/72
[train] step 33: T=1741 positions=16 loss=5.7193 ce=4.2243 tv=0.5813 conf=3.5974 grad_norm=24.1724 tensors_with_grad=69/72
[train] step 34: T=574 positions=16 loss=3.1557 ce=2.5976 tv=0.5074 conf=3.2668 grad_norm=15.3463 tensors_with_grad=69/72
[train] step 35: T=581 positions=16 loss=1.8569 ce=1.3770 tv=0.3293 conf=1.6195 grad_norm=14.9613 tensors_with_grad=69/72
[train] step 36: T=563 positions=16 loss=1.6516 ce=1.5259 tv=0.2911 conf=2.3270 grad_norm=23.5626 tensors_with_grad=69/72
[train] step 37: T=534 positions=16 loss=0.2828 ce=0.2816 tv=0.1227 conf=2.0648 grad_norm=1.6057 tensors_with_grad=69/72
[train] step 38: T=645 positions=16 loss=4.0027 ce=2.9829 tv=0.5819 conf=3.1697 grad_norm=21.1688 tensors_with_grad=69/72
[train] step 39: T=672 positions=16 loss=2.7738 ce=2.2575 tv=0.3996 conf=2.2807 grad_norm=11.1955 tensors_with_grad=69/72
[train] step 40: T=578 positions=16 loss=1.6916 ce=1.4835 tv=0.3248 conf=3.0904 grad_norm=9.6575 tensors_with_grad=69/72
[train] step 41: T=527 positions=16 loss=1.8516 ce=1.8500 tv=0.3384 conf=2.6417 grad_norm=10.7605 tensors_with_grad=69/72
[train] step 42: T=645 positions=16 loss=1.4259 ce=1.1761 tv=0.2870 conf=2.3495 grad_norm=16.8716 tensors_with_grad=69/72
[train] step 43: T=1008 positions=16 loss=2.5768 ce=2.1851 tv=0.3343 conf=2.2739 grad_norm=14.1015 tensors_with_grad=69/72
[train] step 44: T=676 positions=16 loss=1.3203 ce=1.2146 tv=0.3292 conf=1.7219 grad_norm=20.1716 tensors_with_grad=69/72
[train] step 45: T=674 positions=16 loss=2.5267 ce=2.2710 tv=0.4514 conf=1.7183 grad_norm=9.9841 tensors_with_grad=69/72
[train] step 46: T=528 positions=16 loss=2.3995 ce=2.0140 tv=0.4650 conf=2.2340 grad_norm=15.3725 tensors_with_grad=69/72
[train] step 47: T=538 positions=16 loss=1.8909 ce=1.5584 tv=0.3924 conf=2.0406 grad_norm=17.1278 tensors_with_grad=69/72
[train] step 48: T=572 positions=16 loss=2.3886 ce=2.1904 tv=0.4269 conf=2.4950 grad_norm=13.7852 tensors_with_grad=69/72
[train] step 49: T=536 positions=16 loss=0.3841 ce=0.6173 tv=0.2802 conf=2.9224 grad_norm=6.6685 tensors_with_grad=69/72
[train] step 50: T=673 positions=16 loss=2.9739 ce=2.4202 tv=0.4947 conf=1.4420 grad_norm=14.2223 tensors_with_grad=69/72
[train] step 51: T=603 positions=16 loss=0.4937 ce=0.5921 tv=0.1566 conf=1.1392 grad_norm=6.4501 tensors_with_grad=69/72
[train] step 52: T=532 positions=16 loss=1.4095 ce=1.2620 tv=0.3125 conf=1.1603 grad_norm=25.0287 tensors_with_grad=69/72
[train] step 53: T=618 positions=16 loss=0.7028 ce=0.9427 tv=0.2921 conf=3.6291 grad_norm=8.8846 tensors_with_grad=69/72
[train] step 54: T=539 positions=16 loss=0.8365 ce=0.8314 tv=0.2372 conf=2.4851 grad_norm=13.9061 tensors_with_grad=69/72
[train] step 55: T=569 positions=16 loss=1.7549 ce=1.5289 tv=0.3067 conf=2.3379 grad_norm=9.7224 tensors_with_grad=69/72
[train] step 56: T=589 positions=16 loss=2.6248 ce=2.2532 tv=0.5075 conf=2.3755 grad_norm=29.4332 tensors_with_grad=69/72
[train] step 57: T=653 positions=16 loss=2.7785 ce=2.3577 tv=0.4999 conf=2.2986 grad_norm=22.8863 tensors_with_grad=69/72
[train] step 58: T=675 positions=16 loss=2.2678 ce=1.9370 tv=0.4125 conf=2.8502 grad_norm=16.4205 tensors_with_grad=69/72
[train] step 59: T=599 positions=16 loss=2.9420 ce=2.8801 tv=0.4730 conf=1.6355 grad_norm=17.4500 tensors_with_grad=69/72
[train] step 60: T=901 positions=16 loss=2.6509 ce=2.1857 tv=0.3614 conf=1.8844 grad_norm=10.2208 tensors_with_grad=69/72
[train] step 61: T=597 positions=16 loss=0.1629 ce=0.2336 tv=0.1236 conf=0.9245 grad_norm=3.6116 tensors_with_grad=69/72
[train] step 62: T=613 positions=16 loss=0.0507 ce=0.2137 tv=0.1273 conf=4.0020 grad_norm=2.5495 tensors_with_grad=69/72
[train] step 63: T=546 positions=16 loss=0.5935 ce=0.7235 tv=0.2755 conf=1.8584 grad_norm=6.8439 tensors_with_grad=69/72
[train] step 64: T=535 positions=16 loss=0.1190 ce=0.1759 tv=0.1244 conf=0.7596 grad_norm=3.2968 tensors_with_grad=69/72
[train] step 65: T=527 positions=16 loss=2.7435 ce=2.2124 tv=0.5155 conf=2.3618 grad_norm=10.1916 tensors_with_grad=69/72
[train] step 66: T=672 positions=16 loss=2.6407 ce=2.3124 tv=0.5240 conf=2.8904 grad_norm=22.1549 tensors_with_grad=69/72
[train] step 67: T=535 positions=16 loss=3.5309 ce=2.6755 tv=0.5386 conf=2.3670 grad_norm=21.9270 tensors_with_grad=69/72
[train] step 68: T=629 positions=16 loss=1.7060 ce=1.4384 tv=0.3994 conf=2.3480 grad_norm=14.9732 tensors_with_grad=69/72
[train] step 69: T=529 positions=16 loss=1.9808 ce=1.6808 tv=0.3098 conf=2.7169 grad_norm=14.6956 tensors_with_grad=69/72
[train] step 70: T=544 positions=16 loss=0.4950 ce=0.4174 tv=0.1171 conf=0.5118 grad_norm=7.2112 tensors_with_grad=69/72
[train] step 71: T=1433 positions=16 loss=5.4548 ce=3.9755 tv=0.5112 conf=2.5098 grad_norm=22.3564 tensors_with_grad=69/72
[train] step 72: T=528 positions=16 loss=2.9031 ce=2.2716 tv=0.3406 conf=1.9261 grad_norm=21.2474 tensors_with_grad=69/72
[train] step 73: T=674 positions=16 loss=2.8931 ce=2.1864 tv=0.4579 conf=1.5631 grad_norm=23.7356 tensors_with_grad=69/72
[train] step 74: T=527 positions=16 loss=1.1122 ce=1.1763 tv=0.3026 conf=2.6005 grad_norm=12.1802 tensors_with_grad=69/72
[train] step 75: T=642 positions=16 loss=1.9359 ce=1.9148 tv=0.4274 conf=2.8060 grad_norm=10.3708 tensors_with_grad=69/72
[train] step 76: T=598 positions=16 loss=0.8641 ce=0.6643 tv=0.1759 conf=1.2548 grad_norm=7.2988 tensors_with_grad=69/72
[train] step 77: T=933 positions=16 loss=2.5118 ce=2.1841 tv=0.4081 conf=2.4218 grad_norm=16.5922 tensors_with_grad=69/72
[train] step 78: T=653 positions=16 loss=3.4352 ce=2.9830 tv=0.5503 conf=3.4413 grad_norm=53.4742 tensors_with_grad=69/72
[train] step 79: T=655 positions=16 loss=1.1251 ce=1.4723 tv=0.3591 conf=1.7400 grad_norm=10.1176 tensors_with_grad=69/72
[train] step 80: T=585 positions=16 loss=0.6172 ce=0.5825 tv=0.1801 conf=2.2661 grad_norm=4.4224 tensors_with_grad=69/72
[train] step 81: T=641 positions=16 loss=2.9441 ce=2.5663 tv=0.5350 conf=2.5910 grad_norm=15.5077 tensors_with_grad=69/72
[train] step 82: T=532 positions=16 loss=1.6820 ce=1.3034 tv=0.3012 conf=1.2272 grad_norm=20.0528 tensors_with_grad=69/72
[train] step 83: T=526 positions=16 loss=2.7740 ce=2.1998 tv=0.5234 conf=2.1150 grad_norm=19.5778 tensors_with_grad=69/72
[train] step 84: T=590 positions=16 loss=0.4392 ce=0.7025 tv=0.2386 conf=2.5676 grad_norm=8.8156 tensors_with_grad=69/72
[train] step 85: T=527 positions=16 loss=1.6360 ce=1.6657 tv=0.4072 conf=2.7609 grad_norm=8.1146 tensors_with_grad=69/72
[train] step 86: T=838 positions=16 loss=2.3472 ce=2.1434 tv=0.4570 conf=3.4978 grad_norm=13.1749 tensors_with_grad=69/72
[train] step 87: T=528 positions=16 loss=1.0410 ce=0.9674 tv=0.2336 conf=0.6529 grad_norm=8.4647 tensors_with_grad=69/72
[train] step 88: T=594 positions=16 loss=0.3776 ce=0.5088 tv=0.2152 conf=1.4950 grad_norm=6.6572 tensors_with_grad=69/72
[train] step 89: T=634 positions=16 loss=0.8729 ce=0.7532 tv=0.2505 conf=3.1564 grad_norm=5.7838 tensors_with_grad=69/72
[train] step 90: T=558 positions=16 loss=1.9646 ce=1.8176 tv=0.4192 conf=3.1489 grad_norm=20.8511 tensors_with_grad=69/72
[train] step 91: T=649 positions=16 loss=1.0318 ce=1.0638 tv=0.2841 conf=2.4427 grad_norm=5.9302 tensors_with_grad=69/72
[train] step 92: T=1085 positions=16 loss=3.0246 ce=2.3999 tv=0.3592 conf=2.0635 grad_norm=13.9673 tensors_with_grad=69/72
[train] step 93: T=575 positions=16 loss=1.6938 ce=1.3771 tv=0.2476 conf=2.3168 grad_norm=10.5942 tensors_with_grad=69/72
[train] step 94: T=611 positions=16 loss=0.7118 ce=0.7316 tv=0.2068 conf=2.3008 grad_norm=4.4837 tensors_with_grad=69/72
[train] step 95: T=529 positions=16 loss=3.1747 ce=2.4496 tv=0.5456 conf=2.3715 grad_norm=10.0517 tensors_with_grad=69/72
[train] step 96: T=526 positions=16 loss=1.6947 ce=1.5515 tv=0.3614 conf=1.2523 grad_norm=11.9696 tensors_with_grad=69/72
[train] step 97: T=576 positions=16 loss=0.6077 ce=0.9154 tv=0.2614 conf=2.5076 grad_norm=10.5409 tensors_with_grad=69/72
[train] step 98: T=674 positions=16 loss=2.6226 ce=2.1032 tv=0.4420 conf=1.5992 grad_norm=21.9234 tensors_with_grad=69/72
[train] step 99: T=535 positions=16 loss=0.4995 ce=0.6133 tv=0.2575 conf=1.6505 grad_norm=3.9434 tensors_with_grad=69/72
[train] step 100: T=975 positions=16 loss=4.1094 ce=3.0177 tv=0.4557 conf=2.4529 grad_norm=11.5333 tensors_with_grad=69/72
[train] step 101: T=1794 positions=16 loss=4.2476 ce=3.3288 tv=0.5298 conf=3.8942 grad_norm=15.9224 tensors_with_grad=69/72
[train] step 102: T=532 positions=16 loss=1.9013 ce=1.7431 tv=0.4338 conf=1.6513 grad_norm=26.5845 tensors_with_grad=69/72
[train] step 103: T=552 positions=16 loss=1.4705 ce=1.9768 tv=0.3018 conf=1.5695 grad_norm=10.2382 tensors_with_grad=69/72
[train] step 104: T=541 positions=16 loss=2.1425 ce=1.8805 tv=0.3896 conf=2.5395 grad_norm=19.1836 tensors_with_grad=69/72
[train] step 105: T=678 positions=16 loss=1.0592 ce=1.0616 tv=0.2738 conf=1.7551 grad_norm=16.3924 tensors_with_grad=69/72
[train] step 106: T=527 positions=16 loss=3.6611 ce=3.1653 tv=0.5265 conf=2.8390 grad_norm=17.7821 tensors_with_grad=69/72
[train] step 107: T=648 positions=16 loss=2.7544 ce=2.3539 tv=0.4558 conf=2.5281 grad_norm=9.3409 tensors_with_grad=69/72
[train] step 108: T=543 positions=16 loss=0.1960 ce=0.3106 tv=0.1467 conf=1.2037 grad_norm=4.3536 tensors_with_grad=69/72
[train] step 109: T=920 positions=16 loss=3.7086 ce=3.3036 tv=0.4904 conf=2.3087 grad_norm=14.4327 tensors_with_grad=69/72
[train] step 110: T=672 positions=16 loss=1.4895 ce=1.4789 tv=0.3560 conf=1.8480 grad_norm=8.6738 tensors_with_grad=69/72
[train] step 111: T=882 positions=16 loss=3.1240 ce=2.3086 tv=0.3907 conf=1.0096 grad_norm=13.8629 tensors_with_grad=69/72
[train] step 112: T=528 positions=16 loss=0.6801 ce=0.6684 tv=0.2094 conf=1.7352 grad_norm=11.9109 tensors_with_grad=69/72
[train] step 113: T=674 positions=16 loss=2.5500 ce=2.2718 tv=0.4199 conf=2.0861 grad_norm=15.3424 tensors_with_grad=69/72
[train] step 114: T=533 positions=16 loss=0.4587 ce=0.5301 tv=0.1975 conf=1.2436 grad_norm=9.0298 tensors_with_grad=69/72
[train] step 115: T=623 positions=16 loss=1.9291 ce=1.6249 tv=0.3975 conf=2.9137 grad_norm=12.5464 tensors_with_grad=69/72
[train] step 116: T=1190 positions=16 loss=3.5562 ce=2.7164 tv=0.3994 conf=2.3793 grad_norm=19.7079 tensors_with_grad=69/72
[train] step 117: T=627 positions=16 loss=1.4326 ce=1.1947 tv=0.2933 conf=1.8958 grad_norm=16.6006 tensors_with_grad=69/72
[train] step 118: T=638 positions=16 loss=2.1706 ce=2.1342 tv=0.5082 conf=2.1065 grad_norm=10.8776 tensors_with_grad=69/72
[train] step 119: T=605 positions=16 loss=2.3770 ce=2.1819 tv=0.4285 conf=3.0378 grad_norm=10.6618 tensors_with_grad=69/72
[train] step 120: T=664 positions=16 loss=0.1624 ce=0.3372 tv=0.1790 conf=2.4138 grad_norm=4.8754 tensors_with_grad=69/72
[train] step 121: T=530 positions=16 loss=2.3875 ce=2.0679 tv=0.3321 conf=1.3139 grad_norm=13.7299 tensors_with_grad=69/72
[train] step 122: T=541 positions=16 loss=0.5202 ce=0.5338 tv=0.1625 conf=1.0866 grad_norm=6.6060 tensors_with_grad=69/72
[train] step 123: T=533 positions=16 loss=1.5564 ce=1.4403 tv=0.2818 conf=1.8511 grad_norm=8.0933 tensors_with_grad=69/72
[train] step 124: T=616 positions=16 loss=2.3022 ce=1.9267 tv=0.3607 conf=1.6767 grad_norm=16.6177 tensors_with_grad=69/72
[train] step 125: T=672 positions=16 loss=3.6845 ce=2.9663 tv=0.5726 conf=3.2012 grad_norm=18.6266 tensors_with_grad=69/72
[train] step 126: T=524 positions=16 loss=2.6809 ce=2.1910 tv=0.4667 conf=2.2204 grad_norm=13.3637 tensors_with_grad=69/72
[train] step 127: T=1177 positions=16 loss=3.8585 ce=2.9170 tv=0.4647 conf=2.5945 grad_norm=17.3874 tensors_with_grad=69/72
[train] step 128: T=543 positions=16 loss=0.9955 ce=0.9985 tv=0.2560 conf=2.3493 grad_norm=8.9219 tensors_with_grad=69/72
[train] step 129: T=537 positions=16 loss=1.0161 ce=1.0700 tv=0.3217 conf=3.9329 grad_norm=10.4903 tensors_with_grad=69/72
[train] step 130: T=533 positions=16 loss=1.4880 ce=1.1467 tv=0.2401 conf=3.8839 grad_norm=28.9126 tensors_with_grad=69/72
[train] step 131: T=532 positions=16 loss=2.2228 ce=2.2623 tv=0.4581 conf=3.1787 grad_norm=9.7599 tensors_with_grad=69/72
[train] step 132: T=572 positions=16 loss=0.2266 ce=0.4241 tv=0.1239 conf=1.3328 grad_norm=3.8197 tensors_with_grad=69/72
[train] step 133: T=531 positions=16 loss=3.9059 ce=2.9899 tv=0.5630 conf=2.0280 grad_norm=16.3614 tensors_with_grad=69/72
[train] step 134: T=553 positions=16 loss=1.1104 ce=1.0043 tv=0.1832 conf=0.6854 grad_norm=10.6859 tensors_with_grad=69/72
[train] step 135: T=540 positions=16 loss=0.9554 ce=0.9697 tv=0.2632 conf=0.8983 grad_norm=7.7193 tensors_with_grad=69/72
[train] step 136: T=532 positions=16 loss=1.9716 ce=1.7564 tv=0.2782 conf=3.6645 grad_norm=10.5798 tensors_with_grad=69/72
[train] step 137: T=552 positions=16 loss=2.0778 ce=1.7222 tv=0.2864 conf=1.1963 grad_norm=10.1791 tensors_with_grad=69/72
[train] step 138: T=565 positions=16 loss=1.0792 ce=0.9530 tv=0.2117 conf=3.6040 grad_norm=11.6484 tensors_with_grad=69/72
[train] step 139: T=534 positions=16 loss=1.2305 ce=1.0640 tv=0.2604 conf=1.7965 grad_norm=10.5837 tensors_with_grad=69/72
[train] step 140: T=1720 positions=16 loss=3.7295 ce=2.9849 tv=0.5687 conf=1.9341 grad_norm=19.5170 tensors_with_grad=69/72
[train] step 141: T=539 positions=16 loss=2.3081 ce=2.0449 tv=0.4390 conf=2.1259 grad_norm=32.4334 tensors_with_grad=69/72
[train] step 142: T=1793 positions=16 loss=6.9012 ce=5.2094 tv=0.5754 conf=2.7670 grad_norm=23.9740 tensors_with_grad=69/72
[train] step 143: T=581 positions=16 loss=0.8732 ce=1.1511 tv=0.2686 conf=3.2877 grad_norm=11.4163 tensors_with_grad=69/72
[train] step 144: T=1033 positions=16 loss=6.4326 ce=4.6031 tv=0.6170 conf=3.0365 grad_norm=25.8958 tensors_with_grad=69/72
[train] step 145: T=544 positions=16 loss=0.8875 ce=0.8538 tv=0.2174 conf=1.2802 grad_norm=6.3133 tensors_with_grad=69/72
[train] step 146: T=1570 positions=16 loss=4.0275 ce=3.3911 tv=0.5100 conf=2.6737 grad_norm=14.9795 tensors_with_grad=69/72
[train] step 147: T=1007 positions=16 loss=3.9578 ce=3.1020 tv=0.4399 conf=3.2255 grad_norm=14.4995 tensors_with_grad=69/72
[train] step 148: T=656 positions=16 loss=1.5053 ce=1.6213 tv=0.2649 conf=2.5867 grad_norm=12.4546 tensors_with_grad=69/72
[train] step 149: T=605 positions=16 loss=0.8015 ce=0.9106 tv=0.2239 conf=1.8534 grad_norm=9.2868 tensors_with_grad=69/72
[train] step 150: T=1792 positions=16 loss=6.5337 ce=4.7267 tv=0.5580 conf=1.9605 grad_norm=21.4478 tensors_with_grad=69/72
[train] step 151: T=535 positions=16 loss=0.8580 ce=0.6009 tv=0.1239 conf=5.2349 grad_norm=7.1823 tensors_with_grad=69/72
[train] step 152: T=550 positions=16 loss=1.9454 ce=1.6941 tv=0.3657 conf=2.4184 grad_norm=12.3460 tensors_with_grad=69/72
[train] step 153: T=608 positions=16 loss=1.2176 ce=1.3795 tv=0.3416 conf=2.6743 grad_norm=11.2466 tensors_with_grad=69/72
[train] step 154: T=901 positions=16 loss=2.4093 ce=1.9626 tv=0.3573 conf=2.6235 grad_norm=12.8908 tensors_with_grad=69/72
[train] step 155: T=527 positions=16 loss=2.8607 ce=2.6023 tv=0.5125 conf=3.5211 grad_norm=15.8163 tensors_with_grad=69/72
[train] step 156: T=1058 positions=16 loss=3.3775 ce=2.7386 tv=0.4286 conf=2.9925 grad_norm=10.3629 tensors_with_grad=69/72
[train] step 157: T=629 positions=16 loss=0.7218 ce=0.6970 tv=0.2310 conf=1.8155 grad_norm=4.7867 tensors_with_grad=69/72
[train] step 158: T=532 positions=16 loss=1.0988 ce=0.9933 tv=0.2225 conf=1.6187 grad_norm=17.6866 tensors_with_grad=69/72
[train] step 159: T=674 positions=16 loss=2.2292 ce=1.9382 tv=0.4401 conf=1.4881 grad_norm=14.9293 tensors_with_grad=69/72
[train] step 160: T=546 positions=16 loss=0.1643 ce=0.3624 tv=0.1621 conf=1.2370 grad_norm=3.0224 tensors_with_grad=69/72
[train] step 161: T=574 positions=16 loss=1.6669 ce=1.3710 tv=0.2930 conf=3.0674 grad_norm=11.0235 tensors_with_grad=69/72
[train] step 162: T=675 positions=16 loss=1.2774 ce=1.4579 tv=0.3491 conf=2.7615 grad_norm=22.5249 tensors_with_grad=69/72
[train] step 163: T=549 positions=16 loss=1.2018 ce=1.2132 tv=0.3011 conf=1.6581 grad_norm=7.2031 tensors_with_grad=69/72
[train] step 164: T=671 positions=16 loss=2.1514 ce=1.9854 tv=0.4733 conf=2.0417 grad_norm=10.5688 tensors_with_grad=69/72
[train] step 165: T=609 positions=16 loss=0.7381 ce=0.9711 tv=0.3274 conf=3.3713 grad_norm=6.7372 tensors_with_grad=69/72
[train] step 166: T=570 positions=16 loss=4.1016 ce=3.3625 tv=0.4433 conf=2.6880 grad_norm=21.0367 tensors_with_grad=69/72
[train] step 167: T=540 positions=16 loss=0.8977 ce=0.9772 tv=0.2606 conf=1.9806 grad_norm=6.3298 tensors_with_grad=69/72
[train] step 168: T=618 positions=16 loss=1.2064 ce=1.2009 tv=0.2822 conf=2.0182 grad_norm=11.4762 tensors_with_grad=69/72
[train] step 169: T=524 positions=16 loss=3.3935 ce=2.8001 tv=0.5585 conf=2.3626 grad_norm=17.7314 tensors_with_grad=69/72
[train] step 170: T=673 positions=16 loss=2.6883 ce=2.3912 tv=0.4953 conf=1.9670 grad_norm=12.2885 tensors_with_grad=69/72
[train] step 171: T=526 positions=16 loss=0.7265 ce=0.7337 tv=0.2263 conf=2.3291 grad_norm=7.0227 tensors_with_grad=69/72
[train] step 172: T=531 positions=16 loss=1.7635 ce=1.4153 tv=0.2832 conf=0.7330 grad_norm=15.0080 tensors_with_grad=69/72
[train] step 173: T=536 positions=16 loss=1.2453 ce=1.1504 tv=0.2709 conf=2.0775 grad_norm=16.5323 tensors_with_grad=69/72
[train] step 174: T=601 positions=16 loss=0.7134 ce=0.7149 tv=0.1954 conf=1.4719 grad_norm=10.7249 tensors_with_grad=69/72
[train] step 175: T=647 positions=16 loss=2.9842 ce=2.4277 tv=0.4983 conf=1.9778 grad_norm=14.4778 tensors_with_grad=69/72
[train] step 176: T=532 positions=16 loss=1.1897 ce=1.0476 tv=0.2812 conf=1.3708 grad_norm=8.4682 tensors_with_grad=69/72
[train] step 177: T=544 positions=16 loss=1.3460 ce=1.2729 tv=0.2424 conf=1.6784 grad_norm=16.1453 tensors_with_grad=69/72
[train] step 178: T=673 positions=16 loss=3.0240 ce=2.6092 tv=0.5096 conf=1.9446 grad_norm=10.7982 tensors_with_grad=69/72
[train] step 179: T=593 positions=16 loss=0.7211 ce=0.6104 tv=0.1937 conf=1.1394 grad_norm=13.2107 tensors_with_grad=69/72
[train] step 180: T=568 positions=16 loss=0.1292 ce=0.3697 tv=0.1364 conf=1.9261 grad_norm=3.2095 tensors_with_grad=69/72
[train] step 181: T=589 positions=16 loss=0.1928 ce=0.4293 tv=0.1939 conf=1.3954 grad_norm=9.3619 tensors_with_grad=69/72
[train] step 182: T=526 positions=16 loss=0.7226 ce=1.0279 tv=0.2409 conf=2.4272 grad_norm=5.1600 tensors_with_grad=69/72
[train] step 183: T=538 positions=16 loss=0.2818 ce=0.4508 tv=0.1136 conf=0.6572 grad_norm=1.3050 tensors_with_grad=69/72
[train] step 184: T=1365 positions=16 loss=5.4114 ce=4.2071 tv=0.5127 conf=2.9537 grad_norm=28.4923 tensors_with_grad=69/72
[train] step 185: T=533 positions=16 loss=0.7239 ce=0.8505 tv=0.2508 conf=1.6451 grad_norm=10.1283 tensors_with_grad=69/72
[train] step 186: T=526 positions=16 loss=2.3060 ce=2.0899 tv=0.5300 conf=3.6002 grad_norm=17.1728 tensors_with_grad=69/72
[train] step 187: T=625 positions=16 loss=0.0860 ce=0.2068 tv=0.1353 conf=1.4913 grad_norm=1.8185 tensors_with_grad=69/72
[train] step 188: T=544 positions=16 loss=2.5937 ce=2.1724 tv=0.4654 conf=1.9143 grad_norm=15.6676 tensors_with_grad=69/72
[train] step 189: T=531 positions=16 loss=2.3829 ce=2.3292 tv=0.4795 conf=2.0696 grad_norm=11.5570 tensors_with_grad=69/72
[train] step 190: T=1057 positions=16 loss=3.5017 ce=2.7150 tv=0.4061 conf=1.7184 grad_norm=14.2710 tensors_with_grad=69/72
[train] step 191: T=1004 positions=16 loss=2.9943 ce=2.7259 tv=0.4665 conf=2.0667 grad_norm=18.6875 tensors_with_grad=69/72
[train] step 192: T=673 positions=16 loss=2.4523 ce=2.0721 tv=0.4614 conf=2.3961 grad_norm=19.7666 tensors_with_grad=69/72
[train] step 193: T=541 positions=16 loss=0.1726 ce=0.4177 tv=0.1536 conf=1.8111 grad_norm=2.7676 tensors_with_grad=69/72
[train] step 194: T=531 positions=16 loss=0.5438 ce=0.5931 tv=0.1630 conf=1.9738 grad_norm=8.1814 tensors_with_grad=69/72
[train] step 195: T=561 positions=16 loss=0.5197 ce=0.5994 tv=0.2108 conf=1.4978 grad_norm=7.8616 tensors_with_grad=69/72
[train] step 196: T=535 positions=16 loss=0.3961 ce=0.5821 tv=0.2399 conf=1.9017 grad_norm=4.8763 tensors_with_grad=69/72
[train] step 197: T=571 positions=16 loss=0.7237 ce=0.9292 tv=0.2773 conf=2.3590 grad_norm=9.4114 tensors_with_grad=69/72
[train] step 198: T=672 positions=16 loss=3.2404 ce=2.6415 tv=0.5613 conf=2.3480 grad_norm=14.1447 tensors_with_grad=69/72
[train] step 199: T=540 positions=16 loss=0.5040 ce=0.4242 tv=0.1546 conf=0.9913 grad_norm=10.9451 tensors_with_grad=69/72
[train] step 200: T=532 positions=16 loss=0.0900 ce=0.1565 tv=0.0838 conf=0.5857 grad_norm=1.2580 tensors_with_grad=69/72
[train] step 201: T=676 positions=16 loss=2.5519 ce=2.2425 tv=0.4795 conf=1.8441 grad_norm=11.6737 tensors_with_grad=69/72
[train] step 202: T=838 positions=16 loss=1.9625 ce=1.6814 tv=0.3633 conf=3.2093 grad_norm=11.0654 tensors_with_grad=69/72
[train] step 203: T=583 positions=16 loss=1.7202 ce=1.7381 tv=0.3582 conf=1.4087 grad_norm=14.8755 tensors_with_grad=69/72
[train] step 204: T=527 positions=16 loss=0.6318 ce=0.7791 tv=0.2282 conf=2.8347 grad_norm=4.3572 tensors_with_grad=69/72
[train] step 205: T=675 positions=16 loss=2.9733 ce=2.3360 tv=0.4065 conf=1.7373 grad_norm=16.7396 tensors_with_grad=69/72
[train] step 206: T=542 positions=16 loss=1.5150 ce=1.3239 tv=0.2904 conf=2.9005 grad_norm=17.6919 tensors_with_grad=69/72
[train] step 207: T=1211 positions=16 loss=4.1480 ce=3.0635 tv=0.4265 conf=1.9273 grad_norm=16.8489 tensors_with_grad=69/72
[train] step 208: T=527 positions=16 loss=0.4492 ce=0.4044 tv=0.0892 conf=0.7951 grad_norm=4.4907 tensors_with_grad=69/72
[train] step 209: T=1106 positions=16 loss=5.9129 ce=4.0235 tv=0.5417 conf=1.7653 grad_norm=35.5216 tensors_with_grad=69/72
[train] step 210: T=533 positions=16 loss=0.4339 ce=0.5394 tv=0.1953 conf=1.4195 grad_norm=6.4669 tensors_with_grad=69/72
[train] step 211: T=1721 positions=16 loss=3.9584 ce=3.3336 tv=0.5069 conf=3.5579 grad_norm=19.6436 tensors_with_grad=69/72
[train] step 212: T=616 positions=16 loss=0.3405 ce=0.4208 tv=0.1773 conf=1.5417 grad_norm=8.4257 tensors_with_grad=69/72
[train] step 213: T=672 positions=16 loss=1.8593 ce=1.8304 tv=0.4172 conf=3.0493 grad_norm=16.5280 tensors_with_grad=69/72
[train] step 214: T=529 positions=16 loss=2.3421 ce=2.1245 tv=0.4825 conf=3.2917 grad_norm=9.8525 tensors_with_grad=69/72
[train] step 215: T=536 positions=16 loss=0.6062 ce=0.7698 tv=0.1787 conf=2.3572 grad_norm=11.0641 tensors_with_grad=69/72
[train] step 216: T=550 positions=16 loss=1.4765 ce=1.2856 tv=0.3371 conf=1.2456 grad_norm=15.8136 tensors_with_grad=69/72
[train] step 217: T=1223 positions=16 loss=5.7902 ce=4.2064 tv=0.5448 conf=2.5723 grad_norm=28.9397 tensors_with_grad=69/72
[train] step 218: T=528 positions=16 loss=1.6182 ce=1.6840 tv=0.3766 conf=3.0075 grad_norm=18.8122 tensors_with_grad=69/72
[train] step 219: T=535 positions=16 loss=0.4284 ce=0.4782 tv=0.2166 conf=1.5404 grad_norm=11.1022 tensors_with_grad=69/72
[train] step 220: T=580 positions=16 loss=1.0062 ce=0.8912 tv=0.3133 conf=1.8323 grad_norm=10.2596 tensors_with_grad=69/72
[train] step 221: T=533 positions=16 loss=0.2365 ce=0.2497 tv=0.0803 conf=0.3297 grad_norm=14.4893 tensors_with_grad=69/72
[train] step 222: T=531 positions=16 loss=1.4565 ce=1.2383 tv=0.2784 conf=2.2784 grad_norm=12.6907 tensors_with_grad=69/72
[train] step 223: T=577 positions=16 loss=1.6812 ce=1.6216 tv=0.3833 conf=2.4132 grad_norm=9.5039 tensors_with_grad=69/72
[train] step 224: T=583 positions=16 loss=2.5457 ce=2.1298 tv=0.3844 conf=2.9692 grad_norm=16.2116 tensors_with_grad=69/72
[train] step 225: T=673 positions=16 loss=3.2963 ce=2.8813 tv=0.5049 conf=1.5539 grad_norm=15.0655 tensors_with_grad=69/72
[train] step 226: T=672 positions=16 loss=0.9852 ce=1.2339 tv=0.3011 conf=2.5409 grad_norm=9.7153 tensors_with_grad=69/72
[train] step 227: T=1189 positions=16 loss=3.7272 ce=2.8791 tv=0.4896 conf=2.6064 grad_norm=21.9456 tensors_with_grad=69/72
[train] step 228: T=534 positions=16 loss=2.6475 ce=2.7392 tv=0.4934 conf=2.7205 grad_norm=15.1445 tensors_with_grad=69/72
[train] step 229: T=531 positions=16 loss=1.0900 ce=1.2608 tv=0.2503 conf=1.7144 grad_norm=5.4468 tensors_with_grad=69/72
[train] step 230: T=678 positions=16 loss=1.5079 ce=1.5493 tv=0.3789 conf=2.4856 grad_norm=10.6128 tensors_with_grad=69/72
[train] step 231: T=525 positions=16 loss=2.2734 ce=1.9398 tv=0.4323 conf=3.0023 grad_norm=11.1369 tensors_with_grad=69/72
[train] step 232: T=674 positions=16 loss=0.6960 ce=0.7733 tv=0.2372 conf=2.6143 grad_norm=12.7044 tensors_with_grad=69/72
[train] step 233: T=550 positions=16 loss=0.1901 ce=0.3415 tv=0.2040 conf=2.1972 grad_norm=3.7796 tensors_with_grad=69/72
[train] step 234: T=534 positions=16 loss=1.5114 ce=1.4499 tv=0.3739 conf=1.8955 grad_norm=10.6490 tensors_with_grad=69/72
[train] step 235: T=607 positions=16 loss=1.4395 ce=1.6571 tv=0.2996 conf=3.1747 grad_norm=19.8836 tensors_with_grad=69/72
[train] step 236: T=529 positions=16 loss=3.9915 ce=3.2370 tv=0.5313 conf=1.6776 grad_norm=24.4557 tensors_with_grad=69/72
[train] step 237: T=538 positions=16 loss=2.8445 ce=2.2493 tv=0.5181 conf=2.3723 grad_norm=14.3212 tensors_with_grad=69/72
[train] step 238: T=538 positions=16 loss=1.0036 ce=0.8306 tv=0.2536 conf=0.8963 grad_norm=12.7945 tensors_with_grad=69/72
[train] step 239: T=538 positions=16 loss=0.9159 ce=0.8477 tv=0.1698 conf=0.6097 grad_norm=8.9587 tensors_with_grad=69/72
[train] step 240: T=851 positions=16 loss=4.6093 ce=3.4907 tv=0.5904 conf=2.2442 grad_norm=13.5394 tensors_with_grad=69/72
[train] step 241: T=533 positions=16 loss=1.0143 ce=1.4065 tv=0.2992 conf=2.8647 grad_norm=11.2035 tensors_with_grad=69/72
[train] step 242: T=1623 positions=16 loss=4.7901 ce=3.7188 tv=0.4945 conf=1.8002 grad_norm=22.3658 tensors_with_grad=69/72
[train] step 243: T=547 positions=16 loss=1.4387 ce=1.2596 tv=0.3160 conf=1.8274 grad_norm=6.5873 tensors_with_grad=69/72
[train] step 244: T=876 positions=16 loss=4.8568 ce=3.5078 tv=0.4443 conf=1.9411 grad_norm=19.6970 tensors_with_grad=69/72
[train] step 245: T=528 positions=16 loss=2.9148 ce=2.0309 tv=0.3020 conf=1.3960 grad_norm=22.2023 tensors_with_grad=69/72
[train] step 246: T=652 positions=16 loss=2.9304 ce=2.6877 tv=0.5157 conf=2.7186 grad_norm=10.2745 tensors_with_grad=69/72
[train] step 247: T=611 positions=16 loss=0.3804 ce=0.6116 tv=0.2266 conf=1.7096 grad_norm=11.1323 tensors_with_grad=69/72
[train] step 248: T=588 positions=16 loss=0.4664 ce=0.4841 tv=0.1268 conf=2.3812 grad_norm=7.9830 tensors_with_grad=69/72
[train] step 249: T=554 positions=16 loss=1.4073 ce=1.1520 tv=0.2728 conf=2.7817 grad_norm=11.3074 tensors_with_grad=69/72
[train] step 250: T=592 positions=16 loss=2.1993 ce=1.7743 tv=0.3640 conf=1.6330 grad_norm=15.2942 tensors_with_grad=69/72
[train] step 251: T=540 positions=16 loss=0.5995 ce=1.3202 tv=0.2179 conf=1.1080 grad_norm=4.3513 tensors_with_grad=69/72
[train] step 252: T=537 positions=16 loss=0.8840 ce=0.9239 tv=0.3164 conf=1.5360 grad_norm=9.0597 tensors_with_grad=69/72
[train] step 253: T=673 positions=16 loss=0.7588 ce=0.8778 tv=0.2718 conf=1.6725 grad_norm=5.8362 tensors_with_grad=69/72
[train] step 254: T=575 positions=16 loss=0.3413 ce=0.3597 tv=0.1612 conf=1.1329 grad_norm=4.5581 tensors_with_grad=69/72
[train] step 255: T=545 positions=16 loss=2.9163 ce=2.4204 tv=0.4316 conf=2.3539 grad_norm=14.5415 tensors_with_grad=69/72
[train] step 256: T=540 positions=16 loss=0.9842 ce=0.9227 tv=0.2446 conf=1.6504 grad_norm=6.2932 tensors_with_grad=69/72
[train] step 257: T=525 positions=16 loss=1.6794 ce=1.6516 tv=0.3678 conf=2.2260 grad_norm=12.9948 tensors_with_grad=69/72
[train] step 258: T=1002 positions=16 loss=4.8093 ce=3.7053 tv=0.5528 conf=2.1104 grad_norm=17.7662 tensors_with_grad=69/72
[train] step 259: T=599 positions=16 loss=1.7601 ce=1.2760 tv=0.2392 conf=0.9835 grad_norm=16.4947 tensors_with_grad=69/72
[train] step 260: T=566 positions=16 loss=0.6123 ce=0.8004 tv=0.2286 conf=2.1159 grad_norm=8.6463 tensors_with_grad=69/72
[train] step 261: T=542 positions=16 loss=1.3217 ce=1.5305 tv=0.3574 conf=2.3862 grad_norm=7.9371 tensors_with_grad=69/72
[train] step 262: T=571 positions=16 loss=4.0120 ce=2.9513 tv=0.4522 conf=1.7461 grad_norm=18.4849 tensors_with_grad=69/72
[train] step 263: T=551 positions=16 loss=4.2917 ce=2.9897 tv=0.3944 conf=1.9524 grad_norm=21.7510 tensors_with_grad=69/72
[train] step 264: T=557 positions=16 loss=1.7432 ce=1.5667 tv=0.3704 conf=2.2142 grad_norm=18.0498 tensors_with_grad=69/72
[train] step 265: T=1795 positions=16 loss=5.5641 ce=4.0270 tv=0.5738 conf=2.7823 grad_norm=41.9544 tensors_with_grad=69/72
[train] step 266: T=654 positions=16 loss=1.9177 ce=1.5612 tv=0.3839 conf=1.7807 grad_norm=14.2343 tensors_with_grad=69/72
[train] step 267: T=1011 positions=16 loss=3.8207 ce=2.6376 tv=0.4325 conf=1.4864 grad_norm=14.3210 tensors_with_grad=69/72
[train] step 268: T=673 positions=16 loss=1.3260 ce=1.6273 tv=0.4251 conf=3.2732 grad_norm=10.1266 tensors_with_grad=69/72
[train] step 269: T=588 positions=16 loss=3.0297 ce=2.2592 tv=0.3660 conf=1.9706 grad_norm=19.4345 tensors_with_grad=69/72
[train] step 270: T=540 positions=16 loss=1.2339 ce=1.2677 tv=0.3342 conf=3.8575 grad_norm=14.0808 tensors_with_grad=69/72
[train] step 271: T=667 positions=16 loss=0.3401 ce=0.4397 tv=0.1866 conf=1.4632 grad_norm=3.4112 tensors_with_grad=69/72
[train] step 272: T=952 positions=16 loss=2.9648 ce=2.4226 tv=0.4721 conf=2.9769 grad_norm=21.3726 tensors_with_grad=69/72
[train] step 273: T=862 positions=16 loss=2.7612 ce=2.2275 tv=0.4484 conf=2.5644 grad_norm=12.5657 tensors_with_grad=69/72
[train] step 274: T=945 positions=16 loss=5.1327 ce=4.0797 tv=0.5469 conf=2.8437 grad_norm=28.6101 tensors_with_grad=69/72
[train] step 275: T=545 positions=16 loss=2.1136 ce=1.8966 tv=0.4490 conf=1.7320 grad_norm=12.3599 tensors_with_grad=69/72
[train] step 276: T=677 positions=16 loss=1.5773 ce=1.5059 tv=0.3085 conf=2.7359 grad_norm=9.7065 tensors_with_grad=69/72
[train] step 277: T=659 positions=16 loss=3.0411 ce=2.3245 tv=0.3795 conf=1.5063 grad_norm=17.6010 tensors_with_grad=69/72
[train] step 278: T=676 positions=16 loss=1.3546 ce=1.1941 tv=0.3214 conf=2.2914 grad_norm=18.3977 tensors_with_grad=69/72
[train] step 279: T=525 positions=16 loss=2.0100 ce=1.8312 tv=0.4759 conf=2.6271 grad_norm=13.4918 tensors_with_grad=69/72
[train] step 280: T=568 positions=16 loss=1.2769 ce=1.3556 tv=0.3106 conf=2.6093 grad_norm=12.9496 tensors_with_grad=69/72
[train] step 281: T=613 positions=16 loss=0.5225 ce=0.7869 tv=0.2296 conf=1.5518 grad_norm=9.2315 tensors_with_grad=69/72
[train] step 282: T=535 positions=16 loss=1.2053 ce=0.8572 tv=0.2466 conf=2.4689 grad_norm=13.7433 tensors_with_grad=69/72
[train] step 283: T=524 positions=16 loss=1.3777 ce=1.2880 tv=0.3264 conf=2.2550 grad_norm=11.6058 tensors_with_grad=69/72
[train] step 284: T=529 positions=16 loss=1.6260 ce=1.4476 tv=0.3786 conf=2.4929 grad_norm=15.2174 tensors_with_grad=69/72
[train] step 285: T=549 positions=16 loss=1.1455 ce=1.0037 tv=0.2388 conf=1.9061 grad_norm=6.1116 tensors_with_grad=69/72
[train] step 286: T=878 positions=16 loss=2.8175 ce=2.3685 tv=0.4575 conf=3.1914 grad_norm=15.4356 tensors_with_grad=69/72
[train] step 287: T=570 positions=16 loss=1.3596 ce=1.2608 tv=0.3257 conf=2.2384 grad_norm=10.3947 tensors_with_grad=69/72
[train] step 288: T=675 positions=16 loss=1.8245 ce=1.5993 tv=0.3503 conf=1.7430 grad_norm=48.3458 tensors_with_grad=69/72
[train] step 289: T=590 positions=16 loss=1.6723 ce=1.5079 tv=0.4106 conf=2.8802 grad_norm=15.5224 tensors_with_grad=69/72
[train] step 290: T=619 positions=16 loss=0.6133 ce=0.6076 tv=0.2195 conf=1.8240 grad_norm=6.1011 tensors_with_grad=69/72
[train] step 291: T=540 positions=16 loss=0.6894 ce=0.7356 tv=0.1758 conf=1.4725 grad_norm=12.1914 tensors_with_grad=69/72
[train] step 292: T=557 positions=16 loss=3.5317 ce=2.3472 tv=0.4495 conf=2.1463 grad_norm=22.1499 tensors_with_grad=69/72
[train] step 293: T=674 positions=16 loss=2.8940 ce=2.3606 tv=0.4942 conf=1.8061 grad_norm=11.3363 tensors_with_grad=69/72
[train] step 294: T=551 positions=16 loss=1.6396 ce=1.4578 tv=0.2395 conf=1.1935 grad_norm=11.1459 tensors_with_grad=69/72
[train] step 295: T=536 positions=16 loss=1.7424 ce=1.6000 tv=0.3786 conf=2.5033 grad_norm=12.1418 tensors_with_grad=69/72
[train] step 296: T=562 positions=16 loss=0.6980 ce=0.7784 tv=0.2358 conf=1.7742 grad_norm=8.9764 tensors_with_grad=69/72
[train] step 297: T=914 positions=16 loss=4.0512 ce=3.0117 tv=0.4507 conf=2.0464 grad_norm=15.8219 tensors_with_grad=69/72
[train] step 298: T=603 positions=16 loss=1.5977 ce=1.3602 tv=0.3119 conf=2.5900 grad_norm=13.5484 tensors_with_grad=69/72
[train] step 299: T=637 positions=16 loss=1.4122 ce=1.5411 tv=0.3102 conf=2.4311 grad_norm=13.9772 tensors_with_grad=69/72
[train] step 300: T=678 positions=16 loss=2.3515 ce=1.9901 tv=0.4283 conf=2.0046 grad_norm=12.1873 tensors_with_grad=69/72
[train] step 301: T=1167 positions=16 loss=4.0175 ce=3.3312 tv=0.5215 conf=3.0621 grad_norm=13.0441 tensors_with_grad=69/72
[train] step 302: T=590 positions=16 loss=0.1369 ce=0.2851 tv=0.1360 conf=1.2669 grad_norm=3.5662 tensors_with_grad=69/72
[train] step 303: T=539 positions=16 loss=0.6056 ce=0.9746 tv=0.2299 conf=1.6140 grad_norm=5.0362 tensors_with_grad=69/72
[train] step 304: T=1006 positions=16 loss=2.4936 ce=2.2520 tv=0.4133 conf=3.3085 grad_norm=11.9218 tensors_with_grad=69/72
[train] step 305: T=528 positions=16 loss=4.3066 ce=3.4985 tv=0.6026 conf=2.0873 grad_norm=27.1220 tensors_with_grad=69/72
[train] step 306: T=535 positions=16 loss=1.3592 ce=1.5079 tv=0.3693 conf=2.1568 grad_norm=7.6321 tensors_with_grad=69/72
[train] step 307: T=607 positions=16 loss=1.0847 ce=0.9737 tv=0.2691 conf=2.3063 grad_norm=9.7467 tensors_with_grad=69/72
[train] step 308: T=540 positions=16 loss=0.1477 ce=0.2900 tv=0.1499 conf=1.6315 grad_norm=1.9259 tensors_with_grad=69/72
[train] step 309: T=1532 positions=16 loss=3.6430 ce=2.9051 tv=0.4174 conf=1.7019 grad_norm=17.8624 tensors_with_grad=69/72
[train] step 310: T=532 positions=16 loss=1.5143 ce=1.4573 tv=0.2607 conf=1.7269 grad_norm=16.0541 tensors_with_grad=69/72
[train] step 311: T=1716 positions=16 loss=5.0402 ce=3.6278 tv=0.5083 conf=2.2014 grad_norm=14.5198 tensors_with_grad=69/72
[train] step 312: T=545 positions=16 loss=1.6242 ce=1.6061 tv=0.3440 conf=3.1181 grad_norm=10.0407 tensors_with_grad=69/72
[train] step 313: T=606 positions=16 loss=1.5993 ce=1.7326 tv=0.3898 conf=2.3463 grad_norm=15.4845 tensors_with_grad=69/72
[train] step 314: T=582 positions=16 loss=0.5675 ce=0.6865 tv=0.2278 conf=1.2685 grad_norm=7.2839 tensors_with_grad=69/72
[train] step 315: T=615 positions=16 loss=2.4419 ce=2.0446 tv=0.3773 conf=2.3472 grad_norm=13.1550 tensors_with_grad=69/72
[train] step 316: T=534 positions=16 loss=1.5977 ce=1.4261 tv=0.3515 conf=1.9558 grad_norm=19.1767 tensors_with_grad=69/72
[train] step 317: T=542 positions=16 loss=0.9479 ce=1.0354 tv=0.2686 conf=1.7426 grad_norm=14.4676 tensors_with_grad=69/72
[train] step 318: T=626 positions=16 loss=1.0206 ce=0.9096 tv=0.2712 conf=1.6522 grad_norm=10.3602 tensors_with_grad=69/72
[train] step 319: T=525 positions=16 loss=1.8536 ce=1.6797 tv=0.4001 conf=1.8543 grad_norm=12.3574 tensors_with_grad=69/72
[train] step 320: T=627 positions=16 loss=0.1287 ce=0.3114 tv=0.2145 conf=5.0060 grad_norm=2.4280 tensors_with_grad=69/72
[train] step 321: T=641 positions=16 loss=1.3051 ce=1.2432 tv=0.2717 conf=1.5745 grad_norm=9.3862 tensors_with_grad=69/72
[train] step 322: T=605 positions=16 loss=0.8365 ce=0.7509 tv=0.2425 conf=1.8847 grad_norm=7.4105 tensors_with_grad=69/72
[train] step 323: T=532 positions=16 loss=1.4702 ce=1.1901 tv=0.2457 conf=1.7198 grad_norm=7.6218 tensors_with_grad=69/72
[train] step 324: T=526 positions=16 loss=2.8004 ce=2.3691 tv=0.4813 conf=2.6611 grad_norm=12.1262 tensors_with_grad=69/72
[train] step 325: T=545 positions=16 loss=0.4993 ce=0.5923 tv=0.1894 conf=1.8221 grad_norm=7.3657 tensors_with_grad=69/72
[train] step 326: T=561 positions=16 loss=2.5477 ce=2.0524 tv=0.3512 conf=3.2184 grad_norm=16.1337 tensors_with_grad=69/72
[train] step 327: T=540 positions=16 loss=1.0144 ce=0.9448 tv=0.2728 conf=1.4342 grad_norm=10.2085 tensors_with_grad=69/72
[train] step 328: T=1025 positions=16 loss=4.1525 ce=3.4198 tv=0.5373 conf=3.1827 grad_norm=11.2771 tensors_with_grad=69/72
[train] step 329: T=1316 positions=16 loss=3.9781 ce=2.8802 tv=0.4154 conf=1.5295 grad_norm=13.6529 tensors_with_grad=69/72
[train] step 330: T=593 positions=16 loss=3.2507 ce=3.1896 tv=0.5079 conf=3.3776 grad_norm=17.2137 tensors_with_grad=69/72
[train] step 331: T=1364 positions=16 loss=5.5436 ce=3.8875 tv=0.5222 conf=1.2882 grad_norm=17.0784 tensors_with_grad=69/72
[train] step 332: T=563 positions=16 loss=2.7783 ce=1.9596 tv=0.3377 conf=2.1395 grad_norm=13.8388 tensors_with_grad=69/72
[train] step 333: T=621 positions=16 loss=2.0213 ce=1.9073 tv=0.3746 conf=1.7729 grad_norm=13.1628 tensors_with_grad=69/72
[train] step 334: T=1798 positions=16 loss=3.5171 ce=2.9025 tv=0.4552 conf=3.5175 grad_norm=13.7187 tensors_with_grad=69/72
[train] step 335: T=565 positions=16 loss=2.7159 ce=2.2163 tv=0.4566 conf=2.5513 grad_norm=23.6830 tensors_with_grad=69/72
[train] step 336: T=592 positions=16 loss=1.0033 ce=0.9817 tv=0.3116 conf=1.9029 grad_norm=13.8986 tensors_with_grad=69/72
[train] step 337: T=559 positions=16 loss=0.5171 ce=0.6303 tv=0.1429 conf=1.3704 grad_norm=3.5296 tensors_with_grad=69/72
[train] step 338: T=538 positions=16 loss=0.0932 ce=0.2130 tv=0.0950 conf=0.3851 grad_norm=1.9778 tensors_with_grad=69/72
[train] step 339: T=554 positions=16 loss=2.1810 ce=1.9233 tv=0.3587 conf=3.2665 grad_norm=13.1738 tensors_with_grad=69/72
[train] step 340: T=577 positions=16 loss=3.2164 ce=2.7276 tv=0.5285 conf=2.7762 grad_norm=16.3607 tensors_with_grad=69/72
[train] step 341: T=630 positions=16 loss=0.4156 ce=0.5753 tv=0.1591 conf=1.2309 grad_norm=7.7757 tensors_with_grad=69/72
[train] step 342: T=672 positions=16 loss=2.1048 ce=1.7292 tv=0.4053 conf=1.6426 grad_norm=17.3369 tensors_with_grad=69/72
[train] step 343: T=536 positions=16 loss=0.4837 ce=0.4986 tv=0.1703 conf=1.5962 grad_norm=10.2811 tensors_with_grad=69/72
[train] step 344: T=528 positions=16 loss=0.8898 ce=1.1196 tv=0.2443 conf=2.2564 grad_norm=8.1652 tensors_with_grad=69/72
[train] step 345: T=547 positions=16 loss=1.7254 ce=1.4013 tv=0.3366 conf=1.3901 grad_norm=16.0307 tensors_with_grad=69/72
[train] step 346: T=639 positions=16 loss=0.5639 ce=0.5761 tv=0.2005 conf=1.4281 grad_norm=7.6818 tensors_with_grad=69/72
[train] step 347: T=602 positions=16 loss=1.6180 ce=1.5087 tv=0.2812 conf=2.1747 grad_norm=32.6493 tensors_with_grad=69/72
[train] step 348: T=665 positions=16 loss=0.3835 ce=0.5170 tv=0.1631 conf=1.7083 grad_norm=3.4883 tensors_with_grad=69/72
[train] step 349: T=600 positions=16 loss=2.6230 ce=2.2821 tv=0.4447 conf=2.6231 grad_norm=78.3992 tensors_with_grad=69/72
[train] step 350: T=1649 positions=16 loss=6.4887 ce=4.3772 tv=0.5630 conf=1.4861 grad_norm=27.2784 tensors_with_grad=69/72
[train] step 351: T=1232 positions=16 loss=3.4321 ce=2.8172 tv=0.5608 conf=2.9196 grad_norm=10.5489 tensors_with_grad=69/72
[train] step 352: T=528 positions=16 loss=2.4080 ce=1.7694 tv=0.4394 conf=1.3130 grad_norm=19.3193 tensors_with_grad=69/72
[train] step 353: T=1067 positions=16 loss=4.1858 ce=3.2536 tv=0.5344 conf=2.3194 grad_norm=19.4638 tensors_with_grad=69/72
[train] step 354: T=524 positions=16 loss=4.2026 ce=3.1344 tv=0.5054 conf=1.7881 grad_norm=19.3620 tensors_with_grad=69/72
[train] step 355: T=634 positions=16 loss=0.6362 ce=0.9067 tv=0.3254 conf=2.7095 grad_norm=6.9037 tensors_with_grad=69/72
[train] step 356: T=593 positions=16 loss=0.9136 ce=1.1013 tv=0.2790 conf=2.4338 grad_norm=11.4618 tensors_with_grad=69/72
[train] step 357: T=524 positions=16 loss=1.8417 ce=1.6987 tv=0.4420 conf=2.4894 grad_norm=14.8831 tensors_with_grad=69/72
[train] step 358: T=574 positions=16 loss=0.9012 ce=1.2467 tv=0.3224 conf=2.3664 grad_norm=12.9572 tensors_with_grad=69/72
[train] step 359: T=602 positions=16 loss=1.0888 ce=0.9077 tv=0.3149 conf=1.5577 grad_norm=8.4264 tensors_with_grad=69/72
[train] step 360: T=573 positions=16 loss=0.6976 ce=0.7374 tv=0.1511 conf=0.7394 grad_norm=10.7175 tensors_with_grad=69/72
[train] step 361: T=677 positions=16 loss=2.1196 ce=1.5983 tv=0.3563 conf=2.3752 grad_norm=14.3674 tensors_with_grad=69/72
[train] step 362: T=568 positions=16 loss=3.6667 ce=2.8516 tv=0.5643 conf=3.0412 grad_norm=18.3922 tensors_with_grad=69/72
[train] step 363: T=961 positions=16 loss=2.3025 ce=2.2195 tv=0.4230 conf=2.9759 grad_norm=18.1874 tensors_with_grad=69/72
[train] step 364: T=569 positions=16 loss=2.7059 ce=2.2559 tv=0.4750 conf=2.5185 grad_norm=18.1537 tensors_with_grad=69/72
[train] step 365: T=533 positions=16 loss=1.4630 ce=1.4764 tv=0.3541 conf=3.2023 grad_norm=17.1206 tensors_with_grad=69/72
[train] step 366: T=539 positions=16 loss=1.1680 ce=1.2795 tv=0.3891 conf=1.9831 grad_norm=5.9334 tensors_with_grad=69/72
[train] step 367: T=562 positions=16 loss=1.0809 ce=1.0189 tv=0.2398 conf=1.2451 grad_norm=10.1621 tensors_with_grad=69/72
[train] step 368: T=531 positions=16 loss=1.0431 ce=0.8062 tv=0.1738 conf=0.5958 grad_norm=9.0238 tensors_with_grad=69/72
[train] step 369: T=539 positions=16 loss=2.5856 ce=2.3393 tv=0.4391 conf=1.4067 grad_norm=38.9504 tensors_with_grad=69/72
[train] step 370: T=618 positions=16 loss=1.7408 ce=1.4532 tv=0.3398 conf=1.7789 grad_norm=17.1761 tensors_with_grad=69/72
[train] step 371: T=535 positions=16 loss=0.1128 ce=0.2047 tv=0.0964 conf=0.7300 grad_norm=2.3843 tensors_with_grad=69/72
[train] step 372: T=675 positions=16 loss=2.7065 ce=2.3628 tv=0.4941 conf=3.1684 grad_norm=11.2848 tensors_with_grad=69/72
[train] step 373: T=606 positions=16 loss=0.3267 ce=0.3898 tv=0.1035 conf=0.7854 grad_norm=12.9564 tensors_with_grad=69/72
[train] step 374: T=529 positions=16 loss=2.1557 ce=1.8347 tv=0.4209 conf=1.9368 grad_norm=12.7271 tensors_with_grad=69/72
[train] step 375: T=529 positions=16 loss=4.0011 ce=3.3736 tv=0.6125 conf=3.1128 grad_norm=16.2468 tensors_with_grad=69/72
[train] step 376: T=530 positions=16 loss=2.5426 ce=1.9136 tv=0.4265 conf=2.1013 grad_norm=9.2575 tensors_with_grad=69/72
[train] step 377: T=1003 positions=16 loss=2.8885 ce=2.1413 tv=0.3427 conf=1.5409 grad_norm=11.2958 tensors_with_grad=69/72
[train] step 378: T=551 positions=16 loss=1.6421 ce=2.0471 tv=0.3092 conf=1.9271 grad_norm=10.2781 tensors_with_grad=69/72
[train] step 379: T=810 positions=16 loss=2.1949 ce=1.7274 tv=0.2830 conf=1.5691 grad_norm=9.5206 tensors_with_grad=69/72
[train] step 380: T=533 positions=16 loss=0.7059 ce=0.7922 tv=0.2306 conf=2.7965 grad_norm=10.5534 tensors_with_grad=69/72
[train] step 381: T=672 positions=16 loss=2.4922 ce=2.1179 tv=0.5182 conf=1.7262 grad_norm=12.5445 tensors_with_grad=69/72
[train] step 382: T=1041 positions=16 loss=5.1627 ce=3.7877 tv=0.4318 conf=2.1212 grad_norm=24.2654 tensors_with_grad=69/72
[train] step 383: T=599 positions=16 loss=1.3440 ce=1.0125 tv=0.2929 conf=1.8707 grad_norm=14.7485 tensors_with_grad=69/72
[train] step 384: T=678 positions=16 loss=0.3976 ce=0.5435 tv=0.2225 conf=2.3644 grad_norm=7.7691 tensors_with_grad=69/72
[train] step 385: T=672 positions=16 loss=2.9609 ce=2.4289 tv=0.4658 conf=2.3532 grad_norm=15.2395 tensors_with_grad=69/72
[train] step 386: T=570 positions=16 loss=3.8123 ce=2.9275 tv=0.5393 conf=2.2242 grad_norm=25.1589 tensors_with_grad=69/72
[train] step 387: T=1218 positions=16 loss=5.5007 ce=4.0554 tv=0.5721 conf=2.6930 grad_norm=25.4306 tensors_with_grad=69/72
[train] step 388: T=529 positions=16 loss=0.8638 ce=0.8921 tv=0.2662 conf=1.1465 grad_norm=12.5851 tensors_with_grad=69/72
[train] step 389: T=532 positions=16 loss=0.9268 ce=1.0851 tv=0.2751 conf=2.3619 grad_norm=8.2914 tensors_with_grad=69/72
[train] step 390: T=541 positions=16 loss=0.6180 ce=0.7636 tv=0.1838 conf=1.1164 grad_norm=6.4918 tensors_with_grad=69/72
[train] step 391: T=531 positions=16 loss=1.3349 ce=1.2795 tv=0.3138 conf=2.9708 grad_norm=15.3506 tensors_with_grad=69/72
[train] step 392: T=630 positions=16 loss=1.4743 ce=1.1444 tv=0.2150 conf=1.6095 grad_norm=11.6290 tensors_with_grad=69/72
[train] step 393: T=1225 positions=16 loss=4.5321 ce=3.4009 tv=0.5136 conf=2.9524 grad_norm=17.4752 tensors_with_grad=69/72
[train] step 394: T=622 positions=16 loss=2.2768 ce=1.7685 tv=0.3739 conf=1.4708 grad_norm=14.1601 tensors_with_grad=69/72
[train] step 395: T=950 positions=16 loss=2.8620 ce=2.1886 tv=0.4068 conf=2.9013 grad_norm=11.9007 tensors_with_grad=69/72
[train] step 396: T=537 positions=16 loss=0.3999 ce=0.4848 tv=0.1159 conf=0.5480 grad_norm=5.8098 tensors_with_grad=69/72
[train] step 397: T=616 positions=16 loss=0.3654 ce=0.3620 tv=0.1438 conf=1.1531 grad_norm=7.3036 tensors_with_grad=69/72
[train] step 398: T=532 positions=16 loss=0.1277 ce=0.2591 tv=0.1217 conf=1.7764 grad_norm=3.4666 tensors_with_grad=69/72
[train] step 399: T=587 positions=16 loss=0.5122 ce=0.5206 tv=0.1758 conf=1.0786 grad_norm=6.9969 tensors_with_grad=69/72
[train] step 400: T=611 positions=16 loss=2.3274 ce=2.0650 tv=0.3823 conf=2.4360 grad_norm=12.7776 tensors_with_grad=69/72
[train] step 401: T=534 positions=16 loss=0.5194 ce=0.5855 tv=0.1942 conf=0.9693 grad_norm=6.9133 tensors_with_grad=69/72
[train] step 402: T=532 positions=16 loss=0.0786 ce=0.1429 tv=0.1282 conf=1.1494 grad_norm=0.7442 tensors_with_grad=69/72
[train] step 403: T=525 positions=16 loss=1.4336 ce=1.3218 tv=0.2495 conf=2.7628 grad_norm=22.8683 tensors_with_grad=69/72
[train] step 404: T=628 positions=16 loss=1.5656 ce=1.5662 tv=0.3363 conf=2.2011 grad_norm=10.3497 tensors_with_grad=69/72
[train] step 405: T=940 positions=16 loss=3.9268 ce=3.1755 tv=0.4479 conf=2.7924 grad_norm=15.3072 tensors_with_grad=69/72
[train] step 406: T=672 positions=16 loss=0.8062 ce=0.9371 tv=0.2721 conf=1.4802 grad_norm=12.7246 tensors_with_grad=69/72
[train] step 407: T=642 positions=16 loss=2.9079 ce=2.3273 tv=0.4683 conf=3.0402 grad_norm=15.4897 tensors_with_grad=69/72
[train] step 408: T=673 positions=16 loss=1.6766 ce=1.7074 tv=0.4665 conf=3.8490 grad_norm=12.2319 tensors_with_grad=69/72
[train] step 409: T=532 positions=16 loss=1.0272 ce=1.2270 tv=0.2858 conf=3.0008 grad_norm=6.7371 tensors_with_grad=69/72
[train] step 410: T=528 positions=16 loss=2.6888 ce=2.3556 tv=0.4871 conf=2.2719 grad_norm=12.7347 tensors_with_grad=69/72
[train] step 411: T=585 positions=16 loss=1.9069 ce=1.7293 tv=0.4020 conf=1.8226 grad_norm=10.5704 tensors_with_grad=69/72
[train] step 412: T=544 positions=16 loss=0.3115 ce=0.4760 tv=0.1653 conf=1.4375 grad_norm=8.9097 tensors_with_grad=69/72
[train] step 413: T=544 positions=16 loss=0.3661 ce=0.4878 tv=0.2000 conf=2.1538 grad_norm=6.3404 tensors_with_grad=69/72
[train] step 414: T=674 positions=16 loss=2.1565 ce=1.9950 tv=0.4312 conf=2.1836 grad_norm=13.7521 tensors_with_grad=69/72
[train] step 415: T=558 positions=16 loss=0.6623 ce=0.6782 tv=0.2353 conf=1.6697 grad_norm=9.9875 tensors_with_grad=69/72
[train] step 416: T=596 positions=16 loss=1.1158 ce=1.0093 tv=0.3314 conf=1.9421 grad_norm=16.3557 tensors_with_grad=69/72
[train] step 417: T=644 positions=16 loss=1.5622 ce=1.5821 tv=0.4332 conf=3.0796 grad_norm=10.1226 tensors_with_grad=69/72
[train] step 418: T=676 positions=16 loss=1.2560 ce=1.2920 tv=0.3289 conf=2.0748 grad_norm=16.5051 tensors_with_grad=69/72
[train] step 419: T=643 positions=16 loss=1.5765 ce=1.6330 tv=0.4235 conf=2.5236 grad_norm=10.2261 tensors_with_grad=69/72
[train] step 420: T=526 positions=16 loss=0.7231 ce=0.4983 tv=0.1210 conf=0.2999 grad_norm=6.1552 tensors_with_grad=69/72
[train] step 421: T=540 positions=16 loss=0.2194 ce=0.2712 tv=0.1162 conf=1.7461 grad_norm=4.4337 tensors_with_grad=69/72
[train] step 422: T=665 positions=16 loss=3.3135 ce=2.7291 tv=0.4951 conf=2.7081 grad_norm=14.5802 tensors_with_grad=69/72
[train] step 423: T=530 positions=16 loss=2.4459 ce=1.8248 tv=0.4045 conf=4.3708 grad_norm=19.0629 tensors_with_grad=69/72
[train] step 424: T=526 positions=16 loss=2.3275 ce=1.8913 tv=0.2970 conf=1.3157 grad_norm=23.8781 tensors_with_grad=69/72
[train] step 425: T=539 positions=16 loss=0.3347 ce=0.5550 tv=0.1969 conf=1.4816 grad_norm=4.0582 tensors_with_grad=69/72
[train] step 426: T=548 positions=16 loss=1.6877 ce=1.8927 tv=0.3627 conf=2.1043 grad_norm=9.5036 tensors_with_grad=69/72
[train] step 427: T=545 positions=16 loss=1.6539 ce=1.7504 tv=0.2369 conf=1.0610 grad_norm=13.9769 tensors_with_grad=69/72
[train] step 428: T=889 positions=16 loss=3.9387 ce=3.0484 tv=0.4956 conf=1.6151 grad_norm=24.7727 tensors_with_grad=69/72
[train] step 429: T=673 positions=16 loss=2.0774 ce=1.7153 tv=0.3443 conf=1.3756 grad_norm=9.2381 tensors_with_grad=69/72
[train] step 430: T=597 positions=16 loss=0.1554 ce=0.2578 tv=0.1678 conf=1.4717 grad_norm=2.4985 tensors_with_grad=69/72
[train] step 431: T=601 positions=16 loss=1.2575 ce=1.5975 tv=0.2963 conf=1.5371 grad_norm=13.3787 tensors_with_grad=69/72
[train] step 432: T=525 positions=16 loss=2.3642 ce=2.3030 tv=0.5068 conf=2.5866 grad_norm=15.5764 tensors_with_grad=69/72
[train] step 433: T=541 positions=16 loss=0.1445 ce=0.2234 tv=0.1517 conf=1.1491 grad_norm=4.9645 tensors_with_grad=69/72
[train] step 434: T=561 positions=16 loss=0.7858 ce=0.8679 tv=0.2511 conf=1.9403 grad_norm=14.4070 tensors_with_grad=69/72
[train] step 435: T=556 positions=16 loss=1.1087 ce=1.2159 tv=0.2049 conf=0.9929 grad_norm=9.5029 tensors_with_grad=69/72
[train] step 436: T=541 positions=16 loss=0.2331 ce=0.3540 tv=0.1589 conf=1.3234 grad_norm=4.1177 tensors_with_grad=69/72
[train] step 437: T=582 positions=16 loss=3.1052 ce=2.2772 tv=0.4413 conf=1.6175 grad_norm=21.5234 tensors_with_grad=69/72
[train] step 438: T=543 positions=16 loss=1.8408 ce=1.7842 tv=0.2950 conf=1.7488 grad_norm=18.7517 tensors_with_grad=69/72
[train] step 439: T=636 positions=16 loss=1.2591 ce=1.1028 tv=0.3783 conf=1.5243 grad_norm=9.6363 tensors_with_grad=69/72
[train] step 440: T=530 positions=16 loss=2.2167 ce=1.9085 tv=0.4551 conf=2.4872 grad_norm=9.6627 tensors_with_grad=69/72
[train] step 441: T=581 positions=16 loss=1.3650 ce=1.1640 tv=0.3540 conf=2.4287 grad_norm=11.5962 tensors_with_grad=69/72
[train] step 442: T=569 positions=16 loss=1.3761 ce=1.2215 tv=0.2693 conf=1.0753 grad_norm=7.2123 tensors_with_grad=69/72
[train] step 443: T=573 positions=16 loss=2.1840 ce=1.5667 tv=0.2933 conf=3.0227 grad_norm=22.7160 tensors_with_grad=69/72
[train] step 444: T=543 positions=16 loss=3.4231 ce=2.7255 tv=0.4471 conf=2.5390 grad_norm=25.7324 tensors_with_grad=69/72
[train] step 445: T=546 positions=16 loss=0.6189 ce=0.6296 tv=0.1600 conf=1.3180 grad_norm=11.8241 tensors_with_grad=69/72
[train] step 446: T=672 positions=16 loss=2.7127 ce=2.3241 tv=0.5443 conf=3.0894 grad_norm=12.5343 tensors_with_grad=69/72
[train] step 447: T=604 positions=16 loss=3.4424 ce=3.1180 tv=0.4701 conf=1.5167 grad_norm=32.0036 tensors_with_grad=69/72
[train] step 448: T=622 positions=16 loss=1.7667 ce=1.4079 tv=0.3286 conf=1.3622 grad_norm=12.3495 tensors_with_grad=69/72
[train] step 449: T=542 positions=16 loss=1.3909 ce=1.8855 tv=0.3513 conf=1.6062 grad_norm=16.0097 tensors_with_grad=69/72
[train] step 450: T=539 positions=16 loss=0.4988 ce=0.5868 tv=0.2264 conf=3.5834 grad_norm=6.5041 tensors_with_grad=69/72
[train] step 451: T=636 positions=16 loss=0.7374 ce=0.9590 tv=0.2977 conf=2.5987 grad_norm=8.6796 tensors_with_grad=69/72
[train] step 452: T=587 positions=16 loss=0.6919 ce=0.7051 tv=0.1228 conf=1.4173 grad_norm=7.7928 tensors_with_grad=69/72
[train] step 453: T=633 positions=16 loss=1.9798 ce=1.6160 tv=0.3733 conf=2.6405 grad_norm=20.0124 tensors_with_grad=69/72
[train] step 454: T=536 positions=16 loss=0.1807 ce=0.3226 tv=0.1065 conf=1.4810 grad_norm=3.9092 tensors_with_grad=69/72
[train] step 455: T=529 positions=16 loss=0.8509 ce=0.9019 tv=0.2279 conf=3.9035 grad_norm=5.5081 tensors_with_grad=69/72
[train] step 456: T=580 positions=16 loss=0.1124 ce=0.3929 tv=0.1613 conf=1.9713 grad_norm=1.8605 tensors_with_grad=69/72
[train] step 457: T=1549 positions=16 loss=4.0132 ce=3.0758 tv=0.4764 conf=3.1602 grad_norm=17.7604 tensors_with_grad=69/72
[train] step 458: T=636 positions=16 loss=0.5478 ce=0.8717 tv=0.2778 conf=3.2294 grad_norm=13.7746 tensors_with_grad=69/72
[train] step 459: T=899 positions=16 loss=2.3080 ce=1.7560 tv=0.2800 conf=1.4203 grad_norm=7.2946 tensors_with_grad=69/72
[train] step 460: T=611 positions=16 loss=0.1658 ce=0.2972 tv=0.1119 conf=1.3335 grad_norm=5.3302 tensors_with_grad=69/72
[train] step 461: T=533 positions=16 loss=0.9460 ce=0.7814 tv=0.1929 conf=1.2644 grad_norm=7.2034 tensors_with_grad=69/72
[train] step 462: T=567 positions=16 loss=2.7795 ce=2.3545 tv=0.4347 conf=2.8964 grad_norm=10.5503 tensors_with_grad=69/72
[train] step 463: T=539 positions=16 loss=0.1696 ce=0.2176 tv=0.0955 conf=0.8071 grad_norm=1.7975 tensors_with_grad=69/72
[train] step 464: T=539 positions=16 loss=0.0798 ce=0.1628 tv=0.1080 conf=1.1174 grad_norm=2.5488 tensors_with_grad=69/72
[train] step 465: T=663 positions=16 loss=1.3931 ce=1.0297 tv=0.2954 conf=1.3268 grad_norm=10.9104 tensors_with_grad=69/72
[train] step 466: T=601 positions=16 loss=1.6047 ce=1.5088 tv=0.3266 conf=1.7085 grad_norm=8.9565 tensors_with_grad=69/72
[train] step 467: T=532 positions=16 loss=0.7327 ce=0.6185 tv=0.1658 conf=0.7236 grad_norm=12.7429 tensors_with_grad=69/72
[train] step 468: T=575 positions=16 loss=2.0456 ce=1.6536 tv=0.4150 conf=2.4787 grad_norm=8.9855 tensors_with_grad=69/72
[train] step 469: T=542 positions=16 loss=0.4322 ce=0.5110 tv=0.2067 conf=1.7740 grad_norm=5.9788 tensors_with_grad=69/72
[train] step 470: T=1125 positions=16 loss=2.0541 ce=1.9139 tv=0.3355 conf=3.6135 grad_norm=10.1504 tensors_with_grad=69/72
[train] step 471: T=586 positions=16 loss=1.3278 ce=1.6980 tv=0.3573 conf=1.5615 grad_norm=16.8494 tensors_with_grad=69/72
[train] step 472: T=576 positions=16 loss=0.5014 ce=0.6631 tv=0.2193 conf=2.0584 grad_norm=7.9501 tensors_with_grad=69/72
[train] step 473: T=534 positions=16 loss=0.5437 ce=0.7230 tv=0.2466 conf=2.9528 grad_norm=5.5850 tensors_with_grad=69/72
[train] step 474: T=535 positions=16 loss=1.4251 ce=1.3940 tv=0.2982 conf=0.9563 grad_norm=10.8263 tensors_with_grad=69/72
[train] step 475: T=663 positions=16 loss=2.1414 ce=1.8410 tv=0.5063 conf=2.5731 grad_norm=11.5432 tensors_with_grad=69/72
[train] step 476: T=593 positions=16 loss=3.0166 ce=2.4015 tv=0.3521 conf=1.7390 grad_norm=36.4450 tensors_with_grad=69/72
[train] step 477: T=672 positions=16 loss=3.6812 ce=2.8241 tv=0.5412 conf=2.0978 grad_norm=16.5845 tensors_with_grad=69/72
[train] step 478: T=572 positions=16 loss=2.9788 ce=2.0407 tv=0.4242 conf=2.1818 grad_norm=26.2919 tensors_with_grad=69/72
[train] step 479: T=672 positions=16 loss=2.2184 ce=1.8310 tv=0.4409 conf=2.5860 grad_norm=12.2872 tensors_with_grad=69/72
[train] step 480: T=557 positions=16 loss=0.7978 ce=0.7087 tv=0.1960 conf=1.7229 grad_norm=9.2208 tensors_with_grad=69/72
[train] step 481: T=676 positions=16 loss=2.7788 ce=2.0837 tv=0.4200 conf=1.5505 grad_norm=9.5885 tensors_with_grad=69/72
[train] step 482: T=676 positions=16 loss=2.7444 ce=2.1958 tv=0.4672 conf=2.0727 grad_norm=12.1898 tensors_with_grad=69/72
[train] step 483: T=526 positions=16 loss=2.8147 ce=2.1501 tv=0.5033 conf=2.6013 grad_norm=28.1240 tensors_with_grad=69/72
[train] step 484: T=585 positions=16 loss=1.5622 ce=1.1338 tv=0.2607 conf=1.4441 grad_norm=13.7629 tensors_with_grad=69/72
[train] step 485: T=542 positions=16 loss=0.8731 ce=1.0058 tv=0.3272 conf=1.7005 grad_norm=8.2541 tensors_with_grad=69/72
[train] step 486: T=572 positions=16 loss=1.7657 ce=1.4010 tv=0.2718 conf=1.8618 grad_norm=9.4439 tensors_with_grad=69/72
[train] step 487: T=567 positions=16 loss=2.6903 ce=2.4201 tv=0.4507 conf=2.9300 grad_norm=18.4375 tensors_with_grad=69/72
[train] step 488: T=591 positions=16 loss=1.0129 ce=1.3949 tv=0.2647 conf=2.3018 grad_norm=20.2886 tensors_with_grad=69/72
[train] step 489: T=536 positions=16 loss=0.0339 ce=0.0676 tv=0.0498 conf=0.4756 grad_norm=1.2396 tensors_with_grad=69/72
[diag] draft-argmax == TARGET-argmax : 67.3%  | == ground-truth token: 67.4%
[diag] mean top-1 prob  target 0.840  draft 0.725   (TV near 1 with a PEAKED draft => misalignment; with a FLAT draft => genuine)
[train] saved 72 trained tensors -> /cap/auto-ace0p5/c2/trained/mtp_trained.safetensors
[train] saved AdamW state -> /cap/auto-ace0p5/c2/trained/opt_state.pt (needed for --resume to be equivalent to one continuous run)
[train] metrics -> /cap/auto-ace0p5/c2/train_metrics.json  (loss 1.1723 -> 0.0339, tail mean 1.5819)
[train] TRAIN OK
