[train] device=cuda torch=2.10.0
  loading model-00046-of-00048.safetensors ...
  loading model-00047-of-00048.safetensors ...
  loading model-00048-of-00048.safetensors ...
  dequantised 1512 tensors, 12.60 B params, 23.5 GiB bf16
[train] weights ready in 11.0s
[train] trainable 517.3 M in 72 tensors | frozen experts 12.08 B
[train] capture: 490 sample(s)
[Gloo] Rank 0 is connected to 0 peer ranks. Expected number of connected peer ranks is : 0
[train] ModelArgs: n_mtp=3 block=5 taps=[40, 41, 42] markov_rank=256
[train] built 3 DSparkBlock(s) on meta
[train] re-materialised freqs_cis on 3 attention module(s) (persistent=False buffers are NOT in state_dict and to_empty() zapped them)
[train] load_state_dict: 0 missing, 0 unexpected
[train] GATE1 model construction OK
[train] aux: embed.weight(129280, 4096), head.weight(129280, 4096)
[train] trainable tensors in graph: 72 / 517.3 M
[train] resumed 72/72 trained tensors from /cap/auto-ace0p3/c1/trained/mtp_trained.safetensors
[train] resumed AdamW state: 69/72 tensors carry moments (3 never received a gradient, expected), indices aligned
[train] P2.5 anchor: frozen copy of 3 block(s), beta=0.1
[train] lr schedule: linear warmup 73 step(s) -> cosine over 1472 session step(s), peak 5e-05; this chunk is steps 982..1471
/work/train/train_head.py:115: UserWarning: Converting a tensor with requires_grad=True to a scalar may lead to unexpected behavior.
Consider using tensor.detach() first. (Triggered internally at /opt/pytorch/torch/csrc/autograd/generated/python_variable_methods.cpp:836.)
  parts = {"ce": float((w * ce).sum()), "tv": float((w * tv).sum()), "conf": 0.0}
[train] step 0: T=527 positions=16 loss=0.8860 ce=1.4729 tv=0.3857 conf=2.4040 grad_norm=3.6739 tensors_with_grad=69/72
[train] step 1: T=616 positions=16 loss=1.1098 ce=1.6945 tv=0.3510 conf=2.7072 grad_norm=8.3602 tensors_with_grad=69/72
[train] step 2: T=533 positions=16 loss=0.8407 ce=1.5367 tv=0.3280 conf=1.5649 grad_norm=7.9996 tensors_with_grad=69/72
[train] step 3: T=626 positions=16 loss=0.4984 ce=0.7483 tv=0.2187 conf=1.8358 grad_norm=4.4378 tensors_with_grad=69/72
[train] step 4: T=638 positions=16 loss=1.0499 ce=1.2248 tv=0.2322 conf=1.9244 grad_norm=12.9282 tensors_with_grad=69/72
[train] step 5: T=535 positions=16 loss=0.7270 ce=1.2055 tv=0.2274 conf=1.6703 grad_norm=7.1943 tensors_with_grad=69/72
[train] step 6: T=1429 positions=16 loss=3.2980 ce=3.2645 tv=0.4606 conf=2.9948 grad_norm=13.5454 tensors_with_grad=69/72
[train] step 7: T=675 positions=16 loss=0.9492 ce=1.2040 tv=0.3097 conf=2.7068 grad_norm=7.3776 tensors_with_grad=69/72
[train] step 8: T=529 positions=16 loss=2.7697 ce=3.0306 tv=0.4698 conf=2.0430 grad_norm=11.3382 tensors_with_grad=69/72
[train] step 9: T=673 positions=16 loss=1.8766 ce=2.2227 tv=0.3856 conf=2.0277 grad_norm=7.8585 tensors_with_grad=69/72
[train] step 10: T=622 positions=16 loss=0.4109 ce=0.6879 tv=0.1920 conf=1.7092 grad_norm=4.0201 tensors_with_grad=69/72
[train] step 11: T=630 positions=16 loss=1.7583 ce=2.1190 tv=0.4104 conf=3.1980 grad_norm=10.4144 tensors_with_grad=69/72
[train] step 12: T=586 positions=16 loss=1.1733 ce=1.5585 tv=0.3841 conf=3.5043 grad_norm=10.1316 tensors_with_grad=69/72
[train] step 13: T=535 positions=16 loss=2.1816 ce=2.6317 tv=0.5407 conf=3.6320 grad_norm=10.8315 tensors_with_grad=69/72
[train] step 14: T=625 positions=16 loss=1.1989 ce=1.9524 tv=0.3257 conf=2.7646 grad_norm=11.7499 tensors_with_grad=69/72
[train] step 15: T=535 positions=16 loss=0.7375 ce=0.8919 tv=0.2396 conf=2.8566 grad_norm=7.1755 tensors_with_grad=69/72
[train] step 16: T=553 positions=16 loss=1.4691 ce=1.5907 tv=0.3409 conf=4.3057 grad_norm=11.8712 tensors_with_grad=69/72
[train] step 17: T=532 positions=16 loss=0.5622 ce=0.6991 tv=0.1911 conf=1.7969 grad_norm=6.5659 tensors_with_grad=69/72
[train] step 18: T=536 positions=16 loss=0.1824 ce=0.2571 tv=0.0884 conf=1.2049 grad_norm=3.9645 tensors_with_grad=69/72
[train] step 19: T=896 positions=16 loss=2.1878 ce=2.3626 tv=0.3811 conf=2.2080 grad_norm=11.0076 tensors_with_grad=69/72
[train] step 20: T=544 positions=16 loss=0.9590 ce=1.3927 tv=0.2505 conf=3.1889 grad_norm=8.4172 tensors_with_grad=69/72
[train] step 21: T=581 positions=16 loss=0.8339 ce=1.3724 tv=0.2811 conf=2.2121 grad_norm=5.9277 tensors_with_grad=69/72
[train] step 22: T=672 positions=16 loss=2.2827 ce=2.6373 tv=0.5162 conf=3.2466 grad_norm=8.6011 tensors_with_grad=69/72
[train] step 23: T=587 positions=16 loss=0.3541 ce=0.4971 tv=0.2144 conf=3.0406 grad_norm=4.8347 tensors_with_grad=69/72
[train] step 24: T=674 positions=16 loss=1.1078 ce=1.5839 tv=0.3703 conf=3.3895 grad_norm=5.6069 tensors_with_grad=69/72
[train] step 25: T=563 positions=16 loss=0.6310 ce=0.6309 tv=0.1709 conf=0.7900 grad_norm=5.5033 tensors_with_grad=69/72
[train] step 26: T=566 positions=16 loss=2.0462 ce=2.0788 tv=0.3867 conf=1.7067 grad_norm=12.3826 tensors_with_grad=69/72
[train] step 27: T=612 positions=16 loss=0.8203 ce=1.2039 tv=0.3151 conf=2.6362 grad_norm=5.5732 tensors_with_grad=69/72
[train] step 28: T=673 positions=16 loss=0.3208 ce=0.6230 tv=0.2161 conf=3.0254 grad_norm=3.3319 tensors_with_grad=69/72
[train] step 29: T=537 positions=16 loss=2.4246 ce=2.5841 tv=0.5131 conf=3.3720 grad_norm=15.1482 tensors_with_grad=69/72
[train] step 30: T=657 positions=16 loss=0.2725 ce=0.6163 tv=0.2161 conf=3.1579 grad_norm=3.7855 tensors_with_grad=69/72
[train] step 31: T=595 positions=16 loss=0.4426 ce=0.6153 tv=0.1405 conf=4.7664 grad_norm=8.0280 tensors_with_grad=69/72
[train] step 32: T=970 positions=16 loss=2.9039 ce=2.7912 tv=0.4223 conf=2.2366 grad_norm=15.9926 tensors_with_grad=69/72
[train] step 33: T=1741 positions=16 loss=3.9807 ce=4.2394 tv=0.5687 conf=4.2048 grad_norm=16.3698 tensors_with_grad=69/72
[train] step 34: T=574 positions=16 loss=2.1810 ce=2.5943 tv=0.4991 conf=3.6072 grad_norm=9.7646 tensors_with_grad=69/72
[train] step 35: T=581 positions=16 loss=1.4089 ce=1.4099 tv=0.3334 conf=1.5127 grad_norm=9.7276 tensors_with_grad=69/72
[train] step 36: T=563 positions=16 loss=1.1311 ce=1.5105 tv=0.2785 conf=2.7500 grad_norm=13.5256 tensors_with_grad=69/72
[train] step 37: T=534 positions=16 loss=0.2029 ce=0.2926 tv=0.1172 conf=1.7828 grad_norm=1.0438 tensors_with_grad=69/72
[train] step 38: T=645 positions=16 loss=2.8413 ce=3.0044 tv=0.5722 conf=3.8451 grad_norm=12.6670 tensors_with_grad=69/72
[train] step 39: T=672 positions=16 loss=1.8522 ce=2.2444 tv=0.3898 conf=2.9776 grad_norm=8.2592 tensors_with_grad=69/72
[train] step 40: T=578 positions=16 loss=1.2277 ce=1.4643 tv=0.3133 conf=3.4774 grad_norm=9.1392 tensors_with_grad=69/72
[train] step 41: T=527 positions=16 loss=1.4175 ce=1.8822 tv=0.3404 conf=2.8810 grad_norm=9.3232 tensors_with_grad=69/72
[train] step 42: T=645 positions=16 loss=1.0554 ce=1.2522 tv=0.2853 conf=2.4540 grad_norm=11.4243 tensors_with_grad=69/72
[train] step 43: T=1008 positions=16 loss=1.8100 ce=2.1754 tv=0.3292 conf=2.5074 grad_norm=7.3539 tensors_with_grad=69/72
[train] step 44: T=676 positions=16 loss=0.9429 ce=1.2122 tv=0.3174 conf=2.0739 grad_norm=14.7772 tensors_with_grad=69/72
[train] step 45: T=674 positions=16 loss=1.8183 ce=2.2549 tv=0.4416 conf=1.9700 grad_norm=6.1519 tensors_with_grad=69/72
[train] step 46: T=528 positions=16 loss=1.7115 ce=1.9968 tv=0.4598 conf=2.6676 grad_norm=11.8877 tensors_with_grad=69/72
[train] step 47: T=538 positions=16 loss=1.5006 ce=1.6032 tv=0.3906 conf=1.9983 grad_norm=11.6988 tensors_with_grad=69/72
[train] step 48: T=572 positions=16 loss=1.6709 ce=2.1842 tv=0.4239 conf=3.1944 grad_norm=8.0840 tensors_with_grad=69/72
[train] step 49: T=536 positions=16 loss=0.2945 ce=0.6139 tv=0.2615 conf=3.1363 grad_norm=4.8373 tensors_with_grad=69/72
[train] step 50: T=673 positions=16 loss=2.1116 ce=2.4486 tv=0.4831 conf=1.8438 grad_norm=9.7813 tensors_with_grad=69/72
[train] step 51: T=603 positions=16 loss=0.3433 ce=0.5738 tv=0.1531 conf=1.2204 grad_norm=4.6191 tensors_with_grad=69/72
[train] step 52: T=532 positions=16 loss=1.0335 ce=1.2764 tv=0.2992 conf=1.1822 grad_norm=16.3821 tensors_with_grad=69/72
[train] step 53: T=618 positions=16 loss=0.4979 ce=0.9532 tv=0.2848 conf=4.1381 grad_norm=5.4988 tensors_with_grad=69/72
[train] step 54: T=539 positions=16 loss=0.6224 ce=0.8257 tv=0.2258 conf=2.8621 grad_norm=9.9628 tensors_with_grad=69/72
[train] step 55: T=569 positions=16 loss=1.1730 ce=1.4778 tv=0.2946 conf=2.5925 grad_norm=5.7497 tensors_with_grad=69/72
[train] step 56: T=589 positions=16 loss=2.0278 ce=2.3535 tv=0.5135 conf=2.2645 grad_norm=19.4078 tensors_with_grad=69/72
[train] step 57: T=653 positions=16 loss=1.9413 ce=2.3646 tv=0.4839 conf=2.5137 grad_norm=18.3262 tensors_with_grad=69/72
[train] step 58: T=675 positions=16 loss=1.6529 ce=1.9447 tv=0.4080 conf=3.0018 grad_norm=11.7951 tensors_with_grad=69/72
[train] step 59: T=599 positions=16 loss=2.0918 ce=2.9115 tv=0.4661 conf=1.7598 grad_norm=10.5803 tensors_with_grad=69/72
[train] step 60: T=901 positions=16 loss=1.9025 ce=2.2428 tv=0.3564 conf=2.4216 grad_norm=6.6319 tensors_with_grad=69/72
[train] step 61: T=597 positions=16 loss=0.1167 ce=0.2572 tv=0.1213 conf=1.0150 grad_norm=2.0271 tensors_with_grad=69/72
[train] step 62: T=613 positions=16 loss=0.0488 ce=0.2171 tv=0.1252 conf=4.0034 grad_norm=4.4804 tensors_with_grad=69/72
[train] step 63: T=546 positions=16 loss=0.4738 ce=0.7083 tv=0.2612 conf=1.9415 grad_norm=4.5167 tensors_with_grad=69/72
[train] step 64: T=535 positions=16 loss=0.0728 ce=0.1656 tv=0.1062 conf=0.6621 grad_norm=1.1347 tensors_with_grad=69/72
[train] step 65: T=527 positions=16 loss=2.0269 ce=2.1839 tv=0.5086 conf=2.4319 grad_norm=7.6249 tensors_with_grad=69/72
[train] step 66: T=672 positions=16 loss=2.1158 ce=2.3484 tv=0.5150 conf=2.9077 grad_norm=15.5870 tensors_with_grad=69/72
[train] step 67: T=535 positions=16 loss=2.5008 ce=2.6538 tv=0.5331 conf=2.4980 grad_norm=16.3415 tensors_with_grad=69/72
[train] step 68: T=629 positions=16 loss=1.2998 ce=1.4435 tv=0.3962 conf=2.7121 grad_norm=10.5021 tensors_with_grad=69/72
[train] step 69: T=529 positions=16 loss=1.4293 ce=1.6889 tv=0.3090 conf=3.3161 grad_norm=9.5440 tensors_with_grad=69/72
[train] step 70: T=544 positions=16 loss=0.3283 ce=0.4231 tv=0.1078 conf=0.6296 grad_norm=4.4518 tensors_with_grad=69/72
[train] step 71: T=1433 positions=16 loss=3.7487 ce=3.9979 tv=0.5012 conf=2.7568 grad_norm=13.4252 tensors_with_grad=69/72
[train] step 72: T=528 positions=16 loss=2.0040 ce=2.2834 tv=0.3332 conf=2.0262 grad_norm=11.7009 tensors_with_grad=69/72
[train] step 73: T=674 positions=16 loss=1.8308 ce=2.1790 tv=0.4331 conf=1.9149 grad_norm=16.0216 tensors_with_grad=69/72
[train] step 74: T=527 positions=16 loss=0.8012 ce=1.1353 tv=0.2895 conf=2.7765 grad_norm=8.2578 tensors_with_grad=69/72
[train] step 75: T=642 positions=16 loss=1.4512 ce=1.9286 tv=0.4115 conf=3.2051 grad_norm=6.7567 tensors_with_grad=69/72
[train] step 76: T=598 positions=16 loss=0.6388 ce=0.7173 tv=0.1695 conf=1.4787 grad_norm=4.2303 tensors_with_grad=69/72
[train] step 77: T=933 positions=16 loss=1.8382 ce=2.1723 tv=0.3977 conf=2.4346 grad_norm=10.9483 tensors_with_grad=69/72
[train] step 78: T=653 positions=16 loss=2.4397 ce=2.9104 tv=0.5541 conf=3.6306 grad_norm=41.3242 tensors_with_grad=69/72
[train] step 79: T=655 positions=16 loss=0.8282 ce=1.5934 tv=0.3557 conf=1.8985 grad_norm=5.8840 tensors_with_grad=69/72
[train] step 80: T=585 positions=16 loss=0.4622 ce=0.5700 tv=0.1658 conf=2.3198 grad_norm=2.9032 tensors_with_grad=69/72
[train] step 81: T=641 positions=16 loss=2.1971 ce=2.5687 tv=0.5252 conf=2.8741 grad_norm=10.1021 tensors_with_grad=69/72
[train] step 82: T=532 positions=16 loss=1.2176 ce=1.3090 tv=0.2998 conf=1.2980 grad_norm=13.9169 tensors_with_grad=69/72
[train] step 83: T=526 positions=16 loss=2.0307 ce=2.1961 tv=0.5146 conf=2.3896 grad_norm=12.4126 tensors_with_grad=69/72
[train] step 84: T=590 positions=16 loss=0.3840 ce=0.7625 tv=0.2447 conf=2.8662 grad_norm=6.1354 tensors_with_grad=69/72
[train] step 85: T=527 positions=16 loss=1.2019 ce=1.6648 tv=0.4010 conf=3.3586 grad_norm=5.5716 tensors_with_grad=69/72
[train] step 86: T=838 positions=16 loss=1.7249 ce=2.1164 tv=0.4478 conf=3.6681 grad_norm=7.9887 tensors_with_grad=69/72
[train] step 87: T=528 positions=16 loss=0.7644 ce=0.9710 tv=0.2277 conf=0.5743 grad_norm=5.0149 tensors_with_grad=69/72
[train] step 88: T=594 positions=16 loss=0.2828 ce=0.5151 tv=0.2101 conf=1.5703 grad_norm=4.0761 tensors_with_grad=69/72
[train] step 89: T=634 positions=16 loss=0.5836 ce=0.7256 tv=0.2432 conf=2.8613 grad_norm=4.0548 tensors_with_grad=69/72
[train] step 90: T=558 positions=16 loss=1.3674 ce=1.7210 tv=0.3998 conf=3.2838 grad_norm=14.6609 tensors_with_grad=69/72
[train] step 91: T=649 positions=16 loss=0.7166 ce=1.0778 tv=0.2724 conf=2.7358 grad_norm=3.9703 tensors_with_grad=69/72
[train] step 92: T=1085 positions=16 loss=2.0395 ce=2.3998 tv=0.3577 conf=2.5756 grad_norm=8.0880 tensors_with_grad=69/72
[train] step 93: T=575 positions=16 loss=1.1564 ce=1.3892 tv=0.2507 conf=2.1736 grad_norm=7.4499 tensors_with_grad=69/72
[train] step 94: T=611 positions=16 loss=0.5243 ce=0.7495 tv=0.2018 conf=2.3503 grad_norm=3.0317 tensors_with_grad=69/72
[train] step 95: T=529 positions=16 loss=2.3125 ce=2.4337 tv=0.5305 conf=2.6130 grad_norm=7.2064 tensors_with_grad=69/72
[train] step 96: T=526 positions=16 loss=1.2610 ce=1.5546 tv=0.3514 conf=1.4485 grad_norm=7.8174 tensors_with_grad=69/72
[train] step 97: T=576 positions=16 loss=0.4638 ce=0.9398 tv=0.2611 conf=2.5526 grad_norm=7.7790 tensors_with_grad=69/72
[train] step 98: T=674 positions=16 loss=1.8594 ce=2.1070 tv=0.4348 conf=2.1288 grad_norm=13.6215 tensors_with_grad=69/72
[train] step 99: T=535 positions=16 loss=0.3809 ce=0.6143 tv=0.2561 conf=1.7405 grad_norm=3.4674 tensors_with_grad=69/72
[train] step 100: T=975 positions=16 loss=2.7157 ce=3.0054 tv=0.4436 conf=2.9349 grad_norm=7.2382 tensors_with_grad=69/72
[train] step 101: T=1794 positions=16 loss=3.0640 ce=3.3495 tv=0.5297 conf=3.8513 grad_norm=9.5424 tensors_with_grad=69/72
[train] step 102: T=532 positions=16 loss=1.2616 ce=1.7096 tv=0.4389 conf=2.2873 grad_norm=16.9441 tensors_with_grad=69/72
[train] step 103: T=552 positions=16 loss=1.1248 ce=2.0703 tv=0.2992 conf=1.7831 grad_norm=7.1121 tensors_with_grad=69/72
[train] step 104: T=541 positions=16 loss=1.5750 ce=1.8958 tv=0.3897 conf=2.9465 grad_norm=16.1188 tensors_with_grad=69/72
[train] step 105: T=678 positions=16 loss=0.8056 ce=1.1228 tv=0.2795 conf=1.7941 grad_norm=10.9774 tensors_with_grad=69/72
[train] step 106: T=527 positions=16 loss=2.6205 ce=3.1646 tv=0.5201 conf=2.9381 grad_norm=11.4973 tensors_with_grad=69/72
[train] step 107: T=648 positions=16 loss=1.9846 ce=2.3846 tv=0.4467 conf=2.8696 grad_norm=5.4729 tensors_with_grad=69/72
[train] step 108: T=543 positions=16 loss=0.1557 ce=0.3022 tv=0.1364 conf=1.2759 grad_norm=3.2367 tensors_with_grad=69/72
[train] step 109: T=920 positions=16 loss=2.7607 ce=3.3164 tv=0.4861 conf=2.1070 grad_norm=12.1017 tensors_with_grad=69/72
[train] step 110: T=672 positions=16 loss=1.0904 ce=1.5126 tv=0.3525 conf=2.2229 grad_norm=6.8337 tensors_with_grad=69/72
[train] step 111: T=882 positions=16 loss=2.2216 ce=2.3499 tv=0.3897 conf=1.1261 grad_norm=10.9679 tensors_with_grad=69/72
[train] step 112: T=528 positions=16 loss=0.5376 ce=0.6809 tv=0.2078 conf=1.7797 grad_norm=9.5788 tensors_with_grad=69/72
[train] step 113: T=674 positions=16 loss=1.7556 ce=2.3092 tv=0.4088 conf=2.6781 grad_norm=10.0893 tensors_with_grad=69/72
[train] step 114: T=533 positions=16 loss=0.3269 ce=0.5806 tv=0.1884 conf=1.9573 grad_norm=5.4038 tensors_with_grad=69/72
[train] step 115: T=623 positions=16 loss=1.4761 ce=1.5849 tv=0.3835 conf=3.7376 grad_norm=9.5450 tensors_with_grad=69/72
[train] step 116: T=1190 positions=16 loss=2.5579 ce=2.6902 tv=0.3963 conf=2.3163 grad_norm=12.4348 tensors_with_grad=69/72
[train] step 117: T=627 positions=16 loss=1.0270 ce=1.1872 tv=0.2832 conf=2.1638 grad_norm=10.9971 tensors_with_grad=69/72
[train] step 118: T=638 positions=16 loss=1.6512 ce=2.1276 tv=0.4973 conf=2.1395 grad_norm=6.3576 tensors_with_grad=69/72
[train] step 119: T=605 positions=16 loss=1.7459 ce=2.2274 tv=0.4278 conf=3.4262 grad_norm=7.0535 tensors_with_grad=69/72
[train] step 120: T=664 positions=16 loss=0.1835 ce=0.3407 tv=0.1741 conf=2.3377 grad_norm=3.5230 tensors_with_grad=69/72
[train] step 121: T=530 positions=16 loss=1.6629 ce=2.0700 tv=0.3369 conf=1.4376 grad_norm=9.2431 tensors_with_grad=69/72
[train] step 122: T=541 positions=16 loss=0.4024 ce=0.5358 tv=0.1576 conf=1.0317 grad_norm=4.2525 tensors_with_grad=69/72
[train] step 123: T=533 positions=16 loss=1.1140 ce=1.4508 tv=0.2751 conf=2.0620 grad_norm=5.5288 tensors_with_grad=69/72
[train] step 124: T=616 positions=16 loss=1.6121 ce=1.9248 tv=0.3585 conf=1.7533 grad_norm=9.8068 tensors_with_grad=69/72
[train] step 125: T=672 positions=16 loss=2.6838 ce=2.9495 tv=0.5679 conf=3.4829 grad_norm=12.6562 tensors_with_grad=69/72
[train] step 126: T=524 positions=16 loss=2.0151 ce=2.1868 tv=0.4659 conf=2.0744 grad_norm=9.1818 tensors_with_grad=69/72
[train] step 127: T=1177 positions=16 loss=2.7506 ce=2.9026 tv=0.4629 conf=2.6525 grad_norm=11.2096 tensors_with_grad=69/72
[train] step 128: T=543 positions=16 loss=0.7269 ce=0.9967 tv=0.2512 conf=2.5285 grad_norm=6.2062 tensors_with_grad=69/72
[train] step 129: T=537 positions=16 loss=0.8233 ce=1.0714 tv=0.3131 conf=4.2489 grad_norm=9.0987 tensors_with_grad=69/72
[train] step 130: T=533 positions=16 loss=1.0831 ce=1.1544 tv=0.2198 conf=4.4651 grad_norm=16.9657 tensors_with_grad=69/72
[train] step 131: T=532 positions=16 loss=1.6162 ce=2.2755 tv=0.4520 conf=3.5420 grad_norm=6.4741 tensors_with_grad=69/72
[train] step 132: T=572 positions=16 loss=0.2116 ce=0.4273 tv=0.1170 conf=1.6477 grad_norm=1.9350 tensors_with_grad=69/72
[train] step 133: T=531 positions=16 loss=2.8299 ce=3.0074 tv=0.5541 conf=2.0889 grad_norm=10.6320 tensors_with_grad=69/72
[train] step 134: T=553 positions=16 loss=0.7115 ce=1.0060 tv=0.1788 conf=0.9573 grad_norm=7.0124 tensors_with_grad=69/72
[train] step 135: T=540 positions=16 loss=0.7268 ce=0.9770 tv=0.2480 conf=0.9718 grad_norm=5.8191 tensors_with_grad=69/72
[train] step 136: T=532 positions=16 loss=1.2764 ce=1.7401 tv=0.2672 conf=4.0948 grad_norm=4.6408 tensors_with_grad=69/72
[train] step 137: T=552 positions=16 loss=1.4560 ce=1.7095 tv=0.2786 conf=1.2993 grad_norm=6.3047 tensors_with_grad=69/72
[train] step 138: T=565 positions=16 loss=0.7973 ce=0.9665 tv=0.2118 conf=3.4573 grad_norm=5.6706 tensors_with_grad=69/72
[train] step 139: T=534 positions=16 loss=0.8238 ce=1.0231 tv=0.2525 conf=2.5179 grad_norm=7.4256 tensors_with_grad=69/72
[train] step 140: T=1720 positions=16 loss=2.6952 ce=2.9594 tv=0.5597 conf=2.1954 grad_norm=17.4517 tensors_with_grad=69/72
[train] step 141: T=539 positions=16 loss=1.6881 ce=2.0399 tv=0.4283 conf=2.0486 grad_norm=20.8629 tensors_with_grad=69/72
[train] step 142: T=1793 positions=16 loss=4.7950 ce=5.2354 tv=0.5655 conf=3.1887 grad_norm=16.1095 tensors_with_grad=69/72
[train] step 143: T=581 positions=16 loss=0.6196 ce=1.1537 tv=0.2557 conf=3.3262 grad_norm=6.4286 tensors_with_grad=69/72
[train] step 144: T=1033 positions=16 loss=4.3891 ce=4.5780 tv=0.6044 conf=3.3341 grad_norm=17.4869 tensors_with_grad=69/72
[train] step 145: T=544 positions=16 loss=0.6896 ce=0.8391 tv=0.2100 conf=1.2545 grad_norm=3.6875 tensors_with_grad=69/72
[train] step 146: T=1570 positions=16 loss=2.8446 ce=3.4180 tv=0.5091 conf=2.9722 grad_norm=11.5357 tensors_with_grad=69/72
[train] step 147: T=1007 positions=16 loss=2.7392 ce=3.0747 tv=0.4317 conf=3.3484 grad_norm=9.2091 tensors_with_grad=69/72
[train] step 148: T=656 positions=16 loss=1.1248 ce=1.7048 tv=0.2586 conf=2.4517 grad_norm=7.6873 tensors_with_grad=69/72
[train] step 149: T=605 positions=16 loss=0.5893 ce=0.9426 tv=0.2192 conf=1.8840 grad_norm=6.9195 tensors_with_grad=69/72
[train] step 150: T=1792 positions=16 loss=4.4713 ce=4.7514 tv=0.5501 conf=2.0957 grad_norm=13.1416 tensors_with_grad=69/72
[train] step 151: T=535 positions=16 loss=0.5935 ce=0.5849 tv=0.1119 conf=4.9200 grad_norm=4.3619 tensors_with_grad=69/72
[train] step 152: T=550 positions=16 loss=1.3869 ce=1.6655 tv=0.3603 conf=2.6599 grad_norm=7.9148 tensors_with_grad=69/72
[train] step 153: T=608 positions=16 loss=0.7862 ce=1.3937 tv=0.3299 conf=2.9099 grad_norm=8.2569 tensors_with_grad=69/72
[train] step 154: T=901 positions=16 loss=1.7607 ce=1.9124 tv=0.3508 conf=2.7712 grad_norm=9.6888 tensors_with_grad=69/72
[train] step 155: T=527 positions=16 loss=2.0671 ce=2.6093 tv=0.5036 conf=3.6819 grad_norm=10.1120 tensors_with_grad=69/72
[train] step 156: T=1058 positions=16 loss=2.2985 ce=2.7449 tv=0.4249 conf=3.2760 grad_norm=5.9908 tensors_with_grad=69/72
[train] step 157: T=629 positions=16 loss=0.5047 ce=0.6599 tv=0.2216 conf=2.0350 grad_norm=3.3572 tensors_with_grad=69/72
[train] step 158: T=532 positions=16 loss=0.8226 ce=1.0468 tv=0.2263 conf=2.1976 grad_norm=13.3381 tensors_with_grad=69/72
[train] step 159: T=674 positions=16 loss=1.6602 ce=1.9291 tv=0.4276 conf=1.5203 grad_norm=8.1472 tensors_with_grad=69/72
[train] step 160: T=546 positions=16 loss=0.1322 ce=0.3540 tv=0.1577 conf=1.3388 grad_norm=2.1370 tensors_with_grad=69/72
[train] step 161: T=574 positions=16 loss=1.1111 ce=1.4093 tv=0.2904 conf=4.0823 grad_norm=6.6767 tensors_with_grad=69/72
[train] step 162: T=675 positions=16 loss=1.0538 ce=1.4863 tv=0.3388 conf=2.9788 grad_norm=16.3321 tensors_with_grad=69/72
[train] step 163: T=549 positions=16 loss=0.8757 ce=1.2049 tv=0.2926 conf=1.7523 grad_norm=4.9481 tensors_with_grad=69/72
[train] step 164: T=671 positions=16 loss=1.5765 ce=2.0179 tv=0.4655 conf=2.4395 grad_norm=7.2886 tensors_with_grad=69/72
[train] step 165: T=609 positions=16 loss=0.5991 ce=0.9803 tv=0.3233 conf=3.6233 grad_norm=5.5197 tensors_with_grad=69/72
[train] step 166: T=570 positions=16 loss=2.6629 ce=3.3936 tv=0.4447 conf=3.3354 grad_norm=13.1266 tensors_with_grad=69/72
[train] step 167: T=540 positions=16 loss=0.6877 ce=1.0015 tv=0.2568 conf=2.1600 grad_norm=4.3514 tensors_with_grad=69/72
[train] step 168: T=618 positions=16 loss=0.8489 ce=1.2190 tv=0.2738 conf=2.2714 grad_norm=6.3672 tensors_with_grad=69/72
[train] step 169: T=524 positions=16 loss=2.4153 ce=2.7866 tv=0.5449 conf=2.4988 grad_norm=13.7544 tensors_with_grad=69/72
[train] step 170: T=673 positions=16 loss=2.0260 ce=2.3873 tv=0.4849 conf=2.2307 grad_norm=7.9537 tensors_with_grad=69/72
[train] step 171: T=526 positions=16 loss=0.5706 ce=0.7423 tv=0.2187 conf=2.4832 grad_norm=5.1775 tensors_with_grad=69/72
[train] step 172: T=531 positions=16 loss=1.2442 ce=1.3933 tv=0.2803 conf=0.9509 grad_norm=9.4642 tensors_with_grad=69/72
[train] step 173: T=536 positions=16 loss=0.9462 ce=1.1617 tv=0.2700 conf=2.1110 grad_norm=12.9762 tensors_with_grad=69/72
[train] step 174: T=601 positions=16 loss=0.5422 ce=0.7235 tv=0.1919 conf=1.6856 grad_norm=9.0533 tensors_with_grad=69/72
[train] step 175: T=647 positions=16 loss=1.9186 ce=2.3586 tv=0.4805 conf=2.2611 grad_norm=8.5785 tensors_with_grad=69/72
[train] step 176: T=532 positions=16 loss=0.8953 ce=1.0540 tv=0.2828 conf=1.2661 grad_norm=5.9876 tensors_with_grad=69/72
[train] step 177: T=544 positions=16 loss=0.9628 ce=1.2513 tv=0.2355 conf=1.8932 grad_norm=10.2712 tensors_with_grad=69/72
[train] step 178: T=673 positions=16 loss=2.3010 ce=2.6548 tv=0.5048 conf=1.9804 grad_norm=8.4651 tensors_with_grad=69/72
[train] step 179: T=593 positions=16 loss=0.4826 ce=0.6198 tv=0.1871 conf=1.2370 grad_norm=7.9281 tensors_with_grad=69/72
[train] step 180: T=568 positions=16 loss=0.0877 ce=0.3962 tv=0.1319 conf=2.1202 grad_norm=1.9531 tensors_with_grad=69/72
[train] step 181: T=589 positions=16 loss=0.1544 ce=0.4504 tv=0.1835 conf=1.6478 grad_norm=5.3662 tensors_with_grad=69/72
[train] step 182: T=526 positions=16 loss=0.5735 ce=1.0593 tv=0.2369 conf=2.4809 grad_norm=3.5134 tensors_with_grad=69/72
[train] step 183: T=538 positions=16 loss=0.2245 ce=0.4553 tv=0.1098 conf=0.6219 grad_norm=0.9790 tensors_with_grad=69/72
[train] step 184: T=1365 positions=16 loss=3.5747 ce=4.1604 tv=0.5053 conf=3.5962 grad_norm=19.8508 tensors_with_grad=69/72
[train] step 185: T=533 positions=16 loss=0.5724 ce=0.9095 tv=0.2438 conf=1.6449 grad_norm=8.0053 tensors_with_grad=69/72
[train] step 186: T=526 positions=16 loss=1.8615 ce=2.1341 tv=0.5267 conf=3.2144 grad_norm=10.9339 tensors_with_grad=69/72
[train] step 187: T=625 positions=16 loss=0.0631 ce=0.2001 tv=0.1278 conf=1.6430 grad_norm=1.2548 tensors_with_grad=69/72
[train] step 188: T=544 positions=16 loss=1.8703 ce=2.2197 tv=0.4580 conf=2.2773 grad_norm=9.3290 tensors_with_grad=69/72
[train] step 189: T=531 positions=16 loss=1.7817 ce=2.3527 tv=0.4772 conf=2.2912 grad_norm=7.4937 tensors_with_grad=69/72
[train] step 190: T=1057 positions=16 loss=2.4483 ce=2.7382 tv=0.3984 conf=1.8535 grad_norm=9.4543 tensors_with_grad=69/72
[train] step 191: T=1004 positions=16 loss=2.0912 ce=2.7141 tv=0.4596 conf=2.2582 grad_norm=11.2497 tensors_with_grad=69/72
[train] step 192: T=673 positions=16 loss=1.8308 ce=2.0543 tv=0.4495 conf=2.4636 grad_norm=12.1156 tensors_with_grad=69/72
[train] step 193: T=541 positions=16 loss=0.1413 ce=0.3986 tv=0.1394 conf=1.9131 grad_norm=2.5791 tensors_with_grad=69/72
[train] step 194: T=531 positions=16 loss=0.4042 ce=0.5605 tv=0.1532 conf=1.8143 grad_norm=7.1399 tensors_with_grad=69/72
[train] step 195: T=561 positions=16 loss=0.4464 ce=0.5958 tv=0.2003 conf=1.3264 grad_norm=8.6386 tensors_with_grad=69/72
[train] step 196: T=535 positions=16 loss=0.3336 ce=0.6197 tv=0.2236 conf=2.0131 grad_norm=3.0602 tensors_with_grad=69/72
[train] step 197: T=571 positions=16 loss=0.5184 ce=0.9633 tv=0.2691 conf=2.4553 grad_norm=6.1126 tensors_with_grad=69/72
[train] step 198: T=672 positions=16 loss=2.4276 ce=2.6623 tv=0.5563 conf=2.4528 grad_norm=10.0288 tensors_with_grad=69/72
[train] step 199: T=540 positions=16 loss=0.3535 ce=0.3906 tv=0.1369 conf=1.0729 grad_norm=8.2695 tensors_with_grad=69/72
[train] step 200: T=532 positions=16 loss=0.0811 ce=0.1667 tv=0.0772 conf=0.5379 grad_norm=0.9433 tensors_with_grad=69/72
[train] step 201: T=676 positions=16 loss=1.9080 ce=2.2465 tv=0.4712 conf=1.7874 grad_norm=7.0020 tensors_with_grad=69/72
[train] step 202: T=838 positions=16 loss=1.4447 ce=1.7143 tv=0.3613 conf=3.1866 grad_norm=6.5864 tensors_with_grad=69/72
[train] step 203: T=583 positions=16 loss=1.2589 ce=1.7349 tv=0.3487 conf=1.5054 grad_norm=9.0796 tensors_with_grad=69/72
[train] step 204: T=527 positions=16 loss=0.4967 ce=0.7978 tv=0.2248 conf=2.9232 grad_norm=3.2246 tensors_with_grad=69/72
[train] step 205: T=675 positions=16 loss=2.0547 ce=2.3216 tv=0.3908 conf=1.9554 grad_norm=11.8114 tensors_with_grad=69/72
[train] step 206: T=542 positions=16 loss=1.1057 ce=1.3183 tv=0.2922 conf=3.1434 grad_norm=13.1915 tensors_with_grad=69/72
[train] step 207: T=1211 positions=16 loss=2.7698 ce=3.0428 tv=0.4174 conf=2.1924 grad_norm=10.5390 tensors_with_grad=69/72
[train] step 208: T=527 positions=16 loss=0.3174 ce=0.4083 tv=0.0866 conf=0.7577 grad_norm=2.8289 tensors_with_grad=69/72
[train] step 209: T=1106 positions=16 loss=4.0792 ce=4.0670 tv=0.5258 conf=2.0354 grad_norm=19.7375 tensors_with_grad=69/72
[train] step 210: T=533 positions=16 loss=0.3371 ce=0.5505 tv=0.1791 conf=1.2315 grad_norm=5.0558 tensors_with_grad=69/72
[train] step 211: T=1721 positions=16 loss=2.8947 ce=3.3579 tv=0.5028 conf=3.8122 grad_norm=13.5505 tensors_with_grad=69/72
[train] step 212: T=616 positions=16 loss=0.2479 ce=0.4069 tv=0.1660 conf=1.5966 grad_norm=4.1720 tensors_with_grad=69/72
[train] step 213: T=672 positions=16 loss=1.2627 ce=1.8110 tv=0.3972 conf=3.1965 grad_norm=11.5392 tensors_with_grad=69/72
[train] step 214: T=529 positions=16 loss=1.7245 ce=2.1281 tv=0.4789 conf=3.4877 grad_norm=7.2933 tensors_with_grad=69/72
[train] step 215: T=536 positions=16 loss=0.4121 ce=0.7648 tv=0.1669 conf=2.4423 grad_norm=7.0021 tensors_with_grad=69/72
[train] step 216: T=550 positions=16 loss=1.0416 ce=1.2834 tv=0.3284 conf=1.5040 grad_norm=8.1878 tensors_with_grad=69/72
[train] step 217: T=1223 positions=16 loss=3.9730 ce=4.2641 tv=0.5493 conf=3.1264 grad_norm=16.6262 tensors_with_grad=69/72
[train] step 218: T=528 positions=16 loss=1.1590 ce=1.6436 tv=0.3531 conf=2.8954 grad_norm=18.6527 tensors_with_grad=69/72
[train] step 219: T=535 positions=16 loss=0.3447 ce=0.5163 tv=0.2065 conf=1.7730 grad_norm=6.5084 tensors_with_grad=69/72
[train] step 220: T=580 positions=16 loss=0.7944 ce=0.9174 tv=0.3113 conf=2.0078 grad_norm=7.3147 tensors_with_grad=69/72
[train] step 221: T=533 positions=16 loss=0.1822 ce=0.2540 tv=0.0738 conf=0.3512 grad_norm=8.9213 tensors_with_grad=69/72
[train] step 222: T=531 positions=16 loss=1.0133 ce=1.2029 tv=0.2710 conf=2.4047 grad_norm=7.9004 tensors_with_grad=69/72
[train] step 223: T=577 positions=16 loss=1.2369 ce=1.6532 tv=0.3839 conf=2.7599 grad_norm=6.0156 tensors_with_grad=69/72
[train] step 224: T=583 positions=16 loss=1.8249 ce=2.2238 tv=0.3935 conf=2.6982 grad_norm=12.5863 tensors_with_grad=69/72
[train] step 225: T=673 positions=16 loss=2.4091 ce=2.8900 tv=0.4961 conf=1.3853 grad_norm=10.1103 tensors_with_grad=69/72
[train] step 226: T=672 positions=16 loss=0.7249 ce=1.2508 tv=0.2971 conf=2.9227 grad_norm=7.9299 tensors_with_grad=69/72
[train] step 227: T=1189 positions=16 loss=2.6289 ce=2.8661 tv=0.4809 conf=2.9263 grad_norm=13.5217 tensors_with_grad=69/72
[train] step 228: T=534 positions=16 loss=1.9353 ce=2.7914 tv=0.4879 conf=2.9071 grad_norm=9.4497 tensors_with_grad=69/72
[train] step 229: T=531 positions=16 loss=0.8391 ce=1.2542 tv=0.2530 conf=1.7977 grad_norm=10.4216 tensors_with_grad=69/72
[train] step 230: T=678 positions=16 loss=0.9968 ce=1.4698 tv=0.3658 conf=2.9514 grad_norm=6.8402 tensors_with_grad=69/72
[train] step 231: T=525 positions=16 loss=1.6488 ce=1.9268 tv=0.4247 conf=2.9769 grad_norm=8.2808 tensors_with_grad=69/72
[train] step 232: T=674 positions=16 loss=0.5169 ce=0.7549 tv=0.2201 conf=2.7501 grad_norm=8.3209 tensors_with_grad=69/72
[train] step 233: T=550 positions=16 loss=0.1643 ce=0.3568 tv=0.1933 conf=2.2122 grad_norm=3.3451 tensors_with_grad=69/72
[train] step 234: T=534 positions=16 loss=1.1071 ce=1.3983 tv=0.3724 conf=2.1247 grad_norm=7.4189 tensors_with_grad=69/72
[train] step 235: T=607 positions=16 loss=1.0678 ce=1.6670 tv=0.2961 conf=3.0834 grad_norm=14.9487 tensors_with_grad=69/72
[train] step 236: T=529 positions=16 loss=2.7441 ce=3.3273 tv=0.5304 conf=1.8463 grad_norm=16.3891 tensors_with_grad=69/72
[train] step 237: T=538 positions=16 loss=2.0748 ce=2.2757 tv=0.5122 conf=2.4579 grad_norm=8.2647 tensors_with_grad=69/72
[train] step 238: T=538 positions=16 loss=0.7629 ce=0.8760 tv=0.2454 conf=1.0483 grad_norm=13.2738 tensors_with_grad=69/72
[train] step 239: T=538 positions=16 loss=0.5630 ce=0.8169 tv=0.1529 conf=0.6315 grad_norm=5.4463 tensors_with_grad=69/72
[train] step 240: T=851 positions=16 loss=3.2226 ce=3.5611 tv=0.5990 conf=2.7521 grad_norm=9.8062 tensors_with_grad=69/72
[train] step 241: T=533 positions=16 loss=0.7620 ce=1.4374 tv=0.2934 conf=3.1035 grad_norm=8.7764 tensors_with_grad=69/72
[train] step 242: T=1623 positions=16 loss=3.1903 ce=3.6854 tv=0.4836 conf=2.0609 grad_norm=13.8517 tensors_with_grad=69/72
[train] step 243: T=547 positions=16 loss=1.0164 ce=1.2428 tv=0.3014 conf=2.1111 grad_norm=3.8430 tensors_with_grad=69/72
[train] step 244: T=876 positions=16 loss=3.3537 ce=3.5582 tv=0.4394 conf=1.9578 grad_norm=10.8447 tensors_with_grad=69/72
[train] step 245: T=528 positions=16 loss=2.0495 ce=2.0568 tv=0.2929 conf=1.2287 grad_norm=14.6027 tensors_with_grad=69/72
[train] step 246: T=652 positions=16 loss=2.0689 ce=2.7140 tv=0.5080 conf=3.1932 grad_norm=6.4159 tensors_with_grad=69/72
[train] step 247: T=611 positions=16 loss=0.3041 ce=0.6306 tv=0.2218 conf=1.8588 grad_norm=8.8138 tensors_with_grad=69/72
[train] step 248: T=588 positions=16 loss=0.3314 ce=0.5072 tv=0.1230 conf=2.4539 grad_norm=4.8054 tensors_with_grad=69/72
[train] step 249: T=554 positions=16 loss=1.0188 ce=1.1631 tv=0.2614 conf=3.3127 grad_norm=7.3021 tensors_with_grad=69/72
[train] step 250: T=592 positions=16 loss=1.5597 ce=1.7741 tv=0.3516 conf=1.4347 grad_norm=10.3286 tensors_with_grad=69/72
[train] step 251: T=540 positions=16 loss=0.4295 ce=1.3728 tv=0.2092 conf=1.2016 grad_norm=3.0301 tensors_with_grad=69/72
[train] step 252: T=537 positions=16 loss=0.6429 ce=0.9329 tv=0.3053 conf=1.8030 grad_norm=4.8802 tensors_with_grad=69/72
[train] step 253: T=673 positions=16 loss=0.5659 ce=0.8700 tv=0.2608 conf=1.8110 grad_norm=4.1944 tensors_with_grad=69/72
[train] step 254: T=575 positions=16 loss=0.2469 ce=0.3579 tv=0.1500 conf=1.1452 grad_norm=2.8625 tensors_with_grad=69/72
[train] step 255: T=545 positions=16 loss=2.1231 ce=2.4741 tv=0.4344 conf=2.6635 grad_norm=8.9824 tensors_with_grad=69/72
[train] step 256: T=540 positions=16 loss=0.7192 ce=0.9155 tv=0.2417 conf=1.5621 grad_norm=4.7817 tensors_with_grad=69/72
[train] step 257: T=525 positions=16 loss=1.2195 ce=1.6032 tv=0.3499 conf=2.2412 grad_norm=9.4129 tensors_with_grad=69/72
[train] step 258: T=1002 positions=16 loss=3.2895 ce=3.6686 tv=0.5558 conf=2.3520 grad_norm=10.6207 tensors_with_grad=69/72
[train] step 259: T=599 positions=16 loss=1.2110 ce=1.2487 tv=0.2181 conf=1.1294 grad_norm=10.6289 tensors_with_grad=69/72
[train] step 260: T=566 positions=16 loss=0.5287 ce=0.8251 tv=0.2291 conf=2.1112 grad_norm=5.4678 tensors_with_grad=69/72
[train] step 261: T=542 positions=16 loss=0.9698 ce=1.5143 tv=0.3544 conf=2.6003 grad_norm=4.8128 tensors_with_grad=69/72
[train] step 262: T=571 positions=16 loss=2.7521 ce=2.9639 tv=0.4436 conf=1.9177 grad_norm=10.0133 tensors_with_grad=69/72
[train] step 263: T=551 positions=16 loss=3.0153 ce=3.0481 tv=0.3938 conf=2.1945 grad_norm=13.9910 tensors_with_grad=69/72
[train] step 264: T=557 positions=16 loss=1.1680 ce=1.5517 tv=0.3575 conf=2.4436 grad_norm=10.5363 tensors_with_grad=69/72
[train] step 265: T=1795 positions=16 loss=3.9356 ce=4.0258 tv=0.5645 conf=3.1254 grad_norm=29.1437 tensors_with_grad=69/72
[train] step 266: T=654 positions=16 loss=1.3691 ce=1.5734 tv=0.3731 conf=2.0850 grad_norm=10.2963 tensors_with_grad=69/72
[train] step 267: T=1011 positions=16 loss=2.6691 ce=2.6315 tv=0.4250 conf=1.5747 grad_norm=10.0198 tensors_with_grad=69/72
[train] step 268: T=673 positions=16 loss=0.9703 ce=1.6724 tv=0.4179 conf=3.7647 grad_norm=6.7921 tensors_with_grad=69/72
[train] step 269: T=588 positions=16 loss=2.0190 ce=2.2758 tv=0.3580 conf=2.4897 grad_norm=13.3078 tensors_with_grad=69/72
[train] step 270: T=540 positions=16 loss=0.9394 ce=1.2732 tv=0.3246 conf=3.7364 grad_norm=12.0104 tensors_with_grad=69/72
[train] step 271: T=667 positions=16 loss=0.2723 ce=0.4307 tv=0.1834 conf=1.3792 grad_norm=1.9921 tensors_with_grad=69/72
[train] step 272: T=952 positions=16 loss=2.1020 ce=2.3866 tv=0.4651 conf=3.4267 grad_norm=12.1798 tensors_with_grad=69/72
[train] step 273: T=862 positions=16 loss=2.0307 ce=2.2415 tv=0.4444 conf=2.5864 grad_norm=7.4223 tensors_with_grad=69/72
[train] step 274: T=945 positions=16 loss=3.5757 ce=4.0735 tv=0.5398 conf=3.1967 grad_norm=18.9795 tensors_with_grad=69/72
[train] step 275: T=545 positions=16 loss=1.6099 ce=1.9437 tv=0.4293 conf=1.6672 grad_norm=8.3259 tensors_with_grad=69/72
[train] step 276: T=677 positions=16 loss=1.1931 ce=1.5240 tv=0.2946 conf=2.6301 grad_norm=7.0038 tensors_with_grad=69/72
[train] step 277: T=659 positions=16 loss=2.1333 ce=2.3242 tv=0.3758 conf=1.8104 grad_norm=11.2384 tensors_with_grad=69/72
[train] step 278: T=676 positions=16 loss=1.0458 ce=1.2518 tv=0.3185 conf=2.3605 grad_norm=14.2701 tensors_with_grad=69/72
[train] step 279: T=525 positions=16 loss=1.5412 ce=1.8681 tv=0.4739 conf=3.1047 grad_norm=10.3314 tensors_with_grad=69/72
[train] step 280: T=568 positions=16 loss=0.9466 ce=1.3876 tv=0.3095 conf=3.0576 grad_norm=9.5868 tensors_with_grad=69/72
[train] step 281: T=613 positions=16 loss=0.3896 ce=0.7921 tv=0.2243 conf=1.5574 grad_norm=6.6829 tensors_with_grad=69/72
[train] step 282: T=535 positions=16 loss=0.9188 ce=0.8569 tv=0.2397 conf=2.5750 grad_norm=9.0653 tensors_with_grad=69/72
[train] step 283: T=524 positions=16 loss=1.0273 ce=1.2972 tv=0.3221 conf=2.1659 grad_norm=7.0838 tensors_with_grad=69/72
[train] step 284: T=529 positions=16 loss=1.1991 ce=1.4818 tv=0.3707 conf=3.1444 grad_norm=11.3210 tensors_with_grad=69/72
[train] step 285: T=549 positions=16 loss=0.8509 ce=0.9945 tv=0.2310 conf=1.6855 grad_norm=4.9827 tensors_with_grad=69/72
[train] step 286: T=878 positions=16 loss=2.1224 ce=2.4264 tv=0.4576 conf=3.3179 grad_norm=11.2210 tensors_with_grad=69/72
[train] step 287: T=570 positions=16 loss=0.9725 ce=1.2177 tv=0.3065 conf=2.1760 grad_norm=8.8110 tensors_with_grad=69/72
[train] step 288: T=675 positions=16 loss=1.2526 ce=1.5269 tv=0.3336 conf=1.5744 grad_norm=30.3050 tensors_with_grad=69/72
[train] step 289: T=590 positions=16 loss=1.2147 ce=1.4960 tv=0.4024 conf=3.1218 grad_norm=9.8893 tensors_with_grad=69/72
[train] step 290: T=619 positions=16 loss=0.4705 ce=0.6284 tv=0.2164 conf=1.6977 grad_norm=4.0473 tensors_with_grad=69/72
[train] step 291: T=540 positions=16 loss=0.5234 ce=0.7172 tv=0.1748 conf=1.0783 grad_norm=9.4480 tensors_with_grad=69/72
[train] step 292: T=557 positions=16 loss=2.5468 ce=2.3517 tv=0.4477 conf=2.5885 grad_norm=14.4422 tensors_with_grad=69/72
[train] step 293: T=674 positions=16 loss=2.0584 ce=2.3447 tv=0.4856 conf=2.0509 grad_norm=6.7869 tensors_with_grad=69/72
[train] step 294: T=551 positions=16 loss=1.1245 ce=1.5419 tv=0.2302 conf=1.2162 grad_norm=8.0400 tensors_with_grad=69/72
[train] step 295: T=536 positions=16 loss=1.2688 ce=1.5816 tv=0.3682 conf=2.7755 grad_norm=8.8266 tensors_with_grad=69/72
[train] step 296: T=562 positions=16 loss=0.5348 ce=0.7612 tv=0.2300 conf=1.9243 grad_norm=5.6982 tensors_with_grad=69/72
[train] step 297: T=914 positions=16 loss=2.8113 ce=2.9734 tv=0.4399 conf=2.2812 grad_norm=11.2270 tensors_with_grad=69/72
[train] step 298: T=603 positions=16 loss=1.1505 ce=1.3780 tv=0.3101 conf=2.6603 grad_norm=8.7794 tensors_with_grad=69/72
[train] step 299: T=637 positions=16 loss=1.0394 ce=1.6493 tv=0.3117 conf=2.6572 grad_norm=7.8897 tensors_with_grad=69/72
[train] step 300: T=678 positions=16 loss=1.7430 ce=1.9981 tv=0.4241 conf=2.0468 grad_norm=8.2080 tensors_with_grad=69/72
[train] step 301: T=1167 positions=16 loss=2.8362 ce=3.3924 tv=0.5144 conf=3.2929 grad_norm=9.7588 tensors_with_grad=69/72
[train] step 302: T=590 positions=16 loss=0.1026 ce=0.2889 tv=0.1283 conf=1.2487 grad_norm=3.2658 tensors_with_grad=69/72
[train] step 303: T=539 positions=16 loss=0.4349 ce=0.9507 tv=0.2155 conf=1.4861 grad_norm=3.2904 tensors_with_grad=69/72
[train] step 304: T=1006 positions=16 loss=1.7667 ce=2.2340 tv=0.4051 conf=3.5502 grad_norm=9.1688 tensors_with_grad=69/72
[train] step 305: T=528 positions=16 loss=3.2779 ce=3.5639 tv=0.5977 conf=2.1983 grad_norm=17.7721 tensors_with_grad=69/72
[train] step 306: T=535 positions=16 loss=0.9213 ce=1.4876 tv=0.3637 conf=2.7807 grad_norm=4.8242 tensors_with_grad=69/72
[train] step 307: T=607 positions=16 loss=0.8226 ce=0.9721 tv=0.2646 conf=2.3601 grad_norm=6.5673 tensors_with_grad=69/72
[train] step 308: T=540 positions=16 loss=0.1129 ce=0.2921 tv=0.1413 conf=1.4888 grad_norm=1.4239 tensors_with_grad=69/72
[train] step 309: T=1532 positions=16 loss=2.5326 ce=2.9187 tv=0.4139 conf=1.6791 grad_norm=13.5066 tensors_with_grad=69/72
[train] step 310: T=532 positions=16 loss=1.0017 ce=1.4312 tv=0.2575 conf=2.1180 grad_norm=10.4686 tensors_with_grad=69/72
[train] step 311: T=1716 positions=16 loss=3.3566 ce=3.6491 tv=0.5004 conf=2.7355 grad_norm=8.1795 tensors_with_grad=69/72
[train] step 312: T=545 positions=16 loss=1.2087 ce=1.6375 tv=0.3394 conf=3.1421 grad_norm=7.1234 tensors_with_grad=69/72
[train] step 313: T=606 positions=16 loss=1.2297 ce=1.7378 tv=0.3896 conf=2.3540 grad_norm=11.9240 tensors_with_grad=69/72
[train] step 314: T=582 positions=16 loss=0.4177 ce=0.6667 tv=0.2197 conf=1.2941 grad_norm=4.2298 tensors_with_grad=69/72
[train] step 315: T=615 positions=16 loss=1.8825 ce=2.0666 tv=0.3785 conf=2.2910 grad_norm=10.2832 tensors_with_grad=69/72
[train] step 316: T=534 positions=16 loss=1.2218 ce=1.4513 tv=0.3475 conf=2.1374 grad_norm=11.3384 tensors_with_grad=69/72
[train] step 317: T=542 positions=16 loss=0.7810 ce=1.0554 tv=0.2618 conf=1.6633 grad_norm=11.2862 tensors_with_grad=69/72
[train] step 318: T=626 positions=16 loss=0.7509 ce=0.9307 tv=0.2661 conf=1.7841 grad_norm=6.5084 tensors_with_grad=69/72
[train] step 319: T=525 positions=16 loss=1.3429 ce=1.6707 tv=0.3905 conf=1.9169 grad_norm=9.3646 tensors_with_grad=69/72
[train] step 320: T=627 positions=16 loss=0.1407 ce=0.3295 tv=0.2145 conf=4.8420 grad_norm=2.7001 tensors_with_grad=69/72
[train] step 321: T=641 positions=16 loss=0.9714 ce=1.3029 tv=0.2718 conf=1.7338 grad_norm=6.0198 tensors_with_grad=69/72
[train] step 322: T=605 positions=16 loss=0.6067 ce=0.7711 tv=0.2468 conf=2.0597 grad_norm=5.1139 tensors_with_grad=69/72
[train] step 323: T=532 positions=16 loss=1.0418 ce=1.1831 tv=0.2359 conf=1.9654 grad_norm=4.7970 tensors_with_grad=69/72
[train] step 324: T=526 positions=16 loss=2.0255 ce=2.3656 tv=0.4768 conf=2.4198 grad_norm=6.2045 tensors_with_grad=69/72
[train] step 325: T=545 positions=16 loss=0.3785 ce=0.5945 tv=0.1858 conf=1.9330 grad_norm=5.7526 tensors_with_grad=69/72
[train] step 326: T=561 positions=16 loss=1.6781 ce=2.0667 tv=0.3396 conf=3.5341 grad_norm=8.7012 tensors_with_grad=69/72
[train] step 327: T=540 positions=16 loss=0.7679 ce=0.9642 tv=0.2641 conf=1.7559 grad_norm=8.0084 tensors_with_grad=69/72
[train] step 328: T=1025 positions=16 loss=2.8979 ce=3.4706 tv=0.5319 conf=3.6368 grad_norm=7.3596 tensors_with_grad=69/72
[train] step 329: T=1316 positions=16 loss=2.8474 ce=2.9133 tv=0.4089 conf=1.5799 grad_norm=8.3472 tensors_with_grad=69/72
[train] step 330: T=593 positions=16 loss=2.2597 ce=3.2194 tv=0.4992 conf=3.6458 grad_norm=11.4880 tensors_with_grad=69/72
[train] step 331: T=1364 positions=16 loss=3.8527 ce=3.8980 tv=0.5199 conf=1.2169 grad_norm=9.3348 tensors_with_grad=69/72
[train] step 332: T=563 positions=16 loss=1.9896 ce=1.9971 tv=0.3397 conf=2.5185 grad_norm=9.1715 tensors_with_grad=69/72
[train] step 333: T=621 positions=16 loss=1.4565 ce=1.9845 tv=0.3741 conf=1.9339 grad_norm=8.2636 tensors_with_grad=69/72
[train] step 334: T=1798 positions=16 loss=2.4708 ce=2.8913 tv=0.4377 conf=3.9769 grad_norm=8.9584 tensors_with_grad=69/72
[train] step 335: T=565 positions=16 loss=2.0275 ce=2.1898 tv=0.4596 conf=2.7788 grad_norm=16.4803 tensors_with_grad=69/72
[train] step 336: T=592 positions=16 loss=0.7217 ce=0.9774 tv=0.2984 conf=1.9070 grad_norm=10.1653 tensors_with_grad=69/72
[train] step 337: T=559 positions=16 loss=0.3406 ce=0.6049 tv=0.1326 conf=1.3977 grad_norm=2.3085 tensors_with_grad=69/72
[train] step 338: T=538 positions=16 loss=0.0763 ce=0.2160 tv=0.0879 conf=0.3777 grad_norm=1.4751 tensors_with_grad=69/72
[train] step 339: T=554 positions=16 loss=1.6082 ce=1.9285 tv=0.3542 conf=2.8835 grad_norm=7.7281 tensors_with_grad=69/72
[train] step 340: T=577 positions=16 loss=2.3413 ce=2.7425 tv=0.5232 conf=3.1438 grad_norm=11.5119 tensors_with_grad=69/72
[train] step 341: T=630 positions=16 loss=0.3741 ce=0.6033 tv=0.1539 conf=1.1494 grad_norm=7.2318 tensors_with_grad=69/72
[train] step 342: T=672 positions=16 loss=1.5706 ce=1.7586 tv=0.3935 conf=1.5039 grad_norm=12.0278 tensors_with_grad=69/72
[train] step 343: T=536 positions=16 loss=0.3725 ce=0.5156 tv=0.1629 conf=1.6140 grad_norm=6.9642 tensors_with_grad=69/72
[train] step 344: T=528 positions=16 loss=0.6560 ce=1.1140 tv=0.2389 conf=2.5547 grad_norm=4.5055 tensors_with_grad=69/72
[train] step 345: T=547 positions=16 loss=1.2973 ce=1.4737 tv=0.3414 conf=1.6691 grad_norm=10.1552 tensors_with_grad=69/72
[train] step 346: T=639 positions=16 loss=0.3604 ce=0.5586 tv=0.1843 conf=1.5128 grad_norm=4.1159 tensors_with_grad=69/72
[train] step 347: T=602 positions=16 loss=1.0358 ce=1.5293 tv=0.2765 conf=2.0524 grad_norm=16.8507 tensors_with_grad=69/72
[train] step 348: T=665 positions=16 loss=0.2776 ce=0.5396 tv=0.1582 conf=1.6751 grad_norm=2.3747 tensors_with_grad=69/72
[train] step 349: T=600 positions=16 loss=1.9509 ce=2.3169 tv=0.4384 conf=2.8011 grad_norm=53.9305 tensors_with_grad=69/72
[train] step 350: T=1649 positions=16 loss=4.4950 ce=4.3542 tv=0.5567 conf=1.7637 grad_norm=17.6187 tensors_with_grad=69/72
[train] step 351: T=1232 positions=16 loss=2.5256 ce=2.8349 tv=0.5556 conf=3.0435 grad_norm=7.4908 tensors_with_grad=69/72
[train] step 352: T=528 positions=16 loss=1.8750 ce=1.8058 tv=0.4360 conf=1.1873 grad_norm=13.1571 tensors_with_grad=69/72
[train] step 353: T=1067 positions=16 loss=3.0134 ce=3.2788 tv=0.5289 conf=2.4576 grad_norm=13.0525 tensors_with_grad=69/72
[train] step 354: T=524 positions=16 loss=2.9113 ce=3.1525 tv=0.5047 conf=2.1454 grad_norm=12.4383 tensors_with_grad=69/72
[train] step 355: T=634 positions=16 loss=0.4839 ce=0.8880 tv=0.3185 conf=2.7356 grad_norm=4.3861 tensors_with_grad=69/72
[train] step 356: T=593 positions=16 loss=0.6256 ce=1.0610 tv=0.2566 conf=2.5080 grad_norm=6.7372 tensors_with_grad=69/72
[train] step 357: T=524 positions=16 loss=1.3521 ce=1.7185 tv=0.4298 conf=2.7883 grad_norm=8.0494 tensors_with_grad=69/72
[train] step 358: T=574 positions=16 loss=0.7416 ce=1.2243 tv=0.3036 conf=1.8026 grad_norm=11.3080 tensors_with_grad=69/72
[train] step 359: T=602 positions=16 loss=0.8172 ce=0.9037 tv=0.3054 conf=1.8443 grad_norm=6.5379 tensors_with_grad=69/72
[train] step 360: T=573 positions=16 loss=0.5102 ce=0.7397 tv=0.1508 conf=0.8630 grad_norm=8.3188 tensors_with_grad=69/72
[train] step 361: T=677 positions=16 loss=1.4929 ce=1.5816 tv=0.3546 conf=2.6671 grad_norm=10.5448 tensors_with_grad=69/72
[train] step 362: T=568 positions=16 loss=2.6646 ce=2.8167 tv=0.5598 conf=3.1512 grad_norm=11.0390 tensors_with_grad=69/72
[train] step 363: T=961 positions=16 loss=1.7075 ce=2.2179 tv=0.4142 conf=3.1995 grad_norm=14.9344 tensors_with_grad=69/72
[train] step 364: T=569 positions=16 loss=1.9252 ce=2.2720 tv=0.4667 conf=2.6267 grad_norm=11.7257 tensors_with_grad=69/72
[train] step 365: T=533 positions=16 loss=1.1137 ce=1.4643 tv=0.3419 conf=3.2236 grad_norm=12.8769 tensors_with_grad=69/72
[train] step 366: T=539 positions=16 loss=0.9570 ce=1.3088 tv=0.3842 conf=2.0950 grad_norm=4.4342 tensors_with_grad=69/72
[train] step 367: T=562 positions=16 loss=0.8163 ce=1.0604 tv=0.2390 conf=1.2451 grad_norm=8.2243 tensors_with_grad=69/72
[train] step 368: T=531 positions=16 loss=0.7686 ce=0.8275 tv=0.1716 conf=0.5108 grad_norm=6.0871 tensors_with_grad=69/72
[train] step 369: T=539 positions=16 loss=1.7638 ce=2.3320 tv=0.4300 conf=1.5904 grad_norm=27.8291 tensors_with_grad=69/72
[train] step 370: T=618 positions=16 loss=1.2681 ce=1.4743 tv=0.3319 conf=1.8672 grad_norm=11.9835 tensors_with_grad=69/72
[train] step 371: T=535 positions=16 loss=0.0920 ce=0.1959 tv=0.0832 conf=0.7796 grad_norm=1.7078 tensors_with_grad=69/72
[train] step 372: T=675 positions=16 loss=2.0389 ce=2.3549 tv=0.4862 conf=3.3320 grad_norm=11.4912 tensors_with_grad=69/72
[train] step 373: T=606 positions=16 loss=0.2134 ce=0.3926 tv=0.1024 conf=0.8898 grad_norm=8.1512 tensors_with_grad=69/72
[train] step 374: T=529 positions=16 loss=1.6177 ce=1.8363 tv=0.4075 conf=1.8860 grad_norm=9.8534 tensors_with_grad=69/72
[train] step 375: T=529 positions=16 loss=2.7977 ce=3.4094 tv=0.6078 conf=3.3378 grad_norm=10.2378 tensors_with_grad=69/72
[train] step 376: T=530 positions=16 loss=1.9155 ce=1.9349 tv=0.4294 conf=1.8509 grad_norm=7.1106 tensors_with_grad=69/72
[train] step 377: T=1003 positions=16 loss=1.9766 ce=2.1603 tv=0.3416 conf=1.6010 grad_norm=6.2514 tensors_with_grad=69/72
[train] step 378: T=551 positions=16 loss=1.1702 ce=2.0876 tv=0.3033 conf=1.9672 grad_norm=7.2993 tensors_with_grad=69/72
[train] step 379: T=810 positions=16 loss=1.5110 ce=1.7444 tv=0.2841 conf=2.1561 grad_norm=5.6924 tensors_with_grad=69/72
[train] step 380: T=533 positions=16 loss=0.5826 ce=0.7865 tv=0.2249 conf=2.5918 grad_norm=6.8328 tensors_with_grad=69/72
[train] step 381: T=672 positions=16 loss=1.8265 ce=2.1212 tv=0.5093 conf=2.0749 grad_norm=11.3427 tensors_with_grad=69/72
[train] step 382: T=1041 positions=16 loss=3.4356 ce=3.8067 tv=0.4275 conf=2.3845 grad_norm=15.3401 tensors_with_grad=69/72
[train] step 383: T=599 positions=16 loss=0.9473 ce=1.0065 tv=0.2837 conf=1.9756 grad_norm=8.0325 tensors_with_grad=69/72
[train] step 384: T=678 positions=16 loss=0.3260 ce=0.5656 tv=0.2136 conf=2.1827 grad_norm=5.5018 tensors_with_grad=69/72
[train] step 385: T=672 positions=16 loss=2.1305 ce=2.3955 tv=0.4523 conf=2.3469 grad_norm=11.9424 tensors_with_grad=69/72
[train] step 386: T=570 positions=16 loss=2.6856 ce=2.9125 tv=0.5393 conf=2.5744 grad_norm=21.3411 tensors_with_grad=69/72
[train] step 387: T=1218 positions=16 loss=3.8824 ce=4.1267 tv=0.5662 conf=2.9226 grad_norm=19.0652 tensors_with_grad=69/72
[train] step 388: T=529 positions=16 loss=0.6897 ce=0.9343 tv=0.2629 conf=1.0999 grad_norm=9.1762 tensors_with_grad=69/72
[train] step 389: T=532 positions=16 loss=0.7058 ce=1.1142 tv=0.2754 conf=2.6320 grad_norm=6.4220 tensors_with_grad=69/72
[train] step 390: T=541 positions=16 loss=0.4560 ce=0.7762 tv=0.1788 conf=1.1734 grad_norm=3.7182 tensors_with_grad=69/72
[train] step 391: T=531 positions=16 loss=0.9893 ce=1.2643 tv=0.3017 conf=2.4986 grad_norm=9.4455 tensors_with_grad=69/72
[train] step 392: T=630 positions=16 loss=1.0553 ce=1.1923 tv=0.2066 conf=1.4332 grad_norm=7.5017 tensors_with_grad=69/72
[train] step 393: T=1225 positions=16 loss=3.0822 ce=3.3494 tv=0.5046 conf=3.4420 grad_norm=10.9179 tensors_with_grad=69/72
[train] step 394: T=622 positions=16 loss=1.6556 ce=1.7418 tv=0.3670 conf=1.4577 grad_norm=10.1172 tensors_with_grad=69/72
[train] step 395: T=950 positions=16 loss=1.9739 ce=2.1643 tv=0.3888 conf=3.0877 grad_norm=7.6838 tensors_with_grad=69/72
[train] step 396: T=537 positions=16 loss=0.3020 ce=0.5075 tv=0.1074 conf=0.5520 grad_norm=3.4012 tensors_with_grad=69/72
[train] step 397: T=616 positions=16 loss=0.2746 ce=0.3938 tv=0.1376 conf=1.0888 grad_norm=4.4555 tensors_with_grad=69/72
[train] step 398: T=532 positions=16 loss=0.0964 ce=0.2392 tv=0.1138 conf=1.7643 grad_norm=2.5489 tensors_with_grad=69/72
[train] step 399: T=587 positions=16 loss=0.3629 ce=0.4993 tv=0.1706 conf=1.1004 grad_norm=3.8174 tensors_with_grad=69/72
[train] step 400: T=611 positions=16 loss=1.6394 ce=2.0384 tv=0.3699 conf=2.5689 grad_norm=8.4935 tensors_with_grad=69/72
[train] step 401: T=534 positions=16 loss=0.3728 ce=0.5731 tv=0.1867 conf=1.0488 grad_norm=4.7723 tensors_with_grad=69/72
[train] step 402: T=532 positions=16 loss=0.0752 ce=0.1691 tv=0.1279 conf=1.0306 grad_norm=1.2414 tensors_with_grad=69/72
[train] step 403: T=525 positions=16 loss=0.9219 ce=1.2687 tv=0.2199 conf=2.6875 grad_norm=7.2250 tensors_with_grad=69/72
[train] step 404: T=628 positions=16 loss=1.1512 ce=1.6023 tv=0.3339 conf=2.5184 grad_norm=6.2180 tensors_with_grad=69/72
[train] step 405: T=940 positions=16 loss=2.5627 ce=3.1102 tv=0.4352 conf=3.2697 grad_norm=10.5650 tensors_with_grad=69/72
[train] step 406: T=672 positions=16 loss=0.5785 ce=0.9711 tv=0.2633 conf=1.5144 grad_norm=7.5746 tensors_with_grad=69/72
[train] step 407: T=642 positions=16 loss=2.0754 ce=2.3375 tv=0.4616 conf=3.3390 grad_norm=9.3608 tensors_with_grad=69/72
[train] step 408: T=673 positions=16 loss=1.2998 ce=1.6770 tv=0.4547 conf=3.8079 grad_norm=9.2983 tensors_with_grad=69/72
[train] step 409: T=532 positions=16 loss=0.7882 ce=1.2149 tv=0.2778 conf=3.0855 grad_norm=5.2060 tensors_with_grad=69/72
[train] step 410: T=528 positions=16 loss=1.9611 ce=2.3984 tv=0.4769 conf=2.4571 grad_norm=9.5902 tensors_with_grad=69/72
[train] step 411: T=585 positions=16 loss=1.4129 ce=1.7506 tv=0.3963 conf=2.1829 grad_norm=6.1796 tensors_with_grad=69/72
[train] step 412: T=544 positions=16 loss=0.2311 ce=0.4748 tv=0.1551 conf=1.4023 grad_norm=5.5065 tensors_with_grad=69/72
[train] step 413: T=544 positions=16 loss=0.1983 ce=0.4803 tv=0.1814 conf=2.1486 grad_norm=2.1313 tensors_with_grad=69/72
[train] step 414: T=674 positions=16 loss=1.5746 ce=2.0555 tv=0.4245 conf=2.2110 grad_norm=10.3341 tensors_with_grad=69/72
[train] step 415: T=558 positions=16 loss=0.5641 ce=0.7026 tv=0.2314 conf=1.7779 grad_norm=7.7025 tensors_with_grad=69/72
[train] step 416: T=596 positions=16 loss=0.9452 ce=0.9789 tv=0.3179 conf=1.9001 grad_norm=12.9926 tensors_with_grad=69/72
[train] step 417: T=644 positions=16 loss=1.1700 ce=1.5750 tv=0.4260 conf=3.3416 grad_norm=6.8813 tensors_with_grad=69/72
[train] step 418: T=676 positions=16 loss=0.9963 ce=1.3289 tv=0.3173 conf=2.0467 grad_norm=12.6106 tensors_with_grad=69/72
[train] step 419: T=643 positions=16 loss=1.2117 ce=1.6484 tv=0.4183 conf=2.6969 grad_norm=7.2532 tensors_with_grad=69/72
[train] step 420: T=526 positions=16 loss=0.5100 ce=0.4674 tv=0.1157 conf=0.2931 grad_norm=4.2275 tensors_with_grad=69/72
[train] step 421: T=540 positions=16 loss=0.1693 ce=0.2776 tv=0.1122 conf=1.4647 grad_norm=2.4730 tensors_with_grad=69/72
[train] step 422: T=665 positions=16 loss=2.3240 ce=2.7325 tv=0.4906 conf=2.9042 grad_norm=11.7872 tensors_with_grad=69/72
[train] step 423: T=530 positions=16 loss=1.5249 ce=1.8087 tv=0.3767 conf=4.7094 grad_norm=13.3167 tensors_with_grad=69/72
[train] step 424: T=526 positions=16 loss=1.6891 ce=1.9684 tv=0.3006 conf=1.2474 grad_norm=15.8559 tensors_with_grad=69/72
[train] step 425: T=539 positions=16 loss=0.2816 ce=0.5857 tv=0.1916 conf=1.4492 grad_norm=3.9839 tensors_with_grad=69/72
[train] step 426: T=548 positions=16 loss=1.2810 ce=1.9272 tv=0.3603 conf=2.3956 grad_norm=8.6193 tensors_with_grad=69/72
[train] step 427: T=545 positions=16 loss=1.1471 ce=1.7860 tv=0.2319 conf=1.1796 grad_norm=8.1993 tensors_with_grad=69/72
[train] step 428: T=889 positions=16 loss=2.8080 ce=3.1118 tv=0.4974 conf=1.8328 grad_norm=16.2230 tensors_with_grad=69/72
[train] step 429: T=673 positions=16 loss=1.4545 ce=1.7244 tv=0.3314 conf=1.3302 grad_norm=6.5574 tensors_with_grad=69/72
[train] step 430: T=597 positions=16 loss=0.0972 ce=0.2591 tv=0.1563 conf=1.3278 grad_norm=1.1524 tensors_with_grad=69/72
[train] step 431: T=601 positions=16 loss=0.8701 ce=1.5746 tv=0.2882 conf=1.6061 grad_norm=7.9919 tensors_with_grad=69/72
[train] step 432: T=525 positions=16 loss=1.6446 ce=2.2657 tv=0.4952 conf=2.8846 grad_norm=9.1874 tensors_with_grad=69/72
[train] step 433: T=541 positions=16 loss=0.1717 ce=0.2400 tv=0.1438 conf=0.9707 grad_norm=3.6673 tensors_with_grad=69/72
[train] step 434: T=561 positions=16 loss=0.6465 ce=0.8622 tv=0.2412 conf=1.8664 grad_norm=10.2841 tensors_with_grad=69/72
[train] step 435: T=556 positions=16 loss=0.8793 ce=1.2905 tv=0.2037 conf=0.9535 grad_norm=7.1640 tensors_with_grad=69/72
[train] step 436: T=541 positions=16 loss=0.1521 ce=0.3444 tv=0.1483 conf=1.4087 grad_norm=3.1318 tensors_with_grad=69/72
[train] step 437: T=582 positions=16 loss=2.1526 ce=2.2086 tv=0.4287 conf=1.8564 grad_norm=12.7150 tensors_with_grad=69/72
[train] step 438: T=543 positions=16 loss=1.2954 ce=1.7822 tv=0.2857 conf=1.7559 grad_norm=10.7820 tensors_with_grad=69/72
[train] step 439: T=636 positions=16 loss=0.9400 ce=1.1257 tv=0.3707 conf=1.7516 grad_norm=6.1428 tensors_with_grad=69/72
[train] step 440: T=530 positions=16 loss=1.5400 ce=1.9130 tv=0.4494 conf=2.8787 grad_norm=5.6329 tensors_with_grad=69/72
[train] step 441: T=581 positions=16 loss=1.0692 ce=1.1716 tv=0.3428 conf=2.5143 grad_norm=7.5234 tensors_with_grad=69/72
[train] step 442: T=569 positions=16 loss=1.0080 ce=1.2537 tv=0.2650 conf=1.1526 grad_norm=5.6687 tensors_with_grad=69/72
[train] step 443: T=573 positions=16 loss=1.5527 ce=1.5896 tv=0.2910 conf=3.2866 grad_norm=11.9354 tensors_with_grad=69/72
[train] step 444: T=543 positions=16 loss=2.3938 ce=2.7432 tv=0.4385 conf=2.4899 grad_norm=16.5106 tensors_with_grad=69/72
[train] step 445: T=546 positions=16 loss=0.4766 ce=0.6423 tv=0.1530 conf=1.3770 grad_norm=7.8753 tensors_with_grad=69/72
[train] step 446: T=672 positions=16 loss=1.9990 ce=2.3724 tv=0.5465 conf=3.3467 grad_norm=7.4955 tensors_with_grad=69/72
[train] step 447: T=604 positions=16 loss=2.4529 ce=3.1178 tv=0.4548 conf=1.2942 grad_norm=19.8587 tensors_with_grad=69/72
[train] step 448: T=622 positions=16 loss=1.4024 ce=1.4696 tv=0.3299 conf=1.4524 grad_norm=9.1162 tensors_with_grad=69/72
[train] step 449: T=542 positions=16 loss=1.0555 ce=2.0162 tv=0.3400 conf=1.4931 grad_norm=11.6127 tensors_with_grad=69/72
[train] step 450: T=539 positions=16 loss=0.4078 ce=0.6158 tv=0.2205 conf=4.1372 grad_norm=3.9774 tensors_with_grad=69/72
[train] step 451: T=636 positions=16 loss=0.5956 ce=0.9988 tv=0.2985 conf=2.8320 grad_norm=7.3309 tensors_with_grad=69/72
[train] step 452: T=587 positions=16 loss=0.3966 ce=0.7438 tv=0.1195 conf=1.4159 grad_norm=3.2786 tensors_with_grad=69/72
[train] step 453: T=633 positions=16 loss=1.4623 ce=1.5912 tv=0.3643 conf=2.9635 grad_norm=13.8583 tensors_with_grad=69/72
[train] step 454: T=536 positions=16 loss=0.1386 ce=0.3405 tv=0.1060 conf=1.5004 grad_norm=2.4493 tensors_with_grad=69/72
[train] step 455: T=529 positions=16 loss=0.6453 ce=0.8841 tv=0.2214 conf=3.8939 grad_norm=4.4927 tensors_with_grad=69/72
[train] step 456: T=580 positions=16 loss=0.1708 ce=0.4120 tv=0.1636 conf=2.0651 grad_norm=2.7600 tensors_with_grad=69/72
[train] step 457: T=1549 positions=16 loss=2.7990 ce=3.0671 tv=0.4673 conf=3.5412 grad_norm=10.6639 tensors_with_grad=69/72
[train] step 458: T=636 positions=16 loss=0.5634 ce=0.9642 tv=0.2797 conf=3.2346 grad_norm=13.8884 tensors_with_grad=69/72
[train] step 459: T=899 positions=16 loss=1.6811 ce=1.7683 tv=0.2789 conf=1.5281 grad_norm=4.8164 tensors_with_grad=69/72
[train] step 460: T=611 positions=16 loss=0.1741 ce=0.3183 tv=0.1138 conf=1.2321 grad_norm=4.9027 tensors_with_grad=69/72
[train] step 461: T=533 positions=16 loss=0.7167 ce=0.7950 tv=0.1921 conf=1.1374 grad_norm=5.0022 tensors_with_grad=69/72
[train] step 462: T=567 positions=16 loss=1.9363 ce=2.3528 tv=0.4297 conf=3.0733 grad_norm=6.9319 tensors_with_grad=69/72
[train] step 463: T=539 positions=16 loss=0.1401 ce=0.2409 tv=0.0938 conf=0.8303 grad_norm=1.2029 tensors_with_grad=69/72
[train] step 464: T=539 positions=16 loss=0.0866 ce=0.1766 tv=0.0998 conf=0.9489 grad_norm=1.6191 tensors_with_grad=69/72
[train] step 465: T=663 positions=16 loss=1.0069 ce=1.0535 tv=0.2846 conf=1.4697 grad_norm=7.7671 tensors_with_grad=69/72
[train] step 466: T=601 positions=16 loss=1.1516 ce=1.5191 tv=0.3161 conf=1.7660 grad_norm=6.0700 tensors_with_grad=69/72
[train] step 467: T=532 positions=16 loss=0.5206 ce=0.6055 tv=0.1550 conf=0.7707 grad_norm=6.9763 tensors_with_grad=69/72
[train] step 468: T=575 positions=16 loss=1.4178 ce=1.6361 tv=0.4173 conf=2.5428 grad_norm=5.3937 tensors_with_grad=69/72
[train] step 469: T=542 positions=16 loss=0.2971 ce=0.4847 tv=0.1861 conf=2.1609 grad_norm=4.2537 tensors_with_grad=69/72
[train] step 470: T=1125 positions=16 loss=1.4866 ce=1.9583 tv=0.3346 conf=3.9895 grad_norm=6.4296 tensors_with_grad=69/72
[train] step 471: T=586 positions=16 loss=0.9639 ce=1.7496 tv=0.3519 conf=1.6958 grad_norm=11.0721 tensors_with_grad=69/72
[train] step 472: T=576 positions=16 loss=0.3820 ce=0.6923 tv=0.2159 conf=2.1752 grad_norm=5.3238 tensors_with_grad=69/72
[train] step 473: T=534 positions=16 loss=0.4790 ce=0.7487 tv=0.2387 conf=3.0433 grad_norm=4.8955 tensors_with_grad=69/72
[train] step 474: T=535 positions=16 loss=1.0890 ce=1.4512 tv=0.2877 conf=0.9786 grad_norm=7.6523 tensors_with_grad=69/72
[train] step 475: T=663 positions=16 loss=1.6465 ce=1.8504 tv=0.4999 conf=3.0060 grad_norm=9.7774 tensors_with_grad=69/72
[train] step 476: T=593 positions=16 loss=1.9056 ce=2.4039 tv=0.3503 conf=1.9672 grad_norm=18.8440 tensors_with_grad=69/72
[train] step 477: T=672 positions=16 loss=2.6990 ce=2.8564 tv=0.5312 conf=2.2767 grad_norm=12.6756 tensors_with_grad=69/72
[train] step 478: T=572 positions=16 loss=2.2050 ce=2.1023 tv=0.4230 conf=2.1060 grad_norm=17.4608 tensors_with_grad=69/72
[train] step 479: T=672 positions=16 loss=1.5995 ce=1.8204 tv=0.4274 conf=2.8031 grad_norm=8.0281 tensors_with_grad=69/72
[train] step 480: T=557 positions=16 loss=0.5427 ce=0.7079 tv=0.1907 conf=1.6156 grad_norm=5.6181 tensors_with_grad=69/72
[train] step 481: T=676 positions=16 loss=1.8773 ce=2.0659 tv=0.4056 conf=2.1273 grad_norm=5.9993 tensors_with_grad=69/72
[train] step 482: T=676 positions=16 loss=2.0209 ce=2.2263 tv=0.4596 conf=2.1770 grad_norm=8.5182 tensors_with_grad=69/72
[train] step 483: T=526 positions=16 loss=2.0734 ce=2.1542 tv=0.4983 conf=2.5987 grad_norm=18.4954 tensors_with_grad=69/72
[train] step 484: T=585 positions=16 loss=1.1186 ce=1.1545 tv=0.2555 conf=1.4084 grad_norm=8.7691 tensors_with_grad=69/72
[train] step 485: T=542 positions=16 loss=0.6059 ce=1.0059 tv=0.3145 conf=1.7788 grad_norm=5.6432 tensors_with_grad=69/72
[train] step 486: T=572 positions=16 loss=1.2469 ce=1.4020 tv=0.2704 conf=1.9373 grad_norm=7.9250 tensors_with_grad=69/72
[train] step 487: T=567 positions=16 loss=1.9980 ce=2.3561 tv=0.4405 conf=3.3324 grad_norm=12.5104 tensors_with_grad=69/72
[train] step 488: T=591 positions=16 loss=0.5958 ce=1.2769 tv=0.2338 conf=2.6941 grad_norm=7.6930 tensors_with_grad=69/72
[train] step 489: T=536 positions=16 loss=0.0255 ce=0.0666 tv=0.0414 conf=0.3883 grad_norm=0.3035 tensors_with_grad=69/72
[diag] draft-argmax == TARGET-argmax : 67.7%  | == ground-truth token: 67.6%
[diag] mean top-1 prob  target 0.840  draft 0.732   (TV near 1 with a PEAKED draft => misalignment; with a FLAT draft => genuine)
[train] saved 72 trained tensors -> /cap/auto-ace0p3/c2/trained/mtp_trained.safetensors
[train] saved AdamW state -> /cap/auto-ace0p3/c2/trained/opt_state.pt (needed for --resume to be equivalent to one continuous run)
[train] metrics -> /cap/auto-ace0p3/c2/train_metrics.json  (loss 0.8860 -> 0.0255, tail mean 1.1486)
[train] TRAIN OK
