[train] device=cuda torch=2.10.0
  loading model-00046-of-00048.safetensors ...
  loading model-00047-of-00048.safetensors ...
  loading model-00048-of-00048.safetensors ...
  dequantised 1512 tensors, 12.60 B params, 23.5 GiB bf16
[train] weights ready in 9.3s
[train] trainable 517.3 M in 72 tensors | frozen experts 12.08 B
[train] capture: 490 sample(s)
[Gloo] Rank 0 is connected to 0 peer ranks. Expected number of connected peer ranks is : 0
[train] ModelArgs: n_mtp=3 block=5 taps=[40, 41, 42] markov_rank=256
[train] built 3 DSparkBlock(s) on meta
[train] re-materialised freqs_cis on 3 attention module(s) (persistent=False buffers are NOT in state_dict and to_empty() zapped them)
[train] load_state_dict: 0 missing, 0 unexpected
[train] GATE1 model construction OK
[train] aux: embed.weight(129280, 4096), head.weight(129280, 4096)
[train] trainable tensors in graph: 72 / 517.3 M
[train] resumed 72/72 trained tensors from /cap/auto-beta0p05/c1/trained/mtp_trained.safetensors
[train] resumed AdamW state: 69/72 tensors carry moments (3 never received a gradient, expected), indices aligned
[train] P2.5 anchor: frozen copy of 3 block(s), beta=0.05
[train] lr schedule: linear warmup 73 step(s) -> cosine over 1472 session step(s), peak 5e-05; this chunk is steps 982..1471
/work/train/train_head.py:115: UserWarning: Converting a tensor with requires_grad=True to a scalar may lead to unexpected behavior.
Consider using tensor.detach() first. (Triggered internally at /opt/pytorch/torch/csrc/autograd/generated/python_variable_methods.cpp:836.)
  parts = {"ce": float((w * ce).sum()), "tv": float((w * tv).sum()), "conf": 0.0}
[train] step 0: T=527 positions=16 loss=0.5732 ce=1.4847 tv=0.3755 conf=1.7437 grad_norm=2.3398 tensors_with_grad=69/72
[train] step 1: T=616 positions=16 loss=0.6301 ce=1.7338 tv=0.3353 conf=1.8896 grad_norm=6.0893 tensors_with_grad=69/72
[train] step 2: T=533 positions=16 loss=0.5554 ce=1.5557 tv=0.3084 conf=1.0173 grad_norm=4.5212 tensors_with_grad=69/72
[train] step 3: T=626 positions=16 loss=0.2937 ce=0.7769 tv=0.2082 conf=1.3944 grad_norm=2.8017 tensors_with_grad=69/72
[train] step 4: T=638 positions=16 loss=0.5659 ce=1.2086 tv=0.2199 conf=1.5035 grad_norm=4.0151 tensors_with_grad=69/72
[train] step 5: T=535 positions=16 loss=0.4515 ce=1.2089 tv=0.2064 conf=1.0182 grad_norm=4.1257 tensors_with_grad=69/72
[train] step 6: T=1429 positions=16 loss=1.9306 ce=3.2893 tv=0.4561 conf=2.1746 grad_norm=6.3700 tensors_with_grad=69/72
[train] step 7: T=675 positions=16 loss=0.6035 ce=1.2435 tv=0.2925 conf=2.0064 grad_norm=4.9556 tensors_with_grad=69/72
[train] step 8: T=529 positions=16 loss=1.6008 ce=3.0413 tv=0.4636 conf=1.2540 grad_norm=5.9057 tensors_with_grad=69/72
[train] step 9: T=673 positions=16 loss=1.1230 ce=2.2319 tv=0.3711 conf=1.1493 grad_norm=5.7303 tensors_with_grad=69/72
[train] step 10: T=622 positions=16 loss=0.2562 ce=0.7173 tv=0.1706 conf=1.1464 grad_norm=1.6516 tensors_with_grad=69/72
[train] step 11: T=630 positions=16 loss=1.0890 ce=2.2187 tv=0.3983 conf=2.0139 grad_norm=10.7317 tensors_with_grad=69/72
[train] step 12: T=586 positions=16 loss=0.7407 ce=1.5451 tv=0.3653 conf=2.0314 grad_norm=4.8036 tensors_with_grad=69/72
[train] step 13: T=535 positions=16 loss=1.3460 ce=2.6442 tv=0.5125 conf=2.6530 grad_norm=4.7224 tensors_with_grad=69/72
[train] step 14: T=625 positions=16 loss=0.6449 ce=1.9823 tv=0.3100 conf=1.9575 grad_norm=4.9868 tensors_with_grad=69/72
[train] step 15: T=535 positions=16 loss=0.5491 ce=0.9590 tv=0.2198 conf=1.5088 grad_norm=2.7010 tensors_with_grad=69/72
[train] step 16: T=553 positions=16 loss=0.8665 ce=1.5577 tv=0.3055 conf=2.5888 grad_norm=5.5671 tensors_with_grad=69/72
[train] step 17: T=532 positions=16 loss=0.3176 ce=0.7249 tv=0.1792 conf=1.4411 grad_norm=3.4374 tensors_with_grad=69/72
[train] step 18: T=536 positions=16 loss=0.1259 ce=0.2972 tv=0.0741 conf=0.8215 grad_norm=1.6148 tensors_with_grad=69/72
[train] step 19: T=896 positions=16 loss=1.2294 ce=2.3545 tv=0.3668 conf=1.2803 grad_norm=5.6914 tensors_with_grad=69/72
[train] step 20: T=544 positions=16 loss=0.5780 ce=1.4353 tv=0.2369 conf=1.7879 grad_norm=6.5038 tensors_with_grad=69/72
[train] step 21: T=581 positions=16 loss=0.6164 ce=1.5022 tv=0.2843 conf=1.3388 grad_norm=4.0584 tensors_with_grad=69/72
[train] step 22: T=672 positions=16 loss=1.3698 ce=2.6954 tv=0.4942 conf=2.1787 grad_norm=5.6231 tensors_with_grad=69/72
[train] step 23: T=587 positions=16 loss=0.1935 ce=0.4654 tv=0.1862 conf=2.0017 grad_norm=3.1757 tensors_with_grad=69/72
[train] step 24: T=674 positions=16 loss=0.7369 ce=1.6375 tv=0.3465 conf=2.1590 grad_norm=3.5815 tensors_with_grad=69/72
[train] step 25: T=563 positions=16 loss=0.3510 ce=0.6368 tv=0.1619 conf=0.8275 grad_norm=3.1769 tensors_with_grad=69/72
[train] step 26: T=566 positions=16 loss=1.2418 ce=2.1686 tv=0.3770 conf=1.0918 grad_norm=4.6774 tensors_with_grad=69/72
[train] step 27: T=612 positions=16 loss=0.5398 ce=1.2915 tv=0.3004 conf=1.5407 grad_norm=2.9912 tensors_with_grad=69/72
[train] step 28: T=673 positions=16 loss=0.2262 ce=0.6568 tv=0.2019 conf=2.1072 grad_norm=2.1761 tensors_with_grad=69/72
[train] step 29: T=537 positions=16 loss=1.4898 ce=2.5260 tv=0.4960 conf=1.9320 grad_norm=11.2757 tensors_with_grad=69/72
[train] step 30: T=657 positions=16 loss=0.1624 ce=0.6283 tv=0.1823 conf=1.5587 grad_norm=2.1338 tensors_with_grad=69/72
[train] step 31: T=595 positions=16 loss=0.2496 ce=0.7042 tv=0.1251 conf=2.8096 grad_norm=3.6990 tensors_with_grad=69/72
[train] step 32: T=970 positions=16 loss=1.5869 ce=2.7491 tv=0.4056 conf=1.6813 grad_norm=9.1712 tensors_with_grad=69/72
[train] step 33: T=1741 positions=16 loss=2.2342 ce=4.3570 tv=0.5562 conf=2.6665 grad_norm=8.8329 tensors_with_grad=69/72
[train] step 34: T=574 positions=16 loss=1.3069 ce=2.6442 tv=0.4769 conf=1.9928 grad_norm=4.6194 tensors_with_grad=69/72
[train] step 35: T=581 positions=16 loss=0.9286 ce=1.5390 tv=0.3314 conf=0.9666 grad_norm=4.7366 tensors_with_grad=69/72
[train] step 36: T=563 positions=16 loss=0.6687 ce=1.6652 tv=0.2677 conf=1.7342 grad_norm=3.6214 tensors_with_grad=69/72
[train] step 37: T=534 positions=16 loss=0.1098 ce=0.2996 tv=0.1091 conf=1.0250 grad_norm=0.7701 tensors_with_grad=69/72
[train] step 38: T=645 positions=16 loss=1.7035 ce=3.0535 tv=0.5493 conf=2.4056 grad_norm=6.1201 tensors_with_grad=69/72
[train] step 39: T=672 positions=16 loss=1.1064 ce=2.2799 tv=0.3761 conf=1.8237 grad_norm=5.2992 tensors_with_grad=69/72
[train] step 40: T=578 positions=16 loss=0.7226 ce=1.4340 tv=0.2803 conf=2.2470 grad_norm=4.3923 tensors_with_grad=69/72
[train] step 41: T=527 positions=16 loss=0.8503 ce=1.9294 tv=0.3390 conf=1.6181 grad_norm=5.8290 tensors_with_grad=69/72
[train] step 42: T=645 positions=16 loss=0.7086 ce=1.4151 tv=0.2915 conf=1.6846 grad_norm=6.4631 tensors_with_grad=69/72
[train] step 43: T=1008 positions=16 loss=1.0989 ce=2.2349 tv=0.3252 conf=1.5140 grad_norm=3.0328 tensors_with_grad=69/72
[train] step 44: T=676 positions=16 loss=0.5886 ce=1.2019 tv=0.2936 conf=1.1521 grad_norm=5.4243 tensors_with_grad=69/72
[train] step 45: T=674 positions=16 loss=1.0312 ce=2.2150 tv=0.4049 conf=1.2024 grad_norm=3.8659 tensors_with_grad=69/72
[train] step 46: T=528 positions=16 loss=1.1130 ce=2.0244 tv=0.4443 conf=1.4338 grad_norm=7.1982 tensors_with_grad=69/72
[train] step 47: T=538 positions=16 loss=0.9721 ce=1.5793 tv=0.3748 conf=1.2729 grad_norm=5.6829 tensors_with_grad=69/72
[train] step 48: T=572 positions=16 loss=1.0642 ce=2.1904 tv=0.4051 conf=1.6040 grad_norm=4.9219 tensors_with_grad=69/72
[train] step 49: T=536 positions=16 loss=0.2174 ce=0.6389 tv=0.2384 conf=1.9848 grad_norm=3.2765 tensors_with_grad=69/72
[train] step 50: T=673 positions=16 loss=1.4706 ce=2.6320 tv=0.4824 conf=1.1076 grad_norm=5.4826 tensors_with_grad=69/72
[train] step 51: T=603 positions=16 loss=0.2270 ce=0.6725 tv=0.1482 conf=0.7659 grad_norm=1.6190 tensors_with_grad=69/72
[train] step 52: T=532 positions=16 loss=0.6704 ce=1.3346 tv=0.2735 conf=0.7054 grad_norm=7.5383 tensors_with_grad=69/72
[train] step 53: T=618 positions=16 loss=0.3354 ce=1.0469 tv=0.2797 conf=2.1594 grad_norm=5.2828 tensors_with_grad=69/72
[train] step 54: T=539 positions=16 loss=0.3821 ce=0.8241 tv=0.1877 conf=1.6591 grad_norm=4.4029 tensors_with_grad=69/72
[train] step 55: T=569 positions=16 loss=0.6796 ce=1.5010 tv=0.2770 conf=1.6144 grad_norm=3.5047 tensors_with_grad=69/72
[train] step 56: T=589 positions=16 loss=1.1957 ce=2.4381 tv=0.4871 conf=1.6209 grad_norm=7.7679 tensors_with_grad=69/72
[train] step 57: T=653 positions=16 loss=1.2201 ce=2.4499 tv=0.4555 conf=1.5670 grad_norm=8.2078 tensors_with_grad=69/72
[train] step 58: T=675 positions=16 loss=1.0384 ce=1.9909 tv=0.3935 conf=2.1260 grad_norm=4.6124 tensors_with_grad=69/72
[train] step 59: T=599 positions=16 loss=1.2694 ce=2.9530 tv=0.4532 conf=1.1578 grad_norm=6.4958 tensors_with_grad=69/72
[train] step 60: T=901 positions=16 loss=1.0728 ce=2.2605 tv=0.3407 conf=1.3541 grad_norm=3.9819 tensors_with_grad=69/72
[train] step 61: T=597 positions=16 loss=0.0876 ce=0.2509 tv=0.1085 conf=0.7019 grad_norm=1.3885 tensors_with_grad=69/72
[train] step 62: T=613 positions=16 loss=0.0365 ce=0.2735 tv=0.1176 conf=2.2572 grad_norm=3.1351 tensors_with_grad=69/72
[train] step 63: T=546 positions=16 loss=0.3157 ce=0.7155 tv=0.2380 conf=1.3748 grad_norm=2.1165 tensors_with_grad=69/72
[train] step 64: T=535 positions=16 loss=0.1027 ce=0.2309 tv=0.0959 conf=0.4296 grad_norm=2.0054 tensors_with_grad=69/72
[train] step 65: T=527 positions=16 loss=1.2191 ce=2.0996 tv=0.4919 conf=1.7841 grad_norm=4.4969 tensors_with_grad=69/72
[train] step 66: T=672 positions=16 loss=1.4094 ce=2.4089 tv=0.5016 conf=1.8413 grad_norm=7.6586 tensors_with_grad=69/72
[train] step 67: T=535 positions=16 loss=1.5398 ce=2.8021 tv=0.5306 conf=1.5958 grad_norm=7.5837 tensors_with_grad=69/72
[train] step 68: T=629 positions=16 loss=0.8620 ce=1.4187 tv=0.3813 conf=1.8612 grad_norm=4.8105 tensors_with_grad=69/72
[train] step 69: T=529 positions=16 loss=0.8272 ce=1.7166 tv=0.2860 conf=2.7295 grad_norm=3.7837 tensors_with_grad=69/72
[train] step 70: T=544 positions=16 loss=0.2010 ce=0.4971 tv=0.0989 conf=0.4543 grad_norm=2.3056 tensors_with_grad=69/72
[train] step 71: T=1433 positions=16 loss=1.9551 ce=4.0112 tv=0.4904 conf=2.0847 grad_norm=5.8843 tensors_with_grad=69/72
[train] step 72: T=528 positions=16 loss=1.0296 ce=2.2846 tv=0.3285 conf=1.6144 grad_norm=4.8966 tensors_with_grad=69/72
[train] step 73: T=674 positions=16 loss=0.9838 ce=2.2881 tv=0.4109 conf=1.4970 grad_norm=7.1810 tensors_with_grad=69/72
[train] step 74: T=527 positions=16 loss=0.5525 ce=1.2229 tv=0.2778 conf=1.6734 grad_norm=5.8003 tensors_with_grad=69/72
[train] step 75: T=642 positions=16 loss=0.9795 ce=1.9946 tv=0.3985 conf=2.1276 grad_norm=4.1751 tensors_with_grad=69/72
[train] step 76: T=598 positions=16 loss=0.3655 ce=0.7728 tv=0.1542 conf=1.0626 grad_norm=2.1561 tensors_with_grad=69/72
[train] step 77: T=933 positions=16 loss=1.0522 ce=2.1843 tv=0.3806 conf=1.6661 grad_norm=4.0746 tensors_with_grad=69/72
[train] step 78: T=653 positions=16 loss=1.5049 ce=3.0105 tv=0.5370 conf=2.2461 grad_norm=16.0234 tensors_with_grad=69/72
[train] step 79: T=655 positions=16 loss=0.5388 ce=1.7596 tv=0.3383 conf=1.2315 grad_norm=2.4942 tensors_with_grad=69/72
[train] step 80: T=585 positions=16 loss=0.2934 ce=0.5862 tv=0.1625 conf=1.1879 grad_norm=1.5277 tensors_with_grad=69/72
[train] step 81: T=641 positions=16 loss=1.4618 ce=2.6942 tv=0.5217 conf=1.6891 grad_norm=5.1047 tensors_with_grad=69/72
[train] step 82: T=532 positions=16 loss=0.7958 ce=1.4254 tv=0.2901 conf=0.8560 grad_norm=6.3552 tensors_with_grad=69/72
[train] step 83: T=526 positions=16 loss=1.2860 ce=2.2343 tv=0.4797 conf=1.6196 grad_norm=5.4511 tensors_with_grad=69/72
[train] step 84: T=590 positions=16 loss=0.3547 ce=0.9116 tv=0.2405 conf=1.3698 grad_norm=5.6037 tensors_with_grad=69/72
[train] step 85: T=527 positions=16 loss=0.7229 ce=1.6460 tv=0.3908 conf=1.7789 grad_norm=3.7215 tensors_with_grad=69/72
[train] step 86: T=838 positions=16 loss=1.0117 ce=2.1400 tv=0.4264 conf=1.8229 grad_norm=5.5735 tensors_with_grad=69/72
[train] step 87: T=528 positions=16 loss=0.4502 ce=1.0188 tv=0.2179 conf=0.3284 grad_norm=2.1715 tensors_with_grad=69/72
[train] step 88: T=594 positions=16 loss=0.2621 ce=0.5803 tv=0.2022 conf=0.9742 grad_norm=3.0993 tensors_with_grad=69/72
[train] step 89: T=634 positions=16 loss=0.3446 ce=0.7054 tv=0.2125 conf=1.6994 grad_norm=3.9573 tensors_with_grad=69/72
[train] step 90: T=558 positions=16 loss=0.8643 ce=1.7363 tv=0.3802 conf=1.9811 grad_norm=8.6544 tensors_with_grad=69/72
[train] step 91: T=649 positions=16 loss=0.4465 ce=1.0816 tv=0.2598 conf=1.8945 grad_norm=3.1273 tensors_with_grad=69/72
[train] step 92: T=1085 positions=16 loss=1.2175 ce=2.4718 tv=0.3491 conf=1.2804 grad_norm=6.1811 tensors_with_grad=69/72
[train] step 93: T=575 positions=16 loss=0.5855 ce=1.3994 tv=0.2341 conf=1.1948 grad_norm=2.9315 tensors_with_grad=69/72
[train] step 94: T=611 positions=16 loss=0.3278 ce=0.8023 tv=0.1905 conf=1.4849 grad_norm=1.3382 tensors_with_grad=69/72
[train] step 95: T=529 positions=16 loss=1.3967 ce=2.3750 tv=0.5113 conf=1.5102 grad_norm=4.0845 tensors_with_grad=69/72
[train] step 96: T=526 positions=16 loss=0.7287 ce=1.5776 tv=0.3383 conf=0.9587 grad_norm=3.1220 tensors_with_grad=69/72
[train] step 97: T=576 positions=16 loss=0.2742 ce=0.9845 tv=0.2422 conf=1.5985 grad_norm=3.1866 tensors_with_grad=69/72
[train] step 98: T=674 positions=16 loss=1.1743 ce=2.2350 tv=0.4268 conf=1.6816 grad_norm=7.6640 tensors_with_grad=69/72
[train] step 99: T=535 positions=16 loss=0.3063 ce=0.6499 tv=0.2466 conf=0.9278 grad_norm=2.0530 tensors_with_grad=69/72
[train] step 100: T=975 positions=16 loss=1.5371 ce=3.1425 tv=0.4325 conf=1.5104 grad_norm=4.0260 tensors_with_grad=69/72
[train] step 101: T=1794 positions=16 loss=1.9122 ce=3.4675 tv=0.5147 conf=1.7780 grad_norm=6.2267 tensors_with_grad=69/72
[train] step 102: T=532 positions=16 loss=0.9231 ce=1.6396 tv=0.4179 conf=1.0848 grad_norm=7.4973 tensors_with_grad=69/72
[train] step 103: T=552 positions=16 loss=0.6224 ce=2.1176 tv=0.2870 conf=1.1323 grad_norm=2.7375 tensors_with_grad=69/72
[train] step 104: T=541 positions=16 loss=0.9690 ce=1.9411 tv=0.3750 conf=1.9790 grad_norm=10.5674 tensors_with_grad=69/72
[train] step 105: T=678 positions=16 loss=0.5232 ce=1.2463 tv=0.2601 conf=0.8431 grad_norm=5.4629 tensors_with_grad=69/72
[train] step 106: T=527 positions=16 loss=1.4441 ce=3.1675 tv=0.4993 conf=1.8864 grad_norm=5.5781 tensors_with_grad=69/72
[train] step 107: T=648 positions=16 loss=1.1224 ce=2.4512 tv=0.4310 conf=1.9189 grad_norm=2.8060 tensors_with_grad=69/72
[train] step 108: T=543 positions=16 loss=0.1276 ce=0.3434 tv=0.1243 conf=0.6782 grad_norm=2.4551 tensors_with_grad=69/72
[train] step 109: T=920 positions=16 loss=1.5365 ce=3.4328 tv=0.4722 conf=1.5399 grad_norm=6.1368 tensors_with_grad=69/72
[train] step 110: T=672 positions=16 loss=0.6913 ce=1.5461 tv=0.3315 conf=1.5426 grad_norm=3.8148 tensors_with_grad=69/72
[train] step 111: T=882 positions=16 loss=1.1927 ce=2.3857 tv=0.3783 conf=0.7711 grad_norm=4.5516 tensors_with_grad=69/72
[train] step 112: T=528 positions=16 loss=0.2947 ce=0.6352 tv=0.1805 conf=1.0995 grad_norm=3.7989 tensors_with_grad=69/72
[train] step 113: T=674 positions=16 loss=1.0421 ce=2.3699 tv=0.3841 conf=1.5201 grad_norm=4.7019 tensors_with_grad=69/72
[train] step 114: T=533 positions=16 loss=0.2696 ce=0.6031 tv=0.1737 conf=1.0574 grad_norm=4.2230 tensors_with_grad=69/72
[train] step 115: T=623 positions=16 loss=0.7841 ce=1.5003 tv=0.3560 conf=2.0164 grad_norm=4.6536 tensors_with_grad=69/72
[train] step 116: T=1190 positions=16 loss=1.4697 ce=2.7950 tv=0.3717 conf=1.1743 grad_norm=5.7915 tensors_with_grad=69/72
[train] step 117: T=627 positions=16 loss=0.6528 ce=1.2860 tv=0.2799 conf=1.4549 grad_norm=4.3565 tensors_with_grad=69/72
[train] step 118: T=638 positions=16 loss=1.0165 ce=2.1346 tv=0.4714 conf=1.3964 grad_norm=4.0356 tensors_with_grad=69/72
[train] step 119: T=605 positions=16 loss=1.0130 ce=2.2157 tv=0.4049 conf=1.8034 grad_norm=4.1135 tensors_with_grad=69/72
[train] step 120: T=664 positions=16 loss=0.1325 ce=0.3246 tv=0.1531 conf=1.5881 grad_norm=2.0957 tensors_with_grad=69/72
[train] step 121: T=530 positions=16 loss=0.9308 ce=2.1390 tv=0.3275 conf=0.8781 grad_norm=3.8693 tensors_with_grad=69/72
[train] step 122: T=541 positions=16 loss=0.2578 ce=0.5338 tv=0.1406 conf=0.5294 grad_norm=2.1611 tensors_with_grad=69/72
[train] step 123: T=533 positions=16 loss=0.7713 ce=1.5269 tv=0.2635 conf=1.0287 grad_norm=3.7980 tensors_with_grad=69/72
[train] step 124: T=616 positions=16 loss=0.8842 ce=1.9013 tv=0.3434 conf=1.0303 grad_norm=4.4897 tensors_with_grad=69/72
[train] step 125: T=672 positions=16 loss=1.5570 ce=3.0372 tv=0.5393 conf=2.4809 grad_norm=8.1621 tensors_with_grad=69/72
[train] step 126: T=524 positions=16 loss=1.1129 ce=2.1807 tv=0.4505 conf=1.3250 grad_norm=5.3328 tensors_with_grad=69/72
[train] step 127: T=1177 positions=16 loss=1.5238 ce=2.9157 tv=0.4510 conf=1.7340 grad_norm=6.0782 tensors_with_grad=69/72
[train] step 128: T=543 positions=16 loss=0.5140 ce=1.0517 tv=0.2534 conf=1.4561 grad_norm=3.6322 tensors_with_grad=69/72
[train] step 129: T=537 positions=16 loss=0.5383 ce=1.0608 tv=0.2729 conf=2.5351 grad_norm=4.8188 tensors_with_grad=69/72
[train] step 130: T=533 positions=16 loss=0.6239 ce=1.2797 tv=0.2306 conf=2.4348 grad_norm=11.6164 tensors_with_grad=69/72
[train] step 131: T=532 positions=16 loss=0.9339 ce=2.3078 tv=0.4346 conf=2.3261 grad_norm=3.6964 tensors_with_grad=69/72
[train] step 132: T=572 positions=16 loss=0.1566 ce=0.4329 tv=0.1135 conf=0.7931 grad_norm=2.1989 tensors_with_grad=69/72
[train] step 133: T=531 positions=16 loss=1.7137 ce=3.0960 tv=0.5347 conf=1.1164 grad_norm=5.9837 tensors_with_grad=69/72
[train] step 134: T=553 positions=16 loss=0.4697 ce=1.0160 tv=0.1689 conf=0.4257 grad_norm=4.6205 tensors_with_grad=69/72
[train] step 135: T=540 positions=16 loss=0.5610 ce=1.0280 tv=0.2443 conf=0.5828 grad_norm=6.4239 tensors_with_grad=69/72
[train] step 136: T=532 positions=16 loss=0.6793 ce=1.7385 tv=0.2477 conf=2.1550 grad_norm=2.1494 tensors_with_grad=69/72
[train] step 137: T=552 positions=16 loss=0.8052 ce=1.7035 tv=0.2722 conf=0.9062 grad_norm=3.8490 tensors_with_grad=69/72
[train] step 138: T=565 positions=16 loss=0.4453 ce=0.9203 tv=0.1807 conf=1.4815 grad_norm=2.0654 tensors_with_grad=69/72
[train] step 139: T=534 positions=16 loss=0.4424 ce=1.0007 tv=0.2288 conf=1.6843 grad_norm=3.1095 tensors_with_grad=69/72
[train] step 140: T=1720 positions=16 loss=1.5592 ce=2.9469 tv=0.5515 conf=1.5357 grad_norm=7.4853 tensors_with_grad=69/72
[train] step 141: T=539 positions=16 loss=0.9900 ce=2.0023 tv=0.3842 conf=1.2696 grad_norm=14.5567 tensors_with_grad=69/72
[train] step 142: T=1793 positions=16 loss=2.4338 ce=5.2427 tv=0.5501 conf=1.9838 grad_norm=9.3777 tensors_with_grad=69/72
[train] step 143: T=581 positions=16 loss=0.4066 ce=1.0858 tv=0.2442 conf=1.7215 grad_norm=3.7044 tensors_with_grad=69/72
[train] step 144: T=1033 positions=16 loss=2.4519 ce=4.6317 tv=0.5771 conf=1.5727 grad_norm=9.2462 tensors_with_grad=69/72
[train] step 145: T=544 positions=16 loss=0.4657 ce=0.8489 tv=0.2036 conf=0.7224 grad_norm=2.6793 tensors_with_grad=69/72
[train] step 146: T=1570 positions=16 loss=1.5795 ce=3.4429 tv=0.4765 conf=1.8681 grad_norm=6.2643 tensors_with_grad=69/72
[train] step 147: T=1007 positions=16 loss=1.5192 ce=3.1310 tv=0.4229 conf=2.1957 grad_norm=4.6480 tensors_with_grad=69/72
[train] step 148: T=656 positions=16 loss=0.5803 ce=1.6813 tv=0.2426 conf=1.4266 grad_norm=3.5888 tensors_with_grad=69/72
[train] step 149: T=605 positions=16 loss=0.3871 ce=1.0324 tv=0.2119 conf=1.1316 grad_norm=3.9378 tensors_with_grad=69/72
[train] step 150: T=1792 positions=16 loss=2.3486 ce=4.8320 tv=0.5320 conf=1.3224 grad_norm=5.5048 tensors_with_grad=69/72
[train] step 151: T=535 positions=16 loss=0.3103 ce=0.5653 tv=0.0957 conf=3.4491 grad_norm=2.0467 tensors_with_grad=69/72
[train] step 152: T=550 positions=16 loss=0.8613 ce=1.6025 tv=0.3431 conf=1.4531 grad_norm=4.3009 tensors_with_grad=69/72
[train] step 153: T=608 positions=16 loss=0.5459 ce=1.5004 tv=0.3112 conf=2.1263 grad_norm=5.9802 tensors_with_grad=69/72
[train] step 154: T=901 positions=16 loss=0.9622 ce=1.8839 tv=0.3355 conf=1.7852 grad_norm=5.3206 tensors_with_grad=69/72
[train] step 155: T=527 positions=16 loss=1.2385 ce=2.6437 tv=0.4848 conf=2.3504 grad_norm=5.2730 tensors_with_grad=69/72
[train] step 156: T=1058 positions=16 loss=1.2584 ce=2.7555 tv=0.3991 conf=1.9622 grad_norm=3.2926 tensors_with_grad=69/72
[train] step 157: T=629 positions=16 loss=0.2854 ce=0.6173 tv=0.2006 conf=1.5975 grad_norm=1.9213 tensors_with_grad=69/72
[train] step 158: T=532 positions=16 loss=0.4878 ce=1.1100 tv=0.2020 conf=1.2872 grad_norm=6.2214 tensors_with_grad=69/72
[train] step 159: T=674 positions=16 loss=0.9900 ce=1.9368 tv=0.4112 conf=1.3494 grad_norm=3.9884 tensors_with_grad=69/72
[train] step 160: T=546 positions=16 loss=0.1245 ce=0.3632 tv=0.1345 conf=0.7701 grad_norm=1.1578 tensors_with_grad=69/72
[train] step 161: T=574 positions=16 loss=0.6779 ce=1.4389 tv=0.2782 conf=2.4544 grad_norm=3.6307 tensors_with_grad=69/72
[train] step 162: T=675 positions=16 loss=0.6207 ce=1.5798 tv=0.3131 conf=1.4866 grad_norm=6.5926 tensors_with_grad=69/72
[train] step 163: T=549 positions=16 loss=0.5418 ce=1.1924 tv=0.2815 conf=1.2387 grad_norm=4.0072 tensors_with_grad=69/72
[train] step 164: T=671 positions=16 loss=1.0258 ce=2.0307 tv=0.4529 conf=1.5421 grad_norm=4.8151 tensors_with_grad=69/72
[train] step 165: T=609 positions=16 loss=0.4442 ce=0.9717 tv=0.3140 conf=2.5984 grad_norm=3.8201 tensors_with_grad=69/72
[train] step 166: T=570 positions=16 loss=1.4402 ce=3.4390 tv=0.4223 conf=2.2686 grad_norm=7.7392 tensors_with_grad=69/72
[train] step 167: T=540 positions=16 loss=0.4716 ce=1.0369 tv=0.2427 conf=1.5609 grad_norm=2.2397 tensors_with_grad=69/72
[train] step 168: T=618 positions=16 loss=0.5109 ce=1.3020 tv=0.2673 conf=1.7230 grad_norm=3.1398 tensors_with_grad=69/72
[train] step 169: T=524 positions=16 loss=1.3726 ce=2.7894 tv=0.5127 conf=1.7528 grad_norm=8.6107 tensors_with_grad=69/72
[train] step 170: T=673 positions=16 loss=1.2050 ce=2.4352 tv=0.4593 conf=1.6541 grad_norm=4.2523 tensors_with_grad=69/72
[train] step 171: T=526 positions=16 loss=0.3728 ce=0.7431 tv=0.1997 conf=1.8581 grad_norm=2.5190 tensors_with_grad=69/72
[train] step 172: T=531 positions=16 loss=0.7235 ce=1.4632 tv=0.2687 conf=0.7636 grad_norm=5.3091 tensors_with_grad=69/72
[train] step 173: T=536 positions=16 loss=0.5833 ce=1.2109 tv=0.2509 conf=1.4482 grad_norm=5.1926 tensors_with_grad=69/72
[train] step 174: T=601 positions=16 loss=0.3824 ce=0.7948 tv=0.1822 conf=1.0750 grad_norm=6.1972 tensors_with_grad=69/72
[train] step 175: T=647 positions=16 loss=1.2028 ce=2.3223 tv=0.4606 conf=1.4160 grad_norm=4.5991 tensors_with_grad=69/72
[train] step 176: T=532 positions=16 loss=0.4766 ce=1.0244 tv=0.2636 conf=0.7826 grad_norm=3.7089 tensors_with_grad=69/72
[train] step 177: T=544 positions=16 loss=0.5598 ce=1.2138 tv=0.2225 conf=1.5469 grad_norm=5.1153 tensors_with_grad=69/72
[train] step 178: T=673 positions=16 loss=1.3876 ce=2.6935 tv=0.4945 conf=1.3700 grad_norm=3.8575 tensors_with_grad=69/72
[train] step 179: T=593 positions=16 loss=0.2860 ce=0.6319 tv=0.1650 conf=1.0506 grad_norm=4.2095 tensors_with_grad=69/72
[train] step 180: T=568 positions=16 loss=0.0991 ce=0.4330 tv=0.1149 conf=1.2444 grad_norm=1.3746 tensors_with_grad=69/72
[train] step 181: T=589 positions=16 loss=0.1198 ce=0.4269 tv=0.1601 conf=0.8890 grad_norm=2.3924 tensors_with_grad=69/72
[train] step 182: T=526 positions=16 loss=0.3223 ce=1.0319 tv=0.2232 conf=1.8102 grad_norm=1.7914 tensors_with_grad=69/72
[train] step 183: T=538 positions=16 loss=0.1438 ce=0.5020 tv=0.0961 conf=0.3775 grad_norm=0.6210 tensors_with_grad=69/72
[train] step 184: T=1365 positions=16 loss=1.9742 ce=4.3159 tv=0.5003 conf=2.0768 grad_norm=11.5431 tensors_with_grad=69/72
[train] step 185: T=533 positions=16 loss=0.4068 ce=0.9357 tv=0.2276 conf=1.0636 grad_norm=6.9463 tensors_with_grad=69/72
[train] step 186: T=526 positions=16 loss=1.1205 ce=2.1484 tv=0.5070 conf=2.2220 grad_norm=5.3407 tensors_with_grad=69/72
[train] step 187: T=625 positions=16 loss=0.0388 ce=0.2018 tv=0.1099 conf=1.4422 grad_norm=0.5799 tensors_with_grad=69/72
[train] step 188: T=544 positions=16 loss=1.2244 ce=2.2803 tv=0.4442 conf=1.3885 grad_norm=5.5461 tensors_with_grad=69/72
[train] step 189: T=531 positions=16 loss=1.1617 ce=2.4265 tv=0.4632 conf=1.4045 grad_norm=4.3998 tensors_with_grad=69/72
[train] step 190: T=1057 positions=16 loss=1.3508 ce=2.8440 tv=0.3833 conf=1.1914 grad_norm=4.6751 tensors_with_grad=69/72
[train] step 191: T=1004 positions=16 loss=1.2825 ce=2.7108 tv=0.4468 conf=1.3085 grad_norm=4.9429 tensors_with_grad=69/72
[train] step 192: T=673 positions=16 loss=1.0648 ce=2.1163 tv=0.4295 conf=2.0308 grad_norm=7.1972 tensors_with_grad=69/72
[train] step 193: T=541 positions=16 loss=0.1044 ce=0.4363 tv=0.1193 conf=0.8554 grad_norm=1.0330 tensors_with_grad=69/72
[train] step 194: T=531 positions=16 loss=0.2739 ce=0.6077 tv=0.1552 conf=1.5442 grad_norm=2.8819 tensors_with_grad=69/72
[train] step 195: T=561 positions=16 loss=0.3507 ce=0.6086 tv=0.1732 conf=0.8940 grad_norm=6.3717 tensors_with_grad=69/72
[train] step 196: T=535 positions=16 loss=0.2451 ce=0.6213 tv=0.1922 conf=1.1956 grad_norm=2.1837 tensors_with_grad=69/72
[train] step 197: T=571 positions=16 loss=0.3750 ce=1.0461 tv=0.2570 conf=1.5607 grad_norm=3.2571 tensors_with_grad=69/72
[train] step 198: T=672 positions=16 loss=1.5620 ce=2.7475 tv=0.5414 conf=1.8390 grad_norm=6.9420 tensors_with_grad=69/72
[train] step 199: T=540 positions=16 loss=0.2240 ce=0.3943 tv=0.1076 conf=0.7955 grad_norm=5.8520 tensors_with_grad=69/72
[train] step 200: T=532 positions=16 loss=0.0757 ce=0.2020 tv=0.0588 conf=0.2247 grad_norm=0.8100 tensors_with_grad=69/72
[train] step 201: T=676 positions=16 loss=1.1845 ce=2.2822 tv=0.4511 conf=1.2504 grad_norm=4.9518 tensors_with_grad=69/72
[train] step 202: T=838 positions=16 loss=0.9026 ce=1.8033 tv=0.3701 conf=2.0321 grad_norm=5.6915 tensors_with_grad=69/72
[train] step 203: T=583 positions=16 loss=0.7842 ce=1.7690 tv=0.3377 conf=0.9613 grad_norm=4.4109 tensors_with_grad=69/72
[train] step 204: T=527 positions=16 loss=0.3474 ce=0.8098 tv=0.2156 conf=1.8885 grad_norm=1.8916 tensors_with_grad=69/72
[train] step 205: T=675 positions=16 loss=1.0736 ce=2.3093 tv=0.3476 conf=1.2291 grad_norm=6.0315 tensors_with_grad=69/72
[train] step 206: T=542 positions=16 loss=0.6716 ce=1.3321 tv=0.2825 conf=1.9530 grad_norm=6.8203 tensors_with_grad=69/72
[train] step 207: T=1211 positions=16 loss=1.5212 ce=3.0895 tv=0.4032 conf=1.3697 grad_norm=5.5617 tensors_with_grad=69/72
[train] step 208: T=527 positions=16 loss=0.1814 ce=0.4468 tv=0.0813 conf=0.6131 grad_norm=1.1513 tensors_with_grad=69/72
[train] step 209: T=1106 positions=16 loss=2.1280 ce=4.1490 tv=0.5057 conf=1.2867 grad_norm=8.1428 tensors_with_grad=69/72
[train] step 210: T=533 positions=16 loss=0.2495 ce=0.6016 tv=0.1654 conf=0.7808 grad_norm=2.7121 tensors_with_grad=69/72
[train] step 211: T=1721 positions=16 loss=1.6364 ce=3.3847 tv=0.4820 conf=2.8077 grad_norm=5.5407 tensors_with_grad=69/72
[train] step 212: T=616 positions=16 loss=0.2061 ce=0.4025 tv=0.1459 conf=1.1560 grad_norm=3.0266 tensors_with_grad=69/72
[train] step 213: T=672 positions=16 loss=0.8583 ce=2.0171 tv=0.3818 conf=1.6101 grad_norm=5.8663 tensors_with_grad=69/72
[train] step 214: T=529 positions=16 loss=1.1184 ce=2.1266 tv=0.4684 conf=1.9889 grad_norm=4.4994 tensors_with_grad=69/72
[train] step 215: T=536 positions=16 loss=0.2426 ce=0.8116 tv=0.1526 conf=1.7580 grad_norm=2.3847 tensors_with_grad=69/72
[train] step 216: T=550 positions=16 loss=0.6430 ce=1.3321 tv=0.3188 conf=1.1452 grad_norm=4.1866 tensors_with_grad=69/72
[train] step 217: T=1223 positions=16 loss=2.0408 ce=4.2751 tv=0.5264 conf=2.0858 grad_norm=7.4943 tensors_with_grad=69/72
[train] step 218: T=528 positions=16 loss=0.7988 ce=1.7079 tv=0.3504 conf=1.3673 grad_norm=8.0952 tensors_with_grad=69/72
[train] step 219: T=535 positions=16 loss=0.2850 ce=0.4959 tv=0.1782 conf=1.1397 grad_norm=5.9316 tensors_with_grad=69/72
[train] step 220: T=580 positions=16 loss=0.4863 ce=0.9515 tv=0.2832 conf=1.5326 grad_norm=4.4401 tensors_with_grad=69/72
[train] step 221: T=533 positions=16 loss=0.1438 ce=0.2897 tv=0.0616 conf=0.2604 grad_norm=4.5337 tensors_with_grad=69/72
[train] step 222: T=531 positions=16 loss=0.5723 ce=1.1263 tv=0.2556 conf=1.5247 grad_norm=4.0436 tensors_with_grad=69/72
[train] step 223: T=577 positions=16 loss=0.7651 ce=1.6692 tv=0.3645 conf=1.6456 grad_norm=3.1185 tensors_with_grad=69/72
[train] step 224: T=583 positions=16 loss=1.0332 ce=2.3047 tv=0.3760 conf=1.8754 grad_norm=7.3997 tensors_with_grad=69/72
[train] step 225: T=673 positions=16 loss=1.3654 ce=2.9667 tv=0.4829 conf=1.2026 grad_norm=4.4268 tensors_with_grad=69/72
[train] step 226: T=672 positions=16 loss=0.4690 ce=1.2029 tv=0.2750 conf=2.1539 grad_norm=5.4935 tensors_with_grad=69/72
[train] step 227: T=1189 positions=16 loss=1.4973 ce=2.9035 tv=0.4584 conf=2.1009 grad_norm=7.2424 tensors_with_grad=69/72
[train] step 228: T=534 positions=16 loss=1.2592 ce=2.8657 tv=0.4783 conf=1.8135 grad_norm=6.7058 tensors_with_grad=69/72
[train] step 229: T=531 positions=16 loss=0.4821 ce=1.2834 tv=0.2375 conf=0.8591 grad_norm=6.8678 tensors_with_grad=69/72
[train] step 230: T=678 positions=16 loss=0.6944 ce=1.4929 tv=0.3483 conf=1.7611 grad_norm=3.7034 tensors_with_grad=69/72
[train] step 231: T=525 positions=16 loss=1.0592 ce=2.0245 tv=0.4167 conf=1.6644 grad_norm=3.4017 tensors_with_grad=69/72
[train] step 232: T=674 positions=16 loss=0.3538 ce=0.7683 tv=0.2104 conf=1.7042 grad_norm=3.8437 tensors_with_grad=69/72
[train] step 233: T=550 positions=16 loss=0.1623 ce=0.4035 tv=0.1691 conf=1.0883 grad_norm=3.1948 tensors_with_grad=69/72
[train] step 234: T=534 positions=16 loss=0.6973 ce=1.4653 tv=0.3485 conf=1.4529 grad_norm=4.9614 tensors_with_grad=69/72
[train] step 235: T=607 positions=16 loss=0.4722 ce=1.6417 tv=0.2614 conf=2.1892 grad_norm=6.1702 tensors_with_grad=69/72
[train] step 236: T=529 positions=16 loss=1.4749 ce=3.5822 tv=0.5204 conf=1.4680 grad_norm=5.8804 tensors_with_grad=69/72
[train] step 237: T=538 positions=16 loss=1.3145 ce=2.2677 tv=0.4982 conf=1.5627 grad_norm=4.9995 tensors_with_grad=69/72
[train] step 238: T=538 positions=16 loss=0.5339 ce=0.9242 tv=0.2253 conf=0.4750 grad_norm=12.1637 tensors_with_grad=69/72
[train] step 239: T=538 positions=16 loss=0.3906 ce=0.8346 tv=0.1326 conf=0.3579 grad_norm=2.6531 tensors_with_grad=69/72
[train] step 240: T=851 positions=16 loss=1.9000 ce=3.5709 tv=0.5712 conf=1.6183 grad_norm=6.8555 tensors_with_grad=69/72
[train] step 241: T=533 positions=16 loss=0.5129 ce=1.5274 tv=0.2836 conf=2.0135 grad_norm=5.8892 tensors_with_grad=69/72
[train] step 242: T=1623 positions=16 loss=1.8198 ce=3.8039 tv=0.4697 conf=1.0963 grad_norm=5.5366 tensors_with_grad=69/72
[train] step 243: T=547 positions=16 loss=0.6073 ce=1.2458 tv=0.2913 conf=1.3294 grad_norm=2.9386 tensors_with_grad=69/72
[train] step 244: T=876 positions=16 loss=1.7485 ce=3.6087 tv=0.4243 conf=1.1981 grad_norm=4.2818 tensors_with_grad=69/72
[train] step 245: T=528 positions=16 loss=1.1427 ce=2.1532 tv=0.2807 conf=0.6109 grad_norm=5.1649 tensors_with_grad=69/72
[train] step 246: T=652 positions=16 loss=1.2440 ce=2.7386 tv=0.4935 conf=2.0037 grad_norm=4.3786 tensors_with_grad=69/72
[train] step 247: T=611 positions=16 loss=0.2365 ce=0.6887 tv=0.2078 conf=1.4147 grad_norm=5.2688 tensors_with_grad=69/72
[train] step 248: T=588 positions=16 loss=0.1937 ce=0.5743 tv=0.1162 conf=1.3678 grad_norm=2.1278 tensors_with_grad=69/72
[train] step 249: T=554 positions=16 loss=0.6136 ce=1.2211 tv=0.2519 conf=1.8089 grad_norm=3.2135 tensors_with_grad=69/72
[train] step 250: T=592 positions=16 loss=0.8564 ce=1.8170 tv=0.3361 conf=0.9861 grad_norm=6.1003 tensors_with_grad=69/72
[train] step 251: T=540 positions=16 loss=0.2810 ce=1.4148 tv=0.1903 conf=0.6774 grad_norm=2.2027 tensors_with_grad=69/72
[train] step 252: T=537 positions=16 loss=0.4334 ce=0.9286 tv=0.2762 conf=1.0819 grad_norm=3.1660 tensors_with_grad=69/72
[train] step 253: T=673 positions=16 loss=0.4129 ce=0.9572 tv=0.2479 conf=0.9158 grad_norm=5.0569 tensors_with_grad=69/72
[train] step 254: T=575 positions=16 loss=0.1733 ce=0.4047 tv=0.1385 conf=0.7264 grad_norm=1.3974 tensors_with_grad=69/72
[train] step 255: T=545 positions=16 loss=1.2387 ce=2.4336 tv=0.4170 conf=1.5905 grad_norm=5.1637 tensors_with_grad=69/72
[train] step 256: T=540 positions=16 loss=0.4646 ce=0.9669 tv=0.2418 conf=1.0274 grad_norm=3.7765 tensors_with_grad=69/72
[train] step 257: T=525 positions=16 loss=0.7450 ce=1.5613 tv=0.3280 conf=1.1905 grad_norm=4.8995 tensors_with_grad=69/72
[train] step 258: T=1002 positions=16 loss=1.7545 ce=3.7926 tv=0.5363 conf=1.4865 grad_norm=5.6066 tensors_with_grad=69/72
[train] step 259: T=599 positions=16 loss=0.6708 ce=1.2899 tv=0.2051 conf=0.6078 grad_norm=5.7218 tensors_with_grad=69/72
[train] step 260: T=566 positions=16 loss=0.3027 ce=0.7688 tv=0.2067 conf=1.2084 grad_norm=2.2557 tensors_with_grad=69/72
[train] step 261: T=542 positions=16 loss=0.6094 ce=1.5632 tv=0.3352 conf=1.6102 grad_norm=2.7072 tensors_with_grad=69/72
[train] step 262: T=571 positions=16 loss=1.5166 ce=3.0245 tv=0.4390 conf=1.2490 grad_norm=4.8596 tensors_with_grad=69/72
[train] step 263: T=551 positions=16 loss=1.6050 ce=3.0920 tv=0.3894 conf=1.8019 grad_norm=6.4775 tensors_with_grad=69/72
[train] step 264: T=557 positions=16 loss=0.7443 ce=1.6098 tv=0.3327 conf=1.4581 grad_norm=5.5798 tensors_with_grad=69/72
[train] step 265: T=1795 positions=16 loss=2.0733 ce=3.9830 tv=0.5435 conf=2.4627 grad_norm=12.5741 tensors_with_grad=69/72
[train] step 266: T=654 positions=16 loss=0.8693 ce=1.6011 tv=0.3604 conf=1.5862 grad_norm=6.3402 tensors_with_grad=69/72
[train] step 267: T=1011 positions=16 loss=1.4366 ce=2.7028 tv=0.4111 conf=1.2781 grad_norm=4.6374 tensors_with_grad=69/72
[train] step 268: T=673 positions=16 loss=0.7385 ce=1.8287 tv=0.3921 conf=1.9855 grad_norm=3.9401 tensors_with_grad=69/72
[train] step 269: T=588 positions=16 loss=1.1632 ce=2.4049 tv=0.3494 conf=1.6006 grad_norm=5.3691 tensors_with_grad=69/72
[train] step 270: T=540 positions=16 loss=0.6184 ce=1.3676 tv=0.3134 conf=2.4096 grad_norm=5.9275 tensors_with_grad=69/72
[train] step 271: T=667 positions=16 loss=0.1940 ce=0.4885 tv=0.1696 conf=0.7965 grad_norm=1.3798 tensors_with_grad=69/72
[train] step 272: T=952 positions=16 loss=1.2299 ce=2.3234 tv=0.4393 conf=2.1609 grad_norm=4.5049 tensors_with_grad=69/72
[train] step 273: T=862 positions=16 loss=1.2524 ce=2.2525 tv=0.4302 conf=1.4472 grad_norm=3.9860 tensors_with_grad=69/72
[train] step 274: T=945 positions=16 loss=1.9452 ce=4.2112 tv=0.5207 conf=2.0788 grad_norm=9.1361 tensors_with_grad=69/72
[train] step 275: T=545 positions=16 loss=0.9731 ce=1.9756 tv=0.4001 conf=1.2487 grad_norm=3.5684 tensors_with_grad=69/72
[train] step 276: T=677 positions=16 loss=0.7479 ce=1.5738 tv=0.2674 conf=1.2874 grad_norm=4.0462 tensors_with_grad=69/72
[train] step 277: T=659 positions=16 loss=1.2301 ce=2.4157 tv=0.3580 conf=1.1633 grad_norm=5.2967 tensors_with_grad=69/72
[train] step 278: T=676 positions=16 loss=0.5989 ce=1.2787 tv=0.2767 conf=1.6479 grad_norm=9.3295 tensors_with_grad=69/72
[train] step 279: T=525 positions=16 loss=1.0367 ce=1.9126 tv=0.4586 conf=2.0616 grad_norm=5.1098 tensors_with_grad=69/72
[train] step 280: T=568 positions=16 loss=0.5370 ce=1.3973 tv=0.2888 conf=1.8004 grad_norm=6.2291 tensors_with_grad=69/72
[train] step 281: T=613 positions=16 loss=0.2397 ce=0.8650 tv=0.2086 conf=1.5961 grad_norm=3.7144 tensors_with_grad=69/72
[train] step 282: T=535 positions=16 loss=0.5874 ce=0.8628 tv=0.2326 conf=1.6739 grad_norm=3.4288 tensors_with_grad=69/72
[train] step 283: T=524 positions=16 loss=0.6636 ce=1.3463 tv=0.3122 conf=1.2259 grad_norm=5.7300 tensors_with_grad=69/72
[train] step 284: T=529 positions=16 loss=0.8075 ce=1.5356 tv=0.3576 conf=1.7393 grad_norm=6.3896 tensors_with_grad=69/72
[train] step 285: T=549 positions=16 loss=0.5673 ce=1.0563 tv=0.2319 conf=1.1011 grad_norm=2.3583 tensors_with_grad=69/72
[train] step 286: T=878 positions=16 loss=1.2295 ce=2.3980 tv=0.4298 conf=2.3043 grad_norm=4.7620 tensors_with_grad=69/72
[train] step 287: T=570 positions=16 loss=0.6555 ce=1.3026 tv=0.2957 conf=1.1353 grad_norm=7.1257 tensors_with_grad=69/72
[train] step 288: T=675 positions=16 loss=0.7316 ce=1.5530 tv=0.3275 conf=0.8459 grad_norm=9.2510 tensors_with_grad=69/72
[train] step 289: T=590 positions=16 loss=0.8362 ce=1.5437 tv=0.3831 conf=2.0080 grad_norm=5.7745 tensors_with_grad=69/72
[train] step 290: T=619 positions=16 loss=0.3040 ce=0.6587 tv=0.1977 conf=1.2636 grad_norm=1.8530 tensors_with_grad=69/72
[train] step 291: T=540 positions=16 loss=0.3457 ce=0.7603 tv=0.1584 conf=0.4614 grad_norm=3.8934 tensors_with_grad=69/72
[train] step 292: T=557 positions=16 loss=1.5312 ce=2.4302 tv=0.4327 conf=1.6642 grad_norm=7.9220 tensors_with_grad=69/72
[train] step 293: T=674 positions=16 loss=1.3584 ce=2.3715 tv=0.4748 conf=1.2789 grad_norm=5.2472 tensors_with_grad=69/72
[train] step 294: T=551 positions=16 loss=0.6834 ce=1.6095 tv=0.2146 conf=0.7304 grad_norm=5.5113 tensors_with_grad=69/72
[train] step 295: T=536 positions=16 loss=0.7899 ce=1.5717 tv=0.3500 conf=1.6587 grad_norm=5.3348 tensors_with_grad=69/72
[train] step 296: T=562 positions=16 loss=0.4170 ce=0.7458 tv=0.2205 conf=1.1847 grad_norm=3.1171 tensors_with_grad=69/72
[train] step 297: T=914 positions=16 loss=1.5963 ce=2.9583 tv=0.4252 conf=1.5043 grad_norm=5.7848 tensors_with_grad=69/72
[train] step 298: T=603 positions=16 loss=0.6571 ce=1.4449 tv=0.2949 conf=1.6348 grad_norm=3.6253 tensors_with_grad=69/72
[train] step 299: T=637 positions=16 loss=0.5842 ce=1.7587 tv=0.2798 conf=2.0775 grad_norm=3.8890 tensors_with_grad=69/72
[train] step 300: T=678 positions=16 loss=1.1590 ce=2.0131 tv=0.4050 conf=1.5189 grad_norm=4.5962 tensors_with_grad=69/72
[train] step 301: T=1167 positions=16 loss=1.5367 ce=3.4372 tv=0.4926 conf=2.0689 grad_norm=3.8044 tensors_with_grad=69/72
[train] step 302: T=590 positions=16 loss=0.1108 ce=0.3501 tv=0.1175 conf=0.5098 grad_norm=1.7673 tensors_with_grad=69/72
[train] step 303: T=539 positions=16 loss=0.2623 ce=0.9741 tv=0.1877 conf=0.8255 grad_norm=2.2663 tensors_with_grad=69/72
[train] step 304: T=1006 positions=16 loss=1.0750 ce=2.2897 tv=0.3882 conf=2.0947 grad_norm=6.5876 tensors_with_grad=69/72
[train] step 305: T=528 positions=16 loss=1.8367 ce=3.5444 tv=0.5747 conf=1.3398 grad_norm=8.0372 tensors_with_grad=69/72
[train] step 306: T=535 positions=16 loss=0.6024 ce=1.5210 tv=0.3519 conf=1.5959 grad_norm=2.6448 tensors_with_grad=69/72
[train] step 307: T=607 positions=16 loss=0.6078 ce=1.0227 tv=0.2512 conf=1.4073 grad_norm=4.9874 tensors_with_grad=69/72
[train] step 308: T=540 positions=16 loss=0.1034 ce=0.3049 tv=0.1145 conf=0.8027 grad_norm=1.5339 tensors_with_grad=69/72
[train] step 309: T=1532 positions=16 loss=1.4577 ce=3.0069 tv=0.4069 conf=1.0784 grad_norm=9.8560 tensors_with_grad=69/72
[train] step 310: T=532 positions=16 loss=0.6655 ce=1.5971 tv=0.2559 conf=1.0669 grad_norm=5.4678 tensors_with_grad=69/72
[train] step 311: T=1716 positions=16 loss=1.8242 ce=3.7041 tv=0.4952 conf=1.9970 grad_norm=4.3335 tensors_with_grad=69/72
[train] step 312: T=545 positions=16 loss=0.7520 ce=1.6270 tv=0.3088 conf=2.1435 grad_norm=5.3897 tensors_with_grad=69/72
[train] step 313: T=606 positions=16 loss=0.6865 ce=1.7013 tv=0.3442 conf=1.9591 grad_norm=8.2390 tensors_with_grad=69/72
[train] step 314: T=582 positions=16 loss=0.2799 ce=0.6797 tv=0.2048 conf=0.8714 grad_norm=3.1263 tensors_with_grad=69/72
[train] step 315: T=615 positions=16 loss=1.0663 ce=2.1401 tv=0.3700 conf=1.5416 grad_norm=8.5225 tensors_with_grad=69/72
[train] step 316: T=534 positions=16 loss=0.7565 ce=1.4595 tv=0.3241 conf=1.3627 grad_norm=5.0828 tensors_with_grad=69/72
[train] step 317: T=542 positions=16 loss=0.5255 ce=1.1220 tv=0.2546 conf=1.2875 grad_norm=6.3562 tensors_with_grad=69/72
[train] step 318: T=626 positions=16 loss=0.4726 ce=1.0177 tv=0.2526 conf=1.3516 grad_norm=3.2477 tensors_with_grad=69/72
[train] step 319: T=525 positions=16 loss=0.8538 ce=1.7012 tv=0.3838 conf=1.1993 grad_norm=6.0083 tensors_with_grad=69/72
[train] step 320: T=627 positions=16 loss=0.0939 ce=0.3617 tv=0.2003 conf=3.0180 grad_norm=1.6539 tensors_with_grad=69/72
[train] step 321: T=641 positions=16 loss=0.6159 ce=1.4900 tv=0.2580 conf=1.0173 grad_norm=3.4248 tensors_with_grad=69/72
[train] step 322: T=605 positions=16 loss=0.3997 ce=0.8015 tv=0.2272 conf=1.3767 grad_norm=3.6061 tensors_with_grad=69/72
[train] step 323: T=532 positions=16 loss=0.7382 ce=1.2772 tv=0.2296 conf=1.0011 grad_norm=3.0983 tensors_with_grad=69/72
[train] step 324: T=526 positions=16 loss=1.2135 ce=2.4147 tv=0.4667 conf=1.3851 grad_norm=3.7279 tensors_with_grad=69/72
[train] step 325: T=545 positions=16 loss=0.2840 ce=0.6083 tv=0.1752 conf=1.0870 grad_norm=3.2446 tensors_with_grad=69/72
[train] step 326: T=561 positions=16 loss=0.8757 ce=2.1249 tv=0.3271 conf=2.4309 grad_norm=4.3112 tensors_with_grad=69/72
[train] step 327: T=540 positions=16 loss=0.5124 ce=0.9601 tv=0.2370 conf=1.0747 grad_norm=6.8973 tensors_with_grad=69/72
[train] step 328: T=1025 positions=16 loss=1.6728 ce=3.4642 tv=0.5096 conf=2.3315 grad_norm=4.4723 tensors_with_grad=69/72
[train] step 329: T=1316 positions=16 loss=1.5661 ce=2.9475 tv=0.3982 conf=0.9327 grad_norm=3.8154 tensors_with_grad=69/72
[train] step 330: T=593 positions=16 loss=1.2947 ce=3.2627 tv=0.4725 conf=2.3634 grad_norm=5.0546 tensors_with_grad=69/72
[train] step 331: T=1364 positions=16 loss=2.1177 ce=3.9683 tv=0.5075 conf=0.7523 grad_norm=4.8433 tensors_with_grad=69/72
[train] step 332: T=563 positions=16 loss=1.2175 ce=2.0932 tv=0.3319 conf=1.3751 grad_norm=4.7016 tensors_with_grad=69/72
[train] step 333: T=621 positions=16 loss=0.8859 ce=2.1033 tv=0.3663 conf=1.3704 grad_norm=4.1458 tensors_with_grad=69/72
[train] step 334: T=1798 positions=16 loss=1.3775 ce=2.9017 tv=0.4201 conf=2.7328 grad_norm=5.7665 tensors_with_grad=69/72
[train] step 335: T=565 positions=16 loss=1.2091 ce=2.1396 tv=0.4313 conf=1.9360 grad_norm=8.3211 tensors_with_grad=69/72
[train] step 336: T=592 positions=16 loss=0.4633 ce=0.9766 tv=0.2760 conf=1.1467 grad_norm=6.9193 tensors_with_grad=69/72
[train] step 337: T=559 positions=16 loss=0.2524 ce=0.6122 tv=0.1219 conf=0.8272 grad_norm=1.7422 tensors_with_grad=69/72
[train] step 338: T=538 positions=16 loss=0.0699 ce=0.2335 tv=0.0664 conf=0.2334 grad_norm=0.9944 tensors_with_grad=69/72
[train] step 339: T=554 positions=16 loss=0.9204 ce=1.9133 tv=0.3410 conf=2.1105 grad_norm=4.7243 tensors_with_grad=69/72
[train] step 340: T=577 positions=16 loss=1.3450 ce=2.7580 tv=0.4959 conf=1.7771 grad_norm=5.1347 tensors_with_grad=69/72
[train] step 341: T=630 positions=16 loss=0.2823 ce=0.6375 tv=0.1445 conf=0.6159 grad_norm=4.9158 tensors_with_grad=69/72
[train] step 342: T=672 positions=16 loss=1.0442 ce=1.8502 tv=0.3706 conf=0.9531 grad_norm=6.8617 tensors_with_grad=69/72
[train] step 343: T=536 positions=16 loss=0.2123 ce=0.5248 tv=0.1412 conf=1.0355 grad_norm=2.9498 tensors_with_grad=69/72
[train] step 344: T=528 positions=16 loss=0.4712 ce=1.1575 tv=0.2259 conf=1.2102 grad_norm=2.0995 tensors_with_grad=69/72
[train] step 345: T=547 positions=16 loss=0.8124 ce=1.5144 tv=0.3318 conf=1.2721 grad_norm=4.4815 tensors_with_grad=69/72
[train] step 346: T=639 positions=16 loss=0.2855 ce=0.5865 tv=0.1587 conf=0.7040 grad_norm=2.6384 tensors_with_grad=69/72
[train] step 347: T=602 positions=16 loss=0.4713 ce=1.5940 tv=0.2465 conf=1.2777 grad_norm=4.3705 tensors_with_grad=69/72
[train] step 348: T=665 positions=16 loss=0.1919 ce=0.5829 tv=0.1518 conf=0.9578 grad_norm=1.0481 tensors_with_grad=69/72
[train] step 349: T=600 positions=16 loss=1.1180 ce=2.2946 tv=0.4084 conf=1.6582 grad_norm=13.4009 tensors_with_grad=69/72
[train] step 350: T=1649 positions=16 loss=2.3828 ce=4.4324 tv=0.5412 conf=1.4590 grad_norm=8.9752 tensors_with_grad=69/72
[train] step 351: T=1232 positions=16 loss=1.5259 ce=2.8570 tv=0.5453 conf=2.0864 grad_norm=3.7880 tensors_with_grad=69/72
[train] step 352: T=528 positions=16 loss=1.1409 ce=1.7726 tv=0.4270 conf=0.8523 grad_norm=6.6992 tensors_with_grad=69/72
[train] step 353: T=1067 positions=16 loss=1.5918 ce=3.3240 tv=0.5119 conf=1.9212 grad_norm=7.1295 tensors_with_grad=69/72
[train] step 354: T=524 positions=16 loss=1.6186 ce=3.2347 tv=0.4950 conf=1.5282 grad_norm=5.5360 tensors_with_grad=69/72
[train] step 355: T=634 positions=16 loss=0.3376 ce=1.0046 tv=0.3076 conf=2.0193 grad_norm=2.5814 tensors_with_grad=69/72
[train] step 356: T=593 positions=16 loss=0.3405 ce=1.0531 tv=0.2134 conf=1.9231 grad_norm=3.1841 tensors_with_grad=69/72
[train] step 357: T=524 positions=16 loss=0.8499 ce=1.7159 tv=0.4183 conf=1.7003 grad_norm=5.4750 tensors_with_grad=69/72
[train] step 358: T=574 positions=16 loss=0.5519 ce=1.3357 tv=0.2982 conf=1.3134 grad_norm=5.1411 tensors_with_grad=69/72
[train] step 359: T=602 positions=16 loss=0.5562 ce=1.0004 tv=0.2846 conf=1.4190 grad_norm=4.2276 tensors_with_grad=69/72
[train] step 360: T=573 positions=16 loss=0.3311 ce=0.7695 tv=0.1473 conf=0.4940 grad_norm=4.8737 tensors_with_grad=69/72
[train] step 361: T=677 positions=16 loss=0.8973 ce=1.6477 tv=0.3262 conf=1.7183 grad_norm=5.6241 tensors_with_grad=69/72
[train] step 362: T=568 positions=16 loss=1.5764 ce=2.8790 tv=0.5501 conf=2.0545 grad_norm=6.2919 tensors_with_grad=69/72
[train] step 363: T=961 positions=16 loss=1.0408 ce=2.2563 tv=0.4046 conf=2.2920 grad_norm=7.6860 tensors_with_grad=69/72
[train] step 364: T=569 positions=16 loss=1.1237 ce=2.3398 tv=0.4529 conf=1.5530 grad_norm=6.1773 tensors_with_grad=69/72
[train] step 365: T=533 positions=16 loss=0.6299 ce=1.4354 tv=0.3181 conf=2.7739 grad_norm=6.4020 tensors_with_grad=69/72
[train] step 366: T=539 positions=16 loss=0.6630 ce=1.3404 tv=0.3598 conf=1.2103 grad_norm=2.7780 tensors_with_grad=69/72
[train] step 367: T=562 positions=16 loss=0.4870 ce=1.1096 tv=0.2290 conf=0.8770 grad_norm=3.4956 tensors_with_grad=69/72
[train] step 368: T=531 positions=16 loss=0.4471 ce=0.8327 tv=0.1650 conf=0.3320 grad_norm=2.1457 tensors_with_grad=69/72
[train] step 369: T=539 positions=16 loss=1.0241 ce=2.3107 tv=0.4015 conf=1.0741 grad_norm=11.1186 tensors_with_grad=69/72
[train] step 370: T=618 positions=16 loss=0.7307 ce=1.5417 tv=0.3101 conf=1.4558 grad_norm=5.9517 tensors_with_grad=69/72
[train] step 371: T=535 positions=16 loss=0.0641 ce=0.2280 tv=0.0716 conf=0.4466 grad_norm=0.8958 tensors_with_grad=69/72
[train] step 372: T=675 positions=16 loss=1.2303 ce=2.4132 tv=0.4710 conf=2.0756 grad_norm=5.8933 tensors_with_grad=69/72
[train] step 373: T=606 positions=16 loss=0.1259 ce=0.4192 tv=0.0941 conf=0.5177 grad_norm=2.7780 tensors_with_grad=69/72
[train] step 374: T=529 positions=16 loss=1.0067 ce=1.8736 tv=0.3927 conf=1.1815 grad_norm=6.4503 tensors_with_grad=69/72
[train] step 375: T=529 positions=16 loss=1.7614 ce=3.3822 tv=0.5972 conf=2.1418 grad_norm=5.5846 tensors_with_grad=69/72
[train] step 376: T=530 positions=16 loss=1.1218 ce=1.9364 tv=0.4268 conf=1.3663 grad_norm=3.3309 tensors_with_grad=69/72
[train] step 377: T=1003 positions=16 loss=1.1268 ce=2.1636 tv=0.3236 conf=0.8582 grad_norm=4.0779 tensors_with_grad=69/72
[train] step 378: T=551 positions=16 loss=0.6476 ce=2.0630 tv=0.2884 conf=1.5137 grad_norm=4.3545 tensors_with_grad=69/72
[train] step 379: T=810 positions=16 loss=0.8422 ce=1.7502 tv=0.2710 conf=1.0653 grad_norm=3.7229 tensors_with_grad=69/72
[train] step 380: T=533 positions=16 loss=0.3939 ce=0.8199 tv=0.2147 conf=1.4543 grad_norm=4.0030 tensors_with_grad=69/72
[train] step 381: T=672 positions=16 loss=1.0675 ce=2.1661 tv=0.4888 conf=1.5792 grad_norm=5.2254 tensors_with_grad=69/72
[train] step 382: T=1041 positions=16 loss=1.7446 ce=3.8078 tv=0.4065 conf=1.5378 grad_norm=7.3988 tensors_with_grad=69/72
[train] step 383: T=599 positions=16 loss=0.6567 ce=1.0168 tv=0.2573 conf=1.1978 grad_norm=5.1470 tensors_with_grad=69/72
[train] step 384: T=678 positions=16 loss=0.2166 ce=0.6107 tv=0.1975 conf=1.2205 grad_norm=3.4866 tensors_with_grad=69/72
[train] step 385: T=672 positions=16 loss=1.1962 ce=2.3718 tv=0.4324 conf=1.5061 grad_norm=7.7765 tensors_with_grad=69/72
[train] step 386: T=570 positions=16 loss=1.6523 ce=3.0529 tv=0.5385 conf=1.3570 grad_norm=10.4586 tensors_with_grad=69/72
[train] step 387: T=1218 positions=16 loss=1.9267 ce=4.1592 tv=0.5368 conf=2.3746 grad_norm=7.6154 tensors_with_grad=69/72
[train] step 388: T=529 positions=16 loss=0.4879 ce=0.9930 tv=0.2530 conf=0.6468 grad_norm=4.3376 tensors_with_grad=69/72
[train] step 389: T=532 positions=16 loss=0.4421 ce=1.1204 tv=0.2597 conf=1.7297 grad_norm=3.1235 tensors_with_grad=69/72
[train] step 390: T=541 positions=16 loss=0.3021 ce=0.7823 tv=0.1602 conf=0.6571 grad_norm=1.9177 tensors_with_grad=69/72
[train] step 391: T=531 positions=16 loss=0.6222 ce=1.2448 tv=0.2805 conf=1.4506 grad_norm=5.0269 tensors_with_grad=69/72
[train] step 392: T=630 positions=16 loss=0.5875 ce=1.2053 tv=0.1927 conf=0.8661 grad_norm=2.9507 tensors_with_grad=69/72
[train] step 393: T=1225 positions=16 loss=1.6762 ce=3.3838 tv=0.4882 conf=2.4613 grad_norm=4.5362 tensors_with_grad=69/72
[train] step 394: T=622 positions=16 loss=1.0846 ce=1.7539 tv=0.3563 conf=0.8836 grad_norm=6.9025 tensors_with_grad=69/72
[train] step 395: T=950 positions=16 loss=1.1257 ce=2.2190 tv=0.3821 conf=1.9703 grad_norm=4.4343 tensors_with_grad=69/72
[train] step 396: T=537 positions=16 loss=0.2148 ce=0.5765 tv=0.0988 conf=0.3340 grad_norm=1.4133 tensors_with_grad=69/72
[train] step 397: T=616 positions=16 loss=0.1752 ce=0.4146 tv=0.1335 conf=0.6233 grad_norm=2.0038 tensors_with_grad=69/72
[train] step 398: T=532 positions=16 loss=0.0756 ce=0.2655 tv=0.1067 conf=1.2969 grad_norm=1.3338 tensors_with_grad=69/72
[train] step 399: T=587 positions=16 loss=0.2392 ce=0.5177 tv=0.1577 conf=0.9488 grad_norm=1.8823 tensors_with_grad=69/72
[train] step 400: T=611 positions=16 loss=0.9320 ce=2.0575 tv=0.3519 conf=1.8398 grad_norm=5.2115 tensors_with_grad=69/72
[train] step 401: T=534 positions=16 loss=0.2874 ce=0.6192 tv=0.1678 conf=0.5200 grad_norm=2.2441 tensors_with_grad=69/72
[train] step 402: T=532 positions=16 loss=0.0629 ce=0.1817 tv=0.0874 conf=0.4499 grad_norm=0.4158 tensors_with_grad=69/72
[train] step 403: T=525 positions=16 loss=0.5423 ce=1.2601 tv=0.2097 conf=1.8648 grad_norm=2.8643 tensors_with_grad=69/72
[train] step 404: T=628 positions=16 loss=0.6492 ce=1.6162 tv=0.3133 conf=1.9251 grad_norm=2.5633 tensors_with_grad=69/72
[train] step 405: T=940 positions=16 loss=1.4500 ce=3.1829 tv=0.4232 conf=2.0926 grad_norm=6.9319 tensors_with_grad=69/72
[train] step 406: T=672 positions=16 loss=0.3261 ce=0.9954 tv=0.2503 conf=1.0796 grad_norm=3.5764 tensors_with_grad=69/72
[train] step 407: T=642 positions=16 loss=1.2472 ce=2.4325 tv=0.4503 conf=2.3690 grad_norm=4.4358 tensors_with_grad=69/72
[train] step 408: T=673 positions=16 loss=0.7790 ce=1.7048 tv=0.4390 conf=2.6223 grad_norm=4.0283 tensors_with_grad=69/72
[train] step 409: T=532 positions=16 loss=0.5745 ce=1.2828 tv=0.2590 conf=1.6048 grad_norm=2.9772 tensors_with_grad=69/72
[train] step 410: T=528 positions=16 loss=1.2121 ce=2.4876 tv=0.4719 conf=1.7710 grad_norm=8.3781 tensors_with_grad=69/72
[train] step 411: T=585 positions=16 loss=0.8803 ce=1.7998 tv=0.3841 conf=1.4212 grad_norm=3.5345 tensors_with_grad=69/72
[train] step 412: T=544 positions=16 loss=0.1574 ce=0.4844 tv=0.1389 conf=0.8246 grad_norm=3.2132 tensors_with_grad=69/72
[train] step 413: T=544 positions=16 loss=0.1748 ce=0.5522 tv=0.1672 conf=0.9781 grad_norm=1.2880 tensors_with_grad=69/72
[train] step 414: T=674 positions=16 loss=0.9867 ce=2.0753 tv=0.4084 conf=1.4220 grad_norm=7.3803 tensors_with_grad=69/72
[train] step 415: T=558 positions=16 loss=0.2155 ce=0.6128 tv=0.1967 conf=1.5388 grad_norm=3.4306 tensors_with_grad=69/72
[train] step 416: T=596 positions=16 loss=0.6180 ce=1.1231 tv=0.3111 conf=1.6244 grad_norm=6.7805 tensors_with_grad=69/72
[train] step 417: T=644 positions=16 loss=0.7637 ce=1.5520 tv=0.4022 conf=2.0257 grad_norm=3.7913 tensors_with_grad=69/72
[train] step 418: T=676 positions=16 loss=0.5920 ce=1.2702 tv=0.2835 conf=1.2176 grad_norm=8.6320 tensors_with_grad=69/72
[train] step 419: T=643 positions=16 loss=0.7458 ce=1.5687 tv=0.3923 conf=1.7279 grad_norm=3.5297 tensors_with_grad=69/72
[train] step 420: T=526 positions=16 loss=0.3250 ce=0.4715 tv=0.1073 conf=0.1989 grad_norm=2.2440 tensors_with_grad=69/72
[train] step 421: T=540 positions=16 loss=0.1835 ce=0.3433 tv=0.1000 conf=0.8135 grad_norm=1.2325 tensors_with_grad=69/72
[train] step 422: T=665 positions=16 loss=1.3593 ce=2.7633 tv=0.4635 conf=1.9406 grad_norm=5.6153 tensors_with_grad=69/72
[train] step 423: T=530 positions=16 loss=0.9695 ce=1.8014 tv=0.3448 conf=2.8382 grad_norm=6.1502 tensors_with_grad=69/72
[train] step 424: T=526 positions=16 loss=0.9435 ce=2.0102 tv=0.2965 conf=0.7298 grad_norm=7.7535 tensors_with_grad=69/72
[train] step 425: T=539 positions=16 loss=0.2309 ce=0.6388 tv=0.1719 conf=0.9243 grad_norm=3.1457 tensors_with_grad=69/72
[train] step 426: T=548 positions=16 loss=0.7691 ce=2.0117 tv=0.3430 conf=1.4974 grad_norm=6.0282 tensors_with_grad=69/72
[train] step 427: T=545 positions=16 loss=0.6142 ce=1.8099 tv=0.2255 conf=0.8476 grad_norm=2.4501 tensors_with_grad=69/72
[train] step 428: T=889 positions=16 loss=1.5620 ce=3.1328 tv=0.4708 conf=1.0195 grad_norm=5.6685 tensors_with_grad=69/72
[train] step 429: T=673 positions=16 loss=0.8685 ce=1.7955 tv=0.3116 conf=0.6740 grad_norm=3.2670 tensors_with_grad=69/72
[train] step 430: T=597 positions=16 loss=0.0864 ce=0.3098 tv=0.1369 conf=0.9177 grad_norm=1.4247 tensors_with_grad=69/72
[train] step 431: T=601 positions=16 loss=0.5102 ce=1.6049 tv=0.2647 conf=1.2792 grad_norm=4.1002 tensors_with_grad=69/72
[train] step 432: T=525 positions=16 loss=0.9830 ce=2.2617 tv=0.4690 conf=2.0440 grad_norm=3.8886 tensors_with_grad=69/72
[train] step 433: T=541 positions=16 loss=0.1331 ce=0.2947 tv=0.1293 conf=0.7283 grad_norm=1.5533 tensors_with_grad=69/72
[train] step 434: T=561 positions=16 loss=0.4419 ce=0.9325 tv=0.2343 conf=1.3293 grad_norm=3.8357 tensors_with_grad=69/72
[train] step 435: T=556 positions=16 loss=0.4887 ce=1.2762 tv=0.1946 conf=0.6758 grad_norm=2.9931 tensors_with_grad=69/72
[train] step 436: T=541 positions=16 loss=0.1342 ce=0.3455 tv=0.1215 conf=0.9372 grad_norm=2.1160 tensors_with_grad=69/72
[train] step 437: T=582 positions=16 loss=1.3205 ce=2.2516 tv=0.4167 conf=0.9599 grad_norm=7.3143 tensors_with_grad=69/72
[train] step 438: T=543 positions=16 loss=0.7759 ce=1.8320 tv=0.2834 conf=1.0682 grad_norm=4.8944 tensors_with_grad=69/72
[train] step 439: T=636 positions=16 loss=0.5766 ce=1.1543 tv=0.3414 conf=1.2633 grad_norm=2.8836 tensors_with_grad=69/72
[train] step 440: T=530 positions=16 loss=0.9177 ce=1.9197 tv=0.4398 conf=1.8834 grad_norm=3.0448 tensors_with_grad=69/72
[train] step 441: T=581 positions=16 loss=0.7275 ce=1.2244 tv=0.3204 conf=0.9466 grad_norm=6.8668 tensors_with_grad=69/72
[train] step 442: T=569 positions=16 loss=0.6003 ce=1.3319 tv=0.2590 conf=0.7975 grad_norm=4.3737 tensors_with_grad=69/72
[train] step 443: T=573 positions=16 loss=0.8743 ce=1.5974 tv=0.2755 conf=2.0013 grad_norm=4.3258 tensors_with_grad=69/72
[train] step 444: T=543 positions=16 loss=1.1965 ce=2.7624 tv=0.4322 conf=1.8278 grad_norm=8.4474 tensors_with_grad=69/72
[train] step 445: T=546 positions=16 loss=0.2410 ce=0.6747 tv=0.1344 conf=0.9382 grad_norm=3.4234 tensors_with_grad=69/72
[train] step 446: T=672 positions=16 loss=1.2137 ce=2.3515 tv=0.5241 conf=2.2451 grad_norm=4.2402 tensors_with_grad=69/72
[train] step 447: T=604 positions=16 loss=1.4009 ce=3.3285 tv=0.4417 conf=1.0913 grad_norm=12.4780 tensors_with_grad=69/72
[train] step 448: T=622 positions=16 loss=0.8597 ce=1.5459 tv=0.3016 conf=1.0552 grad_norm=3.8737 tensors_with_grad=69/72
[train] step 449: T=542 positions=16 loss=0.5801 ce=2.1190 tv=0.3172 conf=1.1232 grad_norm=5.4880 tensors_with_grad=69/72
[train] step 450: T=539 positions=16 loss=0.3102 ce=0.5977 tv=0.2034 conf=2.8620 grad_norm=2.3906 tensors_with_grad=69/72
[train] step 451: T=636 positions=16 loss=0.3614 ce=0.9708 tv=0.2570 conf=1.3821 grad_norm=4.1367 tensors_with_grad=69/72
[train] step 452: T=587 positions=16 loss=0.2031 ce=0.7999 tv=0.1107 conf=0.8414 grad_norm=1.2324 tensors_with_grad=69/72
[train] step 453: T=633 positions=16 loss=0.7955 ce=1.6199 tv=0.3389 conf=1.8600 grad_norm=7.2920 tensors_with_grad=69/72
[train] step 454: T=536 positions=16 loss=0.1035 ce=0.3605 tv=0.0880 conf=0.7723 grad_norm=1.3168 tensors_with_grad=69/72
[train] step 455: T=529 positions=16 loss=0.3691 ce=0.9546 tv=0.2163 conf=2.9143 grad_norm=3.6350 tensors_with_grad=69/72
[train] step 456: T=580 positions=16 loss=0.0419 ce=0.4090 tv=0.1432 conf=1.2243 grad_norm=0.6519 tensors_with_grad=69/72
[train] step 457: T=1549 positions=16 loss=1.5402 ce=3.1738 tv=0.4546 conf=2.4876 grad_norm=6.3044 tensors_with_grad=69/72
[train] step 458: T=636 positions=16 loss=0.3394 ce=0.9614 tv=0.2600 conf=2.4960 grad_norm=7.4586 tensors_with_grad=69/72
[train] step 459: T=899 positions=16 loss=0.9474 ce=1.8117 tv=0.2690 conf=1.0801 grad_norm=2.6225 tensors_with_grad=69/72
[train] step 460: T=611 positions=16 loss=0.1024 ce=0.3753 tv=0.1026 conf=0.6580 grad_norm=1.8148 tensors_with_grad=69/72
[train] step 461: T=533 positions=16 loss=0.4333 ce=0.7859 tv=0.1816 conf=0.7605 grad_norm=3.5302 tensors_with_grad=69/72
[train] step 462: T=567 positions=16 loss=1.1601 ce=2.4180 tv=0.4140 conf=1.9959 grad_norm=5.7821 tensors_with_grad=69/72
[train] step 463: T=539 positions=16 loss=0.1515 ce=0.2708 tv=0.0788 conf=0.3842 grad_norm=0.8583 tensors_with_grad=69/72
[train] step 464: T=539 positions=16 loss=0.0889 ce=0.2037 tv=0.0844 conf=0.5349 grad_norm=1.7328 tensors_with_grad=69/72
[train] step 465: T=663 positions=16 loss=0.6085 ce=1.0735 tv=0.2698 conf=1.2103 grad_norm=4.7327 tensors_with_grad=69/72
[train] step 466: T=601 positions=16 loss=0.6699 ce=1.5675 tv=0.3038 conf=1.2891 grad_norm=3.3043 tensors_with_grad=69/72
[train] step 467: T=532 positions=16 loss=0.3800 ce=0.6722 tv=0.1437 conf=0.3743 grad_norm=3.6769 tensors_with_grad=69/72
[train] step 468: T=575 positions=16 loss=0.8510 ce=1.6358 tv=0.3968 conf=1.5114 grad_norm=3.4286 tensors_with_grad=69/72
[train] step 469: T=542 positions=16 loss=0.1857 ce=0.4848 tv=0.1597 conf=1.3171 grad_norm=3.1521 tensors_with_grad=69/72
[train] step 470: T=1125 positions=16 loss=0.8842 ce=2.0043 tv=0.3298 conf=2.6387 grad_norm=4.2236 tensors_with_grad=69/72
[train] step 471: T=586 positions=16 loss=0.6298 ce=1.8916 tv=0.3284 conf=1.2429 grad_norm=4.6107 tensors_with_grad=69/72
[train] step 472: T=576 positions=16 loss=0.2924 ce=0.7173 tv=0.2071 conf=1.0592 grad_norm=2.9892 tensors_with_grad=69/72
[train] step 473: T=534 positions=16 loss=0.2984 ce=0.7728 tv=0.2252 conf=2.2683 grad_norm=2.6144 tensors_with_grad=69/72
[train] step 474: T=535 positions=16 loss=0.6367 ce=1.4867 tv=0.2664 conf=0.7049 grad_norm=4.2511 tensors_with_grad=69/72
[train] step 475: T=663 positions=16 loss=1.0384 ce=1.7645 tv=0.4660 conf=2.0208 grad_norm=4.9028 tensors_with_grad=69/72
[train] step 476: T=593 positions=16 loss=1.1048 ce=2.5104 tv=0.3298 conf=1.3869 grad_norm=10.6977 tensors_with_grad=69/72
[train] step 477: T=672 positions=16 loss=1.6103 ce=2.9532 tv=0.5183 conf=1.6603 grad_norm=6.5237 tensors_with_grad=69/72
[train] step 478: T=572 positions=16 loss=1.3475 ce=2.2433 tv=0.4209 conf=1.4391 grad_norm=7.2264 tensors_with_grad=69/72
[train] step 479: T=672 positions=16 loss=1.0159 ce=1.8142 tv=0.4035 conf=1.8038 grad_norm=4.8779 tensors_with_grad=69/72
[train] step 480: T=557 positions=16 loss=0.3949 ce=0.7726 tv=0.1835 conf=1.1264 grad_norm=3.4832 tensors_with_grad=69/72
[train] step 481: T=676 positions=16 loss=1.1011 ce=2.0986 tv=0.3874 conf=1.3144 grad_norm=3.4903 tensors_with_grad=69/72
[train] step 482: T=676 positions=16 loss=1.1939 ce=2.2110 tv=0.4371 conf=1.4922 grad_norm=3.0795 tensors_with_grad=69/72
[train] step 483: T=526 positions=16 loss=1.3007 ce=2.1540 tv=0.4915 conf=1.5146 grad_norm=9.3341 tensors_with_grad=69/72
[train] step 484: T=585 positions=16 loss=0.7153 ce=1.2545 tv=0.2457 conf=0.8587 grad_norm=5.0865 tensors_with_grad=69/72
[train] step 485: T=542 positions=16 loss=0.4826 ce=1.0604 tv=0.2990 conf=0.8545 grad_norm=4.1961 tensors_with_grad=69/72
[train] step 486: T=572 positions=16 loss=0.7227 ce=1.4357 tv=0.2567 conf=1.0293 grad_norm=4.1006 tensors_with_grad=69/72
[train] step 487: T=567 positions=16 loss=1.1886 ce=2.3678 tv=0.4268 conf=2.1419 grad_norm=7.7860 tensors_with_grad=69/72
[train] step 488: T=591 positions=16 loss=0.3484 ce=1.3815 tv=0.2327 conf=1.8908 grad_norm=5.1718 tensors_with_grad=69/72
[train] step 489: T=536 positions=16 loss=0.0362 ce=0.0872 tv=0.0262 conf=0.2118 grad_norm=0.4737 tensors_with_grad=69/72
[diag] draft-argmax == TARGET-argmax : 68.4%  | == ground-truth token: 67.6%
[diag] mean top-1 prob  target 0.840  draft 0.750   (TV near 1 with a PEAKED draft => misalignment; with a FLAT draft => genuine)
[train] saved 72 trained tensors -> /cap/auto-beta0p05/c2/trained/mtp_trained.safetensors
[train] saved AdamW state -> /cap/auto-beta0p05/c2/trained/opt_state.pt (needed for --resume to be equivalent to one continuous run)
[train] metrics -> /cap/auto-beta0p05/c2/train_metrics.json  (loss 0.5732 -> 0.0362, tail mean 0.6873)
[train] TRAIN OK
