[train] device=cuda torch=2.10.0
  loading model-00046-of-00048.safetensors ...
  loading model-00047-of-00048.safetensors ...
  loading model-00048-of-00048.safetensors ...
  dequantised 1512 tensors, 12.60 B params, 23.5 GiB bf16
[train] weights ready in 8.8s
[train] trainable 517.3 M in 72 tensors | frozen experts 12.08 B
[train] capture: 491 sample(s)
[Gloo] Rank 0 is connected to 0 peer ranks. Expected number of connected peer ranks is : 0
[train] ModelArgs: n_mtp=3 block=5 taps=[40, 41, 42] markov_rank=256
[train] built 3 DSparkBlock(s) on meta
[train] re-materialised freqs_cis on 3 attention module(s) (persistent=False buffers are NOT in state_dict and to_empty() zapped them)
[train] load_state_dict: 0 missing, 0 unexpected
[train] GATE1 model construction OK
[train] aux: embed.weight(129280, 4096), head.weight(129280, 4096)
[train] trainable tensors in graph: 72 / 517.3 M
[train] resumed 72/72 trained tensors from /cap/auto-ace0p3/c0/trained/mtp_trained.safetensors
[train] resumed AdamW state: 69/72 tensors carry moments (3 never received a gradient, expected), indices aligned
[train] P2.5 anchor: frozen copy of 3 block(s), beta=0.1
[train] lr schedule: linear warmup 73 step(s) -> cosine over 1472 session step(s), peak 5e-05; this chunk is steps 491..981
/work/train/train_head.py:115: UserWarning: Converting a tensor with requires_grad=True to a scalar may lead to unexpected behavior.
Consider using tensor.detach() first. (Triggered internally at /opt/pytorch/torch/csrc/autograd/generated/python_variable_methods.cpp:836.)
  parts = {"ce": float((w * ce).sum()), "tv": float((w * tv).sum()), "conf": 0.0}
[train] step 0: T=675 positions=16 loss=1.0395 ce=1.5202 tv=0.4059 conf=1.1255 grad_norm=5.2045 tensors_with_grad=69/72
[train] step 1: T=593 positions=16 loss=0.6109 ce=0.9919 tv=0.1986 conf=0.8362 grad_norm=13.1725 tensors_with_grad=69/72
[train] step 2: T=984 positions=16 loss=2.7925 ce=3.2990 tv=0.4183 conf=1.0860 grad_norm=8.8198 tensors_with_grad=69/72
[train] step 3: T=672 positions=16 loss=0.7771 ce=1.2884 tv=0.3143 conf=1.4232 grad_norm=5.0184 tensors_with_grad=69/72
[train] step 4: T=675 positions=16 loss=1.2927 ce=1.6147 tv=0.3524 conf=1.2846 grad_norm=8.8667 tensors_with_grad=69/72
[train] step 5: T=1257 positions=16 loss=3.3154 ce=4.0579 tv=0.5045 conf=0.8948 grad_norm=12.0806 tensors_with_grad=69/72
[train] step 6: T=673 positions=16 loss=1.8951 ce=2.7179 tv=0.5485 conf=1.3868 grad_norm=6.4240 tensors_with_grad=69/72
[train] step 7: T=535 positions=16 loss=0.5132 ce=0.9418 tv=0.2450 conf=0.6230 grad_norm=2.7393 tensors_with_grad=69/72
[train] step 8: T=608 positions=16 loss=1.2269 ce=1.6639 tv=0.4083 conf=1.4396 grad_norm=6.2728 tensors_with_grad=69/72
[train] step 9: T=524 positions=16 loss=2.8154 ce=3.3131 tv=0.6429 conf=1.0192 grad_norm=10.7981 tensors_with_grad=69/72
[train] step 10: T=629 positions=16 loss=0.7754 ce=1.2251 tv=0.3173 conf=1.0490 grad_norm=6.4060 tensors_with_grad=69/72
[train] step 11: T=533 positions=16 loss=0.7318 ce=1.3273 tv=0.3378 conf=0.9565 grad_norm=5.1837 tensors_with_grad=69/72
[train] step 12: T=524 positions=16 loss=1.8231 ce=2.5918 tv=0.5709 conf=1.6034 grad_norm=12.3253 tensors_with_grad=69/72
[train] step 13: T=672 positions=16 loss=1.4732 ce=2.3605 tv=0.5107 conf=0.9540 grad_norm=6.7619 tensors_with_grad=69/72
[train] step 14: T=597 positions=16 loss=0.7304 ce=1.1573 tv=0.2743 conf=1.2645 grad_norm=7.1297 tensors_with_grad=69/72
[train] step 15: T=605 positions=16 loss=1.0924 ce=1.6024 tv=0.4288 conf=1.4631 grad_norm=5.8808 tensors_with_grad=69/72
[train] step 16: T=672 positions=16 loss=2.2175 ce=3.1042 tv=0.5441 conf=1.9356 grad_norm=7.5840 tensors_with_grad=69/72
[train] step 17: T=524 positions=16 loss=1.6026 ce=2.4900 tv=0.5164 conf=2.4290 grad_norm=9.9351 tensors_with_grad=69/72
[train] step 18: T=533 positions=16 loss=0.3996 ce=0.5893 tv=0.1537 conf=0.5985 grad_norm=3.8302 tensors_with_grad=69/72
[train] step 19: T=609 positions=16 loss=0.9970 ce=1.4975 tv=0.3962 conf=1.3609 grad_norm=5.8205 tensors_with_grad=69/72
[train] step 20: T=622 positions=16 loss=1.2969 ce=1.9082 tv=0.4090 conf=1.7321 grad_norm=6.9601 tensors_with_grad=69/72
[train] step 21: T=932 positions=16 loss=1.9189 ce=2.4628 tv=0.4571 conf=1.2456 grad_norm=11.4962 tensors_with_grad=69/72
[train] step 22: T=529 positions=16 loss=2.1902 ce=2.6952 tv=0.4244 conf=1.9727 grad_norm=12.0793 tensors_with_grad=69/72
[train] step 23: T=677 positions=16 loss=1.7611 ce=2.8023 tv=0.4962 conf=2.8604 grad_norm=7.5314 tensors_with_grad=69/72
[train] step 24: T=1210 positions=16 loss=3.0483 ce=4.2516 tv=0.4842 conf=1.9953 grad_norm=11.7910 tensors_with_grad=69/72
[train] step 25: T=533 positions=16 loss=0.7872 ce=1.0494 tv=0.1949 conf=1.4555 grad_norm=5.4493 tensors_with_grad=69/72
[train] step 26: T=618 positions=16 loss=0.7406 ce=1.6778 tv=0.3373 conf=3.4214 grad_norm=7.0391 tensors_with_grad=69/72
[train] step 27: T=530 positions=16 loss=1.4022 ce=1.9807 tv=0.3528 conf=1.5025 grad_norm=8.1372 tensors_with_grad=69/72
[train] step 28: T=527 positions=16 loss=1.1169 ce=1.7794 tv=0.4257 conf=2.5651 grad_norm=5.8408 tensors_with_grad=69/72
[train] step 29: T=924 positions=16 loss=1.9805 ce=2.6395 tv=0.4475 conf=2.7342 grad_norm=10.2867 tensors_with_grad=69/72
[train] step 30: T=550 positions=16 loss=1.8414 ce=2.7305 tv=0.5283 conf=3.1740 grad_norm=7.0398 tensors_with_grad=69/72
[train] step 31: T=653 positions=16 loss=2.2453 ce=3.2093 tv=0.5273 conf=3.9495 grad_norm=10.3785 tensors_with_grad=69/72
[train] step 32: T=659 positions=16 loss=1.5033 ce=2.2102 tv=0.3969 conf=1.1988 grad_norm=4.9348 tensors_with_grad=69/72
[train] step 33: T=535 positions=16 loss=0.5705 ce=1.0379 tv=0.2150 conf=2.7688 grad_norm=6.3599 tensors_with_grad=69/72
[train] step 34: T=675 positions=16 loss=1.5157 ce=2.2759 tv=0.5209 conf=2.3412 grad_norm=7.5230 tensors_with_grad=69/72
[train] step 35: T=624 positions=16 loss=0.6807 ce=1.1448 tv=0.3082 conf=4.1774 grad_norm=5.9778 tensors_with_grad=69/72
[train] step 36: T=634 positions=16 loss=1.3666 ce=2.3377 tv=0.4611 conf=2.0446 grad_norm=10.1477 tensors_with_grad=69/72
[train] step 37: T=547 positions=16 loss=0.9949 ce=1.6967 tv=0.3857 conf=2.7868 grad_norm=9.9592 tensors_with_grad=69/72
[train] step 38: T=536 positions=16 loss=1.3351 ce=1.8271 tv=0.3636 conf=4.0975 grad_norm=6.9436 tensors_with_grad=69/72
[train] step 39: T=672 positions=16 loss=0.3064 ce=0.5770 tv=0.1750 conf=1.3716 grad_norm=4.1800 tensors_with_grad=69/72
[train] step 40: T=673 positions=16 loss=0.4481 ce=1.1535 tv=0.2727 conf=3.6362 grad_norm=4.1898 tensors_with_grad=69/72
[train] step 41: T=574 positions=16 loss=2.0749 ce=2.8462 tv=0.4921 conf=1.7661 grad_norm=7.7310 tensors_with_grad=69/72
[train] step 42: T=673 positions=16 loss=1.5683 ce=1.9976 tv=0.5001 conf=2.8027 grad_norm=8.6263 tensors_with_grad=69/72
[train] step 43: T=1093 positions=16 loss=2.4863 ce=3.3165 tv=0.4954 conf=2.4876 grad_norm=10.5462 tensors_with_grad=69/72
[train] step 44: T=572 positions=16 loss=2.0685 ce=3.1011 tv=0.5167 conf=3.1130 grad_norm=7.1591 tensors_with_grad=69/72
[train] step 45: T=607 positions=16 loss=1.5266 ce=2.1980 tv=0.4088 conf=1.6519 grad_norm=21.0507 tensors_with_grad=69/72
[train] step 46: T=604 positions=16 loss=0.6987 ce=0.9837 tv=0.2850 conf=2.3068 grad_norm=12.5325 tensors_with_grad=69/72
[train] step 47: T=674 positions=16 loss=1.4374 ce=2.1825 tv=0.3340 conf=2.3757 grad_norm=6.1452 tensors_with_grad=69/72
[train] step 48: T=529 positions=16 loss=1.1370 ce=1.9121 tv=0.4272 conf=3.4711 grad_norm=8.7070 tensors_with_grad=69/72
[train] step 49: T=674 positions=16 loss=0.4250 ce=0.8978 tv=0.2287 conf=2.0076 grad_norm=6.0187 tensors_with_grad=69/72
[train] step 50: T=983 positions=16 loss=2.4378 ce=2.9667 tv=0.3840 conf=1.2828 grad_norm=9.7935 tensors_with_grad=69/72
[train] step 51: T=531 positions=16 loss=0.2639 ce=0.8464 tv=0.2001 conf=1.4873 grad_norm=5.2988 tensors_with_grad=69/72
[train] step 52: T=643 positions=16 loss=1.8877 ce=2.6313 tv=0.5360 conf=2.3148 grad_norm=14.2848 tensors_with_grad=69/72
[train] step 53: T=672 positions=16 loss=1.2546 ce=1.7951 tv=0.3493 conf=1.0589 grad_norm=8.3086 tensors_with_grad=69/72
[train] step 54: T=577 positions=16 loss=0.5662 ce=1.1540 tv=0.2915 conf=1.1440 grad_norm=5.7288 tensors_with_grad=69/72
[train] step 55: T=540 positions=16 loss=0.5379 ce=1.0092 tv=0.2619 conf=1.1308 grad_norm=5.5569 tensors_with_grad=69/72
[train] step 56: T=1793 positions=16 loss=2.6536 ce=3.3784 tv=0.5026 conf=1.8403 grad_norm=11.0384 tensors_with_grad=69/72
[train] step 57: T=1349 positions=16 loss=2.3009 ce=3.3941 tv=0.5451 conf=1.6943 grad_norm=15.4409 tensors_with_grad=69/72
[train] step 58: T=658 positions=16 loss=1.6585 ce=2.4235 tv=0.4866 conf=1.3648 grad_norm=10.9134 tensors_with_grad=69/72
[train] step 59: T=537 positions=16 loss=1.8575 ce=3.0536 tv=0.4492 conf=1.5938 grad_norm=6.8777 tensors_with_grad=69/72
[train] step 60: T=532 positions=16 loss=0.6736 ce=1.0934 tv=0.3103 conf=1.2752 grad_norm=7.6758 tensors_with_grad=69/72
[train] step 61: T=591 positions=16 loss=1.2168 ce=1.6224 tv=0.2655 conf=0.5087 grad_norm=11.2234 tensors_with_grad=69/72
[train] step 62: T=525 positions=16 loss=1.8655 ce=2.6361 tv=0.4623 conf=1.0042 grad_norm=10.6752 tensors_with_grad=69/72
[train] step 63: T=526 positions=16 loss=0.6322 ce=1.0184 tv=0.2726 conf=1.0388 grad_norm=7.5147 tensors_with_grad=69/72
[train] step 64: T=588 positions=16 loss=0.2989 ce=0.7106 tv=0.1831 conf=1.0456 grad_norm=5.0094 tensors_with_grad=69/72
[train] step 65: T=605 positions=16 loss=0.5998 ce=1.1786 tv=0.1651 conf=0.6115 grad_norm=7.2623 tensors_with_grad=69/72
[train] step 66: T=532 positions=16 loss=0.6820 ce=0.8419 tv=0.2217 conf=1.3390 grad_norm=4.4494 tensors_with_grad=69/72
[train] step 67: T=980 positions=16 loss=2.2932 ce=2.8580 tv=0.5123 conf=1.9344 grad_norm=10.1486 tensors_with_grad=69/72
[train] step 68: T=533 positions=16 loss=2.4198 ce=3.1695 tv=0.5361 conf=0.9681 grad_norm=18.9340 tensors_with_grad=69/72
[train] step 69: T=563 positions=16 loss=0.6004 ce=0.9552 tv=0.2027 conf=0.7783 grad_norm=4.4545 tensors_with_grad=69/72
[train] step 70: T=532 positions=16 loss=0.8402 ce=1.2234 tv=0.2759 conf=1.6812 grad_norm=5.9958 tensors_with_grad=69/72
[train] step 71: T=584 positions=16 loss=1.1662 ce=1.8073 tv=0.3879 conf=2.2121 grad_norm=4.9315 tensors_with_grad=69/72
[train] step 72: T=534 positions=16 loss=1.6150 ce=2.3268 tv=0.2928 conf=0.9524 grad_norm=10.2727 tensors_with_grad=69/72
[train] step 73: T=528 positions=16 loss=1.3992 ce=2.0071 tv=0.4785 conf=1.7743 grad_norm=10.0056 tensors_with_grad=69/72
[train] step 74: T=539 positions=16 loss=0.3638 ce=0.7817 tv=0.1615 conf=1.9355 grad_norm=4.1103 tensors_with_grad=69/72
[train] step 75: T=650 positions=16 loss=0.3555 ce=0.7678 tv=0.1348 conf=1.3607 grad_norm=8.9357 tensors_with_grad=69/72
[train] step 76: T=550 positions=16 loss=0.7970 ce=1.2441 tv=0.3329 conf=1.9531 grad_norm=7.7342 tensors_with_grad=69/72
[train] step 77: T=676 positions=16 loss=1.2444 ce=1.8983 tv=0.4071 conf=2.4524 grad_norm=18.3321 tensors_with_grad=69/72
[train] step 78: T=676 positions=16 loss=1.5178 ce=2.1104 tv=0.4066 conf=1.8310 grad_norm=7.6301 tensors_with_grad=69/72
[train] step 79: T=530 positions=16 loss=1.9978 ce=2.6303 tv=0.4844 conf=1.0957 grad_norm=14.8641 tensors_with_grad=69/72
[train] step 80: T=576 positions=16 loss=2.2498 ce=2.7929 tv=0.5464 conf=2.3993 grad_norm=11.2510 tensors_with_grad=69/72
[train] step 81: T=598 positions=16 loss=0.8765 ce=1.7872 tv=0.3683 conf=2.0544 grad_norm=17.1789 tensors_with_grad=69/72
[train] step 82: T=531 positions=16 loss=0.5760 ce=0.9586 tv=0.2528 conf=1.8228 grad_norm=4.0374 tensors_with_grad=69/72
[train] step 83: T=1060 positions=16 loss=2.7649 ce=3.3256 tv=0.4792 conf=1.7350 grad_norm=9.9555 tensors_with_grad=69/72
[train] step 84: T=563 positions=16 loss=0.9431 ce=1.4916 tv=0.3392 conf=2.1337 grad_norm=4.5016 tensors_with_grad=69/72
[train] step 85: T=644 positions=16 loss=0.1811 ce=0.3575 tv=0.1303 conf=0.8493 grad_norm=1.3220 tensors_with_grad=69/72
[train] step 86: T=621 positions=16 loss=0.3711 ce=0.7381 tv=0.1620 conf=1.3563 grad_norm=3.6332 tensors_with_grad=69/72
[train] step 87: T=641 positions=16 loss=1.1000 ce=1.5904 tv=0.2886 conf=2.0355 grad_norm=9.0872 tensors_with_grad=69/72
[train] step 88: T=528 positions=16 loss=0.6654 ce=0.8386 tv=0.1199 conf=1.3753 grad_norm=5.7748 tensors_with_grad=69/72
[train] step 89: T=602 positions=16 loss=1.4429 ce=1.8125 tv=0.3853 conf=1.4667 grad_norm=16.8541 tensors_with_grad=69/72
[train] step 90: T=538 positions=16 loss=1.5458 ce=2.5412 tv=0.3870 conf=1.2233 grad_norm=16.2220 tensors_with_grad=69/72
[train] step 91: T=538 positions=16 loss=0.0463 ce=0.1869 tv=0.0836 conf=1.0791 grad_norm=0.7359 tensors_with_grad=69/72
[train] step 92: T=542 positions=16 loss=0.1700 ce=0.4160 tv=0.1954 conf=1.3191 grad_norm=2.8746 tensors_with_grad=69/72
[train] step 93: T=673 positions=16 loss=1.5215 ce=2.2700 tv=0.4884 conf=2.1388 grad_norm=12.1772 tensors_with_grad=69/72
[train] step 94: T=597 positions=16 loss=1.0137 ce=1.6369 tv=0.3353 conf=1.3215 grad_norm=7.4382 tensors_with_grad=69/72
[train] step 95: T=537 positions=16 loss=0.6749 ce=1.0111 tv=0.3012 conf=1.2267 grad_norm=12.1781 tensors_with_grad=69/72
[train] step 96: T=533 positions=16 loss=0.0989 ce=0.2556 tv=0.0944 conf=0.7547 grad_norm=5.1520 tensors_with_grad=69/72
[train] step 97: T=674 positions=16 loss=1.3309 ce=1.7640 tv=0.4206 conf=2.2062 grad_norm=10.0976 tensors_with_grad=69/72
[train] step 98: T=550 positions=16 loss=0.1066 ce=0.1857 tv=0.0856 conf=0.6436 grad_norm=1.8655 tensors_with_grad=69/72
[train] step 99: T=621 positions=16 loss=1.0277 ce=1.1716 tv=0.2615 conf=0.8890 grad_norm=9.5096 tensors_with_grad=69/72
[train] step 100: T=535 positions=16 loss=1.4107 ce=1.7766 tv=0.4587 conf=1.4291 grad_norm=7.5488 tensors_with_grad=69/72
[train] step 101: T=526 positions=16 loss=1.6543 ce=2.4264 tv=0.3302 conf=0.8411 grad_norm=14.7023 tensors_with_grad=69/72
[train] step 102: T=987 positions=16 loss=2.2417 ce=2.7150 tv=0.4413 conf=1.5910 grad_norm=9.0882 tensors_with_grad=69/72
[train] step 103: T=673 positions=16 loss=1.8384 ce=2.4035 tv=0.5693 conf=1.9310 grad_norm=8.6181 tensors_with_grad=69/72
[train] step 104: T=532 positions=16 loss=1.4815 ce=2.2478 tv=0.3557 conf=2.2555 grad_norm=9.1745 tensors_with_grad=69/72
[train] step 105: T=675 positions=16 loss=1.7790 ce=2.4585 tv=0.4116 conf=1.4755 grad_norm=13.9801 tensors_with_grad=69/72
[train] step 106: T=553 positions=16 loss=1.2267 ce=1.5019 tv=0.3038 conf=1.8279 grad_norm=10.3678 tensors_with_grad=69/72
[train] step 107: T=673 positions=16 loss=1.7721 ce=2.9434 tv=0.4454 conf=1.5076 grad_norm=20.4422 tensors_with_grad=69/72
[train] step 108: T=526 positions=16 loss=0.9030 ce=1.2241 tv=0.3849 conf=0.8275 grad_norm=7.2340 tensors_with_grad=69/72
[train] step 109: T=533 positions=16 loss=0.8139 ce=1.3926 tv=0.2960 conf=1.1344 grad_norm=8.3279 tensors_with_grad=69/72
[train] step 110: T=1795 positions=16 loss=2.9707 ce=3.5600 tv=0.5077 conf=1.9045 grad_norm=8.0906 tensors_with_grad=69/72
[train] step 111: T=536 positions=16 loss=0.4370 ce=0.6878 tv=0.2021 conf=1.6928 grad_norm=4.0947 tensors_with_grad=69/72
[train] step 112: T=676 positions=16 loss=1.7997 ce=2.3146 tv=0.4538 conf=1.1455 grad_norm=11.0563 tensors_with_grad=69/72
[train] step 113: T=586 positions=16 loss=0.3197 ce=0.6515 tv=0.1569 conf=2.3086 grad_norm=3.2903 tensors_with_grad=69/72
[train] step 114: T=553 positions=16 loss=1.3284 ce=1.7033 tv=0.3543 conf=1.3258 grad_norm=10.7451 tensors_with_grad=69/72
[train] step 115: T=614 positions=16 loss=0.5557 ce=0.7154 tv=0.1782 conf=0.7350 grad_norm=7.2691 tensors_with_grad=69/72
[train] step 116: T=530 positions=16 loss=0.6479 ce=1.1189 tv=0.2856 conf=2.7440 grad_norm=5.2440 tensors_with_grad=69/72
[train] step 117: T=597 positions=16 loss=0.0324 ce=0.1081 tv=0.1247 conf=2.0499 grad_norm=0.6130 tensors_with_grad=69/72
[train] step 118: T=628 positions=16 loss=0.8203 ce=1.3653 tv=0.3059 conf=2.0363 grad_norm=5.4552 tensors_with_grad=69/72
[train] step 119: T=672 positions=16 loss=2.7272 ce=3.1985 tv=0.5936 conf=1.4261 grad_norm=13.7571 tensors_with_grad=69/72
[train] step 120: T=672 positions=16 loss=2.8523 ce=3.2511 tv=0.5570 conf=1.7523 grad_norm=9.2811 tensors_with_grad=69/72
[train] step 121: T=593 positions=16 loss=0.3453 ce=0.5104 tv=0.1388 conf=1.9635 grad_norm=6.6880 tensors_with_grad=69/72
[train] step 122: T=576 positions=16 loss=1.8154 ce=2.3551 tv=0.4597 conf=1.4385 grad_norm=10.4888 tensors_with_grad=69/72
[train] step 123: T=669 positions=16 loss=0.5981 ce=0.7405 tv=0.1880 conf=1.5786 grad_norm=6.3836 tensors_with_grad=69/72
[train] step 124: T=530 positions=16 loss=2.3663 ce=2.8777 tv=0.5875 conf=1.8573 grad_norm=9.4215 tensors_with_grad=69/72
[train] step 125: T=678 positions=16 loss=1.0296 ce=1.3057 tv=0.3771 conf=1.7199 grad_norm=8.8087 tensors_with_grad=69/72
[train] step 126: T=675 positions=16 loss=1.4909 ce=1.8997 tv=0.3466 conf=1.5128 grad_norm=6.6634 tensors_with_grad=69/72
[train] step 127: T=537 positions=16 loss=0.6753 ce=1.1406 tv=0.2290 conf=1.0955 grad_norm=5.5571 tensors_with_grad=69/72
[train] step 128: T=577 positions=16 loss=1.1157 ce=1.3506 tv=0.3139 conf=1.4908 grad_norm=6.1475 tensors_with_grad=69/72
[train] step 129: T=613 positions=16 loss=0.9117 ce=0.9938 tv=0.2296 conf=0.8621 grad_norm=5.4490 tensors_with_grad=69/72
[train] step 130: T=548 positions=16 loss=1.0390 ce=1.1841 tv=0.2254 conf=0.6830 grad_norm=8.6599 tensors_with_grad=69/72
[train] step 131: T=526 positions=16 loss=2.3596 ce=2.5387 tv=0.5584 conf=1.7005 grad_norm=12.5468 tensors_with_grad=69/72
[train] step 132: T=607 positions=16 loss=0.2482 ce=0.5186 tv=0.0994 conf=0.7566 grad_norm=4.9312 tensors_with_grad=69/72
[train] step 133: T=674 positions=16 loss=1.0195 ce=1.4046 tv=0.2859 conf=1.3829 grad_norm=11.3086 tensors_with_grad=69/72
[train] step 134: T=1001 positions=16 loss=2.0895 ce=2.8979 tv=0.4549 conf=2.3899 grad_norm=6.1998 tensors_with_grad=69/72
[train] step 135: T=537 positions=16 loss=1.8993 ce=2.0545 tv=0.3035 conf=0.4375 grad_norm=7.7948 tensors_with_grad=69/72
[train] step 136: T=534 positions=16 loss=0.1027 ce=0.1915 tv=0.0989 conf=0.3207 grad_norm=0.5412 tensors_with_grad=69/72
[train] step 137: T=542 positions=16 loss=0.7014 ce=1.1267 tv=0.3178 conf=1.4847 grad_norm=10.7147 tensors_with_grad=69/72
[train] step 138: T=676 positions=16 loss=2.4820 ce=2.5449 tv=0.6139 conf=1.7400 grad_norm=15.3206 tensors_with_grad=69/72
[train] step 139: T=536 positions=16 loss=0.9014 ce=1.0372 tv=0.1823 conf=1.6150 grad_norm=7.5816 tensors_with_grad=69/72
[train] step 140: T=524 positions=16 loss=1.9627 ce=2.5754 tv=0.4571 conf=1.3885 grad_norm=10.0831 tensors_with_grad=69/72
[train] step 141: T=563 positions=16 loss=1.1519 ce=1.3079 tv=0.2497 conf=0.9598 grad_norm=11.8646 tensors_with_grad=69/72
[train] step 142: T=617 positions=16 loss=0.8937 ce=1.2407 tv=0.3141 conf=2.1500 grad_norm=7.8565 tensors_with_grad=69/72
[train] step 143: T=537 positions=16 loss=0.4409 ce=0.8242 tv=0.2916 conf=2.5142 grad_norm=7.1257 tensors_with_grad=69/72
[train] step 144: T=621 positions=16 loss=0.5952 ce=0.8955 tv=0.3121 conf=1.4438 grad_norm=5.2595 tensors_with_grad=69/72
[train] step 145: T=672 positions=16 loss=1.2957 ce=2.0602 tv=0.4326 conf=3.0188 grad_norm=6.2987 tensors_with_grad=69/72
[train] step 146: T=631 positions=16 loss=0.4716 ce=0.5460 tv=0.1960 conf=1.6730 grad_norm=5.4962 tensors_with_grad=69/72
[train] step 147: T=528 positions=16 loss=1.1563 ce=1.4695 tv=0.2973 conf=3.1029 grad_norm=6.6727 tensors_with_grad=69/72
[train] step 148: T=1043 positions=16 loss=2.6413 ce=3.3555 tv=0.4947 conf=3.1443 grad_norm=12.4442 tensors_with_grad=69/72
[train] step 149: T=584 positions=16 loss=1.0641 ce=1.3489 tv=0.2214 conf=1.2302 grad_norm=7.4982 tensors_with_grad=69/72
[train] step 150: T=656 positions=16 loss=1.1915 ce=1.6976 tv=0.3956 conf=2.4831 grad_norm=6.5607 tensors_with_grad=69/72
[train] step 151: T=673 positions=16 loss=1.6385 ce=2.1646 tv=0.4356 conf=1.7721 grad_norm=9.3789 tensors_with_grad=69/72
[train] step 152: T=532 positions=16 loss=0.4967 ce=0.9131 tv=0.1466 conf=1.7033 grad_norm=8.7924 tensors_with_grad=69/72
[train] step 153: T=629 positions=16 loss=0.4772 ce=0.6852 tv=0.1880 conf=1.1489 grad_norm=6.8594 tensors_with_grad=69/72
[train] step 154: T=546 positions=16 loss=1.4221 ce=2.0321 tv=0.4494 conf=1.1325 grad_norm=9.4473 tensors_with_grad=69/72
[train] step 155: T=576 positions=16 loss=0.8214 ce=1.7082 tv=0.3552 conf=1.4386 grad_norm=8.9619 tensors_with_grad=69/72
[train] step 156: T=607 positions=16 loss=0.6710 ce=1.1106 tv=0.2403 conf=1.7178 grad_norm=6.7494 tensors_with_grad=69/72
[train] step 157: T=582 positions=16 loss=1.6958 ce=2.0184 tv=0.3979 conf=1.7319 grad_norm=14.6163 tensors_with_grad=69/72
[train] step 158: T=919 positions=16 loss=2.0731 ce=2.2583 tv=0.4370 conf=1.2983 grad_norm=7.1152 tensors_with_grad=69/72
[train] step 159: T=531 positions=16 loss=0.6751 ce=0.8894 tv=0.1613 conf=0.7445 grad_norm=8.2213 tensors_with_grad=69/72
[train] step 160: T=650 positions=16 loss=0.3305 ce=0.5495 tv=0.2032 conf=1.0657 grad_norm=3.7704 tensors_with_grad=69/72
[train] step 161: T=1101 positions=16 loss=2.7221 ce=3.1488 tv=0.4975 conf=1.9070 grad_norm=15.4835 tensors_with_grad=69/72
[train] step 162: T=618 positions=16 loss=0.5821 ce=1.0389 tv=0.2890 conf=1.1664 grad_norm=5.0511 tensors_with_grad=69/72
[train] step 163: T=1573 positions=16 loss=3.2068 ce=3.5069 tv=0.4173 conf=0.9250 grad_norm=13.6962 tensors_with_grad=69/72
[train] step 164: T=675 positions=16 loss=1.0215 ce=1.4714 tv=0.2839 conf=1.1872 grad_norm=6.9400 tensors_with_grad=69/72
[train] step 165: T=677 positions=16 loss=0.8731 ce=0.9338 tv=0.2433 conf=0.8134 grad_norm=12.7050 tensors_with_grad=69/72
[train] step 166: T=678 positions=16 loss=3.2102 ce=3.1136 tv=0.5708 conf=1.1026 grad_norm=25.3829 tensors_with_grad=69/72
[train] step 167: T=618 positions=16 loss=0.1050 ce=0.2468 tv=0.1602 conf=1.1518 grad_norm=2.5043 tensors_with_grad=69/72
[train] step 168: T=540 positions=16 loss=0.4389 ce=0.5468 tv=0.1820 conf=0.6544 grad_norm=5.1299 tensors_with_grad=69/72
[train] step 169: T=537 positions=16 loss=0.5353 ce=0.8847 tv=0.2135 conf=0.9929 grad_norm=7.6028 tensors_with_grad=69/72
[train] step 170: T=637 positions=16 loss=0.4186 ce=0.4396 tv=0.1546 conf=0.5661 grad_norm=11.4788 tensors_with_grad=69/72
[train] step 171: T=675 positions=16 loss=0.8035 ce=1.0761 tv=0.2963 conf=1.4236 grad_norm=7.3419 tensors_with_grad=69/72
[train] step 172: T=670 positions=16 loss=1.0309 ce=1.7819 tv=0.3232 conf=1.9067 grad_norm=11.5592 tensors_with_grad=69/72
[train] step 173: T=529 positions=16 loss=1.2053 ce=1.4653 tv=0.3516 conf=1.7773 grad_norm=9.0387 tensors_with_grad=69/72
[train] step 174: T=615 positions=16 loss=0.8228 ce=0.9642 tv=0.2197 conf=1.2881 grad_norm=9.7631 tensors_with_grad=69/72
[train] step 175: T=529 positions=16 loss=2.1138 ce=2.6975 tv=0.5599 conf=1.8510 grad_norm=14.2051 tensors_with_grad=69/72
[train] step 176: T=889 positions=16 loss=1.3232 ce=1.6502 tv=0.3232 conf=2.1645 grad_norm=5.8590 tensors_with_grad=69/72
[train] step 177: T=676 positions=16 loss=1.0005 ce=1.3561 tv=0.3595 conf=2.7623 grad_norm=5.3553 tensors_with_grad=69/72
[train] step 178: T=545 positions=16 loss=0.5996 ce=0.7215 tv=0.1203 conf=0.5179 grad_norm=4.6250 tensors_with_grad=69/72
[train] step 179: T=669 positions=16 loss=1.2475 ce=1.6986 tv=0.3830 conf=1.7753 grad_norm=7.7160 tensors_with_grad=69/72
[train] step 180: T=672 positions=16 loss=0.7417 ce=1.0108 tv=0.2729 conf=2.6480 grad_norm=7.0852 tensors_with_grad=69/72
[train] step 181: T=546 positions=16 loss=0.9279 ce=1.1400 tv=0.3480 conf=1.3670 grad_norm=8.1655 tensors_with_grad=69/72
[train] step 182: T=532 positions=16 loss=1.7261 ce=2.0338 tv=0.3956 conf=0.7017 grad_norm=12.0572 tensors_with_grad=69/72
[train] step 183: T=1190 positions=16 loss=2.6690 ce=3.0251 tv=0.4377 conf=3.0353 grad_norm=12.0750 tensors_with_grad=69/72
[train] step 184: T=611 positions=16 loss=1.0217 ce=0.9628 tv=0.3100 conf=1.5142 grad_norm=8.5259 tensors_with_grad=69/72
[train] step 185: T=526 positions=16 loss=0.4930 ce=0.5797 tv=0.1588 conf=1.1523 grad_norm=8.0505 tensors_with_grad=69/72
[train] step 186: T=673 positions=16 loss=3.0454 ce=3.4774 tv=0.6160 conf=2.8126 grad_norm=16.6712 tensors_with_grad=69/72
[train] step 187: T=539 positions=16 loss=0.3664 ce=0.6096 tv=0.1844 conf=0.8433 grad_norm=4.0958 tensors_with_grad=69/72
[train] step 188: T=526 positions=16 loss=1.3115 ce=2.1677 tv=0.3140 conf=2.6124 grad_norm=7.9257 tensors_with_grad=69/72
[train] step 189: T=675 positions=16 loss=0.8226 ce=1.1303 tv=0.3125 conf=3.2550 grad_norm=5.5020 tensors_with_grad=69/72
[train] step 190: T=552 positions=16 loss=1.7176 ce=2.2752 tv=0.1557 conf=1.8429 grad_norm=6.6455 tensors_with_grad=69/72
[train] step 191: T=616 positions=16 loss=1.6874 ce=1.9766 tv=0.4276 conf=2.5938 grad_norm=28.3271 tensors_with_grad=69/72
[train] step 192: T=528 positions=16 loss=2.1087 ce=2.4551 tv=0.4844 conf=2.1454 grad_norm=14.0397 tensors_with_grad=69/72
[train] step 193: T=525 positions=16 loss=3.0196 ce=3.4385 tv=0.6021 conf=3.0424 grad_norm=11.1106 tensors_with_grad=69/72
[train] step 194: T=675 positions=16 loss=1.4684 ce=1.8983 tv=0.4019 conf=1.8288 grad_norm=7.1985 tensors_with_grad=69/72
[train] step 195: T=611 positions=16 loss=1.2188 ce=1.5272 tv=0.2878 conf=1.4866 grad_norm=15.2048 tensors_with_grad=69/72
[train] step 196: T=594 positions=16 loss=2.7476 ce=3.1594 tv=0.5138 conf=2.4845 grad_norm=17.6962 tensors_with_grad=69/72
[train] step 197: T=654 positions=16 loss=1.6471 ce=1.9879 tv=0.3706 conf=1.9292 grad_norm=14.0337 tensors_with_grad=69/72
[train] step 198: T=539 positions=16 loss=0.5596 ce=0.6442 tv=0.1605 conf=0.8184 grad_norm=10.3025 tensors_with_grad=69/72
[train] step 199: T=529 positions=16 loss=1.3511 ce=2.2506 tv=0.2911 conf=2.5125 grad_norm=12.0849 tensors_with_grad=69/72
[train] step 200: T=631 positions=16 loss=1.6973 ce=2.5973 tv=0.3314 conf=1.7295 grad_norm=14.4053 tensors_with_grad=69/72
[train] step 201: T=533 positions=16 loss=0.7132 ce=0.7423 tv=0.1942 conf=1.3044 grad_norm=4.4848 tensors_with_grad=69/72
[train] step 202: T=537 positions=16 loss=0.6384 ce=0.8270 tv=0.1714 conf=0.7604 grad_norm=6.4316 tensors_with_grad=69/72
[train] step 203: T=525 positions=16 loss=2.9794 ce=3.5234 tv=0.6362 conf=3.4574 grad_norm=19.9696 tensors_with_grad=69/72
[train] step 204: T=851 positions=16 loss=1.7133 ce=2.1292 tv=0.4500 conf=2.2800 grad_norm=16.5859 tensors_with_grad=69/72
[train] step 205: T=551 positions=16 loss=1.1025 ce=1.2336 tv=0.3041 conf=2.3930 grad_norm=12.3387 tensors_with_grad=69/72
[train] step 206: T=897 positions=16 loss=2.3354 ce=3.1123 tv=0.4209 conf=2.7837 grad_norm=12.0001 tensors_with_grad=69/72
[train] step 207: T=603 positions=16 loss=0.0619 ce=0.1986 tv=0.1147 conf=1.7849 grad_norm=1.3417 tensors_with_grad=69/72
[train] step 208: T=578 positions=16 loss=2.8294 ce=3.4554 tv=0.5333 conf=2.2608 grad_norm=16.9372 tensors_with_grad=69/72
[train] step 209: T=532 positions=16 loss=0.5490 ce=0.8037 tv=0.2026 conf=2.8893 grad_norm=6.3661 tensors_with_grad=69/72
[train] step 210: T=675 positions=16 loss=0.5445 ce=0.9178 tv=0.2309 conf=2.7501 grad_norm=5.5861 tensors_with_grad=69/72
[train] step 211: T=536 positions=16 loss=0.9701 ce=1.0998 tv=0.1792 conf=0.4947 grad_norm=9.3450 tensors_with_grad=69/72
[train] step 212: T=526 positions=16 loss=1.5924 ce=1.9697 tv=0.4092 conf=3.0469 grad_norm=7.8546 tensors_with_grad=69/72
[train] step 213: T=530 positions=16 loss=0.8690 ce=1.2283 tv=0.3574 conf=4.9171 grad_norm=12.8640 tensors_with_grad=69/72
[train] step 214: T=527 positions=16 loss=3.0767 ce=3.4140 tv=0.5356 conf=3.1076 grad_norm=15.0962 tensors_with_grad=69/72
[train] step 215: T=535 positions=16 loss=0.3542 ce=0.3857 tv=0.1258 conf=0.8817 grad_norm=5.9985 tensors_with_grad=69/72
[train] step 216: T=531 positions=16 loss=1.5473 ce=2.1010 tv=0.4491 conf=2.5829 grad_norm=9.2998 tensors_with_grad=69/72
[train] step 217: T=536 positions=16 loss=0.4538 ce=0.4876 tv=0.1635 conf=1.1951 grad_norm=11.4847 tensors_with_grad=69/72
[train] step 218: T=585 positions=16 loss=0.5994 ce=1.0220 tv=0.2845 conf=2.2321 grad_norm=9.2939 tensors_with_grad=69/72
[train] step 219: T=524 positions=16 loss=1.7739 ce=2.1686 tv=0.4903 conf=2.5228 grad_norm=8.4122 tensors_with_grad=69/72
[train] step 220: T=562 positions=16 loss=0.7160 ce=0.8998 tv=0.2656 conf=3.4458 grad_norm=10.2853 tensors_with_grad=69/72
[train] step 221: T=1482 positions=16 loss=2.9537 ce=3.2123 tv=0.4646 conf=4.7065 grad_norm=12.2706 tensors_with_grad=69/72
[train] step 222: T=669 positions=16 loss=1.0924 ce=1.3910 tv=0.3908 conf=1.1494 grad_norm=6.9769 tensors_with_grad=69/72
[train] step 223: T=591 positions=16 loss=0.2596 ce=0.4670 tv=0.1720 conf=2.8427 grad_norm=7.3641 tensors_with_grad=69/72
[train] step 224: T=524 positions=16 loss=1.7836 ce=2.2087 tv=0.4419 conf=3.6098 grad_norm=8.6033 tensors_with_grad=69/72
[train] step 225: T=532 positions=16 loss=0.6303 ce=0.9455 tv=0.2882 conf=2.2964 grad_norm=5.3586 tensors_with_grad=69/72
[train] step 226: T=672 positions=16 loss=1.2350 ce=1.5781 tv=0.3977 conf=3.4746 grad_norm=9.8192 tensors_with_grad=69/72
[train] step 227: T=534 positions=16 loss=1.0429 ce=1.4705 tv=0.3842 conf=2.7864 grad_norm=8.1748 tensors_with_grad=69/72
[train] step 228: T=1014 positions=16 loss=1.9954 ce=2.4055 tv=0.4388 conf=3.4553 grad_norm=6.1029 tensors_with_grad=69/72
[train] step 229: T=675 positions=16 loss=1.0168 ce=1.5892 tv=0.2880 conf=1.8904 grad_norm=13.0885 tensors_with_grad=69/72
[train] step 230: T=647 positions=16 loss=1.4381 ce=2.0583 tv=0.4427 conf=4.5688 grad_norm=19.2139 tensors_with_grad=69/72
[train] step 231: T=596 positions=16 loss=0.3869 ce=0.5672 tv=0.2368 conf=1.8681 grad_norm=4.4164 tensors_with_grad=69/72
[train] step 232: T=674 positions=16 loss=1.7785 ce=2.4284 tv=0.4652 conf=2.0902 grad_norm=12.0645 tensors_with_grad=69/72
[train] step 233: T=858 positions=16 loss=1.0568 ce=1.4009 tv=0.3160 conf=1.1590 grad_norm=5.5633 tensors_with_grad=69/72
[train] step 234: T=597 positions=16 loss=0.4978 ce=0.8558 tv=0.2602 conf=1.2970 grad_norm=6.6661 tensors_with_grad=69/72
[train] step 235: T=604 positions=16 loss=0.7531 ce=1.2303 tv=0.2876 conf=1.9027 grad_norm=6.6908 tensors_with_grad=69/72
[train] step 236: T=589 positions=16 loss=0.2873 ce=0.3419 tv=0.1506 conf=0.5677 grad_norm=9.6923 tensors_with_grad=69/72
[train] step 237: T=623 positions=16 loss=0.3839 ce=0.8455 tv=0.1972 conf=3.5463 grad_norm=3.3717 tensors_with_grad=69/72
[train] step 238: T=884 positions=16 loss=2.8986 ce=3.2816 tv=0.4582 conf=1.4364 grad_norm=15.2753 tensors_with_grad=69/72
[train] step 239: T=673 positions=16 loss=1.2555 ce=1.7769 tv=0.3600 conf=1.5648 grad_norm=6.9036 tensors_with_grad=69/72
[train] step 240: T=540 positions=16 loss=0.2404 ce=0.3438 tv=0.1025 conf=1.1137 grad_norm=5.1479 tensors_with_grad=69/72
[train] step 241: T=1324 positions=16 loss=3.7622 ce=3.6727 tv=0.4629 conf=0.8990 grad_norm=11.5343 tensors_with_grad=69/72
[train] step 242: T=677 positions=16 loss=1.6288 ce=2.0176 tv=0.4169 conf=1.8365 grad_norm=6.9138 tensors_with_grad=69/72
[train] step 243: T=615 positions=16 loss=1.6402 ce=2.2320 tv=0.4428 conf=1.8546 grad_norm=10.8620 tensors_with_grad=69/72
[train] step 244: T=1500 positions=16 loss=2.2942 ce=2.8992 tv=0.4394 conf=1.1900 grad_norm=11.7065 tensors_with_grad=69/72
[train] step 245: T=672 positions=16 loss=2.7804 ce=3.0848 tv=0.5734 conf=1.6091 grad_norm=8.9640 tensors_with_grad=69/72
[train] step 246: T=561 positions=16 loss=0.6872 ce=0.7396 tv=0.1853 conf=1.0572 grad_norm=4.1488 tensors_with_grad=69/72
[train] step 247: T=610 positions=16 loss=1.2101 ce=1.4566 tv=0.3385 conf=0.9964 grad_norm=7.5452 tensors_with_grad=69/72
[train] step 248: T=535 positions=16 loss=0.7632 ce=1.3923 tv=0.2469 conf=0.7575 grad_norm=4.0523 tensors_with_grad=69/72
[train] step 249: T=587 positions=16 loss=0.1782 ce=0.4319 tv=0.1615 conf=0.9860 grad_norm=3.1880 tensors_with_grad=69/72
[train] step 250: T=633 positions=16 loss=0.2065 ce=0.2949 tv=0.1367 conf=0.6405 grad_norm=6.2399 tensors_with_grad=69/72
[train] step 251: T=677 positions=16 loss=0.8424 ce=1.5162 tv=0.3469 conf=1.7993 grad_norm=10.4722 tensors_with_grad=69/72
[train] step 252: T=598 positions=16 loss=0.4431 ce=0.5494 tv=0.2438 conf=1.5939 grad_norm=5.7616 tensors_with_grad=69/72
[train] step 253: T=654 positions=16 loss=1.9652 ce=2.2164 tv=0.4904 conf=1.4700 grad_norm=10.6136 tensors_with_grad=69/72
[train] step 254: T=546 positions=16 loss=0.9440 ce=1.0147 tv=0.1087 conf=1.3934 grad_norm=7.3346 tensors_with_grad=69/72
[train] step 255: T=617 positions=16 loss=0.4549 ce=0.8024 tv=0.2722 conf=1.6507 grad_norm=9.6225 tensors_with_grad=69/72
[train] step 256: T=537 positions=16 loss=0.0992 ce=0.1744 tv=0.0973 conf=0.6438 grad_norm=0.7068 tensors_with_grad=69/72
[train] step 257: T=649 positions=16 loss=1.5070 ce=1.9964 tv=0.4798 conf=1.4891 grad_norm=8.1858 tensors_with_grad=69/72
[train] step 258: T=676 positions=16 loss=1.4112 ce=1.6667 tv=0.3487 conf=1.4402 grad_norm=16.0768 tensors_with_grad=69/72
[train] step 259: T=672 positions=16 loss=1.9467 ce=2.4020 tv=0.5075 conf=2.5512 grad_norm=8.0171 tensors_with_grad=69/72
[train] step 260: T=665 positions=16 loss=0.4595 ce=0.6756 tv=0.1929 conf=1.0011 grad_norm=4.8119 tensors_with_grad=69/72
[train] step 261: T=542 positions=16 loss=0.8287 ce=0.9109 tv=0.1642 conf=1.3435 grad_norm=4.4981 tensors_with_grad=69/72
[train] step 262: T=526 positions=16 loss=2.3107 ce=2.3826 tv=0.4593 conf=1.3392 grad_norm=10.8831 tensors_with_grad=69/72
[train] step 263: T=570 positions=16 loss=0.6046 ce=0.7634 tv=0.1330 conf=1.2041 grad_norm=5.0005 tensors_with_grad=69/72
[train] step 264: T=673 positions=16 loss=0.3437 ce=1.0312 tv=0.2381 conf=1.9755 grad_norm=5.8180 tensors_with_grad=69/72
[train] step 265: T=1148 positions=16 loss=2.4439 ce=2.7500 tv=0.4145 conf=1.7014 grad_norm=11.9511 tensors_with_grad=69/72
[train] step 266: T=675 positions=16 loss=1.1934 ce=1.4149 tv=0.3249 conf=1.2461 grad_norm=14.7395 tensors_with_grad=69/72
[train] step 267: T=609 positions=16 loss=0.7764 ce=0.8554 tv=0.2746 conf=1.9298 grad_norm=7.9883 tensors_with_grad=69/72
[train] step 268: T=528 positions=16 loss=2.0851 ce=2.1634 tv=0.4066 conf=1.2284 grad_norm=22.7084 tensors_with_grad=69/72
[train] step 269: T=547 positions=16 loss=0.5801 ce=0.7171 tv=0.2415 conf=1.2969 grad_norm=8.5246 tensors_with_grad=69/72
[train] step 270: T=529 positions=16 loss=0.6992 ce=0.8231 tv=0.1972 conf=1.2792 grad_norm=5.1100 tensors_with_grad=69/72
[train] step 271: T=550 positions=16 loss=1.3745 ce=1.3483 tv=0.3390 conf=0.6746 grad_norm=14.1171 tensors_with_grad=69/72
[train] step 272: T=639 positions=16 loss=1.2775 ce=1.6675 tv=0.3691 conf=1.8486 grad_norm=13.2249 tensors_with_grad=69/72
[train] step 273: T=615 positions=16 loss=0.8794 ce=1.2420 tv=0.2323 conf=1.6681 grad_norm=7.7116 tensors_with_grad=69/72
[train] step 274: T=536 positions=16 loss=0.0486 ce=0.1198 tv=0.0708 conf=0.5508 grad_norm=1.3441 tensors_with_grad=69/72
[train] step 275: T=534 positions=16 loss=0.4856 ce=0.7432 tv=0.1587 conf=1.7660 grad_norm=4.3448 tensors_with_grad=69/72
[train] step 276: T=538 positions=16 loss=2.2744 ce=2.5805 tv=0.5694 conf=1.9404 grad_norm=12.7096 tensors_with_grad=69/72
[train] step 277: T=525 positions=16 loss=1.1935 ce=1.4327 tv=0.3242 conf=1.5583 grad_norm=8.2838 tensors_with_grad=69/72
[train] step 278: T=671 positions=16 loss=3.1013 ce=3.4374 tv=0.6121 conf=2.4945 grad_norm=10.3021 tensors_with_grad=69/72
[train] step 279: T=536 positions=16 loss=0.5177 ce=0.8931 tv=0.2131 conf=1.3564 grad_norm=7.3662 tensors_with_grad=69/72
[train] step 280: T=532 positions=16 loss=0.4310 ce=0.6179 tv=0.2490 conf=2.4879 grad_norm=4.7941 tensors_with_grad=69/72
[train] step 281: T=553 positions=16 loss=1.2672 ce=1.0997 tv=0.2101 conf=0.8016 grad_norm=10.1102 tensors_with_grad=69/72
[train] step 282: T=673 positions=16 loss=2.9629 ce=3.1518 tv=0.5348 conf=1.4278 grad_norm=16.1454 tensors_with_grad=69/72
[train] step 283: T=1324 positions=16 loss=3.9536 ce=4.2227 tv=0.5173 conf=2.3794 grad_norm=9.9794 tensors_with_grad=69/72
[train] step 284: T=642 positions=16 loss=1.2821 ce=1.3961 tv=0.3377 conf=2.6868 grad_norm=11.2797 tensors_with_grad=69/72
[train] step 285: T=548 positions=16 loss=1.0464 ce=1.1721 tv=0.1736 conf=1.5732 grad_norm=4.5813 tensors_with_grad=69/72
[train] step 286: T=642 positions=16 loss=1.7628 ce=1.9767 tv=0.4752 conf=1.8730 grad_norm=14.8830 tensors_with_grad=69/72
[train] step 287: T=528 positions=16 loss=1.9343 ce=2.2028 tv=0.4897 conf=2.4823 grad_norm=6.2688 tensors_with_grad=69/72
[train] step 288: T=537 positions=16 loss=0.3923 ce=0.7620 tv=0.1727 conf=1.5066 grad_norm=4.1948 tensors_with_grad=69/72
[train] step 289: T=672 positions=16 loss=1.5177 ce=1.6268 tv=0.3486 conf=1.9269 grad_norm=11.7466 tensors_with_grad=69/72
[train] step 290: T=526 positions=16 loss=0.6409 ce=0.8000 tv=0.2043 conf=1.3150 grad_norm=6.7752 tensors_with_grad=69/72
[train] step 291: T=538 positions=16 loss=1.0498 ce=1.4086 tv=0.4040 conf=4.2888 grad_norm=9.0464 tensors_with_grad=69/72
[train] step 292: T=527 positions=16 loss=0.8830 ce=1.2745 tv=0.3372 conf=4.2544 grad_norm=6.7387 tensors_with_grad=69/72
[train] step 293: T=526 positions=16 loss=1.0607 ce=1.1939 tv=0.2619 conf=4.0761 grad_norm=7.1359 tensors_with_grad=69/72
[train] step 294: T=529 positions=16 loss=0.4451 ce=0.6806 tv=0.1691 conf=2.1842 grad_norm=5.4640 tensors_with_grad=69/72
[train] step 295: T=968 positions=16 loss=2.3827 ce=2.9591 tv=0.5066 conf=3.3648 grad_norm=8.7088 tensors_with_grad=69/72
[train] step 296: T=1360 positions=16 loss=4.1941 ce=4.2958 tv=0.5577 conf=3.1075 grad_norm=17.0935 tensors_with_grad=69/72
[train] step 297: T=672 positions=16 loss=2.6198 ce=2.8655 tv=0.5437 conf=3.2571 grad_norm=9.8547 tensors_with_grad=69/72
[train] step 298: T=582 positions=16 loss=2.1589 ce=2.5553 tv=0.4084 conf=2.5822 grad_norm=8.7458 tensors_with_grad=69/72
[train] step 299: T=613 positions=16 loss=1.0116 ce=1.4036 tv=0.3980 conf=3.7400 grad_norm=10.5534 tensors_with_grad=69/72
[train] step 300: T=646 positions=16 loss=1.7261 ce=2.1275 tv=0.5013 conf=3.5668 grad_norm=11.2055 tensors_with_grad=69/72
[train] step 301: T=672 positions=16 loss=2.0090 ce=2.6228 tv=0.5377 conf=4.2672 grad_norm=6.8333 tensors_with_grad=69/72
[train] step 302: T=535 positions=16 loss=1.8883 ce=2.6214 tv=0.4052 conf=4.0560 grad_norm=7.4451 tensors_with_grad=69/72
[train] step 303: T=537 positions=16 loss=0.9498 ce=1.2600 tv=0.2804 conf=1.2526 grad_norm=14.7232 tensors_with_grad=69/72
[train] step 304: T=1797 positions=16 loss=2.9345 ce=3.2739 tv=0.4992 conf=4.4715 grad_norm=16.3532 tensors_with_grad=69/72
[train] step 305: T=527 positions=16 loss=1.8422 ce=2.0837 tv=0.5070 conf=2.2605 grad_norm=10.1537 tensors_with_grad=69/72
[train] step 306: T=544 positions=16 loss=0.1765 ce=0.3472 tv=0.1124 conf=2.2043 grad_norm=4.1014 tensors_with_grad=69/72
[train] step 307: T=675 positions=16 loss=0.7347 ce=1.1408 tv=0.2524 conf=3.7346 grad_norm=9.4023 tensors_with_grad=69/72
[train] step 308: T=525 positions=16 loss=1.6257 ce=1.9513 tv=0.4879 conf=3.4834 grad_norm=7.2746 tensors_with_grad=69/72
[train] step 309: T=583 positions=16 loss=0.1744 ce=0.3726 tv=0.1054 conf=1.0848 grad_norm=4.7918 tensors_with_grad=69/72
[train] step 310: T=620 positions=16 loss=1.0812 ce=1.3519 tv=0.3086 conf=3.1088 grad_norm=10.4511 tensors_with_grad=69/72
[train] step 311: T=538 positions=16 loss=0.3935 ce=0.5333 tv=0.1397 conf=0.7386 grad_norm=7.4760 tensors_with_grad=69/72
[train] step 312: T=637 positions=16 loss=0.0953 ce=0.2028 tv=0.1461 conf=1.6635 grad_norm=1.8641 tensors_with_grad=69/72
[train] step 313: T=658 positions=16 loss=1.0163 ce=1.4807 tv=0.4048 conf=3.3509 grad_norm=8.6003 tensors_with_grad=69/72
[train] step 314: T=609 positions=16 loss=0.7042 ce=1.1786 tv=0.2626 conf=1.7106 grad_norm=7.2492 tensors_with_grad=69/72
[train] step 315: T=903 positions=16 loss=3.2954 ce=3.6796 tv=0.5096 conf=3.5068 grad_norm=11.8978 tensors_with_grad=69/72
[train] step 316: T=524 positions=16 loss=1.6364 ce=1.9474 tv=0.4570 conf=1.8887 grad_norm=12.4587 tensors_with_grad=69/72
[train] step 317: T=829 positions=16 loss=2.1170 ce=2.1340 tv=0.3287 conf=1.0705 grad_norm=8.1756 tensors_with_grad=69/72
[train] step 318: T=875 positions=16 loss=2.0362 ce=2.2842 tv=0.3523 conf=1.7493 grad_norm=10.4598 tensors_with_grad=69/72
[train] step 319: T=533 positions=16 loss=1.8266 ce=1.9096 tv=0.3617 conf=0.6654 grad_norm=9.7582 tensors_with_grad=69/72
[train] step 320: T=675 positions=16 loss=0.9181 ce=1.4257 tv=0.3300 conf=2.6240 grad_norm=5.9649 tensors_with_grad=69/72
[train] step 321: T=672 positions=16 loss=1.7521 ce=1.9050 tv=0.3304 conf=2.4168 grad_norm=8.1659 tensors_with_grad=69/72
[train] step 322: T=672 positions=16 loss=0.1729 ce=0.4081 tv=0.1813 conf=3.1952 grad_norm=3.1586 tensors_with_grad=69/72
[train] step 323: T=1087 positions=16 loss=1.4289 ce=1.5775 tv=0.3661 conf=1.7889 grad_norm=10.4584 tensors_with_grad=69/72
[train] step 324: T=672 positions=16 loss=2.0326 ce=2.3707 tv=0.3658 conf=1.4560 grad_norm=22.3767 tensors_with_grad=69/72
[train] step 325: T=854 positions=16 loss=3.4336 ce=3.8853 tv=0.5063 conf=2.5468 grad_norm=18.5670 tensors_with_grad=69/72
[train] step 326: T=609 positions=16 loss=0.5208 ce=0.7210 tv=0.2280 conf=1.5879 grad_norm=7.5236 tensors_with_grad=69/72
[train] step 327: T=545 positions=16 loss=0.8236 ce=1.1828 tv=0.2742 conf=1.9080 grad_norm=5.1396 tensors_with_grad=69/72
[train] step 328: T=634 positions=16 loss=0.8390 ce=1.3797 tv=0.4286 conf=2.3081 grad_norm=5.3148 tensors_with_grad=69/72
[train] step 329: T=649 positions=16 loss=1.1490 ce=1.4660 tv=0.3207 conf=1.7825 grad_norm=8.7062 tensors_with_grad=69/72
[train] step 330: T=675 positions=16 loss=1.0137 ce=1.5377 tv=0.3426 conf=3.3879 grad_norm=8.5554 tensors_with_grad=69/72
[train] step 331: T=560 positions=16 loss=0.3748 ce=0.5326 tv=0.1313 conf=1.1177 grad_norm=3.1960 tensors_with_grad=69/72
[train] step 332: T=535 positions=16 loss=0.1304 ce=0.2176 tv=0.0960 conf=0.7064 grad_norm=1.3921 tensors_with_grad=69/72
[train] step 333: T=532 positions=16 loss=0.5849 ce=0.6722 tv=0.1566 conf=0.4877 grad_norm=2.7531 tensors_with_grad=69/72
[train] step 334: T=903 positions=16 loss=1.3361 ce=1.6087 tv=0.3617 conf=1.6480 grad_norm=7.8156 tensors_with_grad=69/72
[train] step 335: T=621 positions=16 loss=0.6515 ce=0.9719 tv=0.2592 conf=1.6591 grad_norm=8.9106 tensors_with_grad=69/72
[train] step 336: T=903 positions=16 loss=2.0590 ce=2.3935 tv=0.3132 conf=1.9846 grad_norm=9.0065 tensors_with_grad=69/72
[train] step 337: T=539 positions=16 loss=0.6253 ce=0.7998 tv=0.1901 conf=1.3779 grad_norm=15.2009 tensors_with_grad=69/72
[train] step 338: T=553 positions=16 loss=0.9666 ce=0.9152 tv=0.1714 conf=1.1079 grad_norm=7.8876 tensors_with_grad=69/72
[train] step 339: T=546 positions=16 loss=1.8847 ce=2.5449 tv=0.5571 conf=4.5265 grad_norm=12.3199 tensors_with_grad=69/72
[train] step 340: T=597 positions=16 loss=0.6399 ce=0.9629 tv=0.2323 conf=1.6265 grad_norm=4.3542 tensors_with_grad=69/72
[train] step 341: T=942 positions=16 loss=2.3494 ce=2.7806 tv=0.3913 conf=2.4464 grad_norm=14.2418 tensors_with_grad=69/72
[train] step 342: T=672 positions=16 loss=1.8090 ce=2.3055 tv=0.4727 conf=1.9191 grad_norm=12.2744 tensors_with_grad=69/72
[train] step 343: T=527 positions=16 loss=1.2212 ce=1.6454 tv=0.3937 conf=2.4545 grad_norm=12.5856 tensors_with_grad=69/72
[train] step 344: T=589 positions=16 loss=0.1171 ce=0.2813 tv=0.1197 conf=0.6846 grad_norm=1.4560 tensors_with_grad=69/72
[train] step 345: T=541 positions=16 loss=1.0494 ce=1.4156 tv=0.3666 conf=4.1106 grad_norm=8.0272 tensors_with_grad=69/72
[train] step 346: T=581 positions=16 loss=0.2466 ce=0.4510 tv=0.1773 conf=2.7203 grad_norm=5.2603 tensors_with_grad=69/72
[train] step 347: T=678 positions=16 loss=0.7484 ce=1.1700 tv=0.2923 conf=2.7048 grad_norm=4.3885 tensors_with_grad=69/72
[train] step 348: T=673 positions=16 loss=2.8557 ce=3.0261 tv=0.5729 conf=2.2681 grad_norm=15.4122 tensors_with_grad=69/72
[train] step 349: T=628 positions=16 loss=0.4990 ce=0.6173 tv=0.1665 conf=1.9182 grad_norm=5.2139 tensors_with_grad=69/72
[train] step 350: T=661 positions=16 loss=1.5609 ce=2.0495 tv=0.4142 conf=2.4606 grad_norm=8.7255 tensors_with_grad=69/72
[train] step 351: T=544 positions=16 loss=0.4972 ce=0.8930 tv=0.2702 conf=2.0453 grad_norm=7.2340 tensors_with_grad=69/72
[train] step 352: T=538 positions=16 loss=0.2515 ce=0.3958 tv=0.1256 conf=1.1912 grad_norm=3.7524 tensors_with_grad=69/72
[train] step 353: T=539 positions=16 loss=0.1078 ce=0.2546 tv=0.1019 conf=1.4434 grad_norm=0.9422 tensors_with_grad=69/72
[train] step 354: T=1009 positions=16 loss=3.8586 ce=3.9468 tv=0.4780 conf=2.9287 grad_norm=12.3120 tensors_with_grad=69/72
[train] step 355: T=531 positions=16 loss=1.5584 ce=1.8440 tv=0.3190 conf=2.6460 grad_norm=17.5586 tensors_with_grad=69/72
[train] step 356: T=537 positions=16 loss=0.0467 ce=0.1494 tv=0.0806 conf=1.4995 grad_norm=1.7329 tensors_with_grad=69/72
[train] step 357: T=531 positions=16 loss=1.8070 ce=1.8987 tv=0.3474 conf=0.8813 grad_norm=12.3148 tensors_with_grad=69/72
[train] step 358: T=629 positions=16 loss=1.2193 ce=1.4149 tv=0.3923 conf=2.2151 grad_norm=11.1089 tensors_with_grad=69/72
[train] step 359: T=674 positions=16 loss=1.5972 ce=1.9776 tv=0.4095 conf=2.6431 grad_norm=8.5260 tensors_with_grad=69/72
[train] step 360: T=674 positions=16 loss=0.3020 ce=0.4647 tv=0.1995 conf=1.8875 grad_norm=5.0954 tensors_with_grad=69/72
[train] step 361: T=548 positions=16 loss=0.2710 ce=0.4145 tv=0.1923 conf=3.1209 grad_norm=4.2791 tensors_with_grad=69/72
[train] step 362: T=539 positions=16 loss=0.4653 ce=0.7308 tv=0.2592 conf=2.3751 grad_norm=4.2846 tensors_with_grad=69/72
[train] step 363: T=672 positions=16 loss=2.3652 ce=2.7730 tv=0.5471 conf=2.4484 grad_norm=7.2898 tensors_with_grad=69/72
[train] step 364: T=639 positions=16 loss=0.5996 ce=0.8769 tv=0.3155 conf=1.9470 grad_norm=12.2215 tensors_with_grad=69/72
[train] step 365: T=672 positions=16 loss=1.6088 ce=1.6882 tv=0.5059 conf=2.5446 grad_norm=13.8747 tensors_with_grad=69/72
[train] step 366: T=539 positions=16 loss=0.4353 ce=0.8212 tv=0.2043 conf=1.2198 grad_norm=6.0161 tensors_with_grad=69/72
[train] step 367: T=591 positions=16 loss=2.2179 ce=2.4670 tv=0.5324 conf=1.9417 grad_norm=9.0143 tensors_with_grad=69/72
[train] step 368: T=584 positions=16 loss=0.3874 ce=0.7387 tv=0.2151 conf=1.8110 grad_norm=4.2601 tensors_with_grad=69/72
[train] step 369: T=591 positions=16 loss=0.5366 ce=0.6263 tv=0.2524 conf=1.7204 grad_norm=10.5259 tensors_with_grad=69/72
[train] step 370: T=568 positions=16 loss=2.6791 ce=2.9136 tv=0.4999 conf=3.5375 grad_norm=15.1716 tensors_with_grad=69/72
[train] step 371: T=538 positions=16 loss=1.0950 ce=1.4945 tv=0.3082 conf=3.0003 grad_norm=7.3458 tensors_with_grad=69/72
[train] step 372: T=598 positions=16 loss=0.6209 ce=0.6864 tv=0.1645 conf=0.7763 grad_norm=7.3646 tensors_with_grad=69/72
[train] step 373: T=528 positions=16 loss=0.7197 ce=0.8379 tv=0.1745 conf=0.8028 grad_norm=4.2529 tensors_with_grad=69/72
[train] step 374: T=527 positions=16 loss=0.5006 ce=0.9163 tv=0.2759 conf=3.9522 grad_norm=7.0150 tensors_with_grad=69/72
[train] step 375: T=559 positions=16 loss=1.7204 ce=1.9139 tv=0.2259 conf=0.9817 grad_norm=22.5324 tensors_with_grad=69/72
[train] step 376: T=525 positions=16 loss=0.7320 ce=0.9202 tv=0.2174 conf=2.7720 grad_norm=7.5067 tensors_with_grad=69/72
[train] step 377: T=539 positions=16 loss=1.2357 ce=1.1655 tv=0.2600 conf=1.4617 grad_norm=11.6420 tensors_with_grad=69/72
[train] step 378: T=1627 positions=16 loss=2.1964 ce=2.7246 tv=0.4864 conf=3.6764 grad_norm=11.4530 tensors_with_grad=69/72
[train] step 379: T=565 positions=16 loss=0.8567 ce=1.1076 tv=0.2792 conf=3.1552 grad_norm=7.2175 tensors_with_grad=69/72
[train] step 380: T=613 positions=16 loss=0.5634 ce=0.8038 tv=0.2656 conf=1.3853 grad_norm=6.5255 tensors_with_grad=69/72
[train] step 381: T=573 positions=16 loss=0.0956 ce=0.1897 tv=0.1225 conf=4.1065 grad_norm=2.8028 tensors_with_grad=69/72
[train] step 382: T=676 positions=16 loss=0.9210 ce=1.1339 tv=0.2996 conf=3.8769 grad_norm=5.9176 tensors_with_grad=69/72
[train] step 383: T=870 positions=16 loss=1.8173 ce=2.1385 tv=0.2896 conf=4.3785 grad_norm=8.8171 tensors_with_grad=69/72
[train] step 384: T=640 positions=16 loss=2.2155 ce=2.4327 tv=0.4872 conf=2.8094 grad_norm=8.4085 tensors_with_grad=69/72
[train] step 385: T=659 positions=16 loss=1.5051 ce=1.7797 tv=0.4600 conf=4.5101 grad_norm=7.7107 tensors_with_grad=69/72
[train] step 386: T=615 positions=16 loss=0.6048 ce=1.1815 tv=0.2722 conf=1.8997 grad_norm=9.9374 tensors_with_grad=69/72
[train] step 387: T=526 positions=16 loss=2.0006 ce=2.3041 tv=0.4916 conf=2.2591 grad_norm=9.7930 tensors_with_grad=69/72
[train] step 388: T=1042 positions=16 loss=2.2294 ce=2.4758 tv=0.3143 conf=2.0000 grad_norm=8.5889 tensors_with_grad=69/72
[train] step 389: T=581 positions=16 loss=1.0044 ce=1.6205 tv=0.2490 conf=3.6071 grad_norm=10.4437 tensors_with_grad=69/72
[train] step 390: T=946 positions=16 loss=2.4678 ce=2.5918 tv=0.4157 conf=3.0174 grad_norm=15.2186 tensors_with_grad=69/72
[train] step 391: T=669 positions=16 loss=1.3821 ce=1.5978 tv=0.4100 conf=2.8005 grad_norm=8.7421 tensors_with_grad=69/72
[train] step 392: T=959 positions=16 loss=1.8947 ce=2.2213 tv=0.4354 conf=3.5062 grad_norm=7.6185 tensors_with_grad=69/72
[train] step 393: T=538 positions=16 loss=1.6392 ce=1.9014 tv=0.4598 conf=3.6760 grad_norm=19.2608 tensors_with_grad=69/72
[train] step 394: T=538 positions=16 loss=0.1747 ce=0.3138 tv=0.1324 conf=1.0203 grad_norm=7.9365 tensors_with_grad=69/72
[train] step 395: T=564 positions=16 loss=2.8695 ce=3.0151 tv=0.5572 conf=3.6413 grad_norm=22.0745 tensors_with_grad=69/72
[train] step 396: T=581 positions=16 loss=0.3895 ce=0.5414 tv=0.1353 conf=1.7141 grad_norm=6.0664 tensors_with_grad=69/72
[train] step 397: T=545 positions=16 loss=1.6211 ce=1.7750 tv=0.4434 conf=2.5472 grad_norm=18.8942 tensors_with_grad=69/72
[train] step 398: T=525 positions=16 loss=2.3086 ce=2.6721 tv=0.5511 conf=3.9790 grad_norm=9.1806 tensors_with_grad=69/72
[train] step 399: T=565 positions=16 loss=1.7493 ce=2.2135 tv=0.3029 conf=3.7472 grad_norm=24.3623 tensors_with_grad=69/72
[train] step 400: T=554 positions=16 loss=0.4734 ce=0.5648 tv=0.1724 conf=1.2931 grad_norm=4.0814 tensors_with_grad=69/72
[train] step 401: T=1014 positions=16 loss=2.0670 ce=2.1461 tv=0.3177 conf=3.2666 grad_norm=9.3574 tensors_with_grad=69/72
[train] step 402: T=541 positions=16 loss=0.5795 ce=0.7674 tv=0.1307 conf=0.6624 grad_norm=3.9988 tensors_with_grad=69/72
[train] step 403: T=538 positions=16 loss=0.1614 ce=0.3633 tv=0.1622 conf=2.6275 grad_norm=3.5795 tensors_with_grad=69/72
[train] step 404: T=585 positions=16 loss=1.5129 ce=1.7136 tv=0.3516 conf=3.2745 grad_norm=9.2339 tensors_with_grad=69/72
[train] step 405: T=535 positions=16 loss=0.7215 ce=1.0851 tv=0.2717 conf=2.3041 grad_norm=16.8285 tensors_with_grad=69/72
[train] step 406: T=534 positions=16 loss=0.4986 ce=0.9247 tv=0.2463 conf=1.8342 grad_norm=5.8263 tensors_with_grad=69/72
[train] step 407: T=674 positions=16 loss=2.1589 ce=2.3864 tv=0.5198 conf=3.2706 grad_norm=10.4224 tensors_with_grad=69/72
[train] step 408: T=1629 positions=16 loss=2.8740 ce=3.4246 tv=0.3788 conf=3.0292 grad_norm=6.0722 tensors_with_grad=69/72
[train] step 409: T=529 positions=16 loss=1.2487 ce=1.4565 tv=0.4154 conf=2.1209 grad_norm=5.2949 tensors_with_grad=69/72
[train] step 410: T=604 positions=16 loss=0.3062 ce=0.6353 tv=0.2150 conf=2.0905 grad_norm=7.4140 tensors_with_grad=69/72
[train] step 411: T=615 positions=16 loss=0.5170 ce=0.6136 tv=0.1985 conf=3.2207 grad_norm=5.0778 tensors_with_grad=69/72
[train] step 412: T=563 positions=16 loss=0.3872 ce=0.5274 tv=0.1213 conf=1.0719 grad_norm=2.3767 tensors_with_grad=69/72
[train] step 413: T=572 positions=16 loss=0.4848 ce=0.7138 tv=0.2194 conf=2.7173 grad_norm=7.2200 tensors_with_grad=69/72
[train] step 414: T=591 positions=16 loss=0.5888 ce=0.7997 tv=0.2842 conf=2.2925 grad_norm=9.0796 tensors_with_grad=69/72
[train] step 415: T=595 positions=16 loss=0.7651 ce=1.3713 tv=0.3100 conf=1.4385 grad_norm=6.8388 tensors_with_grad=69/72
[train] step 416: T=541 positions=16 loss=0.9331 ce=1.1815 tv=0.3249 conf=1.6847 grad_norm=9.6706 tensors_with_grad=69/72
[train] step 417: T=543 positions=16 loss=1.2636 ce=1.5403 tv=0.4120 conf=2.4411 grad_norm=13.2480 tensors_with_grad=69/72
[train] step 418: T=678 positions=16 loss=1.8790 ce=2.0513 tv=0.3841 conf=3.0053 grad_norm=7.9176 tensors_with_grad=69/72
[train] step 419: T=592 positions=16 loss=0.0669 ce=0.2326 tv=0.1212 conf=2.5261 grad_norm=3.0329 tensors_with_grad=69/72
[train] step 420: T=633 positions=16 loss=1.6478 ce=1.8874 tv=0.4318 conf=2.6957 grad_norm=8.8178 tensors_with_grad=69/72
[train] step 421: T=531 positions=16 loss=0.6368 ce=0.6912 tv=0.2970 conf=1.5468 grad_norm=14.5433 tensors_with_grad=69/72
[train] step 422: T=576 positions=16 loss=0.6360 ce=0.8342 tv=0.2908 conf=2.9530 grad_norm=6.9825 tensors_with_grad=69/72
[train] step 423: T=535 positions=16 loss=0.9890 ce=1.3503 tv=0.2500 conf=1.4764 grad_norm=16.3774 tensors_with_grad=69/72
[train] step 424: T=606 positions=16 loss=1.4321 ce=1.9855 tv=0.4260 conf=2.8821 grad_norm=8.0276 tensors_with_grad=69/72
[train] step 425: T=577 positions=16 loss=0.2538 ce=0.5065 tv=0.2451 conf=3.0778 grad_norm=3.3612 tensors_with_grad=69/72
[train] step 426: T=531 positions=16 loss=0.4588 ce=1.0261 tv=0.2425 conf=3.2476 grad_norm=9.6334 tensors_with_grad=69/72
[train] step 427: T=667 positions=16 loss=0.6663 ce=0.8315 tv=0.2376 conf=2.6886 grad_norm=8.4241 tensors_with_grad=69/72
[train] step 428: T=639 positions=16 loss=1.9004 ce=2.3963 tv=0.4766 conf=2.3552 grad_norm=8.3818 tensors_with_grad=69/72
[train] step 429: T=527 positions=16 loss=1.7857 ce=2.1674 tv=0.4732 conf=2.6553 grad_norm=9.3289 tensors_with_grad=69/72
[train] step 430: T=673 positions=16 loss=3.1327 ce=3.0798 tv=0.5968 conf=1.1903 grad_norm=13.0906 tensors_with_grad=69/72
[train] step 431: T=599 positions=16 loss=0.2277 ce=0.2381 tv=0.1282 conf=0.9094 grad_norm=3.0787 tensors_with_grad=69/72
[train] step 432: T=533 positions=16 loss=0.2430 ce=0.4361 tv=0.1245 conf=0.7183 grad_norm=4.3951 tensors_with_grad=69/72
[train] step 433: T=535 positions=16 loss=0.8448 ce=0.8836 tv=0.3159 conf=1.7292 grad_norm=7.1451 tensors_with_grad=69/72
[train] step 434: T=584 positions=16 loss=1.9840 ce=2.4688 tv=0.4449 conf=2.3206 grad_norm=18.4249 tensors_with_grad=69/72
[train] step 435: T=568 positions=16 loss=1.2320 ce=1.7845 tv=0.3847 conf=2.6830 grad_norm=8.5360 tensors_with_grad=69/72
[train] step 436: T=1111 positions=16 loss=1.5288 ce=1.7124 tv=0.3408 conf=2.4364 grad_norm=6.0343 tensors_with_grad=69/72
[train] step 437: T=673 positions=16 loss=1.5065 ce=1.9458 tv=0.4180 conf=1.9203 grad_norm=8.7219 tensors_with_grad=69/72
[train] step 438: T=614 positions=16 loss=1.3316 ce=1.8472 tv=0.3661 conf=2.2140 grad_norm=5.9299 tensors_with_grad=69/72
[train] step 439: T=526 positions=16 loss=0.8697 ce=1.2734 tv=0.3545 conf=2.9867 grad_norm=8.5061 tensors_with_grad=69/72
[train] step 440: T=532 positions=16 loss=0.4565 ce=0.5666 tv=0.1041 conf=1.9037 grad_norm=4.2141 tensors_with_grad=69/72
[train] step 441: T=624 positions=16 loss=0.8201 ce=1.1329 tv=0.3432 conf=1.9344 grad_norm=8.4985 tensors_with_grad=69/72
[train] step 442: T=530 positions=16 loss=1.6754 ce=1.9845 tv=0.4000 conf=1.8428 grad_norm=8.4458 tensors_with_grad=69/72
[train] step 443: T=546 positions=16 loss=0.9405 ce=1.0397 tv=0.2430 conf=1.0548 grad_norm=5.4850 tensors_with_grad=69/72
[train] step 444: T=672 positions=16 loss=1.6272 ce=2.4342 tv=0.4201 conf=4.3804 grad_norm=8.5006 tensors_with_grad=69/72
[train] step 445: T=528 positions=16 loss=1.8421 ce=2.1638 tv=0.4818 conf=1.6380 grad_norm=10.9883 tensors_with_grad=69/72
[train] step 446: T=536 positions=16 loss=0.1238 ce=0.2565 tv=0.0787 conf=0.4104 grad_norm=1.5890 tensors_with_grad=69/72
[train] step 447: T=1543 positions=16 loss=3.3456 ce=3.5609 tv=0.4588 conf=1.5836 grad_norm=10.1668 tensors_with_grad=69/72
[train] step 448: T=673 positions=16 loss=2.3475 ce=2.7530 tv=0.4497 conf=1.4244 grad_norm=6.8473 tensors_with_grad=69/72
[train] step 449: T=587 positions=16 loss=0.1741 ce=0.2624 tv=0.1468 conf=2.6084 grad_norm=3.0232 tensors_with_grad=69/72
[train] step 450: T=529 positions=16 loss=0.6188 ce=0.6526 tv=0.2536 conf=1.7611 grad_norm=8.9144 tensors_with_grad=69/72
[train] step 451: T=981 positions=16 loss=2.1996 ce=2.4781 tv=0.4449 conf=2.3923 grad_norm=9.2694 tensors_with_grad=69/72
[train] step 452: T=557 positions=16 loss=0.8343 ce=1.0608 tv=0.2336 conf=1.3781 grad_norm=7.9448 tensors_with_grad=69/72
[train] step 453: T=543 positions=16 loss=0.7462 ce=1.1073 tv=0.2698 conf=1.6397 grad_norm=10.4023 tensors_with_grad=69/72
[train] step 454: T=955 positions=16 loss=1.4719 ce=1.7236 tv=0.3376 conf=1.9074 grad_norm=5.0585 tensors_with_grad=69/72
[train] step 455: T=536 positions=16 loss=0.5102 ce=0.7176 tv=0.2574 conf=2.2660 grad_norm=4.5195 tensors_with_grad=69/72
[train] step 456: T=952 positions=16 loss=2.7231 ce=2.5427 tv=0.4313 conf=1.2683 grad_norm=12.2506 tensors_with_grad=69/72
[train] step 457: T=960 positions=16 loss=2.7552 ce=3.1144 tv=0.4325 conf=3.2292 grad_norm=9.7030 tensors_with_grad=69/72
[train] step 458: T=525 positions=16 loss=2.6644 ce=2.9012 tv=0.5192 conf=2.1659 grad_norm=11.0914 tensors_with_grad=69/72
[train] step 459: T=1031 positions=16 loss=2.6618 ce=3.0160 tv=0.4714 conf=2.2418 grad_norm=7.4437 tensors_with_grad=69/72
[train] step 460: T=674 positions=16 loss=1.0568 ce=1.4093 tv=0.4115 conf=3.0431 grad_norm=7.8842 tensors_with_grad=69/72
[train] step 461: T=1015 positions=16 loss=2.6685 ce=2.8242 tv=0.5022 conf=2.1868 grad_norm=13.3914 tensors_with_grad=69/72
[train] step 462: T=540 positions=16 loss=1.8454 ce=1.9455 tv=0.5091 conf=2.1594 grad_norm=9.0915 tensors_with_grad=69/72
[train] step 463: T=557 positions=16 loss=1.5238 ce=1.9469 tv=0.3915 conf=2.5878 grad_norm=7.8303 tensors_with_grad=69/72
[train] step 464: T=672 positions=16 loss=1.1879 ce=1.6879 tv=0.3394 conf=3.1489 grad_norm=5.6862 tensors_with_grad=69/72
[train] step 465: T=531 positions=16 loss=1.5675 ce=1.8989 tv=0.5029 conf=2.8717 grad_norm=8.5882 tensors_with_grad=69/72
[train] step 466: T=536 positions=16 loss=0.4405 ce=0.5477 tv=0.1715 conf=0.8333 grad_norm=11.2866 tensors_with_grad=69/72
[train] step 467: T=532 positions=16 loss=3.4549 ce=3.6662 tv=0.6083 conf=1.7035 grad_norm=18.5365 tensors_with_grad=69/72
[train] step 468: T=536 positions=16 loss=0.3792 ce=0.7094 tv=0.2159 conf=1.4401 grad_norm=7.1540 tensors_with_grad=69/72
[train] step 469: T=554 positions=16 loss=0.8161 ce=1.1359 tv=0.3436 conf=2.6638 grad_norm=5.5734 tensors_with_grad=69/72
[train] step 470: T=673 positions=16 loss=2.0391 ce=2.4703 tv=0.4460 conf=1.4691 grad_norm=16.6775 tensors_with_grad=69/72
[train] step 471: T=630 positions=16 loss=0.7247 ce=0.9481 tv=0.2545 conf=3.0215 grad_norm=7.4324 tensors_with_grad=69/72
[train] step 472: T=636 positions=16 loss=1.3618 ce=1.8624 tv=0.2763 conf=1.9777 grad_norm=12.6319 tensors_with_grad=69/72
[train] step 473: T=673 positions=16 loss=2.3392 ce=2.7719 tv=0.4735 conf=2.8764 grad_norm=7.4134 tensors_with_grad=69/72
[train] step 474: T=677 positions=16 loss=1.8399 ce=1.8591 tv=0.2742 conf=2.4912 grad_norm=11.3903 tensors_with_grad=69/72
[train] step 475: T=576 positions=16 loss=0.5730 ce=0.9631 tv=0.2757 conf=3.0514 grad_norm=5.4173 tensors_with_grad=69/72
[train] step 476: T=541 positions=16 loss=1.8294 ce=2.1533 tv=0.5071 conf=3.1659 grad_norm=7.9341 tensors_with_grad=69/72
[train] step 477: T=612 positions=16 loss=0.0981 ce=0.2481 tv=0.1415 conf=2.1096 grad_norm=2.0829 tensors_with_grad=69/72
[train] step 478: T=566 positions=16 loss=3.4116 ce=3.7697 tv=0.5618 conf=1.9943 grad_norm=19.5141 tensors_with_grad=69/72
[train] step 479: T=528 positions=16 loss=2.3863 ce=2.7544 tv=0.5653 conf=3.4832 grad_norm=7.9671 tensors_with_grad=69/72
[train] step 480: T=548 positions=16 loss=0.4619 ce=0.6182 tv=0.1790 conf=1.3901 grad_norm=6.3255 tensors_with_grad=69/72
[train] step 481: T=576 positions=16 loss=2.7198 ce=2.9337 tv=0.4572 conf=2.6494 grad_norm=11.3973 tensors_with_grad=69/72
[train] step 482: T=1222 positions=16 loss=2.0754 ce=2.5997 tv=0.3716 conf=2.8928 grad_norm=14.3699 tensors_with_grad=69/72
[train] step 483: T=869 positions=16 loss=2.5956 ce=2.6879 tv=0.4145 conf=1.9966 grad_norm=17.3650 tensors_with_grad=69/72
[train] step 484: T=526 positions=16 loss=1.0696 ce=1.6251 tv=0.4071 conf=3.8446 grad_norm=6.3763 tensors_with_grad=69/72
[train] step 485: T=850 positions=16 loss=2.0712 ce=2.3062 tv=0.3694 conf=1.6176 grad_norm=7.5562 tensors_with_grad=69/72
[train] step 486: T=907 positions=16 loss=1.6991 ce=1.9587 tv=0.3356 conf=3.4020 grad_norm=6.8160 tensors_with_grad=69/72
[train] step 487: T=1184 positions=16 loss=3.2460 ce=3.5772 tv=0.4797 conf=2.1899 grad_norm=12.6188 tensors_with_grad=69/72
[train] step 488: T=592 positions=16 loss=1.0400 ce=1.5128 tv=0.3350 conf=1.0895 grad_norm=11.9852 tensors_with_grad=69/72
[train] step 489: T=531 positions=16 loss=1.2111 ce=1.4266 tv=0.2722 conf=1.9689 grad_norm=7.1163 tensors_with_grad=69/72
[train] step 490: T=599 positions=16 loss=0.4577 ce=0.6863 tv=0.2050 conf=2.4677 grad_norm=4.5391 tensors_with_grad=69/72
[diag] draft-argmax == TARGET-argmax : 67.1%  | == ground-truth token: 67.2%
[diag] mean top-1 prob  target 0.836  draft 0.729   (TV near 1 with a PEAKED draft => misalignment; with a FLAT draft => genuine)
[train] saved 72 trained tensors -> /cap/auto-ace0p3/c1/trained/mtp_trained.safetensors
[train] saved AdamW state -> /cap/auto-ace0p3/c1/trained/opt_state.pt (needed for --resume to be equivalent to one continuous run)
[train] metrics -> /cap/auto-ace0p3/c1/train_metrics.json  (loss 1.0395 -> 0.4577, tail mean 1.6215)
[train] TRAIN OK
