[train] device=cuda torch=2.10.0
  loading model-00046-of-00048.safetensors ...
  loading model-00047-of-00048.safetensors ...
  loading model-00048-of-00048.safetensors ...
  dequantised 1512 tensors, 12.60 B params, 23.5 GiB bf16
[train] weights ready in 10.5s
[train] trainable 517.3 M in 72 tensors | frozen experts 12.08 B
[train] capture: 490 sample(s)
[Gloo] Rank 0 is connected to 0 peer ranks. Expected number of connected peer ranks is : 0
[train] ModelArgs: n_mtp=3 block=5 taps=[40, 41, 42] markov_rank=256
[train] built 3 DSparkBlock(s) on meta
[train] re-materialised freqs_cis on 3 attention module(s) (persistent=False buffers are NOT in state_dict and to_empty() zapped them)
[train] load_state_dict: 0 missing, 0 unexpected
[train] GATE1 model construction OK
[train] aux: embed.weight(129280, 4096), head.weight(129280, 4096)
[train] trainable tensors in graph: 72 / 517.3 M
[train] resumed 72/72 trained tensors from /cap/auto-anchorpow1p5/c1/trained/mtp_trained.safetensors
[train] resumed AdamW state: 69/72 tensors carry moments (3 never received a gradient, expected), indices aligned
[train] P2.5 anchor: frozen copy of 3 block(s), beta=0.1
[train] lr schedule: linear warmup 73 step(s) -> cosine over 1472 session step(s), peak 5e-05; this chunk is steps 982..1471
/work/train/train_head.py:115: UserWarning: Converting a tensor with requires_grad=True to a scalar may lead to unexpected behavior.
Consider using tensor.detach() first. (Triggered internally at /opt/pytorch/torch/csrc/autograd/generated/python_variable_methods.cpp:836.)
  parts = {"ce": float((w * ce).sum()), "tv": float((w * tv).sum()), "conf": 0.0}
[train] step 0: T=527 positions=16 loss=0.6185 ce=1.5357 tv=0.3804 conf=1.4767 grad_norm=2.4733 tensors_with_grad=69/72
[train] step 1: T=616 positions=16 loss=0.6449 ce=1.7437 tv=0.3518 conf=1.5571 grad_norm=5.3487 tensors_with_grad=69/72
[train] step 2: T=533 positions=16 loss=0.5518 ce=1.5980 tv=0.3141 conf=0.9722 grad_norm=4.6225 tensors_with_grad=69/72
[train] step 3: T=626 positions=16 loss=0.3473 ce=0.8003 tv=0.2119 conf=1.1355 grad_norm=2.9540 tensors_with_grad=69/72
[train] step 4: T=638 positions=16 loss=0.5939 ce=1.2079 tv=0.2210 conf=1.4138 grad_norm=4.4167 tensors_with_grad=69/72
[train] step 5: T=535 positions=16 loss=0.4880 ce=1.2950 tv=0.2211 conf=1.0920 grad_norm=5.5585 tensors_with_grad=69/72
[train] step 6: T=1429 positions=16 loss=1.8511 ce=3.2872 tv=0.4538 conf=1.9223 grad_norm=6.0988 tensors_with_grad=69/72
[train] step 7: T=675 positions=16 loss=0.6154 ce=1.2588 tv=0.2987 conf=1.6668 grad_norm=4.7799 tensors_with_grad=69/72
[train] step 8: T=529 positions=16 loss=1.5143 ce=3.1002 tv=0.4644 conf=1.3537 grad_norm=5.3542 tensors_with_grad=69/72
[train] step 9: T=673 positions=16 loss=1.0746 ce=2.2402 tv=0.3679 conf=1.1910 grad_norm=4.4092 tensors_with_grad=69/72
[train] step 10: T=622 positions=16 loss=0.2545 ce=0.7634 tv=0.1765 conf=1.0891 grad_norm=1.7162 tensors_with_grad=69/72
[train] step 11: T=630 positions=16 loss=0.9696 ce=2.2451 tv=0.3853 conf=2.1130 grad_norm=6.7415 tensors_with_grad=69/72
[train] step 12: T=586 positions=16 loss=0.7134 ce=1.5476 tv=0.3635 conf=1.9981 grad_norm=4.7763 tensors_with_grad=69/72
[train] step 13: T=535 positions=16 loss=1.3546 ce=2.6374 tv=0.5061 conf=2.2652 grad_norm=5.3688 tensors_with_grad=69/72
[train] step 14: T=625 positions=16 loss=0.6229 ce=2.0206 tv=0.3192 conf=1.8037 grad_norm=6.3163 tensors_with_grad=69/72
[train] step 15: T=535 positions=16 loss=0.5473 ce=0.9803 tv=0.2277 conf=1.3712 grad_norm=2.6515 tensors_with_grad=69/72
[train] step 16: T=553 positions=16 loss=0.8730 ce=1.6605 tv=0.3307 conf=3.1238 grad_norm=6.1915 tensors_with_grad=69/72
[train] step 17: T=532 positions=16 loss=0.3604 ce=0.7645 tv=0.1892 conf=0.9231 grad_norm=3.7435 tensors_with_grad=69/72
[train] step 18: T=536 positions=16 loss=0.1526 ce=0.3294 tv=0.0771 conf=0.6075 grad_norm=1.8514 tensors_with_grad=69/72
[train] step 19: T=896 positions=16 loss=1.1876 ce=2.3695 tv=0.3748 conf=1.6126 grad_norm=6.5680 tensors_with_grad=69/72
[train] step 20: T=544 positions=16 loss=0.5612 ce=1.4418 tv=0.2390 conf=1.7634 grad_norm=5.7811 tensors_with_grad=69/72
[train] step 21: T=581 positions=16 loss=0.5561 ce=1.5297 tv=0.2739 conf=1.2317 grad_norm=3.0467 tensors_with_grad=69/72
[train] step 22: T=672 positions=16 loss=1.4013 ce=2.7079 tv=0.4989 conf=1.9188 grad_norm=4.3402 tensors_with_grad=69/72
[train] step 23: T=587 positions=16 loss=0.2059 ce=0.4591 tv=0.1847 conf=1.8687 grad_norm=3.1201 tensors_with_grad=69/72
[train] step 24: T=674 positions=16 loss=0.7256 ce=1.6341 tv=0.3457 conf=1.9714 grad_norm=3.0435 tensors_with_grad=69/72
[train] step 25: T=563 positions=16 loss=0.3258 ce=0.6268 tv=0.1612 conf=0.7482 grad_norm=2.2686 tensors_with_grad=69/72
[train] step 26: T=566 positions=16 loss=1.2294 ce=2.1938 tv=0.3793 conf=1.0436 grad_norm=5.2343 tensors_with_grad=69/72
[train] step 27: T=612 positions=16 loss=0.5209 ce=1.2611 tv=0.2994 conf=1.4736 grad_norm=2.8563 tensors_with_grad=69/72
[train] step 28: T=673 positions=16 loss=0.2356 ce=0.6758 tv=0.2057 conf=2.0803 grad_norm=1.8023 tensors_with_grad=69/72
[train] step 29: T=537 positions=16 loss=1.4241 ce=2.5292 tv=0.4888 conf=1.6476 grad_norm=10.6892 tensors_with_grad=69/72
[train] step 30: T=657 positions=16 loss=0.1962 ce=0.6828 tv=0.1972 conf=1.3891 grad_norm=2.2213 tensors_with_grad=69/72
[train] step 31: T=595 positions=16 loss=0.2436 ce=0.7118 tv=0.1239 conf=2.4676 grad_norm=3.5727 tensors_with_grad=69/72
[train] step 32: T=970 positions=16 loss=1.5888 ce=2.7830 tv=0.4119 conf=1.5789 grad_norm=7.3963 tensors_with_grad=69/72
[train] step 33: T=1741 positions=16 loss=2.1680 ce=4.3559 tv=0.5577 conf=2.7051 grad_norm=7.9438 tensors_with_grad=69/72
[train] step 34: T=574 positions=16 loss=1.3643 ce=2.7035 tv=0.4839 conf=2.0528 grad_norm=5.0862 tensors_with_grad=69/72
[train] step 35: T=581 positions=16 loss=0.8835 ce=1.5570 tv=0.3322 conf=0.9264 grad_norm=4.9888 tensors_with_grad=69/72
[train] step 36: T=563 positions=16 loss=0.6499 ce=1.6612 tv=0.2775 conf=1.6419 grad_norm=4.8923 tensors_with_grad=69/72
[train] step 37: T=534 positions=16 loss=0.1251 ce=0.3078 tv=0.1119 conf=0.7292 grad_norm=0.9430 tensors_with_grad=69/72
[train] step 38: T=645 positions=16 loss=1.6771 ce=3.0553 tv=0.5476 conf=2.5433 grad_norm=6.4864 tensors_with_grad=69/72
[train] step 39: T=672 positions=16 loss=1.1286 ce=2.3029 tv=0.3747 conf=1.7209 grad_norm=5.4533 tensors_with_grad=69/72
[train] step 40: T=578 positions=16 loss=0.7175 ce=1.4261 tv=0.2978 conf=2.1699 grad_norm=4.7922 tensors_with_grad=69/72
[train] step 41: T=527 positions=16 loss=0.7694 ce=1.8876 tv=0.3250 conf=1.8965 grad_norm=4.5385 tensors_with_grad=69/72
[train] step 42: T=645 positions=16 loss=0.7028 ce=1.4155 tv=0.3014 conf=1.6500 grad_norm=6.5288 tensors_with_grad=69/72
[train] step 43: T=1008 positions=16 loss=1.0870 ce=2.2488 tv=0.3254 conf=1.4555 grad_norm=3.2364 tensors_with_grad=69/72
[train] step 44: T=676 positions=16 loss=0.5617 ce=1.2455 tv=0.3028 conf=1.1532 grad_norm=4.9932 tensors_with_grad=69/72
[train] step 45: T=674 positions=16 loss=1.0559 ce=2.2218 tv=0.4153 conf=1.3974 grad_norm=4.1076 tensors_with_grad=69/72
[train] step 46: T=528 positions=16 loss=1.0208 ce=2.0237 tv=0.4425 conf=1.9191 grad_norm=6.0313 tensors_with_grad=69/72
[train] step 47: T=538 positions=16 loss=0.9526 ce=1.6062 tv=0.3748 conf=1.3184 grad_norm=6.1736 tensors_with_grad=69/72
[train] step 48: T=572 positions=16 loss=1.0071 ce=2.2190 tv=0.4057 conf=1.7888 grad_norm=5.2385 tensors_with_grad=69/72
[train] step 49: T=536 positions=16 loss=0.2345 ce=0.6649 tv=0.2397 conf=2.0042 grad_norm=2.4721 tensors_with_grad=69/72
[train] step 50: T=673 positions=16 loss=1.3654 ce=2.6071 tv=0.4798 conf=1.1780 grad_norm=5.4990 tensors_with_grad=69/72
[train] step 51: T=603 positions=16 loss=0.2153 ce=0.6398 tv=0.1438 conf=0.6859 grad_norm=1.4344 tensors_with_grad=69/72
[train] step 52: T=532 positions=16 loss=0.7004 ce=1.3379 tv=0.2753 conf=0.6568 grad_norm=10.3517 tensors_with_grad=69/72
[train] step 53: T=618 positions=16 loss=0.3261 ce=1.0407 tv=0.2841 conf=2.2652 grad_norm=3.6777 tensors_with_grad=69/72
[train] step 54: T=539 positions=16 loss=0.3496 ce=0.8205 tv=0.1936 conf=1.6271 grad_norm=4.9715 tensors_with_grad=69/72
[train] step 55: T=569 positions=16 loss=0.6857 ce=1.5174 tv=0.2818 conf=1.6565 grad_norm=3.6557 tensors_with_grad=69/72
[train] step 56: T=589 positions=16 loss=1.3334 ce=2.5475 tv=0.5173 conf=1.4105 grad_norm=9.5908 tensors_with_grad=69/72
[train] step 57: T=653 positions=16 loss=1.1827 ce=2.4941 tv=0.4584 conf=1.7761 grad_norm=8.7351 tensors_with_grad=69/72
[train] step 58: T=675 positions=16 loss=0.9757 ce=1.9880 tv=0.3980 conf=1.9295 grad_norm=5.9964 tensors_with_grad=69/72
[train] step 59: T=599 positions=16 loss=1.2887 ce=3.1206 tv=0.4593 conf=1.1207 grad_norm=5.4739 tensors_with_grad=69/72
[train] step 60: T=901 positions=16 loss=1.0624 ce=2.2581 tv=0.3450 conf=1.6693 grad_norm=4.0756 tensors_with_grad=69/72
[train] step 61: T=597 positions=16 loss=0.0759 ce=0.2526 tv=0.1155 conf=0.5928 grad_norm=0.9561 tensors_with_grad=69/72
[train] step 62: T=613 positions=16 loss=0.0437 ce=0.2585 tv=0.1105 conf=1.7376 grad_norm=2.3818 tensors_with_grad=69/72
[train] step 63: T=546 positions=16 loss=0.3383 ce=0.7295 tv=0.2410 conf=1.2311 grad_norm=2.3662 tensors_with_grad=69/72
[train] step 64: T=535 positions=16 loss=0.1061 ce=0.2042 tv=0.0921 conf=0.3041 grad_norm=0.6995 tensors_with_grad=69/72
[train] step 65: T=527 positions=16 loss=1.2773 ce=2.1501 tv=0.4992 conf=1.6255 grad_norm=5.1833 tensors_with_grad=69/72
[train] step 66: T=672 positions=16 loss=1.3170 ce=2.4208 tv=0.4994 conf=1.9209 grad_norm=7.0711 tensors_with_grad=69/72
[train] step 67: T=535 positions=16 loss=1.4832 ce=2.7787 tv=0.5326 conf=1.4720 grad_norm=7.5306 tensors_with_grad=69/72
[train] step 68: T=629 positions=16 loss=0.8886 ce=1.4608 tv=0.3874 conf=1.7738 grad_norm=6.4150 tensors_with_grad=69/72
[train] step 69: T=529 positions=16 loss=0.8288 ce=1.7620 tv=0.2914 conf=1.8991 grad_norm=3.9448 tensors_with_grad=69/72
[train] step 70: T=544 positions=16 loss=0.2065 ce=0.5163 tv=0.1114 conf=0.3528 grad_norm=1.8736 tensors_with_grad=69/72
[train] step 71: T=1433 positions=16 loss=1.9274 ce=4.0203 tv=0.4893 conf=1.9515 grad_norm=6.1941 tensors_with_grad=69/72
[train] step 72: T=528 positions=16 loss=1.0172 ce=2.3077 tv=0.3250 conf=1.5236 grad_norm=4.1032 tensors_with_grad=69/72
[train] step 73: T=674 positions=16 loss=1.0590 ce=2.3385 tv=0.4262 conf=1.2184 grad_norm=7.8780 tensors_with_grad=69/72
[train] step 74: T=527 positions=16 loss=0.5133 ce=1.1951 tv=0.2774 conf=1.4750 grad_norm=5.2334 tensors_with_grad=69/72
[train] step 75: T=642 positions=16 loss=0.9336 ce=1.9755 tv=0.3930 conf=2.0907 grad_norm=4.0974 tensors_with_grad=69/72
[train] step 76: T=598 positions=16 loss=0.3895 ce=0.7835 tv=0.1634 conf=1.0013 grad_norm=3.7826 tensors_with_grad=69/72
[train] step 77: T=933 positions=16 loss=1.0730 ce=2.2328 tv=0.3833 conf=1.6290 grad_norm=4.2163 tensors_with_grad=69/72
[train] step 78: T=653 positions=16 loss=1.5533 ce=3.1637 tv=0.5515 conf=2.1909 grad_norm=16.9685 tensors_with_grad=69/72
[train] step 79: T=655 positions=16 loss=0.5686 ce=1.8525 tv=0.3462 conf=0.9900 grad_norm=2.2115 tensors_with_grad=69/72
[train] step 80: T=585 positions=16 loss=0.2944 ce=0.5979 tv=0.1605 conf=1.0766 grad_norm=1.6038 tensors_with_grad=69/72
[train] step 81: T=641 positions=16 loss=1.3975 ce=2.6657 tv=0.5163 conf=1.8839 grad_norm=5.6645 tensors_with_grad=69/72
[train] step 82: T=532 positions=16 loss=0.7917 ce=1.4560 tv=0.2903 conf=0.7732 grad_norm=5.4499 tensors_with_grad=69/72
[train] step 83: T=526 positions=16 loss=1.2726 ce=2.2078 tv=0.4865 conf=1.4369 grad_norm=6.3365 tensors_with_grad=69/72
[train] step 84: T=590 positions=16 loss=0.2985 ce=0.8949 tv=0.2309 conf=1.2174 grad_norm=5.5572 tensors_with_grad=69/72
[train] step 85: T=527 positions=16 loss=0.7227 ce=1.6644 tv=0.3932 conf=1.9271 grad_norm=3.4862 tensors_with_grad=69/72
[train] step 86: T=838 positions=16 loss=1.0270 ce=2.0965 tv=0.4116 conf=1.6305 grad_norm=4.5099 tensors_with_grad=69/72
[train] step 87: T=528 positions=16 loss=0.4766 ce=1.0394 tv=0.2223 conf=0.3595 grad_norm=2.4101 tensors_with_grad=69/72
[train] step 88: T=594 positions=16 loss=0.2558 ce=0.5811 tv=0.2019 conf=0.9792 grad_norm=2.3422 tensors_with_grad=69/72
[train] step 89: T=634 positions=16 loss=0.3647 ce=0.7491 tv=0.2284 conf=1.6748 grad_norm=3.2974 tensors_with_grad=69/72
[train] step 90: T=558 positions=16 loss=0.8605 ce=1.7147 tv=0.3818 conf=1.7445 grad_norm=7.3209 tensors_with_grad=69/72
[train] step 91: T=649 positions=16 loss=0.4153 ce=1.1115 tv=0.2588 conf=1.8515 grad_norm=2.7169 tensors_with_grad=69/72
[train] step 92: T=1085 positions=16 loss=1.2029 ce=2.4737 tv=0.3478 conf=1.4175 grad_norm=5.8190 tensors_with_grad=69/72
[train] step 93: T=575 positions=16 loss=0.6055 ce=1.4774 tv=0.2480 conf=1.1228 grad_norm=3.2169 tensors_with_grad=69/72
[train] step 94: T=611 positions=16 loss=0.3240 ce=0.8162 tv=0.1907 conf=1.2986 grad_norm=1.4278 tensors_with_grad=69/72
[train] step 95: T=529 positions=16 loss=1.4511 ce=2.3739 tv=0.5160 conf=1.3155 grad_norm=4.0649 tensors_with_grad=69/72
[train] step 96: T=526 positions=16 loss=0.7222 ce=1.5804 tv=0.3431 conf=0.8518 grad_norm=4.6211 tensors_with_grad=69/72
[train] step 97: T=576 positions=16 loss=0.2787 ce=1.0206 tv=0.2390 conf=1.3018 grad_norm=2.6693 tensors_with_grad=69/72
[train] step 98: T=674 positions=16 loss=1.1512 ce=2.2253 tv=0.4247 conf=1.5918 grad_norm=6.4477 tensors_with_grad=69/72
[train] step 99: T=535 positions=16 loss=0.3096 ce=0.7012 tv=0.2587 conf=0.8334 grad_norm=2.0882 tensors_with_grad=69/72
[train] step 100: T=975 positions=16 loss=1.5411 ce=3.1302 tv=0.4363 conf=1.5073 grad_norm=3.8111 tensors_with_grad=69/72
[train] step 101: T=1794 positions=16 loss=1.9179 ce=3.4782 tv=0.5188 conf=1.7415 grad_norm=5.9198 tensors_with_grad=69/72
[train] step 102: T=532 positions=16 loss=0.9371 ce=1.7910 tv=0.4271 conf=0.7840 grad_norm=5.7416 tensors_with_grad=69/72
[train] step 103: T=552 positions=16 loss=0.6115 ce=2.1148 tv=0.2903 conf=0.9958 grad_norm=2.8978 tensors_with_grad=69/72
[train] step 104: T=541 positions=16 loss=0.9147 ce=1.9590 tv=0.3712 conf=1.9916 grad_norm=7.5787 tensors_with_grad=69/72
[train] step 105: T=678 positions=16 loss=0.4876 ce=1.2206 tv=0.2589 conf=0.8874 grad_norm=5.3660 tensors_with_grad=69/72
[train] step 106: T=527 positions=16 loss=1.4616 ce=3.1606 tv=0.5073 conf=1.8448 grad_norm=5.1603 tensors_with_grad=69/72
[train] step 107: T=648 positions=16 loss=1.0953 ce=2.4236 tv=0.4275 conf=1.7700 grad_norm=2.5268 tensors_with_grad=69/72
[train] step 108: T=543 positions=16 loss=0.1066 ce=0.3206 tv=0.1176 conf=0.7154 grad_norm=2.4757 tensors_with_grad=69/72
[train] step 109: T=920 positions=16 loss=1.5116 ce=3.4479 tv=0.4772 conf=1.4977 grad_norm=4.9097 tensors_with_grad=69/72
[train] step 110: T=672 positions=16 loss=0.6885 ce=1.5629 tv=0.3365 conf=1.5812 grad_norm=3.9697 tensors_with_grad=69/72
[train] step 111: T=882 positions=16 loss=1.1767 ce=2.3778 tv=0.3786 conf=0.7676 grad_norm=3.4449 tensors_with_grad=69/72
[train] step 112: T=528 positions=16 loss=0.3059 ce=0.6848 tv=0.1933 conf=1.1042 grad_norm=3.5852 tensors_with_grad=69/72
[train] step 113: T=674 positions=16 loss=0.9982 ce=2.3745 tv=0.3920 conf=1.9101 grad_norm=6.5300 tensors_with_grad=69/72
[train] step 114: T=533 positions=16 loss=0.2660 ce=0.5984 tv=0.1802 conf=1.0707 grad_norm=3.2699 tensors_with_grad=69/72
[train] step 115: T=623 positions=16 loss=0.7491 ce=1.5230 tv=0.3581 conf=2.2639 grad_norm=3.2232 tensors_with_grad=69/72
[train] step 116: T=1190 positions=16 loss=1.3623 ce=2.7567 tv=0.3742 conf=1.5216 grad_norm=6.7621 tensors_with_grad=69/72
[train] step 117: T=627 positions=16 loss=0.6404 ce=1.2517 tv=0.2797 conf=1.6175 grad_norm=4.6900 tensors_with_grad=69/72
[train] step 118: T=638 positions=16 loss=1.0942 ce=2.1775 tv=0.4774 conf=1.1007 grad_norm=3.0589 tensors_with_grad=69/72
[train] step 119: T=605 positions=16 loss=1.0405 ce=2.2751 tv=0.4144 conf=1.7932 grad_norm=3.7715 tensors_with_grad=69/72
[train] step 120: T=664 positions=16 loss=0.0964 ce=0.3271 tv=0.1522 conf=1.7392 grad_norm=1.3312 tensors_with_grad=69/72
[train] step 121: T=530 positions=16 loss=0.9622 ce=2.1088 tv=0.3254 conf=0.7651 grad_norm=3.7750 tensors_with_grad=69/72
[train] step 122: T=541 positions=16 loss=0.2447 ce=0.5470 tv=0.1451 conf=0.6796 grad_norm=1.7525 tensors_with_grad=69/72
[train] step 123: T=533 positions=16 loss=0.7990 ce=1.5466 tv=0.2651 conf=0.9652 grad_norm=4.0596 tensors_with_grad=69/72
[train] step 124: T=616 positions=16 loss=0.8516 ce=1.8795 tv=0.3395 conf=1.2118 grad_norm=4.5074 tensors_with_grad=69/72
[train] step 125: T=672 positions=16 loss=1.6142 ce=3.0418 tv=0.5440 conf=2.3930 grad_norm=7.6587 tensors_with_grad=69/72
[train] step 126: T=524 positions=16 loss=1.1341 ce=2.1053 tv=0.4478 conf=1.2555 grad_norm=4.8527 tensors_with_grad=69/72
[train] step 127: T=1177 positions=16 loss=1.5172 ce=2.9290 tv=0.4421 conf=1.6547 grad_norm=6.3009 tensors_with_grad=69/72
[train] step 128: T=543 positions=16 loss=0.4276 ce=1.0062 tv=0.2416 conf=1.9486 grad_norm=2.7520 tensors_with_grad=69/72
[train] step 129: T=537 positions=16 loss=0.6058 ce=1.0939 tv=0.2897 conf=2.3523 grad_norm=5.4810 tensors_with_grad=69/72
[train] step 130: T=533 positions=16 loss=0.5979 ce=1.2550 tv=0.2112 conf=1.7457 grad_norm=8.5857 tensors_with_grad=69/72
[train] step 131: T=532 positions=16 loss=0.9278 ce=2.3320 tv=0.4361 conf=2.4778 grad_norm=3.4134 tensors_with_grad=69/72
[train] step 132: T=572 positions=16 loss=0.1577 ce=0.4578 tv=0.1310 conf=0.9156 grad_norm=2.0706 tensors_with_grad=69/72
[train] step 133: T=531 positions=16 loss=1.6441 ce=3.0428 tv=0.5295 conf=1.1502 grad_norm=5.1246 tensors_with_grad=69/72
[train] step 134: T=553 positions=16 loss=0.4365 ce=1.0143 tv=0.1839 conf=0.5468 grad_norm=6.0163 tensors_with_grad=69/72
[train] step 135: T=540 positions=16 loss=0.4908 ce=1.0316 tv=0.2365 conf=0.7267 grad_norm=4.2527 tensors_with_grad=69/72
[train] step 136: T=532 positions=16 loss=0.6770 ce=1.7292 tv=0.2483 conf=1.8641 grad_norm=2.0248 tensors_with_grad=69/72
[train] step 137: T=552 positions=16 loss=0.8706 ce=1.7241 tv=0.2746 conf=0.8652 grad_norm=4.3109 tensors_with_grad=69/72
[train] step 138: T=565 positions=16 loss=0.4792 ce=0.9796 tv=0.2024 conf=1.6757 grad_norm=3.0882 tensors_with_grad=69/72
[train] step 139: T=534 positions=16 loss=0.4559 ce=1.0359 tv=0.2432 conf=1.6439 grad_norm=3.2618 tensors_with_grad=69/72
[train] step 140: T=1720 positions=16 loss=1.5526 ce=2.9573 tv=0.5513 conf=1.7030 grad_norm=7.1678 tensors_with_grad=69/72
[train] step 141: T=539 positions=16 loss=0.9240 ce=2.0995 tv=0.3915 conf=1.3055 grad_norm=14.5920 tensors_with_grad=69/72
[train] step 142: T=1793 positions=16 loss=2.3994 ce=5.2869 tv=0.5501 conf=2.1779 grad_norm=9.0131 tensors_with_grad=69/72
[train] step 143: T=581 positions=16 loss=0.4198 ce=1.1176 tv=0.2503 conf=1.7120 grad_norm=4.4008 tensors_with_grad=69/72
[train] step 144: T=1033 positions=16 loss=2.4388 ce=4.6125 tv=0.5860 conf=1.8308 grad_norm=8.1760 tensors_with_grad=69/72
[train] step 145: T=544 positions=16 loss=0.5109 ce=0.9012 tv=0.2169 conf=0.9685 grad_norm=3.9472 tensors_with_grad=69/72
[train] step 146: T=1570 positions=16 loss=1.5585 ce=3.4503 tv=0.4745 conf=1.6702 grad_norm=5.7962 tensors_with_grad=69/72
[train] step 147: T=1007 positions=16 loss=1.4858 ce=3.1396 tv=0.4254 conf=2.2710 grad_norm=4.2719 tensors_with_grad=69/72
[train] step 148: T=656 positions=16 loss=0.5886 ce=1.7487 tv=0.2507 conf=1.3538 grad_norm=3.2565 tensors_with_grad=69/72
[train] step 149: T=605 positions=16 loss=0.3331 ce=1.0321 tv=0.2080 conf=1.3321 grad_norm=2.8913 tensors_with_grad=69/72
[train] step 150: T=1792 positions=16 loss=2.3325 ce=4.8406 tv=0.5387 conf=1.4362 grad_norm=5.1438 tensors_with_grad=69/72
[train] step 151: T=535 positions=16 loss=0.3129 ce=0.5834 tv=0.1007 conf=3.2124 grad_norm=2.0358 tensors_with_grad=69/72
[train] step 152: T=550 positions=16 loss=0.7407 ce=1.6334 tv=0.3420 conf=1.7841 grad_norm=3.5369 tensors_with_grad=69/72
[train] step 153: T=608 positions=16 loss=0.5465 ce=1.5249 tv=0.3237 conf=1.8898 grad_norm=4.4517 tensors_with_grad=69/72
[train] step 154: T=901 positions=16 loss=1.0285 ce=1.8880 tv=0.3414 conf=1.8500 grad_norm=5.0412 tensors_with_grad=69/72
[train] step 155: T=527 positions=16 loss=1.2027 ce=2.6793 tv=0.4843 conf=2.6143 grad_norm=4.9019 tensors_with_grad=69/72
[train] step 156: T=1058 positions=16 loss=1.2484 ce=2.7707 tv=0.4035 conf=1.9226 grad_norm=3.5193 tensors_with_grad=69/72
[train] step 157: T=629 positions=16 loss=0.3022 ce=0.6511 tv=0.2076 conf=1.5239 grad_norm=1.9088 tensors_with_grad=69/72
[train] step 158: T=532 positions=16 loss=0.5004 ce=1.1225 tv=0.2069 conf=1.2667 grad_norm=6.5947 tensors_with_grad=69/72
[train] step 159: T=674 positions=16 loss=0.9972 ce=1.9917 tv=0.4168 conf=1.3369 grad_norm=3.2577 tensors_with_grad=69/72
[train] step 160: T=546 positions=16 loss=0.1068 ce=0.3610 tv=0.1368 conf=0.8391 grad_norm=1.2766 tensors_with_grad=69/72
[train] step 161: T=574 positions=16 loss=0.6701 ce=1.4415 tv=0.2781 conf=2.3754 grad_norm=3.4216 tensors_with_grad=69/72
[train] step 162: T=675 positions=16 loss=0.6452 ce=1.5629 tv=0.3195 conf=1.6320 grad_norm=5.4300 tensors_with_grad=69/72
[train] step 163: T=549 positions=16 loss=0.5318 ce=1.2248 tv=0.2883 conf=1.3887 grad_norm=2.9636 tensors_with_grad=69/72
[train] step 164: T=671 positions=16 loss=1.0501 ce=2.0565 tv=0.4565 conf=1.4979 grad_norm=4.9414 tensors_with_grad=69/72
[train] step 165: T=609 positions=16 loss=0.4411 ce=0.9792 tv=0.3152 conf=2.5842 grad_norm=3.6956 tensors_with_grad=69/72
[train] step 166: T=570 positions=16 loss=1.4921 ce=3.4475 tv=0.4267 conf=2.1044 grad_norm=7.6072 tensors_with_grad=69/72
[train] step 167: T=540 positions=16 loss=0.4365 ce=1.0387 tv=0.2492 conf=1.6152 grad_norm=3.9790 tensors_with_grad=69/72
[train] step 168: T=618 positions=16 loss=0.5074 ce=1.3340 tv=0.2618 conf=1.6326 grad_norm=3.2376 tensors_with_grad=69/72
[train] step 169: T=524 positions=16 loss=1.3486 ce=2.7329 tv=0.5093 conf=1.6043 grad_norm=7.4574 tensors_with_grad=69/72
[train] step 170: T=673 positions=16 loss=1.2012 ce=2.4292 tv=0.4633 conf=1.7535 grad_norm=3.8678 tensors_with_grad=69/72
[train] step 171: T=526 positions=16 loss=0.3861 ce=0.7745 tv=0.2182 conf=1.7465 grad_norm=3.1083 tensors_with_grad=69/72
[train] step 172: T=531 positions=16 loss=0.7868 ce=1.4747 tv=0.2790 conf=0.8189 grad_norm=5.6316 tensors_with_grad=69/72
[train] step 173: T=536 positions=16 loss=0.5869 ce=1.2270 tv=0.2500 conf=1.0736 grad_norm=4.1208 tensors_with_grad=69/72
[train] step 174: T=601 positions=16 loss=0.3879 ce=0.8337 tv=0.1858 conf=1.0541 grad_norm=7.0456 tensors_with_grad=69/72
[train] step 175: T=647 positions=16 loss=1.2097 ce=2.3524 tv=0.4633 conf=1.5540 grad_norm=4.7324 tensors_with_grad=69/72
[train] step 176: T=532 positions=16 loss=0.4753 ce=1.0447 tv=0.2769 conf=0.8034 grad_norm=4.3994 tensors_with_grad=69/72
[train] step 177: T=544 positions=16 loss=0.5742 ce=1.2948 tv=0.2291 conf=1.3457 grad_norm=4.9132 tensors_with_grad=69/72
[train] step 178: T=673 positions=16 loss=1.4293 ce=2.6986 tv=0.4903 conf=1.2386 grad_norm=4.6424 tensors_with_grad=69/72
[train] step 179: T=593 positions=16 loss=0.3282 ce=0.6684 tv=0.1725 conf=1.0140 grad_norm=5.5886 tensors_with_grad=69/72
[train] step 180: T=568 positions=16 loss=0.0802 ce=0.4557 tv=0.1257 conf=1.0228 grad_norm=1.0689 tensors_with_grad=69/72
[train] step 181: T=589 positions=16 loss=0.1283 ce=0.4510 tv=0.1694 conf=0.8411 grad_norm=3.2488 tensors_with_grad=69/72
[train] step 182: T=526 positions=16 loss=0.3391 ce=1.0279 tv=0.2241 conf=2.0057 grad_norm=1.6608 tensors_with_grad=69/72
[train] step 183: T=538 positions=16 loss=0.1945 ce=0.5306 tv=0.0956 conf=0.3865 grad_norm=1.0219 tensors_with_grad=69/72
[train] step 184: T=1365 positions=16 loss=2.0305 ce=4.3731 tv=0.5039 conf=2.0609 grad_norm=9.7823 tensors_with_grad=69/72
[train] step 185: T=533 positions=16 loss=0.4050 ce=0.9513 tv=0.2306 conf=1.1330 grad_norm=8.3784 tensors_with_grad=69/72
[train] step 186: T=526 positions=16 loss=1.2241 ce=2.1936 tv=0.5152 conf=2.0789 grad_norm=6.6466 tensors_with_grad=69/72
[train] step 187: T=625 positions=16 loss=0.0386 ce=0.2042 tv=0.1126 conf=1.3703 grad_norm=0.6223 tensors_with_grad=69/72
[train] step 188: T=544 positions=16 loss=1.2319 ce=2.2927 tv=0.4472 conf=1.3633 grad_norm=5.7197 tensors_with_grad=69/72
[train] step 189: T=531 positions=16 loss=1.0709 ce=2.4282 tv=0.4569 conf=1.5241 grad_norm=3.4705 tensors_with_grad=69/72
[train] step 190: T=1057 positions=16 loss=1.3166 ce=2.8241 tv=0.3862 conf=1.1420 grad_norm=3.8141 tensors_with_grad=69/72
[train] step 191: T=1004 positions=16 loss=1.2957 ce=2.7055 tv=0.4536 conf=1.4409 grad_norm=4.8475 tensors_with_grad=69/72
[train] step 192: T=673 positions=16 loss=1.0854 ce=2.1091 tv=0.4266 conf=2.0700 grad_norm=6.6758 tensors_with_grad=69/72
[train] step 193: T=541 positions=16 loss=0.0921 ce=0.4507 tv=0.1247 conf=1.3305 grad_norm=1.2511 tensors_with_grad=69/72
[train] step 194: T=531 positions=16 loss=0.2715 ce=0.6137 tv=0.1537 conf=1.3077 grad_norm=2.4487 tensors_with_grad=69/72
[train] step 195: T=561 positions=16 loss=0.3538 ce=0.6355 tv=0.1757 conf=0.8254 grad_norm=5.8076 tensors_with_grad=69/72
[train] step 196: T=535 positions=16 loss=0.2054 ce=0.6028 tv=0.1925 conf=1.5200 grad_norm=1.9491 tensors_with_grad=69/72
[train] step 197: T=571 positions=16 loss=0.3732 ce=1.1129 tv=0.2622 conf=1.6133 grad_norm=3.3536 tensors_with_grad=69/72
[train] step 198: T=672 positions=16 loss=1.5643 ce=2.7330 tv=0.5386 conf=1.7964 grad_norm=5.7195 tensors_with_grad=69/72
[train] step 199: T=540 positions=16 loss=0.2232 ce=0.4126 tv=0.1186 conf=0.6951 grad_norm=6.8682 tensors_with_grad=69/72
[train] step 200: T=532 positions=16 loss=0.0562 ce=0.2074 tv=0.0572 conf=0.3612 grad_norm=0.4764 tensors_with_grad=69/72
[train] step 201: T=676 positions=16 loss=1.1720 ce=2.2586 tv=0.4500 conf=1.2718 grad_norm=4.8040 tensors_with_grad=69/72
[train] step 202: T=838 positions=16 loss=0.8755 ce=1.7830 tv=0.3660 conf=1.8479 grad_norm=4.5000 tensors_with_grad=69/72
[train] step 203: T=583 positions=16 loss=0.7810 ce=1.7528 tv=0.3443 conf=1.0147 grad_norm=4.3580 tensors_with_grad=69/72
[train] step 204: T=527 positions=16 loss=0.3311 ce=0.8195 tv=0.2145 conf=1.8366 grad_norm=1.8910 tensors_with_grad=69/72
[train] step 205: T=675 positions=16 loss=1.0771 ce=2.3259 tv=0.3580 conf=1.4769 grad_norm=4.6857 tensors_with_grad=69/72
[train] step 206: T=542 positions=16 loss=0.6536 ce=1.3493 tv=0.2830 conf=2.0272 grad_norm=6.0582 tensors_with_grad=69/72
[train] step 207: T=1211 positions=16 loss=1.5158 ce=3.0886 tv=0.4064 conf=1.5440 grad_norm=5.5646 tensors_with_grad=69/72
[train] step 208: T=527 positions=16 loss=0.1800 ce=0.4465 tv=0.0831 conf=0.6153 grad_norm=0.9949 tensors_with_grad=69/72
[train] step 209: T=1106 positions=16 loss=2.1375 ce=4.1912 tv=0.5141 conf=1.3217 grad_norm=7.8461 tensors_with_grad=69/72
[train] step 210: T=533 positions=16 loss=0.2661 ce=0.6246 tv=0.1700 conf=0.4867 grad_norm=2.7367 tensors_with_grad=69/72
[train] step 211: T=1721 positions=16 loss=1.6423 ce=3.4482 tv=0.4908 conf=3.0493 grad_norm=6.4842 tensors_with_grad=69/72
[train] step 212: T=616 positions=16 loss=0.1813 ce=0.4124 tv=0.1529 conf=1.2633 grad_norm=3.5455 tensors_with_grad=69/72
[train] step 213: T=672 positions=16 loss=0.8533 ce=1.9779 tv=0.3915 conf=1.7283 grad_norm=6.8985 tensors_with_grad=69/72
[train] step 214: T=529 positions=16 loss=1.1097 ce=2.1702 tv=0.4709 conf=2.3272 grad_norm=5.4139 tensors_with_grad=69/72
[train] step 215: T=536 positions=16 loss=0.2245 ce=0.8371 tv=0.1514 conf=1.4840 grad_norm=2.5620 tensors_with_grad=69/72
[train] step 216: T=550 positions=16 loss=0.6767 ce=1.3501 tv=0.3203 conf=1.0716 grad_norm=4.3773 tensors_with_grad=69/72
[train] step 217: T=1223 positions=16 loss=2.0440 ce=4.2538 tv=0.5339 conf=2.1860 grad_norm=7.8777 tensors_with_grad=69/72
[train] step 218: T=528 positions=16 loss=0.7770 ce=1.7210 tv=0.3392 conf=1.3780 grad_norm=8.4561 tensors_with_grad=69/72
[train] step 219: T=535 positions=16 loss=0.3321 ce=0.5354 tv=0.1783 conf=1.1070 grad_norm=3.7679 tensors_with_grad=69/72
[train] step 220: T=580 positions=16 loss=0.4827 ce=0.9545 tv=0.2799 conf=1.5915 grad_norm=3.9427 tensors_with_grad=69/72
[train] step 221: T=533 positions=16 loss=0.1215 ce=0.2409 tv=0.0560 conf=0.2621 grad_norm=4.2186 tensors_with_grad=69/72
[train] step 222: T=531 positions=16 loss=0.5719 ce=1.1429 tv=0.2653 conf=1.6603 grad_norm=3.8897 tensors_with_grad=69/72
[train] step 223: T=577 positions=16 loss=0.7604 ce=1.6713 tv=0.3667 conf=1.7673 grad_norm=3.4878 tensors_with_grad=69/72
[train] step 224: T=583 positions=16 loss=1.0601 ce=2.3791 tv=0.3828 conf=1.9902 grad_norm=8.0571 tensors_with_grad=69/72
[train] step 225: T=673 positions=16 loss=1.3249 ce=2.9640 tv=0.4806 conf=1.1561 grad_norm=4.3893 tensors_with_grad=69/72
[train] step 226: T=672 positions=16 loss=0.4529 ce=1.2345 tv=0.2803 conf=2.4036 grad_norm=4.6758 tensors_with_grad=69/72
[train] step 227: T=1189 positions=16 loss=1.4492 ce=2.8442 tv=0.4572 conf=2.2057 grad_norm=7.5224 tensors_with_grad=69/72
[train] step 228: T=534 positions=16 loss=1.2914 ce=2.9084 tv=0.4774 conf=1.9535 grad_norm=7.5744 tensors_with_grad=69/72
[train] step 229: T=531 positions=16 loss=0.4942 ce=1.3351 tv=0.2481 conf=1.0301 grad_norm=6.2907 tensors_with_grad=69/72
[train] step 230: T=678 positions=16 loss=0.6832 ce=1.5289 tv=0.3525 conf=2.0588 grad_norm=4.0338 tensors_with_grad=69/72
[train] step 231: T=525 positions=16 loss=1.0418 ce=2.0734 tv=0.4130 conf=1.7676 grad_norm=3.1634 tensors_with_grad=69/72
[train] step 232: T=674 positions=16 loss=0.3387 ce=0.8129 tv=0.2156 conf=1.8459 grad_norm=4.1083 tensors_with_grad=69/72
[train] step 233: T=550 positions=16 loss=0.1549 ce=0.3894 tv=0.1716 conf=1.2099 grad_norm=3.2094 tensors_with_grad=69/72
[train] step 234: T=534 positions=16 loss=0.7249 ce=1.4733 tv=0.3564 conf=1.6290 grad_norm=3.8210 tensors_with_grad=69/72
[train] step 235: T=607 positions=16 loss=0.4870 ce=1.7104 tv=0.2715 conf=2.1334 grad_norm=7.3348 tensors_with_grad=69/72
[train] step 236: T=529 positions=16 loss=1.4394 ce=3.4431 tv=0.5230 conf=1.3502 grad_norm=5.9058 tensors_with_grad=69/72
[train] step 237: T=538 positions=16 loss=1.2081 ce=2.2404 tv=0.4926 conf=1.5908 grad_norm=4.8377 tensors_with_grad=69/72
[train] step 238: T=538 positions=16 loss=0.5042 ce=0.9177 tv=0.2246 conf=0.4881 grad_norm=10.5740 tensors_with_grad=69/72
[train] step 239: T=538 positions=16 loss=0.3735 ce=0.8647 tv=0.1437 conf=0.4246 grad_norm=3.0049 tensors_with_grad=69/72
[train] step 240: T=851 positions=16 loss=1.8629 ce=3.5637 tv=0.5736 conf=1.7462 grad_norm=6.3663 tensors_with_grad=69/72
[train] step 241: T=533 positions=16 loss=0.4840 ce=1.5243 tv=0.2841 conf=1.8398 grad_norm=5.0843 tensors_with_grad=69/72
[train] step 242: T=1623 positions=16 loss=1.8383 ce=3.7991 tv=0.4728 conf=0.9599 grad_norm=5.3838 tensors_with_grad=69/72
[train] step 243: T=547 positions=16 loss=0.6071 ce=1.2542 tv=0.2912 conf=1.1247 grad_norm=2.6731 tensors_with_grad=69/72
[train] step 244: T=876 positions=16 loss=1.7304 ce=3.6195 tv=0.4251 conf=1.1586 grad_norm=3.9759 tensors_with_grad=69/72
[train] step 245: T=528 positions=16 loss=1.1441 ce=2.1658 tv=0.2863 conf=0.6536 grad_norm=5.4372 tensors_with_grad=69/72
[train] step 246: T=652 positions=16 loss=1.2450 ce=2.7449 tv=0.4916 conf=2.0615 grad_norm=3.8746 tensors_with_grad=69/72
[train] step 247: T=611 positions=16 loss=0.1977 ce=0.7010 tv=0.2098 conf=1.5990 grad_norm=4.4082 tensors_with_grad=69/72
[train] step 248: T=588 positions=16 loss=0.1996 ce=0.5735 tv=0.1204 conf=1.2739 grad_norm=2.3769 tensors_with_grad=69/72
[train] step 249: T=554 positions=16 loss=0.6134 ce=1.2328 tv=0.2545 conf=2.0054 grad_norm=3.5199 tensors_with_grad=69/72
[train] step 250: T=592 positions=16 loss=0.8865 ce=1.8000 tv=0.3433 conf=1.3844 grad_norm=4.7258 tensors_with_grad=69/72
[train] step 251: T=540 positions=16 loss=0.2584 ce=1.4486 tv=0.1946 conf=0.7396 grad_norm=2.4652 tensors_with_grad=69/72
[train] step 252: T=537 positions=16 loss=0.4230 ce=0.9685 tv=0.2915 conf=1.0904 grad_norm=2.7649 tensors_with_grad=69/72
[train] step 253: T=673 positions=16 loss=0.3950 ce=0.9394 tv=0.2531 conf=1.1997 grad_norm=2.9048 tensors_with_grad=69/72
[train] step 254: T=575 positions=16 loss=0.1715 ce=0.3888 tv=0.1374 conf=0.6867 grad_norm=1.4951 tensors_with_grad=69/72
[train] step 255: T=545 positions=16 loss=1.2355 ce=2.4616 tv=0.4259 conf=1.6952 grad_norm=4.3255 tensors_with_grad=69/72
[train] step 256: T=540 positions=16 loss=0.4572 ce=0.9496 tv=0.2360 conf=0.9964 grad_norm=3.8772 tensors_with_grad=69/72
[train] step 257: T=525 positions=16 loss=0.7866 ce=1.6084 tv=0.3386 conf=1.1344 grad_norm=5.3706 tensors_with_grad=69/72
[train] step 258: T=1002 positions=16 loss=1.8205 ce=3.7943 tv=0.5449 conf=1.2961 grad_norm=6.2404 tensors_with_grad=69/72
[train] step 259: T=599 positions=16 loss=0.7025 ce=1.3425 tv=0.2288 conf=0.8960 grad_norm=5.9616 tensors_with_grad=69/72
[train] step 260: T=566 positions=16 loss=0.3081 ce=0.8072 tv=0.2169 conf=1.4291 grad_norm=2.1404 tensors_with_grad=69/72
[train] step 261: T=542 positions=16 loss=0.6484 ce=1.5532 tv=0.3411 conf=1.5069 grad_norm=2.9068 tensors_with_grad=69/72
[train] step 262: T=571 positions=16 loss=1.5301 ce=3.0531 tv=0.4350 conf=1.1532 grad_norm=5.2029 tensors_with_grad=69/72
[train] step 263: T=551 positions=16 loss=1.6769 ce=3.1985 tv=0.3894 conf=1.9038 grad_norm=6.5394 tensors_with_grad=69/72
[train] step 264: T=557 positions=16 loss=0.7052 ce=1.6214 tv=0.3377 conf=1.5248 grad_norm=5.1337 tensors_with_grad=69/72
[train] step 265: T=1795 positions=16 loss=2.0855 ce=3.9681 tv=0.5412 conf=2.2575 grad_norm=12.9620 tensors_with_grad=69/72
[train] step 266: T=654 positions=16 loss=0.9095 ce=1.6155 tv=0.3646 conf=1.4147 grad_norm=5.4029 tensors_with_grad=69/72
[train] step 267: T=1011 positions=16 loss=1.4561 ce=2.6835 tv=0.4121 conf=1.0615 grad_norm=4.4265 tensors_with_grad=69/72
[train] step 268: T=673 positions=16 loss=0.6490 ce=1.8315 tv=0.3972 conf=2.4827 grad_norm=3.8452 tensors_with_grad=69/72
[train] step 269: T=588 positions=16 loss=1.1432 ce=2.3888 tv=0.3467 conf=1.7408 grad_norm=5.9225 tensors_with_grad=69/72
[train] step 270: T=540 positions=16 loss=0.5894 ce=1.3771 tv=0.3201 conf=2.8192 grad_norm=4.3537 tensors_with_grad=69/72
[train] step 271: T=667 positions=16 loss=0.1789 ce=0.5050 tv=0.1704 conf=0.8146 grad_norm=1.2055 tensors_with_grad=69/72
[train] step 272: T=952 positions=16 loss=1.2343 ce=2.3897 tv=0.4433 conf=2.2540 grad_norm=4.2056 tensors_with_grad=69/72
[train] step 273: T=862 positions=16 loss=1.2512 ce=2.2825 tv=0.4296 conf=1.5060 grad_norm=3.3197 tensors_with_grad=69/72
[train] step 274: T=945 positions=16 loss=1.9699 ce=4.2228 tv=0.5247 conf=2.2268 grad_norm=8.8503 tensors_with_grad=69/72
[train] step 275: T=545 positions=16 loss=0.9990 ce=1.9889 tv=0.4001 conf=1.2762 grad_norm=4.3647 tensors_with_grad=69/72
[train] step 276: T=677 positions=16 loss=0.7622 ce=1.6211 tv=0.2688 conf=1.3952 grad_norm=4.6242 tensors_with_grad=69/72
[train] step 277: T=659 positions=16 loss=1.1570 ce=2.4276 tv=0.3591 conf=1.3488 grad_norm=4.5759 tensors_with_grad=69/72
[train] step 278: T=676 positions=16 loss=0.5764 ce=1.2482 tv=0.2828 conf=1.4162 grad_norm=8.6875 tensors_with_grad=69/72
[train] step 279: T=525 positions=16 loss=1.0232 ce=1.8998 tv=0.4556 conf=2.1839 grad_norm=5.8919 tensors_with_grad=69/72
[train] step 280: T=568 positions=16 loss=0.5708 ce=1.4101 tv=0.2953 conf=1.9605 grad_norm=5.7400 tensors_with_grad=69/72
[train] step 281: T=613 positions=16 loss=0.2169 ce=0.8588 tv=0.2099 conf=1.5322 grad_norm=3.4508 tensors_with_grad=69/72
[train] step 282: T=535 positions=16 loss=0.6434 ce=0.9002 tv=0.2345 conf=1.5193 grad_norm=3.3667 tensors_with_grad=69/72
[train] step 283: T=524 positions=16 loss=0.6363 ce=1.3555 tv=0.3098 conf=1.2856 grad_norm=4.8631 tensors_with_grad=69/72
[train] step 284: T=529 positions=16 loss=0.8035 ce=1.5152 tv=0.3639 conf=1.7149 grad_norm=6.0666 tensors_with_grad=69/72
[train] step 285: T=549 positions=16 loss=0.5454 ce=1.0394 tv=0.2323 conf=1.0728 grad_norm=2.2617 tensors_with_grad=69/72
[train] step 286: T=878 positions=16 loss=1.2304 ce=2.4602 tv=0.4342 conf=2.2063 grad_norm=5.2750 tensors_with_grad=69/72
[train] step 287: T=570 positions=16 loss=0.6786 ce=1.3317 tv=0.3134 conf=1.3695 grad_norm=6.9528 tensors_with_grad=69/72
[train] step 288: T=675 positions=16 loss=0.7486 ce=1.6840 tv=0.3280 conf=0.9980 grad_norm=11.0248 tensors_with_grad=69/72
[train] step 289: T=590 positions=16 loss=0.8254 ce=1.5654 tv=0.3882 conf=2.4487 grad_norm=6.8851 tensors_with_grad=69/72
[train] step 290: T=619 positions=16 loss=0.3021 ce=0.6785 tv=0.1955 conf=1.0954 grad_norm=1.7658 tensors_with_grad=69/72
[train] step 291: T=540 positions=16 loss=0.3497 ce=0.7813 tv=0.1608 conf=0.5223 grad_norm=3.9301 tensors_with_grad=69/72
[train] step 292: T=557 positions=16 loss=1.5956 ce=2.4623 tv=0.4404 conf=1.8192 grad_norm=7.5472 tensors_with_grad=69/72
[train] step 293: T=674 positions=16 loss=1.2996 ce=2.3317 tv=0.4705 conf=1.3328 grad_norm=3.7005 tensors_with_grad=69/72
[train] step 294: T=551 positions=16 loss=0.6798 ce=1.5682 tv=0.2243 conf=0.7310 grad_norm=5.5544 tensors_with_grad=69/72
[train] step 295: T=536 positions=16 loss=0.7896 ce=1.5892 tv=0.3543 conf=1.7599 grad_norm=4.4215 tensors_with_grad=69/72
[train] step 296: T=562 positions=16 loss=0.4147 ce=0.7542 tv=0.2204 conf=1.2374 grad_norm=2.8640 tensors_with_grad=69/72
[train] step 297: T=914 positions=16 loss=1.5289 ce=3.0209 tv=0.4326 conf=1.7876 grad_norm=5.1114 tensors_with_grad=69/72
[train] step 298: T=603 positions=16 loss=0.6866 ce=1.4780 tv=0.2963 conf=1.5299 grad_norm=3.5613 tensors_with_grad=69/72
[train] step 299: T=637 positions=16 loss=0.5923 ce=1.8012 tv=0.2903 conf=1.9972 grad_norm=3.7384 tensors_with_grad=69/72
[train] step 300: T=678 positions=16 loss=1.1486 ce=2.0377 tv=0.4111 conf=1.4024 grad_norm=4.9588 tensors_with_grad=69/72
[train] step 301: T=1167 positions=16 loss=1.5599 ce=3.4488 tv=0.5001 conf=2.1849 grad_norm=3.7934 tensors_with_grad=69/72
[train] step 302: T=590 positions=16 loss=0.0782 ce=0.3190 tv=0.1152 conf=0.5843 grad_norm=1.8828 tensors_with_grad=69/72
[train] step 303: T=539 positions=16 loss=0.2491 ce=0.9625 tv=0.1887 conf=0.8892 grad_norm=1.8091 tensors_with_grad=69/72
[train] step 304: T=1006 positions=16 loss=1.1161 ce=2.2930 tv=0.3871 conf=2.3551 grad_norm=6.7673 tensors_with_grad=69/72
[train] step 305: T=528 positions=16 loss=1.8330 ce=3.5610 tv=0.5810 conf=1.2367 grad_norm=7.6435 tensors_with_grad=69/72
[train] step 306: T=535 positions=16 loss=0.5745 ce=1.4916 tv=0.3500 conf=1.7235 grad_norm=2.5539 tensors_with_grad=69/72
[train] step 307: T=607 positions=16 loss=0.5204 ce=1.0314 tv=0.2530 conf=1.7181 grad_norm=4.8178 tensors_with_grad=69/72
[train] step 308: T=540 positions=16 loss=0.0931 ce=0.3311 tv=0.1255 conf=0.9175 grad_norm=1.1755 tensors_with_grad=69/72
[train] step 309: T=1532 positions=16 loss=1.4409 ce=3.0028 tv=0.4056 conf=1.0220 grad_norm=15.2364 tensors_with_grad=69/72
[train] step 310: T=532 positions=16 loss=0.7169 ce=1.5588 tv=0.2571 conf=1.0521 grad_norm=6.5550 tensors_with_grad=69/72
[train] step 311: T=1716 positions=16 loss=1.8429 ce=3.7212 tv=0.4936 conf=1.9102 grad_norm=4.0983 tensors_with_grad=69/72
[train] step 312: T=545 positions=16 loss=0.7323 ce=1.6479 tv=0.3198 conf=2.1605 grad_norm=3.9624 tensors_with_grad=69/72
[train] step 313: T=606 positions=16 loss=0.7469 ce=1.8108 tv=0.3434 conf=1.6519 grad_norm=4.3291 tensors_with_grad=69/72
[train] step 314: T=582 positions=16 loss=0.2681 ce=0.6882 tv=0.2054 conf=0.8446 grad_norm=3.3654 tensors_with_grad=69/72
[train] step 315: T=615 positions=16 loss=1.0702 ce=2.0827 tv=0.3559 conf=1.3365 grad_norm=5.6279 tensors_with_grad=69/72
[train] step 316: T=534 positions=16 loss=0.7269 ce=1.4752 tv=0.3356 conf=1.2801 grad_norm=4.8141 tensors_with_grad=69/72
[train] step 317: T=542 positions=16 loss=0.5185 ce=1.0979 tv=0.2527 conf=1.2082 grad_norm=6.5385 tensors_with_grad=69/72
[train] step 318: T=626 positions=16 loss=0.4595 ce=1.0836 tv=0.2576 conf=1.5114 grad_norm=3.2038 tensors_with_grad=69/72
[train] step 319: T=525 positions=16 loss=0.8192 ce=1.7088 tv=0.3776 conf=1.2808 grad_norm=4.8683 tensors_with_grad=69/72
[train] step 320: T=627 positions=16 loss=0.0779 ce=0.3872 tv=0.1998 conf=2.7340 grad_norm=1.1788 tensors_with_grad=69/72
[train] step 321: T=641 positions=16 loss=0.5984 ce=1.4332 tv=0.2614 conf=1.0884 grad_norm=3.4824 tensors_with_grad=69/72
[train] step 322: T=605 positions=16 loss=0.3988 ce=0.8051 tv=0.2346 conf=1.3876 grad_norm=3.0697 tensors_with_grad=69/72
[train] step 323: T=532 positions=16 loss=0.7305 ce=1.2733 tv=0.2270 conf=1.0683 grad_norm=2.6336 tensors_with_grad=69/72
[train] step 324: T=526 positions=16 loss=1.1494 ce=2.4178 tv=0.4678 conf=1.6824 grad_norm=3.8390 tensors_with_grad=69/72
[train] step 325: T=545 positions=16 loss=0.2778 ce=0.6767 tv=0.1844 conf=1.1569 grad_norm=2.9654 tensors_with_grad=69/72
[train] step 326: T=561 positions=16 loss=0.8574 ce=2.0965 tv=0.3161 conf=2.2988 grad_norm=3.5784 tensors_with_grad=69/72
[train] step 327: T=540 positions=16 loss=0.5248 ce=1.0260 tv=0.2528 conf=1.2464 grad_norm=5.7878 tensors_with_grad=69/72
[train] step 328: T=1025 positions=16 loss=1.6549 ce=3.4632 tv=0.5137 conf=2.4844 grad_norm=4.5434 tensors_with_grad=69/72
[train] step 329: T=1316 positions=16 loss=1.5161 ce=2.9345 tv=0.4020 conf=1.1951 grad_norm=3.7818 tensors_with_grad=69/72
[train] step 330: T=593 positions=16 loss=1.3150 ce=3.3531 tv=0.4803 conf=2.4446 grad_norm=5.1527 tensors_with_grad=69/72
[train] step 331: T=1364 positions=16 loss=2.0692 ce=3.9910 tv=0.5034 conf=0.8462 grad_norm=4.9311 tensors_with_grad=69/72
[train] step 332: T=563 positions=16 loss=1.1946 ce=2.0560 tv=0.3298 conf=1.7418 grad_norm=4.0706 tensors_with_grad=69/72
[train] step 333: T=621 positions=16 loss=0.8579 ce=2.1030 tv=0.3586 conf=1.4833 grad_norm=4.0061 tensors_with_grad=69/72
[train] step 334: T=1798 positions=16 loss=1.3771 ce=2.9110 tv=0.4227 conf=2.7130 grad_norm=4.9957 tensors_with_grad=69/72
[train] step 335: T=565 positions=16 loss=1.2630 ce=2.0992 tv=0.4374 conf=1.8262 grad_norm=9.5483 tensors_with_grad=69/72
[train] step 336: T=592 positions=16 loss=0.5005 ce=1.0186 tv=0.2834 conf=1.0805 grad_norm=7.4310 tensors_with_grad=69/72
[train] step 337: T=559 positions=16 loss=0.2691 ce=0.6508 tv=0.1307 conf=0.9061 grad_norm=2.0056 tensors_with_grad=69/72
[train] step 338: T=538 positions=16 loss=0.0531 ce=0.2350 tv=0.0652 conf=0.3101 grad_norm=0.8613 tensors_with_grad=69/72
[train] step 339: T=554 positions=16 loss=0.8967 ce=1.9562 tv=0.3366 conf=2.1630 grad_norm=4.3064 tensors_with_grad=69/72
[train] step 340: T=577 positions=16 loss=1.3967 ce=2.8518 tv=0.4944 conf=1.8306 grad_norm=4.9527 tensors_with_grad=69/72
[train] step 341: T=630 positions=16 loss=0.2215 ce=0.6549 tv=0.1515 conf=0.7094 grad_norm=2.9304 tensors_with_grad=69/72
[train] step 342: T=672 positions=16 loss=0.9982 ce=1.8537 tv=0.3711 conf=1.0526 grad_norm=6.6958 tensors_with_grad=69/72
[train] step 343: T=536 positions=16 loss=0.2313 ce=0.5412 tv=0.1447 conf=0.8846 grad_norm=2.8176 tensors_with_grad=69/72
[train] step 344: T=528 positions=16 loss=0.4708 ce=1.1796 tv=0.2286 conf=1.3068 grad_norm=2.4000 tensors_with_grad=69/72
[train] step 345: T=547 positions=16 loss=0.8422 ce=1.4865 tv=0.3208 conf=0.9569 grad_norm=5.0152 tensors_with_grad=69/72
[train] step 346: T=639 positions=16 loss=0.2479 ce=0.5854 tv=0.1676 conf=0.8849 grad_norm=3.1720 tensors_with_grad=69/72
[train] step 347: T=602 positions=16 loss=0.4567 ce=1.5041 tv=0.2463 conf=1.0178 grad_norm=4.1529 tensors_with_grad=69/72
[train] step 348: T=665 positions=16 loss=0.1927 ce=0.5780 tv=0.1459 conf=0.8082 grad_norm=1.0987 tensors_with_grad=69/72
[train] step 349: T=600 positions=16 loss=1.1985 ce=2.3309 tv=0.4263 conf=1.8182 grad_norm=9.0885 tensors_with_grad=69/72
[train] step 350: T=1649 positions=16 loss=2.4224 ce=4.4237 tv=0.5448 conf=1.3999 grad_norm=8.4553 tensors_with_grad=69/72
[train] step 351: T=1232 positions=16 loss=1.4623 ce=2.8311 tv=0.5403 conf=2.4707 grad_norm=4.5006 tensors_with_grad=69/72
[train] step 352: T=528 positions=16 loss=1.1440 ce=1.8235 tv=0.4284 conf=0.8195 grad_norm=6.4832 tensors_with_grad=69/72
[train] step 353: T=1067 positions=16 loss=1.5614 ce=3.2660 tv=0.5104 conf=1.9817 grad_norm=6.1522 tensors_with_grad=69/72
[train] step 354: T=524 positions=16 loss=1.6583 ce=3.2475 tv=0.4969 conf=1.3734 grad_norm=5.6816 tensors_with_grad=69/72
[train] step 355: T=634 positions=16 loss=0.3477 ce=1.0208 tv=0.3013 conf=1.8796 grad_norm=2.5990 tensors_with_grad=69/72
[train] step 356: T=593 positions=16 loss=0.3806 ce=1.1081 tv=0.2264 conf=1.3130 grad_norm=4.3460 tensors_with_grad=69/72
[train] step 357: T=524 positions=16 loss=0.8479 ce=1.7066 tv=0.4203 conf=1.7444 grad_norm=4.5626 tensors_with_grad=69/72
[train] step 358: T=574 positions=16 loss=0.5065 ce=1.3370 tv=0.3005 conf=1.4582 grad_norm=4.4065 tensors_with_grad=69/72
[train] step 359: T=602 positions=16 loss=0.5405 ce=1.0099 tv=0.2921 conf=1.6200 grad_norm=4.0361 tensors_with_grad=69/72
[train] step 360: T=573 positions=16 loss=0.3146 ce=0.7765 tv=0.1514 conf=0.6131 grad_norm=4.6278 tensors_with_grad=69/72
[train] step 361: T=677 positions=16 loss=0.8987 ce=1.6964 tv=0.3445 conf=1.6972 grad_norm=4.9103 tensors_with_grad=69/72
[train] step 362: T=568 positions=16 loss=1.6128 ce=2.9224 tv=0.5547 conf=1.8686 grad_norm=5.8583 tensors_with_grad=69/72
[train] step 363: T=961 positions=16 loss=1.0756 ce=2.2699 tv=0.4094 conf=2.3334 grad_norm=9.3177 tensors_with_grad=69/72
[train] step 364: T=569 positions=16 loss=1.1437 ce=2.3323 tv=0.4570 conf=1.5167 grad_norm=5.4716 tensors_with_grad=69/72
[train] step 365: T=533 positions=16 loss=0.6624 ce=1.4587 tv=0.3357 conf=2.4766 grad_norm=5.2504 tensors_with_grad=69/72
[train] step 366: T=539 positions=16 loss=0.6566 ce=1.3648 tv=0.3585 conf=1.3715 grad_norm=3.4868 tensors_with_grad=69/72
[train] step 367: T=562 positions=16 loss=0.4801 ce=1.1087 tv=0.2275 conf=0.8871 grad_norm=2.9421 tensors_with_grad=69/72
[train] step 368: T=531 positions=16 loss=0.4093 ce=0.8645 tv=0.1647 conf=0.4135 grad_norm=2.1567 tensors_with_grad=69/72
[train] step 369: T=539 positions=16 loss=1.0319 ce=2.4047 tv=0.3994 conf=1.0560 grad_norm=10.2455 tensors_with_grad=69/72
[train] step 370: T=618 positions=16 loss=0.7867 ce=1.5793 tv=0.3224 conf=1.4821 grad_norm=5.7760 tensors_with_grad=69/72
[train] step 371: T=535 positions=16 loss=0.0764 ce=0.2630 tv=0.0828 conf=0.4277 grad_norm=1.3004 tensors_with_grad=69/72
[train] step 372: T=675 positions=16 loss=1.2390 ce=2.4041 tv=0.4721 conf=1.9540 grad_norm=5.9894 tensors_with_grad=69/72
[train] step 373: T=606 positions=16 loss=0.1044 ce=0.4269 tv=0.0962 conf=0.5365 grad_norm=2.6265 tensors_with_grad=69/72
[train] step 374: T=529 positions=16 loss=1.0058 ce=1.8900 tv=0.3949 conf=1.3622 grad_norm=5.9578 tensors_with_grad=69/72
[train] step 375: T=529 positions=16 loss=1.6857 ce=3.3631 tv=0.5956 conf=2.2553 grad_norm=4.6604 tensors_with_grad=69/72
[train] step 376: T=530 positions=16 loss=1.1470 ce=1.9298 tv=0.4246 conf=1.3649 grad_norm=3.2449 tensors_with_grad=69/72
[train] step 377: T=1003 positions=16 loss=1.0223 ce=2.1476 tv=0.3235 conf=1.1087 grad_norm=3.7762 tensors_with_grad=69/72
[train] step 378: T=551 positions=16 loss=0.6461 ce=2.0589 tv=0.2881 conf=1.5241 grad_norm=4.0384 tensors_with_grad=69/72
[train] step 379: T=810 positions=16 loss=0.8421 ce=1.7470 tv=0.2769 conf=1.2506 grad_norm=3.2155 tensors_with_grad=69/72
[train] step 380: T=533 positions=16 loss=0.4432 ce=0.8256 tv=0.2170 conf=1.2469 grad_norm=3.7220 tensors_with_grad=69/72
[train] step 381: T=672 positions=16 loss=1.0637 ce=2.1902 tv=0.4823 conf=1.5590 grad_norm=5.6783 tensors_with_grad=69/72
[train] step 382: T=1041 positions=16 loss=1.7431 ce=3.8562 tv=0.4070 conf=1.4540 grad_norm=7.2253 tensors_with_grad=69/72
[train] step 383: T=599 positions=16 loss=0.6706 ce=1.1247 tv=0.2763 conf=1.3741 grad_norm=4.2649 tensors_with_grad=69/72
[train] step 384: T=678 positions=16 loss=0.2113 ce=0.5982 tv=0.2020 conf=1.3614 grad_norm=2.3944 tensors_with_grad=69/72
[train] step 385: T=672 positions=16 loss=1.2138 ce=2.4363 tv=0.4350 conf=1.6067 grad_norm=7.6251 tensors_with_grad=69/72
[train] step 386: T=570 positions=16 loss=1.7026 ce=3.0374 tv=0.5393 conf=1.3021 grad_norm=11.4633 tensors_with_grad=69/72
[train] step 387: T=1218 positions=16 loss=1.9562 ce=4.1833 tv=0.5430 conf=2.1928 grad_norm=7.1669 tensors_with_grad=69/72
[train] step 388: T=529 positions=16 loss=0.4855 ce=1.0360 tv=0.2624 conf=0.6389 grad_norm=4.3260 tensors_with_grad=69/72
[train] step 389: T=532 positions=16 loss=0.4568 ce=1.1524 tv=0.2708 conf=1.6249 grad_norm=4.1671 tensors_with_grad=69/72
[train] step 390: T=541 positions=16 loss=0.2867 ce=0.8024 tv=0.1687 conf=0.7505 grad_norm=1.8296 tensors_with_grad=69/72
[train] step 391: T=531 positions=16 loss=0.6199 ce=1.2988 tv=0.2868 conf=1.5291 grad_norm=5.8308 tensors_with_grad=69/72
[train] step 392: T=630 positions=16 loss=0.5747 ce=1.2457 tv=0.1924 conf=0.9394 grad_norm=2.5242 tensors_with_grad=69/72
[train] step 393: T=1225 positions=16 loss=1.6565 ce=3.3722 tv=0.4880 conf=2.4665 grad_norm=4.1723 tensors_with_grad=69/72
[train] step 394: T=622 positions=16 loss=1.0435 ce=1.7943 tv=0.3601 conf=1.2766 grad_norm=5.3419 tensors_with_grad=69/72
[train] step 395: T=950 positions=16 loss=1.0973 ce=2.2379 tv=0.3933 conf=2.0053 grad_norm=3.5304 tensors_with_grad=69/72
[train] step 396: T=537 positions=16 loss=0.1951 ce=0.5931 tv=0.1049 conf=0.4132 grad_norm=1.3907 tensors_with_grad=69/72
[train] step 397: T=616 positions=16 loss=0.1636 ce=0.3683 tv=0.1296 conf=0.6564 grad_norm=1.8116 tensors_with_grad=69/72
[train] step 398: T=532 positions=16 loss=0.0991 ce=0.2698 tv=0.1054 conf=1.2318 grad_norm=1.6673 tensors_with_grad=69/72
[train] step 399: T=587 positions=16 loss=0.2422 ce=0.5171 tv=0.1604 conf=0.9315 grad_norm=1.6748 tensors_with_grad=69/72
[train] step 400: T=611 positions=16 loss=0.9695 ce=2.1507 tv=0.3610 conf=2.0556 grad_norm=5.3593 tensors_with_grad=69/72
[train] step 401: T=534 positions=16 loss=0.2588 ce=0.6160 tv=0.1702 conf=0.6102 grad_norm=1.7522 tensors_with_grad=69/72
[train] step 402: T=532 positions=16 loss=0.0638 ce=0.1991 tv=0.1002 conf=0.3929 grad_norm=0.6273 tensors_with_grad=69/72
[train] step 403: T=525 positions=16 loss=0.5541 ce=1.3156 tv=0.2119 conf=1.7060 grad_norm=3.2501 tensors_with_grad=69/72
[train] step 404: T=628 positions=16 loss=0.6667 ce=1.6277 tv=0.3163 conf=1.7639 grad_norm=3.1984 tensors_with_grad=69/72
[train] step 405: T=940 positions=16 loss=1.3743 ce=3.2098 tv=0.4193 conf=2.0530 grad_norm=5.8145 tensors_with_grad=69/72
[train] step 406: T=672 positions=16 loss=0.3879 ce=1.0228 tv=0.2549 conf=0.8733 grad_norm=4.1095 tensors_with_grad=69/72
[train] step 407: T=642 positions=16 loss=1.2870 ce=2.4629 tv=0.4546 conf=2.3490 grad_norm=4.5693 tensors_with_grad=69/72
[train] step 408: T=673 positions=16 loss=0.7645 ce=1.7150 tv=0.4387 conf=2.8457 grad_norm=4.9687 tensors_with_grad=69/72
[train] step 409: T=532 positions=16 loss=0.5721 ce=1.3137 tv=0.2605 conf=1.8235 grad_norm=2.6636 tensors_with_grad=69/72
[train] step 410: T=528 positions=16 loss=1.2063 ce=2.4895 tv=0.4744 conf=1.8015 grad_norm=7.9325 tensors_with_grad=69/72
[train] step 411: T=585 positions=16 loss=0.9038 ce=1.7819 tv=0.3821 conf=1.4219 grad_norm=3.4986 tensors_with_grad=69/72
[train] step 412: T=544 positions=16 loss=0.1701 ce=0.5064 tv=0.1406 conf=0.9535 grad_norm=3.0085 tensors_with_grad=69/72
[train] step 413: T=544 positions=16 loss=0.1729 ce=0.5442 tv=0.1652 conf=0.8687 grad_norm=1.6866 tensors_with_grad=69/72
[train] step 414: T=674 positions=16 loss=0.9670 ce=2.1065 tv=0.4118 conf=1.5939 grad_norm=6.2152 tensors_with_grad=69/72
[train] step 415: T=558 positions=16 loss=0.2881 ce=0.6643 tv=0.1971 conf=1.4149 grad_norm=4.0404 tensors_with_grad=69/72
[train] step 416: T=596 positions=16 loss=0.5649 ce=1.0831 tv=0.3087 conf=1.6527 grad_norm=6.4402 tensors_with_grad=69/72
[train] step 417: T=644 positions=16 loss=0.7681 ce=1.5689 tv=0.4072 conf=2.0616 grad_norm=3.6409 tensors_with_grad=69/72
[train] step 418: T=676 positions=16 loss=0.5808 ce=1.2376 tv=0.2956 conf=1.1838 grad_norm=6.9295 tensors_with_grad=69/72
[train] step 419: T=643 positions=16 loss=0.7044 ce=1.5899 tv=0.3950 conf=1.8287 grad_norm=3.0064 tensors_with_grad=69/72
[train] step 420: T=526 positions=16 loss=0.3459 ce=0.5112 tv=0.1261 conf=0.2493 grad_norm=2.7274 tensors_with_grad=69/72
[train] step 421: T=540 positions=16 loss=0.1889 ce=0.3662 tv=0.1036 conf=0.6219 grad_norm=1.2495 tensors_with_grad=69/72
[train] step 422: T=665 positions=16 loss=1.3558 ce=2.7686 tv=0.4693 conf=2.0165 grad_norm=6.3795 tensors_with_grad=69/72
[train] step 423: T=530 positions=16 loss=0.9869 ce=1.8438 tv=0.3582 conf=2.7126 grad_norm=6.5844 tensors_with_grad=69/72
[train] step 424: T=526 positions=16 loss=0.9420 ce=2.0381 tv=0.3011 conf=0.7003 grad_norm=7.4804 tensors_with_grad=69/72
[train] step 425: T=539 positions=16 loss=0.1888 ce=0.6540 tv=0.1727 conf=0.9114 grad_norm=2.1919 tensors_with_grad=69/72
[train] step 426: T=548 positions=16 loss=0.8113 ce=2.0420 tv=0.3512 conf=1.6664 grad_norm=5.7569 tensors_with_grad=69/72
[train] step 427: T=545 positions=16 loss=0.6402 ce=1.8055 tv=0.2332 conf=0.8055 grad_norm=3.2726 tensors_with_grad=69/72
[train] step 428: T=889 positions=16 loss=1.5885 ce=3.1983 tv=0.4871 conf=1.1818 grad_norm=7.9399 tensors_with_grad=69/72
[train] step 429: T=673 positions=16 loss=0.8862 ce=1.8043 tv=0.3176 conf=0.8469 grad_norm=3.6434 tensors_with_grad=69/72
[train] step 430: T=597 positions=16 loss=0.0850 ce=0.3213 tv=0.1410 conf=0.7192 grad_norm=2.3876 tensors_with_grad=69/72
[train] step 431: T=601 positions=16 loss=0.5207 ce=1.6472 tv=0.2682 conf=1.3007 grad_norm=3.9891 tensors_with_grad=69/72
[train] step 432: T=525 positions=16 loss=0.9889 ce=2.2743 tv=0.4800 conf=2.0445 grad_norm=4.1972 tensors_with_grad=69/72
[train] step 433: T=541 positions=16 loss=0.1513 ce=0.3121 tv=0.1293 conf=0.6499 grad_norm=1.6684 tensors_with_grad=69/72
[train] step 434: T=561 positions=16 loss=0.4478 ce=0.9439 tv=0.2367 conf=1.4190 grad_norm=2.8764 tensors_with_grad=69/72
[train] step 435: T=556 positions=16 loss=0.5000 ce=1.3328 tv=0.1983 conf=0.7296 grad_norm=2.8020 tensors_with_grad=69/72
[train] step 436: T=541 positions=16 loss=0.1571 ce=0.4171 tv=0.1402 conf=0.8686 grad_norm=2.1774 tensors_with_grad=69/72
[train] step 437: T=582 positions=16 loss=1.3926 ce=2.2630 tv=0.4168 conf=0.9282 grad_norm=7.6296 tensors_with_grad=69/72
[train] step 438: T=543 positions=16 loss=0.7447 ce=1.8415 tv=0.2792 conf=1.1136 grad_norm=4.2856 tensors_with_grad=69/72
[train] step 439: T=636 positions=16 loss=0.6004 ce=1.2061 tv=0.3568 conf=1.1588 grad_norm=3.4290 tensors_with_grad=69/72
[train] step 440: T=530 positions=16 loss=0.8960 ce=1.9342 tv=0.4347 conf=1.9895 grad_norm=2.6994 tensors_with_grad=69/72
[train] step 441: T=581 positions=16 loss=0.7747 ce=1.2932 tv=0.3431 conf=1.3824 grad_norm=5.3561 tensors_with_grad=69/72
[train] step 442: T=569 positions=16 loss=0.5822 ce=1.3077 tv=0.2571 conf=0.9642 grad_norm=4.2221 tensors_with_grad=69/72
[train] step 443: T=573 positions=16 loss=0.8577 ce=1.5951 tv=0.2802 conf=1.8543 grad_norm=4.5769 tensors_with_grad=69/72
[train] step 444: T=543 positions=16 loss=1.1377 ce=2.7768 tv=0.4281 conf=1.9412 grad_norm=7.1452 tensors_with_grad=69/72
[train] step 445: T=546 positions=16 loss=0.2857 ce=0.6889 tv=0.1355 conf=0.9031 grad_norm=3.6914 tensors_with_grad=69/72
[train] step 446: T=672 positions=16 loss=1.2482 ce=2.4045 tv=0.5323 conf=2.3598 grad_norm=5.0614 tensors_with_grad=69/72
[train] step 447: T=604 positions=16 loss=1.3524 ce=3.4054 tv=0.4422 conf=1.3517 grad_norm=7.6687 tensors_with_grad=69/72
[train] step 448: T=622 positions=16 loss=0.8738 ce=1.5406 tv=0.3008 conf=0.9841 grad_norm=3.8003 tensors_with_grad=69/72
[train] step 449: T=542 positions=16 loss=0.5639 ce=2.1248 tv=0.3165 conf=1.1316 grad_norm=4.3172 tensors_with_grad=69/72
[train] step 450: T=539 positions=16 loss=0.2897 ce=0.6242 tv=0.2045 conf=2.5207 grad_norm=2.2926 tensors_with_grad=69/72
[train] step 451: T=636 positions=16 loss=0.3568 ce=0.9821 tv=0.2631 conf=1.3936 grad_norm=3.4186 tensors_with_grad=69/72
[train] step 452: T=587 positions=16 loss=0.2067 ce=0.8214 tv=0.1170 conf=0.7735 grad_norm=1.3403 tensors_with_grad=69/72
[train] step 453: T=633 positions=16 loss=0.8256 ce=1.6165 tv=0.3457 conf=1.9526 grad_norm=7.2433 tensors_with_grad=69/72
[train] step 454: T=536 positions=16 loss=0.0975 ce=0.4124 tv=0.0995 conf=0.9940 grad_norm=1.6902 tensors_with_grad=69/72
[train] step 455: T=529 positions=16 loss=0.3644 ce=0.8772 tv=0.1971 conf=2.0918 grad_norm=2.7630 tensors_with_grad=69/72
[train] step 456: T=580 positions=16 loss=0.0414 ce=0.4143 tv=0.1442 conf=1.1113 grad_norm=0.5942 tensors_with_grad=69/72
[train] step 457: T=1549 positions=16 loss=1.6228 ce=3.1764 tv=0.4565 conf=2.1595 grad_norm=6.0046 tensors_with_grad=69/72
[train] step 458: T=636 positions=16 loss=0.3710 ce=1.0614 tv=0.2652 conf=2.2205 grad_norm=6.1973 tensors_with_grad=69/72
[train] step 459: T=899 positions=16 loss=0.9429 ce=1.8088 tv=0.2672 conf=1.1384 grad_norm=2.6724 tensors_with_grad=69/72
[train] step 460: T=611 positions=16 loss=0.1027 ce=0.3841 tv=0.1073 conf=0.5988 grad_norm=1.6967 tensors_with_grad=69/72
[train] step 461: T=533 positions=16 loss=0.4057 ce=0.7791 tv=0.1790 conf=0.9270 grad_norm=2.7602 tensors_with_grad=69/72
[train] step 462: T=567 positions=16 loss=1.1349 ce=2.4379 tv=0.4151 conf=2.2534 grad_norm=6.0840 tensors_with_grad=69/72
[train] step 463: T=539 positions=16 loss=0.1239 ce=0.2714 tv=0.0832 conf=0.4848 grad_norm=1.1735 tensors_with_grad=69/72
[train] step 464: T=539 positions=16 loss=0.0933 ce=0.2156 tv=0.0917 conf=0.5333 grad_norm=1.6877 tensors_with_grad=69/72
[train] step 465: T=663 positions=16 loss=0.6104 ce=1.0686 tv=0.2671 conf=1.1822 grad_norm=4.3599 tensors_with_grad=69/72
[train] step 466: T=601 positions=16 loss=0.6720 ce=1.5884 tv=0.3066 conf=1.2444 grad_norm=3.4896 tensors_with_grad=69/72
[train] step 467: T=532 positions=16 loss=0.3898 ce=0.6887 tv=0.1492 conf=0.3624 grad_norm=3.5525 tensors_with_grad=69/72
[train] step 468: T=575 positions=16 loss=0.8581 ce=1.6884 tv=0.4030 conf=1.5604 grad_norm=3.4846 tensors_with_grad=69/72
[train] step 469: T=542 positions=16 loss=0.1771 ce=0.5088 tv=0.1663 conf=1.3001 grad_norm=2.9163 tensors_with_grad=69/72
[train] step 470: T=1125 positions=16 loss=0.8360 ce=1.9629 tv=0.3254 conf=2.8363 grad_norm=3.9518 tensors_with_grad=69/72
[train] step 471: T=586 positions=16 loss=0.6658 ce=1.8924 tv=0.3327 conf=1.1482 grad_norm=4.1173 tensors_with_grad=69/72
[train] step 472: T=576 positions=16 loss=0.2687 ce=0.7312 tv=0.2057 conf=1.0730 grad_norm=3.5053 tensors_with_grad=69/72
[train] step 473: T=534 positions=16 loss=0.3552 ce=0.7977 tv=0.2305 conf=1.8583 grad_norm=3.0066 tensors_with_grad=69/72
[train] step 474: T=535 positions=16 loss=0.6227 ce=1.5024 tv=0.2659 conf=0.8067 grad_norm=4.1509 tensors_with_grad=69/72
[train] step 475: T=663 positions=16 loss=1.0091 ce=1.8257 tv=0.4736 conf=2.0464 grad_norm=4.7155 tensors_with_grad=69/72
[train] step 476: T=593 positions=16 loss=1.0975 ce=2.5745 tv=0.3344 conf=1.4193 grad_norm=9.6426 tensors_with_grad=69/72
[train] step 477: T=672 positions=16 loss=1.6057 ce=2.9531 tv=0.5144 conf=1.5390 grad_norm=6.3657 tensors_with_grad=69/72
[train] step 478: T=572 positions=16 loss=1.2394 ce=2.2062 tv=0.4114 conf=1.7147 grad_norm=6.1213 tensors_with_grad=69/72
[train] step 479: T=672 positions=16 loss=1.0276 ce=1.8305 tv=0.4091 conf=1.7932 grad_norm=4.7572 tensors_with_grad=69/72
[train] step 480: T=557 positions=16 loss=0.4088 ce=0.7756 tv=0.1819 conf=1.0663 grad_norm=4.0969 tensors_with_grad=69/72
[train] step 481: T=676 positions=16 loss=1.0976 ce=2.1261 tv=0.3932 conf=1.3784 grad_norm=3.0781 tensors_with_grad=69/72
[train] step 482: T=676 positions=16 loss=1.2126 ce=2.2420 tv=0.4426 conf=1.5174 grad_norm=3.1756 tensors_with_grad=69/72
[train] step 483: T=526 positions=16 loss=1.2899 ce=2.1428 tv=0.4886 conf=1.5858 grad_norm=9.2049 tensors_with_grad=69/72
[train] step 484: T=585 positions=16 loss=0.7915 ce=1.2473 tv=0.2494 conf=0.9516 grad_norm=6.2650 tensors_with_grad=69/72
[train] step 485: T=542 positions=16 loss=0.4319 ce=1.0198 tv=0.2919 conf=0.9448 grad_norm=4.4080 tensors_with_grad=69/72
[train] step 486: T=572 positions=16 loss=0.7187 ce=1.4168 tv=0.2588 conf=0.9594 grad_norm=4.8768 tensors_with_grad=69/72
[train] step 487: T=567 positions=16 loss=1.2248 ce=2.3921 tv=0.4309 conf=1.8875 grad_norm=5.8225 tensors_with_grad=69/72
[train] step 488: T=591 positions=16 loss=0.3503 ce=1.3323 tv=0.2445 conf=1.4102 grad_norm=10.1093 tensors_with_grad=69/72
[train] step 489: T=536 positions=16 loss=0.0191 ce=0.1010 tv=0.0350 conf=0.3026 grad_norm=0.1945 tensors_with_grad=69/72
[diag] draft-argmax == TARGET-argmax : 68.0%  | == ground-truth token: 67.4%
[diag] mean top-1 prob  target 0.840  draft 0.747   (TV near 1 with a PEAKED draft => misalignment; with a FLAT draft => genuine)
[train] saved 72 trained tensors -> /cap/auto-anchorpow1p5/c2/trained/mtp_trained.safetensors
[train] saved AdamW state -> /cap/auto-anchorpow1p5/c2/trained/opt_state.pt (needed for --resume to be equivalent to one continuous run)
[train] metrics -> /cap/auto-anchorpow1p5/c2/train_metrics.json  (loss 0.6185 -> 0.0191, tail mean 0.6864)
[train] TRAIN OK
