[train] device=cuda torch=2.10.0
  loading model-00046-of-00048.safetensors ...
  loading model-00047-of-00048.safetensors ...
  loading model-00048-of-00048.safetensors ...
  dequantised 1512 tensors, 12.60 B params, 23.5 GiB bf16
[train] weights ready in 8.8s
[train] trainable 517.3 M in 72 tensors | frozen experts 12.08 B
[train] capture: 490 sample(s)
[Gloo] Rank 0 is connected to 0 peer ranks. Expected number of connected peer ranks is : 0
[train] ModelArgs: n_mtp=3 block=5 taps=[40, 41, 42] markov_rank=256
[train] built 3 DSparkBlock(s) on meta
[train] re-materialised freqs_cis on 3 attention module(s) (persistent=False buffers are NOT in state_dict and to_empty() zapped them)
[train] load_state_dict: 0 missing, 0 unexpected
[train] GATE1 model construction OK
[train] aux: embed.weight(129280, 4096), head.weight(129280, 4096)
[train] trainable tensors in graph: 72 / 517.3 M
[train] resumed 72/72 trained tensors from /cap/s3recap-conf1.0/c2/trained/mtp_trained.safetensors
[train] resumed AdamW state: 69/72 tensors carry moments (3 never received a gradient, expected), indices aligned
[train] P2.5 anchor: frozen copy of 3 block(s), beta=0.1
[train] lr schedule: linear warmup 24 step(s) -> cosine over 490 session step(s), peak 0; this chunk is steps 0..489
/work/train/train_head.py:115: UserWarning: Converting a tensor with requires_grad=True to a scalar may lead to unexpected behavior.
Consider using tensor.detach() first. (Triggered internally at /opt/pytorch/torch/csrc/autograd/generated/python_variable_methods.cpp:836.)
  parts = {"ce": float((w * ce).sum()), "tv": float((w * tv).sum()), "conf": 0.0}
[train] step 0: T=527 positions=16 loss=1.4746 ce=3.1299 tv=0.4417 conf=0.5479 grad_norm=11.2573 tensors_with_grad=69/72
[train] step 1: T=616 positions=16 loss=1.4556 ce=2.9742 tv=0.3735 conf=0.4657 grad_norm=9.7084 tensors_with_grad=69/72
[train] step 2: T=533 positions=16 loss=1.6239 ce=3.0517 tv=0.4106 conf=0.4563 grad_norm=12.8516 tensors_with_grad=69/72
[train] step 3: T=626 positions=16 loss=0.8112 ce=1.7778 tv=0.2509 conf=0.3605 grad_norm=8.7188 tensors_with_grad=69/72
[train] step 4: T=638 positions=16 loss=1.1310 ce=2.8908 tv=0.2550 conf=0.4057 grad_norm=7.5936 tensors_with_grad=69/72
[train] step 5: T=535 positions=16 loss=1.1089 ce=2.4304 tv=0.2640 conf=0.4337 grad_norm=10.3961 tensors_with_grad=69/72
[train] step 6: T=1429 positions=16 loss=2.9733 ce=5.6585 tv=0.5275 conf=0.5364 grad_norm=16.4453 tensors_with_grad=69/72
[train] step 7: T=675 positions=16 loss=1.9810 ce=3.7955 tv=0.4112 conf=0.3887 grad_norm=13.5902 tensors_with_grad=69/72
[train] step 8: T=529 positions=16 loss=2.6494 ce=6.0723 tv=0.5380 conf=0.4402 grad_norm=13.2993 tensors_with_grad=69/72
[train] step 9: T=673 positions=16 loss=1.5484 ce=2.9678 tv=0.4132 conf=0.4572 grad_norm=11.0715 tensors_with_grad=69/72
[train] step 10: T=622 positions=16 loss=0.4248 ce=0.6664 tv=0.1895 conf=0.3762 grad_norm=4.0077 tensors_with_grad=69/72
[train] step 11: T=630 positions=16 loss=1.9750 ce=3.8980 tv=0.4650 conf=0.4356 grad_norm=16.3718 tensors_with_grad=69/72
[train] step 12: T=586 positions=16 loss=2.2642 ce=4.0687 tv=0.4893 conf=0.6230 grad_norm=20.8762 tensors_with_grad=69/72
[train] step 13: T=535 positions=16 loss=2.3707 ce=4.3262 tv=0.5826 conf=0.5553 grad_norm=15.5955 tensors_with_grad=69/72
[train] step 14: T=625 positions=16 loss=1.1658 ce=3.3998 tv=0.3845 conf=0.4727 grad_norm=6.8611 tensors_with_grad=69/72
[train] step 15: T=535 positions=16 loss=0.7606 ce=1.4454 tv=0.2477 conf=0.4199 grad_norm=6.4999 tensors_with_grad=69/72
[train] step 16: T=553 positions=16 loss=1.4342 ce=3.0222 tv=0.3352 conf=0.5321 grad_norm=13.4311 tensors_with_grad=69/72
[train] step 17: T=532 positions=16 loss=0.5369 ce=1.0433 tv=0.2032 conf=0.5004 grad_norm=4.3434 tensors_with_grad=69/72
[train] step 18: T=536 positions=16 loss=0.2223 ce=0.4827 tv=0.0892 conf=0.3959 grad_norm=3.2581 tensors_with_grad=69/72
[train] step 19: T=896 positions=16 loss=2.4280 ce=4.8566 tv=0.4785 conf=0.3865 grad_norm=12.6839 tensors_with_grad=69/72
[train] step 20: T=544 positions=16 loss=1.8353 ce=3.3866 tv=0.3186 conf=0.5447 grad_norm=24.0788 tensors_with_grad=69/72
[train] step 21: T=581 positions=16 loss=0.9971 ce=2.2498 tv=0.3220 conf=0.3759 grad_norm=7.3125 tensors_with_grad=69/72
[train] step 22: T=672 positions=16 loss=2.3189 ce=3.9617 tv=0.5368 conf=0.5941 grad_norm=19.5835 tensors_with_grad=69/72
[train] step 23: T=587 positions=16 loss=0.6264 ce=1.4594 tv=0.1887 conf=0.4858 grad_norm=5.3357 tensors_with_grad=69/72
[train] step 24: T=674 positions=16 loss=1.9381 ce=3.9104 tv=0.4673 conf=0.4457 grad_norm=13.7531 tensors_with_grad=69/72
[train] step 25: T=563 positions=16 loss=0.8510 ce=1.7721 tv=0.2112 conf=0.2008 grad_norm=7.6608 tensors_with_grad=69/72
[train] step 26: T=566 positions=16 loss=2.1566 ce=4.5054 tv=0.4381 conf=0.3396 grad_norm=13.3089 tensors_with_grad=69/72
[train] step 27: T=612 positions=16 loss=1.2623 ce=1.9466 tv=0.3286 conf=0.5228 grad_norm=28.0603 tensors_with_grad=69/72
[train] step 28: T=673 positions=16 loss=1.0512 ce=1.8563 tv=0.2866 conf=0.5952 grad_norm=10.4869 tensors_with_grad=69/72
[train] step 29: T=537 positions=16 loss=2.6654 ce=4.2373 tv=0.5803 conf=0.5459 grad_norm=15.3316 tensors_with_grad=69/72
[train] step 30: T=657 positions=16 loss=0.8322 ce=1.8006 tv=0.2612 conf=0.4932 grad_norm=6.5755 tensors_with_grad=69/72
[train] step 31: T=595 positions=16 loss=0.7863 ce=1.3246 tv=0.1780 conf=0.6109 grad_norm=13.7810 tensors_with_grad=69/72
[train] step 32: T=970 positions=16 loss=2.4857 ce=4.7158 tv=0.4888 conf=0.3085 grad_norm=15.8840 tensors_with_grad=69/72
[train] step 33: T=1741 positions=16 loss=3.8223 ce=7.8634 tv=0.6738 conf=0.3189 grad_norm=20.4913 tensors_with_grad=69/72
[train] step 34: T=574 positions=16 loss=2.6438 ce=5.0759 tv=0.5870 conf=0.3509 grad_norm=17.9167 tensors_with_grad=69/72
[train] step 35: T=581 positions=16 loss=1.5994 ce=3.2301 tv=0.3630 conf=0.3473 grad_norm=11.4691 tensors_with_grad=69/72
[train] step 36: T=563 positions=16 loss=1.4973 ce=2.9536 tv=0.3659 conf=0.3914 grad_norm=12.3992 tensors_with_grad=69/72
[train] step 37: T=534 positions=16 loss=0.1447 ce=0.3651 tv=0.1151 conf=0.4649 grad_norm=1.9762 tensors_with_grad=69/72
[train] step 38: T=645 positions=16 loss=2.6927 ce=5.2078 tv=0.6103 conf=0.6899 grad_norm=11.8284 tensors_with_grad=69/72
[train] step 39: T=672 positions=16 loss=2.1897 ce=3.9827 tv=0.4523 conf=0.6200 grad_norm=26.1172 tensors_with_grad=69/72
[train] step 40: T=578 positions=16 loss=1.3357 ce=2.3213 tv=0.3382 conf=0.5913 grad_norm=11.1641 tensors_with_grad=69/72
[train] step 41: T=527 positions=16 loss=2.1809 ce=4.5195 tv=0.4518 conf=0.5172 grad_norm=11.7216 tensors_with_grad=69/72
[train] step 42: T=645 positions=16 loss=1.1885 ce=2.5469 tv=0.3181 conf=0.3202 grad_norm=12.7218 tensors_with_grad=69/72
[train] step 43: T=1008 positions=16 loss=1.9899 ce=4.7008 tv=0.3786 conf=0.3875 grad_norm=12.0257 tensors_with_grad=69/72
[train] step 44: T=676 positions=16 loss=1.0769 ce=2.4515 tv=0.3174 conf=0.4204 grad_norm=10.3691 tensors_with_grad=69/72
[train] step 45: T=674 positions=16 loss=1.9345 ce=3.7515 tv=0.4869 conf=0.4584 grad_norm=8.8847 tensors_with_grad=69/72
[train] step 46: T=528 positions=16 loss=2.2272 ce=3.7440 tv=0.5278 conf=0.5360 grad_norm=20.9261 tensors_with_grad=69/72
[train] step 47: T=538 positions=16 loss=1.8950 ce=3.6659 tv=0.4304 conf=0.4599 grad_norm=8.8028 tensors_with_grad=69/72
[train] step 48: T=572 positions=16 loss=1.9127 ce=4.0101 tv=0.4695 conf=0.4027 grad_norm=14.5267 tensors_with_grad=69/72
[train] step 49: T=536 positions=16 loss=1.0469 ce=2.0261 tv=0.2795 conf=0.6700 grad_norm=12.0089 tensors_with_grad=69/72
[train] step 50: T=673 positions=16 loss=2.4959 ce=4.5275 tv=0.5814 conf=0.4212 grad_norm=12.5476 tensors_with_grad=69/72
[train] step 51: T=603 positions=16 loss=0.5612 ce=1.7535 tv=0.1613 conf=0.4166 grad_norm=4.1376 tensors_with_grad=69/72
[train] step 52: T=532 positions=16 loss=1.2752 ce=2.3199 tv=0.3050 conf=0.3952 grad_norm=11.3320 tensors_with_grad=69/72
[train] step 53: T=618 positions=16 loss=1.0779 ce=2.1290 tv=0.3416 conf=0.5832 grad_norm=8.4118 tensors_with_grad=69/72
[train] step 54: T=539 positions=16 loss=0.6586 ce=1.1596 tv=0.2200 conf=0.6610 grad_norm=13.5960 tensors_with_grad=69/72
[train] step 55: T=569 positions=16 loss=1.6995 ce=3.2295 tv=0.3803 conf=0.4542 grad_norm=14.8248 tensors_with_grad=69/72
[train] step 56: T=589 positions=16 loss=2.1106 ce=4.0070 tv=0.5637 conf=0.5531 grad_norm=11.8622 tensors_with_grad=69/72
[train] step 57: T=653 positions=16 loss=2.7482 ce=5.9339 tv=0.5539 conf=0.4921 grad_norm=10.7135 tensors_with_grad=69/72
[train] step 58: T=675 positions=16 loss=1.9522 ce=4.0476 tv=0.4783 conf=0.4745 grad_norm=15.9739 tensors_with_grad=69/72
[train] step 59: T=599 positions=16 loss=2.9128 ce=7.2617 tv=0.5530 conf=0.4152 grad_norm=14.9578 tensors_with_grad=69/72
[train] step 60: T=901 positions=16 loss=1.7818 ce=4.0011 tv=0.4211 conf=0.3149 grad_norm=8.4969 tensors_with_grad=69/72
[train] step 61: T=597 positions=16 loss=0.6310 ce=1.1548 tv=0.1652 conf=0.4923 grad_norm=7.3041 tensors_with_grad=69/72
[train] step 62: T=613 positions=16 loss=0.1865 ce=0.3962 tv=0.1413 conf=0.5506 grad_norm=2.8069 tensors_with_grad=69/72
[train] step 63: T=546 positions=16 loss=1.0158 ce=1.8224 tv=0.2874 conf=0.4928 grad_norm=6.7505 tensors_with_grad=69/72
[train] step 64: T=535 positions=16 loss=0.1436 ce=0.3509 tv=0.1185 conf=0.3915 grad_norm=2.9435 tensors_with_grad=69/72
[train] step 65: T=527 positions=16 loss=2.6103 ce=4.2800 tv=0.6230 conf=0.3563 grad_norm=14.2537 tensors_with_grad=69/72
[train] step 66: T=672 positions=16 loss=2.7036 ce=4.8785 tv=0.6113 conf=0.4287 grad_norm=16.6914 tensors_with_grad=69/72
[train] step 67: T=535 positions=16 loss=2.2537 ce=4.4211 tv=0.5747 conf=0.5991 grad_norm=15.5943 tensors_with_grad=69/72
[train] step 68: T=629 positions=16 loss=1.8973 ce=3.2641 tv=0.4684 conf=0.5263 grad_norm=12.3214 tensors_with_grad=69/72
[train] step 69: T=529 positions=16 loss=1.5620 ce=2.9480 tv=0.3550 conf=0.5621 grad_norm=18.1620 tensors_with_grad=69/72
[train] step 70: T=544 positions=16 loss=0.3653 ce=0.8379 tv=0.1270 conf=0.3950 grad_norm=11.1785 tensors_with_grad=69/72
[train] step 71: T=1433 positions=16 loss=3.1389 ce=6.2595 tv=0.6053 conf=0.4736 grad_norm=16.5362 tensors_with_grad=69/72
[train] step 72: T=528 positions=16 loss=2.0413 ce=3.8738 tv=0.4267 conf=0.3973 grad_norm=14.7002 tensors_with_grad=69/72
[train] step 73: T=674 positions=16 loss=1.8949 ce=3.8549 tv=0.5020 conf=0.4016 grad_norm=10.8369 tensors_with_grad=69/72
[train] step 74: T=527 positions=16 loss=1.1513 ce=2.2315 tv=0.3264 conf=0.6173 grad_norm=8.1125 tensors_with_grad=69/72
[train] step 75: T=642 positions=16 loss=2.0379 ce=4.2533 tv=0.4961 conf=0.5801 grad_norm=10.3656 tensors_with_grad=69/72
[train] step 76: T=598 positions=16 loss=0.6027 ce=1.2953 tv=0.1790 conf=0.3904 grad_norm=4.1298 tensors_with_grad=69/72
[train] step 77: T=933 positions=16 loss=1.9241 ce=3.6337 tv=0.4677 conf=0.4328 grad_norm=9.0865 tensors_with_grad=69/72
[train] step 78: T=653 positions=16 loss=2.7290 ce=5.6400 tv=0.6007 conf=0.6196 grad_norm=25.4192 tensors_with_grad=69/72
[train] step 79: T=655 positions=16 loss=1.5564 ce=3.4784 tv=0.4178 conf=0.5037 grad_norm=10.6252 tensors_with_grad=69/72
[train] step 80: T=585 positions=16 loss=0.6707 ce=1.4825 tv=0.2029 conf=0.5217 grad_norm=6.3034 tensors_with_grad=69/72
[train] step 81: T=641 positions=16 loss=2.6265 ce=4.9435 tv=0.6141 conf=0.4473 grad_norm=17.8538 tensors_with_grad=69/72
[train] step 82: T=532 positions=16 loss=1.3240 ce=2.5854 tv=0.3112 conf=0.3948 grad_norm=10.9254 tensors_with_grad=69/72
[train] step 83: T=526 positions=16 loss=2.5841 ce=4.6695 tv=0.5826 conf=0.5001 grad_norm=13.0338 tensors_with_grad=69/72
[train] step 84: T=590 positions=16 loss=0.9810 ce=1.8243 tv=0.3064 conf=0.5092 grad_norm=9.2933 tensors_with_grad=69/72
[train] step 85: T=527 positions=16 loss=2.0074 ce=4.0487 tv=0.4993 conf=0.5952 grad_norm=10.6117 tensors_with_grad=69/72
[train] step 86: T=838 positions=16 loss=1.7811 ce=3.4171 tv=0.4948 conf=0.4258 grad_norm=9.3335 tensors_with_grad=69/72
[train] step 87: T=528 positions=16 loss=0.6860 ce=1.3708 tv=0.2224 conf=0.3967 grad_norm=5.3617 tensors_with_grad=69/72
[train] step 88: T=594 positions=16 loss=1.0673 ce=1.9841 tv=0.2482 conf=0.4384 grad_norm=9.0150 tensors_with_grad=69/72
[train] step 89: T=634 positions=16 loss=0.9339 ce=1.9127 tv=0.2757 conf=0.5669 grad_norm=6.7610 tensors_with_grad=69/72
[train] step 90: T=558 positions=16 loss=1.6689 ce=3.0531 tv=0.4152 conf=0.5296 grad_norm=15.6454 tensors_with_grad=69/72
[train] step 91: T=649 positions=16 loss=1.3370 ce=2.7900 tv=0.3415 conf=0.5555 grad_norm=11.6973 tensors_with_grad=69/72
[train] step 92: T=1085 positions=16 loss=1.8942 ce=3.7644 tv=0.3908 conf=0.3993 grad_norm=15.0933 tensors_with_grad=69/72
[train] step 93: T=575 positions=16 loss=1.0074 ce=2.1007 tv=0.2868 conf=0.5152 grad_norm=6.9530 tensors_with_grad=69/72
[train] step 94: T=611 positions=16 loss=0.6659 ce=1.4374 tv=0.2402 conf=0.4036 grad_norm=4.0312 tensors_with_grad=69/72
[train] step 95: T=529 positions=16 loss=2.4997 ce=4.5870 tv=0.6158 conf=0.4166 grad_norm=9.9261 tensors_with_grad=69/72
[train] step 96: T=526 positions=16 loss=1.8927 ce=4.0882 tv=0.4123 conf=0.3957 grad_norm=11.2891 tensors_with_grad=69/72
[train] step 97: T=576 positions=16 loss=1.3091 ce=2.6410 tv=0.3508 conf=0.4568 grad_norm=8.0544 tensors_with_grad=69/72
[train] step 98: T=674 positions=16 loss=2.3832 ce=4.5838 tv=0.5116 conf=0.4493 grad_norm=14.5115 tensors_with_grad=69/72
[train] step 99: T=535 positions=16 loss=0.7052 ce=1.3464 tv=0.2788 conf=0.4775 grad_norm=5.6949 tensors_with_grad=69/72
[train] step 100: T=975 positions=16 loss=2.4467 ce=5.5298 tv=0.4888 conf=0.4495 grad_norm=8.2135 tensors_with_grad=69/72
[train] step 101: T=1794 positions=16 loss=3.1101 ce=6.2237 tv=0.6321 conf=0.3621 grad_norm=16.8521 tensors_with_grad=69/72
[train] step 102: T=532 positions=16 loss=1.6964 ce=2.6203 tv=0.4714 conf=0.6046 grad_norm=23.7509 tensors_with_grad=69/72
[train] step 103: T=552 positions=16 loss=1.5097 ce=3.4682 tv=0.3685 conf=0.4660 grad_norm=12.5490 tensors_with_grad=69/72
[train] step 104: T=541 positions=16 loss=1.6881 ce=3.7128 tv=0.4067 conf=0.4627 grad_norm=9.7684 tensors_with_grad=69/72
[train] step 105: T=678 positions=16 loss=1.2791 ce=2.6528 tv=0.3146 conf=0.4486 grad_norm=19.3911 tensors_with_grad=69/72
[train] step 106: T=527 positions=16 loss=2.5704 ce=5.9430 tv=0.5756 conf=0.4439 grad_norm=15.0435 tensors_with_grad=69/72
[train] step 107: T=648 positions=16 loss=1.9687 ce=4.1789 tv=0.5168 conf=0.5979 grad_norm=9.5707 tensors_with_grad=69/72
[train] step 108: T=543 positions=16 loss=0.7738 ce=1.1479 tv=0.1883 conf=0.3969 grad_norm=18.1903 tensors_with_grad=69/72
[train] step 109: T=920 positions=16 loss=2.7749 ce=6.0970 tv=0.5800 conf=0.4545 grad_norm=12.4794 tensors_with_grad=69/72
[train] step 110: T=672 positions=16 loss=1.6041 ce=3.4443 tv=0.4194 conf=0.4502 grad_norm=8.3842 tensors_with_grad=69/72
[train] step 111: T=882 positions=16 loss=1.7559 ce=3.8210 tv=0.4299 conf=0.3347 grad_norm=10.3467 tensors_with_grad=69/72
[train] step 112: T=528 positions=16 loss=0.7677 ce=1.0724 tv=0.2481 conf=0.5423 grad_norm=13.4264 tensors_with_grad=69/72
[train] step 113: T=674 positions=16 loss=2.6390 ce=5.8328 tv=0.5579 conf=0.3998 grad_norm=22.3935 tensors_with_grad=69/72
[train] step 114: T=533 positions=16 loss=0.7333 ce=1.2311 tv=0.2004 conf=0.3689 grad_norm=10.7880 tensors_with_grad=69/72
[train] step 115: T=623 positions=16 loss=2.3495 ce=5.0145 tv=0.4633 conf=0.7405 grad_norm=19.9658 tensors_with_grad=69/72
[train] step 116: T=1190 positions=16 loss=2.4885 ce=5.0200 tv=0.4815 conf=0.3970 grad_norm=11.6321 tensors_with_grad=69/72
[train] step 117: T=627 positions=16 loss=1.3671 ce=2.6611 tv=0.3450 conf=0.4582 grad_norm=7.3225 tensors_with_grad=69/72
[train] step 118: T=638 positions=16 loss=1.9428 ce=3.8080 tv=0.5389 conf=0.4097 grad_norm=8.7798 tensors_with_grad=69/72
[train] step 119: T=605 positions=16 loss=1.6949 ce=3.5217 tv=0.4549 conf=0.4625 grad_norm=17.5328 tensors_with_grad=69/72
[train] step 120: T=664 positions=16 loss=0.8499 ce=1.6163 tv=0.2285 conf=0.3740 grad_norm=9.3657 tensors_with_grad=69/72
[train] step 121: T=530 positions=16 loss=1.8799 ce=4.2340 tv=0.4040 conf=0.3516 grad_norm=11.6886 tensors_with_grad=69/72
[train] step 122: T=541 positions=16 loss=0.5035 ce=1.0574 tv=0.1581 conf=0.3666 grad_norm=11.5974 tensors_with_grad=69/72
[train] step 123: T=533 positions=16 loss=1.0127 ce=2.2079 tv=0.2757 conf=0.3286 grad_norm=7.0362 tensors_with_grad=69/72
[train] step 124: T=616 positions=16 loss=1.4625 ce=3.1812 tv=0.3788 conf=0.5178 grad_norm=9.8029 tensors_with_grad=69/72
[train] step 125: T=672 positions=16 loss=2.8233 ce=4.9000 tv=0.6606 conf=0.4855 grad_norm=11.8684 tensors_with_grad=69/72
[train] step 126: T=524 positions=16 loss=2.1639 ce=4.1533 tv=0.5133 conf=0.4211 grad_norm=11.8243 tensors_with_grad=69/72
[train] step 127: T=1177 positions=16 loss=2.7366 ce=5.3465 tv=0.5658 conf=0.4852 grad_norm=17.5423 tensors_with_grad=69/72
[train] step 128: T=543 positions=16 loss=1.2665 ce=2.4637 tv=0.3559 conf=0.4240 grad_norm=9.2774 tensors_with_grad=69/72
[train] step 129: T=537 positions=16 loss=1.2050 ce=2.0408 tv=0.3138 conf=0.4911 grad_norm=13.0626 tensors_with_grad=69/72
[train] step 130: T=533 positions=16 loss=1.6847 ce=5.0045 tv=0.3864 conf=0.4107 grad_norm=33.0344 tensors_with_grad=69/72
[train] step 131: T=532 positions=16 loss=1.8037 ce=3.3463 tv=0.4705 conf=0.5698 grad_norm=25.5036 tensors_with_grad=69/72
[train] step 132: T=572 positions=16 loss=0.4578 ce=0.7460 tv=0.1487 conf=0.3758 grad_norm=14.8922 tensors_with_grad=69/72
[train] step 133: T=531 positions=16 loss=2.5032 ce=4.6963 tv=0.6056 conf=0.4420 grad_norm=11.8863 tensors_with_grad=69/72
[train] step 134: T=553 positions=16 loss=1.0108 ce=2.1869 tv=0.2382 conf=0.2711 grad_norm=9.1953 tensors_with_grad=69/72
[train] step 135: T=540 positions=16 loss=1.0661 ce=2.3147 tv=0.2919 conf=0.2995 grad_norm=10.7811 tensors_with_grad=69/72
[train] step 136: T=532 positions=16 loss=1.3337 ce=2.8150 tv=0.3227 conf=0.6255 grad_norm=9.0391 tensors_with_grad=69/72
[train] step 137: T=552 positions=16 loss=1.3081 ce=2.3680 tv=0.3029 conf=0.3598 grad_norm=14.8307 tensors_with_grad=69/72
[train] step 138: T=565 positions=16 loss=0.6209 ce=1.1892 tv=0.1967 conf=0.6017 grad_norm=15.2087 tensors_with_grad=69/72
[train] step 139: T=534 positions=16 loss=0.8797 ce=1.9681 tv=0.2834 conf=0.4074 grad_norm=8.0697 tensors_with_grad=69/72
[train] step 140: T=1720 positions=16 loss=2.9120 ce=5.3680 tv=0.6643 conf=0.5004 grad_norm=13.4719 tensors_with_grad=69/72
[train] step 141: T=539 positions=16 loss=1.8090 ce=3.7528 tv=0.4270 conf=0.5850 grad_norm=15.4951 tensors_with_grad=69/72
[train] step 142: T=1793 positions=16 loss=3.1394 ce=7.0857 tv=0.6424 conf=0.4057 grad_norm=13.2068 tensors_with_grad=69/72
[train] step 143: T=581 positions=16 loss=1.8983 ce=2.9779 tv=0.3991 conf=0.4882 grad_norm=24.2360 tensors_with_grad=69/72
[train] step 144: T=1033 positions=16 loss=3.4944 ce=8.1602 tv=0.6468 conf=0.3165 grad_norm=26.2398 tensors_with_grad=69/72
[train] step 145: T=544 positions=16 loss=0.9135 ce=1.8396 tv=0.2414 conf=0.3614 grad_norm=11.7022 tensors_with_grad=69/72
[train] step 146: T=1570 positions=16 loss=3.2390 ce=6.6937 tv=0.6517 conf=0.3660 grad_norm=20.5616 tensors_with_grad=69/72
[train] step 147: T=1007 positions=16 loss=2.1575 ce=4.3516 tv=0.4822 conf=0.4640 grad_norm=10.6704 tensors_with_grad=69/72
[train] step 148: T=656 positions=16 loss=0.9239 ce=2.4236 tv=0.2799 conf=0.4443 grad_norm=8.7664 tensors_with_grad=69/72
[train] step 149: T=605 positions=16 loss=0.9357 ce=2.0179 tv=0.2837 conf=0.4136 grad_norm=13.2892 tensors_with_grad=69/72
[train] step 150: T=1792 positions=16 loss=3.2201 ce=7.1536 tv=0.6265 conf=0.2693 grad_norm=25.6240 tensors_with_grad=69/72
[train] step 151: T=535 positions=16 loss=0.5781 ce=1.1651 tv=0.1111 conf=0.8422 grad_norm=9.2551 tensors_with_grad=69/72
[train] step 152: T=550 positions=16 loss=2.0007 ce=4.2451 tv=0.4338 conf=0.4985 grad_norm=11.2396 tensors_with_grad=69/72
[train] step 153: T=608 positions=16 loss=1.6316 ce=2.9874 tv=0.4197 conf=0.4819 grad_norm=13.4720 tensors_with_grad=69/72
[train] step 154: T=901 positions=16 loss=1.8404 ce=3.2908 tv=0.3972 conf=0.4101 grad_norm=13.4649 tensors_with_grad=69/72
[train] step 155: T=527 positions=16 loss=2.3447 ce=4.2558 tv=0.5560 conf=0.6650 grad_norm=16.4007 tensors_with_grad=69/72
[train] step 156: T=1058 positions=16 loss=2.0646 ce=4.1299 tv=0.4818 conf=0.5572 grad_norm=27.6687 tensors_with_grad=69/72
[train] step 157: T=629 positions=16 loss=0.7966 ce=1.7778 tv=0.2693 conf=0.3865 grad_norm=7.4502 tensors_with_grad=69/72
[train] step 158: T=532 positions=16 loss=0.7469 ce=1.5839 tv=0.2113 conf=0.4013 grad_norm=8.8266 tensors_with_grad=69/72
[train] step 159: T=674 positions=16 loss=1.9373 ce=3.5418 tv=0.4903 conf=0.4958 grad_norm=10.9873 tensors_with_grad=69/72
[train] step 160: T=546 positions=16 loss=0.6917 ce=1.0928 tv=0.2281 conf=0.4335 grad_norm=6.9799 tensors_with_grad=69/72
[train] step 161: T=574 positions=16 loss=1.4041 ce=2.3100 tv=0.3229 conf=0.6290 grad_norm=9.3665 tensors_with_grad=69/72
[train] step 162: T=675 positions=16 loss=1.7936 ce=3.8930 tv=0.4290 conf=0.5164 grad_norm=16.0086 tensors_with_grad=69/72
[train] step 163: T=549 positions=16 loss=1.2612 ce=2.3185 tv=0.3446 conf=0.4424 grad_norm=8.1671 tensors_with_grad=69/72
[train] step 164: T=671 positions=16 loss=1.8727 ce=3.5535 tv=0.5059 conf=0.6072 grad_norm=12.7988 tensors_with_grad=69/72
[train] step 165: T=609 positions=16 loss=1.2830 ce=2.0949 tv=0.4084 conf=0.4884 grad_norm=9.2511 tensors_with_grad=69/72
[train] step 166: T=570 positions=16 loss=2.4258 ce=5.0745 tv=0.4998 conf=0.4453 grad_norm=15.4881 tensors_with_grad=69/72
[train] step 167: T=540 positions=16 loss=0.8945 ce=1.7081 tv=0.2722 conf=0.4046 grad_norm=7.0443 tensors_with_grad=69/72
[train] step 168: T=618 positions=16 loss=1.4057 ce=2.8454 tv=0.3293 conf=0.5081 grad_norm=9.0544 tensors_with_grad=69/72
[train] step 169: T=524 positions=16 loss=2.5943 ce=5.2494 tv=0.6001 conf=0.5020 grad_norm=20.9585 tensors_with_grad=69/72
[train] step 170: T=673 positions=16 loss=2.1543 ce=4.3170 tv=0.5065 conf=0.6236 grad_norm=15.6365 tensors_with_grad=69/72
[train] step 171: T=526 positions=16 loss=0.8641 ce=1.5321 tv=0.2704 conf=0.4401 grad_norm=7.2632 tensors_with_grad=69/72
[train] step 172: T=531 positions=16 loss=1.2572 ce=3.0144 tv=0.3167 conf=0.3422 grad_norm=8.1932 tensors_with_grad=69/72
[train] step 173: T=536 positions=16 loss=0.7663 ce=1.7405 tv=0.2521 conf=0.4061 grad_norm=10.8167 tensors_with_grad=69/72
[train] step 174: T=601 positions=16 loss=0.7333 ce=1.4901 tv=0.2363 conf=0.3555 grad_norm=6.5442 tensors_with_grad=69/72
[train] step 175: T=647 positions=16 loss=2.2951 ce=4.4221 tv=0.5458 conf=0.5907 grad_norm=14.0419 tensors_with_grad=69/72
[train] step 176: T=532 positions=16 loss=1.0114 ce=1.9478 tv=0.3337 conf=0.4732 grad_norm=6.1284 tensors_with_grad=69/72
[train] step 177: T=544 positions=16 loss=1.0409 ce=2.1521 tv=0.2485 conf=0.3879 grad_norm=21.9593 tensors_with_grad=69/72
[train] step 178: T=673 positions=16 loss=2.2848 ce=4.0065 tv=0.5609 conf=0.5504 grad_norm=29.0066 tensors_with_grad=69/72
[train] step 179: T=593 positions=16 loss=0.9535 ce=1.1358 tv=0.2469 conf=0.4063 grad_norm=13.5947 tensors_with_grad=69/72
[train] step 180: T=568 positions=16 loss=0.7387 ce=1.5998 tv=0.1805 conf=0.5489 grad_norm=8.2956 tensors_with_grad=69/72
[train] step 181: T=589 positions=16 loss=0.5133 ce=1.1904 tv=0.1930 conf=0.4226 grad_norm=3.4997 tensors_with_grad=69/72
[train] step 182: T=526 positions=16 loss=1.3119 ce=2.3758 tv=0.3019 conf=0.5083 grad_norm=8.3841 tensors_with_grad=69/72
[train] step 183: T=538 positions=16 loss=0.3273 ce=0.7133 tv=0.1137 conf=0.3007 grad_norm=5.1962 tensors_with_grad=69/72
[train] step 184: T=1365 positions=16 loss=2.6838 ce=5.4356 tv=0.5468 conf=0.5345 grad_norm=12.6952 tensors_with_grad=69/72
[train] step 185: T=533 positions=16 loss=1.2628 ce=2.8592 tv=0.3033 conf=0.4045 grad_norm=12.9068 tensors_with_grad=69/72
[train] step 186: T=526 positions=16 loss=2.4621 ce=4.4851 tv=0.6198 conf=0.4765 grad_norm=11.6576 tensors_with_grad=69/72
[train] step 187: T=625 positions=16 loss=0.4768 ce=0.7194 tv=0.1572 conf=0.4048 grad_norm=6.9030 tensors_with_grad=69/72
[train] step 188: T=544 positions=16 loss=2.6255 ce=4.7677 tv=0.5570 conf=0.5345 grad_norm=18.1927 tensors_with_grad=69/72
[train] step 189: T=531 positions=16 loss=2.1931 ce=4.5925 tv=0.5361 conf=0.4619 grad_norm=9.6252 tensors_with_grad=69/72
[train] step 190: T=1057 positions=16 loss=1.8744 ce=4.3003 tv=0.4338 conf=0.5040 grad_norm=9.6848 tensors_with_grad=69/72
[train] step 191: T=1004 positions=16 loss=2.7499 ce=5.5262 tv=0.5910 conf=0.4153 grad_norm=14.9122 tensors_with_grad=69/72
[train] step 192: T=673 positions=16 loss=2.3001 ce=4.5137 tv=0.5384 conf=0.5072 grad_norm=12.8941 tensors_with_grad=69/72
[train] step 193: T=541 positions=16 loss=0.4498 ce=1.2265 tv=0.1649 conf=0.2768 grad_norm=6.1654 tensors_with_grad=69/72
[train] step 194: T=531 positions=16 loss=0.4414 ce=0.5751 tv=0.1797 conf=0.6828 grad_norm=19.6466 tensors_with_grad=69/72
[train] step 195: T=561 positions=16 loss=0.4846 ce=0.6300 tv=0.1819 conf=0.3939 grad_norm=7.0269 tensors_with_grad=69/72
[train] step 196: T=535 positions=16 loss=1.3437 ce=2.8732 tv=0.3162 conf=0.4805 grad_norm=9.8282 tensors_with_grad=69/72
[train] step 197: T=571 positions=16 loss=0.9136 ce=1.9322 tv=0.3245 conf=0.3763 grad_norm=7.0770 tensors_with_grad=69/72
[train] step 198: T=672 positions=16 loss=3.2665 ce=5.8843 tv=0.6842 conf=0.4516 grad_norm=14.2606 tensors_with_grad=69/72
[train] step 199: T=540 positions=16 loss=0.5731 ce=1.0925 tv=0.1540 conf=0.3658 grad_norm=9.8676 tensors_with_grad=69/72
[train] step 200: T=532 positions=16 loss=0.1673 ce=0.3165 tv=0.0768 conf=0.3173 grad_norm=2.3224 tensors_with_grad=69/72
[train] step 201: T=676 positions=16 loss=2.3279 ce=4.6374 tv=0.5766 conf=0.3790 grad_norm=20.7675 tensors_with_grad=69/72
[train] step 202: T=838 positions=16 loss=1.7960 ce=3.6847 tv=0.4305 conf=0.4156 grad_norm=11.1675 tensors_with_grad=69/72
[train] step 203: T=583 positions=16 loss=1.8612 ce=3.6777 tv=0.4421 conf=0.3586 grad_norm=11.8363 tensors_with_grad=69/72
[train] step 204: T=527 positions=16 loss=1.1042 ce=1.8559 tv=0.2816 conf=0.5454 grad_norm=15.3052 tensors_with_grad=69/72
[train] step 205: T=675 positions=16 loss=1.8320 ce=3.9456 tv=0.4255 conf=0.3289 grad_norm=14.2042 tensors_with_grad=69/72
[train] step 206: T=542 positions=16 loss=1.3678 ce=3.1470 tv=0.3327 conf=0.5373 grad_norm=11.3761 tensors_with_grad=69/72
[train] step 207: T=1211 positions=16 loss=2.4052 ce=4.7979 tv=0.4840 conf=0.4838 grad_norm=12.5839 tensors_with_grad=69/72
[train] step 208: T=527 positions=16 loss=0.3200 ce=0.8169 tv=0.1075 conf=0.2847 grad_norm=4.4054 tensors_with_grad=69/72
[train] step 209: T=1106 positions=16 loss=3.0840 ce=6.8229 tv=0.6007 conf=0.4453 grad_norm=15.4400 tensors_with_grad=69/72
[train] step 210: T=533 positions=16 loss=0.4898 ce=0.9525 tv=0.2052 conf=0.5587 grad_norm=5.5042 tensors_with_grad=69/72
[train] step 211: T=1721 positions=16 loss=2.9743 ce=5.8593 tv=0.6241 conf=0.4203 grad_norm=13.3716 tensors_with_grad=69/72
[train] step 212: T=616 positions=16 loss=0.9415 ce=1.9037 tv=0.2347 conf=0.3965 grad_norm=12.1155 tensors_with_grad=69/72
[train] step 213: T=672 positions=16 loss=2.2926 ce=5.5352 tv=0.5256 conf=0.3920 grad_norm=20.1379 tensors_with_grad=69/72
[train] step 214: T=529 positions=16 loss=2.2944 ce=4.0866 tv=0.5570 conf=0.5914 grad_norm=11.2724 tensors_with_grad=69/72
[train] step 215: T=536 positions=16 loss=0.3505 ce=0.7309 tv=0.1594 conf=0.6922 grad_norm=5.2053 tensors_with_grad=69/72
[train] step 216: T=550 positions=16 loss=1.1962 ce=2.2939 tv=0.3742 conf=0.3915 grad_norm=9.5466 tensors_with_grad=69/72
[train] step 217: T=1223 positions=16 loss=3.3454 ce=6.8137 tv=0.6472 conf=0.4802 grad_norm=13.7326 tensors_with_grad=69/72
[train] step 218: T=528 positions=16 loss=1.5836 ce=2.9227 tv=0.3891 conf=0.6514 grad_norm=20.6252 tensors_with_grad=69/72
[train] step 219: T=535 positions=16 loss=0.5515 ce=1.2684 tv=0.1886 conf=0.4167 grad_norm=6.4749 tensors_with_grad=69/72
[train] step 220: T=580 positions=16 loss=1.2761 ce=2.2621 tv=0.3603 conf=0.5404 grad_norm=10.3369 tensors_with_grad=69/72
[train] step 221: T=533 positions=16 loss=0.1544 ce=0.3488 tv=0.0878 conf=0.2702 grad_norm=2.0419 tensors_with_grad=69/72
[train] step 222: T=531 positions=16 loss=1.1008 ce=2.3309 tv=0.3294 conf=0.4784 grad_norm=8.1299 tensors_with_grad=69/72
[train] step 223: T=577 positions=16 loss=2.0884 ce=4.3147 tv=0.4832 conf=0.5411 grad_norm=14.5462 tensors_with_grad=69/72
[train] step 224: T=583 positions=16 loss=1.9124 ce=4.1413 tv=0.4312 conf=0.4501 grad_norm=15.7131 tensors_with_grad=69/72
[train] step 225: T=673 positions=16 loss=2.1306 ce=4.4974 tv=0.5205 conf=0.4992 grad_norm=13.9990 tensors_with_grad=69/72
[train] step 226: T=672 positions=16 loss=1.3602 ce=3.0094 tv=0.3652 conf=0.4221 grad_norm=10.2186 tensors_with_grad=69/72
[train] step 227: T=1189 positions=16 loss=2.5944 ce=5.3908 tv=0.5571 conf=0.3919 grad_norm=11.8331 tensors_with_grad=69/72
[train] step 228: T=534 positions=16 loss=2.5175 ce=5.4078 tv=0.5926 conf=0.4328 grad_norm=13.0942 tensors_with_grad=69/72
[train] step 229: T=531 positions=16 loss=0.9129 ce=1.9838 tv=0.2562 conf=0.4572 grad_norm=5.2276 tensors_with_grad=69/72
[train] step 230: T=678 positions=16 loss=2.0390 ce=3.8877 tv=0.4565 conf=0.5789 grad_norm=17.2759 tensors_with_grad=69/72
[train] step 231: T=525 positions=16 loss=2.3654 ce=4.8277 tv=0.5280 conf=0.4733 grad_norm=13.0171 tensors_with_grad=69/72
[train] step 232: T=674 positions=16 loss=0.9122 ce=1.8465 tv=0.2739 conf=0.4485 grad_norm=10.0836 tensors_with_grad=69/72
[train] step 233: T=550 positions=16 loss=0.3831 ce=0.9304 tv=0.2196 conf=0.5697 grad_norm=4.0599 tensors_with_grad=69/72
[train] step 234: T=534 positions=16 loss=1.8778 ce=3.0940 tv=0.4381 conf=0.6347 grad_norm=20.2754 tensors_with_grad=69/72
[train] step 235: T=607 positions=16 loss=1.3326 ce=3.0288 tv=0.3550 conf=0.5385 grad_norm=12.1519 tensors_with_grad=69/72
[train] step 236: T=529 positions=16 loss=3.1804 ce=6.2974 tv=0.7344 conf=0.6092 grad_norm=36.3671 tensors_with_grad=69/72
[train] step 237: T=538 positions=16 loss=2.0072 ce=3.7878 tv=0.5666 conf=0.4258 grad_norm=11.8249 tensors_with_grad=69/72
[train] step 238: T=538 positions=16 loss=1.1542 ce=1.9073 tv=0.2918 conf=0.5123 grad_norm=15.1201 tensors_with_grad=69/72
[train] step 239: T=538 positions=16 loss=0.6572 ce=1.4390 tv=0.1786 conf=0.3178 grad_norm=6.1954 tensors_with_grad=69/72
[train] step 240: T=851 positions=16 loss=3.0547 ce=7.0922 tv=0.6597 conf=0.3385 grad_norm=11.8409 tensors_with_grad=69/72
[train] step 241: T=533 positions=16 loss=1.4766 ce=2.6505 tv=0.3741 conf=0.4974 grad_norm=13.1777 tensors_with_grad=69/72
[train] step 242: T=1623 positions=16 loss=2.8159 ce=6.5852 tv=0.5404 conf=0.3612 grad_norm=20.5086 tensors_with_grad=69/72
[train] step 243: T=547 positions=16 loss=1.2648 ce=2.4049 tv=0.3250 conf=0.5099 grad_norm=11.6250 tensors_with_grad=69/72
[train] step 244: T=876 positions=16 loss=2.5582 ce=5.9998 tv=0.4934 conf=0.4233 grad_norm=10.9042 tensors_with_grad=69/72
[train] step 245: T=528 positions=16 loss=1.5777 ce=3.3026 tv=0.3146 conf=0.3965 grad_norm=14.6913 tensors_with_grad=69/72
[train] step 246: T=652 positions=16 loss=2.5801 ce=5.4471 tv=0.5772 conf=0.5266 grad_norm=10.0394 tensors_with_grad=69/72
[train] step 247: T=611 positions=16 loss=0.5486 ce=1.1903 tv=0.2505 conf=0.4242 grad_norm=6.9871 tensors_with_grad=69/72
[train] step 248: T=588 positions=16 loss=0.4860 ce=0.7692 tv=0.1462 conf=0.4840 grad_norm=7.4411 tensors_with_grad=69/72
[train] step 249: T=554 positions=16 loss=1.3437 ce=2.9020 tv=0.3277 conf=0.5260 grad_norm=10.9518 tensors_with_grad=69/72
[train] step 250: T=592 positions=16 loss=2.3470 ce=4.3734 tv=0.4753 conf=0.5056 grad_norm=19.3306 tensors_with_grad=69/72
[train] step 251: T=540 positions=16 loss=0.8729 ce=2.0297 tv=0.2718 conf=0.3805 grad_norm=13.5845 tensors_with_grad=69/72
[train] step 252: T=537 positions=16 loss=1.0340 ce=1.7573 tv=0.3255 conf=0.5549 grad_norm=8.7614 tensors_with_grad=69/72
[train] step 253: T=673 positions=16 loss=0.9507 ce=2.1680 tv=0.2975 conf=0.4672 grad_norm=12.2583 tensors_with_grad=69/72
[train] step 254: T=575 positions=16 loss=0.5970 ce=0.9911 tv=0.2161 conf=0.5512 grad_norm=5.6075 tensors_with_grad=69/72
[train] step 255: T=545 positions=16 loss=2.2758 ce=4.7349 tv=0.4975 conf=0.4600 grad_norm=14.2316 tensors_with_grad=69/72
[train] step 256: T=540 positions=16 loss=0.9539 ce=1.7930 tv=0.2590 conf=0.5214 grad_norm=12.0832 tensors_with_grad=69/72
[train] step 257: T=525 positions=16 loss=1.2945 ce=2.5253 tv=0.3777 conf=0.3813 grad_norm=11.0521 tensors_with_grad=69/72
[train] step 258: T=1002 positions=16 loss=2.5782 ce=6.2966 tv=0.5921 conf=0.5671 grad_norm=14.7680 tensors_with_grad=69/72
[train] step 259: T=599 positions=16 loss=1.0828 ce=2.4717 tv=0.2475 conf=0.3023 grad_norm=7.6332 tensors_with_grad=69/72
[train] step 260: T=566 positions=16 loss=1.0031 ce=1.3964 tv=0.2758 conf=0.5660 grad_norm=29.2770 tensors_with_grad=69/72
[train] step 261: T=542 positions=16 loss=1.3693 ce=3.5536 tv=0.3851 conf=0.5462 grad_norm=7.6239 tensors_with_grad=69/72
[train] step 262: T=571 positions=16 loss=2.2612 ce=5.1471 tv=0.5147 conf=0.3839 grad_norm=14.9110 tensors_with_grad=69/72
[train] step 263: T=551 positions=16 loss=2.3061 ce=4.9402 tv=0.4337 conf=0.5316 grad_norm=17.0495 tensors_with_grad=69/72
[train] step 264: T=557 positions=16 loss=1.7490 ce=3.4020 tv=0.4248 conf=0.5962 grad_norm=11.4512 tensors_with_grad=69/72
[train] step 265: T=1795 positions=16 loss=3.5890 ce=7.8056 tv=0.6632 conf=0.4804 grad_norm=18.8671 tensors_with_grad=69/72
[train] step 266: T=654 positions=16 loss=1.5600 ce=3.0334 tv=0.4109 conf=0.5959 grad_norm=10.2202 tensors_with_grad=69/72
[train] step 267: T=1011 positions=16 loss=2.2927 ce=4.6096 tv=0.4911 conf=0.4404 grad_norm=15.8382 tensors_with_grad=69/72
[train] step 268: T=673 positions=16 loss=1.9688 ce=4.2002 tv=0.5245 conf=0.4197 grad_norm=16.6646 tensors_with_grad=69/72
[train] step 269: T=588 positions=16 loss=1.6445 ce=4.0272 tv=0.4086 conf=0.3569 grad_norm=15.7007 tensors_with_grad=69/72
[train] step 270: T=540 positions=16 loss=1.4315 ce=2.5938 tv=0.3827 conf=0.4509 grad_norm=11.0182 tensors_with_grad=69/72
[train] step 271: T=667 positions=16 loss=0.4803 ce=0.8602 tv=0.2027 conf=0.3696 grad_norm=9.3862 tensors_with_grad=69/72
[train] step 272: T=952 positions=16 loss=2.5173 ce=5.3791 tv=0.5486 conf=0.4816 grad_norm=14.2714 tensors_with_grad=69/72
[train] step 273: T=862 positions=16 loss=2.1301 ce=4.3740 tv=0.4867 conf=0.3657 grad_norm=13.6177 tensors_with_grad=69/72
[train] step 274: T=945 positions=16 loss=3.0776 ce=6.8037 tv=0.6086 conf=0.5304 grad_norm=17.4986 tensors_with_grad=69/72
[train] step 275: T=545 positions=16 loss=1.7530 ce=2.9634 tv=0.4513 conf=0.6107 grad_norm=22.3883 tensors_with_grad=69/72
[train] step 276: T=677 positions=16 loss=1.3259 ce=2.8437 tv=0.3529 conf=0.3603 grad_norm=8.5917 tensors_with_grad=69/72
[train] step 277: T=659 positions=16 loss=1.8695 ce=4.1607 tv=0.4285 conf=0.4177 grad_norm=10.3379 tensors_with_grad=69/72
[train] step 278: T=676 positions=16 loss=1.1719 ce=2.4324 tv=0.3569 conf=0.3951 grad_norm=8.9301 tensors_with_grad=69/72
[train] step 279: T=525 positions=16 loss=1.9943 ce=3.4909 tv=0.5335 conf=0.4871 grad_norm=15.9273 tensors_with_grad=69/72
[train] step 280: T=568 positions=16 loss=2.1409 ce=4.1668 tv=0.4570 conf=0.4338 grad_norm=12.3321 tensors_with_grad=69/72
[train] step 281: T=613 positions=16 loss=1.0044 ce=1.5315 tv=0.2989 conf=0.4711 grad_norm=17.5718 tensors_with_grad=69/72
[train] step 282: T=535 positions=16 loss=0.8388 ce=1.2791 tv=0.2518 conf=0.4599 grad_norm=7.5380 tensors_with_grad=69/72
[train] step 283: T=524 positions=16 loss=2.1087 ce=3.6327 tv=0.4587 conf=0.4442 grad_norm=17.8307 tensors_with_grad=69/72
[train] step 284: T=529 positions=16 loss=1.5036 ce=3.0670 tv=0.4151 conf=0.3884 grad_norm=9.8033 tensors_with_grad=69/72
[train] step 285: T=549 positions=16 loss=0.9910 ce=2.0438 tv=0.2712 conf=0.4519 grad_norm=5.7152 tensors_with_grad=69/72
[train] step 286: T=878 positions=16 loss=2.3594 ce=4.8406 tv=0.5089 conf=0.4038 grad_norm=9.2980 tensors_with_grad=69/72
[train] step 287: T=570 positions=16 loss=1.2709 ce=2.3987 tv=0.3507 conf=0.4559 grad_norm=8.9646 tensors_with_grad=69/72
[train] step 288: T=675 positions=16 loss=1.4367 ce=3.2776 tv=0.3648 conf=0.4990 grad_norm=16.0240 tensors_with_grad=69/72
[train] step 289: T=590 positions=16 loss=2.0802 ce=3.3177 tv=0.4957 conf=0.5473 grad_norm=21.6045 tensors_with_grad=69/72
[train] step 290: T=619 positions=16 loss=0.5733 ce=1.5123 tv=0.2241 conf=0.4820 grad_norm=4.0652 tensors_with_grad=69/72
[train] step 291: T=540 positions=16 loss=0.8276 ce=1.9298 tv=0.2150 conf=0.4275 grad_norm=6.0077 tensors_with_grad=69/72
[train] step 292: T=557 positions=16 loss=2.2772 ce=4.0913 tv=0.5096 conf=0.3879 grad_norm=12.6528 tensors_with_grad=69/72
[train] step 293: T=674 positions=16 loss=2.1849 ce=4.3655 tv=0.5706 conf=0.3547 grad_norm=13.4348 tensors_with_grad=69/72
[train] step 294: T=551 positions=16 loss=1.3352 ce=3.0640 tv=0.2800 conf=0.4067 grad_norm=12.9474 tensors_with_grad=69/72
[train] step 295: T=536 positions=16 loss=1.5349 ce=2.7715 tv=0.4053 conf=0.5754 grad_norm=9.1035 tensors_with_grad=69/72
[train] step 296: T=562 positions=16 loss=1.3578 ce=1.7900 tv=0.2920 conf=0.4705 grad_norm=25.2912 tensors_with_grad=69/72
[train] step 297: T=914 positions=16 loss=2.3323 ce=5.4427 tv=0.4792 conf=0.3985 grad_norm=15.5197 tensors_with_grad=69/72
[train] step 298: T=603 positions=16 loss=1.3137 ce=2.5365 tv=0.3430 conf=0.4902 grad_norm=10.1118 tensors_with_grad=69/72
[train] step 299: T=637 positions=16 loss=1.5360 ce=3.0437 tv=0.3816 conf=0.5137 grad_norm=19.8460 tensors_with_grad=69/72
[train] step 300: T=678 positions=16 loss=2.2183 ce=4.3855 tv=0.5042 conf=0.3820 grad_norm=14.6952 tensors_with_grad=69/72
[train] step 301: T=1167 positions=16 loss=2.7434 ce=5.8419 tv=0.5859 conf=0.5356 grad_norm=18.4265 tensors_with_grad=69/72
[train] step 302: T=590 positions=16 loss=0.1647 ce=0.3497 tv=0.1271 conf=0.3836 grad_norm=8.0888 tensors_with_grad=69/72
[train] step 303: T=539 positions=16 loss=1.0965 ce=2.3490 tv=0.3005 conf=0.4969 grad_norm=10.3989 tensors_with_grad=69/72
[train] step 304: T=1006 positions=16 loss=2.5353 ce=4.7860 tv=0.5310 conf=0.3951 grad_norm=11.2179 tensors_with_grad=69/72
[train] step 305: T=528 positions=16 loss=3.0431 ce=6.3263 tv=0.6274 conf=0.5252 grad_norm=20.9074 tensors_with_grad=69/72
[train] step 306: T=535 positions=16 loss=1.0269 ce=1.9506 tv=0.3757 conf=0.5663 grad_norm=18.5450 tensors_with_grad=69/72
[train] step 307: T=607 positions=16 loss=1.5322 ce=3.0910 tv=0.3534 conf=0.4077 grad_norm=9.9779 tensors_with_grad=69/72
[train] step 308: T=540 positions=16 loss=0.4016 ce=0.7760 tv=0.1616 conf=0.4141 grad_norm=5.2402 tensors_with_grad=69/72
[train] step 309: T=1532 positions=16 loss=1.9563 ce=4.6068 tv=0.4495 conf=0.3431 grad_norm=14.9049 tensors_with_grad=69/72
[train] step 310: T=532 positions=16 loss=1.3214 ce=3.8316 tv=0.2870 conf=0.3705 grad_norm=10.0405 tensors_with_grad=69/72
[train] step 311: T=1716 positions=16 loss=2.9771 ce=6.5308 tv=0.5942 conf=0.4157 grad_norm=11.4357 tensors_with_grad=69/72
[train] step 312: T=545 positions=16 loss=1.7597 ce=3.2590 tv=0.4074 conf=0.5513 grad_norm=18.2406 tensors_with_grad=69/72
[train] step 313: T=606 positions=16 loss=1.6697 ce=3.1991 tv=0.4270 conf=0.3569 grad_norm=20.1635 tensors_with_grad=69/72
[train] step 314: T=582 positions=16 loss=0.8789 ce=1.4546 tv=0.2577 conf=0.3648 grad_norm=10.6032 tensors_with_grad=69/72
[train] step 315: T=615 positions=16 loss=1.9077 ce=4.8724 tv=0.4021 conf=0.4904 grad_norm=11.4130 tensors_with_grad=69/72
[train] step 316: T=534 positions=16 loss=1.2248 ce=2.4879 tv=0.3288 conf=0.5363 grad_norm=9.0391 tensors_with_grad=69/72
[train] step 317: T=542 positions=16 loss=1.4971 ce=2.8200 tv=0.3574 conf=0.3660 grad_norm=12.6100 tensors_with_grad=69/72
[train] step 318: T=626 positions=16 loss=1.2530 ce=2.5971 tv=0.3400 conf=0.3361 grad_norm=9.9877 tensors_with_grad=69/72
[train] step 319: T=525 positions=16 loss=1.5341 ce=3.2971 tv=0.4588 conf=0.3964 grad_norm=8.3587 tensors_with_grad=69/72
[train] step 320: T=627 positions=16 loss=0.3461 ce=0.6362 tv=0.2129 conf=0.7027 grad_norm=9.2333 tensors_with_grad=69/72
[train] step 321: T=641 positions=16 loss=1.5946 ce=3.7614 tv=0.3440 conf=0.4656 grad_norm=9.2771 tensors_with_grad=69/72
[train] step 322: T=605 positions=16 loss=0.9556 ce=1.7977 tv=0.3091 conf=0.4202 grad_norm=11.3664 tensors_with_grad=69/72
[train] step 323: T=532 positions=16 loss=0.9006 ce=1.5056 tv=0.2425 conf=0.3457 grad_norm=8.5941 tensors_with_grad=69/72
[train] step 324: T=526 positions=16 loss=2.1885 ce=4.3791 tv=0.5577 conf=0.4556 grad_norm=14.4062 tensors_with_grad=69/72
[train] step 325: T=545 positions=16 loss=0.6200 ce=1.0371 tv=0.2149 conf=0.4390 grad_norm=11.2939 tensors_with_grad=69/72
[train] step 326: T=561 positions=16 loss=1.5671 ce=3.5336 tv=0.3744 conf=0.4990 grad_norm=10.2669 tensors_with_grad=69/72
[train] step 327: T=540 positions=16 loss=1.5006 ce=3.0093 tv=0.2963 conf=0.3957 grad_norm=18.6928 tensors_with_grad=69/72
[train] step 328: T=1025 positions=16 loss=2.8465 ce=6.1308 tv=0.5671 conf=0.4265 grad_norm=12.8908 tensors_with_grad=69/72
[train] step 329: T=1316 positions=16 loss=2.3560 ce=5.4808 tv=0.4832 conf=0.3148 grad_norm=8.5598 tensors_with_grad=69/72
[train] step 330: T=593 positions=16 loss=2.0046 ce=3.8096 tv=0.5316 conf=0.5609 grad_norm=12.2184 tensors_with_grad=69/72
[train] step 331: T=1364 positions=16 loss=3.0429 ce=6.6115 tv=0.6139 conf=0.2607 grad_norm=20.5013 tensors_with_grad=69/72
[train] step 332: T=563 positions=16 loss=1.8360 ce=3.8232 tv=0.3763 conf=0.4915 grad_norm=11.3391 tensors_with_grad=69/72
[train] step 333: T=621 positions=16 loss=1.8246 ce=3.3000 tv=0.4360 conf=0.4400 grad_norm=14.0639 tensors_with_grad=69/72
[train] step 334: T=1798 positions=16 loss=2.5122 ce=5.4320 tv=0.4832 conf=0.6627 grad_norm=13.8754 tensors_with_grad=69/72
[train] step 335: T=565 positions=16 loss=2.1500 ce=3.8204 tv=0.4991 conf=0.4353 grad_norm=17.6263 tensors_with_grad=69/72
[train] step 336: T=592 positions=16 loss=1.5326 ce=2.7389 tv=0.3915 conf=0.4949 grad_norm=11.0795 tensors_with_grad=69/72
[train] step 337: T=559 positions=16 loss=0.6202 ce=1.6850 tv=0.1690 conf=0.3231 grad_norm=8.9827 tensors_with_grad=69/72
[train] step 338: T=538 positions=16 loss=0.2225 ce=0.5130 tv=0.0780 conf=0.3684 grad_norm=3.0809 tensors_with_grad=69/72
[train] step 339: T=554 positions=16 loss=1.7261 ce=3.1822 tv=0.3816 conf=0.6173 grad_norm=25.5122 tensors_with_grad=69/72
[train] step 340: T=577 positions=16 loss=2.5130 ce=5.5175 tv=0.5620 conf=0.4975 grad_norm=14.3830 tensors_with_grad=69/72
[train] step 341: T=630 positions=16 loss=0.7312 ce=1.2518 tv=0.2093 conf=0.2999 grad_norm=9.8172 tensors_with_grad=69/72
[train] step 342: T=672 positions=16 loss=2.1761 ce=4.3869 tv=0.4730 conf=0.4473 grad_norm=17.4422 tensors_with_grad=69/72
[train] step 343: T=536 positions=16 loss=0.4446 ce=0.7549 tv=0.1734 conf=0.4829 grad_norm=8.1417 tensors_with_grad=69/72
[train] step 344: T=528 positions=16 loss=1.0985 ce=2.5640 tv=0.2899 conf=0.3362 grad_norm=6.9025 tensors_with_grad=69/72
[train] step 345: T=547 positions=16 loss=1.8834 ce=3.7219 tv=0.4232 conf=0.4038 grad_norm=12.5532 tensors_with_grad=69/72
[train] step 346: T=639 positions=16 loss=0.7725 ce=1.5477 tv=0.2209 conf=0.4150 grad_norm=7.6599 tensors_with_grad=69/72
[train] step 347: T=602 positions=16 loss=1.2953 ce=3.0761 tv=0.3259 conf=0.4810 grad_norm=12.4201 tensors_with_grad=69/72
[train] step 348: T=665 positions=16 loss=0.4774 ce=1.0899 tv=0.1925 conf=0.4582 grad_norm=6.9234 tensors_with_grad=69/72
[train] step 349: T=600 positions=16 loss=2.3154 ce=4.7509 tv=0.4935 conf=0.4883 grad_norm=15.1585 tensors_with_grad=69/72
[train] step 350: T=1649 positions=16 loss=3.2287 ce=6.4710 tv=0.6516 conf=0.3336 grad_norm=21.2869 tensors_with_grad=69/72
[train] step 351: T=1232 positions=16 loss=2.4786 ce=4.7613 tv=0.6159 conf=0.3903 grad_norm=12.1737 tensors_with_grad=69/72
[train] step 352: T=528 positions=16 loss=1.6620 ce=2.9261 tv=0.4390 conf=0.5561 grad_norm=8.4339 tensors_with_grad=69/72
[train] step 353: T=1067 positions=16 loss=3.0232 ce=6.1640 tv=0.6174 conf=0.5060 grad_norm=14.2004 tensors_with_grad=69/72
[train] step 354: T=524 positions=16 loss=2.8323 ce=6.5336 tv=0.5788 conf=0.4503 grad_norm=13.5124 tensors_with_grad=69/72
[train] step 355: T=634 positions=16 loss=1.5851 ce=3.3993 tv=0.4441 conf=0.4010 grad_norm=8.4610 tensors_with_grad=69/72
[train] step 356: T=593 positions=16 loss=0.9313 ce=2.1065 tv=0.2495 conf=0.4579 grad_norm=4.8973 tensors_with_grad=69/72
[train] step 357: T=524 positions=16 loss=2.0587 ce=3.7613 tv=0.5113 conf=0.5230 grad_norm=14.0781 tensors_with_grad=69/72
[train] step 358: T=574 positions=16 loss=1.3159 ce=2.9371 tv=0.3637 conf=0.4354 grad_norm=10.5322 tensors_with_grad=69/72
[train] step 359: T=602 positions=16 loss=1.3900 ce=2.1857 tv=0.3733 conf=0.4901 grad_norm=24.8426 tensors_with_grad=69/72
[train] step 360: T=573 positions=16 loss=0.8720 ce=1.8824 tv=0.2052 conf=0.3089 grad_norm=8.5615 tensors_with_grad=69/72
[train] step 361: T=677 positions=16 loss=1.9833 ce=4.0378 tv=0.4343 conf=0.4868 grad_norm=17.5207 tensors_with_grad=69/72
[train] step 362: T=568 positions=16 loss=3.0902 ce=5.7914 tv=0.6320 conf=0.6463 grad_norm=21.9919 tensors_with_grad=69/72
[train] step 363: T=961 positions=16 loss=2.5284 ce=5.3336 tv=0.5397 conf=0.4841 grad_norm=16.0293 tensors_with_grad=69/72
[train] step 364: T=569 positions=16 loss=2.4043 ce=4.8375 tv=0.5737 conf=0.5761 grad_norm=13.2450 tensors_with_grad=69/72
[train] step 365: T=533 positions=16 loss=1.5551 ce=2.4910 tv=0.4288 conf=0.4848 grad_norm=14.5366 tensors_with_grad=69/72
[train] step 366: T=539 positions=16 loss=1.7066 ce=3.3038 tv=0.4411 conf=0.6051 grad_norm=14.1831 tensors_with_grad=69/72
[train] step 367: T=562 positions=16 loss=1.1567 ce=1.9501 tv=0.2982 conf=0.4686 grad_norm=19.4660 tensors_with_grad=69/72
[train] step 368: T=531 positions=16 loss=0.8433 ce=1.8508 tv=0.2058 conf=0.3563 grad_norm=5.8562 tensors_with_grad=69/72
[train] step 369: T=539 positions=16 loss=1.9949 ce=4.4453 tv=0.4902 conf=0.3967 grad_norm=11.5033 tensors_with_grad=69/72
[train] step 370: T=618 positions=16 loss=1.8030 ce=3.6984 tv=0.4391 conf=0.3535 grad_norm=14.6363 tensors_with_grad=69/72
[train] step 371: T=535 positions=16 loss=0.2627 ce=0.5825 tv=0.1113 conf=0.2928 grad_norm=3.3501 tensors_with_grad=69/72
[train] step 372: T=675 positions=16 loss=2.4114 ce=4.5231 tv=0.5194 conf=0.6751 grad_norm=15.5581 tensors_with_grad=69/72
[train] step 373: T=606 positions=16 loss=0.5162 ce=1.2492 tv=0.1273 conf=0.4402 grad_norm=7.0802 tensors_with_grad=69/72
[train] step 374: T=529 positions=16 loss=1.7046 ce=3.3480 tv=0.4190 conf=0.4899 grad_norm=9.6167 tensors_with_grad=69/72
[train] step 375: T=529 positions=16 loss=3.1563 ce=5.2538 tv=0.6865 conf=0.6355 grad_norm=31.3259 tensors_with_grad=69/72
[train] step 376: T=530 positions=16 loss=1.8209 ce=3.1270 tv=0.4816 conf=0.4216 grad_norm=13.0144 tensors_with_grad=69/72
[train] step 377: T=1003 positions=16 loss=1.8991 ce=4.3915 tv=0.4073 conf=0.4161 grad_norm=11.4452 tensors_with_grad=69/72
[train] step 378: T=551 positions=16 loss=1.8676 ce=3.8386 tv=0.4286 conf=0.3509 grad_norm=12.6406 tensors_with_grad=69/72
[train] step 379: T=810 positions=16 loss=1.4536 ce=3.1906 tv=0.3278 conf=0.3001 grad_norm=11.5791 tensors_with_grad=69/72
[train] step 380: T=533 positions=16 loss=1.2982 ce=3.0126 tv=0.2949 conf=0.5217 grad_norm=9.8137 tensors_with_grad=69/72
[train] step 381: T=672 positions=16 loss=2.0956 ce=4.0910 tv=0.5836 conf=0.5227 grad_norm=12.6747 tensors_with_grad=69/72
[train] step 382: T=1041 positions=16 loss=2.7501 ce=6.4142 tv=0.4986 conf=0.4305 grad_norm=13.2330 tensors_with_grad=69/72
[train] step 383: T=599 positions=16 loss=1.3071 ce=3.0089 tv=0.2968 conf=0.3071 grad_norm=7.7766 tensors_with_grad=69/72
[train] step 384: T=678 positions=16 loss=0.4714 ce=1.0596 tv=0.2314 conf=0.5182 grad_norm=8.5883 tensors_with_grad=69/72
[train] step 385: T=672 positions=16 loss=2.0222 ce=4.5325 tv=0.4993 conf=0.4136 grad_norm=9.5549 tensors_with_grad=69/72
[train] step 386: T=570 positions=16 loss=2.9711 ce=6.7650 tv=0.6349 conf=0.4397 grad_norm=18.7503 tensors_with_grad=69/72
[train] step 387: T=1218 positions=16 loss=3.1501 ce=6.9814 tv=0.6264 conf=0.5001 grad_norm=12.6365 tensors_with_grad=69/72
[train] step 388: T=529 positions=16 loss=1.0038 ce=2.1340 tv=0.3261 conf=0.3001 grad_norm=10.4912 tensors_with_grad=69/72
[train] step 389: T=532 positions=16 loss=1.0998 ce=1.8775 tv=0.3151 conf=0.4878 grad_norm=11.3206 tensors_with_grad=69/72
[train] step 390: T=541 positions=16 loss=0.8964 ce=2.1648 tv=0.2197 conf=0.3393 grad_norm=5.6447 tensors_with_grad=69/72
[train] step 391: T=531 positions=16 loss=1.1282 ce=2.2601 tv=0.3266 conf=0.4108 grad_norm=6.7867 tensors_with_grad=69/72
[train] step 392: T=630 positions=16 loss=0.5452 ce=1.0214 tv=0.1970 conf=0.5262 grad_norm=8.7228 tensors_with_grad=69/72
[train] step 393: T=1225 positions=16 loss=2.5091 ce=5.6948 tv=0.5364 conf=0.4056 grad_norm=17.0190 tensors_with_grad=69/72
[train] step 394: T=622 positions=16 loss=1.5308 ce=3.3360 tv=0.3977 conf=0.3716 grad_norm=11.0071 tensors_with_grad=69/72
[train] step 395: T=950 positions=16 loss=2.4378 ce=4.9050 tv=0.5004 conf=0.5509 grad_norm=23.3437 tensors_with_grad=69/72
[train] step 396: T=537 positions=16 loss=0.4119 ce=1.0538 tv=0.1378 conf=0.2894 grad_norm=5.0714 tensors_with_grad=69/72
[train] step 397: T=616 positions=16 loss=0.4921 ce=1.1586 tv=0.1631 conf=0.4484 grad_norm=5.1871 tensors_with_grad=69/72
[train] step 398: T=532 positions=16 loss=0.2787 ce=0.4658 tv=0.1169 conf=0.4715 grad_norm=7.1997 tensors_with_grad=69/72
[train] step 399: T=587 positions=16 loss=0.4533 ce=0.8627 tv=0.1759 conf=0.3208 grad_norm=9.9611 tensors_with_grad=69/72
[train] step 400: T=611 positions=16 loss=1.9734 ce=3.8111 tv=0.4586 conf=0.4343 grad_norm=9.4534 tensors_with_grad=69/72
[train] step 401: T=534 positions=16 loss=0.4362 ce=1.0781 tv=0.1827 conf=0.2918 grad_norm=3.1804 tensors_with_grad=69/72
[train] step 402: T=532 positions=16 loss=0.7664 ce=1.2509 tv=0.2216 conf=0.4878 grad_norm=18.5254 tensors_with_grad=69/72
[train] step 403: T=525 positions=16 loss=1.2680 ce=2.4954 tv=0.2854 conf=0.3811 grad_norm=12.3152 tensors_with_grad=69/72
[train] step 404: T=628 positions=16 loss=1.6295 ce=2.9299 tv=0.4301 conf=0.4885 grad_norm=11.7023 tensors_with_grad=69/72
[train] step 405: T=940 positions=16 loss=2.2723 ce=5.1233 tv=0.4903 conf=0.4825 grad_norm=13.9831 tensors_with_grad=69/72
[train] step 406: T=672 positions=16 loss=0.8874 ce=1.5985 tv=0.2854 conf=0.5251 grad_norm=36.4178 tensors_with_grad=69/72
[train] step 407: T=642 positions=16 loss=2.2228 ce=4.3413 tv=0.5205 conf=0.5010 grad_norm=12.6547 tensors_with_grad=69/72
[train] step 408: T=673 positions=16 loss=2.1487 ce=3.7950 tv=0.5432 conf=0.6007 grad_norm=16.8553 tensors_with_grad=69/72
[train] step 409: T=532 positions=16 loss=1.2617 ce=2.4957 tv=0.3378 conf=0.4290 grad_norm=9.8414 tensors_with_grad=69/72
[train] step 410: T=528 positions=16 loss=2.4861 ce=5.4645 tv=0.5711 conf=0.4407 grad_norm=11.3494 tensors_with_grad=69/72
[train] step 411: T=585 positions=16 loss=1.6012 ce=2.9383 tv=0.4383 conf=0.5286 grad_norm=12.2746 tensors_with_grad=69/72
[train] step 412: T=544 positions=16 loss=0.9832 ce=2.0746 tv=0.2468 conf=0.4203 grad_norm=6.6107 tensors_with_grad=69/72
[train] step 413: T=544 positions=16 loss=0.4811 ce=1.1435 tv=0.2120 conf=0.4199 grad_norm=4.6589 tensors_with_grad=69/72
[train] step 414: T=674 positions=16 loss=1.8248 ce=3.7458 tv=0.4798 conf=0.4579 grad_norm=14.0563 tensors_with_grad=69/72
[train] step 415: T=558 positions=16 loss=0.8353 ce=1.3806 tv=0.2487 conf=0.4711 grad_norm=16.2535 tensors_with_grad=69/72
[train] step 416: T=596 positions=16 loss=1.1772 ce=1.9647 tv=0.3780 conf=0.5035 grad_norm=16.3390 tensors_with_grad=69/72
[train] step 417: T=644 positions=16 loss=1.9669 ce=3.6200 tv=0.5211 conf=0.6187 grad_norm=18.8665 tensors_with_grad=69/72
[train] step 418: T=676 positions=16 loss=1.5961 ce=2.8190 tv=0.3850 conf=0.5615 grad_norm=21.6917 tensors_with_grad=69/72
[train] step 419: T=643 positions=16 loss=1.6453 ce=3.4264 tv=0.4730 conf=0.4117 grad_norm=7.8300 tensors_with_grad=69/72
[train] step 420: T=526 positions=16 loss=0.6676 ce=1.3893 tv=0.1946 conf=0.1649 grad_norm=5.5629 tensors_with_grad=69/72
[train] step 421: T=540 positions=16 loss=0.4509 ce=0.9046 tv=0.1300 conf=0.5661 grad_norm=3.5174 tensors_with_grad=69/72
[train] step 422: T=665 positions=16 loss=2.4220 ce=4.5605 tv=0.5527 conf=0.5471 grad_norm=14.6453 tensors_with_grad=69/72
[train] step 423: T=530 positions=16 loss=2.6225 ce=4.5735 tv=0.4516 conf=0.6304 grad_norm=35.4668 tensors_with_grad=69/72
[train] step 424: T=526 positions=16 loss=1.5543 ce=3.4610 tv=0.3422 conf=0.2729 grad_norm=17.4508 tensors_with_grad=69/72
[train] step 425: T=539 positions=16 loss=0.5918 ce=1.2955 tv=0.2246 conf=0.4932 grad_norm=7.5636 tensors_with_grad=69/72
[train] step 426: T=548 positions=16 loss=1.6216 ce=3.5818 tv=0.3922 conf=0.3781 grad_norm=10.9560 tensors_with_grad=69/72
[train] step 427: T=545 positions=16 loss=0.8783 ce=2.2149 tv=0.2629 conf=0.3844 grad_norm=7.8623 tensors_with_grad=69/72
[train] step 428: T=889 positions=16 loss=2.6979 ce=5.4104 tv=0.6026 conf=0.3974 grad_norm=18.0912 tensors_with_grad=69/72
[train] step 429: T=673 positions=16 loss=1.4018 ce=2.9903 tv=0.3735 conf=0.3665 grad_norm=11.5242 tensors_with_grad=69/72
[train] step 430: T=597 positions=16 loss=0.4888 ce=0.8184 tv=0.1846 conf=0.4518 grad_norm=6.3251 tensors_with_grad=69/72
[train] step 431: T=601 positions=16 loss=1.0277 ce=2.5937 tv=0.3128 conf=0.4078 grad_norm=9.5496 tensors_with_grad=69/72
[train] step 432: T=525 positions=16 loss=1.7231 ce=3.7323 tv=0.5088 conf=0.6093 grad_norm=8.8839 tensors_with_grad=69/72
[train] step 433: T=541 positions=16 loss=0.3696 ce=0.4041 tv=0.1451 conf=0.4745 grad_norm=11.5147 tensors_with_grad=69/72
[train] step 434: T=561 positions=16 loss=1.0121 ce=2.1617 tv=0.2798 conf=0.3071 grad_norm=9.4471 tensors_with_grad=69/72
[train] step 435: T=556 positions=16 loss=1.4916 ce=3.3237 tv=0.2888 conf=0.2738 grad_norm=11.2803 tensors_with_grad=69/72
[train] step 436: T=541 positions=16 loss=0.5305 ce=0.8927 tv=0.1853 conf=0.3904 grad_norm=7.4234 tensors_with_grad=69/72
[train] step 437: T=582 positions=16 loss=2.0701 ce=4.0232 tv=0.4489 conf=0.5347 grad_norm=15.4906 tensors_with_grad=69/72
[train] step 438: T=543 positions=16 loss=1.5808 ce=3.8562 tv=0.3377 conf=0.4018 grad_norm=13.1402 tensors_with_grad=69/72
[train] step 439: T=636 positions=16 loss=1.5348 ce=2.8450 tv=0.4213 conf=0.6394 grad_norm=14.6668 tensors_with_grad=69/72
[train] step 440: T=530 positions=16 loss=1.9381 ce=3.1135 tv=0.5171 conf=0.5617 grad_norm=24.3267 tensors_with_grad=69/72
[train] step 441: T=581 positions=16 loss=1.9558 ce=2.7895 tv=0.4403 conf=0.5764 grad_norm=26.9389 tensors_with_grad=69/72
[train] step 442: T=569 positions=16 loss=0.9628 ce=2.1735 tv=0.2986 conf=0.3158 grad_norm=8.6498 tensors_with_grad=69/72
[train] step 443: T=573 positions=16 loss=1.2301 ce=2.3279 tv=0.3244 conf=0.5543 grad_norm=9.2247 tensors_with_grad=69/72
[train] step 444: T=543 positions=16 loss=2.4404 ce=5.1296 tv=0.4945 conf=0.6251 grad_norm=27.3730 tensors_with_grad=69/72
[train] step 445: T=546 positions=16 loss=0.5917 ce=1.0727 tv=0.1691 conf=0.4337 grad_norm=7.1336 tensors_with_grad=69/72
[train] step 446: T=672 positions=16 loss=2.5008 ce=5.2084 tv=0.6065 conf=0.6882 grad_norm=16.2408 tensors_with_grad=69/72
[train] step 447: T=604 positions=16 loss=2.3392 ce=4.8687 tv=0.5074 conf=0.5676 grad_norm=25.3714 tensors_with_grad=69/72
[train] step 448: T=622 positions=16 loss=1.2683 ce=2.5327 tv=0.3390 conf=0.2920 grad_norm=8.2285 tensors_with_grad=69/72
[train] step 449: T=542 positions=16 loss=1.6074 ce=3.4048 tv=0.4122 conf=0.4598 grad_norm=11.2517 tensors_with_grad=69/72
[train] step 450: T=539 positions=16 loss=0.7325 ce=1.9171 tv=0.2249 conf=0.6112 grad_norm=8.3847 tensors_with_grad=69/72
[train] step 451: T=636 positions=16 loss=0.7526 ce=1.5181 tv=0.3011 conf=0.4782 grad_norm=7.0972 tensors_with_grad=69/72
[train] step 452: T=587 positions=16 loss=0.6280 ce=1.3768 tv=0.1407 conf=0.4935 grad_norm=7.5730 tensors_with_grad=69/72
[train] step 453: T=633 positions=16 loss=1.9997 ce=4.2183 tv=0.4369 conf=0.3802 grad_norm=13.0034 tensors_with_grad=69/72
[train] step 454: T=536 positions=16 loss=0.3229 ce=0.8443 tv=0.1150 conf=0.3254 grad_norm=3.0207 tensors_with_grad=69/72
[train] step 455: T=529 positions=16 loss=1.3127 ce=3.2239 tv=0.3216 conf=0.5693 grad_norm=11.6274 tensors_with_grad=69/72
[train] step 456: T=580 positions=16 loss=0.4487 ce=0.9977 tv=0.2181 conf=0.5113 grad_norm=5.4338 tensors_with_grad=69/72
[train] step 457: T=1549 positions=16 loss=2.8318 ce=6.1060 tv=0.5895 conf=0.2615 grad_norm=16.1972 tensors_with_grad=69/72
[train] step 458: T=636 positions=16 loss=1.1541 ce=2.3158 tv=0.3645 conf=0.5095 grad_norm=18.2009 tensors_with_grad=69/72
[train] step 459: T=899 positions=16 loss=1.7934 ce=3.4730 tv=0.3536 conf=0.5309 grad_norm=18.4296 tensors_with_grad=69/72
[train] step 460: T=611 positions=16 loss=0.3830 ce=0.8107 tv=0.1367 conf=0.4389 grad_norm=4.4259 tensors_with_grad=69/72
[train] step 461: T=533 positions=16 loss=0.7545 ce=1.2681 tv=0.2230 conf=0.4718 grad_norm=15.9392 tensors_with_grad=69/72
[train] step 462: T=567 positions=16 loss=2.6773 ce=5.1427 tv=0.5489 conf=0.6390 grad_norm=16.8702 tensors_with_grad=69/72
[train] step 463: T=539 positions=16 loss=0.3719 ce=0.6504 tv=0.1270 conf=0.3178 grad_norm=4.8821 tensors_with_grad=69/72
[train] step 464: T=539 positions=16 loss=0.6645 ce=1.1870 tv=0.1644 conf=0.3671 grad_norm=6.1922 tensors_with_grad=69/72
[train] step 465: T=663 positions=16 loss=1.4071 ce=2.5853 tv=0.3496 conf=0.3914 grad_norm=12.0648 tensors_with_grad=69/72
[train] step 466: T=601 positions=16 loss=1.3997 ce=3.0375 tv=0.3598 conf=0.4225 grad_norm=9.5826 tensors_with_grad=69/72
[train] step 467: T=532 positions=16 loss=0.5924 ce=1.3672 tv=0.1652 conf=0.3205 grad_norm=4.7499 tensors_with_grad=69/72
[train] step 468: T=575 positions=16 loss=1.9681 ce=4.0837 tv=0.5034 conf=0.4953 grad_norm=12.3941 tensors_with_grad=69/72
[train] step 469: T=542 positions=16 loss=0.5927 ce=1.2174 tv=0.2116 conf=0.4512 grad_norm=6.3799 tensors_with_grad=69/72
[train] step 470: T=1125 positions=16 loss=1.5854 ce=3.4177 tv=0.3800 conf=0.3724 grad_norm=10.3676 tensors_with_grad=69/72
[train] step 471: T=586 positions=16 loss=1.1929 ce=3.1499 tv=0.3740 conf=0.4675 grad_norm=13.3892 tensors_with_grad=69/72
[train] step 472: T=576 positions=16 loss=1.0137 ce=1.8731 tv=0.2942 conf=0.4517 grad_norm=9.0321 tensors_with_grad=69/72
[train] step 473: T=534 positions=16 loss=1.1790 ce=1.8933 tv=0.3167 conf=0.6592 grad_norm=19.1253 tensors_with_grad=69/72
[train] step 474: T=535 positions=16 loss=1.5512 ce=2.9389 tv=0.3359 conf=0.4795 grad_norm=21.3313 tensors_with_grad=69/72
[train] step 475: T=663 positions=16 loss=2.0204 ce=3.5864 tv=0.5570 conf=0.4592 grad_norm=10.1092 tensors_with_grad=69/72
[train] step 476: T=593 positions=16 loss=1.7519 ce=3.7765 tv=0.3934 conf=0.3060 grad_norm=12.2337 tensors_with_grad=69/72
[train] step 477: T=672 positions=16 loss=2.7881 ce=5.1371 tv=0.5851 conf=0.5154 grad_norm=28.1739 tensors_with_grad=69/72
[train] step 478: T=572 positions=16 loss=2.3659 ce=4.4667 tv=0.4781 conf=0.5679 grad_norm=20.4755 tensors_with_grad=69/72
[train] step 479: T=672 positions=16 loss=2.2719 ce=4.4685 tv=0.5321 conf=0.4266 grad_norm=10.4147 tensors_with_grad=69/72
[train] step 480: T=557 positions=16 loss=0.8451 ce=1.5205 tv=0.2425 conf=0.3419 grad_norm=7.0676 tensors_with_grad=69/72
[train] step 481: T=676 positions=16 loss=2.0410 ce=3.7712 tv=0.4647 conf=0.4576 grad_norm=11.8438 tensors_with_grad=69/72
[train] step 482: T=676 positions=16 loss=2.1597 ce=4.1712 tv=0.5259 conf=0.4492 grad_norm=9.8757 tensors_with_grad=69/72
[train] step 483: T=526 positions=16 loss=2.2728 ce=3.8717 tv=0.5805 conf=0.6580 grad_norm=14.9228 tensors_with_grad=69/72
[train] step 484: T=585 positions=16 loss=1.3523 ce=2.4289 tv=0.3061 conf=0.3947 grad_norm=7.3674 tensors_with_grad=69/72
[train] step 485: T=542 positions=16 loss=1.0231 ce=2.0609 tv=0.3487 conf=0.4921 grad_norm=8.6570 tensors_with_grad=69/72
[train] step 486: T=572 positions=16 loss=1.1024 ce=1.9730 tv=0.3009 conf=0.5277 grad_norm=11.0906 tensors_with_grad=69/72
[train] step 487: T=567 positions=16 loss=2.2170 ce=3.6882 tv=0.5071 conf=0.5909 grad_norm=23.0115 tensors_with_grad=69/72
[train] step 488: T=591 positions=16 loss=1.2515 ce=2.5464 tv=0.3035 conf=0.6715 grad_norm=18.4169 tensors_with_grad=69/72
[train] step 489: T=536 positions=16 loss=0.1750 ce=0.3280 tv=0.0799 conf=0.2486 grad_norm=2.5849 tensors_with_grad=69/72
[diag] draft-argmax == TARGET-argmax : 59.5%  | == ground-truth token: 59.2%
[diag] mean top-1 prob  target 0.840  draft 0.734   (TV near 1 with a PEAKED draft => misalignment; with a FLAT draft => genuine)
[train] saved 72 trained tensors -> /tmp/calib_discard_s3recap-conf1.0/mtp_trained.safetensors
[train] saved AdamW state -> /tmp/calib_discard_s3recap-conf1.0/opt_state.pt (needed for --resume to be equivalent to one continuous run)
[train] TRAIN OK
