[train] device=cuda torch=2.10.0
  loading model-00046-of-00048.safetensors ...
  loading model-00047-of-00048.safetensors ...
  loading model-00048-of-00048.safetensors ...
  dequantised 1512 tensors, 12.60 B params, 23.5 GiB bf16
[train] weights ready in 8.8s
[train] trainable 517.3 M in 72 tensors | frozen experts 12.08 B
[train] capture: 490 sample(s)
[Gloo] Rank 0 is connected to 0 peer ranks. Expected number of connected peer ranks is : 0
[train] ModelArgs: n_mtp=3 block=5 taps=[40, 41, 42] markov_rank=256
[train] built 3 DSparkBlock(s) on meta
[train] re-materialised freqs_cis on 3 attention module(s) (persistent=False buffers are NOT in state_dict and to_empty() zapped them)
[train] load_state_dict: 0 missing, 0 unexpected
[train] GATE1 model construction OK
[train] aux: embed.weight(129280, 4096), head.weight(129280, 4096)
[train] trainable tensors in graph: 72 / 517.3 M
[train] resumed 72/72 trained tensors from /cap/s3recap-conf0.1/c2/trained/mtp_trained.safetensors
[train] resumed AdamW state: 69/72 tensors carry moments (3 never received a gradient, expected), indices aligned
[train] P2.5 anchor: frozen copy of 3 block(s), beta=0.1
[train] lr schedule: linear warmup 24 step(s) -> cosine over 490 session step(s), peak 0; this chunk is steps 0..489
/work/train/train_head.py:115: UserWarning: Converting a tensor with requires_grad=True to a scalar may lead to unexpected behavior.
Consider using tensor.detach() first. (Triggered internally at /opt/pytorch/torch/csrc/autograd/generated/python_variable_methods.cpp:836.)
  parts = {"ce": float((w * ce).sum()), "tv": float((w * tv).sum()), "conf": 0.0}
[train] step 0: T=527 positions=16 loss=1.2155 ce=3.2251 tv=0.4700 conf=0.5468 grad_norm=3.6618 tensors_with_grad=69/72
[train] step 1: T=616 positions=16 loss=1.1197 ce=2.8740 tv=0.3815 conf=0.5458 grad_norm=3.6420 tensors_with_grad=69/72
[train] step 2: T=533 positions=16 loss=1.0696 ce=2.8429 tv=0.4045 conf=0.5061 grad_norm=5.2388 tensors_with_grad=69/72
[train] step 3: T=626 positions=16 loss=0.6221 ce=1.8136 tv=0.2556 conf=0.3891 grad_norm=4.4735 tensors_with_grad=69/72
[train] step 4: T=638 positions=16 loss=0.8507 ce=2.6972 tv=0.2458 conf=0.4542 grad_norm=3.2097 tensors_with_grad=69/72
[train] step 5: T=535 positions=16 loss=0.7336 ce=2.1320 tv=0.2573 conf=0.5062 grad_norm=4.6855 tensors_with_grad=69/72
[train] step 6: T=1429 positions=16 loss=2.5448 ce=5.5752 tv=0.5333 conf=0.5957 grad_norm=4.8843 tensors_with_grad=69/72
[train] step 7: T=675 positions=16 loss=1.5186 ce=3.6714 tv=0.3777 conf=0.3898 grad_norm=5.6853 tensors_with_grad=69/72
[train] step 8: T=529 positions=16 loss=2.1346 ce=5.4066 tv=0.5202 conf=0.4095 grad_norm=4.1426 tensors_with_grad=69/72
[train] step 9: T=673 positions=16 loss=1.2037 ce=2.9495 tv=0.3964 conf=0.4828 grad_norm=3.7989 tensors_with_grad=69/72
[train] step 10: T=622 positions=16 loss=0.2835 ce=0.7224 tv=0.1823 conf=0.3864 grad_norm=1.8931 tensors_with_grad=69/72
[train] step 11: T=630 positions=16 loss=1.3609 ce=3.5745 tv=0.4395 conf=0.5084 grad_norm=6.9285 tensors_with_grad=69/72
[train] step 12: T=586 positions=16 loss=1.6195 ce=3.8149 tv=0.4859 conf=0.5982 grad_norm=7.2715 tensors_with_grad=69/72
[train] step 13: T=535 positions=16 loss=1.7985 ce=4.2880 tv=0.5720 conf=0.5631 grad_norm=4.5817 tensors_with_grad=69/72
[train] step 14: T=625 positions=16 loss=0.8304 ce=2.8286 tv=0.3702 conf=0.5177 grad_norm=5.4391 tensors_with_grad=69/72
[train] step 15: T=535 positions=16 loss=0.5033 ce=1.2380 tv=0.2303 conf=0.4999 grad_norm=2.5510 tensors_with_grad=69/72
[train] step 16: T=553 positions=16 loss=1.5089 ce=3.6203 tv=0.3767 conf=0.5288 grad_norm=8.9767 tensors_with_grad=69/72
[train] step 17: T=532 positions=16 loss=0.4471 ce=1.0813 tv=0.2085 conf=0.4425 grad_norm=1.6563 tensors_with_grad=69/72
[train] step 18: T=536 positions=16 loss=0.1476 ce=0.4800 tv=0.0770 conf=0.3952 grad_norm=1.2985 tensors_with_grad=69/72
[train] step 19: T=896 positions=16 loss=1.9606 ce=4.7091 tv=0.4614 conf=0.3657 grad_norm=7.1719 tensors_with_grad=69/72
[train] step 20: T=544 positions=16 loss=1.0103 ce=2.7703 tv=0.2696 conf=0.4379 grad_norm=8.8564 tensors_with_grad=69/72
[train] step 21: T=581 positions=16 loss=0.6799 ce=2.2784 tv=0.3124 conf=0.4340 grad_norm=5.4273 tensors_with_grad=69/72
[train] step 22: T=672 positions=16 loss=1.7571 ce=3.8246 tv=0.5585 conf=0.5499 grad_norm=3.8249 tensors_with_grad=69/72
[train] step 23: T=587 positions=16 loss=0.4770 ce=1.3840 tv=0.1936 conf=0.5005 grad_norm=2.2181 tensors_with_grad=69/72
[train] step 24: T=674 positions=16 loss=1.6739 ce=4.1746 tv=0.4712 conf=0.4931 grad_norm=5.5657 tensors_with_grad=69/72
[train] step 25: T=563 positions=16 loss=0.5878 ce=1.2422 tv=0.1977 conf=0.2207 grad_norm=2.6796 tensors_with_grad=69/72
[train] step 26: T=566 positions=16 loss=1.8225 ce=4.5180 tv=0.4297 conf=0.3522 grad_norm=4.8756 tensors_with_grad=69/72
[train] step 27: T=612 positions=16 loss=0.7333 ce=1.9150 tv=0.3237 conf=0.5811 grad_norm=5.0892 tensors_with_grad=69/72
[train] step 28: T=673 positions=16 loss=0.5969 ce=1.4510 tv=0.2681 conf=0.6243 grad_norm=3.6361 tensors_with_grad=69/72
[train] step 29: T=537 positions=16 loss=1.7949 ce=3.7654 tv=0.5373 conf=0.5119 grad_norm=6.9991 tensors_with_grad=69/72
[train] step 30: T=657 positions=16 loss=0.3029 ce=1.0035 tv=0.2212 conf=0.5037 grad_norm=2.6975 tensors_with_grad=69/72
[train] step 31: T=595 positions=16 loss=0.5896 ce=1.3363 tv=0.1708 conf=0.7028 grad_norm=3.2726 tensors_with_grad=69/72
[train] step 32: T=970 positions=16 loss=2.1946 ce=4.6877 tv=0.4824 conf=0.3402 grad_norm=5.3390 tensors_with_grad=69/72
[train] step 33: T=1741 positions=16 loss=3.2637 ce=7.4871 tv=0.6592 conf=0.3272 grad_norm=8.5139 tensors_with_grad=69/72
[train] step 34: T=574 positions=16 loss=2.2468 ce=5.0709 tv=0.5805 conf=0.3251 grad_norm=7.5283 tensors_with_grad=69/72
[train] step 35: T=581 positions=16 loss=1.3310 ce=3.0722 tv=0.3451 conf=0.3843 grad_norm=3.8501 tensors_with_grad=69/72
[train] step 36: T=563 positions=16 loss=0.9458 ce=2.6435 tv=0.3163 conf=0.4085 grad_norm=3.4323 tensors_with_grad=69/72
[train] step 37: T=534 positions=16 loss=0.1708 ce=0.4478 tv=0.1241 conf=0.4102 grad_norm=1.0476 tensors_with_grad=69/72
[train] step 38: T=645 positions=16 loss=2.6509 ce=6.0819 tv=0.6548 conf=0.5943 grad_norm=8.4779 tensors_with_grad=69/72
[train] step 39: T=672 positions=16 loss=1.4965 ce=3.7023 tv=0.4397 conf=0.5846 grad_norm=7.9448 tensors_with_grad=69/72
[train] step 40: T=578 positions=16 loss=0.9568 ce=2.3221 tv=0.3238 conf=0.5357 grad_norm=3.8311 tensors_with_grad=69/72
[train] step 41: T=527 positions=16 loss=1.6318 ce=4.3109 tv=0.4380 conf=0.5388 grad_norm=5.5593 tensors_with_grad=69/72
[train] step 42: T=645 positions=16 loss=1.0465 ce=2.6303 tv=0.3317 conf=0.3674 grad_norm=6.7432 tensors_with_grad=69/72
[train] step 43: T=1008 positions=16 loss=1.6197 ce=4.3380 tv=0.3710 conf=0.3623 grad_norm=2.9992 tensors_with_grad=69/72
[train] step 44: T=676 positions=16 loss=0.8747 ce=2.6151 tv=0.3243 conf=0.4439 grad_norm=3.6072 tensors_with_grad=69/72
[train] step 45: T=674 positions=16 loss=1.4959 ce=3.5286 tv=0.4815 conf=0.4581 grad_norm=3.9534 tensors_with_grad=69/72
[train] step 46: T=528 positions=16 loss=1.4361 ce=3.3525 tv=0.4930 conf=0.5287 grad_norm=5.7475 tensors_with_grad=69/72
[train] step 47: T=538 positions=16 loss=1.6148 ce=3.6260 tv=0.4478 conf=0.5072 grad_norm=9.1615 tensors_with_grad=69/72
[train] step 48: T=572 positions=16 loss=1.6898 ce=4.2171 tv=0.4890 conf=0.6188 grad_norm=5.9172 tensors_with_grad=69/72
[train] step 49: T=536 positions=16 loss=0.9306 ce=2.4673 tv=0.3041 conf=0.7245 grad_norm=5.1514 tensors_with_grad=69/72
[train] step 50: T=673 positions=16 loss=1.9852 ce=4.6297 tv=0.5684 conf=0.4159 grad_norm=7.1167 tensors_with_grad=69/72
[train] step 51: T=603 positions=16 loss=0.4300 ce=1.7747 tv=0.1610 conf=0.4004 grad_norm=1.6373 tensors_with_grad=69/72
[train] step 52: T=532 positions=16 loss=1.0704 ce=2.4132 tv=0.3285 conf=0.4209 grad_norm=9.8121 tensors_with_grad=69/72
[train] step 53: T=618 positions=16 loss=0.7508 ce=2.0568 tv=0.3404 conf=0.6423 grad_norm=6.5137 tensors_with_grad=69/72
[train] step 54: T=539 positions=16 loss=0.4597 ce=1.3416 tv=0.2009 conf=0.5634 grad_norm=2.5314 tensors_with_grad=69/72
[train] step 55: T=569 positions=16 loss=1.3594 ce=3.1557 tv=0.3539 conf=0.4370 grad_norm=4.0817 tensors_with_grad=69/72
[train] step 56: T=589 positions=16 loss=1.7886 ce=4.2652 tv=0.5789 conf=0.6021 grad_norm=6.1582 tensors_with_grad=69/72
[train] step 57: T=653 positions=16 loss=2.1514 ce=5.7999 tv=0.5407 conf=0.4632 grad_norm=8.1557 tensors_with_grad=69/72
[train] step 58: T=675 positions=16 loss=1.4958 ce=3.9023 tv=0.4628 conf=0.4958 grad_norm=3.9499 tensors_with_grad=69/72
[train] step 59: T=599 positions=16 loss=2.0392 ce=5.9151 tv=0.5227 conf=0.4625 grad_norm=6.3386 tensors_with_grad=69/72
[train] step 60: T=901 positions=16 loss=1.4557 ce=3.9049 tv=0.4165 conf=0.3328 grad_norm=4.0310 tensors_with_grad=69/72
[train] step 61: T=597 positions=16 loss=0.5190 ce=1.2793 tv=0.1656 conf=0.3815 grad_norm=3.5304 tensors_with_grad=69/72
[train] step 62: T=613 positions=16 loss=0.1153 ce=0.4465 tv=0.1495 conf=0.5655 grad_norm=2.1068 tensors_with_grad=69/72
[train] step 63: T=546 positions=16 loss=0.6033 ce=1.4625 tv=0.2949 conf=0.5376 grad_norm=2.5910 tensors_with_grad=69/72
[train] step 64: T=535 positions=16 loss=0.0811 ce=0.2467 tv=0.0993 conf=0.3735 grad_norm=1.2346 tensors_with_grad=69/72
[train] step 65: T=527 positions=16 loss=1.9551 ce=3.7730 tv=0.6013 conf=0.4048 grad_norm=3.8876 tensors_with_grad=69/72
[train] step 66: T=672 positions=16 loss=2.2058 ce=4.8322 tv=0.5979 conf=0.4476 grad_norm=6.3853 tensors_with_grad=69/72
[train] step 67: T=535 positions=16 loss=1.6432 ce=4.0962 tv=0.5698 conf=0.6356 grad_norm=5.0103 tensors_with_grad=69/72
[train] step 68: T=629 positions=16 loss=1.2640 ce=2.8646 tv=0.4570 conf=0.4796 grad_norm=6.4376 tensors_with_grad=69/72
[train] step 69: T=529 positions=16 loss=1.1920 ce=2.8337 tv=0.3537 conf=0.5190 grad_norm=4.4277 tensors_with_grad=69/72
[train] step 70: T=544 positions=16 loss=0.2090 ce=0.7703 tv=0.1155 conf=0.3447 grad_norm=1.6833 tensors_with_grad=69/72
[train] step 71: T=1433 positions=16 loss=2.4746 ce=5.7110 tv=0.5876 conf=0.6091 grad_norm=5.3069 tensors_with_grad=69/72
[train] step 72: T=528 positions=16 loss=1.6351 ce=3.8650 tv=0.4124 conf=0.3776 grad_norm=6.3096 tensors_with_grad=69/72
[train] step 73: T=674 positions=16 loss=1.5465 ce=3.7948 tv=0.4851 conf=0.4869 grad_norm=6.2196 tensors_with_grad=69/72
[train] step 74: T=527 positions=16 loss=1.0646 ce=2.8518 tv=0.3284 conf=0.5568 grad_norm=4.2076 tensors_with_grad=69/72
[train] step 75: T=642 positions=16 loss=1.5479 ce=4.0451 tv=0.4931 conf=0.6539 grad_norm=3.6339 tensors_with_grad=69/72
[train] step 76: T=598 positions=16 loss=0.5759 ce=1.3805 tv=0.1975 conf=0.3687 grad_norm=6.0547 tensors_with_grad=69/72
[train] step 77: T=933 positions=16 loss=1.7365 ce=3.9024 tv=0.4722 conf=0.3503 grad_norm=4.4270 tensors_with_grad=69/72
[train] step 78: T=653 positions=16 loss=2.0852 ce=5.8569 tv=0.5998 conf=0.5239 grad_norm=15.4405 tensors_with_grad=69/72
[train] step 79: T=655 positions=16 loss=1.0367 ce=3.4447 tv=0.4164 conf=0.5984 grad_norm=4.8023 tensors_with_grad=69/72
[train] step 80: T=585 positions=16 loss=0.4577 ce=1.1543 tv=0.2061 conf=0.4963 grad_norm=2.0502 tensors_with_grad=69/72
[train] step 81: T=641 positions=16 loss=2.1340 ce=5.0348 tv=0.6091 conf=0.4553 grad_norm=7.4037 tensors_with_grad=69/72
[train] step 82: T=532 positions=16 loss=0.9896 ce=2.5444 tv=0.3046 conf=0.3701 grad_norm=4.8207 tensors_with_grad=69/72
[train] step 83: T=526 positions=16 loss=1.9844 ce=4.4504 tv=0.5739 conf=0.4808 grad_norm=6.4314 tensors_with_grad=69/72
[train] step 84: T=590 positions=16 loss=0.5199 ce=1.7517 tv=0.2641 conf=0.5485 grad_norm=3.1746 tensors_with_grad=69/72
[train] step 85: T=527 positions=16 loss=1.4565 ce=3.6981 tv=0.4802 conf=0.6236 grad_norm=3.2054 tensors_with_grad=69/72
[train] step 86: T=838 positions=16 loss=1.4014 ce=3.3267 tv=0.4545 conf=0.4345 grad_norm=4.5108 tensors_with_grad=69/72
[train] step 87: T=528 positions=16 loss=0.5197 ce=1.3475 tv=0.2199 conf=0.3548 grad_norm=2.1903 tensors_with_grad=69/72
[train] step 88: T=594 positions=16 loss=0.9336 ce=2.3031 tv=0.2833 conf=0.4496 grad_norm=9.2730 tensors_with_grad=69/72
[train] step 89: T=634 positions=16 loss=0.6954 ce=1.7632 tv=0.2716 conf=0.5907 grad_norm=2.9800 tensors_with_grad=69/72
[train] step 90: T=558 positions=16 loss=1.3038 ce=3.1372 tv=0.4417 conf=0.5434 grad_norm=6.9414 tensors_with_grad=69/72
[train] step 91: T=649 positions=16 loss=1.0854 ce=2.9404 tv=0.3461 conf=0.6063 grad_norm=3.7974 tensors_with_grad=69/72
[train] step 92: T=1085 positions=16 loss=1.7539 ce=4.0421 tv=0.4217 conf=0.3397 grad_norm=8.9310 tensors_with_grad=69/72
[train] step 93: T=575 positions=16 loss=0.7262 ce=1.9554 tv=0.2683 conf=0.5969 grad_norm=3.6776 tensors_with_grad=69/72
[train] step 94: T=611 positions=16 loss=0.4946 ce=1.3714 tv=0.2288 conf=0.4452 grad_norm=1.4184 tensors_with_grad=69/72
[train] step 95: T=529 positions=16 loss=2.0576 ce=4.5432 tv=0.6174 conf=0.3910 grad_norm=4.7688 tensors_with_grad=69/72
[train] step 96: T=526 positions=16 loss=1.4441 ce=3.7269 tv=0.4010 conf=0.3789 grad_norm=5.0124 tensors_with_grad=69/72
[train] step 97: T=576 positions=16 loss=1.1384 ce=2.8482 tv=0.3679 conf=0.5190 grad_norm=6.1277 tensors_with_grad=69/72
[train] step 98: T=674 positions=16 loss=1.9392 ce=4.4796 tv=0.5178 conf=0.4968 grad_norm=7.9113 tensors_with_grad=69/72
[train] step 99: T=535 positions=16 loss=0.5984 ce=1.2943 tv=0.2871 conf=0.4099 grad_norm=3.1590 tensors_with_grad=69/72
[train] step 100: T=975 positions=16 loss=2.0500 ce=5.4133 tv=0.4839 conf=0.5183 grad_norm=4.8785 tensors_with_grad=69/72
[train] step 101: T=1794 positions=16 loss=2.3846 ce=5.9648 tv=0.6025 conf=0.4593 grad_norm=4.0625 tensors_with_grad=69/72
[train] step 102: T=532 positions=16 loss=1.1032 ce=2.6550 tv=0.4569 conf=0.4998 grad_norm=5.4471 tensors_with_grad=69/72
[train] step 103: T=552 positions=16 loss=1.1702 ce=3.7895 tv=0.3720 conf=0.4680 grad_norm=6.2987 tensors_with_grad=69/72
[train] step 104: T=541 positions=16 loss=1.3114 ce=3.7299 tv=0.4039 conf=0.4934 grad_norm=6.9164 tensors_with_grad=69/72
[train] step 105: T=678 positions=16 loss=0.7075 ce=1.7778 tv=0.2928 conf=0.5013 grad_norm=8.4862 tensors_with_grad=69/72
[train] step 106: T=527 positions=16 loss=1.9624 ce=5.4329 tv=0.5509 conf=0.4687 grad_norm=4.1152 tensors_with_grad=69/72
[train] step 107: T=648 positions=16 loss=1.5469 ce=3.9781 tv=0.4981 conf=0.6802 grad_norm=3.8112 tensors_with_grad=69/72
[train] step 108: T=543 positions=16 loss=0.4583 ce=1.1166 tv=0.1738 conf=0.3385 grad_norm=5.5188 tensors_with_grad=69/72
[train] step 109: T=920 positions=16 loss=2.0440 ce=5.6966 tv=0.5503 conf=0.4823 grad_norm=7.1211 tensors_with_grad=69/72
[train] step 110: T=672 positions=16 loss=1.0033 ce=2.9032 tv=0.3703 conf=0.4389 grad_norm=4.9022 tensors_with_grad=69/72
[train] step 111: T=882 positions=16 loss=1.6433 ce=3.8915 tv=0.4336 conf=0.2930 grad_norm=4.6987 tensors_with_grad=69/72
[train] step 112: T=528 positions=16 loss=0.4369 ce=1.0322 tv=0.2347 conf=0.5445 grad_norm=3.6194 tensors_with_grad=69/72
[train] step 113: T=674 positions=16 loss=1.6532 ce=4.7618 tv=0.4766 conf=0.5046 grad_norm=5.2604 tensors_with_grad=69/72
[train] step 114: T=533 positions=16 loss=0.4489 ce=1.1649 tv=0.2043 conf=0.4097 grad_norm=6.2254 tensors_with_grad=69/72
[train] step 115: T=623 positions=16 loss=1.8630 ce=4.9762 tv=0.4530 conf=0.6979 grad_norm=5.3335 tensors_with_grad=69/72
[train] step 116: T=1190 positions=16 loss=1.9422 ce=4.8730 tv=0.4731 conf=0.4174 grad_norm=6.4139 tensors_with_grad=69/72
[train] step 117: T=627 positions=16 loss=1.0663 ce=2.5957 tv=0.3400 conf=0.4613 grad_norm=4.0961 tensors_with_grad=69/72
[train] step 118: T=638 positions=16 loss=1.4017 ce=3.6025 tv=0.5208 conf=0.4322 grad_norm=4.2624 tensors_with_grad=69/72
[train] step 119: T=605 positions=16 loss=1.2536 ce=3.5060 tv=0.4463 conf=0.4592 grad_norm=4.9867 tensors_with_grad=69/72
[train] step 120: T=664 positions=16 loss=0.4459 ce=0.9366 tv=0.2110 conf=0.4262 grad_norm=2.2291 tensors_with_grad=69/72
[train] step 121: T=530 positions=16 loss=1.5518 ce=4.2212 tv=0.3915 conf=0.3549 grad_norm=7.2143 tensors_with_grad=69/72
[train] step 122: T=541 positions=16 loss=0.3091 ce=0.8805 tv=0.1486 conf=0.3428 grad_norm=1.4666 tensors_with_grad=69/72
[train] step 123: T=533 positions=16 loss=0.7861 ce=2.1640 tv=0.2921 conf=0.4059 grad_norm=2.5366 tensors_with_grad=69/72
[train] step 124: T=616 positions=16 loss=1.1489 ce=3.1239 tv=0.3750 conf=0.4909 grad_norm=3.5318 tensors_with_grad=69/72
[train] step 125: T=672 positions=16 loss=2.3130 ce=5.1528 tv=0.6458 conf=0.4573 grad_norm=6.5191 tensors_with_grad=69/72
[train] step 126: T=524 positions=16 loss=1.6049 ce=3.9020 tv=0.4986 conf=0.4734 grad_norm=6.4383 tensors_with_grad=69/72
[train] step 127: T=1177 positions=16 loss=2.3060 ce=5.5959 tv=0.5626 conf=0.4089 grad_norm=4.8786 tensors_with_grad=69/72
[train] step 128: T=543 positions=16 loss=0.8457 ce=2.0342 tv=0.3236 conf=0.4452 grad_norm=4.2833 tensors_with_grad=69/72
[train] step 129: T=537 positions=16 loss=1.0298 ce=2.1829 tv=0.3342 conf=0.4011 grad_norm=6.1267 tensors_with_grad=69/72
[train] step 130: T=533 positions=16 loss=1.2296 ce=4.2010 tv=0.3265 conf=0.5605 grad_norm=19.1105 tensors_with_grad=69/72
[train] step 131: T=532 positions=16 loss=1.5093 ce=3.9936 tv=0.5143 conf=0.5905 grad_norm=5.3724 tensors_with_grad=69/72
[train] step 132: T=572 positions=16 loss=0.1858 ce=0.7769 tv=0.1283 conf=0.3919 grad_norm=1.7902 tensors_with_grad=69/72
[train] step 133: T=531 positions=16 loss=1.9377 ce=4.3787 tv=0.5977 conf=0.5005 grad_norm=6.8575 tensors_with_grad=69/72
[train] step 134: T=553 positions=16 loss=0.8989 ce=2.3062 tv=0.2297 conf=0.2598 grad_norm=5.4760 tensors_with_grad=69/72
[train] step 135: T=540 positions=16 loss=0.7911 ce=2.0303 tv=0.2810 conf=0.3516 grad_norm=4.4252 tensors_with_grad=69/72
[train] step 136: T=532 positions=16 loss=1.2413 ce=3.3745 tv=0.3511 conf=0.5170 grad_norm=5.3268 tensors_with_grad=69/72
[train] step 137: T=552 positions=16 loss=0.9651 ce=2.3044 tv=0.3002 conf=0.3928 grad_norm=4.1034 tensors_with_grad=69/72
[train] step 138: T=565 positions=16 loss=0.4894 ce=1.2495 tv=0.1901 conf=0.4991 grad_norm=2.0806 tensors_with_grad=69/72
[train] step 139: T=534 positions=16 loss=0.8022 ce=2.1668 tv=0.2938 conf=0.3675 grad_norm=2.9450 tensors_with_grad=69/72
[train] step 140: T=1720 positions=16 loss=2.3836 ce=5.2579 tv=0.6631 conf=0.4670 grad_norm=7.3331 tensors_with_grad=69/72
[train] step 141: T=539 positions=16 loss=1.2298 ce=3.7053 tv=0.4094 conf=0.5455 grad_norm=9.7874 tensors_with_grad=69/72
[train] step 142: T=1793 positions=16 loss=2.7501 ce=7.0374 tv=0.6511 conf=0.4133 grad_norm=7.1552 tensors_with_grad=69/72
[train] step 143: T=581 positions=16 loss=1.4360 ce=3.2941 tv=0.3980 conf=0.4346 grad_norm=6.4354 tensors_with_grad=69/72
[train] step 144: T=1033 positions=16 loss=2.9770 ce=7.7857 tv=0.6363 conf=0.3095 grad_norm=6.0505 tensors_with_grad=69/72
[train] step 145: T=544 positions=16 loss=0.7672 ce=1.9878 tv=0.2479 conf=0.3357 grad_norm=3.8581 tensors_with_grad=69/72
[train] step 146: T=1570 positions=16 loss=2.6200 ce=6.3184 tv=0.6532 conf=0.4646 grad_norm=4.9665 tensors_with_grad=69/72
[train] step 147: T=1007 positions=16 loss=1.8373 ce=4.4362 tv=0.4766 conf=0.4892 grad_norm=4.3995 tensors_with_grad=69/72
[train] step 148: T=656 positions=16 loss=0.6818 ce=2.3025 tv=0.2893 conf=0.4350 grad_norm=3.3671 tensors_with_grad=69/72
[train] step 149: T=605 positions=16 loss=0.4644 ce=1.5659 tv=0.2438 conf=0.4851 grad_norm=3.1828 tensors_with_grad=69/72
[train] step 150: T=1792 positions=16 loss=2.8777 ce=7.2902 tv=0.6138 conf=0.3191 grad_norm=6.4774 tensors_with_grad=69/72
[train] step 151: T=535 positions=16 loss=0.5257 ce=1.2911 tv=0.1212 conf=0.8516 grad_norm=3.0957 tensors_with_grad=69/72
[train] step 152: T=550 positions=16 loss=1.6527 ce=4.1358 tv=0.4481 conf=0.4726 grad_norm=4.1433 tensors_with_grad=69/72
[train] step 153: T=608 positions=16 loss=0.9812 ce=2.5160 tv=0.3852 conf=0.5693 grad_norm=6.0631 tensors_with_grad=69/72
[train] step 154: T=901 positions=16 loss=1.3172 ce=3.2378 tv=0.3815 conf=0.4616 grad_norm=5.3880 tensors_with_grad=69/72
[train] step 155: T=527 positions=16 loss=1.6686 ce=4.3076 tv=0.5442 conf=0.6871 grad_norm=5.6454 tensors_with_grad=69/72
[train] step 156: T=1058 positions=16 loss=1.4190 ce=3.9573 tv=0.4567 conf=0.4955 grad_norm=3.8116 tensors_with_grad=69/72
[train] step 157: T=629 positions=16 loss=0.7310 ce=2.0457 tv=0.2778 conf=0.3735 grad_norm=2.7657 tensors_with_grad=69/72
[train] step 158: T=532 positions=16 loss=0.5352 ce=1.3796 tv=0.2037 conf=0.3472 grad_norm=4.0807 tensors_with_grad=69/72
[train] step 159: T=674 positions=16 loss=1.2400 ce=3.2612 tv=0.4544 conf=0.4906 grad_norm=3.4384 tensors_with_grad=69/72
[train] step 160: T=546 positions=16 loss=0.3539 ce=0.8802 tv=0.1990 conf=0.4455 grad_norm=4.1891 tensors_with_grad=69/72
[train] step 161: T=574 positions=16 loss=0.9087 ce=2.0542 tv=0.3137 conf=0.5890 grad_norm=3.1475 tensors_with_grad=69/72
[train] step 162: T=675 positions=16 loss=1.0037 ce=2.9757 tv=0.3770 conf=0.5027 grad_norm=8.4612 tensors_with_grad=69/72
[train] step 163: T=549 positions=16 loss=0.9245 ce=2.3867 tv=0.3520 conf=0.4767 grad_norm=3.2006 tensors_with_grad=69/72
[train] step 164: T=671 positions=16 loss=1.3982 ce=3.5606 tv=0.5039 conf=0.5746 grad_norm=4.9603 tensors_with_grad=69/72
[train] step 165: T=609 positions=16 loss=0.7934 ce=1.8135 tv=0.3929 conf=0.5138 grad_norm=3.7840 tensors_with_grad=69/72
[train] step 166: T=570 positions=16 loss=2.0783 ce=5.0335 tv=0.4883 conf=0.4137 grad_norm=6.9622 tensors_with_grad=69/72
[train] step 167: T=540 positions=16 loss=0.7250 ce=1.8799 tv=0.3091 conf=0.5042 grad_norm=5.7318 tensors_with_grad=69/72
[train] step 168: T=618 positions=16 loss=1.0421 ce=2.9641 tv=0.3257 conf=0.5055 grad_norm=3.8892 tensors_with_grad=69/72
[train] step 169: T=524 positions=16 loss=2.1552 ce=5.3117 tv=0.5880 conf=0.4959 grad_norm=7.3149 tensors_with_grad=69/72
[train] step 170: T=673 positions=16 loss=1.6394 ce=4.5240 tv=0.4963 conf=0.6389 grad_norm=5.1586 tensors_with_grad=69/72
[train] step 171: T=526 positions=16 loss=0.5383 ce=1.3286 tv=0.2657 conf=0.5701 grad_norm=2.7446 tensors_with_grad=69/72
[train] step 172: T=531 positions=16 loss=0.9614 ce=2.8523 tv=0.3145 conf=0.3922 grad_norm=3.8458 tensors_with_grad=69/72
[train] step 173: T=536 positions=16 loss=0.5741 ce=1.5805 tv=0.2606 conf=0.4012 grad_norm=4.2723 tensors_with_grad=69/72
[train] step 174: T=601 positions=16 loss=0.5290 ce=1.4283 tv=0.2235 conf=0.4324 grad_norm=5.4141 tensors_with_grad=69/72
[train] step 175: T=647 positions=16 loss=1.4120 ce=3.6372 tv=0.4785 conf=0.6217 grad_norm=4.0633 tensors_with_grad=69/72
[train] step 176: T=532 positions=16 loss=0.6380 ce=1.7232 tv=0.2973 conf=0.4251 grad_norm=3.1013 tensors_with_grad=69/72
[train] step 177: T=544 positions=16 loss=0.6824 ce=1.9406 tv=0.2214 conf=0.2878 grad_norm=3.7570 tensors_with_grad=69/72
[train] step 178: T=673 positions=16 loss=1.5759 ce=3.9427 tv=0.5483 conf=0.5603 grad_norm=5.4276 tensors_with_grad=69/72
[train] step 179: T=593 positions=16 loss=0.4103 ce=0.9790 tv=0.2033 conf=0.3774 grad_norm=3.9947 tensors_with_grad=69/72
[train] step 180: T=568 positions=16 loss=0.4585 ce=1.4868 tv=0.1590 conf=0.5133 grad_norm=2.8428 tensors_with_grad=69/72
[train] step 181: T=589 positions=16 loss=0.2608 ce=0.6422 tv=0.1916 conf=0.4481 grad_norm=4.5180 tensors_with_grad=69/72
[train] step 182: T=526 positions=16 loss=0.5867 ce=1.8015 tv=0.2729 conf=0.5842 grad_norm=2.8747 tensors_with_grad=69/72
[train] step 183: T=538 positions=16 loss=0.2362 ce=0.8967 tv=0.1057 conf=0.2940 grad_norm=1.1223 tensors_with_grad=69/72
[train] step 184: T=1365 positions=16 loss=2.1260 ce=5.4126 tv=0.5386 conf=0.5904 grad_norm=13.7617 tensors_with_grad=69/72
[train] step 185: T=533 positions=16 loss=0.7006 ce=2.0406 tv=0.2745 conf=0.3868 grad_norm=5.7036 tensors_with_grad=69/72
[train] step 186: T=526 positions=16 loss=1.9268 ce=4.4734 tv=0.6212 conf=0.4407 grad_norm=6.4373 tensors_with_grad=69/72
[train] step 187: T=625 positions=16 loss=0.2888 ce=0.6498 tv=0.1457 conf=0.4914 grad_norm=0.9629 tensors_with_grad=69/72
[train] step 188: T=544 positions=16 loss=1.6350 ce=4.4603 tv=0.5106 conf=0.5670 grad_norm=4.0692 tensors_with_grad=69/72
[train] step 189: T=531 positions=16 loss=1.6506 ce=4.5776 tv=0.5255 conf=0.5566 grad_norm=6.6486 tensors_with_grad=69/72
[train] step 190: T=1057 positions=16 loss=1.5662 ce=4.1010 tv=0.4341 conf=0.4040 grad_norm=3.5964 tensors_with_grad=69/72
[train] step 191: T=1004 positions=16 loss=2.0059 ce=4.9725 tv=0.5476 conf=0.4088 grad_norm=8.3186 tensors_with_grad=69/72
[train] step 192: T=673 positions=16 loss=1.7917 ce=4.2932 tv=0.5283 conf=0.5124 grad_norm=7.0739 tensors_with_grad=69/72
[train] step 193: T=541 positions=16 loss=0.2287 ce=0.7837 tv=0.1507 conf=0.4317 grad_norm=2.6590 tensors_with_grad=69/72
[train] step 194: T=531 positions=16 loss=0.2715 ce=0.7323 tv=0.1601 conf=0.5839 grad_norm=1.4416 tensors_with_grad=69/72
[train] step 195: T=561 positions=16 loss=0.3786 ce=0.7879 tv=0.1968 conf=0.4570 grad_norm=5.0221 tensors_with_grad=69/72
[train] step 196: T=535 positions=16 loss=0.8748 ce=2.6288 tv=0.2946 conf=0.5270 grad_norm=5.1775 tensors_with_grad=69/72
[train] step 197: T=571 positions=16 loss=0.5709 ce=1.6400 tv=0.3031 conf=0.4799 grad_norm=4.1603 tensors_with_grad=69/72
[train] step 198: T=672 positions=16 loss=2.5489 ce=5.6245 tv=0.6728 conf=0.4617 grad_norm=8.5009 tensors_with_grad=69/72
[train] step 199: T=540 positions=16 loss=0.2129 ce=0.6218 tv=0.1185 conf=0.3891 grad_norm=4.2577 tensors_with_grad=69/72
[train] step 200: T=532 positions=16 loss=0.1303 ce=0.3058 tv=0.0781 conf=0.2669 grad_norm=1.0438 tensors_with_grad=69/72
[train] step 201: T=676 positions=16 loss=1.8266 ce=4.3945 tv=0.5578 conf=0.3967 grad_norm=5.1316 tensors_with_grad=69/72
[train] step 202: T=838 positions=16 loss=1.4213 ce=3.4967 tv=0.4077 conf=0.5150 grad_norm=3.9014 tensors_with_grad=69/72
[train] step 203: T=583 positions=16 loss=1.5497 ce=3.7036 tv=0.4370 conf=0.3652 grad_norm=5.1385 tensors_with_grad=69/72
[train] step 204: T=527 positions=16 loss=0.7262 ce=1.7559 tv=0.2653 conf=0.5299 grad_norm=2.4123 tensors_with_grad=69/72
[train] step 205: T=675 positions=16 loss=1.5576 ce=3.7617 tv=0.4141 conf=0.3240 grad_norm=5.4850 tensors_with_grad=69/72
[train] step 206: T=542 positions=16 loss=1.0408 ce=2.7401 tv=0.3277 conf=0.5194 grad_norm=5.5501 tensors_with_grad=69/72
[train] step 207: T=1211 positions=16 loss=2.0772 ce=5.0200 tv=0.4902 conf=0.4623 grad_norm=6.9419 tensors_with_grad=69/72
[train] step 208: T=527 positions=16 loss=0.2157 ce=0.6045 tv=0.0941 conf=0.3035 grad_norm=1.4353 tensors_with_grad=69/72
[train] step 209: T=1106 positions=16 loss=2.5771 ce=6.5875 tv=0.5785 conf=0.4802 grad_norm=7.4198 tensors_with_grad=69/72
[train] step 210: T=533 positions=16 loss=0.3262 ce=0.9465 tv=0.1871 conf=0.4707 grad_norm=2.3951 tensors_with_grad=69/72
[train] step 211: T=1721 positions=16 loss=2.2078 ce=5.4101 tv=0.5745 conf=0.6406 grad_norm=5.8072 tensors_with_grad=69/72
[train] step 212: T=616 positions=16 loss=0.5471 ce=1.2543 tv=0.2072 conf=0.4564 grad_norm=3.6809 tensors_with_grad=69/72
[train] step 213: T=672 positions=16 loss=1.6280 ce=4.6589 tv=0.4600 conf=0.4454 grad_norm=7.5452 tensors_with_grad=69/72
[train] step 214: T=529 positions=16 loss=1.7545 ce=3.9145 tv=0.5437 conf=0.4689 grad_norm=4.5295 tensors_with_grad=69/72
[train] step 215: T=536 positions=16 loss=0.2278 ce=0.9087 tv=0.1817 conf=0.7598 grad_norm=2.4641 tensors_with_grad=69/72
[train] step 216: T=550 positions=16 loss=1.3670 ce=3.4144 tv=0.4133 conf=0.3537 grad_norm=5.9819 tensors_with_grad=69/72
[train] step 217: T=1223 positions=16 loss=2.7099 ce=6.5469 tv=0.6360 conf=0.5628 grad_norm=8.0016 tensors_with_grad=69/72
[train] step 218: T=528 positions=16 loss=0.9647 ce=2.5100 tv=0.3753 conf=0.6915 grad_norm=7.8974 tensors_with_grad=69/72
[train] step 219: T=535 positions=16 loss=0.4620 ce=1.4233 tv=0.2011 conf=0.4337 grad_norm=5.4062 tensors_with_grad=69/72
[train] step 220: T=580 positions=16 loss=0.6257 ce=1.6599 tv=0.3036 conf=0.5457 grad_norm=5.0605 tensors_with_grad=69/72
[train] step 221: T=533 positions=16 loss=0.0664 ce=0.2579 tv=0.0719 conf=0.2501 grad_norm=0.7235 tensors_with_grad=69/72
[train] step 222: T=531 positions=16 loss=0.8188 ce=2.2594 tv=0.3146 conf=0.4115 grad_norm=5.6787 tensors_with_grad=69/72
[train] step 223: T=577 positions=16 loss=1.7205 ce=3.9019 tv=0.4952 conf=0.4370 grad_norm=4.8587 tensors_with_grad=69/72
[train] step 224: T=583 positions=16 loss=1.5483 ce=3.9573 tv=0.4483 conf=0.5208 grad_norm=7.6832 tensors_with_grad=69/72
[train] step 225: T=673 positions=16 loss=1.5764 ce=4.0390 tv=0.5082 conf=0.4721 grad_norm=5.2631 tensors_with_grad=69/72
[train] step 226: T=672 positions=16 loss=1.0142 ce=2.8013 tv=0.3412 conf=0.4910 grad_norm=6.0256 tensors_with_grad=69/72
[train] step 227: T=1189 positions=16 loss=2.1584 ce=5.4818 tv=0.5464 conf=0.4320 grad_norm=6.8919 tensors_with_grad=69/72
[train] step 228: T=534 positions=16 loss=1.8596 ce=5.0746 tv=0.5723 conf=0.4215 grad_norm=5.2208 tensors_with_grad=69/72
[train] step 229: T=531 positions=16 loss=0.7092 ce=1.9236 tv=0.2729 conf=0.4966 grad_norm=4.0155 tensors_with_grad=69/72
[train] step 230: T=678 positions=16 loss=1.5772 ce=4.0552 tv=0.4640 conf=0.5578 grad_norm=4.1586 tensors_with_grad=69/72
[train] step 231: T=525 positions=16 loss=1.5415 ce=3.9102 tv=0.4725 conf=0.5487 grad_norm=4.2856 tensors_with_grad=69/72
[train] step 232: T=674 positions=16 loss=0.6831 ce=1.7492 tv=0.2454 conf=0.5207 grad_norm=4.5484 tensors_with_grad=69/72
[train] step 233: T=550 positions=16 loss=0.1201 ce=0.5539 tv=0.1800 conf=0.5592 grad_norm=2.3886 tensors_with_grad=69/72
[train] step 234: T=534 positions=16 loss=1.0617 ce=2.9903 tv=0.3995 conf=0.5803 grad_norm=4.6600 tensors_with_grad=69/72
[train] step 235: T=607 positions=16 loss=0.9684 ce=2.6724 tv=0.3390 conf=0.5022 grad_norm=9.3960 tensors_with_grad=69/72
[train] step 236: T=529 positions=16 loss=2.2582 ce=5.8178 tv=0.6968 conf=0.5624 grad_norm=10.6175 tensors_with_grad=69/72
[train] step 237: T=538 positions=16 loss=1.6531 ce=3.7207 tv=0.5498 conf=0.4561 grad_norm=4.6792 tensors_with_grad=69/72
[train] step 238: T=538 positions=16 loss=0.3954 ce=1.1191 tv=0.2124 conf=0.4902 grad_norm=4.0254 tensors_with_grad=69/72
[train] step 239: T=538 positions=16 loss=0.5556 ce=1.5327 tv=0.1855 conf=0.2993 grad_norm=3.8371 tensors_with_grad=69/72
[train] step 240: T=851 positions=16 loss=2.6067 ce=6.6585 tv=0.6358 conf=0.4474 grad_norm=6.3452 tensors_with_grad=69/72
[train] step 241: T=533 positions=16 loss=0.9131 ce=2.6081 tv=0.3565 conf=0.5644 grad_norm=5.1307 tensors_with_grad=69/72
[train] step 242: T=1623 positions=16 loss=2.5236 ce=6.6826 tv=0.5489 conf=0.3514 grad_norm=4.4129 tensors_with_grad=69/72
[train] step 243: T=547 positions=16 loss=0.9138 ce=2.3380 tv=0.3178 conf=0.5195 grad_norm=3.7564 tensors_with_grad=69/72
[train] step 244: T=876 positions=16 loss=2.2225 ce=5.7142 tv=0.4960 conf=0.4071 grad_norm=4.6893 tensors_with_grad=69/72
[train] step 245: T=528 positions=16 loss=1.3294 ce=3.1792 tv=0.3060 conf=0.3286 grad_norm=7.3893 tensors_with_grad=69/72
[train] step 246: T=652 positions=16 loss=1.7825 ce=4.8901 tv=0.5614 conf=0.5974 grad_norm=4.1171 tensors_with_grad=69/72
[train] step 247: T=611 positions=16 loss=0.5998 ce=1.6959 tv=0.2794 conf=0.4677 grad_norm=3.8790 tensors_with_grad=69/72
[train] step 248: T=588 positions=16 loss=0.3606 ce=0.9244 tv=0.1414 conf=0.4752 grad_norm=2.9223 tensors_with_grad=69/72
[train] step 249: T=554 positions=16 loss=1.1691 ce=2.9845 tv=0.3057 conf=0.5233 grad_norm=4.5040 tensors_with_grad=69/72
[train] step 250: T=592 positions=16 loss=1.6131 ce=4.3719 tv=0.4394 conf=0.4305 grad_norm=4.9746 tensors_with_grad=69/72
[train] step 251: T=540 positions=16 loss=0.6031 ce=2.2551 tv=0.2869 conf=0.4686 grad_norm=4.2186 tensors_with_grad=69/72
[train] step 252: T=537 positions=16 loss=0.5835 ce=1.5476 tv=0.2952 conf=0.4549 grad_norm=8.1396 tensors_with_grad=69/72
[train] step 253: T=673 positions=16 loss=0.6565 ce=2.2296 tv=0.2877 conf=0.5082 grad_norm=4.7523 tensors_with_grad=69/72
[train] step 254: T=575 positions=16 loss=0.3687 ce=0.8873 tv=0.2082 conf=0.5499 grad_norm=3.8242 tensors_with_grad=69/72
[train] step 255: T=545 positions=16 loss=1.7586 ce=4.5482 tv=0.4934 conf=0.4930 grad_norm=7.0622 tensors_with_grad=69/72
[train] step 256: T=540 positions=16 loss=0.7110 ce=1.7272 tv=0.2680 conf=0.4936 grad_norm=2.6105 tensors_with_grad=69/72
[train] step 257: T=525 positions=16 loss=0.9787 ce=2.2823 tv=0.3627 conf=0.4000 grad_norm=4.8452 tensors_with_grad=69/72
[train] step 258: T=1002 positions=16 loss=2.4889 ce=6.7335 tv=0.6103 conf=0.5150 grad_norm=6.3773 tensors_with_grad=69/72
[train] step 259: T=599 positions=16 loss=0.9575 ce=2.4092 tv=0.2513 conf=0.3004 grad_norm=4.3059 tensors_with_grad=69/72
[train] step 260: T=566 positions=16 loss=0.5779 ce=1.5464 tv=0.2875 conf=0.5474 grad_norm=3.8417 tensors_with_grad=69/72
[train] step 261: T=542 positions=16 loss=1.0099 ce=3.3052 tv=0.3767 conf=0.5937 grad_norm=2.7265 tensors_with_grad=69/72
[train] step 262: T=571 positions=16 loss=1.8643 ce=5.0071 tv=0.5054 conf=0.4023 grad_norm=6.2017 tensors_with_grad=69/72
[train] step 263: T=551 positions=16 loss=2.1543 ce=5.1492 tv=0.4323 conf=0.4369 grad_norm=6.8385 tensors_with_grad=69/72
[train] step 264: T=557 positions=16 loss=1.6115 ce=3.8796 tv=0.4716 conf=0.6676 grad_norm=7.4855 tensors_with_grad=69/72
[train] step 265: T=1795 positions=16 loss=3.2008 ce=7.8540 tv=0.6635 conf=0.4334 grad_norm=12.7898 tensors_with_grad=69/72
[train] step 266: T=654 positions=16 loss=1.1272 ce=2.8480 tv=0.3995 conf=0.5706 grad_norm=4.8356 tensors_with_grad=69/72
[train] step 267: T=1011 positions=16 loss=1.8497 ce=4.2993 tv=0.4743 conf=0.3733 grad_norm=3.9886 tensors_with_grad=69/72
[train] step 268: T=673 positions=16 loss=1.3866 ce=4.0987 tv=0.4922 conf=0.5891 grad_norm=4.6700 tensors_with_grad=69/72
[train] step 269: T=588 positions=16 loss=1.5882 ce=4.1536 tv=0.4409 conf=0.2876 grad_norm=5.5672 tensors_with_grad=69/72
[train] step 270: T=540 positions=16 loss=0.9037 ce=2.4733 tv=0.3713 conf=0.6698 grad_norm=3.7230 tensors_with_grad=69/72
[train] step 271: T=667 positions=16 loss=0.2982 ce=0.8722 tv=0.1936 conf=0.4083 grad_norm=1.6045 tensors_with_grad=69/72
[train] step 272: T=952 positions=16 loss=2.1537 ce=5.5719 tv=0.5535 conf=0.4436 grad_norm=4.9872 tensors_with_grad=69/72
[train] step 273: T=862 positions=16 loss=1.7562 ce=4.3799 tv=0.4721 conf=0.4159 grad_norm=6.3586 tensors_with_grad=69/72
[train] step 274: T=945 positions=16 loss=2.5662 ce=6.8854 tv=0.6072 conf=0.5439 grad_norm=6.6257 tensors_with_grad=69/72
[train] step 275: T=545 positions=16 loss=1.3420 ce=3.3060 tv=0.4703 conf=0.5494 grad_norm=4.1099 tensors_with_grad=69/72
[train] step 276: T=677 positions=16 loss=1.0303 ce=2.7523 tv=0.3349 conf=0.3618 grad_norm=5.5610 tensors_with_grad=69/72
[train] step 277: T=659 positions=16 loss=1.7988 ce=4.2714 tv=0.4547 conf=0.3740 grad_norm=6.8686 tensors_with_grad=69/72
[train] step 278: T=676 positions=16 loss=0.9330 ce=2.2111 tv=0.3609 conf=0.4536 grad_norm=4.8457 tensors_with_grad=69/72
[train] step 279: T=525 positions=16 loss=1.3158 ce=3.0471 tv=0.5044 conf=0.6909 grad_norm=6.4012 tensors_with_grad=69/72
[train] step 280: T=568 positions=16 loss=1.5873 ce=3.8317 tv=0.4552 conf=0.4768 grad_norm=4.7407 tensors_with_grad=69/72
[train] step 281: T=613 positions=16 loss=0.7147 ce=1.4732 tv=0.2914 conf=0.5240 grad_norm=4.9336 tensors_with_grad=69/72
[train] step 282: T=535 positions=16 loss=0.6536 ce=1.3572 tv=0.2495 conf=0.4036 grad_norm=2.9721 tensors_with_grad=69/72
[train] step 283: T=524 positions=16 loss=1.7066 ce=3.7108 tv=0.4636 conf=0.4429 grad_norm=7.9622 tensors_with_grad=69/72
[train] step 284: T=529 positions=16 loss=1.0646 ce=2.8157 tv=0.3932 conf=0.4069 grad_norm=5.2017 tensors_with_grad=69/72
[train] step 285: T=549 positions=16 loss=0.7554 ce=1.9029 tv=0.2627 conf=0.4326 grad_norm=2.3729 tensors_with_grad=69/72
[train] step 286: T=878 positions=16 loss=1.9501 ce=5.0213 tv=0.5074 conf=0.4610 grad_norm=6.2094 tensors_with_grad=69/72
[train] step 287: T=570 positions=16 loss=0.9538 ce=2.4529 tv=0.3379 conf=0.4667 grad_norm=6.0087 tensors_with_grad=69/72
[train] step 288: T=675 positions=16 loss=1.0780 ce=3.2895 tv=0.3658 conf=0.5717 grad_norm=10.6944 tensors_with_grad=69/72
[train] step 289: T=590 positions=16 loss=1.6921 ce=3.5127 tv=0.5173 conf=0.5141 grad_norm=6.4239 tensors_with_grad=69/72
[train] step 290: T=619 positions=16 loss=0.4238 ce=1.3760 tv=0.2238 conf=0.4703 grad_norm=1.6503 tensors_with_grad=69/72
[train] step 291: T=540 positions=16 loss=0.6496 ce=1.8690 tv=0.1960 conf=0.4160 grad_norm=5.2073 tensors_with_grad=69/72
[train] step 292: T=557 positions=16 loss=1.7918 ce=3.8098 tv=0.4838 conf=0.4498 grad_norm=5.7116 tensors_with_grad=69/72
[train] step 293: T=674 positions=16 loss=1.8226 ce=4.4200 tv=0.5565 conf=0.3151 grad_norm=4.4409 tensors_with_grad=69/72
[train] step 294: T=551 positions=16 loss=0.9067 ce=2.3876 tv=0.2691 conf=0.4224 grad_norm=6.5226 tensors_with_grad=69/72
[train] step 295: T=536 positions=16 loss=1.1902 ce=2.8491 tv=0.4078 conf=0.5579 grad_norm=4.3874 tensors_with_grad=69/72
[train] step 296: T=562 positions=16 loss=0.7782 ce=1.6794 tv=0.2783 conf=0.4305 grad_norm=4.0605 tensors_with_grad=69/72
[train] step 297: T=914 positions=16 loss=2.0717 ce=5.5517 tv=0.4782 conf=0.4167 grad_norm=4.5405 tensors_with_grad=69/72
[train] step 298: T=603 positions=16 loss=1.3437 ce=3.0978 tv=0.3964 conf=0.5184 grad_norm=5.4645 tensors_with_grad=69/72
[train] step 299: T=637 positions=16 loss=1.1705 ce=3.4911 tv=0.3869 conf=0.5158 grad_norm=5.7906 tensors_with_grad=69/72
[train] step 300: T=678 positions=16 loss=1.8672 ce=4.2094 tv=0.5054 conf=0.3722 grad_norm=4.6159 tensors_with_grad=69/72
[train] step 301: T=1167 positions=16 loss=2.0874 ce=5.6426 tv=0.5789 conf=0.4937 grad_norm=5.4907 tensors_with_grad=69/72
[train] step 302: T=590 positions=16 loss=0.0872 ce=0.3036 tv=0.1180 conf=0.4080 grad_norm=2.3664 tensors_with_grad=69/72
[train] step 303: T=539 positions=16 loss=1.1738 ce=3.1238 tv=0.3314 conf=0.5127 grad_norm=4.7661 tensors_with_grad=69/72
[train] step 304: T=1006 positions=16 loss=1.4838 ce=3.4117 tv=0.4606 conf=0.4975 grad_norm=4.7180 tensors_with_grad=69/72
[train] step 305: T=528 positions=16 loss=2.2728 ce=6.3930 tv=0.6160 conf=0.4621 grad_norm=5.6926 tensors_with_grad=69/72
[train] step 306: T=535 positions=16 loss=0.7265 ce=1.9703 tv=0.3780 conf=0.5042 grad_norm=4.2060 tensors_with_grad=69/72
[train] step 307: T=607 positions=16 loss=0.9785 ce=2.5016 tv=0.3020 conf=0.4391 grad_norm=4.5025 tensors_with_grad=69/72
[train] step 308: T=540 positions=16 loss=0.2621 ce=0.7637 tv=0.1586 conf=0.3891 grad_norm=1.4265 tensors_with_grad=69/72
[train] step 309: T=1532 positions=16 loss=1.6954 ce=4.4556 tv=0.4539 conf=0.3454 grad_norm=12.3787 tensors_with_grad=69/72
[train] step 310: T=532 positions=16 loss=0.9115 ce=2.9197 tv=0.2860 conf=0.4281 grad_norm=5.6540 tensors_with_grad=69/72
[train] step 311: T=1716 positions=16 loss=2.5409 ce=6.5666 tv=0.5928 conf=0.4286 grad_norm=4.9746 tensors_with_grad=69/72
[train] step 312: T=545 positions=16 loss=1.2366 ce=3.1767 tv=0.3931 conf=0.6592 grad_norm=8.7358 tensors_with_grad=69/72
[train] step 313: T=606 positions=16 loss=1.1190 ce=2.6961 tv=0.3778 conf=0.3565 grad_norm=11.3990 tensors_with_grad=69/72
[train] step 314: T=582 positions=16 loss=0.5260 ce=1.1946 tv=0.2340 conf=0.3872 grad_norm=3.4956 tensors_with_grad=69/72
[train] step 315: T=615 positions=16 loss=1.6079 ce=4.4713 tv=0.4011 conf=0.4758 grad_norm=6.2413 tensors_with_grad=69/72
[train] step 316: T=534 positions=16 loss=1.0822 ce=2.7077 tv=0.3467 conf=0.4779 grad_norm=6.9824 tensors_with_grad=69/72
[train] step 317: T=542 positions=16 loss=1.0113 ce=2.2430 tv=0.3370 conf=0.3595 grad_norm=6.7069 tensors_with_grad=69/72
[train] step 318: T=626 positions=16 loss=0.9561 ce=2.3080 tv=0.3176 conf=0.3822 grad_norm=3.1038 tensors_with_grad=69/72
[train] step 319: T=525 positions=16 loss=1.4602 ce=3.6779 tv=0.4703 conf=0.3750 grad_norm=6.7469 tensors_with_grad=69/72
[train] step 320: T=627 positions=16 loss=0.1034 ce=0.3710 tv=0.1961 conf=0.8000 grad_norm=0.9598 tensors_with_grad=69/72
[train] step 321: T=641 positions=16 loss=1.2037 ce=3.7117 tv=0.3398 conf=0.4838 grad_norm=3.9427 tensors_with_grad=69/72
[train] step 322: T=605 positions=16 loss=0.7077 ce=1.8310 tv=0.3001 conf=0.4167 grad_norm=4.4689 tensors_with_grad=69/72
[train] step 323: T=532 positions=16 loss=0.6239 ce=1.3548 tv=0.2286 conf=0.4838 grad_norm=3.4580 tensors_with_grad=69/72
[train] step 324: T=526 positions=16 loss=1.8646 ce=4.5776 tv=0.5537 conf=0.5290 grad_norm=4.2481 tensors_with_grad=69/72
[train] step 325: T=545 positions=16 loss=0.3116 ce=0.8069 tv=0.1932 conf=0.4547 grad_norm=2.5659 tensors_with_grad=69/72
[train] step 326: T=561 positions=16 loss=1.0167 ce=2.9705 tv=0.3297 conf=0.5140 grad_norm=3.5228 tensors_with_grad=69/72
[train] step 327: T=540 positions=16 loss=0.7550 ce=1.7898 tv=0.2671 conf=0.5004 grad_norm=4.6287 tensors_with_grad=69/72
[train] step 328: T=1025 positions=16 loss=2.3330 ce=6.3185 tv=0.5584 conf=0.3399 grad_norm=6.1665 tensors_with_grad=69/72
[train] step 329: T=1316 positions=16 loss=1.9887 ce=5.3418 tv=0.4715 conf=0.3105 grad_norm=3.5196 tensors_with_grad=69/72
[train] step 330: T=593 positions=16 loss=1.4397 ce=3.7784 tv=0.5242 conf=0.7016 grad_norm=6.5306 tensors_with_grad=69/72
[train] step 331: T=1364 positions=16 loss=2.9125 ce=6.8126 tv=0.6350 conf=0.2419 grad_norm=8.0147 tensors_with_grad=69/72
[train] step 332: T=563 positions=16 loss=1.6633 ce=4.0991 tv=0.3717 conf=0.4276 grad_norm=3.5744 tensors_with_grad=69/72
[train] step 333: T=621 positions=16 loss=1.2482 ce=2.8405 tv=0.4335 conf=0.4622 grad_norm=5.3431 tensors_with_grad=69/72
[train] step 334: T=1798 positions=16 loss=2.0196 ce=5.4884 tv=0.4852 conf=0.6985 grad_norm=4.4230 tensors_with_grad=69/72
[train] step 335: T=565 positions=16 loss=1.6540 ce=3.6179 tv=0.4915 conf=0.3335 grad_norm=9.4724 tensors_with_grad=69/72
[train] step 336: T=592 positions=16 loss=1.1350 ce=2.7875 tv=0.3761 conf=0.4918 grad_norm=6.3472 tensors_with_grad=69/72
[train] step 337: T=559 positions=16 loss=0.4447 ce=1.3322 tv=0.1496 conf=0.2937 grad_norm=2.6241 tensors_with_grad=69/72
[train] step 338: T=538 positions=16 loss=0.1912 ce=0.6313 tv=0.0808 conf=0.3455 grad_norm=1.1120 tensors_with_grad=69/72
[train] step 339: T=554 positions=16 loss=1.2761 ce=2.9461 tv=0.3898 conf=0.6197 grad_norm=5.8502 tensors_with_grad=69/72
[train] step 340: T=577 positions=16 loss=1.9113 ce=5.0357 tv=0.5451 conf=0.5017 grad_norm=6.3748 tensors_with_grad=69/72
[train] step 341: T=630 positions=16 loss=0.5090 ce=1.0636 tv=0.1868 conf=0.3574 grad_norm=3.9751 tensors_with_grad=69/72
[train] step 342: T=672 positions=16 loss=1.5725 ce=4.0417 tv=0.4409 conf=0.6131 grad_norm=5.2655 tensors_with_grad=69/72
[train] step 343: T=536 positions=16 loss=0.2422 ce=0.6542 tv=0.1508 conf=0.4478 grad_norm=2.3275 tensors_with_grad=69/72
[train] step 344: T=528 positions=16 loss=0.8020 ce=2.0346 tv=0.2900 conf=0.3660 grad_norm=3.7655 tensors_with_grad=69/72
[train] step 345: T=547 positions=16 loss=1.5284 ce=3.6673 tv=0.4254 conf=0.3788 grad_norm=4.5668 tensors_with_grad=69/72
[train] step 346: T=639 positions=16 loss=0.5481 ce=1.4449 tv=0.2100 conf=0.4879 grad_norm=4.4773 tensors_with_grad=69/72
[train] step 347: T=602 positions=16 loss=0.7997 ce=2.8220 tv=0.3032 conf=0.4920 grad_norm=4.9754 tensors_with_grad=69/72
[train] step 348: T=665 positions=16 loss=0.2797 ce=0.8462 tv=0.1805 conf=0.4071 grad_norm=1.8492 tensors_with_grad=69/72
[train] step 349: T=600 positions=16 loss=1.5966 ce=4.1022 tv=0.4787 conf=0.4740 grad_norm=16.1853 tensors_with_grad=69/72
[train] step 350: T=1649 positions=16 loss=2.8905 ce=6.6025 tv=0.6465 conf=0.3543 grad_norm=5.9495 tensors_with_grad=69/72
[train] step 351: T=1232 positions=16 loss=1.9655 ce=4.4707 tv=0.6049 conf=0.4161 grad_norm=4.5241 tensors_with_grad=69/72
[train] step 352: T=528 positions=16 loss=1.3462 ce=3.0191 tv=0.4491 conf=0.5164 grad_norm=3.5775 tensors_with_grad=69/72
[train] step 353: T=1067 positions=16 loss=2.4225 ce=5.9854 tv=0.6110 conf=0.5812 grad_norm=5.9769 tensors_with_grad=69/72
[train] step 354: T=524 positions=16 loss=2.4093 ce=6.3614 tv=0.5807 conf=0.4342 grad_norm=5.9444 tensors_with_grad=69/72
[train] step 355: T=634 positions=16 loss=1.2070 ce=2.9102 tv=0.4246 conf=0.5156 grad_norm=4.0137 tensors_with_grad=69/72
[train] step 356: T=593 positions=16 loss=0.8691 ce=2.4446 tv=0.2838 conf=0.4911 grad_norm=2.2956 tensors_with_grad=69/72
[train] step 357: T=524 positions=16 loss=1.4013 ce=3.4056 tv=0.4839 conf=0.4155 grad_norm=7.2291 tensors_with_grad=69/72
[train] step 358: T=574 positions=16 loss=1.0865 ce=3.0131 tv=0.3932 conf=0.4823 grad_norm=7.0487 tensors_with_grad=69/72
[train] step 359: T=602 positions=16 loss=0.6787 ce=1.7679 tv=0.3174 conf=0.4165 grad_norm=4.6564 tensors_with_grad=69/72
[train] step 360: T=573 positions=16 loss=0.7110 ce=1.9037 tv=0.2009 conf=0.3490 grad_norm=4.4782 tensors_with_grad=69/72
[train] step 361: T=677 positions=16 loss=1.4043 ce=3.3254 tv=0.4236 conf=0.5945 grad_norm=7.2958 tensors_with_grad=69/72
[train] step 362: T=568 positions=16 loss=2.5227 ce=6.1479 tv=0.6512 conf=0.5773 grad_norm=6.1396 tensors_with_grad=69/72
[train] step 363: T=961 positions=16 loss=2.0250 ce=5.0324 tv=0.5208 conf=0.4559 grad_norm=8.3584 tensors_with_grad=69/72
[train] step 364: T=569 positions=16 loss=1.6708 ce=4.6058 tv=0.5385 conf=0.6455 grad_norm=5.5683 tensors_with_grad=69/72
[train] step 365: T=533 positions=16 loss=0.9083 ce=2.1682 tv=0.3730 conf=0.4234 grad_norm=7.2406 tensors_with_grad=69/72
[train] step 366: T=539 positions=16 loss=1.0748 ce=3.1106 tv=0.4431 conf=0.5718 grad_norm=3.2226 tensors_with_grad=69/72
[train] step 367: T=562 positions=16 loss=0.6815 ce=1.7008 tv=0.2655 conf=0.4810 grad_norm=3.3640 tensors_with_grad=69/72
[train] step 368: T=531 positions=16 loss=0.7374 ce=1.8338 tv=0.2018 conf=0.3025 grad_norm=3.5974 tensors_with_grad=69/72
[train] step 369: T=539 positions=16 loss=1.5780 ce=4.7154 tv=0.4781 conf=0.3919 grad_norm=6.7737 tensors_with_grad=69/72
[train] step 370: T=618 positions=16 loss=1.5034 ce=3.4166 tv=0.4269 conf=0.4803 grad_norm=11.8193 tensors_with_grad=69/72
[train] step 371: T=535 positions=16 loss=0.2479 ce=0.7066 tv=0.1261 conf=0.3043 grad_norm=2.5740 tensors_with_grad=69/72
[train] step 372: T=675 positions=16 loss=1.6212 ce=4.2794 tv=0.5069 conf=0.6908 grad_norm=5.9540 tensors_with_grad=69/72
[train] step 373: T=606 positions=16 loss=0.4060 ce=1.1597 tv=0.1292 conf=0.3641 grad_norm=2.8948 tensors_with_grad=69/72
[train] step 374: T=529 positions=16 loss=1.3372 ce=3.4466 tv=0.4288 conf=0.4615 grad_norm=3.7580 tensors_with_grad=69/72
[train] step 375: T=529 positions=16 loss=2.4238 ce=5.2458 tv=0.6812 conf=0.5260 grad_norm=6.0819 tensors_with_grad=69/72
[train] step 376: T=530 positions=16 loss=1.3609 ce=3.0604 tv=0.4675 conf=0.4305 grad_norm=4.5138 tensors_with_grad=69/72
[train] step 377: T=1003 positions=16 loss=1.8196 ce=4.6007 tv=0.4257 conf=0.3791 grad_norm=3.3194 tensors_with_grad=69/72
[train] step 378: T=551 positions=16 loss=1.5732 ce=4.0273 tv=0.4348 conf=0.3911 grad_norm=8.8673 tensors_with_grad=69/72
[train] step 379: T=810 positions=16 loss=1.2954 ce=3.1165 tv=0.3216 conf=0.2938 grad_norm=4.0963 tensors_with_grad=69/72
[train] step 380: T=533 positions=16 loss=0.6813 ce=1.6562 tv=0.2928 conf=0.5067 grad_norm=5.8166 tensors_with_grad=69/72
[train] step 381: T=672 positions=16 loss=1.6490 ce=4.0739 tv=0.5761 conf=0.4994 grad_norm=5.9511 tensors_with_grad=69/72
[train] step 382: T=1041 positions=16 loss=2.0553 ce=5.8587 tv=0.4797 conf=0.4823 grad_norm=7.1755 tensors_with_grad=69/72
[train] step 383: T=599 positions=16 loss=1.1021 ce=3.0110 tv=0.2993 conf=0.3630 grad_norm=4.0265 tensors_with_grad=69/72
[train] step 384: T=678 positions=16 loss=0.4310 ce=1.2212 tv=0.2266 conf=0.5450 grad_norm=2.8099 tensors_with_grad=69/72
[train] step 385: T=672 positions=16 loss=1.6837 ce=4.3682 tv=0.4858 conf=0.3866 grad_norm=7.5294 tensors_with_grad=69/72
[train] step 386: T=570 positions=16 loss=2.5793 ce=6.3916 tv=0.6416 conf=0.3734 grad_norm=8.6187 tensors_with_grad=69/72
[train] step 387: T=1218 positions=16 loss=2.4562 ce=6.5329 tv=0.6084 conf=0.5361 grad_norm=6.8947 tensors_with_grad=69/72
[train] step 388: T=529 positions=16 loss=0.9425 ce=2.3588 tv=0.3484 conf=0.3755 grad_norm=4.9538 tensors_with_grad=69/72
[train] step 389: T=532 positions=16 loss=0.6075 ce=1.6734 tv=0.2961 conf=0.5899 grad_norm=3.9345 tensors_with_grad=69/72
[train] step 390: T=541 positions=16 loss=0.7906 ce=2.3663 tv=0.2303 conf=0.2923 grad_norm=2.9984 tensors_with_grad=69/72
[train] step 391: T=531 positions=16 loss=0.8216 ce=2.2236 tv=0.3287 conf=0.5058 grad_norm=3.9085 tensors_with_grad=69/72
[train] step 392: T=630 positions=16 loss=0.4498 ce=1.0780 tv=0.2063 conf=0.4465 grad_norm=2.3891 tensors_with_grad=69/72
[train] step 393: T=1225 positions=16 loss=2.0906 ce=5.5296 tv=0.5435 conf=0.4556 grad_norm=4.1828 tensors_with_grad=69/72
[train] step 394: T=622 positions=16 loss=1.2251 ce=3.0489 tv=0.3857 conf=0.3554 grad_norm=5.7038 tensors_with_grad=69/72
[train] step 395: T=950 positions=16 loss=1.7132 ce=4.4656 tv=0.4479 conf=0.4977 grad_norm=5.8192 tensors_with_grad=69/72
[train] step 396: T=537 positions=16 loss=0.2552 ce=0.9435 tv=0.1145 conf=0.3162 grad_norm=1.6328 tensors_with_grad=69/72
[train] step 397: T=616 positions=16 loss=0.5930 ce=1.7131 tv=0.2397 conf=0.4871 grad_norm=6.2209 tensors_with_grad=69/72
[train] step 398: T=532 positions=16 loss=0.1717 ce=0.5189 tv=0.1211 conf=0.5537 grad_norm=1.6849 tensors_with_grad=69/72
[train] step 399: T=587 positions=16 loss=0.2345 ce=0.5715 tv=0.1659 conf=0.3920 grad_norm=1.5890 tensors_with_grad=69/72
[train] step 400: T=611 positions=16 loss=1.8127 ce=3.9871 tv=0.4772 conf=0.3804 grad_norm=6.0590 tensors_with_grad=69/72
[train] step 401: T=534 positions=16 loss=0.2983 ce=1.0190 tv=0.1777 conf=0.3578 grad_norm=1.9985 tensors_with_grad=69/72
[train] step 402: T=532 positions=16 loss=0.0885 ce=0.2736 tv=0.1124 conf=0.3962 grad_norm=0.5639 tensors_with_grad=69/72
[train] step 403: T=525 positions=16 loss=0.7840 ce=1.9906 tv=0.2547 conf=0.4515 grad_norm=4.5562 tensors_with_grad=69/72
[train] step 404: T=628 positions=16 loss=1.1441 ce=2.7150 tv=0.4144 conf=0.5520 grad_norm=4.5804 tensors_with_grad=69/72
[train] step 405: T=940 positions=16 loss=2.0944 ce=5.2318 tv=0.5183 conf=0.4951 grad_norm=7.6244 tensors_with_grad=69/72
[train] step 406: T=672 positions=16 loss=0.6394 ce=1.7254 tv=0.2946 conf=0.3580 grad_norm=5.1614 tensors_with_grad=69/72
[train] step 407: T=642 positions=16 loss=1.6102 ce=3.9583 tv=0.5028 conf=0.5861 grad_norm=4.4855 tensors_with_grad=69/72
[train] step 408: T=673 positions=16 loss=1.6945 ce=3.8464 tv=0.5580 conf=0.5232 grad_norm=8.4626 tensors_with_grad=69/72
[train] step 409: T=532 positions=16 loss=0.7117 ce=2.0337 tv=0.3081 conf=0.5064 grad_norm=3.2181 tensors_with_grad=69/72
[train] step 410: T=528 positions=16 loss=1.7299 ce=4.8890 tv=0.5384 conf=0.4718 grad_norm=5.8936 tensors_with_grad=69/72
[train] step 411: T=585 positions=16 loss=1.1649 ce=2.9084 tv=0.4391 conf=0.4791 grad_norm=3.7869 tensors_with_grad=69/72
[train] step 412: T=544 positions=16 loss=0.6453 ce=1.7721 tv=0.2236 conf=0.4899 grad_norm=5.8241 tensors_with_grad=69/72
[train] step 413: T=544 positions=16 loss=0.1883 ce=0.7403 tv=0.1787 conf=0.5058 grad_norm=1.1399 tensors_with_grad=69/72
[train] step 414: T=674 positions=16 loss=1.4352 ce=3.8495 tv=0.4824 conf=0.4084 grad_norm=4.8371 tensors_with_grad=69/72
[train] step 415: T=558 positions=16 loss=0.5294 ce=1.4922 tv=0.2423 conf=0.4279 grad_norm=4.7006 tensors_with_grad=69/72
[train] step 416: T=596 positions=16 loss=0.9189 ce=2.0819 tv=0.3805 conf=0.3889 grad_norm=5.9520 tensors_with_grad=69/72
[train] step 417: T=644 positions=16 loss=1.4555 ce=3.7046 tv=0.5127 conf=0.5908 grad_norm=4.3986 tensors_with_grad=69/72
[train] step 418: T=676 positions=16 loss=1.0245 ce=2.6110 tv=0.3629 conf=0.4698 grad_norm=10.5797 tensors_with_grad=69/72
[train] step 419: T=643 positions=16 loss=1.2185 ce=3.1963 tv=0.4589 conf=0.4313 grad_norm=3.4107 tensors_with_grad=69/72
[train] step 420: T=526 positions=16 loss=0.6138 ce=1.4265 tv=0.1730 conf=0.1966 grad_norm=2.7196 tensors_with_grad=69/72
[train] step 421: T=540 positions=16 loss=0.3942 ce=0.8658 tv=0.1209 conf=0.5005 grad_norm=2.1552 tensors_with_grad=69/72
[train] step 422: T=665 positions=16 loss=1.7711 ce=4.4102 tv=0.5430 conf=0.6428 grad_norm=8.4167 tensors_with_grad=69/72
[train] step 423: T=530 positions=16 loss=1.7443 ce=4.2738 tv=0.4403 conf=0.5070 grad_norm=7.2142 tensors_with_grad=69/72
[train] step 424: T=526 positions=16 loss=1.3775 ce=3.5282 tv=0.3424 conf=0.3109 grad_norm=7.1020 tensors_with_grad=69/72
[train] step 425: T=539 positions=16 loss=0.3459 ce=1.4509 tv=0.2073 conf=0.4846 grad_norm=2.7783 tensors_with_grad=69/72
[train] step 426: T=548 positions=16 loss=1.2230 ce=3.1571 tv=0.3844 conf=0.4064 grad_norm=4.2507 tensors_with_grad=69/72
[train] step 427: T=545 positions=16 loss=0.6912 ce=2.1110 tv=0.2574 conf=0.3796 grad_norm=3.8889 tensors_with_grad=69/72
[train] step 428: T=889 positions=16 loss=2.2708 ce=5.2420 tv=0.5921 conf=0.4025 grad_norm=16.5287 tensors_with_grad=69/72
[train] step 429: T=673 positions=16 loss=1.0719 ce=2.8053 tv=0.3512 conf=0.3315 grad_norm=3.3638 tensors_with_grad=69/72
[train] step 430: T=597 positions=16 loss=0.3261 ce=0.9282 tv=0.1927 conf=0.4018 grad_norm=2.8575 tensors_with_grad=69/72
[train] step 431: T=601 positions=16 loss=0.6175 ce=2.5552 tv=0.2738 conf=0.3783 grad_norm=3.4720 tensors_with_grad=69/72
[train] step 432: T=525 positions=16 loss=1.1532 ce=3.0661 tv=0.5098 conf=0.6930 grad_norm=4.2762 tensors_with_grad=69/72
[train] step 433: T=541 positions=16 loss=0.2098 ce=0.4035 tv=0.1441 conf=0.3437 grad_norm=2.2727 tensors_with_grad=69/72
[train] step 434: T=561 positions=16 loss=0.6854 ce=1.8970 tv=0.2649 conf=0.4017 grad_norm=3.6847 tensors_with_grad=69/72
[train] step 435: T=556 positions=16 loss=0.9041 ce=2.8259 tv=0.2626 conf=0.2865 grad_norm=3.3454 tensors_with_grad=69/72
[train] step 436: T=541 positions=16 loss=0.3035 ce=0.7172 tv=0.1934 conf=0.4428 grad_norm=3.0034 tensors_with_grad=69/72
[train] step 437: T=582 positions=16 loss=1.4929 ce=3.4728 tv=0.4374 conf=0.4961 grad_norm=7.5935 tensors_with_grad=69/72
[train] step 438: T=543 positions=16 loss=1.2625 ce=3.8706 tv=0.3298 conf=0.3651 grad_norm=7.6232 tensors_with_grad=69/72
[train] step 439: T=636 positions=16 loss=1.0276 ce=2.3164 tv=0.4192 conf=0.6485 grad_norm=5.5772 tensors_with_grad=69/72
[train] step 440: T=530 positions=16 loss=1.2606 ce=3.0310 tv=0.4964 conf=0.5785 grad_norm=4.4310 tensors_with_grad=69/72
[train] step 441: T=581 positions=16 loss=1.3543 ce=2.8391 tv=0.4349 conf=0.5853 grad_norm=9.3134 tensors_with_grad=69/72
[train] step 442: T=569 positions=16 loss=0.7729 ce=2.2446 tv=0.2953 conf=0.3278 grad_norm=2.6442 tensors_with_grad=69/72
[train] step 443: T=573 positions=16 loss=0.9818 ce=2.3028 tv=0.3085 conf=0.5157 grad_norm=3.9584 tensors_with_grad=69/72
[train] step 444: T=543 positions=16 loss=1.5958 ce=4.6445 tv=0.4879 conf=0.5776 grad_norm=8.2426 tensors_with_grad=69/72
[train] step 445: T=546 positions=16 loss=0.5113 ce=1.4111 tv=0.1660 conf=0.4185 grad_norm=4.8068 tensors_with_grad=69/72
[train] step 446: T=672 positions=16 loss=1.9970 ce=5.0485 tv=0.5983 conf=0.6896 grad_norm=5.3401 tensors_with_grad=69/72
[train] step 447: T=604 positions=16 loss=1.5851 ce=4.7299 tv=0.4911 conf=0.5573 grad_norm=8.3781 tensors_with_grad=69/72
[train] step 448: T=622 positions=16 loss=1.1305 ce=2.6256 tv=0.3380 conf=0.2618 grad_norm=3.5579 tensors_with_grad=69/72
[train] step 449: T=542 positions=16 loss=1.1157 ce=2.9510 tv=0.3876 conf=0.4823 grad_norm=5.1968 tensors_with_grad=69/72
[train] step 450: T=539 positions=16 loss=0.5971 ce=2.0618 tv=0.2527 conf=0.6833 grad_norm=2.6321 tensors_with_grad=69/72
[train] step 451: T=636 positions=16 loss=0.4905 ce=1.4452 tv=0.3003 conf=0.6345 grad_norm=3.7504 tensors_with_grad=69/72
[train] step 452: T=587 positions=16 loss=0.4003 ce=1.2242 tv=0.1357 conf=0.4387 grad_norm=1.9242 tensors_with_grad=69/72
[train] step 453: T=633 positions=16 loss=1.6153 ce=3.8049 tv=0.4291 conf=0.4108 grad_norm=4.7853 tensors_with_grad=69/72
[train] step 454: T=536 positions=16 loss=0.2300 ce=0.7474 tv=0.1074 conf=0.3037 grad_norm=1.4397 tensors_with_grad=69/72
[train] step 455: T=529 positions=16 loss=0.8382 ce=2.6531 tv=0.2770 conf=0.6218 grad_norm=3.5723 tensors_with_grad=69/72
[train] step 456: T=580 positions=16 loss=0.2741 ce=0.8263 tv=0.1838 conf=0.4811 grad_norm=3.0121 tensors_with_grad=69/72
[train] step 457: T=1549 positions=16 loss=2.5016 ce=5.8935 tv=0.6110 conf=0.2709 grad_norm=5.4949 tensors_with_grad=69/72
[train] step 458: T=636 positions=16 loss=0.7996 ce=2.1775 tv=0.3305 conf=0.5507 grad_norm=11.3064 tensors_with_grad=69/72
[train] step 459: T=899 positions=16 loss=1.4137 ce=3.5055 tv=0.3530 conf=0.5147 grad_norm=3.4354 tensors_with_grad=69/72
[train] step 460: T=611 positions=16 loss=0.2972 ce=0.7653 tv=0.1349 conf=0.4138 grad_norm=2.6421 tensors_with_grad=69/72
[train] step 461: T=533 positions=16 loss=0.5647 ce=1.3090 tv=0.2272 conf=0.3155 grad_norm=3.2945 tensors_with_grad=69/72
[train] step 462: T=567 positions=16 loss=1.8385 ce=4.6423 tv=0.5053 conf=0.6012 grad_norm=7.3025 tensors_with_grad=69/72
[train] step 463: T=539 positions=16 loss=0.4014 ce=0.7898 tv=0.1361 conf=0.2516 grad_norm=1.9068 tensors_with_grad=69/72
[train] step 464: T=539 positions=16 loss=0.5397 ce=1.2637 tv=0.1608 conf=0.3317 grad_norm=3.1694 tensors_with_grad=69/72
[train] step 465: T=663 positions=16 loss=0.9119 ce=2.1424 tv=0.3152 conf=0.4042 grad_norm=4.3371 tensors_with_grad=69/72
[train] step 466: T=601 positions=16 loss=0.9209 ce=2.4853 tv=0.3473 conf=0.4482 grad_norm=2.5024 tensors_with_grad=69/72
[train] step 467: T=532 positions=16 loss=0.5414 ce=1.5767 tv=0.1602 conf=0.3449 grad_norm=4.2483 tensors_with_grad=69/72
[train] step 468: T=575 positions=16 loss=1.5506 ce=3.8111 tv=0.4903 conf=0.5328 grad_norm=3.9363 tensors_with_grad=69/72
[train] step 469: T=542 positions=16 loss=0.3440 ce=0.9554 tv=0.1923 conf=0.5041 grad_norm=3.4772 tensors_with_grad=69/72
[train] step 470: T=1125 positions=16 loss=1.3098 ce=3.2079 tv=0.3796 conf=0.4488 grad_norm=5.9884 tensors_with_grad=69/72
[train] step 471: T=586 positions=16 loss=0.7457 ce=2.6988 tv=0.3451 conf=0.5530 grad_norm=4.6158 tensors_with_grad=69/72
[train] step 472: T=576 positions=16 loss=0.7317 ce=1.8388 tv=0.2930 conf=0.5097 grad_norm=3.3824 tensors_with_grad=69/72
[train] step 473: T=534 positions=16 loss=1.0402 ce=2.2562 tv=0.3423 conf=0.6774 grad_norm=6.5637 tensors_with_grad=69/72
[train] step 474: T=535 positions=16 loss=1.1816 ce=3.1107 tv=0.3604 conf=0.4869 grad_norm=6.5664 tensors_with_grad=69/72
[train] step 475: T=663 positions=16 loss=1.5756 ce=3.8211 tv=0.5573 conf=0.5037 grad_norm=5.9945 tensors_with_grad=69/72
[train] step 476: T=593 positions=16 loss=1.7657 ce=4.2344 tv=0.4140 conf=0.3388 grad_norm=9.8369 tensors_with_grad=69/72
[train] step 477: T=672 positions=16 loss=2.0330 ce=5.0624 tv=0.5822 conf=0.5426 grad_norm=5.7699 tensors_with_grad=69/72
[train] step 478: T=572 positions=16 loss=1.7536 ce=4.2004 tv=0.4692 conf=0.5118 grad_norm=7.6812 tensors_with_grad=69/72
[train] step 479: T=672 positions=16 loss=1.8001 ce=4.1517 tv=0.5126 conf=0.4590 grad_norm=4.2339 tensors_with_grad=69/72
[train] step 480: T=557 positions=16 loss=0.5937 ce=1.4085 tv=0.2358 conf=0.3647 grad_norm=3.4161 tensors_with_grad=69/72
[train] step 481: T=676 positions=16 loss=1.3773 ce=3.4971 tv=0.4401 conf=0.5420 grad_norm=4.5780 tensors_with_grad=69/72
[train] step 482: T=676 positions=16 loss=1.6988 ce=3.9389 tv=0.5309 conf=0.4321 grad_norm=3.4833 tensors_with_grad=69/72
[train] step 483: T=526 positions=16 loss=1.9455 ce=4.1083 tv=0.5901 conf=0.5951 grad_norm=9.1160 tensors_with_grad=69/72
[train] step 484: T=585 positions=16 loss=0.8734 ce=1.9404 tv=0.2775 conf=0.5637 grad_norm=3.2494 tensors_with_grad=69/72
[train] step 485: T=542 positions=16 loss=0.6756 ce=1.8967 tv=0.3462 conf=0.5004 grad_norm=5.2593 tensors_with_grad=69/72
[train] step 486: T=572 positions=16 loss=0.8704 ce=1.9934 tv=0.3079 conf=0.5710 grad_norm=5.8388 tensors_with_grad=69/72
[train] step 487: T=567 positions=16 loss=1.6072 ce=3.7039 tv=0.4968 conf=0.5610 grad_norm=9.4557 tensors_with_grad=69/72
[train] step 488: T=591 positions=16 loss=0.8433 ce=2.2236 tv=0.3041 conf=0.5640 grad_norm=18.3725 tensors_with_grad=69/72
[train] step 489: T=536 positions=16 loss=0.1573 ce=0.4147 tv=0.0625 conf=0.2265 grad_norm=1.3474 tensors_with_grad=69/72
[diag] draft-argmax == TARGET-argmax : 60.5%  | == ground-truth token: 60.2%
[diag] mean top-1 prob  target 0.840  draft 0.737   (TV near 1 with a PEAKED draft => misalignment; with a FLAT draft => genuine)
[train] saved 72 trained tensors -> /tmp/calib_discard_s3recap-conf0.1/mtp_trained.safetensors
[train] saved AdamW state -> /tmp/calib_discard_s3recap-conf0.1/opt_state.pt (needed for --resume to be equivalent to one continuous run)
[train] TRAIN OK
