gemm_bench — decode-critical GEMMs on synthetic weights of the REAL shapes
roofline: 240 GB/s achievable (tools/bw_probe.cu)   reps=50

kernel / shape                M       N      K       w_MB         ms      GB/s   %%roof
--------------------------------------------------------------------------------------------
MLA wq_a (GEMV)               1    1024   4096       4.19     0.0206     203.6    84.8%
MLA wq_a (mma)                2    1024   4096       4.19     0.0266     157.7    65.7%
MLA wq_a (mma)                3    1024   4096       4.19     0.0267     156.9    65.4%
MLA wq_a (mma)                5    1024   4096       4.19     0.0287     146.2    60.9%
MLA wq_a (mma)                8    1024   4096       4.19     0.0308     136.1    56.7%
MLA wq_a (mma)               16    1024   4096       4.19     0.0431      97.4    40.6%
MLA wq_b (GEMV)               1   32768   1024      33.55     0.1451     231.3    96.4%
MLA wq_b (mma)                2   32768   1024      33.55     0.0957     350.6   146.1%
MLA wq_b (mma)                3   32768   1024      33.55     0.1010     332.3   138.4%
MLA wq_b (mma)                5   32768   1024      33.55     0.1167     287.6   119.8%
MLA wq_b (mma)                8   32768   1024      33.55     0.1433     234.2    97.6%
MLA wq_b (mma)               16   32768   1024      33.55     0.2181     153.8    64.1%
MLA wkv (GEMV)                1     512   4096       2.10     0.0144     146.0    60.8%
MLA wkv (mma)                 2     512   4096       2.10     0.0205     102.1    42.5%
MLA wkv (mma)                 3     512   4096       2.10     0.0205     102.2    42.6%
MLA wkv (mma)                 5     512   4096       2.10     0.0205     102.2    42.6%
MLA wkv (mma)                 8     512   4096       2.10     0.0223      93.8    39.1%
MLA wkv (mma)                16     512   4096       2.10     0.0267      78.6    32.7%
MLA wo_b (GEMV)               1    4096   8192      33.55     0.1314     255.3   106.4%
MLA wo_b (mma)                2    4096   8192      33.55     0.1239     270.8   112.9%
MLA wo_b (mma)                3    4096   8192      33.55     0.1308     256.4   106.9%
MLA wo_b (mma)                5    4096   8192      33.55     0.1489     225.3    93.9%
MLA wo_b (mma)                8    4096   8192      33.55     0.1816     184.8    77.0%
MLA wo_b (mma)               16    4096   8192      33.55     0.2754     121.9    50.8%

M=1 -> M>=2 step (Finding 15): per-token cost of the SAME weight read
shape                 M=1        M=2        M=3        M=5        M=8       M=16
MLA wq_a          0.0206    0.0266    0.0267    0.0287    0.0308    0.0431   ms/call
MLA wq_b          0.1451    0.0957    0.1010    0.1167    0.1433    0.2181   ms/call
MLA wkv           0.0144    0.0205    0.0205    0.0205    0.0223    0.0267   ms/call
MLA wo_b          0.1314    0.1239    0.1308    0.1489    0.1816    0.2754   ms/call

If the M=1 GEMV is bandwidth-optimal and the m16 mma is latency-bound, M=2 costs
MUCH more than M=1 for the same weight bytes, then stays ~flat to M=16.

MXFP4 grouped MoE (w1 shape [2048,4096], 160 experts, top-6)
path                       M  |union|       w_MB         ms      GB/s   %%roof
--------------------------------------------------------------------------------
grouped mma (default)      1        6      25.17     0.2070     121.6    50.7%
grouped GEMV (MOE_GEMV)     1        6      25.17     0.0720     349.6   145.7%
grouped mma (default)      2       12      50.33     0.4010     125.5    52.3%
grouped GEMV (MOE_GEMV)     2       12      50.33     0.1945     258.8   107.8%
grouped mma (default)      3       18      75.50     0.5892     128.1    53.4%
grouped GEMV (MOE_GEMV)     3       18      75.50     0.2948     256.1   106.7%
grouped mma (default)      5       30     125.83     0.9636     130.6    54.4%
grouped GEMV (MOE_GEMV)     5       30     125.83     0.4953     254.1   105.9%
grouped mma (default)      8       48     201.33     1.5336     131.3    54.7%
grouped GEMV (MOE_GEMV)     8       48     201.33     0.7918     254.3   105.9%

MoE is 30.8% of B_tok. If this sits far below the MLA GEMMs' efficiency, the
ROOFLINE.md §6 priority order (MLA #1, MoE #2) is inverted by measurement.

--- Finding 15 suspects: per-CALL cost vs M (ms) ---
                              M=1        M=2        M=3        M=5        M=8   per-layer x43
ogroup_gemm_fp8           0.0255    0.0273    0.0309    0.0342    0.0535   -> M=1 1.1 ms, M=5 1.5 ms
hc_pre + sinkhorn         0.0268    0.0288    0.0308    0.0349    0.0396   -> M=1 2.3 ms, M=5 3.0 ms (x2/layer: attn+ffn)
  of which sinkhorn       0.0165    0.0165    0.0165    0.0165    0.0166   -> 61.6% of hc_pre at M=1, 1.4 ms/step

The M>=2 penalty to explain is ~72 ms across 43 layers. Whichever of these jumps
at M=2 and stays flat to M=8 is the mechanism.

--- wq_b [32768,1024]: HOT (one weight, reused) vs COLD (12 rotating copies) ---
                     M=1       M=2       M=3       M=5       M=8   M1->M2
HOT               0.1449    0.2461    0.3508    0.1155    0.1449    1.70x
COLD m16          0.1580    0.1437    0.1454    0.1495    0.1570    0.91x
COLD GEMV         0.1587    0.2643    0.3542    0.5166    0.7694    1.67x

--- COLD crossover on the real verify shapes: ms (GB/s) ---
shape                M                GEMV      m16 plain       m16+smem   m16+smem B+4   cpa NS=2 B+4   cpa NS=4 B+4   cpa NS=8 B+4
wq_a   [1024,4096]   M=1      0.0276(152)   0.0275(152)   0.0268(156)   0.0301(139)   0.0315(133)   0.0300(140)   0.0301(139)
wq_a   [1024,4096]   M=2      0.0472( 89)   0.0835( 50)   0.0337(124)   0.0376(112)   0.0485( 87)   0.0468( 90)   0.0473( 89)
wq_a   [1024,4096]   M=3      0.0553( 76)   0.0835( 50)   0.0349(120)   0.0386(109)   0.0494( 85)   0.0481( 87)   0.0475( 88)
wq_a   [1024,4096]   M=5      0.0758( 55)   0.0834( 50)   0.0368(114)   0.0402(104)   0.0503( 83)   0.0498( 84)   0.0490( 86)
wq_a   [1024,4096]   M=8      0.1221( 34)   0.0845( 50)   0.0390(108)   0.0444( 94)   0.0507( 83)   0.0511( 82)   0.0511( 82)
wq_b   [4096,1024]   M=1      0.0247(170)   0.0253(166)   0.0247(170)   0.0255(164)   0.0257(163)   0.0257(163)   0.0263(159)
wq_b   [4096,1024]   M=2      0.0382(110)   0.0610( 69)   0.0263(159)   0.0286(147)   0.0343(122)   0.0394(106)   0.0397(106)
wq_b   [4096,1024]   M=3      0.0493( 85)   0.0615( 68)   0.0258(162)   0.0292(144)   0.0341(123)   0.0405(104)   0.0404(104)
wq_b   [4096,1024]   M=5      0.0698( 60)   0.0633( 66)   0.0272(154)   0.0307(137)   0.0373(113)   0.0425( 99)   0.0414(101)
wq_b   [4096,1024]   M=8      0.1029( 41)   0.0613( 68)   0.0312(135)   0.0342(123)   0.0374(112)   0.0462( 91)   0.0441( 95)
wkv    [512,4096]    M=1      0.0164(128)   0.0164(128)   0.0164(128)   0.0165(127)   0.0165(127)   0.0168(125)   0.0165(127)
wkv    [512,4096]    M=2      0.0273( 77)   0.0746( 28)   0.0268( 78)   0.0250( 84)   0.0431( 49)   0.0410( 51)   0.0417( 50)
wkv    [512,4096]    M=3      0.0330( 64)   0.0765( 27)   0.0272( 77)   0.0259( 81)   0.0431( 49)   0.0408( 51)   0.0430( 49)
wkv    [512,4096]    M=5      0.0482( 44)   0.0754( 28)   0.0281( 75)   0.0269( 78)   0.0434( 48)   0.0411( 51)   0.0449( 47)
wkv    [512,4096]    M=8      0.0698( 30)   0.0760( 28)   0.0288( 73)   0.0267( 78)   0.0444( 47)   0.0419( 50)   0.0457( 46)
wo_b   [4096,4096]   M=1      0.0752(223)   0.0776(216)   0.0746(225)   0.0922(182)   0.0872(192)   0.0874(192)   0.0916(183)
wo_b   [4096,4096]   M=2      0.1308(128)   0.2548( 66)   0.0798(210)   0.0959(175)   0.1301(129)   0.1477(114)   0.1481(113)
wo_b   [4096,4096]   M=3      0.1762( 95)   0.2572( 65)   0.0814(206)   0.0984(171)   0.1331(126)   0.1477(114)   0.1489(113)
wo_b   [4096,4096]   M=5      0.2543( 66)   0.2574( 65)   0.0846(198)   0.1066(157)   0.1322(127)   0.1491(112)   0.1537(109)
wo_b   [4096,4096]   M=8      0.3765( 45)   0.2574( 65)   0.1004(167)   0.1202(140)   0.1398(120)   0.1550(108)   0.1564(107)
sw1/3  [2048,4096]   M=1      0.0443(189)   0.0434(193)   0.0426(197)   0.0517(162)   0.0489(172)   0.0496(169)   0.0498(168)
sw1/3  [2048,4096]   M=2      0.0735(114)   0.1048( 80)   0.0452(186)   0.0509(165)   0.0637(132)   0.0629(133)   0.0688(122)
sw1/3  [2048,4096]   M=3      0.0934( 90)   0.1057( 79)   0.0456(184)   0.0524(160)   0.0640(131)   0.0657(128)   0.0696(121)
sw1/3  [2048,4096]   M=5      0.1322( 63)   0.1061( 79)   0.0503(167)   0.0570(147)   0.0654(128)   0.0655(128)   0.0722(116)
sw1/3  [2048,4096]   M=8      0.1952( 43)   0.1083( 77)   0.0581(144)   0.0656(128)   0.0704(119)   0.0713(118)   0.0784(107)
sw2    [4096,2048]   M=1      0.0418(201)   0.0407(206)   0.0417(201)   0.0465(180)   0.0455(184)   0.0461(182)   0.0461(182)
sw2    [4096,2048]   M=2      0.0679(124)   0.1198( 70)   0.0444(189)   0.0513(163)   0.0643(130)   0.0734(114)   0.0749(112)
sw2    [4096,2048]   M=3      0.0921( 91)   0.1176( 71)   0.0443(189)   0.0528(159)   0.0672(125)   0.0727(115)   0.0747(112)
sw2    [4096,2048]   M=5      0.1312( 64)   0.1217( 69)   0.0461(182)   0.0562(149)   0.0670(125)   0.0766(110)   0.0738(114)
sw2    [4096,2048]   M=8      0.1946( 43)   0.1211( 69)   0.0536(156)   0.0643(130)   0.0710(118)   0.0779(108)   0.0795(106)

--- ogroup wo_a [8 x 1024, 4096] COLD, 12 rotating copies: ms (GB/s) ---
M                NR=1           NR=2           NR=4           NR=8
M=1      0.1669(201)   0.1687(199)   0.1662(202)   0.1663(202)
M=2      0.2036(165)   0.1753(191)   0.1810(185)   0.2249(149)
M=3      0.2212(152)   0.1982(169)   0.2047(164)   0.1947(172)
M=5      0.3133(107)   0.2539(132)   0.1940(173)   0.3041(110)
M=8      0.4387( 76)   0.3627( 93)   0.3980( 84)   0.5764( 58)

--- attention glue, per CALL vs M (ms) ---
op (real shape)                      M=1       M=2       M=3       M=5       M=8   M1->M2
act_quant_fp8 [M,4096]            0.0042    0.0042    0.0042    0.0043    0.0062    0.99x
act_quant_fp8 [M,1024] q_lora     0.0041    0.0041    0.0041    0.0042    0.0043    1.00x
rmsnorm [M,1024] q_norm           0.0061    0.0066    0.0062    0.0062    0.0062    1.08x
rmsnorm [M*64,512] per-head       0.0042    0.0062    0.0062    0.0083    0.0124    1.49x
rope [M*64,64]                    0.0042    0.0041    0.0041    0.0042    0.0042    0.99x
act_quant_fp8sim [M,448]          0.0041    0.0041    0.0041    0.0041    0.0042    1.00x

glue M=1->M=2 step, summed: 0.0025 ms/layer  ->  x43 = 0.1 ms
(the whole M>=2 verify penalty to explain is ~70 ms over 43 layers)
