gemm_bench — decode-critical GEMMs on synthetic weights of the REAL shapes
roofline: 240 GB/s achievable (tools/bw_probe.cu)   reps=50

kernel / shape                M       N      K       w_MB         ms      GB/s   %%roof
--------------------------------------------------------------------------------------------
MLA wq_a (GEMV)               1    1024   4096       4.19     0.0205     204.1    85.0%
MLA wq_a (mma)                2    1024   4096       4.19     0.0269     156.0    65.0%
MLA wq_a (mma)                3    1024   4096       4.19     0.0267     157.3    65.5%
MLA wq_a (mma)                5    1024   4096       4.19     0.0287     145.9    60.8%
MLA wq_a (mma)                8    1024   4096       4.19     0.0308     136.1    56.7%
MLA wq_a (mma)               16    1024   4096       4.19     0.0432      97.2    40.5%
MLA wq_b (GEMV)               1   32768   1024      33.55     0.1452     231.0    96.3%
MLA wq_b (mma)                2   32768   1024      33.55     0.0956     351.0   146.2%
MLA wq_b (mma)                3   32768   1024      33.55     0.1007     333.3   138.9%
MLA wq_b (mma)                5   32768   1024      33.55     0.1164     288.2   120.1%
MLA wq_b (mma)                8   32768   1024      33.55     0.1445     232.3    96.8%
MLA wq_b (mma)               16   32768   1024      33.55     0.2183     153.7    64.0%
MLA wkv (GEMV)                1     512   4096       2.10     0.0144     145.8    60.8%
MLA wkv (mma)                 2     512   4096       2.10     0.0205     102.1    42.5%
MLA wkv (mma)                 3     512   4096       2.10     0.0205     102.2    42.6%
MLA wkv (mma)                 5     512   4096       2.10     0.0205     102.3    42.6%
MLA wkv (mma)                 8     512   4096       2.10     0.0222      94.5    39.4%
MLA wkv (mma)                16     512   4096       2.10     0.0271      77.3    32.2%
MLA wo_b (GEMV)               1    4096   8192      33.55     0.1297     258.8   107.8%
MLA wo_b (mma)                2    4096   8192      33.55     0.1235     271.8   113.2%
MLA wo_b (mma)                3    4096   8192      33.55     0.1304     257.4   107.2%
MLA wo_b (mma)                5    4096   8192      33.55     0.1491     225.1    93.8%
MLA wo_b (mma)                8    4096   8192      33.55     0.1839     182.5    76.0%
MLA wo_b (mma)               16    4096   8192      33.55     0.2743     122.3    51.0%

M=1 -> M>=2 step (Finding 15): per-token cost of the SAME weight read
shape                 M=1        M=2        M=3        M=5        M=8       M=16
MLA wq_a          0.0205    0.0269    0.0267    0.0287    0.0308    0.0432   ms/call
MLA wq_b          0.1452    0.0956    0.1007    0.1164    0.1445    0.2183   ms/call
MLA wkv           0.0144    0.0205    0.0205    0.0205    0.0222    0.0271   ms/call
MLA wo_b          0.1297    0.1235    0.1304    0.1491    0.1839    0.2743   ms/call

If the M=1 GEMV is bandwidth-optimal and the m16 mma is latency-bound, M=2 costs
MUCH more than M=1 for the same weight bytes, then stays ~flat to M=16.

MXFP4 grouped MoE (w1 shape [2048,4096], 160 experts, top-6)
path                       M  |union|       w_MB         ms      GB/s   %%roof
--------------------------------------------------------------------------------
grouped mma (default)      1        6      25.17     0.2069     121.6    50.7%
grouped GEMV (MOE_GEMV)     1        6      25.17     0.0717     350.8   146.2%
grouped mma (default)      2       12      50.33     0.4008     125.6    52.3%
grouped GEMV (MOE_GEMV)     2       12      50.33     0.1952     257.9   107.4%
grouped mma (default)      3       18      75.50     0.5889     128.2    53.4%
grouped GEMV (MOE_GEMV)     3       18      75.50     0.2919     258.6   107.8%
grouped mma (default)      5       30     125.83     0.9628     130.7    54.5%
grouped GEMV (MOE_GEMV)     5       30     125.83     0.4935     255.0   106.2%
grouped mma (default)      8       48     201.33     1.5337     131.3    54.7%
grouped GEMV (MOE_GEMV)     8       48     201.33     0.7930     253.9   105.8%

MoE is 30.8% of B_tok. If this sits far below the MLA GEMMs' efficiency, the
ROOFLINE.md §6 priority order (MLA #1, MoE #2) is inverted by measurement.

--- Finding 15 suspects: per-CALL cost vs M (ms) ---
                              M=1        M=2        M=3        M=5        M=8   per-layer x43
ogroup_gemm_fp8           0.0247    0.0268    0.0311    0.0339    0.0534   -> M=1 1.1 ms, M=5 1.5 ms
hc_pre + sinkhorn         0.0268    0.0288    0.0309    0.0351    0.0391   -> M=1 2.3 ms, M=5 3.0 ms (x2/layer: attn+ffn)
  of which sinkhorn       0.0165    0.0165    0.0166    0.0165    0.0166   -> 61.8% of hc_pre at M=1, 1.4 ms/step

The M>=2 penalty to explain is ~72 ms across 43 layers. Whichever of these jumps
at M=2 and stays flat to M=8 is the mechanism.

--- wq_b [32768,1024]: HOT (one weight, reused) vs COLD (12 rotating copies) ---
                     M=1       M=2       M=3       M=5       M=8   M1->M2
HOT               0.1453    0.2479    0.3523    0.1162    0.1431    1.71x
COLD m16          0.1557    0.1485    0.1458    0.1491    0.1577    0.95x
COLD GEMV         0.1576    0.2640    0.3556    0.5168    0.7692    1.68x

--- COLD crossover on the real verify shapes: ms (GB/s) ---
shape                M                GEMV      m16 plain       m16+smem   m16+smem B+4    cpa NS4 B+4    cpa NS4 B+0    cpa NS2 B+0
wq_a   [1024,4096]   M=1      0.0268(156)   0.0269(156)   0.0268(156)   0.0309(136)   0.0304(138)   0.0269(156)   0.0267(157)
wq_a   [1024,4096]   M=2      0.0481( 87)   0.0821( 51)   0.0343(122)   0.0379(111)   0.0472( 89)   0.0359(117)   0.0395(106)
wq_a   [1024,4096]   M=3      0.0553( 76)   0.0841( 50)   0.0348(121)   0.0388(108)   0.0484( 87)   0.0372(113)   0.0396(106)
wq_a   [1024,4096]   M=5      0.0758( 55)   0.0826( 51)   0.0369(114)   0.0402(104)   0.0518( 81)   0.0390(108)   0.0397(106)
wq_a   [1024,4096]   M=8      0.1219( 34)   0.0851( 49)   0.0391(107)   0.0434( 97)   0.0515( 81)   0.0411(102)   0.0419(100)
wq_b   [4096,1024]   M=1      0.0246(170)   0.0246(170)   0.0251(167)   0.0265(158)   0.0258(162)   0.0247(170)   0.0246(171)
wq_b   [4096,1024]   M=2      0.0378(111)   0.0588( 71)   0.0249(168)   0.0294(143)   0.0398(105)   0.0298(141)   0.0265(158)
wq_b   [4096,1024]   M=3      0.0506( 83)   0.0589( 71)   0.0255(165)   0.0293(143)   0.0391(107)   0.0303(138)   0.0270(155)
wq_b   [4096,1024]   M=5      0.0705( 59)   0.0598( 70)   0.0282(149)   0.0318(132)   0.0405(104)   0.0315(133)   0.0287(146)
wq_b   [4096,1024]   M=8      0.1026( 41)   0.0618( 68)   0.0304(138)   0.0342(123)   0.0448( 94)   0.0344(122)   0.0297(141)
wkv    [512,4096]    M=1      0.0165(127)   0.0164(128)   0.0164(128)   0.0165(127)   0.0165(127)   0.0168(125)   0.0164(128)
wkv    [512,4096]    M=2      0.0269( 78)   0.0747( 28)   0.0271( 77)   0.0248( 84)   0.0404( 52)   0.0307( 68)   0.0350( 60)
wkv    [512,4096]    M=3      0.0332( 63)   0.0752( 28)   0.0271( 77)   0.0256( 82)   0.0408( 51)   0.0309( 68)   0.0350( 60)
wkv    [512,4096]    M=5      0.0480( 44)   0.0751( 28)   0.0280( 75)   0.0266( 79)   0.0422( 50)   0.0311( 67)   0.0351( 60)
wkv    [512,4096]    M=8      0.0701( 30)   0.0755( 28)   0.0291( 72)   0.0270( 78)   0.0417( 50)   0.0319( 66)   0.0378( 55)
wo_b   [4096,4096]   M=1      0.0747(225)   0.0748(224)   0.0756(222)   0.0880(191)   0.0925(181)   0.0773(217)   0.0743(226)
wo_b   [4096,4096]   M=2      0.1292(130)   0.2414( 70)   0.0816(206)   0.0959(175)   0.1441(116)   0.1024(164)   0.0844(199)
wo_b   [4096,4096]   M=3      0.1771( 95)   0.2400( 70)   0.0798(210)   0.1010(166)   0.1461(115)   0.1043(161)   0.0855(196)
wo_b   [4096,4096]   M=5      0.2543( 66)   0.2438( 69)   0.0844(199)   0.1060(158)   0.1428(117)   0.1067(157)   0.0873(192)
wo_b   [4096,4096]   M=8      0.3764( 45)   0.2437( 69)   0.1007(167)   0.1200(140)   0.1484(113)   0.1127(149)   0.0982(171)
sw1/3  [2048,4096]   M=1      0.0447(187)   0.0426(197)   0.0422(199)   0.0516(162)   0.0493(170)   0.0433(194)   0.0437(192)
sw1/3  [2048,4096]   M=2      0.0731(115)   0.1020( 82)   0.0439(191)   0.0501(167)   0.0607(138)   0.0463(181)   0.0474(177)
sw1/3  [2048,4096]   M=3      0.0935( 90)   0.1022( 82)   0.0449(187)   0.0518(162)   0.0625(134)   0.0463(181)   0.0495(170)
sw1/3  [2048,4096]   M=5      0.1323( 63)   0.1018( 82)   0.0501(168)   0.0563(149)   0.0654(128)   0.0486(172)   0.0495(170)
sw1/3  [2048,4096]   M=8      0.1953( 43)   0.1069( 78)   0.0578(145)   0.0669(125)   0.0698(120)   0.0577(145)   0.0543(154)
sw2    [4096,2048]   M=1      0.0412(203)   0.0419(200)   0.0411(204)   0.0459(183)   0.0472(178)   0.0409(205)   0.0414(203)
sw2    [4096,2048]   M=2      0.0679(124)   0.1185( 71)   0.0425(197)   0.0542(155)   0.0720(116)   0.0533(157)   0.0431(195)
sw2    [4096,2048]   M=3      0.0928( 90)   0.1158( 72)   0.0437(192)   0.0526(160)   0.0747(112)   0.0524(160)   0.0464(181)
sw2    [4096,2048]   M=5      0.1312( 64)   0.1186( 71)   0.0460(182)   0.0559(150)   0.0759(110)   0.0550(152)   0.0465(180)
sw2    [4096,2048]   M=8      0.1941( 43)   0.1198( 70)   0.0555(151)   0.0626(134)   0.0805(104)   0.0582(144)   0.0537(156)

--- ogroup wo_a [8 x 1024, 4096] COLD, 12 rotating copies: ms (GB/s) ---
M                NR=1           NR=2           NR=4           NR=8
M=1      0.1688(199)   0.1685(199)   0.1649(203)   0.1660(202)
M=2      0.2022(166)   0.1705(197)   0.1799(186)   0.2110(159)
M=3      0.2229(151)   0.1986(169)   0.2040(165)   0.1926(174)
M=5      0.3150(107)   0.2596(129)   0.1942(173)   0.3171(106)
M=8      0.4215( 80)   0.3605( 93)   0.3932( 85)   0.5772( 58)

--- attention glue, per CALL vs M (ms) ---
op (real shape)                      M=1       M=2       M=3       M=5       M=8   M1->M2
act_quant_fp8 [M,4096]            0.0042    0.0042    0.0046    0.0043    0.0062    0.99x
act_quant_fp8 [M,1024] q_lora     0.0041    0.0041    0.0042    0.0042    0.0042    1.01x
rmsnorm [M,1024] q_norm           0.0060    0.0062    0.0062    0.0062    0.0066    1.02x
rmsnorm [M*64,512] per-head       0.0041    0.0062    0.0062    0.0082    0.0123    1.49x
rope [M*64,64]                    0.0042    0.0043    0.0041    0.0042    0.0047    1.03x
act_quant_fp8sim [M,448]          0.0041    0.0041    0.0042    0.0042    0.0041    1.00x

glue M=1->M=2 step, summed: 0.0023 ms/layer  ->  x43 = 0.1 ms
(the whole M>=2 verify penalty to explain is ~70 ms over 43 layers)
