# gemm_bench COLD crossover, m16+smem B+4 column is the shipped path.
# TCB_DB=1 (double-buffered prefetch, F78) vs TCB_DB=0 (pre-F78), 3 alternating replicates, clocks pinned.
--- rep 1 DB=1 ---
--- COLD crossover on the real verify shapes: ms (GB/s) ---
shape                M                GEMV      m16 plain       m16+smem   m16+smem B+4
wq_a   [1024,4096]   M=1      0.0270(156)   0.0278(151)   0.0278(151)   0.0300(140)
wq_a   [1024,4096]   M=2      0.0473( 89)   0.0856( 49)   0.0359(117)   0.0387(108)
wq_a   [1024,4096]   M=3      0.0554( 76)   0.0848( 49)   0.0369(114)   0.0392(107)
wq_a   [1024,4096]   M=5      0.0767( 55)   0.0853( 49)   0.0371(113)   0.0407(103)
wq_a   [1024,4096]   M=8      0.1210( 35)   0.0867( 48)   0.0390(108)   0.0425( 99)
wq_b   [4096,1024]   M=1      0.0247(170)   0.0249(168)   0.0250(168)   0.0256(164)
wq_b   [4096,1024]   M=2      0.0374(112)   0.0648( 65)   0.0268(156)   0.0309(136)
wq_b   [4096,1024]   M=3      0.0493( 85)   0.0615( 68)   0.0274(153)   0.0326(129)
wq_b   [4096,1024]   M=5      0.0698( 60)   0.0635( 66)   0.0306(137)   0.0351(119)
wq_b   [4096,1024]   M=8      0.1026( 41)   0.0628( 67)   0.0363(116)   0.0401(105)
wkv    [512,4096]    M=1      0.0168(125)   0.0174(121)   0.0164(128)   0.0165(127)
wkv    [512,4096]    M=2      0.0273( 77)   0.0744( 28)   0.0232( 90)   0.0250( 84)
wkv    [512,4096]    M=3      0.0329( 64)   0.0771( 27)   0.0233( 90)   0.0250( 84)
wkv    [512,4096]    M=5      0.0483( 43)   0.0750( 28)   0.0234( 90)   0.0257( 82)
wkv    [512,4096]    M=8      0.0710( 30)   0.0757( 28)   0.0257( 82)   0.0271( 77)
wo_b   [4096,4096]   M=1      0.0742(226)   0.0761(220)   0.0755(222)   0.0893(188)
wo_b   [4096,4096]   M=2      0.1292(130)   0.2451( 68)   0.1000(168)   0.1283(131)
wo_b   [4096,4096]   M=3      0.1763( 95)   0.2450( 68)   0.1029(163)   0.1316(128)
wo_b   [4096,4096]   M=5      0.2545( 66)   0.2413( 70)   0.1103(152)   0.1443(116)
wo_b   [4096,4096]   M=8      0.3766( 45)   0.2509( 67)   0.1214(138)   0.1515(111)
sw1/3  [2048,4096]   M=1      0.0427(197)   0.0439(191)   0.0432(194)   0.0489(172)
sw1/3  [2048,4096]   M=2      0.0746(112)   0.1010( 83)   0.0422(199)   0.0478(176)
sw1/3  [2048,4096]   M=3      0.0942( 89)   0.1020( 82)   0.0431(195)   0.0491(171)
sw1/3  [2048,4096]   M=5      0.1326( 63)   0.1026( 82)   0.0455(184)   0.0520(161)
sw1/3  [2048,4096]   M=8      0.1951( 43)   0.1054( 80)   0.0524(160)   0.0600(140)
sw2    [4096,2048]   M=1      0.0413(203)   0.0411(204)   0.0412(204)   0.0460(182)
sw2    [4096,2048]   M=2      0.0679(124)   0.1173( 72)   0.0512(164)   0.0621(135)
sw2    [4096,2048]   M=3      0.0923( 91)   0.1179( 71)   0.0525(160)   0.0635(132)
sw2    [4096,2048]   M=5      0.1314( 64)   0.1170( 72)   0.0559(150)   0.0679(124)
sw2    [4096,2048]   M=8      0.1945( 43)   0.1214( 69)   0.0626(134)   0.0759(111)

--- rep 1 DB=0 ---
--- COLD crossover on the real verify shapes: ms (GB/s) ---
shape                M                GEMV      m16 plain       m16+smem   m16+smem B+4
wq_a   [1024,4096]   M=1      0.0269(156)   0.0280(150)   0.0266(158)   0.0303(138)
wq_a   [1024,4096]   M=2      0.0469( 89)   0.0832( 50)   0.0341(123)   0.0379(111)
wq_a   [1024,4096]   M=3      0.0553( 76)   0.0825( 51)   0.0350(120)   0.0387(108)
wq_a   [1024,4096]   M=5      0.0767( 55)   0.0824( 51)   0.0386(109)   0.0403(104)
wq_a   [1024,4096]   M=8      0.1183( 35)   0.0830( 51)   0.0397(106)   0.0431( 97)
wq_b   [4096,1024]   M=1      0.0252(166)   0.0246(171)   0.0247(170)   0.0257(163)
wq_b   [4096,1024]   M=2      0.0375(112)   0.0600( 70)   0.0250(168)   0.0295(142)
wq_b   [4096,1024]   M=3      0.0494( 85)   0.0585( 72)   0.0262(160)   0.0295(142)
wq_b   [4096,1024]   M=5      0.0698( 60)   0.0611( 69)   0.0273(154)   0.0309(136)
wq_b   [4096,1024]   M=8      0.1028( 41)   0.0615( 68)   0.0318(132)   0.0341(123)
wkv    [512,4096]    M=1      0.0164(128)   0.0164(128)   0.0164(128)   0.0165(127)
wkv    [512,4096]    M=2      0.0280( 75)   0.0744( 28)   0.0268( 78)   0.0259( 81)
wkv    [512,4096]    M=3      0.0334( 63)   0.0745( 28)   0.0274( 77)   0.0255( 82)
wkv    [512,4096]    M=5      0.0482( 44)   0.0756( 28)   0.0282( 74)   0.0267( 78)
wkv    [512,4096]    M=8      0.0698( 30)   0.0756( 28)   0.0292( 72)   0.0272( 77)
wo_b   [4096,4096]   M=1      0.0748(224)   0.0752(223)   0.0775(216)   0.0880(191)
wo_b   [4096,4096]   M=2      0.1302(129)   0.2359( 71)   0.0822(204)   0.0966(174)
wo_b   [4096,4096]   M=3      0.1766( 95)   0.2375( 71)   0.0806(208)   0.0985(170)
wo_b   [4096,4096]   M=5      0.2542( 66)   0.2362( 71)   0.0853(197)   0.1029(163)
wo_b   [4096,4096]   M=8      0.3763( 45)   0.2421( 69)   0.1009(166)   0.1199(140)
sw1/3  [2048,4096]   M=1      0.0424(198)   0.0434(193)   0.0435(193)   0.0489(172)
sw1/3  [2048,4096]   M=2      0.0748(112)   0.0989( 85)   0.0437(192)   0.0498(168)
sw1/3  [2048,4096]   M=3      0.0945( 89)   0.0988( 85)   0.0444(189)   0.0520(161)
sw1/3  [2048,4096]   M=5      0.1324( 63)   0.0995( 84)   0.0514(163)   0.0563(149)
sw1/3  [2048,4096]   M=8      0.1952( 43)   0.1016( 83)   0.0579(145)   0.0652(129)
sw2    [4096,2048]   M=1      0.0431(195)   0.0424(198)   0.0408(205)   0.0458(183)
sw2    [4096,2048]   M=2      0.0678(124)   0.1187( 71)   0.0426(197)   0.0542(155)
sw2    [4096,2048]   M=3      0.0921( 91)   0.1156( 73)   0.0457(183)   0.0530(158)
sw2    [4096,2048]   M=5      0.1313( 64)   0.1193( 70)   0.0463(181)   0.0566(148)
sw2    [4096,2048]   M=8      0.1941( 43)   0.1190( 71)   0.0554(151)   0.0624(134)

--- rep 2 DB=1 ---
--- COLD crossover on the real verify shapes: ms (GB/s) ---
shape                M                GEMV      m16 plain       m16+smem   m16+smem B+4
wq_a   [1024,4096]   M=1      0.0269(156)   0.0269(156)   0.0269(156)   0.0302(139)
wq_a   [1024,4096]   M=2      0.0474( 88)   0.0839( 50)   0.0357(118)   0.0389(108)
wq_a   [1024,4096]   M=3      0.0553( 76)   0.0831( 50)   0.0369(114)   0.0391(107)
wq_a   [1024,4096]   M=5      0.0759( 55)   0.0844( 50)   0.0370(113)   0.0405(103)
wq_a   [1024,4096]   M=8      0.1190( 35)   0.0841( 50)   0.0390(108)   0.0425( 99)
wq_b   [4096,1024]   M=1      0.0246(170)   0.0246(171)   0.0247(170)   0.0256(164)
wq_b   [4096,1024]   M=2      0.0374(112)   0.0605( 69)   0.0270(155)   0.0314(134)
wq_b   [4096,1024]   M=3      0.0493( 85)   0.0604( 69)   0.0276(152)   0.0324(129)
wq_b   [4096,1024]   M=5      0.0698( 60)   0.0610( 69)   0.0292(143)   0.0351(119)
wq_b   [4096,1024]   M=8      0.1028( 41)   0.0606( 69)   0.0355(118)   0.0402(104)
wkv    [512,4096]    M=1      0.0164(128)   0.0164(128)   0.0165(127)   0.0165(127)
wkv    [512,4096]    M=2      0.0269( 78)   0.0745( 28)   0.0241( 87)   0.0248( 85)
wkv    [512,4096]    M=3      0.0332( 63)   0.0745( 28)   0.0233( 90)   0.0262( 80)
wkv    [512,4096]    M=5      0.0479( 44)   0.0754( 28)   0.0235( 89)   0.0257( 82)
wkv    [512,4096]    M=8      0.0698( 30)   0.0757( 28)   0.0248( 85)   0.0268( 78)
wo_b   [4096,4096]   M=1      0.0747(225)   0.0762(220)   0.0748(224)   0.0885(190)
wo_b   [4096,4096]   M=2      0.1300(129)   0.2401( 70)   0.0998(168)   0.1265(133)
wo_b   [4096,4096]   M=3      0.1780( 94)   0.2390( 70)   0.1027(163)   0.1307(128)
wo_b   [4096,4096]   M=5      0.2543( 66)   0.2405( 70)   0.1121(150)   0.1422(118)
wo_b   [4096,4096]   M=8      0.3763( 45)   0.2487( 67)   0.1197(140)   0.1520(110)
sw1/3  [2048,4096]   M=1      0.0431(195)   0.0422(199)   0.0428(196)   0.0498(169)
sw1/3  [2048,4096]   M=2      0.0734(114)   0.1045( 80)   0.0417(201)   0.0479(175)
sw1/3  [2048,4096]   M=3      0.0934( 90)   0.1040( 81)   0.0429(196)   0.0507(165)
sw1/3  [2048,4096]   M=5      0.1318( 64)   0.1026( 82)   0.0456(184)   0.0518(162)
sw1/3  [2048,4096]   M=8      0.1952( 43)   0.1063( 79)   0.0521(161)   0.0594(141)
sw2    [4096,2048]   M=1      0.0410(205)   0.0407(206)   0.0412(204)   0.0459(183)
sw2    [4096,2048]   M=2      0.0678(124)   0.1209( 69)   0.0512(164)   0.0619(136)
sw2    [4096,2048]   M=3      0.0921( 91)   0.1243( 68)   0.0523(160)   0.0638(131)
sw2    [4096,2048]   M=5      0.1313( 64)   0.1216( 69)   0.0554(151)   0.0679(124)
sw2    [4096,2048]   M=8      0.1942( 43)   0.1263( 66)   0.0634(132)   0.0744(113)

--- rep 2 DB=0 ---
--- COLD crossover on the real verify shapes: ms (GB/s) ---
shape                M                GEMV      m16 plain       m16+smem   m16+smem B+4
wq_a   [1024,4096]   M=1      0.0269(156)   0.0271(155)   0.0270(155)   0.0301(139)
wq_a   [1024,4096]   M=2      0.0472( 89)   0.0840( 50)   0.0342(123)   0.0379(111)
wq_a   [1024,4096]   M=3      0.0553( 76)   0.0839( 50)   0.0349(120)   0.0388(108)
wq_a   [1024,4096]   M=5      0.0762( 55)   0.0822( 51)   0.0368(114)   0.0402(104)
wq_a   [1024,4096]   M=8      0.1188( 35)   0.0847( 50)   0.0392(107)   0.0431( 97)
wq_b   [4096,1024]   M=1      0.0257(163)   0.0246(170)   0.0246(170)   0.0259(162)
wq_b   [4096,1024]   M=2      0.0381(110)   0.0600( 70)   0.0250(168)   0.0285(147)
wq_b   [4096,1024]   M=3      0.0508( 83)   0.0597( 70)   0.0258(162)   0.0297(141)
wq_b   [4096,1024]   M=5      0.0698( 60)   0.0628( 67)   0.0270(155)   0.0307(136)
wq_b   [4096,1024]   M=8      0.1028( 41)   0.0608( 69)   0.0309(136)   0.0342(123)
wkv    [512,4096]    M=1      0.0164(128)   0.0164(128)   0.0164(128)   0.0165(127)
wkv    [512,4096]    M=2      0.0273( 77)   0.0746( 28)   0.0268( 78)   0.0259( 81)
wkv    [512,4096]    M=3      0.0334( 63)   0.0749( 28)   0.0273( 77)   0.0260( 81)
wkv    [512,4096]    M=5      0.0479( 44)   0.0759( 28)   0.0283( 74)   0.0266( 79)
wkv    [512,4096]    M=8      0.0702( 30)   0.0755( 28)   0.0289( 73)   0.0272( 77)
wo_b   [4096,4096]   M=1      0.0752(223)   0.0745(225)   0.0774(217)   0.0879(191)
wo_b   [4096,4096]   M=2      0.1289(130)   0.2429( 69)   0.0797(211)   0.0993(169)
wo_b   [4096,4096]   M=3      0.1767( 95)   0.2375( 71)   0.0830(202)   0.0982(171)
wo_b   [4096,4096]   M=5      0.2544( 66)   0.2441( 69)   0.0872(192)   0.1049(160)
wo_b   [4096,4096]   M=8      0.3768( 45)   0.2421( 69)   0.1004(167)   0.1185(142)
sw1/3  [2048,4096]   M=1      0.0423(198)   0.0441(190)   0.0431(195)   0.0497(169)
sw1/3  [2048,4096]   M=2      0.0748(112)   0.1050( 80)   0.0433(194)   0.0503(167)
sw1/3  [2048,4096]   M=3      0.0933( 90)   0.1041( 81)   0.0449(187)   0.0540(155)
sw1/3  [2048,4096]   M=5      0.1326( 63)   0.1057( 79)   0.0495(169)   0.0568(148)
sw1/3  [2048,4096]   M=8      0.1952( 43)   0.1072( 78)   0.0577(145)   0.0668(126)
sw2    [4096,2048]   M=1      0.0412(204)   0.0409(205)   0.0417(201)   0.0460(182)
sw2    [4096,2048]   M=2      0.0679(124)   0.1251( 67)   0.0449(187)   0.0519(162)
sw2    [4096,2048]   M=3      0.0922( 91)   0.1216( 69)   0.0434(193)   0.0529(159)
sw2    [4096,2048]   M=5      0.1316( 64)   0.1198( 70)   0.0466(180)   0.0551(152)
sw2    [4096,2048]   M=8      0.1945( 43)   0.1202( 70)   0.0537(156)   0.0634(132)

--- rep 3 DB=1 ---
--- COLD crossover on the real verify shapes: ms (GB/s) ---
shape                M                GEMV      m16 plain       m16+smem   m16+smem B+4
wq_a   [1024,4096]   M=1      0.0280(150)   0.0265(158)   0.0266(158)   0.0302(139)
wq_a   [1024,4096]   M=2      0.0474( 88)   0.0816( 51)   0.0369(114)   0.0386(109)
wq_a   [1024,4096]   M=3      0.0553( 76)   0.0832( 50)   0.0369(114)   0.0407(103)
wq_a   [1024,4096]   M=5      0.0758( 55)   0.0834( 50)   0.0370(113)   0.0408(103)
wq_a   [1024,4096]   M=8      0.1209( 35)   0.0835( 50)   0.0391(107)   0.0426( 99)
wq_b   [4096,1024]   M=1      0.0247(170)   0.0247(170)   0.0247(170)   0.0263(159)
wq_b   [4096,1024]   M=2      0.0373(113)   0.0612( 69)   0.0274(153)   0.0313(134)
wq_b   [4096,1024]   M=3      0.0493( 85)   0.0621( 68)   0.0274(153)   0.0322(130)
wq_b   [4096,1024]   M=5      0.0699( 60)   0.0611( 69)   0.0298(141)   0.0352(119)
wq_b   [4096,1024]   M=8      0.1027( 41)   0.0612( 69)   0.0356(118)   0.0405(104)
wkv    [512,4096]    M=1      0.0165(127)   0.0169(124)   0.0164(128)   0.0165(127)
wkv    [512,4096]    M=2      0.0271( 77)   0.0747( 28)   0.0234( 90)   0.0248( 84)
wkv    [512,4096]    M=3      0.0329( 64)   0.0748( 28)   0.0234( 90)   0.0251( 83)
wkv    [512,4096]    M=5      0.0482( 44)   0.0749( 28)   0.0238( 88)   0.0263( 80)
wkv    [512,4096]    M=8      0.0697( 30)   0.0761( 28)   0.0250( 84)   0.0268( 78)
wo_b   [4096,4096]   M=1      0.0745(225)   0.0769(218)   0.0743(226)   0.0881(190)
wo_b   [4096,4096]   M=2      0.1302(129)   0.2444( 69)   0.0992(169)   0.1256(134)
wo_b   [4096,4096]   M=3      0.1772( 95)   0.2398( 70)   0.1009(166)   0.1305(129)
wo_b   [4096,4096]   M=5      0.2544( 66)   0.2416( 69)   0.1085(155)   0.1423(118)
wo_b   [4096,4096]   M=8      0.3767( 45)   0.2433( 69)   0.1236(136)   0.1507(111)
sw1/3  [2048,4096]   M=1      0.0429(195)   0.0426(197)   0.0432(194)   0.0495(169)
sw1/3  [2048,4096]   M=2      0.0733(114)   0.1029( 82)   0.0419(200)   0.0483(174)
sw1/3  [2048,4096]   M=3      0.0936( 90)   0.1031( 81)   0.0432(194)   0.0487(172)
sw1/3  [2048,4096]   M=5      0.1321( 63)   0.1033( 81)   0.0454(185)   0.0519(162)
sw1/3  [2048,4096]   M=8      0.1954( 43)   0.1049( 80)   0.0522(161)   0.0597(141)
sw2    [4096,2048]   M=1      0.0411(204)   0.0412(203)   0.0414(203)   0.0461(182)
sw2    [4096,2048]   M=2      0.0682(123)   0.1179( 71)   0.0515(163)   0.0614(137)
sw2    [4096,2048]   M=3      0.0933( 90)   0.1173( 72)   0.0524(160)   0.0638(131)
sw2    [4096,2048]   M=5      0.1312( 64)   0.1217( 69)   0.0557(151)   0.0670(125)
sw2    [4096,2048]   M=8      0.1947( 43)   0.1218( 69)   0.0631(133)   0.0745(113)

--- rep 3 DB=0 ---
--- COLD crossover on the real verify shapes: ms (GB/s) ---
shape                M                GEMV      m16 plain       m16+smem   m16+smem B+4
wq_a   [1024,4096]   M=1      0.0270(155)   0.0271(155)   0.0268(156)   0.0301(139)
wq_a   [1024,4096]   M=2      0.0476( 88)   0.0809( 52)   0.0340(123)   0.0379(111)
wq_a   [1024,4096]   M=3      0.0553( 76)   0.0838( 50)   0.0348(121)   0.0388(108)
wq_a   [1024,4096]   M=5      0.0758( 55)   0.0828( 51)   0.0367(114)   0.0401(105)
wq_a   [1024,4096]   M=8      0.1217( 34)   0.0848( 49)   0.0391(107)   0.0431( 97)
wq_b   [4096,1024]   M=1      0.0247(170)   0.0246(170)   0.0247(170)   0.0257(163)
wq_b   [4096,1024]   M=2      0.0375(112)   0.0590( 71)   0.0254(165)   0.0293(143)
wq_b   [4096,1024]   M=3      0.0493( 85)   0.0614( 68)   0.0257(163)   0.0292(144)
wq_b   [4096,1024]   M=5      0.0698( 60)   0.0602( 70)   0.0269(156)   0.0313(134)
wq_b   [4096,1024]   M=8      0.1026( 41)   0.0620( 68)   0.0304(138)   0.0343(122)
wkv    [512,4096]    M=1      0.0164(128)   0.0164(128)   0.0166(126)   0.0164(128)
wkv    [512,4096]    M=2      0.0272( 77)   0.0747( 28)   0.0269( 78)   0.0249( 84)
wkv    [512,4096]    M=3      0.0330( 64)   0.0747( 28)   0.0269( 78)   0.0254( 83)
wkv    [512,4096]    M=5      0.0486( 43)   0.0752( 28)   0.0282( 74)   0.0274( 76)
wkv    [512,4096]    M=8      0.0698( 30)   0.0756( 28)   0.0288( 73)   0.0267( 78)
wo_b   [4096,4096]   M=1      0.0769(218)   0.0745(225)   0.0747(225)   0.0881(191)
wo_b   [4096,4096]   M=2      0.1302(129)   0.2391( 70)   0.0806(208)   0.0966(174)
wo_b   [4096,4096]   M=3      0.1777( 94)   0.2384( 70)   0.0805(208)   0.0984(170)
wo_b   [4096,4096]   M=5      0.2545( 66)   0.2536( 66)   0.0845(199)   0.1018(165)
wo_b   [4096,4096]   M=8      0.3764( 45)   0.2424( 69)   0.1020(164)   0.1198(140)
sw1/3  [2048,4096]   M=1      0.0434(193)   0.0424(198)   0.0434(193)   0.0496(169)
sw1/3  [2048,4096]   M=2      0.0728(115)   0.1014( 83)   0.0459(183)   0.0499(168)
sw1/3  [2048,4096]   M=3      0.0946( 89)   0.1022( 82)   0.0447(188)   0.0514(163)
sw1/3  [2048,4096]   M=5      0.1329( 63)   0.1034( 81)   0.0500(168)   0.0568(148)
sw1/3  [2048,4096]   M=8      0.1951( 43)   0.1042( 80)   0.0590(142)   0.0651(129)
sw2    [4096,2048]   M=1      0.0417(201)   0.0417(201)   0.0410(205)   0.0461(182)
sw2    [4096,2048]   M=2      0.0682(123)   0.1192( 70)   0.0426(197)   0.0562(149)
sw2    [4096,2048]   M=3      0.0923( 91)   0.1183( 71)   0.0458(183)   0.0533(157)
sw2    [4096,2048]   M=5      0.1313( 64)   0.1200( 70)   0.0468(179)   0.0563(149)
sw2    [4096,2048]   M=8      0.1941( 43)   0.1222( 69)   0.0553(152)   0.0627(134)

