# gemm_bench COLD crossover, last column (m16+smem B+4) is the shipped path.
# ARM 2: DB with __launch_bounds__ restoring the DB=0 occupancy (64 regs, 8B spill at W=8/4/2).
# TCB_DB=1 vs TCB_DB=0, 3 alternating replicates, clocks pinned.
--- rep 1 DB=1 ---
--- COLD crossover on the real verify shapes: ms (GB/s) ---
shape                M                GEMV      m16 plain       m16+smem   m16+smem B+4
wq_a   [1024,4096]   M=1      0.0271(155)   0.0269(156)   0.0271(155)   0.0305(138)
wq_a   [1024,4096]   M=2      0.0473( 89)   0.0843( 50)   0.0370(113)   0.0405(104)
wq_a   [1024,4096]   M=3      0.0568( 74)   0.0827( 51)   0.0382(110)   0.0406(103)
wq_a   [1024,4096]   M=5      0.0758( 55)   0.0831( 50)   0.0389(108)   0.0403(104)
wq_a   [1024,4096]   M=8      0.1217( 34)   0.0839( 50)   0.0409(103)   0.0415(101)
wq_b   [4096,1024]   M=1      0.0248(169)   0.0246(170)   0.0246(170)   0.0264(159)
wq_b   [4096,1024]   M=2      0.0376(111)   0.0591( 71)   0.0247(170)   0.0283(148)
wq_b   [4096,1024]   M=3      0.0493( 85)   0.0603( 70)   0.0258(162)   0.0291(144)
wq_b   [4096,1024]   M=5      0.0698( 60)   0.0601( 70)   0.0268(156)   0.0313(134)
wq_b   [4096,1024]   M=8      0.1026( 41)   0.0616( 68)   0.0306(137)   0.0351(119)
wkv    [512,4096]    M=1      0.0165(127)   0.0164(128)   0.0164(128)   0.0179(117)
wkv    [512,4096]    M=2      0.0273( 77)   0.0745( 28)   0.0235( 89)   0.0250( 84)
wkv    [512,4096]    M=3      0.0330( 64)   0.0750( 28)   0.0239( 88)   0.0252( 83)
wkv    [512,4096]    M=5      0.0482( 43)   0.0768( 27)   0.0237( 89)   0.0257( 81)
wkv    [512,4096]    M=8      0.0699( 30)   0.0756( 28)   0.0251( 84)   0.0276( 76)
wo_b   [4096,4096]   M=1      0.0772(217)   0.0746(225)   0.0759(221)   0.0883(190)
wo_b   [4096,4096]   M=2      0.1284(131)   0.2327( 72)   0.0786(214)   0.1013(166)
wo_b   [4096,4096]   M=3      0.1763( 95)   0.2407( 70)   0.0775(216)   0.1054(159)
wo_b   [4096,4096]   M=5      0.2542( 66)   0.2385( 70)   0.0815(206)   0.1058(159)
wo_b   [4096,4096]   M=8      0.3761( 45)   0.2430( 69)   0.0984(171)   0.1190(141)
sw1/3  [2048,4096]   M=1      0.0435(193)   0.0422(199)   0.0437(192)   0.0497(169)
sw1/3  [2048,4096]   M=2      0.0732(115)   0.1021( 82)   0.0447(188)   0.0479(175)
sw1/3  [2048,4096]   M=3      0.0943( 89)   0.1025( 82)   0.0435(193)   0.0486(173)
sw1/3  [2048,4096]   M=5      0.1324( 63)   0.1032( 81)   0.0458(183)   0.0527(159)
sw1/3  [2048,4096]   M=8      0.1953( 43)   0.1032( 81)   0.0537(156)   0.0606(138)
sw2    [4096,2048]   M=1      0.0410(205)   0.0411(204)   0.0414(203)   0.0457(184)
sw2    [4096,2048]   M=2      0.0696(120)   0.1150( 73)   0.0421(199)   0.0529(159)
sw2    [4096,2048]   M=3      0.0923( 91)   0.1192( 70)   0.0428(196)   0.0538(156)
sw2    [4096,2048]   M=5      0.1315( 64)   0.1158( 72)   0.0449(187)   0.0559(150)
sw2    [4096,2048]   M=8      0.1949( 43)   0.1214( 69)   0.0523(160)   0.0634(132)

--- rep 1 DB=0 ---
--- COLD crossover on the real verify shapes: ms (GB/s) ---
shape                M                GEMV      m16 plain       m16+smem   m16+smem B+4
wq_a   [1024,4096]   M=1      0.0269(156)   0.0265(158)   0.0279(151)   0.0303(138)
wq_a   [1024,4096]   M=2      0.0470( 89)   0.0836( 50)   0.0339(124)   0.0375(112)
wq_a   [1024,4096]   M=3      0.0566( 74)   0.0816( 51)   0.0350(120)   0.0388(108)
wq_a   [1024,4096]   M=5      0.0758( 55)   0.0820( 51)   0.0373(113)   0.0400(105)
wq_a   [1024,4096]   M=8      0.1202( 35)   0.0825( 51)   0.0401(105)   0.0431( 97)
wq_b   [4096,1024]   M=1      0.0247(170)   0.0246(170)   0.0247(170)   0.0265(159)
wq_b   [4096,1024]   M=2      0.0373(112)   0.0606( 69)   0.0253(166)   0.0286(147)
wq_b   [4096,1024]   M=3      0.0493( 85)   0.0638( 66)   0.0254(165)   0.0289(145)
wq_b   [4096,1024]   M=5      0.0708( 59)   0.0602( 70)   0.0276(152)   0.0309(136)
wq_b   [4096,1024]   M=8      0.1026( 41)   0.0632( 66)   0.0303(138)   0.0345(122)
wkv    [512,4096]    M=1      0.0164(127)   0.0165(127)   0.0164(128)   0.0165(127)
wkv    [512,4096]    M=2      0.0277( 76)   0.0745( 28)   0.0268( 78)   0.0259( 81)
wkv    [512,4096]    M=3      0.0329( 64)   0.0745( 28)   0.0281( 75)   0.0256( 82)
wkv    [512,4096]    M=5      0.0484( 43)   0.0754( 28)   0.0284( 74)   0.0266( 79)
wkv    [512,4096]    M=8      0.0698( 30)   0.0761( 28)   0.0295( 71)   0.0268( 78)
wo_b   [4096,4096]   M=1      0.0768(218)   0.0742(226)   0.0762(220)   0.0906(185)
wo_b   [4096,4096]   M=2      0.1286(130)   0.2527( 66)   0.0792(212)   0.0990(170)
wo_b   [4096,4096]   M=3      0.1771( 95)   0.2510( 67)   0.0816(206)   0.1008(166)
wo_b   [4096,4096]   M=5      0.2543( 66)   0.2510( 67)   0.0839(200)   0.1034(162)
wo_b   [4096,4096]   M=8      0.3765( 45)   0.2546( 66)   0.1022(164)   0.1183(142)
sw1/3  [2048,4096]   M=1      0.0443(189)   0.0432(194)   0.0426(197)   0.0519(161)
sw1/3  [2048,4096]   M=2      0.0731(115)   0.1022( 82)   0.0437(192)   0.0504(166)
sw1/3  [2048,4096]   M=3      0.0932( 90)   0.1023( 82)   0.0475(177)   0.0516(162)
sw1/3  [2048,4096]   M=5      0.1319( 64)   0.1014( 83)   0.0494(170)   0.0575(146)
sw1/3  [2048,4096]   M=8      0.1949( 43)   0.1059( 79)   0.0577(145)   0.0656(128)
sw2    [4096,2048]   M=1      0.0411(204)   0.0418(200)   0.0414(203)   0.0452(185)
sw2    [4096,2048]   M=2      0.0689(122)   0.1210( 69)   0.0428(196)   0.0526(159)
sw2    [4096,2048]   M=3      0.0922( 91)   0.1231( 68)   0.0436(192)   0.0539(156)
sw2    [4096,2048]   M=5      0.1313( 64)   0.1219( 69)   0.0460(182)   0.0575(146)
sw2    [4096,2048]   M=8      0.1942( 43)   0.1216( 69)   0.0539(156)   0.0628(134)

--- rep 2 DB=1 ---
--- COLD crossover on the real verify shapes: ms (GB/s) ---
shape                M                GEMV      m16 plain       m16+smem   m16+smem B+4
wq_a   [1024,4096]   M=1      0.0270(155)   0.0270(156)   0.0269(156)   0.0306(137)
wq_a   [1024,4096]   M=2      0.0472( 89)   0.0832( 50)   0.0372(113)   0.0404(104)
wq_a   [1024,4096]   M=3      0.0557( 75)   0.0823( 51)   0.0394(107)   0.0407(103)
wq_a   [1024,4096]   M=5      0.0758( 55)   0.0821( 51)   0.0388(108)   0.0405(104)
wq_a   [1024,4096]   M=8      0.1215( 35)   0.0835( 50)   0.0422( 99)   0.0414(101)
wq_b   [4096,1024]   M=1      0.0253(166)   0.0247(170)   0.0246(170)   0.0258(162)
wq_b   [4096,1024]   M=2      0.0375(112)   0.0609( 69)   0.0249(168)   0.0281(149)
wq_b   [4096,1024]   M=3      0.0496( 85)   0.0596( 70)   0.0251(167)   0.0304(138)
wq_b   [4096,1024]   M=5      0.0698( 60)   0.0598( 70)   0.0275(152)   0.0315(133)
wq_b   [4096,1024]   M=8      0.1031( 41)   0.0600( 70)   0.0305(138)   0.0355(118)
wkv    [512,4096]    M=1      0.0169(124)   0.0165(127)   0.0164(128)   0.0165(127)
wkv    [512,4096]    M=2      0.0272( 77)   0.0778( 27)   0.0235( 89)   0.0250( 84)
wkv    [512,4096]    M=3      0.0332( 63)   0.0747( 28)   0.0238( 88)   0.0261( 80)
wkv    [512,4096]    M=5      0.0487( 43)   0.0751( 28)   0.0241( 87)   0.0259( 81)
wkv    [512,4096]    M=8      0.0698( 30)   0.0771( 27)   0.0251( 84)   0.0269( 78)
wo_b   [4096,4096]   M=1      0.0741(226)   0.0777(216)   0.0745(225)   0.0883(190)
wo_b   [4096,4096]   M=2      0.1307(128)   0.2469( 68)   0.0793(212)   0.0997(168)
wo_b   [4096,4096]   M=3      0.1782( 94)   0.2480( 68)   0.0769(218)   0.1051(160)
wo_b   [4096,4096]   M=5      0.2545( 66)   0.2519( 67)   0.0832(202)   0.1062(158)
wo_b   [4096,4096]   M=8      0.3765( 45)   0.2520( 67)   0.0978(171)   0.1192(141)
sw1/3  [2048,4096]   M=1      0.0425(197)   0.0433(194)   0.0439(191)   0.0498(168)
sw1/3  [2048,4096]   M=2      0.0738(114)   0.1010( 83)   0.0429(195)   0.0477(176)
sw1/3  [2048,4096]   M=3      0.0934( 90)   0.1033( 81)   0.0431(195)   0.0491(171)
sw1/3  [2048,4096]   M=5      0.1320( 64)   0.1012( 83)   0.0473(177)   0.0527(159)
sw1/3  [2048,4096]   M=8      0.1952( 43)   0.1034( 81)   0.0537(156)   0.0607(138)
sw2    [4096,2048]   M=1      0.0412(204)   0.0421(199)   0.0407(206)   0.0459(183)
sw2    [4096,2048]   M=2      0.0680(123)   0.1191( 70)   0.0420(200)   0.0534(157)
sw2    [4096,2048]   M=3      0.0921( 91)   0.1172( 72)   0.0438(192)   0.0532(158)
sw2    [4096,2048]   M=5      0.1314( 64)   0.1209( 69)   0.0449(187)   0.0579(145)
sw2    [4096,2048]   M=8      0.1941( 43)   0.1211( 69)   0.0534(157)   0.0620(135)

--- rep 2 DB=0 ---
--- COLD crossover on the real verify shapes: ms (GB/s) ---
shape                M                GEMV      m16 plain       m16+smem   m16+smem B+4
wq_a   [1024,4096]   M=1      0.0270(156)   0.0268(156)   0.0269(156)   0.0309(136)
wq_a   [1024,4096]   M=2      0.0475( 88)   0.0823( 51)   0.0341(123)   0.0376(112)
wq_a   [1024,4096]   M=3      0.0554( 76)   0.0819( 51)   0.0349(120)   0.0389(108)
wq_a   [1024,4096]   M=5      0.0758( 55)   0.0821( 51)   0.0369(114)   0.0422( 99)
wq_a   [1024,4096]   M=8      0.1218( 34)   0.0833( 50)   0.0394(106)   0.0433( 97)
wq_b   [4096,1024]   M=1      0.0247(170)   0.0255(164)   0.0257(163)   0.0258(163)
wq_b   [4096,1024]   M=2      0.0374(112)   0.0619( 68)   0.0252(166)   0.0286(147)
wq_b   [4096,1024]   M=3      0.0493( 85)   0.0607( 69)   0.0258(162)   0.0292(144)
wq_b   [4096,1024]   M=5      0.0706( 59)   0.0595( 71)   0.0274(153)   0.0312(134)
wq_b   [4096,1024]   M=8      0.1026( 41)   0.0596( 70)   0.0307(137)   0.0348(120)
wkv    [512,4096]    M=1      0.0173(121)   0.0165(127)   0.0166(126)   0.0164(128)
wkv    [512,4096]    M=2      0.0274( 77)   0.0769( 27)   0.0269( 78)   0.0252( 83)
wkv    [512,4096]    M=3      0.0332( 63)   0.0767( 27)   0.0273( 77)   0.0259( 81)
wkv    [512,4096]    M=5      0.0496( 42)   0.0751( 28)   0.0285( 74)   0.0270( 78)
wkv    [512,4096]    M=8      0.0698( 30)   0.0773( 27)   0.0288( 73)   0.0267( 78)
wo_b   [4096,4096]   M=1      0.0747(225)   0.0780(215)   0.0746(225)   0.0924(182)
wo_b   [4096,4096]   M=2      0.1287(130)   0.2466( 68)   0.0787(213)   0.0969(173)
wo_b   [4096,4096]   M=3      0.1778( 94)   0.2433( 69)   0.0801(209)   0.1021(164)
wo_b   [4096,4096]   M=5      0.2546( 66)   0.2433( 69)   0.0844(199)   0.1026(163)
wo_b   [4096,4096]   M=8      0.3764( 45)   0.2484( 68)   0.1018(165)   0.1205(139)
sw1/3  [2048,4096]   M=1      0.0438(191)   0.0425(198)   0.0433(194)   0.0498(168)
sw1/3  [2048,4096]   M=2      0.0734(114)   0.1028( 82)   0.0451(186)   0.0501(167)
sw1/3  [2048,4096]   M=3      0.0945( 89)   0.1017( 82)   0.0449(187)   0.0512(164)
sw1/3  [2048,4096]   M=5      0.1327( 63)   0.1036( 81)   0.0494(170)   0.0567(148)
sw1/3  [2048,4096]   M=8      0.1951( 43)   0.1061( 79)   0.0589(143)   0.0651(129)
sw2    [4096,2048]   M=1      0.0414(203)   0.0414(203)   0.0411(204)   0.0459(183)
sw2    [4096,2048]   M=2      0.0680(123)   0.1176( 71)   0.0425(198)   0.0542(155)
sw2    [4096,2048]   M=3      0.0922( 91)   0.1164( 72)   0.0453(185)   0.0532(158)
sw2    [4096,2048]   M=5      0.1313( 64)   0.1218( 69)   0.0463(181)   0.0585(143)
sw2    [4096,2048]   M=8      0.1942( 43)   0.1205( 70)   0.0556(151)   0.0626(134)

--- rep 3 DB=1 ---
--- COLD crossover on the real verify shapes: ms (GB/s) ---
shape                M                GEMV      m16 plain       m16+smem   m16+smem B+4
wq_a   [1024,4096]   M=1      0.0278(151)   0.0267(157)   0.0265(158)   0.0305(137)
wq_a   [1024,4096]   M=2      0.0487( 86)   0.0822( 51)   0.0372(113)   0.0404(104)
wq_a   [1024,4096]   M=3      0.0554( 76)   0.0826( 51)   0.0377(111)   0.0408(103)
wq_a   [1024,4096]   M=5      0.0759( 55)   0.0830( 51)   0.0388(108)   0.0405(103)
wq_a   [1024,4096]   M=8      0.1207( 35)   0.0835( 50)   0.0408(103)   0.0417(101)
wq_b   [4096,1024]   M=1      0.0247(170)   0.0252(166)   0.0246(171)   0.0256(164)
wq_b   [4096,1024]   M=2      0.0373(112)   0.0605( 69)   0.0252(166)   0.0282(149)
wq_b   [4096,1024]   M=3      0.0494( 85)   0.0605( 69)   0.0253(166)   0.0291(144)
wq_b   [4096,1024]   M=5      0.0700( 60)   0.0592( 71)   0.0274(153)   0.0323(130)
wq_b   [4096,1024]   M=8      0.1026( 41)   0.0606( 69)   0.0302(139)   0.0356(118)
wkv    [512,4096]    M=1      0.0179(117)   0.0164(128)   0.0173(121)   0.0165(127)
wkv    [512,4096]    M=2      0.0271( 77)   0.0763( 27)   0.0239( 88)   0.0248( 84)
wkv    [512,4096]    M=3      0.0330( 64)   0.0764( 27)   0.0237( 89)   0.0253( 83)
wkv    [512,4096]    M=5      0.0490( 43)   0.0751( 28)   0.0240( 87)   0.0261( 80)
wkv    [512,4096]    M=8      0.0698( 30)   0.0778( 27)   0.0252( 83)   0.0270( 78)
wo_b   [4096,4096]   M=1      0.0748(224)   0.0747(225)   0.0764(220)   0.0930(180)
wo_b   [4096,4096]   M=2      0.1291(130)   0.2479( 68)   0.0770(218)   0.1036(162)
wo_b   [4096,4096]   M=3      0.1773( 95)   0.2433( 69)   0.0777(216)   0.1067(157)
wo_b   [4096,4096]   M=5      0.2544( 66)   0.2432( 69)   0.0815(206)   0.1064(158)
wo_b   [4096,4096]   M=8      0.3764( 45)   0.2454( 68)   0.0986(170)   0.1189(141)
sw1/3  [2048,4096]   M=1      0.0436(193)   0.0433(194)   0.0434(193)   0.0510(165)
sw1/3  [2048,4096]   M=2      0.0731(115)   0.1004( 84)   0.0427(197)   0.0489(172)
sw1/3  [2048,4096]   M=3      0.0937( 90)   0.1018( 82)   0.0435(193)   0.0497(169)
sw1/3  [2048,4096]   M=5      0.1326( 63)   0.1017( 83)   0.0458(183)   0.0527(159)
sw1/3  [2048,4096]   M=8      0.1950( 43)   0.1042( 81)   0.0532(158)   0.0606(138)
sw2    [4096,2048]   M=1      0.0413(203)   0.0413(203)   0.0414(202)   0.0463(181)
sw2    [4096,2048]   M=2      0.0687(122)   0.1211( 69)   0.0424(198)   0.0522(161)
sw2    [4096,2048]   M=3      0.0923( 91)   0.1188( 71)   0.0436(192)   0.0553(152)
sw2    [4096,2048]   M=5      0.1314( 64)   0.1193( 70)   0.0448(187)   0.0565(149)
sw2    [4096,2048]   M=8      0.1946( 43)   0.1228( 68)   0.0524(160)   0.0627(134)

--- rep 3 DB=0 ---
--- COLD crossover on the real verify shapes: ms (GB/s) ---
shape                M                GEMV      m16 plain       m16+smem   m16+smem B+4
wq_a   [1024,4096]   M=1      0.0267(157)   0.0271(155)   0.0276(152)   0.0300(140)
wq_a   [1024,4096]   M=2      0.0472( 89)   0.0824( 51)   0.0340(123)   0.0382(110)
wq_a   [1024,4096]   M=3      0.0553( 76)   0.0824( 51)   0.0349(120)   0.0385(109)
wq_a   [1024,4096]   M=5      0.0765( 55)   0.0822( 51)   0.0367(114)   0.0401(105)
wq_a   [1024,4096]   M=8      0.1220( 34)   0.0848( 49)   0.0391(107)   0.0430( 98)
wq_b   [4096,1024]   M=1      0.0248(169)   0.0246(170)   0.0246(170)   0.0259(162)
wq_b   [4096,1024]   M=2      0.0375(112)   0.0597( 70)   0.0250(168)   0.0292(143)
wq_b   [4096,1024]   M=3      0.0493( 85)   0.0602( 70)   0.0260(161)   0.0297(141)
wq_b   [4096,1024]   M=5      0.0698( 60)   0.0627( 67)   0.0272(154)   0.0308(136)
wq_b   [4096,1024]   M=8      0.1030( 41)   0.0617( 68)   0.0306(137)   0.0343(122)
wkv    [512,4096]    M=1      0.0164(128)   0.0164(128)   0.0164(128)   0.0165(127)
wkv    [512,4096]    M=2      0.0274( 77)   0.0746( 28)   0.0268( 78)   0.0251( 84)
wkv    [512,4096]    M=3      0.0336( 62)   0.0746( 28)   0.0274( 76)   0.0258( 81)
wkv    [512,4096]    M=5      0.0480( 44)   0.0757( 28)   0.0282( 74)   0.0267( 79)
wkv    [512,4096]    M=8      0.0703( 30)   0.0757( 28)   0.0289( 73)   0.0280( 75)
wo_b   [4096,4096]   M=1      0.0775(216)   0.0745(225)   0.0751(224)   0.0880(191)
wo_b   [4096,4096]   M=2      0.1285(131)   0.2340( 72)   0.0789(213)   0.0999(168)
wo_b   [4096,4096]   M=3      0.1763( 95)   0.2384( 70)   0.0798(210)   0.0977(172)
wo_b   [4096,4096]   M=5      0.2541( 66)   0.2407( 70)   0.0875(192)   0.1029(163)
wo_b   [4096,4096]   M=8      0.3765( 45)   0.2395( 70)   0.1004(167)   0.1186(141)
sw1/3  [2048,4096]   M=1      0.0427(197)   0.0428(196)   0.0432(194)   0.0487(172)
sw1/3  [2048,4096]   M=2      0.0744(113)   0.0996( 84)   0.0439(191)   0.0498(168)
sw1/3  [2048,4096]   M=3      0.0944( 89)   0.1020( 82)   0.0445(188)   0.0521(161)
sw1/3  [2048,4096]   M=5      0.1323( 63)   0.1021( 82)   0.0493(170)   0.0561(149)
sw1/3  [2048,4096]   M=8      0.1956( 43)   0.1047( 80)   0.0579(145)   0.0654(128)
sw2    [4096,2048]   M=1      0.0427(196)   0.0411(204)   0.0408(206)   0.0469(179)
sw2    [4096,2048]   M=2      0.0681(123)   0.1202( 70)   0.0428(196)   0.0530(158)
sw2    [4096,2048]   M=3      0.0921( 91)   0.1174( 71)   0.0437(192)   0.0526(159)
sw2    [4096,2048]   M=5      0.1312( 64)   0.1193( 70)   0.0469(179)   0.0560(150)
sw2    [4096,2048]   M=8      0.1943( 43)   0.1187( 71)   0.0539(156)   0.0631(133)

