[hfpend 2026-08-26T19:51:10-04:00] champion (stays at repo root): s3recap-p25-b0.1
[hfpend 2026-08-26T19:51:10-04:00] agentic-p25-b0.1: FORCED re-upload (content superseded)
[hfpend 2026-08-26T19:51:10-04:00] uploading arms/agentic-p25-b0.1/mtp_trained.safetensors (987M)
[hfpend 2026-08-26T19:51:27-04:00]   ok
[hfpend 2026-08-26T19:51:27-04:00] uploading arms/agentic-p25-b0.1/head_card.json (884K)
[hfpend 2026-08-26T19:51:28-04:00]   ok
[hfpend 2026-08-26T19:51:28-04:00] uploading arms/agentic-p25-b0.1/train_metrics.json (724K)
[hfpend 2026-08-26T19:51:29-04:00]   ok
[hfpend 2026-08-26T19:51:29-04:00] uploading arms/agentic-p25-b0.1/eval.log (72K)
[hfpend 2026-08-26T19:51:30-04:00]   ok
[hfpend 2026-08-26T19:51:30-04:00] uploading arms/agentic-p25-b0.1-c3of7/mtp_trained.safetensors (987M)
[hfpend 2026-08-26T19:51:35-04:00]   ok
[hfpend 2026-08-26T19:51:35-04:00] uploading arms/agentic-p25-b0.1-c3of7/head_card.json (4.0K)
[hfpend 2026-08-26T19:51:36-04:00]   ok
[hfpend 2026-08-26T19:51:36-04:00] uploading arms/auto-ace0p5/mtp_trained.safetensors (987M)
[hfpend 2026-08-26T19:51:49-04:00]   ok
[hfpend 2026-08-26T19:51:49-04:00] uploading arms/auto-ace0p5/head_card.json (436K)
[hfpend 2026-08-26T19:51:51-04:00]   ok
[hfpend 2026-08-26T19:51:51-04:00] uploading arms/auto-ace0p5/train_metrics.json (356K)
[hfpend 2026-08-26T19:51:52-04:00]   ok
[hfpend 2026-08-26T19:51:52-04:00] uploading arms/auto-ace0p5/eval.log (68K)
[hfpend 2026-08-26T19:51:53-04:00]   ok
[hfpend 2026-08-26T19:51:53-04:00] uploading arms/auto-beta0p05/mtp_trained.safetensors (987M)
[hfpend 2026-08-26T19:52:06-04:00]   ok
[hfpend 2026-08-26T19:52:06-04:00] uploading arms/auto-beta0p05/head_card.json (436K)
[hfpend 2026-08-26T19:52:07-04:00]   ok
[hfpend 2026-08-26T19:52:07-04:00] uploading arms/auto-beta0p05/train_metrics.json (356K)
[hfpend 2026-08-26T19:52:08-04:00]   ok
[hfpend 2026-08-26T19:52:08-04:00] uploading arms/auto-beta0p05/eval.log (68K)
[hfpend 2026-08-26T19:52:09-04:00]   ok
[hfpend 2026-08-26T19:52:09-04:00] shipped-dspark-0731reap: shards-only baseline, no BF16 master expected
[hfpend 2026-08-26T19:52:09-04:00] uploading arms/shipped-dspark-0731reap/head_card.json (4.0K)
[hfpend 2026-08-26T19:52:10-04:00]   ok
[hfpend 2026-08-26T19:52:10-04:00] pending upload complete
