[decode] loading /home/patrickd/models/ckpt-head-s3recap-p25-b0.1 ... s=6 NDEC=8 seqmax=1331
[decode] loaded 100.40 GiB, 45821 tensors  (weights in MANAGED device-preferred memory)
[decode] KV layout: fp32, 2048 B/row, 0.109 GiB for 1331 rows x 43 layers
[decode] building 43 layer structs once (persistent)...
[decode] structs built. mem 114.2/122.8 GiB
[dprof] enabled, 8192 marks
[decode] prefill 5 positions...
[f32mk] tile 4x4 (DSV4_F32MK_TILE=unset)
[decode] PREFILL: 5 positions in 2513.6 ms = 2.0 tok/s (502.726 ms/tok)
[decode] prefill done. caches populated. starting decode.
  step 0 pos 5 -> token 11111  (83.1 ms warmup)
  step 1 pos 6 -> token 16  (83.2 ms)
  step 2 pos 7 -> token 455  (89.0 ms)
  step 3 pos 8 -> token 6102  (83.0 ms)
  step 4 pos 9 -> token 294  (82.9 ms)
  step 5 pos 10 -> token 16603  (84.0 ms)
  step 6 pos 11 -> token 344  (90.2 ms)
  step 7 pos 12 -> token 29168  (83.5 ms)

[decode] first decoded token argmax = 11111  (expect 11111)  -> GATE PASS
[decode] generated: 11111 16 455 6102 294 16603 344 29168
[decode] WARM decode: 85.1 ms/tok = 11.74 tok/s  (M=1 steady state, 7-step avg)

[spec-verify] M=5 verify in ONE forward: 154.5 ms (= 30.9 ms/tok if all accepted vs 85.1 M=1 -> 2.76x)
[spec-verify] verify argmax: 11111 16 455 6102 294
[spec-verify] decode tokens: 11111 16 455 6102 294
[spec-verify] MATCH 5/5 -> PASS  (M=K verify == K sequential decodes; diffs = MoE-atomic near-ties)

[spec] using EMBEDDED DSpark heads from the main checkpoint (no extra memory)
[spec] NSTAGE=3 head-experts=160 BLK sweep: 5
[spec] head built. mem 112.7/122.8 GiB
[decode] PREFILL: 845 positions in 8894.8 ms = 95.0 tok/s (10.526 ms/tok)

[dprof] PREFILL PS=845 — verify step by sub-op, summed over all layers (1106 marks)
[dprof] phase                    ms        %      calls
[dprof] hc_pre  (attn)       268.03     3.6%         43
[dprof] rmsnorm (attn)         3.15     0.0%         43
[dprof] ATTENTION           3528.28    47.4%         43
[dprof] hc_post (attn)        51.21     0.7%         43
[dprof] hc_pre  (ffn)        399.56     5.4%         43
[dprof] rmsnorm (ffn)          3.15     0.0%         43
[dprof] MoE                 3138.57    42.2%         43
[dprof] hc_post (ffn)         42.73     0.6%         43
[dprof] kv xin copy            3.01     0.0%         41
[dprof]   attn:kv_write       39.45     0.5%         43
[dprof]   cattn:q_proj       664.25     8.9%         41
[dprof]   cattn:compress    1453.19    19.5%         41
[dprof]   cattn:indexer      231.04     3.1%         41
[dprof]   cattn:sparse      1007.72    13.5%         41
[dprof]   cattn:ogroup      1346.74    18.1%         41
[dprof]   moe:router          62.65     0.8%         43
[dprof]   moe:group          116.78     1.6%         43
[dprof]   moe:w1w3          2006.14    27.0%         43
[dprof]   moe:act            201.12     2.7%         43
[dprof]   moe:w2             681.21     9.2%         43
[dprof]   moe:combine         61.51     0.8%         43
[dprof]   moe:shared           6.17     0.1%         43
[dprof]       mg:count         0.29     0.0%         43
[dprof]       mg:prefix        0.24     0.0%         43
[dprof]       mg:scatter       0.36     0.0%         43
[dprof]       mg:tiles         0.33     0.0%         43
[dprof] TOTAL               7437.69
[dprof] *** INVALID: attn children 4742.38 ms > ATTENTION 3528.28 ms — marks recorded outside the reported window
[spec] decoding 8 tokens (block=5, draft passes=1, adaptK=1.50, prompt=1 s=846)...
[arena] first draft: draft footprint 211.44 MB, global hwm 665.53 MB / cap 3130.00 MB (21.3%), draft path = ARENA
  [margins] 11.84 6.21 12.51 6.55 7.24  K=6
  verify 1: accepted 5/5 (K=6) + correction -> +6 tokens (372.6 ms)  cpos=851
  [margins] 11.25 8.34 10.24 10.72 7.31  K=6
  verify 2: accepted 5/5 (K=6) + correction -> +6 tokens (215.7 ms)  cpos=857

[spec] generated 12 tokens over 2 verifies: mean tokens/verify = 6.00 (block=5, max 6)
[spec] tokens: 361 28612 329 3362 223 18 14 582 2852 3362 582 15717
[spec] SPEC-DECODE: 35.9 ms/tok = 27.82 tok/s  (vs base M=1 85.1 ms/tok = 11.74 tok/s -> 2.37x)
[decode] mem 112.8/122.8 GiB
