# gemm_bench KC sweep, clocks pinned (sudo jetson_clocks), 2026-08-08T04:48:50Z
=== TCB_KC=1 ===
--- COLD crossover on the real verify shapes: ms (GB/s) ---
shape                M                GEMV      m16 plain       m16+smem   m16+smem B+4
wq_a   [1024,4096]   M=1      0.0280(150)   0.0272(154)   0.0271(155)   0.0303(138)
wq_a   [1024,4096]   M=2      0.0495( 85)   0.0844( 50)   0.0463( 91)   0.0490( 86)
wq_a   [1024,4096]   M=3      0.0554( 76)   0.0843( 50)   0.0463( 90)   0.0497( 84)
wq_a   [1024,4096]   M=5      0.0759( 55)   0.0857( 49)   0.0467( 90)   0.0501( 84)
wq_a   [1024,4096]   M=8      0.1220( 34)   0.0857( 49)   0.0484( 87)   0.0517( 81)
wq_b   [4096,1024]   M=1      0.0247(170)   0.0248(169)   0.0247(170)   0.0259(162)
wq_b   [4096,1024]   M=2      0.0376(112)   0.0650( 65)   0.0294(143)   0.0323(130)
wq_b   [4096,1024]   M=3      0.0493( 85)   0.0625( 67)   0.0291(144)   0.0336(125)
wq_b   [4096,1024]   M=5      0.0698( 60)   0.0624( 67)   0.0311(135)   0.0339(124)
wq_b   [4096,1024]   M=8      0.1026( 41)   0.0628( 67)   0.0337(125)   0.0366(115)
wkv    [512,4096]    M=1      0.0165(127)   0.0164(128)   0.0163(129)   0.0165(127)
wkv    [512,4096]    M=2      0.0273( 77)   0.0745( 28)   0.0411( 51)   0.0441( 48)
wkv    [512,4096]    M=3      0.0329( 64)   0.0748( 28)   0.0412( 51)   0.0426( 49)
wkv    [512,4096]    M=5      0.0481( 44)   0.0750( 28)   0.0424( 49)   0.0434( 48)
wkv    [512,4096]    M=8      0.0697( 30)   0.0758( 28)   0.0431( 49)   0.0453( 46)
wo_b   [4096,4096]   M=1      0.0759(221)   0.0759(221)   0.0756(222)   0.0882(190)
wo_b   [4096,4096]   M=2      0.1313(128)   0.2493( 67)   0.0816(206)   0.1032(163)
wo_b   [4096,4096]   M=3      0.1775( 95)   0.2603( 64)   0.0833(201)   0.1055(159)
wo_b   [4096,4096]   M=5      0.2544( 66)   0.2578( 65)   0.0876(192)   0.1131(148)
wo_b   [4096,4096]   M=8      0.3768( 45)   0.2502( 67)   0.0989(170)   0.1197(140)
sw1/3  [2048,4096]   M=1      0.0431(195)   0.0430(195)   0.0445(189)   0.0498(168)
sw1/3  [2048,4096]   M=2      0.0748(112)   0.1106( 76)   0.0543(155)   0.0621(135)
sw1/3  [2048,4096]   M=3      0.0934( 90)   0.1100( 76)   0.0552(152)   0.0640(131)
sw1/3  [2048,4096]   M=5      0.1320( 64)   0.1121( 75)   0.0575(146)   0.0676(124)
sw1/3  [2048,4096]   M=8      0.1948( 43)   0.1126( 75)   0.0619(136)   0.0703(119)
sw2    [4096,2048]   M=1      0.0410(205)   0.0413(203)   0.0419(200)   0.0456(184)
sw2    [4096,2048]   M=2      0.0684(123)   0.1222( 69)   0.0471(178)   0.0568(148)
sw2    [4096,2048]   M=3      0.0923( 91)   0.1210( 69)   0.0447(188)   0.0625(134)
sw2    [4096,2048]   M=5      0.1313( 64)   0.1204( 70)   0.0484(173)   0.0616(136)
sw2    [4096,2048]   M=8      0.1945( 43)   0.1227( 68)   0.0539(156)   0.0654(128)

--- ogroup wo_a [8 x 1024, 4096] COLD, 12 rotating copies: ms (GB/s) ---
=== TCB_KC=2 ===
--- COLD crossover on the real verify shapes: ms (GB/s) ---
shape                M                GEMV      m16 plain       m16+smem   m16+smem B+4
wq_a   [1024,4096]   M=1      0.0272(154)   0.0266(158)   0.0273(154)   0.0307(136)
wq_a   [1024,4096]   M=2      0.0473( 89)   0.0842( 50)   0.0342(123)   0.0377(111)
wq_a   [1024,4096]   M=3      0.0555( 76)   0.0842( 50)   0.0349(120)   0.0386(109)
wq_a   [1024,4096]   M=5      0.0759( 55)   0.0849( 49)   0.0369(114)   0.0402(104)
wq_a   [1024,4096]   M=8      0.1221( 34)   0.0850( 49)   0.0391(107)   0.0430( 98)
wq_b   [4096,1024]   M=1      0.0247(170)   0.0246(170)   0.0251(167)   0.0260(161)
wq_b   [4096,1024]   M=2      0.0378(111)   0.0608( 69)   0.0251(167)   0.0299(140)
wq_b   [4096,1024]   M=3      0.0493( 85)   0.0625( 67)   0.0267(157)   0.0290(144)
wq_b   [4096,1024]   M=5      0.0698( 60)   0.0649( 65)   0.0271(155)   0.0309(136)
wq_b   [4096,1024]   M=8      0.1030( 41)   0.0622( 67)   0.0306(137)   0.0356(118)
wkv    [512,4096]    M=1      0.0165(127)   0.0165(127)   0.0164(128)   0.0165(127)
wkv    [512,4096]    M=2      0.0272( 77)   0.0746( 28)   0.0308( 68)   0.0330( 64)
wkv    [512,4096]    M=3      0.0330( 64)   0.0745( 28)   0.0312( 67)   0.0329( 64)
wkv    [512,4096]    M=5      0.0484( 43)   0.0753( 28)   0.0309( 68)   0.0329( 64)
wkv    [512,4096]    M=8      0.0700( 30)   0.0756( 28)   0.0330( 64)   0.0349( 60)
wo_b   [4096,4096]   M=1      0.0753(223)   0.0785(214)   0.0751(223)   0.0880(191)
wo_b   [4096,4096]   M=2      0.1297(129)   0.2605( 64)   0.0777(216)   0.0996(169)
wo_b   [4096,4096]   M=3      0.1771( 95)   0.2630( 64)   0.0800(210)   0.1007(167)
wo_b   [4096,4096]   M=5      0.2545( 66)   0.2552( 66)   0.0843(199)   0.1054(159)
wo_b   [4096,4096]   M=8      0.3762( 45)   0.2567( 65)   0.1007(167)   0.1192(141)
sw1/3  [2048,4096]   M=1      0.0432(194)   0.0438(192)   0.0445(188)   0.0492(170)
sw1/3  [2048,4096]   M=2      0.0739(113)   0.1046( 80)   0.0442(190)   0.0506(166)
sw1/3  [2048,4096]   M=3      0.0936( 90)   0.1063( 79)   0.0454(185)   0.0520(161)
sw1/3  [2048,4096]   M=5      0.1321( 63)   0.1068( 79)   0.0495(169)   0.0588(143)
sw1/3  [2048,4096]   M=8      0.1948( 43)   0.1098( 76)   0.0577(145)   0.0659(127)
sw2    [4096,2048]   M=1      0.0414(203)   0.0409(205)   0.0413(203)   0.0476(176)
sw2    [4096,2048]   M=2      0.0679(124)   0.1187( 71)   0.0441(190)   0.0527(159)
sw2    [4096,2048]   M=3      0.0922( 91)   0.1229( 68)   0.0452(186)   0.0535(157)
sw2    [4096,2048]   M=5      0.1313( 64)   0.1244( 67)   0.0467(180)   0.0571(147)
sw2    [4096,2048]   M=8      0.1945( 43)   0.1210( 69)   0.0536(157)   0.0633(133)

--- ogroup wo_a [8 x 1024, 4096] COLD, 12 rotating copies: ms (GB/s) ---
=== TCB_KC=4 ===
--- COLD crossover on the real verify shapes: ms (GB/s) ---
shape                M                GEMV      m16 plain       m16+smem   m16+smem B+4
wq_a   [1024,4096]   M=1      0.0273(154)   0.0274(153)   0.0274(153)   0.0305(137)
wq_a   [1024,4096]   M=2      0.0472( 89)   0.0856( 49)   0.0390(108)   0.0504( 83)
wq_a   [1024,4096]   M=3      0.0554( 76)   0.0837( 50)   0.0395(106)   0.0512( 82)
wq_a   [1024,4096]   M=5      0.0766( 55)   0.0857( 49)   0.0406(103)   0.0521( 81)
wq_a   [1024,4096]   M=8      0.1214( 35)   0.0847( 49)   0.0422( 99)   0.0542( 77)
wq_b   [4096,1024]   M=1      0.0247(170)   0.0246(171)   0.0246(171)   0.0264(159)
wq_b   [4096,1024]   M=2      0.0377(111)   0.0600( 70)   0.0271(155)   0.0312(134)
wq_b   [4096,1024]   M=3      0.0493( 85)   0.0614( 68)   0.0272(154)   0.0310(135)
wq_b   [4096,1024]   M=5      0.0706( 59)   0.0624( 67)   0.0295(142)   0.0332(126)
wq_b   [4096,1024]   M=8      0.1031( 41)   0.0641( 65)   0.0328(128)   0.0366(115)
wkv    [512,4096]    M=1      0.0165(127)   0.0164(128)   0.0164(128)   0.0166(126)
wkv    [512,4096]    M=2      0.0274( 77)   0.0746( 28)   0.0351( 60)   0.0348( 60)
wkv    [512,4096]    M=3      0.0329( 64)   0.0765( 27)   0.0349( 60)   0.0349( 60)
wkv    [512,4096]    M=5      0.0487( 43)   0.0751( 28)   0.0359( 58)   0.0361( 58)
wkv    [512,4096]    M=8      0.0699( 30)   0.0758( 28)   0.0370( 57)   0.0371( 57)
wo_b   [4096,4096]   M=1      0.0757(222)   0.0754(222)   0.0778(216)   0.0885(190)
wo_b   [4096,4096]   M=2      0.1309(128)   0.2467( 68)   0.0827(203)   0.0984(170)
wo_b   [4096,4096]   M=3      0.1779( 94)   0.2502( 67)   0.0807(208)   0.1025(164)
wo_b   [4096,4096]   M=5      0.2548( 66)   0.2494( 67)   0.0863(194)   0.1072(156)
wo_b   [4096,4096]   M=8      0.3762( 45)   0.2496( 67)   0.1006(167)   0.1221(137)
sw1/3  [2048,4096]   M=1      0.0432(194)   0.0437(192)   0.0434(193)   0.0495(170)
sw1/3  [2048,4096]   M=2      0.0748(112)   0.1063( 79)   0.0490(171)   0.0649(129)
sw1/3  [2048,4096]   M=3      0.0945( 89)   0.1065( 79)   0.0494(170)   0.0652(129)
sw1/3  [2048,4096]   M=5      0.1326( 63)   0.1096( 77)   0.0521(161)   0.0671(125)
sw1/3  [2048,4096]   M=8      0.1952( 43)   0.1090( 77)   0.0589(143)   0.0726(115)
sw2    [4096,2048]   M=1      0.0416(202)   0.0413(203)   0.0414(202)   0.0465(180)
sw2    [4096,2048]   M=2      0.0686(122)   0.1224( 69)   0.0447(188)   0.0545(154)
sw2    [4096,2048]   M=3      0.0930( 90)   0.1217( 69)   0.0450(186)   0.0557(151)
sw2    [4096,2048]   M=5      0.1312( 64)   0.1199( 70)   0.0482(174)   0.0584(144)
sw2    [4096,2048]   M=8      0.1946( 43)   0.1207( 70)   0.0536(156)   0.0656(128)

--- ogroup wo_a [8 x 1024, 4096] COLD, 12 rotating copies: ms (GB/s) ---
=== TCB_KC=8 ===
--- COLD crossover on the real verify shapes: ms (GB/s) ---
shape                M                GEMV      m16 plain       m16+smem   m16+smem B+4
wq_a   [1024,4096]   M=1      0.0273(154)   0.0272(154)   0.0271(155)   0.0310(135)
wq_a   [1024,4096]   M=2      0.0476( 88)   0.0826( 51)   0.0359(117)   0.0407(103)
wq_a   [1024,4096]   M=3      0.0554( 76)   0.0833( 50)   0.0370(113)   0.0411(102)
wq_a   [1024,4096]   M=5      0.0759( 55)   0.0836( 50)   0.0370(113)   0.0438( 96)
wq_a   [1024,4096]   M=8      0.1216( 34)   0.0838( 50)   0.0414(101)   0.0434( 97)
wq_b   [4096,1024]   M=1      0.0247(170)   0.0247(170)   0.0252(167)   0.0260(162)
wq_b   [4096,1024]   M=2      0.0377(111)   0.0618( 68)   0.0268(157)   0.0302(139)
wq_b   [4096,1024]   M=3      0.0493( 85)   0.0603( 70)   0.0272(154)   0.0320(131)
wq_b   [4096,1024]   M=5      0.0698( 60)   0.0619( 68)   0.0304(138)   0.0328(128)
wq_b   [4096,1024]   M=8      0.1030( 41)   0.0614( 68)   0.0332(126)   0.0366(115)
wkv    [512,4096]    M=1      0.0173(122)   0.0164(128)   0.0164(128)   0.0165(127)
wkv    [512,4096]    M=2      0.0273( 77)   0.0749( 28)   0.0268( 78)   0.0248( 84)
wkv    [512,4096]    M=3      0.0332( 63)   0.0746( 28)   0.0272( 77)   0.0260( 81)
wkv    [512,4096]    M=5      0.0483( 43)   0.0751( 28)   0.0288( 73)   0.0266( 79)
wkv    [512,4096]    M=8      0.0698( 30)   0.0756( 28)   0.0287( 73)   0.0269( 78)
wo_b   [4096,4096]   M=1      0.0752(223)   0.0755(222)   0.0772(217)   0.0881(191)
wo_b   [4096,4096]   M=2      0.1291(130)   0.2536( 66)   0.0825(203)   0.0999(168)
wo_b   [4096,4096]   M=3      0.1763( 95)   0.2480( 68)   0.0805(208)   0.1009(166)
wo_b   [4096,4096]   M=5      0.2546( 66)   0.2501( 67)   0.0854(196)   0.1074(156)
wo_b   [4096,4096]   M=8      0.3767( 45)   0.2493( 67)   0.0986(170)   0.1225(137)
sw1/3  [2048,4096]   M=1      0.0429(196)   0.0438(191)   0.0442(190)   0.0490(171)
sw1/3  [2048,4096]   M=2      0.0749(112)   0.1056( 79)   0.0561(150)   0.0551(152)
sw1/3  [2048,4096]   M=3      0.0933( 90)   0.1062( 79)   0.0565(148)   0.0564(149)
sw1/3  [2048,4096]   M=5      0.1320( 64)   0.1069( 78)   0.0572(147)   0.0606(139)
sw1/3  [2048,4096]   M=8      0.1947( 43)   0.1086( 77)   0.0635(132)   0.0668(126)
sw2    [4096,2048]   M=1      0.0413(203)   0.0417(201)   0.0423(198)   0.0456(184)
sw2    [4096,2048]   M=2      0.0702(120)   0.1205( 70)   0.0447(188)   0.0547(153)
sw2    [4096,2048]   M=3      0.0922( 91)   0.1190( 70)   0.0454(185)   0.0571(147)
sw2    [4096,2048]   M=5      0.1313( 64)   0.1219( 69)   0.0471(178)   0.0597(140)
sw2    [4096,2048]   M=8      0.1942( 43)   0.1190( 70)   0.0536(156)   0.0653(128)

--- ogroup wo_a [8 x 1024, 4096] COLD, 12 rotating copies: ms (GB/s) ---
