[memguard] floor=3500 MB poll=2s pat=dsv4-server started 2026-08-12T21:55:18-04:00
[memguard] !!! MemAvailable 2860 MB < floor 3500 MB — KILLING pid 51561 2026-08-12T21:56:25-04:00
[memguard] killed. MemAvailable now 63280 MB
[memguard] floor=1500 MB x3 poll=2s pat=dsv4-server started 2026-08-12T21:57:43-04:00
[memguard] victim gone, exiting. low-water was 2443 MB 2026-08-12T22:41:51-04:00
[memguard] floor=1500 MB x3 poll=2s pat=dsv4-server started 2026-08-12T23:05:02-04:00
[memguard] victim gone, exiting. low-water was 3253 MB 2026-08-12T23:09:04-04:00
[memguard] floor=1500 MB x3 poll=2s pat=dsv4-server started 2026-08-13T00:06:42-04:00
[memguard] victim gone, exiting. low-water was 2955 MB 2026-08-13T04:46:10-04:00
[memguard] floor=1500 MB x3 poll=2s pat=dsv4-server started 2026-08-13T05:53:48-04:00
[memguard] victim gone, exiting. low-water was 2403 MB 2026-08-13T12:07:29-04:00
[memguard] floor=1500 MB x3 poll=2s pat=dsv4-server started 2026-08-13T12:23:33-04:00
[memguard] victim gone, exiting. low-water was 2875 MB 2026-08-13T14:51:48-04:00
[memguard] floor=1500 MB x3 poll=2s pat=dsv4-server started 2026-08-13T14:53:05-04:00
[memguard] !!! MemAvailable 411 MB < floor 1500 MB x3 — KILLING pid 784304 2026-08-13T17:57:07-04:00
[memguard] killed. MemAvailable now 457 MB
[memguard] floor=1500 MB x3 poll=2s pat=dsv4-server started 2026-08-13T18:06:53-04:00
[memguard] victim gone, exiting. low-water was 10293 MB 2026-08-13T18:22:31-04:00
[memguard] floor=1500 MB x3 poll=2s pat=dsv4-server started 2026-08-13T19:22:38-04:00
[memguard] victim gone, exiting. low-water was 8228 MB 2026-08-17T21:55:11-04:00
[memguard] floor=1500 MB x3 poll=2s pat=dsv4-server started 2026-08-17T22:00:23-04:00
[memguard] victim gone, exiting. low-water was 4026 MB 2026-08-19T21:05:57-04:00
[memguard] floor=1500 MB x3 poll=2s pat=decode started 2026-08-19T21:38:02-04:00
[memguard] victim gone, exiting. low-water was 120370 MB 2026-08-19T21:38:08-04:00
[memguard] floor=1500 MB x3 poll=2s pat=decode started 2026-08-19T21:38:34-04:00
[memguard] floor=1500 MB x3 poll=2s pat=decode started 2026-08-19T21:52:02-04:00
[memguard] victim gone, exiting. low-water was 5495 MB 2026-08-19T21:53:31-04:00
[memguard] floor=1500 MB x3 poll=2s pat=decode_probe started 2026-08-19T21:58:38-04:00
[memguard] victim gone, exiting. low-water was 5545 MB 2026-08-19T22:00:07-04:00
[memguard] floor=1500 MB x3 poll=2s pat=decode_probe started 2026-08-19T22:04:54-04:00
[memguard] victim gone, exiting. low-water was 5514 MB 2026-08-19T22:06:25-04:00
[memguard] floor=1500 MB x3 poll=2s pat=decode_prechange started 2026-08-19T22:09:48-04:00
[memguard] floor=1500 MB x3 poll=2s pat=dsv4-server started 2026-08-19T22:30:19-04:00
[memguard] victim gone, exiting. low-water was 5123 MB 2026-08-19T23:01:13-04:00
[memguard] floor=1500 MB x3 poll=2s pat=dsv4-server started 2026-08-20T00:11:28-04:00
[memguard] victim gone, exiting. low-water was 4855 MB 2026-08-20T00:22:54-04:00
[memguard] floor=1500 MB x3 poll=2s pat=dsv4-server started 2026-08-20T01:02:20-04:00
[memguard] victim gone, exiting. low-water was 5803 MB 2026-08-20T01:10:52-04:00
[memguard] floor=1500 MB x3 poll=2s pat=dsv4-server started 2026-08-20T01:18:56-04:00
[memguard] victim gone, exiting. low-water was 5782 MB 2026-08-20T01:48:13-04:00
[memguard] floor=1500 MB x3 poll=2s pat=dsv4-server started 2026-08-20T01:48:16-04:00
[memguard] victim gone, exiting. low-water was 5832 MB 2026-08-20T02:15:25-04:00
[memguard] floor=1500 MB x3 poll=2s pat=decode started 2026-08-20T02:27:10-04:00
[memguard] !!! MemAvailable 219 MB < floor 1500 MB x3 — KILLING pid 377354 2026-08-20T02:28:55-04:00
[memguard] killed. MemAvailable now 204 MB
[memguard] floor=1500 MB x3 poll=2s pat=decode started 2026-08-20T02:52:30-04:00
[memguard] victim gone, exiting. low-water was 4559 MB 2026-08-20T02:56:10-04:00
[memguard] floor=1500 MB x3 poll=2s pat=decode started 2026-08-20T02:56:15-04:00
[memguard] victim gone, exiting. low-water was 4631 MB 2026-08-20T02:59:54-04:00
[memguard] floor=1500 MB x3 poll=2s pat=decode started 2026-08-20T03:01:59-04:00
[memguard] victim gone, exiting. low-water was 4558 MB 2026-08-20T03:05:09-04:00
[memguard] floor=1500 MB x3 poll=2s pat=decode started 2026-08-20T03:12:31-04:00
[memguard] victim gone, exiting. low-water was 4574 MB 2026-08-20T03:16:10-04:00
[memguard] floor=1500 MB x3 poll=2s pat=dsv4-server started 2026-08-20T03:22:43-04:00
[memguard] victim gone, exiting. low-water was 2389 MB 2026-08-20T03:51:46-04:00
[memguard] floor=1500 MB x3 poll=2s pat=dsv4-server started 2026-08-20T04:23:39-04:00
[memguard] victim gone, exiting. low-water was 5203 MB 2026-08-20T04:32:17-04:00
[memguard] floor=1500 MB x3 poll=2s pat=dsv4-server started 2026-08-20T04:32:20-04:00
[memguard] victim gone, exiting. low-water was 5192 MB 2026-08-20T04:59:16-04:00
[memguard] floor=1500 MB x3 poll=2s pat=dsv4-server started 2026-08-20T04:59:18-04:00
[memguard] victim gone, exiting. low-water was 5189 MB 2026-08-20T05:25:26-04:00
[memguard] floor=1500 MB x3 poll=2s pat=decode started 2026-08-20T05:26:36-04:00
[memguard] victim gone, exiting. low-water was 5438 MB 2026-08-20T05:27:59-04:00
[memguard] floor=1500 MB x3 poll=2s pat=dsv4-server started 2026-08-20T05:51:39-04:00
[memguard] victim gone, exiting. low-water was 4859 MB 2026-08-20T05:56:37-04:00
[memguard] floor=1500 MB x3 poll=2s pat=dsv4-server started 2026-08-20T05:56:38-04:00
[memguard] victim gone, exiting. low-water was 5622 MB 2026-08-20T06:14:10-04:00
[memguard] floor=1500 MB x3 poll=2s pat=dsv4-server started 2026-08-20T06:14:11-04:00
[memguard] victim gone, exiting. low-water was 5229 MB 2026-08-20T06:31:27-04:00
[memguard] floor=1500 MB x3 poll=2s pat=dsv4-server started 2026-08-20T06:31:29-04:00
[memguard] victim gone, exiting. low-water was 5692 MB 2026-08-20T06:37:03-04:00
[memguard] floor=1500 MB x3 poll=2s pat=dsv4-server started 2026-08-20T06:37:04-04:00
[memguard] victim gone, exiting. low-water was 5307 MB 2026-08-20T06:42:38-04:00
[memguard] floor=1500 MB x3 poll=2s pat=decode started 2026-08-20T06:42:49-04:00
[memguard] victim gone, exiting. low-water was 5275 MB 2026-08-20T06:44:16-04:00
[memguard] floor=1500 MB x3 poll=2s pat=decode started 2026-08-20T07:47:20-04:00
[memguard] victim gone, exiting. low-water was 5338 MB 2026-08-20T07:48:56-04:00
[memguard] floor=1500 MB x3 poll=2s pat=decode started 2026-08-20T07:49:47-04:00
[memguard] victim gone, exiting. low-water was 5398 MB 2026-08-20T07:51:19-04:00
[memguard] floor=1500 MB x3 poll=2s pat=decode started 2026-08-20T07:51:31-04:00
[memguard] victim gone, exiting. low-water was 5028 MB 2026-08-20T07:53:08-04:00
[memguard] floor=1500 MB x3 poll=2s pat=decode_pre1p4_ref started 2026-08-20T07:57:04-04:00
[memguard] floor=1500MB x3 slope=<-400MB/s below 2000MB poll=0.2s pat=dsv4-server started 2026-08-20T09:25:01-04:00
[memguard] watching pid 327691 (dsv4-server)
[memguard] victim gone, exiting. low-water 4396 MB, peak fall rate 6385 MB/s 2026-08-20T09:38:55-04:00
[memguard] floor=1500MB x3 slope=<-400MB/s below 2000MB poll=0.2s pat=dsv4-server started 2026-08-20T09:38:58-04:00
[memguard] watching pid 350991 (dsv4-server)
[memguard] victim gone, exiting. low-water 4425 MB, peak fall rate 8075 MB/s 2026-08-20T09:52:11-04:00
[memguard] floor=1500MB x3 slope=<-400MB/s below 2000MB poll=0.2s pat=decode started 2026-08-20T09:52:24-04:00
[memguard] watching pid 372820 (decode)
[memguard] victim gone, exiting. low-water 4634 MB, peak fall rate 6595 MB/s 2026-08-20T09:53:51-04:00
[memguard] floor=1500MB x3 slope=<-400MB/s below 2000MB poll=0.2s pat=decode started 2026-08-20T09:53:54-04:00
[memguard] watching pid 375365 (decode)
[memguard] victim gone, exiting. low-water 4547 MB, peak fall rate 6165 MB/s 2026-08-20T09:55:21-04:00
[memguard] floor=1500MB x3 slope=<-400MB/s below 2000MB poll=0.2s pat=dsv4-server started 2026-08-20T09:55:28-04:00
[memguard] watching pid 377920 (dsv4-server)
[memguard] victim gone, exiting. low-water 4334 MB, peak fall rate 7095 MB/s 2026-08-20T10:02:52-04:00
[memguard] floor=1500MB x3 slope=<-400MB/s below 2000MB poll=0.2s pat=dsv4-server started 2026-08-20T10:02:55-04:00
[memguard] watching pid 390049 (dsv4-server)
[memguard] victim gone, exiting. low-water 4472 MB, peak fall rate 5625 MB/s 2026-08-20T10:10:01-04:00
[memguard] floor=1500MB x3 slope=<-400MB/s below 2000MB poll=0.2s pat=decode started 2026-08-20T10:29:25-04:00
[memguard] watching pid 432784 (decode)
[memguard] victim gone, exiting. low-water 11993 MB, peak fall rate 8210 MB/s 2026-08-20T10:32:30-04:00
[memguard] floor=1500MB x3 slope=<-400MB/s below 2000MB poll=0.2s pat=decode started 2026-08-20T10:36:10-04:00
[memguard] watching pid 443532 (decode)
[memguard] victim gone, exiting. low-water 12230 MB, peak fall rate 11465 MB/s 2026-08-20T10:39:04-04:00
[memguard] floor=1500MB x3 slope=<-400MB/s below 2000MB poll=0.2s pat=decode started 2026-08-20T11:00:00-04:00
[memguard] watching pid 484135 (decode)
[memguard] victim gone, exiting. low-water 11491 MB, peak fall rate 5970 MB/s 2026-08-20T11:02:52-04:00
[memguard] floor=1500MB x3 slope=<-400MB/s below 2000MB poll=0.2s pat=decode started 2026-08-20T11:03:24-04:00
[memguard] watching pid 490504 (decode)
[memguard] victim gone, exiting. low-water 12140 MB, peak fall rate 9695 MB/s 2026-08-20T11:06:07-04:00
[memguard] floor=1500MB x3 slope=<-400MB/s below 2000MB poll=0.2s pat=decode started 2026-08-20T11:06:37-04:00
[memguard] watching pid 496883 (decode)
[memguard] victim gone, exiting. low-water 11777 MB, peak fall rate 7650 MB/s 2026-08-20T11:09:20-04:00
[memguard] floor=1500MB x3 slope=<-400MB/s below 2000MB poll=0.2s pat=decode started 2026-08-20T11:10:15-04:00
[memguard] watching pid 504376 (decode)
[memguard] victim gone, exiting. low-water 12169 MB, peak fall rate 10970 MB/s 2026-08-20T11:13:00-04:00
[memguard] floor=1500MB x3 slope=<-400MB/s below 2000MB poll=0.2s pat=decode started 2026-08-20T11:16:48-04:00
[memguard] watching pid 516448 (decode)
[memguard] victim gone, exiting. low-water 12061 MB, peak fall rate 11455 MB/s 2026-08-20T11:19:37-04:00
[memguard] floor=1500MB x3 slope=<-400MB/s below 2000MB poll=0.2s pat=decode started 2026-08-20T11:20:11-04:00
[memguard] watching pid 523124 (decode)
[memguard] victim gone, exiting. low-water 11496 MB, peak fall rate 8555 MB/s 2026-08-20T11:22:52-04:00
[memguard] floor=1500MB x3 slope=<-400MB/s below 2000MB poll=0.2s pat=decode started 2026-08-20T11:23:48-04:00
[memguard] watching pid 530360 (decode)
[memguard] victim gone, exiting. low-water 12073 MB, peak fall rate 10285 MB/s 2026-08-20T11:26:36-04:00
[memguard] floor=1500MB x3 slope=<-400MB/s below 2000MB poll=0.2s pat=true started 2026-08-20T11:33:57-04:00
[memguard] floor=1500MB x3 slope=<-400MB/s below 2000MB poll=0.2s pat=decode started 2026-08-20T11:42:32-04:00
[memguard] watching pid 568399 (decode)
[memguard] victim gone, exiting. low-water 2806 MB, peak fall rate 36555 MB/s 2026-08-20T11:46:10-04:00
[memguard] floor=1500MB x3 slope=<-400MB/s below 2000MB poll=0.2s pat=decode started 2026-08-20T11:46:16-04:00
[memguard] watching pid 576090 (decode)
[memguard] victim gone, exiting. low-water 2342 MB, peak fall rate 30050 MB/s 2026-08-20T11:49:51-04:00
[memguard] floor=1500MB x3 slope=<-400MB/s below 2000MB poll=0.2s pat=decode started 2026-08-20T11:54:00-04:00
[memguard] watching pid 591248 (decode)
[memguard] victim gone, exiting. low-water 2770 MB, peak fall rate 40955 MB/s 2026-08-20T11:56:39-04:00
[memguard] floor=1500MB x3 slope=<-400MB/s below 2000MB poll=0.2s pat=decode started 2026-08-20T11:56:43-04:00
[memguard] watching pid 596925 (decode)
[memguard] !!! MemAvailable 1192 MB < floor 1500 MB x3 — KILLING pid 596925 2026-08-20T11:58:02-04:00
[memguard] killed. MemAvailable now 55494 MB
[memguard] floor=1500MB x3 slope=<-400MB/s below 2000MB poll=0.2s pat=decode started 2026-08-20T12:00:54-04:00
[memguard] watching pid 605573 (decode)
[memguard] victim gone, exiting. low-water 3199 MB, peak fall rate 36485 MB/s 2026-08-20T12:03:32-04:00
[memguard] floor=1500MB x3 slope=<-400MB/s below 2000MB poll=0.2s pat=decode started 2026-08-20T12:03:37-04:00
[memguard] watching pid 611288 (decode)
[memguard] victim gone, exiting. low-water 2422 MB, peak fall rate 24315 MB/s 2026-08-20T12:06:11-04:00
[memguard] floor=1500MB x3 slope=<-400MB/s below 2000MB poll=0.2s pat=decode started 2026-08-20T12:08:31-04:00
[memguard] floor=1500MB x3 slope=<-400MB/s below 2000MB poll=0.2s pat=decode started 2026-08-20T12:08:53-04:00
[memguard] watching pid 622340 (decode)
[memguard] watching pid 622340 (decode)
[memguard] victim gone, exiting. low-water 3636 MB, peak fall rate 38245 MB/s 2026-08-20T12:13:38-04:00
[memguard] victim gone, exiting. low-water 3653 MB, peak fall rate 35625 MB/s 2026-08-20T12:13:38-04:00
[memguard] floor=1500MB x3 slope=<-400MB/s below 2000MB poll=0.2s pat=decode started 2026-08-20T12:13:46-04:00
[memguard] watching pid 632389 (decode)
[memguard] victim gone, exiting. low-water 3083 MB, peak fall rate 38710 MB/s 2026-08-20T12:18:24-04:00
[memguard] floor=1500MB x3 slope=<-400MB/s below 2000MB poll=0.2s pat=decode started 2026-08-20T12:20:50-04:00
[memguard] watching pid 646002 (decode)
[memguard] victim gone, exiting. low-water 12087 MB, peak fall rate 9500 MB/s 2026-08-20T12:22:33-04:00
[memguard] floor=1500MB x3 slope=<-400MB/s below 2000MB poll=0.2s pat=decode started 2026-08-20T12:22:41-04:00
[memguard] watching pid 650107 (decode)
[memguard] victim gone, exiting. low-water 13156 MB, peak fall rate 6045 MB/s 2026-08-20T12:24:30-04:00
[memguard] floor=1500MB x3 slope=<-400MB/s below 2000MB poll=0.2s pat=decode started 2026-08-20T12:25:47-04:00
[memguard] watching pid 656485 (decode)
[memguard] victim gone, exiting. low-water 12808 MB, peak fall rate 7120 MB/s 2026-08-20T12:27:32-04:00
[memguard] floor=1500MB x3 slope=<-400MB/s below 2000MB poll=0.2s pat=decode started 2026-08-20T12:27:38-04:00
[memguard] watching pid 660586 (decode)
[memguard] victim gone, exiting. low-water 12928 MB, peak fall rate 5980 MB/s 2026-08-20T12:29:23-04:00
[memguard] floor=1500MB x3 slope=<-400MB/s below 2000MB poll=0.2s pat=decode started 2026-08-20T12:30:37-04:00
[memguard] watching pid 666717 (decode)
[memguard] victim gone, exiting. low-water 12276 MB, peak fall rate 6195 MB/s 2026-08-20T12:32:31-04:00
[memguard] floor=1500MB x3 slope=<-400MB/s below 2000MB poll=0.2s pat=decode started 2026-08-20T12:32:38-04:00
[memguard] watching pid 671158 (decode)
[memguard] victim gone, exiting. low-water 13240 MB, peak fall rate 8230 MB/s 2026-08-20T12:34:32-04:00
