[decode] loading /home/patrickd/models/ckpt-head-s3recap-p25-b0.1 ... s=6 NDEC=8 seqmax=1331
[decode] loaded 100.40 GiB, 45821 tensors  (weights in MANAGED device-preferred memory)
[decode] KV layout: fp32, 2048 B/row, 0.109 GiB for 1331 rows x 43 layers
[decode] building 43 layer structs once (persistent)...
[decode] structs built. mem 115.4/122.8 GiB
[dprof] enabled, 8192 marks
[decode] prefill 5 positions...
[f32mk] tile 4x4 (DSV4_F32MK_TILE=unset)
[decode] PREFILL: 5 positions in 2504.2 ms = 2.0 tok/s (500.842 ms/tok)
[decode] prefill done. caches populated. starting decode.
  step 0 pos 5 -> token 11111  (80.1 ms warmup)
  step 1 pos 6 -> token 16  (79.8 ms)
  step 2 pos 7 -> token 455  (86.5 ms)
  step 3 pos 8 -> token 6102  (80.1 ms)
  step 4 pos 9 -> token 294  (80.1 ms)
  step 5 pos 10 -> token 16603  (80.2 ms)
  step 6 pos 11 -> token 344  (87.2 ms)
  step 7 pos 12 -> token 29168  (80.7 ms)

[decode] first decoded token argmax = 11111  (expect 11111)  -> GATE PASS
[decode] generated: 11111 16 455 6102 294 16603 344 29168
[decode] WARM decode: 82.1 ms/tok = 12.19 tok/s  (M=1 steady state, 7-step avg)

[spec-verify] M=5 verify in ONE forward: 151.6 ms (= 30.3 ms/tok if all accepted vs 82.1 M=1 -> 2.71x)
[spec-verify] verify argmax: 11111 16 455 6102 294
[spec-verify] decode tokens: 11111 16 455 6102 294
[spec-verify] MATCH 5/5 -> PASS  (M=K verify == K sequential decodes; diffs = MoE-atomic near-ties)

[spec] using EMBEDDED DSpark heads from the main checkpoint (no extra memory)
[spec] NSTAGE=3 head-experts=160 BLK sweep: 5
[spec] head built. mem 115.5/122.8 GiB
[decode] PREFILL: 845 positions in 11209.0 ms = 75.4 tok/s (13.265 ms/tok)

[dprof] PREFILL PS=845 — verify step by sub-op, summed over all layers (1106 marks)
[dprof] phase                    ms        %      calls
[dprof] hc_pre  (attn)       267.95     2.7%         43
[dprof] rmsnorm (attn)         3.03     0.0%         43
[dprof] ATTENTION           3978.80    40.7%         43
[dprof] hc_post (attn)        50.85     0.5%         43
[dprof] hc_pre  (ffn)        393.06     4.0%         43
[dprof] rmsnorm (ffn)          3.05     0.0%         43
[dprof] MoE                 5043.88    51.5%         43
[dprof] hc_post (ffn)         43.29     0.4%         43
[dprof] kv xin copy            2.80     0.0%         41
[dprof]   attn:kv_write       39.38     0.4%         43
[dprof]   cattn:q_proj       663.24     6.8%         41
[dprof]   cattn:compress    1418.30    14.5%         41
[dprof]   cattn:indexer      470.21     4.8%         41
[dprof]   cattn:sparse      1008.50    10.3%         41
[dprof]   cattn:ogroup      1540.25    15.7%         41
[dprof]   moe:router          62.77     0.6%         43
[dprof]   moe:group          117.29     1.2%         43
[dprof]   moe:w1w3          3240.04    33.1%         43
[dprof]   moe:act            201.51     2.1%         43
[dprof]   moe:w2            1353.85    13.8%         43
[dprof]   moe:combine         59.41     0.6%         43
[dprof]   moe:shared           6.24     0.1%         43
[dprof]       mg:count         0.28     0.0%         43
[dprof]       mg:prefix        0.24     0.0%         43
[dprof]       mg:scatter       0.41     0.0%         43
[dprof]       mg:tiles         0.32     0.0%         43
[dprof] TOTAL               9786.71
[dprof] *** INVALID: attn children 5139.87 ms > ATTENTION 3978.80 ms — marks recorded outside the reported window
[spec] decoding 8 tokens (block=5, draft passes=1, adaptK=1.50, prompt=1 s=846)...
[arena] first draft: draft footprint 211.44 MB, global hwm 667.18 MB / cap 3130.00 MB (21.3%), draft path = ARENA
  [margins] 12.39 6.71 12.54 6.27 7.36  K=6
  verify 1: accepted 5/5 (K=6) + correction -> +6 tokens (374.7 ms)  cpos=851
  [margins] 11.96 7.64 9.40 10.15 7.11  K=6
  verify 2: accepted 5/5 (K=6) + correction -> +6 tokens (215.7 ms)  cpos=857

[spec] generated 12 tokens over 2 verifies: mean tokens/verify = 6.00 (block=5, max 6)
[spec] tokens: 361 28612 329 3362 223 18 14 582 2852 3362 582 15717
[spec] SPEC-DECODE: 36.0 ms/tok = 27.81 tok/s  (vs base M=1 82.1 ms/tok = 12.19 tok/s -> 2.28x)
[decode] mem 114.8/122.8 GiB
