rep1 base --- ogroup wo_a [8 x 1024, 4096] COLD, 12 rotating copies: ms (GB/s) ---
rep1 base M                NR=1           NR=2           NR=4           NR=8
rep1 base M=1      0.1608(209)   0.1614(208)   0.1596(210)   0.1583(212)
rep1 base M=2      0.2035(165)   0.1701(197)   0.1752(192)   0.2136(157)
rep1 base M=3      0.2206(152)   0.1937(173)   0.2062(163)   0.1920(175)
rep1 base M=5      0.3200(105)   0.2595(129)   0.1921(175)   0.3185(105)
rep1 base M=8      0.4350( 77)   0.3643( 92)   0.3954( 85)   0.5772( 58)
rep1 base 
rep1 smem --- ogroup wo_a [8 x 1024, 4096] COLD, 12 rotating copies: ms (GB/s) ---
rep1 smem M                NR=1           NR=2           NR=4           NR=8
rep1 smem M=1      0.1567(214)   0.1575(213)   0.1588(211)   0.1531(219)
rep1 smem M=2      0.1513(222)   0.1523(220)   0.1705(197)   0.2513(134)
rep1 smem M=3      0.1913(175)   0.1715(196)   0.1814(185)   0.2625(128)
rep1 smem M=5      0.2895(116)   0.1980(169)   0.2733(123)   0.5576( 60)
rep1 smem M=8      0.4424( 76)   0.2813(119)   0.4832( 69)   1.3496( 25)
rep1 smem 
rep1 lazy --- ogroup wo_a [8 x 1024, 4096] COLD, 12 rotating copies: ms (GB/s) ---
rep1 lazy M                NR=1           NR=2           NR=4           NR=8
rep1 lazy M=1      0.1592(211)   0.1594(211)   0.1595(210)   0.1615(208)
rep1 lazy M=2      0.1515(222)   0.1514(222)   0.1726(194)   0.2563(131)
rep1 lazy M=3      0.1892(177)   0.1708(196)   0.1804(186)   0.2668(126)
rep1 lazy M=5      0.2940(114)   0.2022(166)   0.2709(124)   0.5321( 63)
rep1 lazy M=8      0.4400( 76)   0.2715(124)   0.4845( 69)   1.1561( 29)
rep1 lazy 
rep2 base --- ogroup wo_a [8 x 1024, 4096] COLD, 12 rotating copies: ms (GB/s) ---
rep2 base M                NR=1           NR=2           NR=4           NR=8
rep2 base M=1      0.1600(210)   0.1555(216)   0.1558(215)   0.1590(211)
rep2 base M=2      0.2002(168)   0.1693(198)   0.1804(186)   0.2122(158)
rep2 base M=3      0.2170(155)   0.1948(172)   0.2047(164)   0.1933(174)
rep2 base M=5      0.3138(107)   0.2551(132)   0.1952(172)   0.3195(105)
rep2 base M=8      0.4201( 80)   0.3560( 94)   0.3836( 87)   0.5766( 58)
rep2 base 
rep2 smem --- ogroup wo_a [8 x 1024, 4096] COLD, 12 rotating copies: ms (GB/s) ---
rep2 smem M                NR=1           NR=2           NR=4           NR=8
rep2 smem M=1      0.1589(211)   0.1633(206)   0.1630(206)   0.1584(212)
rep2 smem M=2      0.1521(221)   0.1521(221)   0.1688(199)   0.2626(128)
rep2 smem M=3      0.1886(178)   0.1742(193)   0.1787(188)   0.2727(123)
rep2 smem M=5      0.2902(116)   0.1997(168)   0.2735(123)   0.5487( 61)
rep2 smem M=8      0.4430( 76)   0.2808(119)   0.4858( 69)   1.3654( 25)
rep2 smem 
rep2 lazy --- ogroup wo_a [8 x 1024, 4096] COLD, 12 rotating copies: ms (GB/s) ---
rep2 lazy M                NR=1           NR=2           NR=4           NR=8
rep2 lazy M=1      0.1609(209)   0.1608(209)   0.1611(208)   0.1605(209)
rep2 lazy M=2      0.1523(220)   0.1567(214)   0.1736(193)   0.2599(129)
rep2 lazy M=3      0.1875(179)   0.1757(191)   0.1766(190)   0.2680(125)
rep2 lazy M=5      0.2919(115)   0.2031(165)   0.2690(125)   0.5378( 62)
rep2 lazy M=8      0.4397( 76)   0.2716(124)   0.4826( 70)   1.1607( 29)
rep2 lazy 
rep3 base --- ogroup wo_a [8 x 1024, 4096] COLD, 12 rotating copies: ms (GB/s) ---
rep3 base M                NR=1           NR=2           NR=4           NR=8
rep3 base M=1      0.1665(202)   0.1678(200)   0.1633(205)   0.1638(205)
rep3 base M=2      0.2045(164)   0.1758(191)   0.1829(183)   0.2190(153)
rep3 base M=3      0.2203(152)   0.2002(168)   0.2071(162)   0.1961(171)
rep3 base M=5      0.3212(104)   0.2670(126)   0.2001(168)   0.3149(107)
rep3 base M=8      0.4308( 78)   0.3627( 93)   0.3972( 84)   0.5779( 58)
rep3 base 
rep3 smem --- ogroup wo_a [8 x 1024, 4096] COLD, 12 rotating copies: ms (GB/s) ---
rep3 smem M                NR=1           NR=2           NR=4           NR=8
rep3 smem M=1      0.1630(206)   0.1624(207)   0.1623(207)   0.1619(207)
rep3 smem M=2      0.1532(219)   0.1554(216)   0.1714(196)   0.2606(129)
rep3 smem M=3      0.1885(178)   0.1730(194)   0.1762(190)   0.2710(124)
rep3 smem M=5      0.2903(116)   0.1986(169)   0.2718(123)   0.5416( 62)
rep3 smem M=8      0.4442( 76)   0.2808(120)   0.4849( 69)   1.3134( 26)
rep3 smem 
rep3 lazy --- ogroup wo_a [8 x 1024, 4096] COLD, 12 rotating copies: ms (GB/s) ---
rep3 lazy M                NR=1           NR=2           NR=4           NR=8
rep3 lazy M=1      0.1637(205)   0.1624(207)   0.1619(207)   0.1623(207)
rep3 lazy M=2      0.1528(220)   0.1515(222)   0.1694(198)   0.2546(132)
rep3 lazy M=3      0.1904(176)   0.1732(194)   0.1752(192)   0.2620(128)
rep3 lazy M=5      0.2917(115)   0.2040(164)   0.2693(125)   0.5419( 62)
rep3 lazy M=8      0.4398( 76)   0.2711(124)   0.4832( 69)   1.1673( 29)
rep3 lazy 
