[decode] loading /home/patrickd/models/ckpt-head-s3recap-p25-b0.1 ... s=6 NDEC=8 seqmax=1331
[decode] loaded 100.40 GiB, 45821 tensors  (weights in MANAGED device-preferred memory)
[decode] KV layout: fp32, 2048 B/row, 0.109 GiB for 1331 rows x 43 layers
[decode] building 43 layer structs once (persistent)...
[decode] structs built. mem 114.2/122.8 GiB
[dprof] enabled, 8192 marks
[decode] prefill 5 positions...
[f32mk] tile 4x4 (DSV4_F32MK_TILE=unset)
[decode] PREFILL: 5 positions in 2515.6 ms = 2.0 tok/s (503.124 ms/tok)
[decode] prefill done. caches populated. starting decode.
  step 0 pos 5 -> token 11111  (85.0 ms warmup)
  step 1 pos 6 -> token 16  (83.1 ms)
  step 2 pos 7 -> token 455  (89.9 ms)
  step 3 pos 8 -> token 6102  (84.4 ms)
  step 4 pos 9 -> token 294  (83.6 ms)
  step 5 pos 10 -> token 16603  (83.7 ms)
  step 6 pos 11 -> token 344  (90.1 ms)
  step 7 pos 12 -> token 29168  (83.0 ms)

[decode] first decoded token argmax = 11111  (expect 11111)  -> GATE PASS
[decode] generated: 11111 16 455 6102 294 16603 344 29168
[decode] WARM decode: 85.4 ms/tok = 11.71 tok/s  (M=1 steady state, 7-step avg)

[spec-verify] M=5 verify in ONE forward: 154.1 ms (= 30.8 ms/tok if all accepted vs 85.4 M=1 -> 2.77x)
[spec-verify] verify argmax: 11111 16 455 6102 294
[spec-verify] decode tokens: 11111 16 455 6102 294
[spec-verify] MATCH 5/5 -> PASS  (M=K verify == K sequential decodes; diffs = MoE-atomic near-ties)

[spec] using EMBEDDED DSpark heads from the main checkpoint (no extra memory)
[spec] NSTAGE=3 head-experts=160 BLK sweep: 5
[spec] head built. mem 114.3/122.8 GiB
[decode] PREFILL: 845 positions in 9320.9 ms = 90.7 tok/s (11.031 ms/tok)

[dprof] PREFILL PS=845 — verify step by sub-op, summed over all layers (1106 marks)
[dprof] phase                    ms        %      calls
[dprof] hc_pre  (attn)       269.93     3.4%         43
[dprof] rmsnorm (attn)         3.16     0.0%         43
[dprof] ATTENTION           4000.67    50.6%         43
[dprof] hc_post (attn)        49.41     0.6%         43
[dprof] hc_pre  (ffn)        394.30     5.0%         43
[dprof] rmsnorm (ffn)          2.99     0.0%         43
[dprof] MoE                 3136.92    39.7%         43
[dprof] hc_post (ffn)         42.67     0.5%         43
[dprof] kv xin copy            2.92     0.0%         41
[dprof]   attn:kv_write       39.39     0.5%         43
[dprof]   cattn:q_proj       663.47     8.4%         41
[dprof]   cattn:compress    1413.94    17.9%         41
[dprof]   cattn:indexer      470.43     6.0%         41
[dprof]   cattn:sparse      1007.13    12.7%         41
[dprof]   cattn:ogroup      1575.33    19.9%         41
[dprof]   moe:router          62.84     0.8%         43
[dprof]   moe:group          117.11     1.5%         43
[dprof]   moe:w1w3          2005.86    25.4%         43
[dprof]   moe:act            200.97     2.5%         43
[dprof]   moe:w2             680.04     8.6%         43
[dprof]   moe:combine         60.90     0.8%         43
[dprof]   moe:shared           6.28     0.1%         43
[dprof]       mg:count         0.31     0.0%         43
[dprof]       mg:prefix        0.23     0.0%         43
[dprof]       mg:scatter       0.40     0.0%         43
[dprof]       mg:tiles         0.32     0.0%         43
[dprof] TOTAL               7902.97
[dprof] *** INVALID: attn children 5169.70 ms > ATTENTION 4000.67 ms — marks recorded outside the reported window
[spec] decoding 8 tokens (block=5, draft passes=1, adaptK=1.50, prompt=1 s=846)...
[arena] first draft: draft footprint 211.44 MB, global hwm 667.18 MB / cap 3130.00 MB (21.3%), draft path = ARENA
  [margins] 12.39 6.71 12.54 6.27 7.36  K=6
  verify 1: accepted 5/5 (K=6) + correction -> +6 tokens (375.0 ms)  cpos=851
  [margins] 11.96 7.64 9.40 10.15 7.11  K=6
  verify 2: accepted 5/5 (K=6) + correction -> +6 tokens (216.5 ms)  cpos=857

[spec] generated 12 tokens over 2 verifies: mean tokens/verify = 6.00 (block=5, max 6)
[spec] tokens: 361 28612 329 3362 223 18 14 582 2852 3362 582 15717
[spec] SPEC-DECODE: 36.1 ms/tok = 27.72 tok/s  (vs base M=1 85.4 ms/tok = 11.71 tok/s -> 2.37x)
[decode] mem 114.3/122.8 GiB
