[decode] loading /home/patrickd/models/ckpt-head-s3recap-p25-b0.1 ... s=6 NDEC=8 seqmax=1723
[decode] loaded 100.40 GiB, 45821 tensors  (weights in MANAGED device-preferred memory)
[decode] KV layout: fp32, 2048 B/row, 0.141 GiB for 1723 rows x 43 layers
[decode] building 43 layer structs once (persistent)...
[decode] structs built. mem 113.3/122.8 GiB
[decode] prefill 5 positions...
[f32mk] tile 4x4 (DSV4_F32MK_TILE=unset)
[decode] PREFILL: 5 positions in 191.9 ms = 26.1 tok/s (38.374 ms/tok)
[decode] prefill done. caches populated. starting decode.
  step 0 pos 5 -> token 11111  (69.6 ms warmup)
  step 1 pos 6 -> token 16  (70.2 ms)
  step 2 pos 7 -> token 455  (76.2 ms)
  step 3 pos 8 -> token 6102  (71.2 ms)
  step 4 pos 9 -> token 294  (69.5 ms)
  step 5 pos 10 -> token 16603  (69.0 ms)
  step 6 pos 11 -> token 344  (76.4 ms)
  step 7 pos 12 -> token 29168  (70.6 ms)

[decode] first decoded token argmax = 11111  (expect 11111)  -> GATE PASS
[decode] generated: 11111 16 455 6102 294 16603 344 29168
[decode] WARM decode: 71.9 ms/tok = 13.91 tok/s  (M=1 steady state, 7-step avg)

[spec-verify] M=5 verify in ONE forward: 123.3 ms (= 24.7 ms/tok if all accepted vs 71.9 M=1 -> 2.91x)
[spec-verify] verify argmax: 11111 16 455 6102 294
[spec-verify] decode tokens: 11111 16 455 6102 294
[spec-verify] MATCH 5/5 -> PASS  (M=K verify == K sequential decodes; diffs = MoE-atomic near-ties)

[spec] using EMBEDDED DSpark heads from the main checkpoint (no extra memory)
[spec] NSTAGE=3 head-experts=160 BLK sweep: 5 5 5
[spec] head built. mem 113.4/122.8 GiB
[decode] PREFILL: 845 positions in 14227.9 ms = 59.4 tok/s (16.838 ms/tok)
[spec] decoding 400 tokens (block=5, draft passes=1, adaptK=1.50, prompt=1 s=846)...
[arena] first draft: draft footprint 211.44 MB, global hwm 667.18 MB / cap 3130.00 MB (21.3%), draft path = ARENA
  [margins] 11.59 6.54 11.86 6.25 7.12  K=6
  [sfx] mlen=6 sdraft: 361 28612 329 3362 223  target: 361 28612 329 3362 223  acc_sfx=5(lb 5) acc_mtp=5
  verify 1: accepted 5/5 (K=6) + correction -> +6 tokens (193.7 ms)  cpos=851
  [margins] 11.22 8.42 9.12 10.54 7.46  K=6
  [sfx] mlen=12 sdraft: 14 582 2852 3362 582  target: 14 582 2852 3362 582  acc_sfx=5(lb 5) acc_mtp=5
  verify 2: accepted 5/5 (K=6) + correction -> +6 tokens (194.9 ms)  cpos=857
  [margins] 14.38 11.07 0.52 6.51 9.76  K=3
  [sfx] mlen=18 sdraft: 65 1320  target: 65 1320  acc_sfx=2(lb 2) acc_mtp=2
  verify 3: accepted 2/2 (K=3) + correction -> +3 tokens (135.3 ms)  cpos=860
  [margins] 15.03 10.31 14.79 10.92 12.42  K=6
  [sfx] mlen=21 sdraft: 582 26757 3362 582 349  target: 582 26757 3362 582 349  acc_sfx=5(lb 5) acc_mtp=5
  verify 4: accepted 5/5 (K=6) + correction -> +6 tokens (187.9 ms)  cpos=866
  [margins] 17.12 7.06 9.29 7.66 0.05  K=5
  [sfx] mlen=2 sdraft: 15 20 1780 554  target: 15 20 1760 582  acc_sfx=2(lb 2) acc_mtp=4
  verify 5: accepted 4/4 (K=5) + correction -> +5 tokens (165.8 ms)  cpos=871
  [margins] 15.81 13.19 7.76 3.90 4.72  K=6
  [sfx] mlen=3 sdraft: 3362 582 73119 1760 582  target: 3362 582 73119 1760 582  acc_sfx=5(lb 5) acc_mtp=4
  verify 6: accepted 4/5 (K=6) + correction -> +5 tokens (199.0 ms)  cpos=876
  [margins] 15.72 12.60 11.74 11.08 8.09  K=6
  [sfx] mlen=8 sdraft: 27086 3362 223 26 10656  target: 27086 3362 223 26 10656  acc_sfx=5(lb 5) acc_mtp=5
  verify 7: accepted 5/5 (K=6) + correction -> +6 tokens (193.2 ms)  cpos=882
  [margins] 9.43 14.33 10.73 11.78 2.41  K=6
  [sfx] mlen=14 sdraft: 28612 329 3362 223 1602  target: 28612 329 3362 223 19  acc_sfx=4(lb 4) acc_mtp=5
  verify 8: accepted 5/5 (K=6) + correction -> +6 tokens (197.2 ms)  cpos=888
  [margins] 11.06 13.50 9.90 12.64 10.99  K=6
  [sfx] mlen=20 sdraft: 582 2852 3362 582 15717  target: 582 2852 3362 582 15717  acc_sfx=5(lb 5) acc_mtp=5
  verify 9: accepted 5/5 (K=6) + correction -> +6 tokens (190.7 ms)  cpos=894
  [margins] 13.31 14.40 14.76 16.55 13.71  K=6
  [sfx] mlen=26 sdraft: 6455 1760 582 26757 3362  target: 6455 1760 582 26757 3362  acc_sfx=5(lb 5) acc_mtp=5
  verify 10: accepted 5/5 (K=6) + correction -> +6 tokens (214.4 ms)  cpos=900
  [margins] 12.12 7.12 14.05 8.78 7.90  K=6
  [sfx] mlen=32 sdraft: 349 69458 15 19 1760  target: 349 61883 15 20 1760  acc_sfx=1(lb 1) acc_mtp=5
  verify 11: accepted 5/5 (K=6) + correction -> +6 tokens (193.6 ms)  cpos=906
  [margins] 12.53 15.69 13.56 12.03 9.77  K=6
  [sfx] mlen=11 sdraft: 17722 3362 582 73119 1760  target: 17722 3362 582 73119 1760  acc_sfx=5(lb 5) acc_mtp=5
  verify 12: accepted 5/5 (K=6) + correction -> +6 tokens (198.7 ms)  cpos=912
  [margins] 13.10 12.21 12.94 11.02 6.86  K=6
  [sfx] mlen=17 sdraft: 27086 3362 223 26 10656  target: 27086 3362 223 26 10656  acc_sfx=5(lb 5) acc_mtp=5
  verify 13: accepted 5/5 (K=6) + correction -> +6 tokens (192.5 ms)  cpos=918
  [margins] 12.47 11.15 13.01 8.64 7.29  K=6
  [sfx] mlen=23 sdraft: 28612 329 3362 223 19  target: 28612 329 3362 223 20  acc_sfx=4(lb 4) acc_mtp=5
  verify 14: accepted 5/5 (K=6) + correction -> +6 tokens (201.6 ms)  cpos=924
  [margins] 12.72 14.18 11.79 12.74 15.10  K=6
  [sfx] mlen=20 sdraft: 582 2852 3362 582 15717  target: 582 2852 3362 582 15717  acc_sfx=5(lb 5) acc_mtp=5
  verify 15: accepted 5/5 (K=6) + correction -> +6 tokens (190.1 ms)  cpos=930
  [margins] 15.28 14.34 10.93 15.34 13.88  K=6
  [sfx] mlen=26 sdraft: 10470 1760 582 26757 3362  target: 10470 1760 582 26757 3362  acc_sfx=5(lb 5) acc_mtp=5
  verify 16: accepted 5/5 (K=6) + correction -> +6 tokens (200.3 ms)  cpos=936
  [margins] 11.61 8.38 11.20 11.23 6.71  K=6
  [sfx] mlen=32 sdraft: 349 69458 15 19 1760  target: 349 61883 15 20 1760  acc_sfx=1(lb 1) acc_mtp=5
  verify 17: accepted 5/5 (K=6) + correction -> +6 tokens (193.2 ms)  cpos=942
  [margins] 11.51 15.67 12.56 12.01 7.69  K=6
  [sfx] mlen=11 sdraft: 17722 3362 582 73119 1760  target: 17722 3362 582 73119 1760  acc_sfx=5(lb 5) acc_mtp=5
  verify 18: accepted 5/5 (K=6) + correction -> +6 tokens (197.2 ms)  cpos=948
  [margins] 14.43 12.32 13.71 12.75 9.28  K=6
  [sfx] mlen=17 sdraft: 27086 3362 223 26 10656  target: 27086 3362 223 26 10656  acc_sfx=5(lb 5) acc_mtp=5
  verify 19: accepted 5/5 (K=6) + correction -> +6 tokens (192.2 ms)  cpos=954
  [margins] 12.16 15.00 13.67 12.20 12.45  K=6
  [sfx] mlen=23 sdraft: 28612 329 3362 223 20  target: 28612 329 3362 223 21  acc_sfx=4(lb 4) acc_mtp=5
  verify 20: accepted 5/5 (K=6) + correction -> +6 tokens (199.4 ms)  cpos=960
  [margins] 9.70 14.42 9.94 11.25 14.45  K=6
  [sfx] mlen=20 sdraft: 582 2852 3362 582 15717  target: 582 2852 3362 582 15717  acc_sfx=5(lb 5) acc_mtp=5
  verify 21: accepted 5/5 (K=6) + correction -> +6 tokens (193.8 ms)  cpos=966
  [margins] 16.20 14.83 9.04 15.66 13.97  K=6
  [sfx] mlen=26 sdraft: 12499 1760 582 26757 3362  target: 12499 1760 582 26757 3362  acc_sfx=5(lb 5) acc_mtp=5
  verify 22: accepted 5/5 (K=6) + correction -> +6 tokens (200.9 ms)  cpos=972
  [margins] 10.15 8.23 9.83 10.94 8.50  K=6
  [sfx] mlen=32 sdraft: 349 69458 15 19 1760  target: 349 61883 15 20 1760  acc_sfx=1(lb 1) acc_mtp=5
  verify 23: accepted 5/5 (K=6) + correction -> +6 tokens (192.5 ms)  cpos=978
  [margins] 14.70 17.19 15.13 12.67 9.29  K=6
  [sfx] mlen=11 sdraft: 17722 3362 582 73119 1760  target: 17722 3362 582 73119 1760  acc_sfx=5(lb 5) acc_mtp=5
  verify 24: accepted 5/5 (K=6) + correction -> +6 tokens (196.5 ms)  cpos=984
  [margins] 17.30 14.20 14.49 11.43 10.56  K=6
  [sfx] mlen=17 sdraft: 27086 3362 223 26 10656  target: 27086 3362 223 26 10656  acc_sfx=5(lb 5) acc_mtp=5
  verify 25: accepted 5/5 (K=6) + correction -> +6 tokens (193.6 ms)  cpos=990
  [margins] 14.17 12.75 12.13 12.11 7.77  K=6
  [sfx] mlen=23 sdraft: 28612 329 3362 223 21  target: 28612 329 3362 223 22  acc_sfx=4(lb 4) acc_mtp=5
  verify 26: accepted 5/5 (K=6) + correction -> +6 tokens (200.2 ms)  cpos=996
  [margins] 5.89 11.50 9.82 12.86 13.70  K=6
  [sfx] mlen=20 sdraft: 582 2852 3362 582 15717  target: 582 2852 3362 582 15717  acc_sfx=5(lb 5) acc_mtp=5
  verify 27: accepted 5/5 (K=6) + correction -> +6 tokens (194.4 ms)  cpos=1002
  [margins] 13.23 13.59 8.35 16.48 12.28  K=6
  [sfx] mlen=26 sdraft: 14453 1760 582 26757 3362  target: 14453 1760 582 26757 3362  acc_sfx=5(lb 5) acc_mtp=5
  verify 28: accepted 5/5 (K=6) + correction -> +6 tokens (201.5 ms)  cpos=1008
  [margins] 10.73 7.62 13.06 11.91 10.11  K=6
  [sfx] mlen=32 sdraft: 349 69458 15 19 1760  target: 349 61883 15 20 1760  acc_sfx=1(lb 1) acc_mtp=5
  verify 29: accepted 5/5 (K=6) + correction -> +6 tokens (194.5 ms)  cpos=1014
  [margins] 13.90 17.08 15.78 12.64 7.78  K=6
  [sfx] mlen=11 sdraft: 17722 3362 582 73119 1760  target: 17722 3362 582 73119 1760  acc_sfx=5(lb 5) acc_mtp=5
  verify 30: accepted 5/5 (K=6) + correction -> +6 tokens (199.4 ms)  cpos=1020
  [margins] 14.63 12.09 12.92 11.12 9.15  K=6
  [sfx] mlen=17 sdraft: 27086 3362 223 26 10656  target: 27086 3362 223 26 10656  acc_sfx=5(lb 5) acc_mtp=5
  verify 31: accepted 5/5 (K=6) + correction -> +6 tokens (210.9 ms)  cpos=1026
  [margins] 12.62 12.35 12.68 10.90 13.13  K=6
  [sfx] mlen=23 sdraft: 28612 329 3362 223 22  target: 28612 329 3362 223 23  acc_sfx=4(lb 4) acc_mtp=5
  verify 32: accepted 5/5 (K=6) + correction -> +6 tokens (199.1 ms)  cpos=1032
  [margins] 6.30 14.68 9.66 12.38 13.43  K=6
  [sfx] mlen=20 sdraft: 582 2852 3362 582 15717  target: 582 2852 3362 582 15717  acc_sfx=5(lb 5) acc_mtp=5
  verify 33: accepted 5/5 (K=6) + correction -> +6 tokens (192.2 ms)  cpos=1038
  [margins] 13.93 15.15 7.89 13.94 12.74  K=6
  [sfx] mlen=26 sdraft: 14984 1760 582 26757 3362  target: 14984 1760 582 26757 3362  acc_sfx=5(lb 5) acc_mtp=5
  verify 34: accepted 5/5 (K=6) + correction -> +6 tokens (202.8 ms)  cpos=1044
  [margins] 11.38 8.38 13.76 11.89 9.73  K=6
  [sfx] mlen=32 sdraft: 349 69458 15 19 1760  target: 349 61883 15 20 1760  acc_sfx=1(lb 1) acc_mtp=5
  verify 35: accepted 5/5 (K=6) + correction -> +6 tokens (194.5 ms)  cpos=1050
  [margins] 11.64 13.75 13.17 9.96 7.83  K=6
  [sfx] mlen=11 sdraft: 17722 3362 582 73119 1760  target: 17722 3362 582 73119 1760  acc_sfx=5(lb 5) acc_mtp=5
  verify 36: accepted 5/5 (K=6) + correction -> +6 tokens (200.3 ms)  cpos=1056
  [margins] 15.99 13.41 13.71 10.94 10.25  K=6
  [sfx] mlen=17 sdraft: 27086 3362 223 26 10656  target: 27086 3362 223 26 10656  acc_sfx=5(lb 5) acc_mtp=5
  verify 37: accepted 5/5 (K=6) + correction -> +6 tokens (195.8 ms)  cpos=1062
  [margins] 13.98 10.90 13.99 10.31 16.01  K=6
  [sfx] mlen=23 sdraft: 28612 329 3362 223 23  target: 28612 329 3362 223 24  acc_sfx=4(lb 4) acc_mtp=5
  verify 38: accepted 5/5 (K=6) + correction -> +6 tokens (201.2 ms)  cpos=1068
  [margins] 4.72 12.87 10.62 13.06 13.53  K=6
  [sfx] mlen=20 sdraft: 582 2852 3362 582 15717  target: 582 2852 3362 582 15717  acc_sfx=5(lb 5) acc_mtp=5
  verify 39: accepted 5/5 (K=6) + correction -> +6 tokens (193.0 ms)  cpos=1074
  [margins] 17.52 17.24 10.82 15.61 14.55  K=6
  [sfx] mlen=26 sdraft: 17031 1760 582 26757 3362  target: 17031 1760 582 26757 3362  acc_sfx=5(lb 5) acc_mtp=5
  verify 40: accepted 5/5 (K=6) + correction -> +6 tokens (203.3 ms)  cpos=1080
  [margins] 10.89 9.40 12.67 11.78 9.05  K=6
  [sfx] mlen=32 sdraft: 349 69458 15 19 1760  target: 349 61883 15 20 1760  acc_sfx=1(lb 1) acc_mtp=5
  verify 41: accepted 5/5 (K=6) + correction -> +6 tokens (195.7 ms)  cpos=1086
  [margins] 13.43 17.48 13.78 11.34 8.61  K=6
  [sfx] mlen=11 sdraft: 17722 3362 582 73119 1760  target: 17722 3362 582 73119 1760  acc_sfx=5(lb 5) acc_mtp=5
  verify 42: accepted 5/5 (K=6) + correction -> +6 tokens (199.7 ms)  cpos=1092
  [margins] 16.42 14.77 14.37 11.49 9.25  K=6
  [sfx] mlen=17 sdraft: 27086 3362 223 26 10656  target: 27086 3362 223 26 10656  acc_sfx=5(lb 5) acc_mtp=5
  verify 43: accepted 5/5 (K=6) + correction -> +6 tokens (196.3 ms)  cpos=1098
  [margins] 14.10 12.59 14.57 10.68 14.29  K=6
  [sfx] mlen=23 sdraft: 28612 329 3362 223 24  target: 28612 329 3362 223 25  acc_sfx=4(lb 4) acc_mtp=5
  verify 44: accepted 5/5 (K=6) + correction -> +6 tokens (202.0 ms)  cpos=1104
  [margins] 5.43 13.54 10.92 12.87 13.67  K=6
  [sfx] mlen=20 sdraft: 582 2852 3362 582 15717  target: 582 2852 3362 582 15717  acc_sfx=5(lb 5) acc_mtp=5
  verify 45: accepted 5/5 (K=6) + correction -> +6 tokens (196.4 ms)  cpos=1110
  [margins] 15.50 15.25 6.69 13.56 13.61  K=6
  [sfx] mlen=26 sdraft: 17065 1760 582 26757 3362  target: 17065 1760 582 26757 3362  acc_sfx=5(lb 5) acc_mtp=5
  verify 46: accepted 5/5 (K=6) + correction -> +6 tokens (205.8 ms)  cpos=1116
  [margins] 12.09 7.34 13.60 10.42 7.57  K=6
  [sfx] mlen=32 sdraft: 349 69458 15 19 1760  target: 349 61883 15 20 1760  acc_sfx=1(lb 1) acc_mtp=5
  verify 47: accepted 5/5 (K=6) + correction -> +6 tokens (195.0 ms)  cpos=1122
  [margins] 14.03 16.88 14.69 12.67 7.73  K=6
  [sfx] mlen=11 sdraft: 17722 3362 582 73119 1760  target: 17722 3362 582 73119 1760  acc_sfx=5(lb 5) acc_mtp=5
  verify 48: accepted 5/5 (K=6) + correction -> +6 tokens (199.3 ms)  cpos=1128
  [margins] 16.34 15.05 13.78 11.67 11.19  K=6
  [sfx] mlen=17 sdraft: 27086 3362 223 26 10656  target: 27086 3362 223 26 10656  acc_sfx=5(lb 5) acc_mtp=5
  verify 49: accepted 5/5 (K=6) + correction -> +6 tokens (196.9 ms)  cpos=1134
  [margins] 11.72 12.89 15.57 11.27 11.30  K=6
  [sfx] mlen=23 sdraft: 28612 329 3362 223 25  target: 28612 329 3362 223 26  acc_sfx=4(lb 4) acc_mtp=5
  verify 50: accepted 5/5 (K=6) + correction -> +6 tokens (204.1 ms)  cpos=1140
  [margins] 6.46 14.88 10.36 12.38 11.53  K=6
  [sfx] mlen=20 sdraft: 582 2852 3362 582 15717  target: 582 2852 3362 582 15717  acc_sfx=5(lb 5) acc_mtp=5
  verify 51: accepted 5/5 (K=6) + correction -> +6 tokens (193.8 ms)  cpos=1146
  [margins] 15.70 15.24 12.14 15.53 11.77  K=6
  [sfx] mlen=26 sdraft: 17886 1760 582 26757 3362  target: 17886 1760 582 26757 3362  acc_sfx=5(lb 5) acc_mtp=5
  verify 52: accepted 5/5 (K=6) + correction -> +6 tokens (219.2 ms)  cpos=1152
  [margins] 11.79 8.05 14.04 11.13 7.08  K=6
  [sfx] mlen=32 sdraft: 349 69458 15 19 1760  target: 349 61883 15 20 1760  acc_sfx=1(lb 1) acc_mtp=5
  verify 53: accepted 5/5 (K=6) + correction -> +6 tokens (194.9 ms)  cpos=1158
  [margins] 13.67 16.05 15.54 12.42 9.50  K=6
  [sfx] mlen=11 sdraft: 17722 3362 582 73119 1760  target: 17722 3362 582 73119 1760  acc_sfx=5(lb 5) acc_mtp=5
  verify 54: accepted 5/5 (K=6) + correction -> +6 tokens (200.6 ms)  cpos=1164
  [margins] 14.54 13.87 13.65 11.97 10.89  K=6
  [sfx] mlen=17 sdraft: 27086 3362 223 26 10656  target: 27086 3362 223 26 10656  acc_sfx=5(lb 5) acc_mtp=5
  verify 55: accepted 5/5 (K=6) + correction -> +6 tokens (197.2 ms)  cpos=1170
  [margins] 14.09 13.33 15.33 10.79 12.75  K=6
  [sfx] mlen=23 sdraft: 28612 329 3362 223 26  target: 28612 329 3362 223 27  acc_sfx=4(lb 4) acc_mtp=5
  verify 56: accepted 5/5 (K=6) + correction -> +6 tokens (202.4 ms)  cpos=1176
  [margins] 9.00 14.31 9.83 12.92 11.47  K=6
  [sfx] mlen=20 sdraft: 582 2852 3362 582 15717  target: 582 2852 3362 582 15717  acc_sfx=5(lb 5) acc_mtp=5
  verify 57: accepted 5/5 (K=6) + correction -> +6 tokens (194.9 ms)  cpos=1182
  [margins] 15.59 15.05 12.07 15.77 12.62  K=6
  [sfx] mlen=26 sdraft: 19093 1760 582 26757 3362  target: 19093 1760 582 26757 3362  acc_sfx=5(lb 5) acc_mtp=5
  verify 58: accepted 5/5 (K=6) + correction -> +6 tokens (205.0 ms)  cpos=1188
  [margins] 10.85 8.14 13.52 10.11 8.62  K=6
  [sfx] mlen=32 sdraft: 349 69458 15 19 1760  target: 349 61883 15 20 1760  acc_sfx=1(lb 1) acc_mtp=5
  verify 59: accepted 5/5 (K=6) + correction -> +6 tokens (198.1 ms)  cpos=1194
  [margins] 15.76 17.14 16.30 12.58 9.56  K=6
  [sfx] mlen=11 sdraft: 17722 3362 582 73119 1760  target: 17722 3362 582 73119 1760  acc_sfx=5(lb 5) acc_mtp=5
  verify 60: accepted 5/5 (K=6) + correction -> +6 tokens (201.8 ms)  cpos=1200
  [margins] 16.24 14.93 13.38 11.79 11.10  K=6
  [sfx] mlen=17 sdraft: 27086 3362 223 26 10656  target: 27086 3362 223 26 10656  acc_sfx=5(lb 5) acc_mtp=5
  verify 61: accepted 5/5 (K=6) + correction -> +6 tokens (200.4 ms)  cpos=1206
  [margins] 11.01 13.01 14.76 11.48 10.85  K=6
  [sfx] mlen=23 sdraft: 28612 329 3362 223 27  target: 28612 329 3362 223 553  acc_sfx=4(lb 4) acc_mtp=5
  verify 62: accepted 5/5 (K=6) + correction -> +6 tokens (204.9 ms)  cpos=1212
  [margins] 11.69 14.81 14.58 14.90 14.30  K=6
  [sfx] mlen=20 sdraft: 582 2852 3362 582 15717  target: 582 2852 3362 582 15717  acc_sfx=5(lb 5) acc_mtp=5
  verify 63: accepted 5/5 (K=6) + correction -> +6 tokens (195.5 ms)  cpos=1218
  [margins] 13.80 15.02 9.77 14.45 11.26  K=6
  [sfx] mlen=26 sdraft: 11676 1760 582 26757 3362  target: 11676 1760 582 26757 3362  acc_sfx=5(lb 5) acc_mtp=5
  verify 64: accepted 5/5 (K=6) + correction -> +6 tokens (203.4 ms)  cpos=1224
  [margins] 10.74 7.72 15.83 9.55 8.49  K=6
  [sfx] mlen=32 sdraft: 349 69458 15 19 1760  target: 349 61883 15 20 1760  acc_sfx=1(lb 1) acc_mtp=5
  verify 65: accepted 5/5 (K=6) + correction -> +6 tokens (196.6 ms)  cpos=1230
  [margins] 15.33 17.77 15.98 13.61 9.73  K=6
  [sfx] mlen=11 sdraft: 17722 3362 582 73119 1760  target: 17722 3362 582 73119 1760  acc_sfx=5(lb 5) acc_mtp=5
  verify 66: accepted 5/5 (K=6) + correction -> +6 tokens (200.4 ms)  cpos=1236
  [margins] 15.58 13.24 15.04 10.96 9.00  K=6
  [sfx] mlen=17 sdraft: 27086 3362 223 26 10656  target: 27086 3362 223 26 10656  acc_sfx=5(lb 5) acc_mtp=5
  verify 67: accepted 5/5 (K=6) + correction -> +6 tokens (198.8 ms)  cpos=1242
  [margins] 13.47 13.93 15.34 12.77 11.79  K=6
  [sfx] mlen=23 sdraft: 28612 329 3362 223 553  target: 28612 329 3362 223 779  acc_sfx=4(lb 4) acc_mtp=5
  verify 68: accepted 5/5 (K=6) + correction -> +6 tokens (204.0 ms)  cpos=1248

[sfx] S6 counterfactual over 68 verifies, max n-gram 32 (probe is READ-ONLY;
[sfx] the emitted sequence, GATE and LOSSLESS GATE are unaffected)
[sfx]   MTP draft (SHIPPED)        :  403 tokens  5.926 tok/verify
[sfx]   suffix only, SOUND lower bd:  351 tokens  5.162 tok/verify  (-12.9%)
[sfx]   suffix only, optimistic    :  351 tokens  5.162 tok/verify  (-12.9%)
[sfx]   ORACLE max(MTP,suffix)     :  404 tokens  5.941 tok/verify  (+0.2%)  <- S6 CEILING
[sfx]   cascade: suffix if mlen>=1  :  351 tokens  5.162 tok/verify  (-12.9%)
[sfx]   cascade: suffix if mlen>=2  :  351 tokens  5.162 tok/verify  (-12.9%)
[sfx]   cascade: suffix if mlen>=3  :  353 tokens  5.191 tok/verify  (-12.4%)
[sfx]   cascade: suffix if mlen>=4  :  352 tokens  5.176 tok/verify  (-12.7%)
[sfx]   cascade: suffix if mlen>=6  :  352 tokens  5.176 tok/verify  (-12.7%)
[sfx]   a suffix match existed in 68/68 verifies; suffix beat MTP in 1, lost in 22

[spec] generated 403 tokens over 68 verifies: mean tokens/verify = 5.93 (block=5, max 6)
[spec] tokens: 361 28612 329 3362 223 18 14 582 2852 3362 582 15717 65 1320 1760 582 26757 3362 582 349 61883 15 20 1760 582 17722 3362 582 73119 1760 582 27086 3362 223 26 10656 361 28612 329 3362
[spec] SPEC-DECODE: 33.3 ms/tok = 30.07 tok/s  (vs base M=1 71.9 ms/tok = 13.91 tok/s -> 2.16x)
[decode] PREFILL: 1308 positions in 22511.4 ms = 58.1 tok/s (17.211 ms/tok)
[spec] decoding 400 tokens (block=5, draft passes=1, adaptK=1.50, prompt=2 s=1309)...
  [margins] 2.41 9.18 7.20 1.50 0.17  K=5
  [sfx] mlen=1 sdraft: 1999 344 270 15020  target: 223 25 22765 7975  acc_sfx=0(lb 0) acc_mtp=3
  verify 1: accepted 3/4 (K=5) + correction -> +4 tokens (167.9 ms)  cpos=1312
  [margins] 7.18 6.27 4.41 0.57 6.43  K=4
  [sfx] mlen=4 sdraft: 55 15 3180  target: 55 15 3180  acc_sfx=3(lb 3) acc_mtp=3
  verify 2: accepted 3/3 (K=4) + correction -> +4 tokens (149.1 ms)  cpos=1316
  [margins] 9.96 7.72 3.57 0.33 0.37  K=4
  [sfx] mlen=0 sdraft: -1 -1 -1  target: 1 1 1  acc_sfx=0(lb 0) acc_mtp=3
  verify 3: accepted 3/3 (K=4) + correction -> +4 tokens (139.1 ms)  cpos=1320
  [margins] 3.08 3.70 3.43 1.76 1.26  K=5
  [sfx] mlen=4 sdraft: 1 -1 -1 -1  target: 1 16 16 271  acc_sfx=1(lb 1) acc_mtp=1
  verify 4: accepted 1/4 (K=5) + correction -> +2 tokens (149.9 ms)  cpos=1322
  [margins] 7.04 2.57 0.51 1.28 3.44  K=3
  [sfx] mlen=1 sdraft: 1004 10375  target: 1 16  acc_sfx=0(lb 0) acc_mtp=1
  verify 5: accepted 1/2 (K=3) + correction -> +2 tokens (135.7 ms)  cpos=1324
  [margins] 3.89 3.30 2.46 0.58 4.14  K=4
  [sfx] mlen=2 sdraft: 1 16 -1  target: 1 16 15  acc_sfx=2(lb 2) acc_mtp=1
  verify 6: accepted 1/3 (K=4) + correction -> +2 tokens (151.4 ms)  cpos=1326
  [margins] 5.41 2.22 2.70 2.38 2.73  K=6
  [sfx] mlen=4 sdraft: 1 16 -1 -1 -1  target: 1 16 15 1 16  acc_sfx=2(lb 2) acc_mtp=1
  verify 7: accepted 1/5 (K=6) + correction -> +2 tokens (195.2 ms)  cpos=1328
  [margins] 5.50 1.44 1.23 1.07 3.68  K=2
  [sfx] mlen=6 sdraft: 1  target: 1  acc_sfx=1(lb 1) acc_mtp=1
  verify 8: accepted 1/1 (K=2) + correction -> +2 tokens (125.2 ms)  cpos=1330
  [margins] 2.34 3.73 1.15 2.62 1.85  K=3
  [sfx] mlen=8 sdraft: 1 16  target: 1 16  acc_sfx=2(lb 2) acc_mtp=2
  verify 9: accepted 2/2 (K=3) + correction -> +3 tokens (137.3 ms)  cpos=1333
  [margins] 5.09 3.51 4.34 1.06 0.37  K=4
  [sfx] mlen=11 sdraft: 16 1 -1  target: 16 1 16  acc_sfx=2(lb 2) acc_mtp=3
  verify 10: accepted 3/3 (K=4) + correction -> +4 tokens (142.5 ms)  cpos=1337
  [margins] 7.52 3.30 5.26 1.62 2.14  K=6
  [sfx] mlen=15 sdraft: 16 1 -1 -1 -1  target: 16 1 16 1 16  acc_sfx=2(lb 2) acc_mtp=5
  verify 11: accepted 5/5 (K=6) + correction -> +6 tokens (176.5 ms)  cpos=1343
  [margins] 6.62 1.68 5.59 1.33 2.45  K=4
  [sfx] mlen=21 sdraft: 16 1 -1  target: 16 1 16  acc_sfx=2(lb 2) acc_mtp=3
  verify 12: accepted 3/3 (K=4) + correction -> +4 tokens (134.6 ms)  cpos=1347
  [margins] 7.35 2.86 5.53 1.89 2.90  K=6
  [sfx] mlen=25 sdraft: 16 1 -1 -1 -1  target: 16 1 16 1 16  acc_sfx=2(lb 2) acc_mtp=5
  verify 13: accepted 5/5 (K=6) + correction -> +6 tokens (180.7 ms)  cpos=1353
  [margins] 8.27 1.79 7.78 1.88 3.01  K=6
  [sfx] mlen=31 sdraft: 16 1 -1 -1 -1  target: 16 1 16 1 16  acc_sfx=2(lb 2) acc_mtp=5
  verify 14: accepted 5/5 (K=6) + correction -> +6 tokens (174.1 ms)  cpos=1359
  [margins] 7.72 2.26 5.86 1.12 2.75  K=4
  [sfx] mlen=32 sdraft: 16 1 -1  target: 16 11628 16  acc_sfx=1(lb 1) acc_mtp=1
  verify 15: accepted 1/3 (K=4) + correction -> +2 tokens (135.3 ms)  cpos=1361
  [margins] 7.02 2.72 3.61 2.95 1.27  K=5
  [sfx] mlen=0 sdraft: -1 -1 -1 -1  target: 86 3041 16 11628  acc_sfx=0(lb 0) acc_mtp=0
  verify 16: accepted 0/4 (K=5) + correction -> +1 tokens (149.0 ms)  cpos=1362
  [margins] 0.64 1.75 7.44 0.64 5.45  K=4
  [sfx] mlen=0 sdraft: -1 -1 -1  target: 16 11628 86  acc_sfx=0(lb 0) acc_mtp=2
  verify 17: accepted 2/3 (K=4) + correction -> +3 tokens (138.7 ms)  cpos=1365
  [margins] 3.13 5.74 0.06 5.40 2.69  K=3
  [sfx] mlen=3 sdraft: 16 11628  target: 16 11628  acc_sfx=2(lb 2) acc_mtp=2
  verify 18: accepted 2/2 (K=3) + correction -> +3 tokens (128.1 ms)  cpos=1368
  [margins] 6.96 7.08 7.07 7.23 6.80  K=6
  [sfx] mlen=6 sdraft: 16 11628 86 -1 -1  target: 16 11628 86 16 11628  acc_sfx=3(lb 3) acc_mtp=5
  verify 19: accepted 5/5 (K=6) + correction -> +6 tokens (180.4 ms)  cpos=1374
  [margins] 8.89 5.52 9.05 7.66 3.48  K=6
  [sfx] mlen=12 sdraft: 16 11628 86 -1 -1  target: 16 11628 86 16 11628  acc_sfx=3(lb 3) acc_mtp=5
  verify 20: accepted 5/5 (K=6) + correction -> +6 tokens (186.7 ms)  cpos=1380
  [margins] 8.71 8.57 10.07 9.30 4.98  K=6
  [sfx] mlen=18 sdraft: 16 11628 86 -1 -1  target: 16 11628 86 16 11628  acc_sfx=3(lb 3) acc_mtp=5
  verify 21: accepted 5/5 (K=6) + correction -> +6 tokens (181.2 ms)  cpos=1386
  [margins] 8.29 7.83 6.77 7.17 6.14  K=6
  [sfx] mlen=24 sdraft: 16 11628 86 -1 -1  target: 16 11628 86 16 11628  acc_sfx=3(lb 3) acc_mtp=5
  verify 22: accepted 5/5 (K=6) + correction -> +6 tokens (187.1 ms)  cpos=1392
  [margins] 9.79 9.06 11.91 7.63 7.39  K=6
  [sfx] mlen=30 sdraft: 16 11628 86 -1 -1  target: 16 11628 86 16 11628  acc_sfx=3(lb 3) acc_mtp=5
  verify 23: accepted 5/5 (K=6) + correction -> +6 tokens (181.0 ms)  cpos=1398
  [margins] 9.37 9.52 9.46 9.09 5.44  K=6
  [sfx] mlen=32 sdraft: 16 11628 86 -1 -1  target: 16 11628 86 16 11628  acc_sfx=3(lb 3) acc_mtp=5
  verify 24: accepted 5/5 (K=6) + correction -> +6 tokens (186.7 ms)  cpos=1404
  [margins] 8.65 9.06 8.96 7.35 6.23  K=6
  [sfx] mlen=32 sdraft: 16 11628 86 -1 -1  target: 16 11628 86 16 11628  acc_sfx=3(lb 3) acc_mtp=5
  verify 25: accepted 5/5 (K=6) + correction -> +6 tokens (197.2 ms)  cpos=1410
  [margins] 8.37 8.43 8.90 6.93 6.30  K=6
  [sfx] mlen=32 sdraft: 16 11628 86 -1 -1  target: 16 11628 86 16 11628  acc_sfx=3(lb 3) acc_mtp=5
  verify 26: accepted 5/5 (K=6) + correction -> +6 tokens (187.4 ms)  cpos=1416
  [margins] 10.86 9.62 7.69 8.96 5.86  K=6
  [sfx] mlen=32 sdraft: 16 11628 86 -1 -1  target: 16 11628 86 16 11628  acc_sfx=3(lb 3) acc_mtp=5
  verify 27: accepted 5/5 (K=6) + correction -> +6 tokens (182.6 ms)  cpos=1422
  [margins] 9.37 8.68 9.96 6.55 5.29  K=6
  [sfx] mlen=32 sdraft: 16 11628 86 -1 -1  target: 16 11628 86 16 11628  acc_sfx=3(lb 3) acc_mtp=5
  verify 28: accepted 5/5 (K=6) + correction -> +6 tokens (188.3 ms)  cpos=1428
  [margins] 9.83 10.83 6.02 9.01 6.95  K=6
  [sfx] mlen=32 sdraft: 16 11628 86 -1 -1  target: 16 11628 86 16 11628  acc_sfx=3(lb 3) acc_mtp=5
  verify 29: accepted 5/5 (K=6) + correction -> +6 tokens (184.1 ms)  cpos=1434
  [margins] 10.52 7.49 4.89 7.34 9.08  K=6
  [sfx] mlen=32 sdraft: 16 11628 86 -1 -1  target: 16 11628 86 16 11628  acc_sfx=3(lb 3) acc_mtp=5
  verify 30: accepted 5/5 (K=6) + correction -> +6 tokens (188.7 ms)  cpos=1440
  [margins] 9.85 8.41 7.34 8.14 7.45  K=6
  [sfx] mlen=32 sdraft: 16 11628 86 -1 -1  target: 16 11628 86 16 11628  acc_sfx=3(lb 3) acc_mtp=5
  verify 31: accepted 5/5 (K=6) + correction -> +6 tokens (183.1 ms)  cpos=1446
  [margins] 9.31 10.17 10.01 5.53 6.84  K=6
  [sfx] mlen=32 sdraft: 16 11628 86 -1 -1  target: 16 11628 86 16 11628  acc_sfx=3(lb 3) acc_mtp=5
  verify 32: accepted 5/5 (K=6) + correction -> +6 tokens (185.6 ms)  cpos=1452
  [margins] 9.27 10.06 10.37 6.74 9.12  K=6
  [sfx] mlen=32 sdraft: 16 11628 86 -1 -1  target: 16 11628 86 16 11628  acc_sfx=3(lb 3) acc_mtp=5
  verify 33: accepted 5/5 (K=6) + correction -> +6 tokens (182.8 ms)  cpos=1458
  [margins] 8.76 8.97 9.63 5.48 8.94  K=6
  [sfx] mlen=32 sdraft: 16 11628 86 -1 -1  target: 16 11628 86 16 11628  acc_sfx=3(lb 3) acc_mtp=5
  verify 34: accepted 5/5 (K=6) + correction -> +6 tokens (189.8 ms)  cpos=1464
  [margins] 9.59 9.63 9.73 7.25 9.99  K=6
  [sfx] mlen=32 sdraft: 16 11628 86 -1 -1  target: 16 11628 86 16 11628  acc_sfx=3(lb 3) acc_mtp=5
  verify 35: accepted 5/5 (K=6) + correction -> +6 tokens (182.0 ms)  cpos=1470
  [margins] 9.90 10.93 10.77 6.98 8.88  K=6
  [sfx] mlen=32 sdraft: 16 11628 86 -1 -1  target: 16 11628 86 16 11628  acc_sfx=3(lb 3) acc_mtp=5
  verify 36: accepted 5/5 (K=6) + correction -> +6 tokens (188.6 ms)  cpos=1476
  [margins] 7.95 9.14 10.79 5.89 6.81  K=6
  [sfx] mlen=32 sdraft: 16 11628 86 -1 -1  target: 16 11628 86 16 11628  acc_sfx=3(lb 3) acc_mtp=5
  verify 37: accepted 5/5 (K=6) + correction -> +6 tokens (182.5 ms)  cpos=1482
  [margins] 8.92 10.16 9.19 8.29 9.09  K=6
  [sfx] mlen=32 sdraft: 16 11628 86 -1 -1  target: 16 11628 86 16 11628  acc_sfx=3(lb 3) acc_mtp=5
  verify 38: accepted 5/5 (K=6) + correction -> +6 tokens (188.2 ms)  cpos=1488
  [margins] 7.92 9.88 9.10 4.56 7.34  K=6
  [sfx] mlen=32 sdraft: 16 11628 86 -1 -1  target: 16 11628 86 16 11628  acc_sfx=3(lb 3) acc_mtp=5
  verify 39: accepted 5/5 (K=6) + correction -> +6 tokens (183.8 ms)  cpos=1494
  [margins] 7.77 9.10 4.06 8.15 5.99  K=6
  [sfx] mlen=32 sdraft: 16 11628 86 -1 -1  target: 16 11628 86 16 11628  acc_sfx=3(lb 3) acc_mtp=5
  verify 40: accepted 5/5 (K=6) + correction -> +6 tokens (190.7 ms)  cpos=1500
  [margins] 7.29 9.30 7.49 6.81 6.84  K=6
  [sfx] mlen=32 sdraft: 16 11628 86 -1 -1  target: 16 11628 86 16 11628  acc_sfx=3(lb 3) acc_mtp=5
  verify 41: accepted 5/5 (K=6) + correction -> +6 tokens (183.1 ms)  cpos=1506
  [margins] 9.13 10.75 11.30 6.04 11.87  K=6
  [sfx] mlen=32 sdraft: 16 11628 86 -1 -1  target: 16 11628 86 16 11628  acc_sfx=3(lb 3) acc_mtp=5
  verify 42: accepted 5/5 (K=6) + correction -> +6 tokens (189.7 ms)  cpos=1512
  [margins] 9.08 8.79 7.92 6.87 7.37  K=6
  [sfx] mlen=32 sdraft: 16 11628 86 -1 -1  target: 16 11628 86 16 11628  acc_sfx=3(lb 3) acc_mtp=5
  verify 43: accepted 5/5 (K=6) + correction -> +6 tokens (185.5 ms)  cpos=1518
  [margins] 7.96 8.50 7.44 6.50 9.09  K=6
  [sfx] mlen=32 sdraft: 16 11628 86 -1 -1  target: 16 11628 86 16 11628  acc_sfx=3(lb 3) acc_mtp=5
  verify 44: accepted 5/5 (K=6) + correction -> +6 tokens (188.9 ms)  cpos=1524
  [margins] 8.97 10.73 12.01 5.60 8.72  K=6
  [sfx] mlen=32 sdraft: 16 11628 86 -1 -1  target: 16 11628 86 16 11628  acc_sfx=3(lb 3) acc_mtp=5
  verify 45: accepted 5/5 (K=6) + correction -> +6 tokens (183.5 ms)  cpos=1530
  [margins] 6.93 9.09 6.69 7.15 7.53  K=6
  [sfx] mlen=32 sdraft: 16 11628 86 -1 -1  target: 16 11628 86 16 11628  acc_sfx=3(lb 3) acc_mtp=5
  verify 46: accepted 5/5 (K=6) + correction -> +6 tokens (205.8 ms)  cpos=1536
  [margins] 10.11 10.13 11.39 6.72 8.67  K=6
  [sfx] mlen=32 sdraft: 16 11628 86 -1 -1  target: 16 11628 86 16 11628  acc_sfx=3(lb 3) acc_mtp=5
  verify 47: accepted 5/5 (K=6) + correction -> +6 tokens (182.7 ms)  cpos=1542
  [margins] 8.63 10.10 9.05 7.03 8.21  K=6
  [sfx] mlen=32 sdraft: 16 11628 86 -1 -1  target: 16 11628 86 16 11628  acc_sfx=3(lb 3) acc_mtp=5
  verify 48: accepted 5/5 (K=6) + correction -> +6 tokens (189.7 ms)  cpos=1548
  [margins] 8.14 9.43 7.98 5.78 8.40  K=6
  [sfx] mlen=32 sdraft: 16 11628 86 -1 -1  target: 16 11628 86 16 11628  acc_sfx=3(lb 3) acc_mtp=5
  verify 49: accepted 5/5 (K=6) + correction -> +6 tokens (185.1 ms)  cpos=1554
  [margins] 8.24 10.57 8.33 6.87 10.03  K=6
  [sfx] mlen=32 sdraft: 16 11628 86 -1 -1  target: 16 11628 86 16 11628  acc_sfx=3(lb 3) acc_mtp=5
  verify 50: accepted 5/5 (K=6) + correction -> +6 tokens (190.7 ms)  cpos=1560
  [margins] 7.81 9.82 10.85 6.53 8.53  K=6
  [sfx] mlen=32 sdraft: 16 11628 86 -1 -1  target: 16 11628 86 16 11628  acc_sfx=3(lb 3) acc_mtp=5
  verify 51: accepted 5/5 (K=6) + correction -> +6 tokens (185.2 ms)  cpos=1566
  [margins] 8.03 10.58 7.52 8.11 8.47  K=6
  [sfx] mlen=32 sdraft: 16 11628 86 -1 -1  target: 16 11628 86 16 11628  acc_sfx=3(lb 3) acc_mtp=5
  verify 52: accepted 5/5 (K=6) + correction -> +6 tokens (189.6 ms)  cpos=1572
  [margins] 7.88 10.03 12.15 5.65 10.34  K=6
  [sfx] mlen=32 sdraft: 16 11628 86 -1 -1  target: 16 11628 86 16 11628  acc_sfx=3(lb 3) acc_mtp=5
  verify 53: accepted 5/5 (K=6) + correction -> +6 tokens (183.6 ms)  cpos=1578
  [margins] 7.95 9.60 10.69 7.10 8.74  K=6
  [sfx] mlen=32 sdraft: 16 11628 86 -1 -1  target: 16 11628 86 16 11628  acc_sfx=3(lb 3) acc_mtp=5
  verify 54: accepted 5/5 (K=6) + correction -> +6 tokens (191.5 ms)  cpos=1584
  [margins] 7.38 9.04 9.96 5.48 8.22  K=6
  [sfx] mlen=32 sdraft: 16 11628 86 -1 -1  target: 16 11628 86 16 11628  acc_sfx=3(lb 3) acc_mtp=5
  verify 55: accepted 5/5 (K=6) + correction -> +6 tokens (186.9 ms)  cpos=1590
  [margins] 6.91 8.93 9.61 5.88 10.47  K=6
  [sfx] mlen=32 sdraft: 16 11628 86 -1 -1  target: 16 11628 86 16 11628  acc_sfx=3(lb 3) acc_mtp=5
  verify 56: accepted 5/5 (K=6) + correction -> +6 tokens (191.9 ms)  cpos=1596
  [margins] 6.72 8.48 9.27 4.58 6.38  K=6
  [sfx] mlen=32 sdraft: 16 11628 86 -1 -1  target: 16 11628 86 16 11628  acc_sfx=3(lb 3) acc_mtp=5
  verify 57: accepted 5/5 (K=6) + correction -> +6 tokens (185.2 ms)  cpos=1602
  [margins] 7.53 8.53 10.29 6.78 10.22  K=6
  [sfx] mlen=32 sdraft: 16 11628 86 -1 -1  target: 16 11628 86 16 11628  acc_sfx=3(lb 3) acc_mtp=5
  verify 58: accepted 5/5 (K=6) + correction -> +6 tokens (191.6 ms)  cpos=1608
  [margins] 7.71 8.57 8.20 5.68 8.82  K=6
  [sfx] mlen=32 sdraft: 16 11628 86 -1 -1  target: 16 11628 86 16 11628  acc_sfx=3(lb 3) acc_mtp=5
  verify 59: accepted 5/5 (K=6) + correction -> +6 tokens (183.5 ms)  cpos=1614
  [margins] 8.58 9.52 9.61 6.43 8.61  K=6
  [sfx] mlen=32 sdraft: 16 11628 86 -1 -1  target: 16 11628 86 16 11628  acc_sfx=3(lb 3) acc_mtp=5
  verify 60: accepted 5/5 (K=6) + correction -> +6 tokens (190.8 ms)  cpos=1620
  [margins] 7.71 8.43 8.45 5.10 5.22  K=6
  [sfx] mlen=32 sdraft: 16 11628 86 -1 -1  target: 16 11628 86 16 11628  acc_sfx=3(lb 3) acc_mtp=5
  verify 61: accepted 5/5 (K=6) + correction -> +6 tokens (185.4 ms)  cpos=1626
  [margins] 8.11 9.64 9.79 6.79 11.25  K=6
  [sfx] mlen=32 sdraft: 16 11628 86 -1 -1  target: 16 11628 86 16 11628  acc_sfx=3(lb 3) acc_mtp=5
  verify 62: accepted 5/5 (K=6) + correction -> +6 tokens (192.1 ms)  cpos=1632
  [margins] 6.73 8.92 8.40 5.10 7.38  K=6
  [sfx] mlen=32 sdraft: 16 11628 86 -1 -1  target: 16 11628 86 16 11628  acc_sfx=3(lb 3) acc_mtp=5
  verify 63: accepted 5/5 (K=6) + correction -> +6 tokens (185.5 ms)  cpos=1638
  [margins] 6.88 9.84 7.25 7.61 8.95  K=6
  [sfx] mlen=32 sdraft: 16 11628 86 -1 -1  target: 16 11628 86 16 11628  acc_sfx=3(lb 3) acc_mtp=5
  verify 64: accepted 5/5 (K=6) + correction -> +6 tokens (191.6 ms)  cpos=1644
  [margins] 7.17 8.66 8.30 5.68 6.77  K=6
  [sfx] mlen=32 sdraft: 16 11628 86 -1 -1  target: 16 11628 86 16 11628  acc_sfx=3(lb 3) acc_mtp=5
  verify 65: accepted 5/5 (K=6) + correction -> +6 tokens (185.0 ms)  cpos=1650
  [margins] 7.79 9.19 9.19 6.50 9.81  K=6
  [sfx] mlen=32 sdraft: 16 11628 86 -1 -1  target: 16 11628 86 16 11628  acc_sfx=3(lb 3) acc_mtp=5
  verify 66: accepted 5/5 (K=6) + correction -> +6 tokens (191.6 ms)  cpos=1656
  [margins] 8.34 7.85 10.08 7.17 9.24  K=6
  [sfx] mlen=32 sdraft: 16 11628 86 -1 -1  target: 16 11628 86 16 11628  acc_sfx=3(lb 3) acc_mtp=5
  verify 67: accepted 5/5 (K=6) + correction -> +6 tokens (186.8 ms)  cpos=1662
  [margins] 7.62 6.17 6.21 7.09 7.70  K=6
  [sfx] mlen=32 sdraft: 16 11628 86 -1 -1  target: 16 11628 86 16 11628  acc_sfx=3(lb 3) acc_mtp=5
  verify 68: accepted 5/5 (K=6) + correction -> +6 tokens (208.3 ms)  cpos=1668
  [margins] 8.23 9.71 10.46 5.78 9.25  K=6
  [sfx] mlen=32 sdraft: 16 11628 86 -1 -1  target: 16 11628 86 16 11628  acc_sfx=3(lb 3) acc_mtp=5
  verify 69: accepted 5/5 (K=6) + correction -> +6 tokens (190.2 ms)  cpos=1674
  [margins] 7.29 9.83 8.59 6.58 10.69  K=6
  [sfx] mlen=32 sdraft: 16 11628 86 -1 -1  target: 16 11628 86 16 11628  acc_sfx=3(lb 3) acc_mtp=5
  verify 70: accepted 5/5 (K=6) + correction -> +6 tokens (193.3 ms)  cpos=1680
  [margins] 8.47 9.71 10.34 6.33 9.50  K=6
  [sfx] mlen=32 sdraft: 16 11628 86 -1 -1  target: 16 11628 86 16 11628  acc_sfx=3(lb 3) acc_mtp=5
  verify 71: accepted 5/5 (K=6) + correction -> +6 tokens (185.6 ms)  cpos=1686
  [margins] 7.59 8.98 7.91 6.06 8.64  K=6
  [sfx] mlen=32 sdraft: 16 11628 86 -1 -1  target: 16 11628 86 16 11628  acc_sfx=3(lb 3) acc_mtp=5
  verify 72: accepted 5/5 (K=6) + correction -> +6 tokens (191.2 ms)  cpos=1692
  [margins] 7.93 8.92 9.92 7.27 9.77  K=6
  [sfx] mlen=32 sdraft: 16 11628 86 -1 -1  target: 16 11628 86 16 11628  acc_sfx=3(lb 3) acc_mtp=5
  verify 73: accepted 5/5 (K=6) + correction -> +6 tokens (186.9 ms)  cpos=1698
  [margins] 7.77 9.76 8.71 6.53 10.16  K=6
  [sfx] mlen=32 sdraft: 16 11628 86 -1 -1  target: 16 11628 86 16 11628  acc_sfx=3(lb 3) acc_mtp=5
  verify 74: accepted 5/5 (K=6) + correction -> +6 tokens (193.1 ms)  cpos=1704
  [margins] 6.72 9.38 9.48 6.01 10.71  K=6
  [sfx] mlen=32 sdraft: 16 11628 86 -1 -1  target: 16 11628 86 16 11628  acc_sfx=3(lb 3) acc_mtp=5
  verify 75: accepted 5/5 (K=6) + correction -> +6 tokens (186.6 ms)  cpos=1710

[sfx] S6 counterfactual over 75 verifies, max n-gram 32 (probe is READ-ONLY;
[sfx] the emitted sequence, GATE and LOSSLESS GATE are unaffected)
[sfx]   MTP draft (SHIPPED)        :  402 tokens  5.360 tok/verify
[sfx]   suffix only, SOUND lower bd:  270 tokens  3.600 tok/verify  (-32.8%)
[sfx]   suffix only, optimistic    :  270 tokens  3.600 tok/verify  (-32.8%)
[sfx]   ORACLE max(MTP,suffix)     :  404 tokens  5.387 tok/verify  (+0.5%)  <- S6 CEILING
[sfx]   cascade: suffix if mlen>=1  :  275 tokens  3.667 tok/verify  (-31.6%)
[sfx]   cascade: suffix if mlen>=2  :  279 tokens  3.720 tok/verify  (-30.6%)
[sfx]   cascade: suffix if mlen>=3  :  278 tokens  3.707 tok/verify  (-30.8%)
[sfx]   cascade: suffix if mlen>=4  :  278 tokens  3.707 tok/verify  (-30.8%)
[sfx]   cascade: suffix if mlen>=6  :  277 tokens  3.693 tok/verify  (-31.1%)
[sfx]   a suffix match existed in 72/75 verifies; suffix beat MTP in 2, lost in 66

[spec] generated 402 tokens over 75 verifies: mean tokens/verify = 5.36 (block=5, max 6)
[spec] tokens: 223 25 22765 7975 55 15 3180 1 1 1 1 1 1 16 1 16 1 16 1 16 1 16 1 16 1 16 1 16 1 16 1 16 1 16 1 16 1 16 1 16
[spec] SPEC-DECODE: 33.3 ms/tok = 30.04 tok/s  (vs base M=1 71.9 ms/tok = 13.91 tok/s -> 2.16x)
[decode] PREFILL: 74 positions in 1162.7 ms = 63.6 tok/s (15.712 ms/tok)
[spec] decoding 400 tokens (block=5, draft passes=1, adaptK=1.50, prompt=3 s=75)...
  [margins] 0.02 1.65 0.07 1.54 0.62  K=3
  [sfx] mlen=0 sdraft: -1 -1  target: 24313 14  acc_sfx=0(lb 0) acc_mtp=0
  verify 1: accepted 0/2 (K=3) + correction -> +1 tokens (119.5 ms)  cpos=75
  [margins] 0.33 3.50 4.07 2.25 1.66  K=6
  [sfx] mlen=1 sdraft: 2852 3362 582 1133 65  target: 2852 3362 582 1133 1760  acc_sfx=4(lb 4) acc_mtp=3
  verify 2: accepted 3/5 (K=6) + correction -> +4 tokens (165.4 ms)  cpos=79
  [margins] 13.71 15.85 6.68 8.65 2.22  K=6
  [sfx] mlen=5 sdraft: 65 50219 1760 582 46172  target: 65 50219 1760 582 83772  acc_sfx=4(lb 4) acc_mtp=4
  verify 3: accepted 4/5 (K=6) + correction -> +5 tokens (166.7 ms)  cpos=84
  [margins] 14.29 9.02 7.07 7.74 5.29  K=6
  [sfx] mlen=0 sdraft: -1 -1 -1 -1 -1  target: 3362 28612 37399 3362 582  acc_sfx=0(lb 0) acc_mtp=5
  verify 4: accepted 5/5 (K=6) + correction -> +6 tokens (160.2 ms)  cpos=90
  [margins] 3.23 4.46 8.99 1.49 3.17  K=4
  [sfx] mlen=0 sdraft: -1 -1 -1  target: 4 3831 1  acc_sfx=0(lb 0) acc_mtp=3
  verify 5: accepted 3/3 (K=4) + correction -> +4 tokens (132.0 ms)  cpos=94
  [margins] 0.68 0.63 3.39 0.89 1.81  K=2
  [sfx] mlen=0 sdraft: -1  target: 1  acc_sfx=0(lb 0) acc_mtp=0
  verify 6: accepted 0/1 (K=2) + correction -> +1 tokens (103.3 ms)  cpos=95
  [margins] 3.72 4.88 5.00 0.29 1.11  K=4
  [sfx] mlen=1 sdraft: 3749 1 -1  target: 3749 3749 3749  acc_sfx=1(lb 1) acc_mtp=0
  verify 7: accepted 0/3 (K=4) + correction -> +1 tokens (119.6 ms)  cpos=96
  [margins] 1.40 4.86 0.91 0.58 0.05  K=3
  [sfx] mlen=2 sdraft: 1 3749  target: 223 1  acc_sfx=0(lb 0) acc_mtp=0
  verify 8: accepted 0/2 (K=3) + correction -> +1 tokens (113.8 ms)  cpos=97
  [margins] 1.10 0.41 3.99 0.64 0.65  K=2
  [sfx] mlen=0 sdraft: -1  target: 1  acc_sfx=0(lb 0) acc_mtp=0
  verify 9: accepted 0/1 (K=2) + correction -> +1 tokens (100.9 ms)  cpos=98
  [margins] 1.53 1.77 1.19 0.60 0.92  K=3
  [sfx] mlen=1 sdraft: 3749 223  target: 3749 3749  acc_sfx=1(lb 1) acc_mtp=0
  verify 10: accepted 0/2 (K=3) + correction -> +1 tokens (108.6 ms)  cpos=99
  [margins] 5.87 5.84 5.10 1.70 2.10  K=6
  [sfx] mlen=2 sdraft: 223 1 3749 -1 -1  target: 223 1 223 3749 223  acc_sfx=2(lb 2) acc_mtp=1
  verify 11: accepted 1/5 (K=6) + correction -> +2 tokens (163.1 ms)  cpos=101
  [margins] 0.62 4.64 6.07 4.87 6.31  K=6
  [sfx] mlen=4 sdraft: 3749 223 1 -1 -1  target: 3749 3749 223 946 223  acc_sfx=1(lb 1) acc_mtp=0
  verify 12: accepted 0/5 (K=6) + correction -> +1 tokens (162.9 ms)  cpos=102
  [margins] 5.52 8.78 7.03 3.19 7.30  K=6
  [sfx] mlen=5 sdraft: 223 1 3749 -1 -1  target: 223 3749 223 3749 223  acc_sfx=1(lb 1) acc_mtp=5
  verify 13: accepted 5/5 (K=6) + correction -> +6 tokens (164.2 ms)  cpos=108
  [margins] 6.78 8.32 6.28 5.68 5.29  K=6
  [sfx] mlen=5 sdraft: 223 3749 -1 -1 -1  target: 223 3749 223 3749 223  acc_sfx=2(lb 2) acc_mtp=5
  verify 14: accepted 5/5 (K=6) + correction -> +6 tokens (158.4 ms)  cpos=114
  [margins] 9.77 8.66 8.83 5.08 6.80  K=6
  [sfx] mlen=11 sdraft: 223 3749 -1 -1 -1  target: 223 3749 223 3749 223  acc_sfx=2(lb 2) acc_mtp=5
  verify 15: accepted 5/5 (K=6) + correction -> +6 tokens (167.2 ms)  cpos=120
  [margins] 12.80 10.34 11.21 7.83 7.99  K=6
  [sfx] mlen=17 sdraft: 223 3749 -1 -1 -1  target: 223 3749 223 3749 223  acc_sfx=2(lb 2) acc_mtp=5
  verify 16: accepted 5/5 (K=6) + correction -> +6 tokens (162.1 ms)  cpos=126
  [margins] 11.96 10.46 10.09 9.72 8.94  K=6
  [sfx] mlen=23 sdraft: 223 3749 -1 -1 -1  target: 223 3749 223 3749 223  acc_sfx=2(lb 2) acc_mtp=5
  verify 17: accepted 5/5 (K=6) + correction -> +6 tokens (182.9 ms)  cpos=132
  [margins] 12.81 9.54 8.37 6.81 7.34  K=6
  [sfx] mlen=29 sdraft: 223 3749 -1 -1 -1  target: 223 3749 223 3749 223  acc_sfx=2(lb 2) acc_mtp=5
  verify 18: accepted 5/5 (K=6) + correction -> +6 tokens (161.0 ms)  cpos=138
  [margins] 15.53 10.47 11.47 9.64 9.62  K=6
  [sfx] mlen=32 sdraft: 223 3749 -1 -1 -1  target: 223 3749 223 3749 223  acc_sfx=2(lb 2) acc_mtp=5
  verify 19: accepted 5/5 (K=6) + correction -> +6 tokens (170.6 ms)  cpos=144
  [margins] 13.00 11.64 10.79 10.88 9.99  K=6
  [sfx] mlen=32 sdraft: 223 3749 -1 -1 -1  target: 223 3749 223 3749 223  acc_sfx=2(lb 2) acc_mtp=5
  verify 20: accepted 5/5 (K=6) + correction -> +6 tokens (164.1 ms)  cpos=150
  [margins] 14.80 10.58 9.89 10.02 8.75  K=6
  [sfx] mlen=32 sdraft: 223 3749 -1 -1 -1  target: 223 3749 223 3749 223  acc_sfx=2(lb 2) acc_mtp=5
  verify 21: accepted 5/5 (K=6) + correction -> +6 tokens (169.6 ms)  cpos=156
  [margins] 13.14 10.07 8.67 9.42 10.39  K=6
  [sfx] mlen=32 sdraft: 223 3749 -1 -1 -1  target: 223 3749 223 3749 223  acc_sfx=2(lb 2) acc_mtp=5
  verify 22: accepted 5/5 (K=6) + correction -> +6 tokens (163.8 ms)  cpos=162
  [margins] 13.98 8.37 9.79 10.02 9.63  K=6
  [sfx] mlen=32 sdraft: 223 3749 -1 -1 -1  target: 223 3749 223 3749 223  acc_sfx=2(lb 2) acc_mtp=5
  verify 23: accepted 5/5 (K=6) + correction -> +6 tokens (170.0 ms)  cpos=168
  [margins] 14.55 11.77 10.96 9.55 9.32  K=6
  [sfx] mlen=32 sdraft: 223 3749 -1 -1 -1  target: 223 3749 223 3749 223  acc_sfx=2(lb 2) acc_mtp=5
  verify 24: accepted 5/5 (K=6) + correction -> +6 tokens (162.4 ms)  cpos=174
  [margins] 13.88 8.35 9.86 10.36 9.26  K=6
  [sfx] mlen=32 sdraft: 223 3749 -1 -1 -1  target: 223 3749 223 3749 223  acc_sfx=2(lb 2) acc_mtp=5
  verify 25: accepted 5/5 (K=6) + correction -> +6 tokens (171.9 ms)  cpos=180
  [margins] 13.88 8.26 10.60 8.65 8.28  K=6
  [sfx] mlen=32 sdraft: 223 3749 -1 -1 -1  target: 223 3749 223 3749 223  acc_sfx=2(lb 2) acc_mtp=5
  verify 26: accepted 5/5 (K=6) + correction -> +6 tokens (164.8 ms)  cpos=186
  [margins] 13.68 8.16 10.48 8.88 9.30  K=6
  [sfx] mlen=32 sdraft: 223 3749 -1 -1 -1  target: 223 3749 223 3749 223  acc_sfx=2(lb 2) acc_mtp=5
  verify 27: accepted 5/5 (K=6) + correction -> +6 tokens (168.5 ms)  cpos=192
  [margins] 9.67 7.28 11.20 8.31 9.97  K=6
  [sfx] mlen=32 sdraft: 223 3749 -1 -1 -1  target: 223 3749 223 3749 223  acc_sfx=2(lb 2) acc_mtp=5
  verify 28: accepted 5/5 (K=6) + correction -> +6 tokens (165.5 ms)  cpos=198
  [margins] 11.67 8.28 10.89 9.15 11.05  K=6
  [sfx] mlen=32 sdraft: 223 3749 -1 -1 -1  target: 223 3749 223 3749 223  acc_sfx=2(lb 2) acc_mtp=5
  verify 29: accepted 5/5 (K=6) + correction -> +6 tokens (170.4 ms)  cpos=204
  [margins] 12.59 10.53 9.56 10.81 10.02  K=6
  [sfx] mlen=32 sdraft: 223 3749 -1 -1 -1  target: 223 3749 223 3749 223  acc_sfx=2(lb 2) acc_mtp=5
  verify 30: accepted 5/5 (K=6) + correction -> +6 tokens (165.9 ms)  cpos=210
  [margins] 11.46 11.11 10.50 11.52 10.91  K=6
  [sfx] mlen=32 sdraft: 223 3749 -1 -1 -1  target: 223 3749 223 3749 223  acc_sfx=2(lb 2) acc_mtp=5
  verify 31: accepted 5/5 (K=6) + correction -> +6 tokens (168.9 ms)  cpos=216
  [margins] 13.25 7.49 9.74 9.80 10.06  K=6
  [sfx] mlen=32 sdraft: 223 3749 -1 -1 -1  target: 223 3749 223 3749 223  acc_sfx=2(lb 2) acc_mtp=5
  verify 32: accepted 5/5 (K=6) + correction -> +6 tokens (162.4 ms)  cpos=222
  [margins] 16.48 9.89 10.79 10.03 8.58  K=6
  [sfx] mlen=32 sdraft: 223 3749 -1 -1 -1  target: 223 3749 223 3749 223  acc_sfx=2(lb 2) acc_mtp=5
  verify 33: accepted 5/5 (K=6) + correction -> +6 tokens (169.7 ms)  cpos=228
  [margins] 11.40 7.87 8.87 8.60 10.10  K=6
  [sfx] mlen=32 sdraft: 223 3749 -1 -1 -1  target: 223 3749 223 3749 223  acc_sfx=2(lb 2) acc_mtp=5
  verify 34: accepted 5/5 (K=6) + correction -> +6 tokens (165.4 ms)  cpos=234
  [margins] 15.55 7.13 9.49 8.96 8.93  K=6
  [sfx] mlen=32 sdraft: 223 3749 -1 -1 -1  target: 223 3749 223 3749 223  acc_sfx=2(lb 2) acc_mtp=5
  verify 35: accepted 5/5 (K=6) + correction -> +6 tokens (170.5 ms)  cpos=240
  [margins] 14.00 9.28 10.12 9.80 11.00  K=6
  [sfx] mlen=32 sdraft: 223 3749 -1 -1 -1  target: 223 3749 223 3749 223  acc_sfx=2(lb 2) acc_mtp=5
  verify 36: accepted 5/5 (K=6) + correction -> +6 tokens (165.2 ms)  cpos=246
  [margins] 13.72 8.09 8.77 7.19 7.46  K=6
  [sfx] mlen=32 sdraft: 223 3749 -1 -1 -1  target: 223 3749 223 3749 223  acc_sfx=2(lb 2) acc_mtp=5
  verify 37: accepted 5/5 (K=6) + correction -> +6 tokens (170.9 ms)  cpos=252
  [margins] 13.97 6.59 9.70 8.25 11.10  K=6
  [sfx] mlen=32 sdraft: 223 3749 -1 -1 -1  target: 223 3749 223 3749 223  acc_sfx=2(lb 2) acc_mtp=5
  verify 38: accepted 5/5 (K=6) + correction -> +6 tokens (180.6 ms)  cpos=258
  [margins] 15.21 10.08 9.61 9.52 8.92  K=6
  [sfx] mlen=32 sdraft: 223 3749 -1 -1 -1  target: 223 3749 223 3749 223  acc_sfx=2(lb 2) acc_mtp=5
  verify 39: accepted 5/5 (K=6) + correction -> +6 tokens (171.6 ms)  cpos=264
  [margins] 15.04 8.20 11.07 8.21 10.08  K=6
  [sfx] mlen=32 sdraft: 223 3749 -1 -1 -1  target: 223 3749 223 3749 223  acc_sfx=2(lb 2) acc_mtp=5
  verify 40: accepted 5/5 (K=6) + correction -> +6 tokens (164.8 ms)  cpos=270
  [margins] 14.85 7.82 10.31 6.90 9.69  K=6
  [sfx] mlen=32 sdraft: 223 3749 -1 -1 -1  target: 223 3749 223 3749 223  acc_sfx=2(lb 2) acc_mtp=5
  verify 41: accepted 5/5 (K=6) + correction -> +6 tokens (170.5 ms)  cpos=276
  [margins] 14.47 10.20 10.44 9.03 9.34  K=6
  [sfx] mlen=32 sdraft: 223 3749 -1 -1 -1  target: 223 3749 223 3749 223  acc_sfx=2(lb 2) acc_mtp=5
  verify 42: accepted 5/5 (K=6) + correction -> +6 tokens (164.4 ms)  cpos=282
  [margins] 15.19 9.39 10.98 8.46 9.47  K=6
  [sfx] mlen=32 sdraft: 223 3749 -1 -1 -1  target: 223 3749 223 3749 223  acc_sfx=2(lb 2) acc_mtp=5
  verify 43: accepted 5/5 (K=6) + correction -> +6 tokens (174.1 ms)  cpos=288
  [margins] 9.75 10.49 10.17 9.40 9.45  K=6
  [sfx] mlen=32 sdraft: 223 3749 -1 -1 -1  target: 223 3749 223 3749 223  acc_sfx=2(lb 2) acc_mtp=5
  verify 44: accepted 5/5 (K=6) + correction -> +6 tokens (165.7 ms)  cpos=294
  [margins] 11.17 9.83 10.21 9.80 9.59  K=6
  [sfx] mlen=32 sdraft: 223 3749 -1 -1 -1  target: 223 3749 223 3749 223  acc_sfx=2(lb 2) acc_mtp=5
  verify 45: accepted 5/5 (K=6) + correction -> +6 tokens (171.9 ms)  cpos=300
  [margins] 12.63 9.86 10.32 9.09 8.44  K=6
  [sfx] mlen=32 sdraft: 223 3749 -1 -1 -1  target: 223 3749 223 3749 223  acc_sfx=2(lb 2) acc_mtp=5
  verify 46: accepted 5/5 (K=6) + correction -> +6 tokens (164.4 ms)  cpos=306
  [margins] 14.89 10.27 8.29 7.91 11.95  K=6
  [sfx] mlen=32 sdraft: 223 3749 -1 -1 -1  target: 223 3749 223 3749 223  acc_sfx=2(lb 2) acc_mtp=5
  verify 47: accepted 5/5 (K=6) + correction -> +6 tokens (171.4 ms)  cpos=312
  [margins] 14.45 7.54 7.57 8.49 9.42  K=6
  [sfx] mlen=32 sdraft: 223 3749 -1 -1 -1  target: 223 3749 223 3749 223  acc_sfx=2(lb 2) acc_mtp=5
  verify 48: accepted 5/5 (K=6) + correction -> +6 tokens (165.3 ms)  cpos=318
  [margins] 12.54 9.61 8.89 9.45 10.24  K=6
  [sfx] mlen=32 sdraft: 223 3749 -1 -1 -1  target: 223 3749 223 3749 223  acc_sfx=2(lb 2) acc_mtp=5
  verify 49: accepted 5/5 (K=6) + correction -> +6 tokens (174.1 ms)  cpos=324
  [margins] 12.56 9.00 9.72 7.22 10.17  K=6
  [sfx] mlen=32 sdraft: 223 3749 -1 -1 -1  target: 223 3749 223 3749 223  acc_sfx=2(lb 2) acc_mtp=5
  verify 50: accepted 5/5 (K=6) + correction -> +6 tokens (168.5 ms)  cpos=330
  [margins] 14.07 10.75 8.76 9.11 9.27  K=6
  [sfx] mlen=32 sdraft: 223 3749 -1 -1 -1  target: 223 3749 223 3749 223  acc_sfx=2(lb 2) acc_mtp=5
  verify 51: accepted 5/5 (K=6) + correction -> +6 tokens (172.7 ms)  cpos=336
  [margins] 9.57 11.50 9.50 8.87 8.34  K=6
  [sfx] mlen=32 sdraft: 223 3749 -1 -1 -1  target: 223 3749 223 3749 223  acc_sfx=2(lb 2) acc_mtp=5
  verify 52: accepted 5/5 (K=6) + correction -> +6 tokens (165.0 ms)  cpos=342
  [margins] 14.02 9.19 10.21 8.94 10.41  K=6
  [sfx] mlen=32 sdraft: 223 3749 -1 -1 -1  target: 223 3749 223 3749 223  acc_sfx=2(lb 2) acc_mtp=5
  verify 53: accepted 5/5 (K=6) + correction -> +6 tokens (172.4 ms)  cpos=348
  [margins] 10.61 10.34 9.97 9.45 8.65  K=6
  [sfx] mlen=32 sdraft: 223 3749 -1 -1 -1  target: 223 3749 223 3749 223  acc_sfx=2(lb 2) acc_mtp=5
  verify 54: accepted 5/5 (K=6) + correction -> +6 tokens (167.4 ms)  cpos=354
  [margins] 14.01 8.97 9.18 8.00 7.03  K=6
  [sfx] mlen=32 sdraft: 223 3749 -1 -1 -1  target: 223 3749 223 3749 223  acc_sfx=2(lb 2) acc_mtp=5
  verify 55: accepted 5/5 (K=6) + correction -> +6 tokens (170.7 ms)  cpos=360
  [margins] 10.96 8.18 10.27 7.89 10.25  K=6
  [sfx] mlen=32 sdraft: 223 3749 -1 -1 -1  target: 223 3749 223 3749 223  acc_sfx=2(lb 2) acc_mtp=5
  verify 56: accepted 5/5 (K=6) + correction -> +6 tokens (165.6 ms)  cpos=366
  [margins] 12.58 9.59 8.40 9.03 8.62  K=6
  [sfx] mlen=32 sdraft: 223 3749 -1 -1 -1  target: 223 3749 223 3749 223  acc_sfx=2(lb 2) acc_mtp=5
  verify 57: accepted 5/5 (K=6) + correction -> +6 tokens (171.8 ms)  cpos=372
  [margins] 17.45 9.26 10.01 8.80 10.03  K=6
  [sfx] mlen=32 sdraft: 223 3749 -1 -1 -1  target: 223 3749 223 3749 223  acc_sfx=2(lb 2) acc_mtp=5
  verify 58: accepted 5/5 (K=6) + correction -> +6 tokens (167.7 ms)  cpos=378
  [margins] 13.29 10.26 9.84 7.78 9.67  K=6
  [sfx] mlen=32 sdraft: 223 3749 -1 -1 -1  target: 223 3749 223 3749 223  acc_sfx=2(lb 2) acc_mtp=5
  verify 59: accepted 5/5 (K=6) + correction -> +6 tokens (184.5 ms)  cpos=384
  [margins] 11.19 8.08 8.43 7.83 6.50  K=6
  [sfx] mlen=32 sdraft: 223 3749 -1 -1 -1  target: 223 3749 223 3749 223  acc_sfx=2(lb 2) acc_mtp=5
  verify 60: accepted 5/5 (K=6) + correction -> +6 tokens (167.0 ms)  cpos=390
  [margins] 12.55 8.17 8.04 7.52 8.69  K=6
  [sfx] mlen=32 sdraft: 223 3749 -1 -1 -1  target: 223 3749 223 3749 223  acc_sfx=2(lb 2) acc_mtp=5
  verify 61: accepted 5/5 (K=6) + correction -> +6 tokens (175.0 ms)  cpos=396
  [margins] 17.49 10.18 10.41 8.46 10.61  K=6
  [sfx] mlen=32 sdraft: 223 3749 -1 -1 -1  target: 223 3749 223 3749 223  acc_sfx=2(lb 2) acc_mtp=5
  verify 62: accepted 5/5 (K=6) + correction -> +6 tokens (167.4 ms)  cpos=402
  [margins] 15.36 9.62 8.38 8.56 10.60  K=6
  [sfx] mlen=32 sdraft: 223 3749 -1 -1 -1  target: 223 3749 223 3749 223  acc_sfx=2(lb 2) acc_mtp=5
  verify 63: accepted 5/5 (K=6) + correction -> +6 tokens (173.5 ms)  cpos=408
  [margins] 15.81 9.67 10.51 9.38 10.77  K=6
  [sfx] mlen=32 sdraft: 223 3749 -1 -1 -1  target: 223 3749 223 3749 223  acc_sfx=2(lb 2) acc_mtp=5
  verify 64: accepted 5/5 (K=6) + correction -> +6 tokens (166.6 ms)  cpos=414
  [margins] 14.32 9.40 9.51 9.70 11.46  K=6
  [sfx] mlen=32 sdraft: 223 3749 -1 -1 -1  target: 223 3749 223 3749 223  acc_sfx=2(lb 2) acc_mtp=5
  verify 65: accepted 5/5 (K=6) + correction -> +6 tokens (173.6 ms)  cpos=420
  [margins] 12.91 10.11 10.89 8.80 11.45  K=6
  [sfx] mlen=32 sdraft: 223 3749 -1 -1 -1  target: 223 3749 223 3749 223  acc_sfx=2(lb 2) acc_mtp=5
  verify 66: accepted 5/5 (K=6) + correction -> +6 tokens (166.3 ms)  cpos=426
  [margins] 12.39 7.92 10.13 7.32 8.70  K=6
  [sfx] mlen=32 sdraft: 223 3749 -1 -1 -1  target: 223 3749 223 3749 223  acc_sfx=2(lb 2) acc_mtp=5
  verify 67: accepted 5/5 (K=6) + correction -> +6 tokens (174.4 ms)  cpos=432
  [margins] 11.95 11.10 9.71 9.55 10.75  K=6
  [sfx] mlen=32 sdraft: 223 3749 -1 -1 -1  target: 223 3749 223 3749 223  acc_sfx=2(lb 2) acc_mtp=5
  verify 68: accepted 5/5 (K=6) + correction -> +6 tokens (167.9 ms)  cpos=438
  [margins] 12.21 8.24 8.71 8.26 9.58  K=6
  [sfx] mlen=32 sdraft: 223 3749 -1 -1 -1  target: 223 3749 223 3749 223  acc_sfx=2(lb 2) acc_mtp=5
  verify 69: accepted 5/5 (K=6) + correction -> +6 tokens (173.9 ms)  cpos=444
  [margins] 13.46 8.88 8.70 6.84 9.01  K=6
  [sfx] mlen=32 sdraft: 223 3749 -1 -1 -1  target: 223 3749 223 3749 223  acc_sfx=2(lb 2) acc_mtp=5
  verify 70: accepted 5/5 (K=6) + correction -> +6 tokens (168.7 ms)  cpos=450
  [margins] 14.24 9.41 8.38 8.00 10.72  K=6
  [sfx] mlen=32 sdraft: 223 3749 -1 -1 -1  target: 223 3749 223 3749 223  acc_sfx=2(lb 2) acc_mtp=5
  verify 71: accepted 5/5 (K=6) + correction -> +6 tokens (173.2 ms)  cpos=456
  [margins] 13.40 10.83 10.90 9.22 10.01  K=6
  [sfx] mlen=32 sdraft: 223 3749 -1 -1 -1  target: 223 3749 223 3749 223  acc_sfx=2(lb 2) acc_mtp=5
  verify 72: accepted 5/5 (K=6) + correction -> +6 tokens (166.7 ms)  cpos=462
  [margins] 14.78 9.54 10.50 7.27 11.68  K=6
  [sfx] mlen=32 sdraft: 223 3749 -1 -1 -1  target: 223 3749 223 3749 223  acc_sfx=2(lb 2) acc_mtp=5
  verify 73: accepted 5/5 (K=6) + correction -> +6 tokens (174.9 ms)  cpos=468
  [margins] 10.06 9.76 10.94 8.21 9.74  K=6
  [sfx] mlen=32 sdraft: 223 3749 -1 -1 -1  target: 223 3749 223 3749 223  acc_sfx=2(lb 2) acc_mtp=5
  verify 74: accepted 5/5 (K=6) + correction -> +6 tokens (166.2 ms)  cpos=474

[sfx] S6 counterfactual over 74 verifies, max n-gram 32 (probe is READ-ONLY;
[sfx] the emitted sequence, GATE and LOSSLESS GATE are unaffected)
[sfx]   MTP draft (SHIPPED)        :  400 tokens  5.405 tok/verify
[sfx]   suffix only, SOUND lower bd:  210 tokens  2.838 tok/verify  (-47.5%)
[sfx]   suffix only, optimistic    :  210 tokens  2.838 tok/verify  (-47.5%)
[sfx]   ORACLE max(MTP,suffix)     :  405 tokens  5.473 tok/verify  (+1.2%)  <- S6 CEILING
[sfx]   cascade: suffix if mlen>=1  :  218 tokens  2.946 tok/verify  (-45.5%)
[sfx]   cascade: suffix if mlen>=2  :  215 tokens  2.905 tok/verify  (-46.2%)
[sfx]   cascade: suffix if mlen>=3  :  214 tokens  2.892 tok/verify  (-46.5%)
[sfx]   cascade: suffix if mlen>=4  :  214 tokens  2.892 tok/verify  (-46.5%)
[sfx]   cascade: suffix if mlen>=6  :  220 tokens  2.973 tok/verify  (-45.0%)
[sfx]   a suffix match existed in 69/74 verifies; suffix beat MTP in 5, lost in 64

[spec] generated 400 tokens over 74 verifies: mean tokens/verify = 5.41 (block=5, max 6)
[spec] tokens: 24313 2852 3362 582 1133 65 50219 1760 582 83772 3362 28612 37399 3362 582 106239 4 3831 1 3749 1 3749 223 1 3749 223 1 3749 223 3749 223 3749 223 3749 223 3749 223 3749 223 3749
[spec] SPEC-DECODE: 30.0 ms/tok = 33.33 tok/s  (vs base M=1 71.9 ms/tok = 13.91 tok/s -> 2.40x)

[blksweep]  BLK passes adaptK->eff prompt | mean tok/verify | ms/tok | tok/s | vs base 13.91 tok/s
[blksweep]    5      1   1.50   1.50      1 |            5.93 |   33.3 | 30.07 | 2.16x
[blksweep]    5      1   1.50   1.50      2 |            5.36 |   33.3 | 30.04 | 2.16x
[blksweep]    5      1   1.50   1.50      3 |            5.41 |   30.0 | 33.33 | 2.40x
[decode] mem 111.4/122.8 GiB
