[train] device=cuda torch=2.10.0
  loading model-00046-of-00048.safetensors ...
  loading model-00047-of-00048.safetensors ...
  loading model-00048-of-00048.safetensors ...
  dequantised 1512 tensors, 12.60 B params, 23.5 GiB bf16
[train] weights ready in 8.6s
[train] trainable 517.3 M in 72 tensors | frozen experts 12.08 B
[train] capture: 468 sample(s)
[Gloo] Rank 0 is connected to 0 peer ranks. Expected number of connected peer ranks is : 0
[train] ModelArgs: n_mtp=3 block=6 taps=[40, 41, 42] markov_rank=256
[train] built 3 DSparkBlock(s) on meta
[train] re-materialised freqs_cis on 3 attention module(s) (persistent=False buffers are NOT in state_dict and to_empty() zapped them)
[train] load_state_dict: 0 missing, 0 unexpected
[train] GATE1 model construction OK
[train] aux: embed.weight(129280, 4096), head.weight(129280, 4096)
[train] trainable tensors in graph: 72 / 517.3 M
[train] lr schedule: linear warmup 23 step(s) -> cosine over 468 session step(s), peak 5e-05; this chunk is steps 0..467
/work/train/train_head.py:115: UserWarning: Converting a tensor with requires_grad=True to a scalar may lead to unexpected behavior.
Consider using tensor.detach() first. (Triggered internally at /opt/pytorch/torch/csrc/autograd/generated/python_variable_methods.cpp:836.)
  parts = {"ce": float((w * ce).sum()), "tv": float((w * tv).sum()), "conf": 0.0}
[train] step 0: T=546 positions=16 loss=0.8384 ce=3.3718 tv=0.5569 conf=0.6541 grad_norm=6.7280 tensors_with_grad=69/72
[train] step 1: T=560 positions=16 loss=0.7119 ce=3.3314 tv=0.4209 conf=0.4947 grad_norm=4.0605 tensors_with_grad=69/72
[train] step 2: T=564 positions=16 loss=0.7700 ce=3.1478 tv=0.5058 conf=0.7446 grad_norm=5.8220 tensors_with_grad=69/72
[train] step 3: T=567 positions=16 loss=1.0256 ce=4.2305 tv=0.6695 conf=0.7620 grad_norm=9.8994 tensors_with_grad=69/72
[train] step 4: T=547 positions=16 loss=1.2126 ce=5.5542 tv=0.7302 conf=0.6712 grad_norm=7.0462 tensors_with_grad=69/72
[train] step 5: T=585 positions=16 loss=0.8076 ce=3.3317 tv=0.5272 conf=0.5617 grad_norm=4.9071 tensors_with_grad=69/72
[train] step 6: T=560 positions=16 loss=0.8978 ce=4.5225 tv=0.4950 conf=0.5803 grad_norm=9.1318 tensors_with_grad=69/72
[train] step 7: T=589 positions=16 loss=0.9837 ce=4.3931 tv=0.6049 conf=0.6523 grad_norm=6.8620 tensors_with_grad=69/72
[train] step 8: T=547 positions=16 loss=1.3059 ce=6.7262 tv=0.7036 conf=0.8501 grad_norm=11.0972 tensors_with_grad=69/72
[train] step 9: T=622 positions=16 loss=0.6422 ce=2.8854 tv=0.3930 conf=0.5428 grad_norm=6.1343 tensors_with_grad=69/72
[train] step 10: T=575 positions=16 loss=1.0054 ce=4.7785 tv=0.5862 conf=0.8215 grad_norm=12.5641 tensors_with_grad=69/72
[train] step 11: T=544 positions=16 loss=0.9551 ce=3.6296 tv=0.6579 conf=0.5972 grad_norm=7.3467 tensors_with_grad=69/72
[train] step 12: T=545 positions=16 loss=1.3444 ce=6.8095 tv=0.7372 conf=0.7588 grad_norm=5.8401 tensors_with_grad=69/72
[train] step 13: T=615 positions=16 loss=0.7946 ce=3.5632 tv=0.4870 conf=0.6062 grad_norm=6.5404 tensors_with_grad=69/72
[train] step 14: T=689 positions=16 loss=1.2739 ce=5.9184 tv=0.7579 conf=0.5171 grad_norm=5.1850 tensors_with_grad=69/72
[train] step 15: T=581 positions=16 loss=0.9213 ce=3.2912 tv=0.6580 conf=0.6322 grad_norm=3.5639 tensors_with_grad=69/72
[train] step 16: T=593 positions=16 loss=1.0116 ce=4.6272 tv=0.6098 conf=1.0351 grad_norm=12.4816 tensors_with_grad=69/72
[train] step 17: T=553 positions=16 loss=0.4661 ce=2.1443 tv=0.2796 conf=0.3620 grad_norm=5.8875 tensors_with_grad=69/72
[train] step 18: T=591 positions=16 loss=0.7917 ce=3.9660 tv=0.4391 conf=0.5354 grad_norm=5.6632 tensors_with_grad=69/72
[train] step 19: T=567 positions=16 loss=0.8345 ce=3.4528 tv=0.5436 conf=0.7924 grad_norm=7.3962 tensors_with_grad=69/72
[train] step 20: T=583 positions=16 loss=0.8908 ce=3.4163 tv=0.6102 conf=0.5784 grad_norm=6.6940 tensors_with_grad=69/72
[train] step 21: T=612 positions=16 loss=1.2292 ce=5.9758 tv=0.7017 conf=0.5658 grad_norm=15.8516 tensors_with_grad=69/72
[train] step 22: T=600 positions=16 loss=1.0046 ce=4.0223 tv=0.6693 conf=0.5715 grad_norm=7.6761 tensors_with_grad=69/72
[train] step 23: T=583 positions=16 loss=0.9297 ce=3.6410 tv=0.6284 conf=0.6598 grad_norm=4.6319 tensors_with_grad=69/72
[train] step 24: T=574 positions=16 loss=0.7935 ce=3.0666 tv=0.5409 conf=0.7147 grad_norm=4.7616 tensors_with_grad=69/72
[train] step 25: T=584 positions=16 loss=0.6664 ce=2.2279 tv=0.4928 conf=0.6761 grad_norm=8.2761 tensors_with_grad=69/72
[train] step 26: T=575 positions=16 loss=0.6248 ce=2.2844 tv=0.4404 conf=0.6702 grad_norm=5.5195 tensors_with_grad=69/72
[train] step 27: T=568 positions=16 loss=0.6552 ce=2.5297 tv=0.4469 conf=0.6214 grad_norm=8.9434 tensors_with_grad=69/72
[train] step 28: T=715 positions=16 loss=1.1193 ce=4.7275 tv=0.7183 conf=0.6342 grad_norm=5.0093 tensors_with_grad=69/72
[train] step 29: T=596 positions=16 loss=0.8920 ce=3.7662 tv=0.5726 conf=0.7010 grad_norm=4.6429 tensors_with_grad=69/72
[train] step 30: T=580 positions=16 loss=1.1048 ce=4.8502 tv=0.6887 conf=0.6096 grad_norm=9.4398 tensors_with_grad=69/72
[train] step 31: T=585 positions=16 loss=0.8714 ce=3.4833 tv=0.5812 conf=0.5355 grad_norm=3.3514 tensors_with_grad=69/72
[train] step 32: T=574 positions=16 loss=0.8917 ce=3.2904 tv=0.6252 conf=0.6740 grad_norm=3.4174 tensors_with_grad=69/72
[train] step 33: T=612 positions=16 loss=0.9448 ce=3.9031 tv=0.6161 conf=0.5505 grad_norm=4.8245 tensors_with_grad=69/72
[train] step 34: T=565 positions=16 loss=0.6332 ce=2.5750 tv=0.4174 conf=0.7148 grad_norm=6.4829 tensors_with_grad=69/72
[train] step 35: T=592 positions=16 loss=0.9599 ce=3.6629 tv=0.6596 conf=0.7727 grad_norm=9.6668 tensors_with_grad=69/72
[train] step 36: T=709 positions=16 loss=0.8728 ce=3.3280 tv=0.6000 conf=0.6565 grad_norm=4.4756 tensors_with_grad=69/72
[train] step 37: T=593 positions=16 loss=0.4437 ce=1.5452 tv=0.3213 conf=0.5278 grad_norm=8.5930 tensors_with_grad=69/72
[train] step 38: T=585 positions=16 loss=1.0942 ce=4.6175 tv=0.7027 conf=0.5557 grad_norm=4.8237 tensors_with_grad=69/72
[train] step 39: T=558 positions=16 loss=0.6170 ce=2.6087 tv=0.3957 conf=0.7578 grad_norm=5.5160 tensors_with_grad=69/72
[train] step 40: T=542 positions=16 loss=1.1398 ce=5.3668 tv=0.6702 conf=0.5862 grad_norm=4.3388 tensors_with_grad=69/72
[train] step 41: T=811 positions=16 loss=1.0244 ce=4.2591 tv=0.6650 conf=0.6304 grad_norm=3.1268 tensors_with_grad=69/72
[train] step 42: T=561 positions=16 loss=0.9693 ce=3.8553 tv=0.6487 conf=0.5923 grad_norm=9.7307 tensors_with_grad=69/72
[train] step 43: T=578 positions=16 loss=0.5734 ce=2.1466 tv=0.3986 conf=0.5392 grad_norm=4.1014 tensors_with_grad=69/72
[train] step 44: T=549 positions=16 loss=0.8167 ce=3.3921 tv=0.5306 conf=0.6082 grad_norm=5.5611 tensors_with_grad=69/72
[train] step 45: T=557 positions=16 loss=0.6118 ce=2.5734 tv=0.3938 conf=0.5432 grad_norm=8.6772 tensors_with_grad=69/72
[train] step 46: T=657 positions=16 loss=0.8546 ce=3.2572 tv=0.5876 conf=0.4895 grad_norm=5.6872 tensors_with_grad=69/72
[train] step 47: T=539 positions=16 loss=0.9147 ce=3.6566 tv=0.6100 conf=0.7331 grad_norm=6.1819 tensors_with_grad=69/72
[train] step 48: T=602 positions=16 loss=0.7968 ce=3.4554 tv=0.5014 conf=0.5307 grad_norm=3.7766 tensors_with_grad=69/72
[train] step 49: T=620 positions=16 loss=0.8143 ce=3.0605 tv=0.5647 conf=0.6411 grad_norm=5.0498 tensors_with_grad=69/72
[train] step 50: T=595 positions=16 loss=0.5807 ce=2.4864 tv=0.3690 conf=0.5585 grad_norm=5.9168 tensors_with_grad=69/72
[train] step 51: T=571 positions=16 loss=0.7997 ce=3.5749 tv=0.4914 conf=0.6379 grad_norm=2.7767 tensors_with_grad=69/72
[train] step 52: T=635 positions=16 loss=0.6533 ce=2.3924 tv=0.4601 conf=0.4714 grad_norm=4.3878 tensors_with_grad=69/72
[train] step 53: T=547 positions=16 loss=0.6703 ce=2.3334 tv=0.4856 conf=0.5964 grad_norm=4.2502 tensors_with_grad=69/72
[train] step 54: T=538 positions=16 loss=0.5301 ce=3.0183 tv=0.2537 conf=0.4184 grad_norm=3.0680 tensors_with_grad=69/72
[train] step 55: T=555 positions=16 loss=1.1153 ce=5.5304 tv=0.6247 conf=0.5029 grad_norm=8.6275 tensors_with_grad=69/72
[train] step 56: T=562 positions=16 loss=0.4871 ce=1.7187 tv=0.3502 conf=0.5563 grad_norm=3.8550 tensors_with_grad=69/72
[train] step 57: T=570 positions=16 loss=0.5519 ce=2.3516 tv=0.3520 conf=0.6489 grad_norm=4.2702 tensors_with_grad=69/72
[train] step 58: T=554 positions=16 loss=0.5973 ce=2.0019 tv=0.4412 conf=0.5918 grad_norm=7.5786 tensors_with_grad=69/72
[train] step 59: T=628 positions=16 loss=0.7809 ce=3.0679 tv=0.5268 conf=0.5109 grad_norm=4.8868 tensors_with_grad=69/72
[train] step 60: T=604 positions=16 loss=0.9589 ce=4.9725 tv=0.5129 conf=0.7532 grad_norm=7.7206 tensors_with_grad=69/72
[train] step 61: T=548 positions=16 loss=0.5465 ce=2.4700 tv=0.3328 conf=0.6055 grad_norm=4.4637 tensors_with_grad=69/72
[train] step 62: T=611 positions=16 loss=0.9331 ce=4.1365 tv=0.5771 conf=0.5546 grad_norm=6.1860 tensors_with_grad=69/72
[train] step 63: T=585 positions=16 loss=0.9068 ce=3.9557 tv=0.5680 conf=0.7105 grad_norm=6.9895 tensors_with_grad=69/72
[train] step 64: T=614 positions=16 loss=1.0305 ce=5.1381 tv=0.5740 conf=0.8108 grad_norm=5.8421 tensors_with_grad=69/72
[train] step 65: T=564 positions=16 loss=0.6324 ce=2.4844 tv=0.4267 conf=0.5867 grad_norm=3.1167 tensors_with_grad=69/72
[train] step 66: T=559 positions=16 loss=0.4042 ce=1.3550 tv=0.2986 conf=0.4092 grad_norm=4.3818 tensors_with_grad=69/72
[train] step 67: T=566 positions=16 loss=0.6217 ce=2.2145 tv=0.4447 conf=0.4997 grad_norm=4.9083 tensors_with_grad=69/72
[train] step 68: T=603 positions=16 loss=0.7303 ce=2.6650 tv=0.5153 conf=0.7363 grad_norm=4.3640 tensors_with_grad=69/72
[train] step 69: T=586 positions=16 loss=0.8588 ce=3.4747 tv=0.5681 conf=0.5928 grad_norm=6.2505 tensors_with_grad=69/72
[train] step 70: T=561 positions=16 loss=0.7357 ce=2.5920 tv=0.5294 conf=0.6015 grad_norm=2.7311 tensors_with_grad=69/72
[train] step 71: T=584 positions=16 loss=0.6740 ce=2.6845 tv=0.4506 conf=0.5821 grad_norm=3.5143 tensors_with_grad=69/72
[train] step 72: T=546 positions=16 loss=0.5654 ce=2.0477 tv=0.4007 conf=0.5271 grad_norm=5.9874 tensors_with_grad=69/72
[train] step 73: T=618 positions=16 loss=0.5452 ce=1.7857 tv=0.4074 conf=0.7181 grad_norm=3.3735 tensors_with_grad=69/72
[train] step 74: T=589 positions=16 loss=0.6684 ce=2.4227 tv=0.4735 conf=0.7451 grad_norm=3.4130 tensors_with_grad=69/72
[train] step 75: T=646 positions=16 loss=0.5629 ce=2.4599 tv=0.3522 conf=0.4307 grad_norm=5.3269 tensors_with_grad=69/72
[train] step 76: T=595 positions=16 loss=0.5896 ce=2.0979 tv=0.4220 conf=0.6276 grad_norm=4.5219 tensors_with_grad=69/72
[train] step 77: T=591 positions=16 loss=0.7673 ce=3.0572 tv=0.5128 conf=0.7455 grad_norm=3.5663 tensors_with_grad=69/72
[train] step 78: T=777 positions=16 loss=0.8797 ce=3.6064 tv=0.5767 conf=0.6374 grad_norm=4.2209 tensors_with_grad=69/72
[train] step 79: T=605 positions=16 loss=0.6961 ce=2.5146 tv=0.4941 conf=0.7693 grad_norm=3.2421 tensors_with_grad=69/72
[train] step 80: T=632 positions=16 loss=0.6808 ce=3.1256 tv=0.4092 conf=0.5041 grad_norm=2.7516 tensors_with_grad=69/72
[train] step 81: T=615 positions=16 loss=0.7840 ce=3.5668 tv=0.4748 conf=0.4532 grad_norm=5.8204 tensors_with_grad=69/72
[train] step 82: T=595 positions=16 loss=0.6120 ce=2.2089 tv=0.4345 conf=0.6039 grad_norm=3.1959 tensors_with_grad=69/72
[train] step 83: T=617 positions=16 loss=0.5441 ce=2.0909 tv=0.3722 conf=0.8304 grad_norm=4.9335 tensors_with_grad=69/72
[train] step 84: T=589 positions=16 loss=0.7298 ce=2.7701 tv=0.5031 conf=0.7773 grad_norm=8.9703 tensors_with_grad=69/72
[train] step 85: T=773 positions=16 loss=1.0229 ce=4.5635 tv=0.6294 conf=0.5898 grad_norm=7.1802 tensors_with_grad=69/72
[train] step 86: T=552 positions=16 loss=0.6023 ce=2.0449 tv=0.4420 conf=0.8367 grad_norm=7.6498 tensors_with_grad=69/72
[train] step 87: T=606 positions=16 loss=0.6226 ce=2.5119 tv=0.4126 conf=0.6686 grad_norm=6.5355 tensors_with_grad=69/72
[train] step 88: T=644 positions=16 loss=0.7378 ce=2.7022 tv=0.5196 conf=0.4707 grad_norm=4.8026 tensors_with_grad=69/72
[train] step 89: T=577 positions=16 loss=0.4107 ce=1.4342 tv=0.2970 conf=0.4699 grad_norm=7.0712 tensors_with_grad=69/72
[train] step 90: T=571 positions=16 loss=0.6322 ce=2.8945 tv=0.3808 conf=0.7217 grad_norm=4.2175 tensors_with_grad=69/72
[train] step 91: T=547 positions=16 loss=0.8731 ce=3.3659 tv=0.5961 conf=0.4989 grad_norm=2.9838 tensors_with_grad=69/72
[train] step 92: T=587 positions=16 loss=0.6117 ce=2.2134 tv=0.4338 conf=0.6900 grad_norm=2.8686 tensors_with_grad=69/72
[train] step 93: T=571 positions=16 loss=0.6300 ce=2.6643 tv=0.4040 conf=0.7517 grad_norm=4.1325 tensors_with_grad=69/72
[train] step 94: T=582 positions=16 loss=0.6656 ce=2.2363 tv=0.4911 conf=0.7596 grad_norm=3.4661 tensors_with_grad=69/72
[train] step 95: T=602 positions=16 loss=0.6969 ce=2.5523 tv=0.4907 conf=0.6875 grad_norm=6.0680 tensors_with_grad=69/72
[train] step 96: T=597 positions=16 loss=0.5976 ce=1.9450 tv=0.4479 conf=0.7310 grad_norm=4.3596 tensors_with_grad=69/72
[train] step 97: T=568 positions=16 loss=0.4014 ce=1.8005 tv=0.2460 conf=0.3703 grad_norm=3.0124 tensors_with_grad=69/72
[train] step 98: T=590 positions=16 loss=0.6976 ce=2.6468 tv=0.4810 conf=0.5285 grad_norm=4.8477 tensors_with_grad=69/72
[train] step 99: T=627 positions=16 loss=0.4847 ce=1.9219 tv=0.3250 conf=0.8852 grad_norm=10.7626 tensors_with_grad=69/72
[train] step 100: T=600 positions=16 loss=0.5048 ce=1.7370 tv=0.3679 conf=0.5459 grad_norm=3.2517 tensors_with_grad=69/72
[train] step 101: T=720 positions=16 loss=0.8829 ce=3.4047 tv=0.6027 conf=0.7091 grad_norm=4.7688 tensors_with_grad=69/72
[train] step 102: T=566 positions=16 loss=0.9299 ce=3.6906 tv=0.6231 conf=0.5354 grad_norm=6.5979 tensors_with_grad=69/72
[train] step 103: T=575 positions=16 loss=0.5201 ce=1.8153 tv=0.3762 conf=0.6988 grad_norm=5.3687 tensors_with_grad=69/72
[train] step 104: T=617 positions=16 loss=0.5276 ce=1.9904 tv=0.3650 conf=0.4819 grad_norm=2.8405 tensors_with_grad=69/72
[train] step 105: T=539 positions=16 loss=0.6135 ce=2.2978 tv=0.4263 conf=0.6068 grad_norm=5.8803 tensors_with_grad=69/72
[train] step 106: T=564 positions=16 loss=0.7039 ce=2.7051 tv=0.4815 conf=0.6084 grad_norm=6.6177 tensors_with_grad=69/72
[train] step 107: T=575 positions=16 loss=0.7117 ce=3.2190 tv=0.4331 conf=0.6288 grad_norm=5.8124 tensors_with_grad=69/72
[train] step 108: T=552 positions=16 loss=0.3978 ce=1.4903 tv=0.2764 conf=0.6579 grad_norm=5.9573 tensors_with_grad=69/72
[train] step 109: T=612 positions=16 loss=0.6895 ce=3.0992 tv=0.4218 conf=0.6104 grad_norm=3.8869 tensors_with_grad=69/72
[train] step 110: T=595 positions=16 loss=0.4480 ce=1.7047 tv=0.3083 conf=0.4134 grad_norm=6.2615 tensors_with_grad=69/72
[train] step 111: T=617 positions=16 loss=0.4163 ce=1.3433 tv=0.3133 conf=0.5546 grad_norm=3.5614 tensors_with_grad=69/72
[train] step 112: T=563 positions=16 loss=0.6364 ce=3.1447 tv=0.3577 conf=0.4411 grad_norm=2.6923 tensors_with_grad=69/72
[train] step 113: T=545 positions=16 loss=0.5608 ce=1.8692 tv=0.4154 conf=0.5416 grad_norm=4.9652 tensors_with_grad=69/72
[train] step 114: T=547 positions=16 loss=0.5406 ce=1.8451 tv=0.3957 conf=0.6144 grad_norm=3.9266 tensors_with_grad=69/72
[train] step 115: T=560 positions=16 loss=0.4739 ce=1.7602 tv=0.3310 conf=0.4814 grad_norm=6.4821 tensors_with_grad=69/72
[train] step 116: T=543 positions=16 loss=0.5155 ce=1.7582 tv=0.3774 conf=0.6340 grad_norm=2.8102 tensors_with_grad=69/72
[train] step 117: T=604 positions=16 loss=0.5801 ce=2.3962 tv=0.3783 conf=0.4327 grad_norm=4.3529 tensors_with_grad=69/72
[train] step 118: T=561 positions=16 loss=0.9582 ce=4.3160 tv=0.5851 conf=0.6348 grad_norm=4.5738 tensors_with_grad=69/72
[train] step 119: T=555 positions=16 loss=0.3274 ce=1.5157 tv=0.1953 conf=0.3376 grad_norm=2.4169 tensors_with_grad=69/72
[train] step 120: T=549 positions=16 loss=0.3948 ce=1.3937 tv=0.2838 conf=0.4383 grad_norm=4.5520 tensors_with_grad=69/72
[train] step 121: T=558 positions=16 loss=0.1730 ce=0.6382 tv=0.1213 conf=0.2492 grad_norm=2.5958 tensors_with_grad=69/72
[train] step 122: T=592 positions=16 loss=0.5363 ce=2.2199 tv=0.3493 conf=0.4743 grad_norm=4.1855 tensors_with_grad=69/72
[train] step 123: T=574 positions=16 loss=0.5925 ce=2.0451 tv=0.4311 conf=0.5826 grad_norm=4.5619 tensors_with_grad=69/72
[train] step 124: T=553 positions=16 loss=0.3796 ce=1.7069 tv=0.2321 conf=0.3840 grad_norm=4.8347 tensors_with_grad=69/72
[train] step 125: T=549 positions=16 loss=0.5892 ce=2.6328 tv=0.3622 conf=0.5925 grad_norm=4.1230 tensors_with_grad=69/72
[train] step 126: T=564 positions=16 loss=0.5465 ce=1.8434 tv=0.4024 conf=0.4486 grad_norm=4.2340 tensors_with_grad=69/72
[train] step 127: T=630 positions=16 loss=1.0403 ce=5.2323 tv=0.5745 conf=0.6104 grad_norm=6.7896 tensors_with_grad=69/72
[train] step 128: T=547 positions=16 loss=0.5647 ce=2.4922 tv=0.3506 conf=0.4007 grad_norm=4.8906 tensors_with_grad=69/72
[train] step 129: T=662 positions=16 loss=0.4073 ce=1.5213 tv=0.2836 conf=0.5200 grad_norm=2.6697 tensors_with_grad=69/72
[train] step 130: T=566 positions=16 loss=0.5984 ce=2.1307 tv=0.4281 conf=0.5523 grad_norm=4.1144 tensors_with_grad=69/72
[train] step 131: T=547 positions=16 loss=0.9754 ce=4.6070 tv=0.5719 conf=0.8036 grad_norm=4.6601 tensors_with_grad=69/72
[train] step 132: T=562 positions=16 loss=0.5371 ce=2.0038 tv=0.3741 conf=0.6440 grad_norm=4.0800 tensors_with_grad=69/72
[train] step 133: T=597 positions=16 loss=0.6623 ce=2.4644 tv=0.4621 conf=0.6531 grad_norm=3.1126 tensors_with_grad=69/72
[train] step 134: T=614 positions=16 loss=0.5137 ce=1.8895 tv=0.3609 conf=0.3783 grad_norm=6.9047 tensors_with_grad=69/72
[train] step 135: T=571 positions=16 loss=0.5153 ce=1.9770 tv=0.3528 conf=0.4516 grad_norm=3.4319 tensors_with_grad=69/72
[train] step 136: T=592 positions=16 loss=0.4706 ce=1.8267 tv=0.3200 conf=0.4557 grad_norm=5.2023 tensors_with_grad=69/72
[train] step 137: T=556 positions=16 loss=0.2665 ce=0.9440 tv=0.1913 conf=0.4961 grad_norm=4.4117 tensors_with_grad=69/72
[train] step 138: T=545 positions=16 loss=0.5878 ce=1.9953 tv=0.4315 conf=0.4921 grad_norm=7.1436 tensors_with_grad=69/72
[train] step 139: T=606 positions=16 loss=0.7858 ce=3.5339 tv=0.4804 conf=0.6956 grad_norm=4.4674 tensors_with_grad=69/72
[train] step 140: T=589 positions=16 loss=0.9637 ce=4.4900 tv=0.5719 conf=0.6089 grad_norm=7.4214 tensors_with_grad=69/72
[train] step 141: T=581 positions=16 loss=0.6088 ce=2.2183 tv=0.4300 conf=0.6181 grad_norm=3.7737 tensors_with_grad=69/72
[train] step 142: T=554 positions=16 loss=0.3593 ce=1.2612 tv=0.2591 conf=0.4788 grad_norm=6.8684 tensors_with_grad=69/72
[train] step 143: T=612 positions=16 loss=0.4619 ce=1.5757 tv=0.3381 conf=0.7063 grad_norm=12.5943 tensors_with_grad=69/72
[train] step 144: T=541 positions=16 loss=0.6655 ce=3.3255 tv=0.3699 conf=0.6822 grad_norm=9.2088 tensors_with_grad=69/72
[train] step 145: T=572 positions=16 loss=0.6466 ce=2.5263 tv=0.4377 conf=0.7071 grad_norm=9.6799 tensors_with_grad=69/72
[train] step 146: T=545 positions=16 loss=0.7954 ce=3.8688 tv=0.4540 conf=0.6370 grad_norm=4.3694 tensors_with_grad=69/72
[train] step 147: T=609 positions=16 loss=0.5529 ce=2.0312 tv=0.3886 conf=0.8976 grad_norm=14.0607 tensors_with_grad=69/72
[train] step 148: T=574 positions=16 loss=0.6742 ce=2.5619 tv=0.4644 conf=0.7461 grad_norm=3.8233 tensors_with_grad=69/72
[train] step 149: T=574 positions=16 loss=0.6017 ce=2.2518 tv=0.4183 conf=0.7420 grad_norm=5.8394 tensors_with_grad=69/72
[train] step 150: T=549 positions=16 loss=0.4433 ce=1.7928 tv=0.2934 conf=0.5979 grad_norm=5.1655 tensors_with_grad=69/72
[train] step 151: T=572 positions=16 loss=0.4302 ce=1.5332 tv=0.3077 conf=0.6802 grad_norm=6.3885 tensors_with_grad=69/72
[train] step 152: T=588 positions=16 loss=0.6418 ce=2.7453 tv=0.4080 conf=0.8495 grad_norm=12.5491 tensors_with_grad=69/72
[train] step 153: T=543 positions=16 loss=0.5277 ce=1.7307 tv=0.3940 conf=1.0129 grad_norm=3.6952 tensors_with_grad=69/72
[train] step 154: T=632 positions=16 loss=0.8311 ce=4.0070 tv=0.4782 conf=0.5060 grad_norm=4.4774 tensors_with_grad=69/72
[train] step 155: T=583 positions=16 loss=0.7228 ce=2.5874 tv=0.5156 conf=0.6532 grad_norm=8.1754 tensors_with_grad=69/72
[train] step 156: T=564 positions=16 loss=0.3428 ce=1.7078 tv=0.1911 conf=0.5897 grad_norm=3.2947 tensors_with_grad=69/72
[train] step 157: T=571 positions=16 loss=0.6793 ce=2.8794 tv=0.4349 conf=0.6489 grad_norm=5.0614 tensors_with_grad=69/72
[train] step 158: T=794 positions=16 loss=0.8889 ce=3.3239 tv=0.6184 conf=1.0685 grad_norm=5.8960 tensors_with_grad=69/72
[train] step 159: T=652 positions=16 loss=0.6352 ce=2.3740 tv=0.4420 conf=0.6883 grad_norm=7.2132 tensors_with_grad=69/72
[train] step 160: T=616 positions=16 loss=0.7259 ce=2.8828 tv=0.4863 conf=0.4577 grad_norm=4.1221 tensors_with_grad=69/72
[train] step 161: T=834 positions=16 loss=0.8488 ce=3.9535 tv=0.5038 conf=0.5188 grad_norm=3.2078 tensors_with_grad=69/72
[train] step 162: T=619 positions=16 loss=0.6398 ce=2.0438 tv=0.4838 conf=0.8554 grad_norm=4.0927 tensors_with_grad=69/72
[train] step 163: T=557 positions=16 loss=0.3529 ce=1.4189 tv=0.2344 conf=0.6026 grad_norm=5.8604 tensors_with_grad=69/72
[train] step 164: T=543 positions=16 loss=0.3268 ce=1.0383 tv=0.2477 conf=0.4903 grad_norm=4.1135 tensors_with_grad=69/72
[train] step 165: T=551 positions=16 loss=0.3879 ce=1.8372 tv=0.2268 conf=0.5254 grad_norm=3.1818 tensors_with_grad=69/72
[train] step 166: T=626 positions=16 loss=0.3896 ce=1.4173 tv=0.2754 conf=0.6482 grad_norm=2.3389 tensors_with_grad=69/72
[train] step 167: T=551 positions=16 loss=0.5694 ce=2.3976 tv=0.3662 conf=0.3976 grad_norm=7.5810 tensors_with_grad=69/72
[train] step 168: T=581 positions=16 loss=0.6714 ce=2.5009 tv=0.4681 conf=0.8245 grad_norm=5.5578 tensors_with_grad=69/72
[train] step 169: T=611 positions=16 loss=0.4938 ce=1.7170 tv=0.3579 conf=0.6393 grad_norm=2.7190 tensors_with_grad=69/72
[train] step 170: T=600 positions=16 loss=0.3083 ce=1.2257 tv=0.2064 conf=0.4631 grad_norm=3.6240 tensors_with_grad=69/72
[train] step 171: T=614 positions=16 loss=0.6225 ce=2.1289 tv=0.4552 conf=0.5526 grad_norm=3.7401 tensors_with_grad=69/72
[train] step 172: T=593 positions=16 loss=0.6094 ce=3.0187 tv=0.3417 conf=0.6676 grad_norm=9.2115 tensors_with_grad=69/72
[train] step 173: T=558 positions=16 loss=0.6746 ce=2.4251 tv=0.4801 conf=0.6613 grad_norm=6.3835 tensors_with_grad=69/72
[train] step 174: T=594 positions=16 loss=0.5411 ce=2.2308 tv=0.3534 conf=0.8485 grad_norm=2.6008 tensors_with_grad=69/72
[train] step 175: T=562 positions=16 loss=0.3813 ce=1.5939 tv=0.2466 conf=0.7153 grad_norm=4.4596 tensors_with_grad=69/72
[train] step 176: T=552 positions=16 loss=0.4882 ce=2.0813 tv=0.3112 conf=0.5573 grad_norm=5.1137 tensors_with_grad=69/72
[train] step 177: T=564 positions=16 loss=0.3907 ce=1.3837 tv=0.2803 conf=0.6914 grad_norm=12.2363 tensors_with_grad=69/72
[train] step 178: T=607 positions=16 loss=0.6218 ce=2.6295 tv=0.3988 conf=0.6905 grad_norm=4.7310 tensors_with_grad=69/72
[train] step 179: T=831 positions=16 loss=0.8140 ce=3.0675 tv=0.5636 conf=0.9548 grad_norm=5.7052 tensors_with_grad=69/72
[train] step 180: T=577 positions=16 loss=0.5489 ce=2.4336 tv=0.3395 conf=0.9841 grad_norm=2.2324 tensors_with_grad=69/72
[train] step 181: T=557 positions=16 loss=0.4905 ce=1.9023 tv=0.3336 conf=0.7502 grad_norm=2.8677 tensors_with_grad=69/72
[train] step 182: T=557 positions=16 loss=0.5876 ce=1.9346 tv=0.4380 conf=0.5763 grad_norm=7.6372 tensors_with_grad=69/72
[train] step 183: T=551 positions=16 loss=0.9986 ce=4.2883 tv=0.6331 conf=0.5322 grad_norm=4.1473 tensors_with_grad=69/72
[train] step 184: T=538 positions=16 loss=0.3481 ce=1.4449 tv=0.2262 conf=0.3549 grad_norm=6.1856 tensors_with_grad=69/72
[train] step 185: T=563 positions=16 loss=0.4687 ce=2.0844 tv=0.2892 conf=0.6304 grad_norm=2.4617 tensors_with_grad=69/72
[train] step 186: T=574 positions=16 loss=0.5621 ce=2.6213 tv=0.3333 conf=0.8048 grad_norm=4.3878 tensors_with_grad=69/72
[train] step 187: T=576 positions=16 loss=0.6674 ce=2.3189 tv=0.4839 conf=0.5721 grad_norm=7.6894 tensors_with_grad=69/72
[train] step 188: T=786 positions=16 loss=0.8238 ce=3.1337 tv=0.5671 conf=0.8739 grad_norm=2.4001 tensors_with_grad=69/72
[train] step 189: T=555 positions=16 loss=0.2950 ce=1.4047 tv=0.1717 conf=0.4743 grad_norm=1.8186 tensors_with_grad=69/72
[train] step 190: T=657 positions=16 loss=0.5921 ce=2.0184 tv=0.4336 conf=0.8938 grad_norm=7.0886 tensors_with_grad=69/72
[train] step 191: T=587 positions=16 loss=0.6931 ce=2.5938 tv=0.4820 conf=0.6665 grad_norm=6.1192 tensors_with_grad=69/72
[train] step 192: T=639 positions=16 loss=0.2793 ce=0.9000 tv=0.2104 conf=0.5464 grad_norm=4.2534 tensors_with_grad=69/72
[train] step 193: T=551 positions=16 loss=0.7022 ce=2.8517 tv=0.4634 conf=0.6015 grad_norm=5.6903 tensors_with_grad=69/72
[train] step 194: T=539 positions=16 loss=0.6314 ce=2.3200 tv=0.4438 conf=0.6103 grad_norm=7.5621 tensors_with_grad=69/72
[train] step 195: T=666 positions=16 loss=0.5328 ce=2.1841 tv=0.3493 conf=0.6293 grad_norm=2.8387 tensors_with_grad=69/72
[train] step 196: T=571 positions=16 loss=0.3536 ce=1.3176 tv=0.2465 conf=0.4730 grad_norm=3.1214 tensors_with_grad=69/72
[train] step 197: T=577 positions=16 loss=0.8256 ce=3.8575 tv=0.4887 conf=0.5723 grad_norm=15.9351 tensors_with_grad=69/72
[train] step 198: T=554 positions=16 loss=0.5735 ce=2.6284 tv=0.3452 conf=0.7021 grad_norm=3.8933 tensors_with_grad=69/72
[train] step 199: T=580 positions=16 loss=0.5530 ce=1.9041 tv=0.4029 conf=1.0203 grad_norm=4.9867 tensors_with_grad=69/72
[train] step 200: T=560 positions=16 loss=0.5464 ce=1.7910 tv=0.4081 conf=1.0497 grad_norm=9.2226 tensors_with_grad=69/72
[train] step 201: T=602 positions=16 loss=0.5398 ce=1.9026 tv=0.3884 conf=1.0708 grad_norm=9.4766 tensors_with_grad=69/72
[train] step 202: T=568 positions=16 loss=0.5321 ce=2.4723 tv=0.3165 conf=0.5195 grad_norm=12.7408 tensors_with_grad=69/72
[train] step 203: T=560 positions=16 loss=0.2452 ce=0.9039 tv=0.1720 conf=0.5744 grad_norm=3.5399 tensors_with_grad=69/72
[train] step 204: T=564 positions=16 loss=0.6342 ce=2.3426 tv=0.4444 conf=0.9630 grad_norm=7.4245 tensors_with_grad=69/72
[train] step 205: T=586 positions=16 loss=0.5146 ce=1.8392 tv=0.3674 conf=0.7156 grad_norm=5.4821 tensors_with_grad=69/72
[train] step 206: T=567 positions=16 loss=0.5528 ce=2.0612 tv=0.3852 conf=0.6832 grad_norm=4.8378 tensors_with_grad=69/72
[train] step 207: T=646 positions=16 loss=0.8702 ce=3.9725 tv=0.5255 conf=0.9259 grad_norm=2.9255 tensors_with_grad=69/72
[train] step 208: T=587 positions=16 loss=0.6284 ce=2.4023 tv=0.4313 conf=0.9576 grad_norm=4.4436 tensors_with_grad=69/72
[train] step 209: T=581 positions=16 loss=0.3350 ce=1.2325 tv=0.2353 conf=0.4865 grad_norm=3.0132 tensors_with_grad=69/72
[train] step 210: T=552 positions=16 loss=0.5679 ce=2.7348 tv=0.3271 conf=0.7439 grad_norm=7.1658 tensors_with_grad=69/72
[train] step 211: T=544 positions=16 loss=0.5635 ce=2.5869 tv=0.3386 conf=0.8003 grad_norm=5.9017 tensors_with_grad=69/72
[train] step 212: T=617 positions=16 loss=0.4833 ce=1.9939 tv=0.3155 conf=0.5145 grad_norm=6.3272 tensors_with_grad=69/72
[train] step 213: T=572 positions=16 loss=0.6581 ce=2.9240 tv=0.4063 conf=0.9997 grad_norm=7.1532 tensors_with_grad=69/72
[train] step 214: T=539 positions=16 loss=0.5449 ce=2.0546 tv=0.3772 conf=0.6819 grad_norm=2.4557 tensors_with_grad=69/72
[train] step 215: T=557 positions=16 loss=0.6103 ce=2.2932 tv=0.4234 conf=0.6508 grad_norm=3.0824 tensors_with_grad=69/72
[train] step 216: T=548 positions=16 loss=0.4105 ce=1.4496 tv=0.2951 conf=0.5454 grad_norm=4.1830 tensors_with_grad=69/72
[train] step 217: T=565 positions=16 loss=0.3222 ce=1.3827 tv=0.2044 conf=0.5208 grad_norm=2.4651 tensors_with_grad=69/72
[train] step 218: T=578 positions=16 loss=0.9077 ce=4.0171 tv=0.5622 conf=0.4665 grad_norm=13.8287 tensors_with_grad=69/72
[train] step 219: T=580 positions=16 loss=0.3851 ce=1.3669 tv=0.2760 conf=0.6542 grad_norm=2.9974 tensors_with_grad=69/72
[train] step 220: T=592 positions=16 loss=0.6499 ce=2.7521 tv=0.4163 conf=0.7935 grad_norm=3.9463 tensors_with_grad=69/72
[train] step 221: T=548 positions=16 loss=0.6424 ce=2.9612 tv=0.3847 conf=0.7465 grad_norm=4.8819 tensors_with_grad=69/72
[train] step 222: T=575 positions=16 loss=0.5436 ce=2.0111 tv=0.3805 conf=0.6755 grad_norm=3.0920 tensors_with_grad=69/72
[train] step 223: T=559 positions=16 loss=0.2209 ce=0.8991 tv=0.1455 conf=0.3497 grad_norm=2.1829 tensors_with_grad=69/72
[train] step 224: T=583 positions=16 loss=0.5242 ce=1.7649 tv=0.3863 conf=0.6142 grad_norm=3.5683 tensors_with_grad=69/72
[train] step 225: T=552 positions=16 loss=0.5754 ce=2.3091 tv=0.3828 conf=0.4677 grad_norm=3.4948 tensors_with_grad=69/72
[train] step 226: T=736 positions=16 loss=0.7092 ce=3.4318 tv=0.4067 conf=0.4465 grad_norm=4.0398 tensors_with_grad=69/72
[train] step 227: T=768 positions=16 loss=0.7579 ce=3.2430 tv=0.4817 conf=0.5084 grad_norm=4.2886 tensors_with_grad=69/72
[train] step 228: T=627 positions=16 loss=0.5617 ce=2.1947 tv=0.3803 conf=0.5750 grad_norm=3.4833 tensors_with_grad=69/72
[train] step 229: T=574 positions=16 loss=0.6964 ce=2.7843 tv=0.4645 conf=0.7341 grad_norm=4.9250 tensors_with_grad=69/72
[train] step 230: T=554 positions=16 loss=0.5444 ce=2.1573 tv=0.3652 conf=0.4929 grad_norm=1.7414 tensors_with_grad=69/72
[train] step 231: T=560 positions=16 loss=0.6034 ce=2.2939 tv=0.4155 conf=0.7258 grad_norm=5.2248 tensors_with_grad=69/72
[train] step 232: T=610 positions=16 loss=0.6912 ce=2.7324 tv=0.4644 conf=0.7866 grad_norm=5.0556 tensors_with_grad=69/72
[train] step 233: T=540 positions=16 loss=0.7643 ce=3.8433 tv=0.4222 conf=0.6853 grad_norm=5.6757 tensors_with_grad=69/72
[train] step 234: T=650 positions=16 loss=0.6928 ce=2.9581 tv=0.4411 conf=0.5880 grad_norm=3.6201 tensors_with_grad=69/72
[train] step 235: T=592 positions=16 loss=0.4659 ce=1.5038 tv=0.3505 conf=0.8245 grad_norm=5.6098 tensors_with_grad=69/72
[train] step 236: T=565 positions=16 loss=0.8086 ce=3.0244 tv=0.5624 conf=1.1037 grad_norm=3.6315 tensors_with_grad=69/72
[train] step 237: T=562 positions=16 loss=0.4112 ce=1.6222 tv=0.2766 conf=0.6505 grad_norm=5.0841 tensors_with_grad=69/72
[train] step 238: T=552 positions=16 loss=0.4448 ce=1.5983 tv=0.3166 conf=0.6511 grad_norm=3.1251 tensors_with_grad=69/72
[train] step 239: T=572 positions=16 loss=0.4480 ce=1.4204 tv=0.3400 conf=0.7399 grad_norm=4.2311 tensors_with_grad=69/72
[train] step 240: T=567 positions=16 loss=0.3732 ce=1.3274 tv=0.2672 conf=0.4351 grad_norm=2.1782 tensors_with_grad=69/72
[train] step 241: T=636 positions=16 loss=0.8454 ce=3.5756 tv=0.5421 conf=0.6556 grad_norm=5.7216 tensors_with_grad=69/72
[train] step 242: T=586 positions=16 loss=0.2544 ce=0.8949 tv=0.1833 conf=0.3539 grad_norm=2.0120 tensors_with_grad=69/72
[train] step 243: T=581 positions=16 loss=0.8739 ce=3.9977 tv=0.5268 conf=0.8328 grad_norm=6.5244 tensors_with_grad=69/72
[train] step 244: T=602 positions=16 loss=0.7202 ce=3.0708 tv=0.4590 conf=0.6513 grad_norm=3.2965 tensors_with_grad=69/72
[train] step 245: T=560 positions=16 loss=0.4170 ce=1.5909 tv=0.2866 conf=0.5972 grad_norm=4.0799 tensors_with_grad=69/72
[train] step 246: T=570 positions=16 loss=0.4166 ce=1.4120 tv=0.3059 conf=0.7780 grad_norm=6.5595 tensors_with_grad=69/72
[train] step 247: T=561 positions=16 loss=0.6188 ce=2.7471 tv=0.3823 conf=0.5369 grad_norm=15.7905 tensors_with_grad=69/72
[train] step 248: T=602 positions=16 loss=0.5875 ce=1.8886 tv=0.4429 conf=0.9846 grad_norm=4.1728 tensors_with_grad=69/72
[train] step 249: T=540 positions=16 loss=0.4697 ce=1.8353 tv=0.3180 conf=0.6548 grad_norm=6.1361 tensors_with_grad=69/72
[train] step 250: T=693 positions=16 loss=0.7166 ce=2.8274 tv=0.4821 conf=0.8197 grad_norm=3.3261 tensors_with_grad=69/72
[train] step 251: T=558 positions=16 loss=0.4002 ce=1.6241 tv=0.2642 conf=0.6322 grad_norm=5.7698 tensors_with_grad=69/72
[train] step 252: T=575 positions=16 loss=0.4388 ce=1.7191 tv=0.2966 conf=0.4960 grad_norm=5.6955 tensors_with_grad=69/72
[train] step 253: T=567 positions=16 loss=0.6359 ce=2.7019 tv=0.4063 conf=0.7648 grad_norm=3.9658 tensors_with_grad=69/72
[train] step 254: T=601 positions=16 loss=0.4867 ce=1.6205 tv=0.3608 conf=0.9138 grad_norm=3.3918 tensors_with_grad=69/72
[train] step 255: T=566 positions=16 loss=0.9815 ce=4.2825 tv=0.6148 conf=0.8715 grad_norm=3.1959 tensors_with_grad=69/72
[train] step 256: T=554 positions=16 loss=0.4979 ce=1.6815 tv=0.3663 conf=0.7694 grad_norm=3.1872 tensors_with_grad=69/72
[train] step 257: T=620 positions=16 loss=0.6203 ce=2.3795 tv=0.4248 conf=0.7526 grad_norm=2.3214 tensors_with_grad=69/72
[train] step 258: T=598 positions=16 loss=0.5837 ce=1.9430 tv=0.4327 conf=0.4881 grad_norm=3.4524 tensors_with_grad=69/72
[train] step 259: T=717 positions=16 loss=0.7292 ce=2.8695 tv=0.4914 conf=0.4736 grad_norm=4.1973 tensors_with_grad=69/72
[train] step 260: T=560 positions=16 loss=0.2868 ce=0.9412 tv=0.2140 conf=0.6450 grad_norm=3.2355 tensors_with_grad=69/72
[train] step 261: T=592 positions=16 loss=0.5553 ce=2.2021 tv=0.3723 conf=0.6911 grad_norm=2.6803 tensors_with_grad=69/72
[train] step 262: T=546 positions=16 loss=0.4792 ce=1.6334 tv=0.3509 conf=0.6981 grad_norm=2.4603 tensors_with_grad=69/72
[train] step 263: T=553 positions=16 loss=0.3648 ce=1.5585 tv=0.2321 conf=0.4982 grad_norm=3.9439 tensors_with_grad=69/72
[train] step 264: T=559 positions=16 loss=0.4063 ce=1.3100 tv=0.3059 conf=0.5123 grad_norm=2.9348 tensors_with_grad=69/72
[train] step 265: T=541 positions=16 loss=0.2696 ce=1.0806 tv=0.1794 conf=0.4226 grad_norm=2.2714 tensors_with_grad=69/72
[train] step 266: T=555 positions=16 loss=0.7557 ce=2.9979 tv=0.5065 conf=0.7164 grad_norm=9.1661 tensors_with_grad=69/72
[train] step 267: T=579 positions=16 loss=0.6604 ce=2.3824 tv=0.4690 conf=0.7071 grad_norm=6.2497 tensors_with_grad=69/72
[train] step 268: T=599 positions=16 loss=0.5141 ce=1.7498 tv=0.3768 conf=0.5521 grad_norm=5.5704 tensors_with_grad=69/72
[train] step 269: T=578 positions=16 loss=0.4926 ce=1.7747 tv=0.3502 conf=0.7614 grad_norm=3.1475 tensors_with_grad=69/72
[train] step 270: T=586 positions=16 loss=0.7842 ce=3.4245 tv=0.4909 conf=0.5952 grad_norm=3.3580 tensors_with_grad=69/72
[train] step 271: T=587 positions=16 loss=0.5043 ce=2.1142 tv=0.3254 conf=0.4704 grad_norm=2.0464 tensors_with_grad=69/72
[train] step 272: T=649 positions=16 loss=0.5721 ce=2.3126 tv=0.3787 conf=0.5808 grad_norm=3.1988 tensors_with_grad=69/72
[train] step 273: T=587 positions=16 loss=0.6515 ce=2.2607 tv=0.4727 conf=0.8603 grad_norm=3.9114 tensors_with_grad=69/72
[train] step 274: T=636 positions=16 loss=0.5861 ce=2.4603 tv=0.3779 conf=0.7587 grad_norm=7.8745 tensors_with_grad=69/72
[train] step 275: T=545 positions=16 loss=0.5181 ce=1.8797 tv=0.3668 conf=0.4935 grad_norm=2.5268 tensors_with_grad=69/72
[train] step 276: T=593 positions=16 loss=0.4987 ce=2.0698 tv=0.3241 conf=0.5238 grad_norm=2.7655 tensors_with_grad=69/72
[train] step 277: T=612 positions=16 loss=0.3434 ce=0.9888 tv=0.2717 conf=0.8009 grad_norm=5.3028 tensors_with_grad=69/72
[train] step 278: T=584 positions=16 loss=0.5190 ce=1.8652 tv=0.3695 conf=0.5911 grad_norm=3.5614 tensors_with_grad=69/72
[train] step 279: T=560 positions=16 loss=0.2888 ce=1.0781 tv=0.2011 conf=0.5531 grad_norm=5.0437 tensors_with_grad=69/72
[train] step 280: T=589 positions=16 loss=0.7216 ce=3.6212 tv=0.3994 conf=0.7947 grad_norm=6.1060 tensors_with_grad=69/72
[train] step 281: T=600 positions=16 loss=0.3834 ce=1.2936 tv=0.2822 conf=0.7127 grad_norm=3.2384 tensors_with_grad=69/72
[train] step 282: T=581 positions=16 loss=0.5118 ce=1.8971 tv=0.3579 conf=0.7832 grad_norm=5.2546 tensors_with_grad=69/72
[train] step 283: T=691 positions=16 loss=0.6456 ce=2.3301 tv=0.4585 conf=0.5665 grad_norm=5.0684 tensors_with_grad=69/72
[train] step 284: T=646 positions=16 loss=0.6808 ce=2.7972 tv=0.4456 conf=0.5964 grad_norm=5.1194 tensors_with_grad=69/72
[train] step 285: T=567 positions=16 loss=0.4802 ce=1.9856 tv=0.3129 conf=0.6900 grad_norm=3.0734 tensors_with_grad=69/72
[train] step 286: T=567 positions=16 loss=0.5367 ce=2.3340 tv=0.3370 conf=0.6155 grad_norm=3.7128 tensors_with_grad=69/72
[train] step 287: T=566 positions=16 loss=0.5661 ce=2.1545 tv=0.3896 conf=0.6109 grad_norm=3.2988 tensors_with_grad=69/72
[train] step 288: T=543 positions=16 loss=0.2516 ce=0.8529 tv=0.1848 conf=0.6171 grad_norm=5.7042 tensors_with_grad=69/72
[train] step 289: T=686 positions=16 loss=0.6965 ce=2.5239 tv=0.4935 conf=0.8668 grad_norm=7.2045 tensors_with_grad=69/72
[train] step 290: T=557 positions=16 loss=0.5980 ce=2.0569 tv=0.4359 conf=0.9040 grad_norm=3.9845 tensors_with_grad=69/72
[train] step 291: T=556 positions=16 loss=0.2304 ce=0.9992 tv=0.1450 conf=0.3639 grad_norm=1.4997 tensors_with_grad=69/72
[train] step 292: T=612 positions=16 loss=0.4024 ce=1.4735 tv=0.2834 conf=0.5356 grad_norm=2.7258 tensors_with_grad=69/72
[train] step 293: T=575 positions=16 loss=0.4971 ce=1.7402 tv=0.3590 conf=0.8935 grad_norm=4.5985 tensors_with_grad=69/72
[train] step 294: T=565 positions=16 loss=0.2256 ce=0.7662 tv=0.1656 conf=0.5631 grad_norm=1.4927 tensors_with_grad=69/72
[train] step 295: T=584 positions=16 loss=0.5961 ce=2.0103 tv=0.4390 conf=0.7678 grad_norm=1.9979 tensors_with_grad=69/72
[train] step 296: T=652 positions=16 loss=0.6532 ce=2.8670 tv=0.4073 conf=0.7416 grad_norm=4.8069 tensors_with_grad=69/72
[train] step 297: T=727 positions=16 loss=0.7564 ce=3.1755 tv=0.4876 conf=0.5197 grad_norm=4.7812 tensors_with_grad=69/72
[train] step 298: T=546 positions=16 loss=0.4676 ce=1.5980 tv=0.3420 conf=0.9388 grad_norm=2.2600 tensors_with_grad=69/72
[train] step 299: T=586 positions=16 loss=0.5357 ce=2.0740 tv=0.3648 conf=0.9466 grad_norm=4.3474 tensors_with_grad=69/72
[train] step 300: T=631 positions=16 loss=0.6206 ce=2.3600 tv=0.4274 conf=0.7331 grad_norm=4.8212 tensors_with_grad=69/72
[train] step 301: T=606 positions=16 loss=0.4727 ce=2.0481 tv=0.2977 conf=0.7165 grad_norm=2.6202 tensors_with_grad=69/72
[train] step 302: T=692 positions=16 loss=0.7160 ce=3.1768 tv=0.4426 conf=0.9463 grad_norm=4.1116 tensors_with_grad=69/72
[train] step 303: T=571 positions=16 loss=0.4900 ce=1.8157 tv=0.3427 conf=0.6994 grad_norm=6.6385 tensors_with_grad=69/72
[train] step 304: T=567 positions=16 loss=0.5808 ce=2.2496 tv=0.3954 conf=0.7102 grad_norm=2.2610 tensors_with_grad=69/72
[train] step 305: T=569 positions=16 loss=0.4055 ce=1.3836 tv=0.2968 conf=0.9987 grad_norm=3.8176 tensors_with_grad=69/72
[train] step 306: T=541 positions=16 loss=0.6205 ce=2.3561 tv=0.4277 conf=0.6690 grad_norm=2.7564 tensors_with_grad=69/72
[train] step 307: T=543 positions=16 loss=0.4409 ce=1.5860 tv=0.3137 conf=0.6674 grad_norm=4.8654 tensors_with_grad=69/72
[train] step 308: T=583 positions=16 loss=0.5563 ce=1.8698 tv=0.4104 conf=0.9631 grad_norm=2.9719 tensors_with_grad=69/72
[train] step 309: T=571 positions=16 loss=0.3565 ce=1.2732 tv=0.2547 conf=0.5724 grad_norm=2.1801 tensors_with_grad=69/72
[train] step 310: T=595 positions=16 loss=0.8110 ce=3.6180 tv=0.4992 conf=1.1696 grad_norm=6.2681 tensors_with_grad=69/72
[train] step 311: T=591 positions=16 loss=0.3566 ce=1.3469 tv=0.2466 conf=0.4795 grad_norm=1.5651 tensors_with_grad=69/72
[train] step 312: T=546 positions=16 loss=0.2822 ce=1.0925 tv=0.1921 conf=0.5285 grad_norm=2.6558 tensors_with_grad=69/72
[train] step 313: T=775 positions=16 loss=0.7851 ce=3.1589 tv=0.5214 conf=0.8038 grad_norm=2.9292 tensors_with_grad=69/72
[train] step 314: T=580 positions=16 loss=0.5627 ce=1.9142 tv=0.4126 conf=1.1072 grad_norm=2.8454 tensors_with_grad=69/72
[train] step 315: T=569 positions=16 loss=0.4972 ce=1.8808 tv=0.3435 conf=0.7652 grad_norm=3.9073 tensors_with_grad=69/72
[train] step 316: T=572 positions=16 loss=0.5356 ce=1.9070 tv=0.3833 conf=0.7189 grad_norm=2.8891 tensors_with_grad=69/72
[train] step 317: T=581 positions=16 loss=0.7368 ce=2.6604 tv=0.5231 conf=0.9187 grad_norm=6.4464 tensors_with_grad=69/72
[train] step 318: T=545 positions=16 loss=0.6512 ce=2.4505 tv=0.4513 conf=0.6522 grad_norm=5.0438 tensors_with_grad=69/72
[train] step 319: T=570 positions=16 loss=0.3045 ce=0.9260 tv=0.2355 conf=0.6718 grad_norm=5.4845 tensors_with_grad=69/72
[train] step 320: T=540 positions=16 loss=0.3274 ce=1.0211 tv=0.2503 conf=0.7296 grad_norm=3.0728 tensors_with_grad=69/72
[train] step 321: T=616 positions=16 loss=0.5186 ce=1.6356 tv=0.3945 conf=0.7891 grad_norm=2.8772 tensors_with_grad=69/72
[train] step 322: T=598 positions=16 loss=0.3435 ce=1.1924 tv=0.2492 conf=0.5589 grad_norm=3.4902 tensors_with_grad=69/72
[train] step 323: T=560 positions=16 loss=0.5320 ce=2.1487 tv=0.3524 conf=0.7182 grad_norm=3.6740 tensors_with_grad=69/72
[train] step 324: T=613 positions=16 loss=0.3982 ce=1.5206 tv=0.2735 conf=0.4598 grad_norm=2.7815 tensors_with_grad=69/72
[train] step 325: T=564 positions=16 loss=0.3189 ce=1.3180 tv=0.2079 conf=0.5330 grad_norm=4.0098 tensors_with_grad=69/72
[train] step 326: T=552 positions=16 loss=0.5407 ce=2.0391 tv=0.3742 conf=0.6136 grad_norm=2.9209 tensors_with_grad=69/72
[train] step 327: T=647 positions=16 loss=0.7900 ce=3.6270 tv=0.4748 conf=0.8265 grad_norm=6.1670 tensors_with_grad=69/72
[train] step 328: T=818 positions=16 loss=0.7918 ce=3.2490 tv=0.5188 conf=0.7662 grad_norm=3.7763 tensors_with_grad=69/72
[train] step 329: T=624 positions=16 loss=0.4042 ce=1.3408 tv=0.3001 conf=0.7630 grad_norm=3.5899 tensors_with_grad=69/72
[train] step 330: T=545 positions=16 loss=0.6495 ce=2.4849 tv=0.4456 conf=0.9513 grad_norm=3.2099 tensors_with_grad=69/72
[train] step 331: T=546 positions=16 loss=0.4250 ce=1.8853 tv=0.2628 conf=0.5607 grad_norm=3.8123 tensors_with_grad=69/72
[train] step 332: T=565 positions=16 loss=0.6520 ce=2.1273 tv=0.4881 conf=0.9826 grad_norm=3.7983 tensors_with_grad=69/72
[train] step 333: T=543 positions=16 loss=0.5481 ce=2.3499 tv=0.3479 conf=0.5793 grad_norm=5.1960 tensors_with_grad=69/72
[train] step 334: T=577 positions=16 loss=0.2998 ce=1.0687 tv=0.2144 conf=0.4959 grad_norm=2.1361 tensors_with_grad=69/72
[train] step 335: T=660 positions=16 loss=0.5948 ce=2.3302 tv=0.4020 conf=0.8799 grad_norm=3.1059 tensors_with_grad=69/72
[train] step 336: T=549 positions=16 loss=0.5934 ce=2.1371 tv=0.4219 conf=0.4908 grad_norm=3.7605 tensors_with_grad=69/72
[train] step 337: T=549 positions=16 loss=0.3931 ce=1.8177 tv=0.2348 conf=0.6416 grad_norm=3.2352 tensors_with_grad=69/72
[train] step 338: T=565 positions=16 loss=0.2615 ce=0.9660 tv=0.1832 conf=0.6890 grad_norm=3.5973 tensors_with_grad=69/72
[train] step 339: T=557 positions=16 loss=0.4914 ce=1.7892 tv=0.3472 conf=0.4824 grad_norm=2.9580 tensors_with_grad=69/72
[train] step 340: T=619 positions=16 loss=0.7400 ce=2.6681 tv=0.5258 conf=0.6216 grad_norm=5.4247 tensors_with_grad=69/72
[train] step 341: T=560 positions=16 loss=0.5637 ce=2.3556 tv=0.3646 conf=0.5043 grad_norm=2.9701 tensors_with_grad=69/72
[train] step 342: T=557 positions=16 loss=0.4043 ce=1.5832 tv=0.2733 conf=0.6186 grad_norm=3.7486 tensors_with_grad=69/72
[train] step 343: T=623 positions=16 loss=0.5603 ce=1.9285 tv=0.4082 conf=0.3910 grad_norm=2.3958 tensors_with_grad=69/72
[train] step 344: T=687 positions=16 loss=0.7575 ce=3.1410 tv=0.4927 conf=0.9417 grad_norm=3.7364 tensors_with_grad=69/72
[train] step 345: T=721 positions=16 loss=0.6033 ce=2.2327 tv=0.4223 conf=0.7420 grad_norm=3.9328 tensors_with_grad=69/72
[train] step 346: T=583 positions=16 loss=0.2651 ce=0.9300 tv=0.1913 conf=0.3588 grad_norm=4.0277 tensors_with_grad=69/72
[train] step 347: T=623 positions=16 loss=0.6425 ce=2.9119 tv=0.3903 conf=0.3654 grad_norm=16.3625 tensors_with_grad=69/72
[train] step 348: T=642 positions=16 loss=0.6397 ce=2.2633 tv=0.4594 conf=0.5335 grad_norm=4.3630 tensors_with_grad=69/72
[train] step 349: T=702 positions=16 loss=0.7637 ce=3.0327 tv=0.5116 conf=0.9039 grad_norm=4.2833 tensors_with_grad=69/72
[train] step 350: T=571 positions=16 loss=0.2717 ce=1.1397 tv=0.1753 conf=0.4699 grad_norm=3.0897 tensors_with_grad=69/72
[train] step 351: T=578 positions=16 loss=0.4099 ce=1.7017 tv=0.2663 conf=0.4416 grad_norm=3.3496 tensors_with_grad=69/72
[train] step 352: T=552 positions=16 loss=0.7245 ce=2.8290 tv=0.4907 conf=0.6270 grad_norm=5.0900 tensors_with_grad=69/72
[train] step 353: T=660 positions=16 loss=0.5309 ce=1.7146 tv=0.3993 conf=0.8385 grad_norm=3.6541 tensors_with_grad=69/72
[train] step 354: T=652 positions=16 loss=0.4355 ce=1.5067 tv=0.3165 conf=0.6634 grad_norm=4.6660 tensors_with_grad=69/72
[train] step 355: T=766 positions=16 loss=0.4040 ce=1.1537 tv=0.3207 conf=0.7524 grad_norm=5.9962 tensors_with_grad=69/72
[train] step 356: T=572 positions=16 loss=0.5000 ce=2.1765 tv=0.3138 conf=0.6461 grad_norm=3.3610 tensors_with_grad=69/72
[train] step 357: T=557 positions=16 loss=0.4525 ce=2.0103 tv=0.2794 conf=0.4432 grad_norm=3.0597 tensors_with_grad=69/72
[train] step 358: T=670 positions=16 loss=0.6182 ce=2.5762 tv=0.4006 conf=0.6299 grad_norm=2.6209 tensors_with_grad=69/72
[train] step 359: T=543 positions=16 loss=0.3597 ce=1.7532 tv=0.2049 conf=0.5728 grad_norm=4.4695 tensors_with_grad=69/72
[train] step 360: T=613 positions=16 loss=0.6586 ce=2.2345 tv=0.4835 conf=0.9268 grad_norm=2.8197 tensors_with_grad=69/72
[train] step 361: T=755 positions=16 loss=0.8923 ce=3.9349 tv=0.5543 conf=0.6874 grad_norm=5.7863 tensors_with_grad=69/72
[train] step 362: T=584 positions=16 loss=0.3743 ce=1.6210 tv=0.2358 conf=0.6186 grad_norm=2.5205 tensors_with_grad=69/72
[train] step 363: T=591 positions=16 loss=0.5452 ce=2.2925 tv=0.3511 conf=0.8226 grad_norm=3.3997 tensors_with_grad=69/72
[train] step 364: T=606 positions=16 loss=0.4742 ce=1.5580 tv=0.3537 conf=0.6144 grad_norm=4.3366 tensors_with_grad=69/72
[train] step 365: T=577 positions=16 loss=0.5039 ce=1.8097 tv=0.3589 conf=0.6397 grad_norm=2.6184 tensors_with_grad=69/72
[train] step 366: T=590 positions=16 loss=0.3776 ce=1.8932 tv=0.2092 conf=0.4654 grad_norm=4.3498 tensors_with_grad=69/72
[train] step 367: T=595 positions=16 loss=0.8113 ce=3.2751 tv=0.5375 conf=0.7172 grad_norm=3.9502 tensors_with_grad=69/72
[train] step 368: T=727 positions=16 loss=0.5021 ce=1.9575 tv=0.3404 conf=0.7453 grad_norm=3.3331 tensors_with_grad=69/72
[train] step 369: T=617 positions=16 loss=0.5378 ce=2.1932 tv=0.3539 conf=0.5543 grad_norm=2.7984 tensors_with_grad=69/72
[train] step 370: T=547 positions=16 loss=0.3984 ce=1.8267 tv=0.2397 conf=0.5822 grad_norm=2.6677 tensors_with_grad=69/72
[train] step 371: T=549 positions=16 loss=0.5579 ce=2.0101 tv=0.3965 conf=0.5064 grad_norm=2.6284 tensors_with_grad=69/72
[train] step 372: T=596 positions=16 loss=0.3586 ce=1.7488 tv=0.2041 conf=0.4001 grad_norm=1.9315 tensors_with_grad=69/72
[train] step 373: T=567 positions=16 loss=0.2599 ce=0.9420 tv=0.1842 conf=0.7730 grad_norm=3.4029 tensors_with_grad=69/72
[train] step 374: T=576 positions=16 loss=0.5202 ce=2.4714 tv=0.3034 conf=0.5043 grad_norm=8.1767 tensors_with_grad=69/72
[train] step 375: T=592 positions=16 loss=0.4833 ce=1.7660 tv=0.3407 conf=0.7927 grad_norm=4.1791 tensors_with_grad=69/72
[train] step 376: T=560 positions=16 loss=0.4626 ce=1.7529 tv=0.3193 conf=0.7725 grad_norm=2.9699 tensors_with_grad=69/72
[train] step 377: T=563 positions=16 loss=0.4696 ce=1.8319 tv=0.3183 conf=0.6427 grad_norm=6.2612 tensors_with_grad=69/72
[train] step 378: T=609 positions=16 loss=0.6271 ce=2.2674 tv=0.4448 conf=0.5653 grad_norm=2.6719 tensors_with_grad=69/72
[train] step 379: T=597 positions=16 loss=0.5462 ce=2.4054 tv=0.3397 conf=0.7582 grad_norm=3.5153 tensors_with_grad=69/72
[train] step 380: T=569 positions=16 loss=0.4196 ce=1.7716 tv=0.2694 conf=0.7895 grad_norm=2.6880 tensors_with_grad=69/72
[train] step 381: T=596 positions=16 loss=0.5942 ce=2.2204 tv=0.4135 conf=0.7043 grad_norm=2.8071 tensors_with_grad=69/72
[train] step 382: T=550 positions=16 loss=0.5341 ce=2.0121 tv=0.3698 conf=0.7771 grad_norm=2.6950 tensors_with_grad=69/72
[train] step 383: T=547 positions=16 loss=0.5532 ce=1.9682 tv=0.3960 conf=0.8897 grad_norm=3.1460 tensors_with_grad=69/72
[train] step 384: T=567 positions=16 loss=0.9159 ce=3.8491 tv=0.5900 conf=0.4859 grad_norm=5.3844 tensors_with_grad=69/72
[train] step 385: T=556 positions=16 loss=0.5052 ce=1.8674 tv=0.3539 conf=0.7017 grad_norm=5.9928 tensors_with_grad=69/72
[train] step 386: T=629 positions=16 loss=0.5830 ce=2.5583 tv=0.3635 conf=0.5776 grad_norm=2.0950 tensors_with_grad=69/72
[train] step 387: T=596 positions=16 loss=0.3862 ce=1.6732 tv=0.2432 conf=0.5176 grad_norm=3.8858 tensors_with_grad=69/72
[train] step 388: T=605 positions=16 loss=0.6850 ce=2.7046 tv=0.4606 conf=0.5205 grad_norm=6.1539 tensors_with_grad=69/72
[train] step 389: T=611 positions=16 loss=0.5652 ce=2.6082 tv=0.3382 conf=0.5223 grad_norm=2.6858 tensors_with_grad=69/72
[train] step 390: T=586 positions=16 loss=0.6732 ce=2.5886 tv=0.4604 conf=0.5705 grad_norm=3.7210 tensors_with_grad=69/72
[train] step 391: T=619 positions=16 loss=0.4349 ce=1.4024 tv=0.3274 conf=0.6774 grad_norm=2.3861 tensors_with_grad=69/72
[train] step 392: T=593 positions=16 loss=0.5188 ce=1.8144 tv=0.3748 conf=0.9763 grad_norm=2.5678 tensors_with_grad=69/72
[train] step 393: T=555 positions=16 loss=0.2219 ce=0.9073 tv=0.1457 conf=0.4250 grad_norm=2.4107 tensors_with_grad=69/72
[train] step 394: T=600 positions=16 loss=0.5713 ce=2.1332 tv=0.3978 conf=0.8474 grad_norm=3.7282 tensors_with_grad=69/72
[train] step 395: T=702 positions=16 loss=0.7630 ce=3.1243 tv=0.5006 conf=0.6975 grad_norm=3.0734 tensors_with_grad=69/72
[train] step 396: T=571 positions=16 loss=0.3619 ce=1.4647 tv=0.2393 conf=0.4996 grad_norm=3.1680 tensors_with_grad=69/72
[train] step 397: T=557 positions=16 loss=0.5435 ce=1.9675 tv=0.3852 conf=0.7354 grad_norm=6.0054 tensors_with_grad=69/72
[train] step 398: T=563 positions=16 loss=0.7138 ce=2.9002 tv=0.4709 conf=0.7554 grad_norm=4.5069 tensors_with_grad=69/72
[train] step 399: T=564 positions=16 loss=0.4324 ce=1.8198 tv=0.2782 conf=0.5439 grad_norm=4.9794 tensors_with_grad=69/72
[train] step 400: T=551 positions=16 loss=0.4152 ce=1.4520 tv=0.3000 conf=0.7309 grad_norm=3.1714 tensors_with_grad=69/72
[train] step 401: T=611 positions=16 loss=0.5002 ce=2.1358 tv=0.3184 conf=0.4423 grad_norm=2.8058 tensors_with_grad=69/72
[train] step 402: T=700 positions=16 loss=0.6958 ce=3.1013 tv=0.4285 conf=0.5239 grad_norm=5.1120 tensors_with_grad=69/72
[train] step 403: T=559 positions=16 loss=0.6447 ce=2.9163 tv=0.3924 conf=0.7353 grad_norm=4.3299 tensors_with_grad=69/72
[train] step 404: T=638 positions=16 loss=0.3022 ce=1.1468 tv=0.2083 conf=0.3951 grad_norm=1.8777 tensors_with_grad=69/72
[train] step 405: T=564 positions=16 loss=0.7905 ce=3.1638 tv=0.5268 conf=0.6206 grad_norm=3.0472 tensors_with_grad=69/72
[train] step 406: T=557 positions=16 loss=0.6270 ce=2.4659 tv=0.4227 conf=0.4923 grad_norm=3.3005 tensors_with_grad=69/72
[train] step 407: T=574 positions=16 loss=0.2254 ce=0.6990 tv=0.1728 conf=0.6160 grad_norm=2.8166 tensors_with_grad=69/72
[train] step 408: T=566 positions=16 loss=0.3736 ce=1.3529 tv=0.2648 conf=0.6599 grad_norm=5.7960 tensors_with_grad=69/72
[train] step 409: T=594 positions=16 loss=0.4916 ce=1.7093 tv=0.3563 conf=0.8120 grad_norm=3.0115 tensors_with_grad=69/72
[train] step 410: T=569 positions=16 loss=0.3987 ce=1.3503 tv=0.2929 conf=0.5384 grad_norm=3.2262 tensors_with_grad=69/72
[train] step 411: T=551 positions=16 loss=0.3979 ce=1.2108 tv=0.3076 conf=1.0442 grad_norm=4.5561 tensors_with_grad=69/72
[train] step 412: T=555 positions=16 loss=0.3509 ce=1.3988 tv=0.2345 conf=0.5306 grad_norm=3.5784 tensors_with_grad=69/72
[train] step 413: T=545 positions=16 loss=0.5987 ce=2.0622 tv=0.4361 conf=0.6014 grad_norm=3.3470 tensors_with_grad=69/72
[train] step 414: T=582 positions=16 loss=0.4203 ce=1.4001 tv=0.3115 conf=0.7465 grad_norm=2.6237 tensors_with_grad=69/72
[train] step 415: T=555 positions=16 loss=0.4682 ce=1.6157 tv=0.3407 conf=0.6975 grad_norm=4.7359 tensors_with_grad=69/72
[train] step 416: T=610 positions=16 loss=0.6067 ce=2.3144 tv=0.4170 conf=0.9496 grad_norm=4.5095 tensors_with_grad=69/72
[train] step 417: T=552 positions=16 loss=0.3416 ce=1.4635 tv=0.2169 conf=0.5222 grad_norm=2.7505 tensors_with_grad=69/72
[train] step 418: T=568 positions=16 loss=0.6902 ce=2.8570 tv=0.4495 conf=0.6062 grad_norm=2.5170 tensors_with_grad=69/72
[train] step 419: T=574 positions=16 loss=0.6993 ce=2.6098 tv=0.4870 conf=0.5082 grad_norm=4.8262 tensors_with_grad=69/72
[train] step 420: T=600 positions=16 loss=0.5014 ce=1.7446 tv=0.3633 conf=0.7961 grad_norm=5.5046 tensors_with_grad=69/72
[train] step 421: T=542 positions=16 loss=0.2784 ce=1.0793 tv=0.1894 conf=0.4639 grad_norm=2.9375 tensors_with_grad=69/72
[train] step 422: T=570 positions=16 loss=0.6215 ce=2.5370 tv=0.4086 conf=0.4044 grad_norm=6.9352 tensors_with_grad=69/72
[train] step 423: T=614 positions=16 loss=0.5687 ce=2.1965 tv=0.3878 conf=0.8954 grad_norm=5.8224 tensors_with_grad=69/72
[train] step 424: T=802 positions=16 loss=0.8449 ce=3.7774 tv=0.5190 conf=0.8728 grad_norm=3.3491 tensors_with_grad=69/72
[train] step 425: T=586 positions=16 loss=0.4616 ce=1.5931 tv=0.3359 conf=0.5340 grad_norm=4.2161 tensors_with_grad=69/72
[train] step 426: T=611 positions=16 loss=0.5584 ce=2.3702 tv=0.3571 conf=0.7310 grad_norm=4.7126 tensors_with_grad=69/72
[train] step 427: T=568 positions=16 loss=0.5181 ce=1.8402 tv=0.3712 conf=0.8330 grad_norm=4.0632 tensors_with_grad=69/72
[train] step 428: T=550 positions=16 loss=0.2834 ce=1.3041 tv=0.1700 conf=0.1589 grad_norm=1.4130 tensors_with_grad=69/72
[train] step 429: T=589 positions=16 loss=0.4621 ce=1.6291 tv=0.3324 conf=0.7217 grad_norm=6.8467 tensors_with_grad=69/72
[train] step 430: T=658 positions=16 loss=0.6303 ce=2.0997 tv=0.4670 conf=0.7848 grad_norm=6.4501 tensors_with_grad=69/72
[train] step 431: T=570 positions=16 loss=0.5490 ce=2.2306 tv=0.3622 conf=0.4781 grad_norm=5.2325 tensors_with_grad=69/72
[train] step 432: T=558 positions=16 loss=0.5996 ce=2.7592 tv=0.3597 conf=0.8287 grad_norm=4.1780 tensors_with_grad=69/72
[train] step 433: T=584 positions=16 loss=0.3251 ce=1.1506 tv=0.2334 conf=0.8371 grad_norm=2.4904 tensors_with_grad=69/72
[train] step 434: T=554 positions=16 loss=0.4912 ce=1.6290 tv=0.3647 conf=0.8447 grad_norm=4.1957 tensors_with_grad=69/72
[train] step 435: T=569 positions=16 loss=0.6221 ce=2.6106 tv=0.4012 conf=0.7388 grad_norm=2.4572 tensors_with_grad=69/72
[train] step 436: T=552 positions=16 loss=0.5076 ce=1.8130 tv=0.3626 conf=0.4945 grad_norm=4.5980 tensors_with_grad=69/72
[train] step 437: T=656 positions=16 loss=0.8049 ce=3.3201 tv=0.5255 conf=0.9128 grad_norm=9.3076 tensors_with_grad=69/72
[train] step 438: T=586 positions=16 loss=0.7218 ce=3.0580 tv=0.4622 conf=0.9196 grad_norm=4.1149 tensors_with_grad=69/72
[train] step 439: T=544 positions=16 loss=0.4328 ce=1.4454 tv=0.3202 conf=0.7102 grad_norm=2.6336 tensors_with_grad=69/72
[train] step 440: T=597 positions=16 loss=0.3907 ce=1.8088 tv=0.2332 conf=0.7352 grad_norm=2.7325 tensors_with_grad=69/72
[train] step 441: T=554 positions=16 loss=0.6278 ce=2.2332 tv=0.4494 conf=0.9343 grad_norm=3.3551 tensors_with_grad=69/72
[train] step 442: T=601 positions=16 loss=0.3769 ce=1.0822 tv=0.2985 conf=0.9687 grad_norm=3.1742 tensors_with_grad=69/72
[train] step 443: T=553 positions=16 loss=0.4668 ce=1.5909 tv=0.3419 conf=0.6097 grad_norm=2.2455 tensors_with_grad=69/72
[train] step 444: T=572 positions=16 loss=0.3967 ce=1.4060 tv=0.2846 conf=0.8624 grad_norm=4.5585 tensors_with_grad=69/72
[train] step 445: T=603 positions=16 loss=0.4869 ce=1.7624 tv=0.3452 conf=0.7200 grad_norm=7.5465 tensors_with_grad=69/72
[train] step 446: T=556 positions=16 loss=0.4855 ce=2.1191 tv=0.3040 conf=0.5967 grad_norm=9.3954 tensors_with_grad=69/72
[train] step 447: T=588 positions=16 loss=0.7089 ce=3.3980 tv=0.4101 conf=0.6072 grad_norm=5.4346 tensors_with_grad=69/72
[train] step 448: T=785 positions=16 loss=0.7385 ce=2.6355 tv=0.5278 conf=0.7045 grad_norm=3.0147 tensors_with_grad=69/72
[train] step 449: T=556 positions=16 loss=0.8589 ce=4.0699 tv=0.5021 conf=0.7725 grad_norm=7.8077 tensors_with_grad=69/72
[train] step 450: T=609 positions=16 loss=0.3226 ce=1.4122 tv=0.2015 conf=0.4507 grad_norm=1.9061 tensors_with_grad=69/72
[train] step 451: T=579 positions=16 loss=0.5137 ce=1.8950 tv=0.3602 conf=0.5509 grad_norm=4.7653 tensors_with_grad=69/72
[train] step 452: T=624 positions=16 loss=0.7686 ce=3.2126 tv=0.4971 conf=0.6929 grad_norm=6.7810 tensors_with_grad=69/72
[train] step 453: T=589 positions=16 loss=0.4262 ce=1.5550 tv=0.3007 conf=0.6825 grad_norm=5.0245 tensors_with_grad=69/72
[train] step 454: T=543 positions=16 loss=0.6092 ce=2.6337 tv=0.3842 conf=0.4365 grad_norm=3.2422 tensors_with_grad=69/72
[train] step 455: T=591 positions=16 loss=0.3104 ce=0.8927 tv=0.2457 conf=0.4406 grad_norm=2.1760 tensors_with_grad=69/72
[train] step 456: T=608 positions=16 loss=0.6383 ce=2.5014 tv=0.4313 conf=1.1186 grad_norm=6.4256 tensors_with_grad=69/72
[train] step 457: T=545 positions=16 loss=0.3974 ce=1.8766 tv=0.2331 conf=0.5583 grad_norm=3.0071 tensors_with_grad=69/72
[train] step 458: T=563 positions=16 loss=0.2445 ce=0.6008 tv=0.2049 conf=0.4673 grad_norm=4.4545 tensors_with_grad=69/72
[train] step 459: T=617 positions=16 loss=0.3889 ce=1.6725 tv=0.2462 conf=0.4594 grad_norm=2.5079 tensors_with_grad=69/72
[train] step 460: T=559 positions=16 loss=0.6383 ce=2.5277 tv=0.4284 conf=0.5840 grad_norm=2.6057 tensors_with_grad=69/72
[train] step 461: T=712 positions=16 loss=0.7201 ce=2.7850 tv=0.4906 conf=1.0162 grad_norm=2.4559 tensors_with_grad=69/72
[train] step 462: T=582 positions=16 loss=0.6636 ce=2.5597 tv=0.4529 conf=0.8638 grad_norm=3.6736 tensors_with_grad=69/72
[train] step 463: T=550 positions=16 loss=0.3918 ce=1.4349 tv=0.2759 conf=0.5587 grad_norm=6.3508 tensors_with_grad=69/72
[train] step 464: T=560 positions=16 loss=0.7346 ce=2.7769 tv=0.5077 conf=0.7615 grad_norm=3.7608 tensors_with_grad=69/72
[train] step 465: T=571 positions=16 loss=0.2596 ce=0.9658 tv=0.1811 conf=0.6439 grad_norm=3.1387 tensors_with_grad=69/72
[train] step 466: T=558 positions=16 loss=0.5521 ce=2.0400 tv=0.3867 conf=0.5191 grad_norm=3.7911 tensors_with_grad=69/72
[train] step 467: T=572 positions=16 loss=0.7386 ce=2.8198 tv=0.5074 conf=0.6660 grad_norm=4.4460 tensors_with_grad=69/72
[diag] draft-argmax == TARGET-argmax : 59.5%  | == ground-truth token: 58.4%
[diag] mean top-1 prob  target 0.883  draft 0.728   (TV near 1 with a PEAKED draft => misalignment; with a FLAT draft => genuine)
[train] saved 72 trained tensors -> /cap/s1/c0/trained/mtp_trained.safetensors
[train] saved AdamW state -> /cap/s1/c0/trained/opt_state.pt (needed for --resume to be equivalent to one continuous run)
[train] metrics -> /cap/s1/c0/train_metrics.json  (loss 0.8384 -> 0.7386, tail mean 0.5404)
[train] TRAIN OK
