[train] device=cuda torch=2.10.0
  loading model-00046-of-00048.safetensors ...
  loading model-00047-of-00048.safetensors ...
  loading model-00048-of-00048.safetensors ...
  dequantised 1512 tensors, 12.60 B params, 23.5 GiB bf16
[train] weights ready in 11.8s
[train] trainable 517.3 M in 72 tensors | frozen experts 12.08 B
[train] capture: 472 sample(s)
[Gloo] Rank 0 is connected to 0 peer ranks. Expected number of connected peer ranks is : 0
[train] ModelArgs: n_mtp=3 block=6 taps=[40, 41, 42] markov_rank=256
[train] built 3 DSparkBlock(s) on meta
[train] re-materialised freqs_cis on 3 attention module(s) (persistent=False buffers are NOT in state_dict and to_empty() zapped them)
[train] load_state_dict: 0 missing, 0 unexpected
[train] GATE1 model construction OK
[train] aux: embed.weight(129280, 4096), head.weight(129280, 4096)
[train] trainable tensors in graph: 72 / 517.3 M
[train] lr schedule: linear warmup 23 step(s) -> cosine over 472 session step(s), peak 5e-05; this chunk is steps 0..471
/work/train/train_head.py:115: UserWarning: Converting a tensor with requires_grad=True to a scalar may lead to unexpected behavior.
Consider using tensor.detach() first. (Triggered internally at /opt/pytorch/torch/csrc/autograd/generated/python_variable_methods.cpp:836.)
  parts = {"ce": float((w * ce).sum()), "tv": float((w * tv).sum()), "conf": 0.0}
[train] step 0: T=540 positions=16 loss=2.4208 ce=2.6432 tv=0.4197 conf=0.4374 grad_norm=18.9838 tensors_with_grad=69/72
[train] step 1: T=1011 positions=16 loss=5.4782 ce=6.0069 tv=0.7198 conf=0.6949 grad_norm=65.5638 tensors_with_grad=69/72
[train] step 2: T=568 positions=16 loss=6.4005 ce=7.0382 tv=0.6613 conf=0.9840 grad_norm=140.3566 tensors_with_grad=69/72
[train] step 3: T=621 positions=16 loss=2.7047 ce=2.9463 tv=0.5299 conf=0.6754 grad_norm=27.9193 tensors_with_grad=69/72
[train] step 4: T=542 positions=16 loss=1.9964 ce=2.1737 tv=0.4008 conf=0.6222 grad_norm=42.9596 tensors_with_grad=69/72
[train] step 5: T=608 positions=16 loss=5.5047 ce=6.0439 tv=0.6517 conf=0.9118 grad_norm=54.1806 tensors_with_grad=69/72
[train] step 6: T=532 positions=16 loss=0.8365 ce=0.8984 tv=0.2789 conf=0.4634 grad_norm=22.6924 tensors_with_grad=69/72
[train] step 7: T=674 positions=16 loss=4.5686 ce=4.9963 tv=0.7198 conf=0.4745 grad_norm=32.5086 tensors_with_grad=69/72
[train] step 8: T=595 positions=16 loss=3.9581 ce=4.3320 tv=0.5927 conf=0.8035 grad_norm=48.9526 tensors_with_grad=69/72
[train] step 9: T=672 positions=16 loss=1.8200 ce=1.9909 tv=0.2818 conf=0.4295 grad_norm=32.1153 tensors_with_grad=69/72
[train] step 10: T=531 positions=16 loss=2.8692 ce=3.1372 tv=0.4570 conf=0.5215 grad_norm=50.8949 tensors_with_grad=69/72
[train] step 11: T=672 positions=16 loss=4.2599 ce=4.6522 tv=0.7296 conf=0.5637 grad_norm=50.2729 tensors_with_grad=69/72
[train] step 12: T=608 positions=16 loss=4.4824 ce=4.9057 tv=0.6725 conf=0.7370 grad_norm=41.0358 tensors_with_grad=69/72
[train] step 13: T=529 positions=16 loss=6.5222 ce=7.1659 tv=0.7284 conf=0.6852 grad_norm=41.0889 tensors_with_grad=69/72
[train] step 14: T=672 positions=16 loss=6.7956 ce=7.4950 tv=0.5008 conf=1.1184 grad_norm=45.4697 tensors_with_grad=69/72
[train] step 15: T=561 positions=16 loss=4.2917 ce=4.6926 tv=0.6839 conf=0.6300 grad_norm=79.0097 tensors_with_grad=69/72
[train] step 16: T=557 positions=16 loss=3.0482 ce=3.3191 tv=0.6102 conf=0.6965 grad_norm=48.1704 tensors_with_grad=69/72
[train] step 17: T=672 positions=16 loss=2.8187 ce=3.0706 tv=0.5523 conf=0.6022 grad_norm=32.0453 tensors_with_grad=69/72
[train] step 18: T=527 positions=16 loss=4.6854 ce=5.1301 tv=0.6834 conf=0.7616 grad_norm=28.3030 tensors_with_grad=69/72
[train] step 19: T=540 positions=16 loss=2.5644 ce=2.7770 tv=0.6518 conf=0.5670 grad_norm=34.4590 tensors_with_grad=69/72
[train] step 20: T=676 positions=16 loss=4.1394 ce=4.5223 tv=0.6939 conf=0.4993 grad_norm=29.3611 tensors_with_grad=69/72
[train] step 21: T=540 positions=16 loss=3.0368 ce=3.3077 tv=0.5991 conf=0.5684 grad_norm=28.4899 tensors_with_grad=69/72
[train] step 22: T=954 positions=16 loss=5.3968 ce=5.9202 tv=0.6862 conf=0.4880 grad_norm=41.6376 tensors_with_grad=69/72
[train] step 23: T=532 positions=16 loss=1.8097 ce=1.9584 tv=0.4715 conf=0.6955 grad_norm=18.8092 tensors_with_grad=69/72
[train] step 24: T=532 positions=16 loss=3.0170 ce=3.3150 tv=0.3350 conf=0.7683 grad_norm=33.4618 tensors_with_grad=69/72
[train] step 25: T=606 positions=16 loss=3.8622 ce=4.2210 tv=0.6336 conf=0.7564 grad_norm=39.4897 tensors_with_grad=69/72
[train] step 26: T=532 positions=16 loss=2.2868 ce=2.4742 tv=0.5999 conf=0.7371 grad_norm=21.2964 tensors_with_grad=69/72
[train] step 27: T=545 positions=16 loss=5.1897 ce=5.6920 tv=0.6692 conf=0.5900 grad_norm=32.1220 tensors_with_grad=69/72
[train] step 28: T=534 positions=16 loss=4.8087 ce=5.2659 tv=0.6941 conf=0.6055 grad_norm=20.5534 tensors_with_grad=69/72
[train] step 29: T=672 positions=16 loss=3.8311 ce=4.1752 tv=0.7338 conf=0.5308 grad_norm=19.2222 tensors_with_grad=69/72
[train] step 30: T=535 positions=16 loss=2.6747 ce=2.9304 tv=0.3741 conf=0.6776 grad_norm=35.2726 tensors_with_grad=69/72
[train] step 31: T=672 positions=16 loss=3.6546 ce=3.9838 tv=0.6914 conf=0.6314 grad_norm=34.1977 tensors_with_grad=69/72
[train] step 32: T=599 positions=16 loss=2.6705 ce=2.9126 tv=0.4913 conf=0.7055 grad_norm=23.7728 tensors_with_grad=69/72
[train] step 33: T=672 positions=16 loss=1.9749 ce=2.1495 tv=0.4038 conf=0.5611 grad_norm=21.1669 tensors_with_grad=69/72
[train] step 34: T=672 positions=16 loss=4.0498 ce=4.4435 tv=0.5062 conf=0.8168 grad_norm=28.9717 tensors_with_grad=69/72
[train] step 35: T=542 positions=16 loss=2.8445 ce=3.1029 tv=0.5189 conf=0.8084 grad_norm=20.5598 tensors_with_grad=69/72
[train] step 36: T=597 positions=16 loss=1.5693 ce=1.7210 tv=0.2038 conf=0.5469 grad_norm=14.5036 tensors_with_grad=69/72
[train] step 37: T=524 positions=16 loss=3.6352 ce=3.9628 tv=0.6871 conf=0.5874 grad_norm=22.6083 tensors_with_grad=69/72
[train] step 38: T=546 positions=16 loss=1.4987 ce=1.6274 tv=0.3402 conf=0.5508 grad_norm=16.2445 tensors_with_grad=69/72
[train] step 39: T=613 positions=16 loss=1.7208 ce=1.8662 tv=0.4123 conf=0.8183 grad_norm=68.0049 tensors_with_grad=69/72
[train] step 40: T=557 positions=16 loss=3.8333 ce=4.1837 tv=0.6795 conf=0.5351 grad_norm=27.1072 tensors_with_grad=69/72
[train] step 41: T=528 positions=16 loss=1.3945 ce=1.5050 tv=0.4002 conf=0.6441 grad_norm=23.3756 tensors_with_grad=69/72
[train] step 42: T=595 positions=16 loss=4.4703 ce=4.8941 tv=0.6561 conf=0.5637 grad_norm=33.3716 tensors_with_grad=69/72
[train] step 43: T=555 positions=16 loss=2.0357 ce=2.2335 tv=0.2562 conf=0.6759 grad_norm=19.4452 tensors_with_grad=69/72
[train] step 44: T=538 positions=16 loss=1.1475 ce=1.2518 tv=0.2087 conf=0.7666 grad_norm=15.5449 tensors_with_grad=69/72
[train] step 45: T=611 positions=16 loss=2.5885 ce=2.8183 tv=0.5195 conf=0.6030 grad_norm=12.4199 tensors_with_grad=69/72
[train] step 46: T=538 positions=16 loss=3.1758 ce=3.4495 tv=0.7128 conf=0.5793 grad_norm=17.7520 tensors_with_grad=69/72
[train] step 47: T=538 positions=16 loss=2.9200 ce=3.1792 tv=0.5874 conf=0.6294 grad_norm=21.2249 tensors_with_grad=69/72
[train] step 48: T=618 positions=16 loss=3.8263 ce=4.1857 tv=0.5917 conf=0.6697 grad_norm=21.9777 tensors_with_grad=69/72
[train] step 49: T=656 positions=16 loss=2.9526 ce=3.2117 tv=0.6211 conf=0.7524 grad_norm=15.9381 tensors_with_grad=69/72
[train] step 50: T=538 positions=16 loss=1.1009 ce=1.1903 tv=0.2957 conf=0.5967 grad_norm=17.9866 tensors_with_grad=69/72
[train] step 51: T=531 positions=16 loss=1.4438 ce=1.5823 tv=0.1976 conf=0.5694 grad_norm=18.4932 tensors_with_grad=69/72
[train] step 52: T=1559 positions=16 loss=3.9055 ce=4.2818 tv=0.5187 conf=0.5788 grad_norm=19.7202 tensors_with_grad=69/72
[train] step 53: T=674 positions=16 loss=3.5489 ce=3.8730 tv=0.6322 conf=0.5128 grad_norm=19.4457 tensors_with_grad=69/72
[train] step 54: T=601 positions=16 loss=1.9306 ce=2.1018 tv=0.3900 conf=0.6180 grad_norm=14.6702 tensors_with_grad=69/72
[train] step 55: T=573 positions=16 loss=3.3418 ce=3.6432 tv=0.6295 conf=0.6121 grad_norm=16.8688 tensors_with_grad=69/72
[train] step 56: T=553 positions=16 loss=1.5054 ce=1.6421 tv=0.2754 conf=0.5932 grad_norm=13.8435 tensors_with_grad=69/72
[train] step 57: T=1795 positions=16 loss=4.2985 ce=4.7009 tv=0.6766 conf=0.5613 grad_norm=15.7382 tensors_with_grad=69/72
[train] step 58: T=535 positions=16 loss=1.6539 ce=1.7903 tv=0.4263 conf=0.7631 grad_norm=12.1549 tensors_with_grad=69/72
[train] step 59: T=541 positions=16 loss=0.9549 ce=1.0387 tv=0.2010 conf=0.5162 grad_norm=18.3232 tensors_with_grad=69/72
[train] step 60: T=674 positions=16 loss=3.3444 ce=3.6425 tv=0.6617 conf=0.5504 grad_norm=30.4655 tensors_with_grad=69/72
[train] step 61: T=673 positions=16 loss=4.0074 ce=4.3769 tv=0.6818 conf=0.7673 grad_norm=23.7310 tensors_with_grad=69/72
[train] step 62: T=541 positions=16 loss=2.7357 ce=2.9806 tv=0.5320 conf=0.6994 grad_norm=13.9642 tensors_with_grad=69/72
[train] step 63: T=578 positions=16 loss=1.6558 ce=1.7964 tv=0.3901 conf=1.0896 grad_norm=35.8071 tensors_with_grad=69/72
[train] step 64: T=659 positions=16 loss=2.9831 ce=3.2525 tv=0.5578 conf=0.5288 grad_norm=20.9885 tensors_with_grad=69/72
[train] step 65: T=636 positions=16 loss=3.0134 ce=3.2770 tv=0.6418 conf=0.7689 grad_norm=21.6267 tensors_with_grad=69/72
[train] step 66: T=580 positions=16 loss=1.8720 ce=2.0506 tv=0.2645 conf=0.7100 grad_norm=15.1262 tensors_with_grad=69/72
[train] step 67: T=540 positions=16 loss=0.4391 ce=0.4673 tv=0.1852 conf=0.3563 grad_norm=18.3650 tensors_with_grad=69/72
[train] step 68: T=1036 positions=16 loss=4.2575 ce=4.6641 tv=0.5982 conf=0.4980 grad_norm=24.4240 tensors_with_grad=69/72
[train] step 69: T=574 positions=16 loss=4.4984 ce=4.9255 tv=0.6547 conf=0.5902 grad_norm=26.6527 tensors_with_grad=69/72
[train] step 70: T=585 positions=16 loss=1.6505 ce=1.8031 tv=0.2771 conf=0.7003 grad_norm=12.7611 tensors_with_grad=69/72
[train] step 71: T=548 positions=16 loss=2.6681 ce=2.9141 tv=0.4541 conf=0.8147 grad_norm=20.1925 tensors_with_grad=69/72
[train] step 72: T=654 positions=16 loss=3.0098 ce=3.2775 tv=0.6004 conf=0.6953 grad_norm=24.5325 tensors_with_grad=69/72
[train] step 73: T=545 positions=16 loss=2.0683 ce=2.2507 tv=0.4271 conf=0.7840 grad_norm=13.3739 tensors_with_grad=69/72
[train] step 74: T=675 positions=16 loss=2.2709 ce=2.4792 tv=0.3970 conf=0.5614 grad_norm=21.8990 tensors_with_grad=69/72
[train] step 75: T=580 positions=16 loss=4.3470 ce=4.7615 tv=0.6173 conf=0.8678 grad_norm=47.9774 tensors_with_grad=69/72
[train] step 76: T=602 positions=16 loss=1.8181 ce=1.9721 tv=0.4325 conf=0.6227 grad_norm=14.8184 tensors_with_grad=69/72
[train] step 77: T=535 positions=16 loss=3.0526 ce=3.3252 tv=0.5994 conf=0.8347 grad_norm=22.5228 tensors_with_grad=69/72
[train] step 78: T=621 positions=16 loss=2.3477 ce=2.5645 tv=0.3968 conf=0.6166 grad_norm=36.0320 tensors_with_grad=69/72
[train] step 79: T=540 positions=16 loss=1.3500 ce=1.4779 tv=0.1993 conf=0.6329 grad_norm=16.4901 tensors_with_grad=69/72
[train] step 80: T=1795 positions=16 loss=3.7844 ce=4.1370 tv=0.6112 conf=0.5932 grad_norm=30.0476 tensors_with_grad=69/72
[train] step 81: T=621 positions=16 loss=2.0918 ce=2.2793 tv=0.4044 conf=0.4754 grad_norm=17.1476 tensors_with_grad=69/72
[train] step 82: T=530 positions=16 loss=2.6955 ce=2.9423 tv=0.4746 conf=0.8333 grad_norm=16.6748 tensors_with_grad=69/72
[train] step 83: T=529 positions=16 loss=3.7798 ce=4.1363 tv=0.5711 conf=0.7790 grad_norm=26.8538 tensors_with_grad=69/72
[train] step 84: T=535 positions=16 loss=3.4515 ce=3.7632 tv=0.6468 conf=0.5097 grad_norm=17.2832 tensors_with_grad=69/72
[train] step 85: T=672 positions=16 loss=3.9342 ce=4.2953 tv=0.6839 conf=0.5391 grad_norm=27.6653 tensors_with_grad=69/72
[train] step 86: T=544 positions=16 loss=2.2728 ce=2.4736 tv=0.4650 conf=0.6311 grad_norm=18.9200 tensors_with_grad=69/72
[train] step 87: T=625 positions=16 loss=0.6275 ce=0.6660 tv=0.2807 conf=0.6539 grad_norm=12.1448 tensors_with_grad=69/72
[train] step 88: T=901 positions=16 loss=3.4347 ce=3.7532 tv=0.5683 conf=0.7520 grad_norm=31.8286 tensors_with_grad=69/72
[train] step 89: T=542 positions=16 loss=1.1480 ce=1.2350 tv=0.3647 conf=0.8342 grad_norm=15.5215 tensors_with_grad=69/72
[train] step 90: T=532 positions=16 loss=3.1296 ce=3.4208 tv=0.5088 conf=0.6066 grad_norm=33.4378 tensors_with_grad=69/72
[train] step 91: T=542 positions=16 loss=1.6075 ce=1.7555 tv=0.2764 conf=0.4009 grad_norm=14.4424 tensors_with_grad=69/72
[train] step 92: T=672 positions=16 loss=4.1870 ce=4.5703 tv=0.7365 conf=0.6208 grad_norm=31.6108 tensors_with_grad=69/72
[train] step 93: T=609 positions=16 loss=1.7684 ce=1.9120 tv=0.4766 conf=0.7964 grad_norm=13.6568 tensors_with_grad=69/72
[train] step 94: T=544 positions=16 loss=0.7812 ce=0.8365 tv=0.2831 conf=0.9479 grad_norm=10.7431 tensors_with_grad=69/72
[train] step 95: T=648 positions=16 loss=0.9070 ce=0.9821 tv=0.2306 conf=0.8211 grad_norm=17.4124 tensors_with_grad=69/72
[train] step 96: T=677 positions=16 loss=2.4851 ce=2.7034 tv=0.5208 conf=0.9639 grad_norm=19.8588 tensors_with_grad=69/72
[train] step 97: T=529 positions=16 loss=5.7083 ce=6.2614 tv=0.7302 conf=1.2063 grad_norm=58.5884 tensors_with_grad=69/72
[train] step 98: T=676 positions=16 loss=1.1843 ce=1.2931 tv=0.2052 conf=0.4955 grad_norm=17.1598 tensors_with_grad=69/72
[train] step 99: T=530 positions=16 loss=3.3619 ce=3.6555 tv=0.7195 conf=0.9129 grad_norm=26.7122 tensors_with_grad=69/72
[train] step 100: T=532 positions=16 loss=0.8111 ce=0.8663 tv=0.3146 conf=1.0216 grad_norm=16.3618 tensors_with_grad=69/72
[train] step 101: T=621 positions=16 loss=1.2692 ce=1.3813 tv=0.2598 conf=0.7099 grad_norm=23.6698 tensors_with_grad=69/72
[train] step 102: T=629 positions=16 loss=2.4028 ce=2.6096 tv=0.5410 conf=0.6694 grad_norm=30.6554 tensors_with_grad=69/72
[train] step 103: T=611 positions=16 loss=0.8710 ce=0.9489 tv=0.1705 conf=0.6300 grad_norm=12.9569 tensors_with_grad=69/72
[train] step 104: T=540 positions=16 loss=2.6325 ce=2.8866 tv=0.3451 conf=0.7198 grad_norm=32.3776 tensors_with_grad=69/72
[train] step 105: T=677 positions=16 loss=1.7608 ce=1.9223 tv=0.3077 conf=0.5039 grad_norm=16.2558 tensors_with_grad=69/72
[train] step 106: T=538 positions=16 loss=0.3455 ce=0.3657 tv=0.1643 conf=0.2912 grad_norm=19.7795 tensors_with_grad=69/72
[train] step 107: T=1718 positions=16 loss=3.4156 ce=3.7329 tv=0.5600 conf=0.6230 grad_norm=18.2840 tensors_with_grad=69/72
[train] step 108: T=540 positions=16 loss=4.7359 ce=5.1866 tv=0.6797 conf=0.7311 grad_norm=31.5195 tensors_with_grad=69/72
[train] step 109: T=524 positions=16 loss=3.5819 ce=3.9155 tv=0.5800 conf=0.7231 grad_norm=34.0304 tensors_with_grad=69/72
[train] step 110: T=672 positions=16 loss=3.4082 ce=3.7208 tv=0.5955 conf=0.4066 grad_norm=14.3930 tensors_with_grad=69/72
[train] step 111: T=526 positions=16 loss=0.9892 ce=1.0693 tv=0.2686 conf=0.5681 grad_norm=22.2259 tensors_with_grad=69/72
[train] step 112: T=539 positions=16 loss=1.1038 ce=1.1954 tv=0.2797 conf=0.5190 grad_norm=17.5359 tensors_with_grad=69/72
[train] step 113: T=1573 positions=16 loss=3.1964 ce=3.4944 tv=0.5139 conf=0.5901 grad_norm=13.2848 tensors_with_grad=69/72
[train] step 114: T=642 positions=16 loss=2.5083 ce=2.7261 tv=0.5481 conf=0.8021 grad_norm=13.9991 tensors_with_grad=69/72
[train] step 115: T=674 positions=16 loss=1.0010 ce=1.0859 tv=0.2367 conf=0.6178 grad_norm=12.9645 tensors_with_grad=69/72
[train] step 116: T=554 positions=16 loss=0.8728 ce=0.9444 tv=0.2280 conf=0.4692 grad_norm=11.9391 tensors_with_grad=69/72
[train] step 117: T=1185 positions=16 loss=3.6373 ce=3.9750 tv=0.5976 conf=0.7581 grad_norm=20.7185 tensors_with_grad=69/72
[train] step 118: T=598 positions=16 loss=2.2750 ce=2.4793 tv=0.4355 conf=1.1946 grad_norm=21.6136 tensors_with_grad=69/72
[train] step 119: T=531 positions=16 loss=2.5917 ce=2.8371 tv=0.3836 conf=0.8216 grad_norm=38.9011 tensors_with_grad=69/72
[train] step 120: T=982 positions=16 loss=3.2727 ce=3.5776 tv=0.5288 conf=0.9826 grad_norm=15.9551 tensors_with_grad=69/72
[train] step 121: T=529 positions=16 loss=2.3530 ce=2.5561 tv=0.5251 conf=1.2330 grad_norm=15.9863 tensors_with_grad=69/72
[train] step 122: T=629 positions=16 loss=2.2511 ce=2.4402 tv=0.5490 conf=0.9058 grad_norm=17.3716 tensors_with_grad=69/72
[train] step 123: T=526 positions=16 loss=2.7965 ce=3.0480 tv=0.5334 conf=0.6660 grad_norm=28.1728 tensors_with_grad=69/72
[train] step 124: T=618 positions=16 loss=1.5868 ce=1.7324 tv=0.2759 conf=0.8526 grad_norm=15.6507 tensors_with_grad=69/72
[train] step 125: T=534 positions=16 loss=1.8768 ce=2.0318 tv=0.4820 conf=1.1560 grad_norm=15.9806 tensors_with_grad=69/72
[train] step 126: T=535 positions=16 loss=1.5803 ce=1.7194 tv=0.3281 conf=0.5961 grad_norm=20.0945 tensors_with_grad=69/72
[train] step 127: T=567 positions=16 loss=3.5860 ce=3.9188 tv=0.5907 conf=0.9866 grad_norm=15.5539 tensors_with_grad=69/72
[train] step 128: T=1430 positions=16 loss=3.9624 ce=4.3317 tv=0.6385 conf=0.6072 grad_norm=21.2297 tensors_with_grad=69/72
[train] step 129: T=672 positions=16 loss=2.6375 ce=2.8737 tv=0.5116 conf=1.0181 grad_norm=24.1972 tensors_with_grad=69/72
[train] step 130: T=1798 positions=16 loss=5.1259 ce=5.6230 tv=0.6521 conf=0.6568 grad_norm=30.9022 tensors_with_grad=69/72
[train] step 131: T=611 positions=16 loss=1.6938 ce=1.8378 tv=0.3978 conf=0.7691 grad_norm=15.4179 tensors_with_grad=69/72
[train] step 132: T=667 positions=16 loss=5.8245 ce=6.3967 tv=0.6753 conf=0.8855 grad_norm=50.0044 tensors_with_grad=69/72
[train] step 133: T=655 positions=16 loss=2.5510 ce=2.7841 tv=0.4539 conf=0.5928 grad_norm=25.8651 tensors_with_grad=69/72
[train] step 134: T=1303 positions=16 loss=3.7858 ce=4.1481 tv=0.5247 conf=0.4253 grad_norm=24.5628 tensors_with_grad=69/72
[train] step 135: T=532 positions=16 loss=1.9396 ce=2.1085 tv=0.4196 conf=0.8020 grad_norm=22.9357 tensors_with_grad=69/72
[train] step 136: T=605 positions=16 loss=2.8287 ce=3.0910 tv=0.4684 conf=0.6696 grad_norm=13.5867 tensors_with_grad=69/72
[train] step 137: T=661 positions=16 loss=2.5049 ce=2.7160 tv=0.6053 conf=0.7505 grad_norm=15.4031 tensors_with_grad=69/72
[train] step 138: T=618 positions=16 loss=2.2545 ce=2.4596 tv=0.4088 conf=0.9697 grad_norm=23.2694 tensors_with_grad=69/72
[train] step 139: T=596 positions=16 loss=1.3872 ce=1.5012 tv=0.3618 conf=0.7015 grad_norm=38.9478 tensors_with_grad=69/72
[train] step 140: T=584 positions=16 loss=1.1978 ce=1.3094 tv=0.1935 conf=0.7008 grad_norm=14.0578 tensors_with_grad=69/72
[train] step 141: T=534 positions=16 loss=2.8244 ce=3.0700 tv=0.6141 conf=1.0447 grad_norm=16.0298 tensors_with_grad=69/72
[train] step 142: T=552 positions=16 loss=2.0971 ce=2.3105 tv=0.1765 conf=0.5289 grad_norm=8.6779 tensors_with_grad=69/72
[train] step 143: T=616 positions=16 loss=0.8242 ce=0.8869 tv=0.2607 conf=0.7810 grad_norm=13.5568 tensors_with_grad=69/72
[train] step 144: T=673 positions=16 loss=2.4144 ce=2.6211 tv=0.5540 conf=0.9186 grad_norm=18.6042 tensors_with_grad=69/72
[train] step 145: T=536 positions=16 loss=0.4218 ce=0.4585 tv=0.0919 conf=0.2753 grad_norm=4.6134 tensors_with_grad=69/72
[train] step 146: T=607 positions=16 loss=2.8027 ce=3.0664 tv=0.4286 conf=0.8553 grad_norm=34.6984 tensors_with_grad=69/72
[train] step 147: T=633 positions=16 loss=2.1015 ce=2.2812 tv=0.4840 conf=0.8232 grad_norm=13.1530 tensors_with_grad=69/72
[train] step 148: T=675 positions=16 loss=2.0970 ce=2.2703 tv=0.5371 conf=1.0874 grad_norm=15.4975 tensors_with_grad=69/72
[train] step 149: T=599 positions=16 loss=1.4208 ce=1.5498 tv=0.2601 conf=0.3128 grad_norm=16.5835 tensors_with_grad=69/72
[train] step 150: T=1014 positions=16 loss=2.8949 ce=3.1556 tv=0.5490 conf=0.6144 grad_norm=16.8587 tensors_with_grad=69/72
[train] step 151: T=532 positions=16 loss=1.7404 ce=1.8958 tv=0.3418 conf=0.5518 grad_norm=16.5829 tensors_with_grad=69/72
[train] step 152: T=553 positions=16 loss=0.8378 ce=0.9043 tv=0.2400 conf=0.5121 grad_norm=9.5168 tensors_with_grad=69/72
[train] step 153: T=529 positions=16 loss=2.5480 ce=2.7791 tv=0.4682 conf=0.7840 grad_norm=19.9455 tensors_with_grad=69/72
[train] step 154: T=584 positions=16 loss=1.5177 ce=1.6473 tv=0.3504 conf=0.6750 grad_norm=10.1124 tensors_with_grad=69/72
[train] step 155: T=572 positions=16 loss=2.7194 ce=2.9594 tv=0.5593 conf=0.8735 grad_norm=17.1114 tensors_with_grad=69/72
[train] step 156: T=542 positions=16 loss=1.4510 ce=1.5680 tv=0.3980 conf=0.6635 grad_norm=20.1401 tensors_with_grad=69/72
[train] step 157: T=533 positions=16 loss=2.0965 ce=2.2852 tv=0.3986 conf=0.6763 grad_norm=21.7050 tensors_with_grad=69/72
[train] step 158: T=545 positions=16 loss=2.2798 ce=2.4965 tv=0.3293 conf=0.6923 grad_norm=27.8869 tensors_with_grad=69/72
[train] step 159: T=534 positions=16 loss=1.8997 ce=2.0535 tv=0.5158 conf=0.8665 grad_norm=19.7335 tensors_with_grad=69/72
[train] step 160: T=539 positions=16 loss=1.2782 ce=1.3889 tv=0.2819 conf=0.6810 grad_norm=17.2595 tensors_with_grad=69/72
[train] step 161: T=540 positions=16 loss=0.8504 ce=0.9163 tv=0.2569 conf=0.5569 grad_norm=9.1752 tensors_with_grad=69/72
[train] step 162: T=567 positions=16 loss=1.9459 ce=2.1248 tv=0.3363 conf=0.4371 grad_norm=15.7755 tensors_with_grad=69/72
[train] step 163: T=603 positions=16 loss=0.5967 ce=0.6405 tv=0.2026 conf=0.7286 grad_norm=27.3568 tensors_with_grad=69/72
[train] step 164: T=675 positions=16 loss=2.4886 ce=2.7146 tv=0.4548 conf=0.7863 grad_norm=31.3257 tensors_with_grad=69/72
[train] step 165: T=585 positions=16 loss=2.2659 ce=2.4672 tv=0.4538 conf=0.7070 grad_norm=15.3552 tensors_with_grad=69/72
[train] step 166: T=672 positions=16 loss=2.8756 ce=3.1233 tv=0.6468 conf=1.1596 grad_norm=12.1580 tensors_with_grad=69/72
[train] step 167: T=1107 positions=16 loss=3.0546 ce=3.3471 tv=0.4218 conf=0.5145 grad_norm=26.7416 tensors_with_grad=69/72
[train] step 168: T=625 positions=16 loss=2.1667 ce=2.3661 tv=0.3716 conf=0.7415 grad_norm=35.3654 tensors_with_grad=69/72
[train] step 169: T=569 positions=16 loss=2.6744 ce=2.9115 tv=0.5405 conf=0.8070 grad_norm=17.7096 tensors_with_grad=69/72
[train] step 170: T=539 positions=16 loss=1.0939 ce=1.1827 tv=0.2941 conf=0.6544 grad_norm=21.0289 tensors_with_grad=69/72
[train] step 171: T=537 positions=16 loss=1.7927 ce=1.9516 tv=0.3630 conf=0.6552 grad_norm=12.5977 tensors_with_grad=69/72
[train] step 172: T=552 positions=16 loss=2.9922 ce=3.2832 tv=0.3732 conf=0.8540 grad_norm=20.6349 tensors_with_grad=69/72
[train] step 173: T=1793 positions=16 loss=4.6525 ce=5.1002 tv=0.6236 conf=0.8829 grad_norm=22.3534 tensors_with_grad=69/72
[train] step 174: T=649 positions=16 loss=2.5043 ce=2.7185 tv=0.5763 conf=1.0000 grad_norm=13.6948 tensors_with_grad=69/72
[train] step 175: T=542 positions=16 loss=0.8900 ce=0.9630 tv=0.2338 conf=0.6210 grad_norm=18.0624 tensors_with_grad=69/72
[train] step 176: T=672 positions=16 loss=3.4222 ce=3.7244 tv=0.7024 conf=0.8575 grad_norm=16.2490 tensors_with_grad=69/72
[train] step 177: T=537 positions=16 loss=3.5415 ce=3.8739 tv=0.5496 conf=0.6658 grad_norm=45.1645 tensors_with_grad=69/72
[train] step 178: T=532 positions=16 loss=0.9747 ce=1.0639 tv=0.1718 conf=0.5584 grad_norm=14.7789 tensors_with_grad=69/72
[train] step 179: T=546 positions=16 loss=1.5622 ce=1.7030 tv=0.2954 conf=0.7294 grad_norm=20.2427 tensors_with_grad=69/72
[train] step 180: T=531 positions=16 loss=2.7232 ce=2.9615 tv=0.5787 conf=1.0703 grad_norm=17.2778 tensors_with_grad=69/72
[train] step 181: T=542 positions=16 loss=2.7961 ce=3.0435 tv=0.5694 conf=0.9187 grad_norm=19.4759 tensors_with_grad=69/72
[train] step 182: T=558 positions=16 loss=1.4231 ce=1.5374 tv=0.3946 conf=0.7092 grad_norm=15.6442 tensors_with_grad=69/72
[train] step 183: T=576 positions=16 loss=3.5143 ce=3.8423 tv=0.5621 conf=0.8310 grad_norm=21.7920 tensors_with_grad=69/72
[train] step 184: T=631 positions=16 loss=1.3305 ce=1.4462 tv=0.2891 conf=0.6213 grad_norm=34.9253 tensors_with_grad=69/72
[train] step 185: T=551 positions=16 loss=2.1765 ce=2.3774 tv=0.3682 conf=1.1717 grad_norm=13.0823 tensors_with_grad=69/72
[train] step 186: T=529 positions=16 loss=1.9540 ce=2.1218 tv=0.4443 conf=0.6915 grad_norm=15.6941 tensors_with_grad=69/72
[train] step 187: T=658 positions=16 loss=1.3400 ce=1.4492 tv=0.3569 conf=0.8488 grad_norm=20.1460 tensors_with_grad=69/72
[train] step 188: T=600 positions=16 loss=2.9710 ce=3.2309 tv=0.6323 conf=0.7826 grad_norm=19.5066 tensors_with_grad=69/72
[train] step 189: T=630 positions=16 loss=1.2334 ce=1.3386 tv=0.2865 conf=0.6597 grad_norm=15.9365 tensors_with_grad=69/72
[train] step 190: T=623 positions=16 loss=2.0692 ce=2.2396 tv=0.5359 conf=0.8590 grad_norm=12.6880 tensors_with_grad=69/72
[train] step 191: T=975 positions=16 loss=4.0193 ce=4.3961 tv=0.6282 conf=0.6542 grad_norm=29.6335 tensors_with_grad=69/72
[train] step 192: T=581 positions=16 loss=1.1331 ce=1.2252 tv=0.3047 conf=0.7280 grad_norm=45.2161 tensors_with_grad=69/72
[train] step 193: T=529 positions=16 loss=3.8479 ce=4.1991 tv=0.6865 conf=0.6914 grad_norm=16.3149 tensors_with_grad=69/72
[train] step 194: T=672 positions=16 loss=2.3552 ce=2.5702 tv=0.4198 conf=0.6216 grad_norm=15.9884 tensors_with_grad=69/72
[train] step 195: T=1048 positions=16 loss=2.6708 ce=2.9174 tv=0.4513 conf=0.4877 grad_norm=10.0134 tensors_with_grad=69/72
[train] step 196: T=675 positions=16 loss=1.7283 ce=1.8727 tv=0.4288 conf=0.7744 grad_norm=19.2732 tensors_with_grad=69/72
[train] step 197: T=673 positions=16 loss=3.0757 ce=3.3588 tv=0.5285 conf=0.6521 grad_norm=32.2634 tensors_with_grad=69/72
[train] step 198: T=1340 positions=16 loss=3.1969 ce=3.4935 tv=0.5280 conf=0.9362 grad_norm=18.2835 tensors_with_grad=69/72
[train] step 199: T=539 positions=16 loss=3.2300 ce=3.5236 tv=0.5873 conf=0.7486 grad_norm=34.4298 tensors_with_grad=69/72
[train] step 200: T=546 positions=16 loss=2.3646 ce=2.5769 tv=0.4538 conf=0.9616 grad_norm=16.4541 tensors_with_grad=69/72
[train] step 201: T=673 positions=16 loss=2.8002 ce=3.0394 tv=0.6474 conf=0.6904 grad_norm=14.8063 tensors_with_grad=69/72
[train] step 202: T=528 positions=16 loss=0.8917 ce=0.9707 tv=0.1804 conf=0.3500 grad_norm=12.0648 tensors_with_grad=69/72
[train] step 203: T=560 positions=16 loss=2.1013 ce=2.2894 tv=0.4081 conf=0.8322 grad_norm=13.4057 tensors_with_grad=69/72
[train] step 204: T=549 positions=16 loss=3.2209 ce=3.5122 tv=0.5993 conf=0.8239 grad_norm=22.5079 tensors_with_grad=69/72
[train] step 205: T=546 positions=16 loss=1.9046 ce=2.0650 tv=0.4606 conf=0.5134 grad_norm=15.9438 tensors_with_grad=69/72
[train] step 206: T=528 positions=16 loss=2.4167 ce=2.6232 tv=0.5583 conf=0.7402 grad_norm=14.3131 tensors_with_grad=69/72
[train] step 207: T=672 positions=16 loss=3.4977 ce=3.8114 tv=0.6747 conf=0.7942 grad_norm=22.2702 tensors_with_grad=69/72
[train] step 208: T=620 positions=16 loss=2.5244 ce=2.7497 tv=0.4966 conf=0.8788 grad_norm=13.7331 tensors_with_grad=69/72
[train] step 209: T=537 positions=16 loss=0.2477 ce=0.2613 tv=0.1255 conf=0.4610 grad_norm=7.7545 tensors_with_grad=69/72
[train] step 210: T=590 positions=16 loss=1.3771 ce=1.4928 tv=0.3355 conf=0.9918 grad_norm=19.9383 tensors_with_grad=69/72
[train] step 211: T=877 positions=16 loss=2.9020 ce=3.1640 tv=0.5439 conf=0.6220 grad_norm=16.0331 tensors_with_grad=69/72
[train] step 212: T=1794 positions=16 loss=3.5663 ce=3.8927 tv=0.6290 conf=0.9839 grad_norm=20.1288 tensors_with_grad=69/72
[train] step 213: T=663 positions=16 loss=2.4713 ce=2.6818 tv=0.5769 conf=1.0708 grad_norm=12.8597 tensors_with_grad=69/72
[train] step 214: T=536 positions=16 loss=1.4972 ce=1.6290 tv=0.3104 conf=0.6874 grad_norm=20.9066 tensors_with_grad=69/72
[train] step 215: T=536 positions=16 loss=1.9384 ce=2.1060 tv=0.4301 conf=0.9403 grad_norm=16.2444 tensors_with_grad=69/72
[train] step 216: T=672 positions=16 loss=3.0925 ce=3.3810 tv=0.4957 conf=0.8612 grad_norm=18.3416 tensors_with_grad=69/72
[train] step 217: T=673 positions=16 loss=2.4772 ce=2.6920 tv=0.5434 conf=0.9552 grad_norm=15.7107 tensors_with_grad=69/72
[train] step 218: T=1355 positions=16 loss=4.9228 ce=5.4088 tv=0.5489 conf=0.5422 grad_norm=22.6583 tensors_with_grad=69/72
[train] step 219: T=528 positions=16 loss=2.9369 ce=3.1933 tv=0.6298 conf=0.8723 grad_norm=20.1816 tensors_with_grad=69/72
[train] step 220: T=526 positions=16 loss=1.7428 ce=1.8867 tv=0.4483 conf=0.8786 grad_norm=15.9564 tensors_with_grad=69/72
[train] step 221: T=674 positions=16 loss=2.4022 ce=2.6267 tv=0.3817 conf=0.6792 grad_norm=18.4322 tensors_with_grad=69/72
[train] step 222: T=534 positions=16 loss=1.9780 ce=2.1557 tv=0.3794 conf=1.0135 grad_norm=16.7476 tensors_with_grad=69/72
[train] step 223: T=561 positions=16 loss=0.8993 ce=0.9724 tv=0.2407 conf=0.7475 grad_norm=14.4547 tensors_with_grad=69/72
[train] step 224: T=630 positions=16 loss=2.7151 ce=2.9589 tv=0.5209 conf=0.7021 grad_norm=11.5676 tensors_with_grad=69/72
[train] step 225: T=672 positions=16 loss=3.2155 ce=3.5039 tv=0.6196 conf=0.8643 grad_norm=12.5456 tensors_with_grad=69/72
[train] step 226: T=605 positions=16 loss=1.9098 ce=2.0655 tv=0.5084 conf=1.0260 grad_norm=15.0953 tensors_with_grad=69/72
[train] step 227: T=525 positions=16 loss=2.0919 ce=2.2685 tv=0.5023 conf=0.9228 grad_norm=16.0432 tensors_with_grad=69/72
[train] step 228: T=672 positions=16 loss=2.6276 ce=2.8537 tv=0.5925 conf=0.9772 grad_norm=17.0138 tensors_with_grad=69/72
[train] step 229: T=539 positions=16 loss=1.8971 ce=2.0543 tv=0.4823 conf=0.9767 grad_norm=9.8209 tensors_with_grad=69/72
[train] step 230: T=672 positions=16 loss=3.2179 ce=3.5010 tv=0.6695 conf=0.6494 grad_norm=12.1198 tensors_with_grad=69/72
[train] step 231: T=584 positions=16 loss=1.3636 ce=1.4842 tv=0.2780 conf=0.8397 grad_norm=25.0317 tensors_with_grad=69/72
[train] step 232: T=529 positions=16 loss=1.5158 ce=1.6436 tv=0.3654 conf=0.7908 grad_norm=26.0120 tensors_with_grad=69/72
[train] step 233: T=528 positions=16 loss=2.3723 ce=2.5835 tv=0.4713 conf=0.8844 grad_norm=40.8555 tensors_with_grad=69/72
[train] step 234: T=1023 positions=16 loss=2.8249 ce=3.0759 tv=0.5659 conf=0.9554 grad_norm=15.8524 tensors_with_grad=69/72
[train] step 235: T=569 positions=16 loss=1.5877 ce=1.7246 tv=0.3550 conf=0.8883 grad_norm=10.9515 tensors_with_grad=69/72
[train] step 236: T=605 positions=16 loss=1.3734 ce=1.5055 tv=0.1841 conf=0.5153 grad_norm=16.8461 tensors_with_grad=69/72
[train] step 237: T=524 positions=16 loss=3.1783 ce=3.4593 tv=0.6493 conf=1.0602 grad_norm=19.9749 tensors_with_grad=69/72
[train] step 238: T=565 positions=16 loss=2.2863 ce=2.5018 tv=0.3465 conf=0.5543 grad_norm=17.8505 tensors_with_grad=69/72
[train] step 239: T=672 positions=16 loss=2.4233 ce=2.6368 tv=0.5018 conf=0.5798 grad_norm=11.8325 tensors_with_grad=69/72
[train] step 240: T=673 positions=16 loss=3.1122 ce=3.3879 tv=0.6307 conf=0.7289 grad_norm=12.3430 tensors_with_grad=69/72
[train] step 241: T=1797 positions=16 loss=3.0467 ce=3.3253 tv=0.5397 conf=0.9722 grad_norm=21.6961 tensors_with_grad=69/72
[train] step 242: T=529 positions=16 loss=2.6010 ce=2.8272 tv=0.5656 conf=1.0163 grad_norm=13.0932 tensors_with_grad=69/72
[train] step 243: T=534 positions=16 loss=0.9679 ce=1.0516 tv=0.2145 conf=0.8549 grad_norm=12.4791 tensors_with_grad=69/72
[train] step 244: T=526 positions=16 loss=2.0918 ce=2.2745 tv=0.4484 conf=0.6818 grad_norm=22.7630 tensors_with_grad=69/72
[train] step 245: T=525 positions=16 loss=1.2653 ce=1.3719 tv=0.3062 conf=0.6230 grad_norm=14.3177 tensors_with_grad=69/72
[train] step 246: T=588 positions=16 loss=0.5561 ce=0.5992 tv=0.1681 conf=0.6306 grad_norm=10.2383 tensors_with_grad=69/72
[train] step 247: T=624 positions=16 loss=1.4007 ce=1.5182 tv=0.3437 conf=1.0406 grad_norm=10.6688 tensors_with_grad=69/72
[train] step 248: T=535 positions=16 loss=1.2936 ce=1.4035 tv=0.3044 conf=0.5860 grad_norm=13.7756 tensors_with_grad=69/72
[train] step 249: T=535 positions=16 loss=1.9122 ce=2.0888 tv=0.3222 conf=0.6385 grad_norm=13.4341 tensors_with_grad=69/72
[train] step 250: T=672 positions=16 loss=3.4131 ce=3.7292 tv=0.5686 conf=1.1083 grad_norm=17.6356 tensors_with_grad=69/72
[train] step 251: T=672 positions=16 loss=2.8059 ce=3.0617 tv=0.5033 conf=0.7135 grad_norm=14.0654 tensors_with_grad=69/72
[train] step 252: T=591 positions=16 loss=2.1908 ce=2.3971 tv=0.3339 conf=0.8724 grad_norm=24.0430 tensors_with_grad=69/72
[train] step 253: T=527 positions=16 loss=2.3657 ce=2.5721 tv=0.5080 conf=0.7545 grad_norm=16.0668 tensors_with_grad=69/72
[train] step 254: T=535 positions=16 loss=1.3160 ce=1.4270 tv=0.3170 conf=0.6157 grad_norm=13.8595 tensors_with_grad=69/72
[train] step 255: T=673 positions=16 loss=3.9768 ce=4.3585 tv=0.5418 conf=0.8880 grad_norm=35.4555 tensors_with_grad=69/72
[train] step 256: T=527 positions=16 loss=1.1563 ce=1.2505 tv=0.3084 conf=0.7623 grad_norm=11.8000 tensors_with_grad=69/72
[train] step 257: T=574 positions=16 loss=1.8948 ce=2.0550 tv=0.4529 conf=0.8592 grad_norm=18.8910 tensors_with_grad=69/72
[train] step 258: T=527 positions=16 loss=1.8287 ce=1.9826 tv=0.4439 conf=0.9170 grad_norm=25.5193 tensors_with_grad=69/72
[train] step 259: T=1362 positions=16 loss=4.4579 ce=4.8819 tv=0.6416 conf=0.4957 grad_norm=21.2734 tensors_with_grad=69/72
[train] step 260: T=622 positions=16 loss=2.0267 ce=2.2013 tv=0.4553 conf=0.6638 grad_norm=19.8505 tensors_with_grad=69/72
[train] step 261: T=538 positions=16 loss=0.8322 ce=0.8997 tv=0.2242 conf=0.4006 grad_norm=10.3042 tensors_with_grad=69/72
[train] step 262: T=1019 positions=16 loss=3.0303 ce=3.3050 tv=0.5582 conf=0.7652 grad_norm=18.2777 tensors_with_grad=69/72
[train] step 263: T=561 positions=16 loss=1.2666 ce=1.3714 tv=0.3230 conf=0.5686 grad_norm=19.5012 tensors_with_grad=69/72
[train] step 264: T=622 positions=16 loss=2.0569 ce=2.2337 tv=0.4655 conf=0.7897 grad_norm=14.9490 tensors_with_grad=69/72
[train] step 265: T=594 positions=16 loss=0.6127 ce=0.6592 tv=0.1942 conf=0.6860 grad_norm=9.6718 tensors_with_grad=69/72
[train] step 266: T=654 positions=16 loss=2.4187 ce=2.6360 tv=0.4633 conf=0.6729 grad_norm=16.8706 tensors_with_grad=69/72
[train] step 267: T=643 positions=16 loss=1.5726 ce=1.7084 tv=0.3503 conf=1.1219 grad_norm=20.5772 tensors_with_grad=69/72
[train] step 268: T=672 positions=16 loss=3.1372 ce=3.4261 tv=0.5376 conf=0.8762 grad_norm=35.6161 tensors_with_grad=69/72
[train] step 269: T=639 positions=16 loss=2.5196 ce=2.7607 tv=0.3500 conf=0.7622 grad_norm=13.8079 tensors_with_grad=69/72
[train] step 270: T=533 positions=16 loss=0.7346 ce=0.7942 tv=0.1986 conf=0.6446 grad_norm=12.9048 tensors_with_grad=69/72
[train] step 271: T=576 positions=16 loss=1.2148 ce=1.3117 tv=0.3421 conf=1.0006 grad_norm=13.3051 tensors_with_grad=69/72
[train] step 272: T=872 positions=16 loss=2.7421 ce=2.9951 tv=0.4645 conf=0.5633 grad_norm=16.4030 tensors_with_grad=69/72
[train] step 273: T=543 positions=16 loss=1.7582 ce=1.9123 tv=0.3712 conf=0.7381 grad_norm=14.8298 tensors_with_grad=69/72
[train] step 274: T=560 positions=16 loss=1.9061 ce=2.0693 tv=0.4377 conf=0.7192 grad_norm=14.6961 tensors_with_grad=69/72
[train] step 275: T=892 positions=16 loss=4.1368 ce=4.5259 tv=0.6353 conf=0.8389 grad_norm=34.8506 tensors_with_grad=69/72
[train] step 276: T=546 positions=16 loss=2.8747 ce=3.1233 tv=0.6372 conf=1.1887 grad_norm=15.6856 tensors_with_grad=69/72
[train] step 277: T=528 positions=16 loss=1.0086 ce=1.1014 tv=0.1728 conf=1.0747 grad_norm=19.6120 tensors_with_grad=69/72
[train] step 278: T=539 positions=16 loss=1.0323 ce=1.1207 tv=0.2366 conf=0.5370 grad_norm=9.0633 tensors_with_grad=69/72
[train] step 279: T=672 positions=16 loss=2.1627 ce=2.3354 tv=0.6088 conf=1.0835 grad_norm=17.2083 tensors_with_grad=69/72
[train] step 280: T=621 positions=16 loss=1.6083 ce=1.7444 tv=0.3829 conf=1.0449 grad_norm=15.6614 tensors_with_grad=69/72
[train] step 281: T=672 positions=16 loss=2.8802 ce=3.1459 tv=0.4890 conf=1.0796 grad_norm=12.1934 tensors_with_grad=69/72
[train] step 282: T=613 positions=16 loss=1.7219 ce=1.8680 tv=0.4071 conf=0.9104 grad_norm=11.9951 tensors_with_grad=69/72
[train] step 283: T=607 positions=16 loss=1.7561 ce=1.9093 tv=0.3770 conf=0.8703 grad_norm=50.9734 tensors_with_grad=69/72
[train] step 284: T=673 positions=16 loss=2.1387 ce=2.3122 tv=0.5776 conf=1.0533 grad_norm=16.8556 tensors_with_grad=69/72
[train] step 285: T=533 positions=16 loss=1.8215 ce=1.9774 tv=0.4177 conf=0.7788 grad_norm=19.3718 tensors_with_grad=69/72
[train] step 286: T=525 positions=16 loss=1.6147 ce=1.7501 tv=0.3959 conf=0.7273 grad_norm=11.9516 tensors_with_grad=69/72
[train] step 287: T=524 positions=16 loss=2.4866 ce=2.7017 tv=0.5508 conf=1.0556 grad_norm=12.9157 tensors_with_grad=69/72
[train] step 288: T=525 positions=16 loss=2.6779 ce=2.9143 tv=0.5501 conf=0.7571 grad_norm=10.3964 tensors_with_grad=69/72
[train] step 289: T=546 positions=16 loss=2.2647 ce=2.4625 tv=0.4848 conf=0.5919 grad_norm=12.9295 tensors_with_grad=69/72
[train] step 290: T=604 positions=16 loss=1.5385 ce=1.6696 tv=0.3589 conf=0.8379 grad_norm=13.5127 tensors_with_grad=69/72
[train] step 291: T=528 positions=16 loss=2.4006 ce=2.6125 tv=0.4935 conf=0.8434 grad_norm=25.8309 tensors_with_grad=69/72
[train] step 292: T=533 positions=16 loss=2.1073 ce=2.2904 tv=0.4596 conf=0.6686 grad_norm=12.2013 tensors_with_grad=69/72
[train] step 293: T=545 positions=16 loss=0.9398 ce=1.0162 tv=0.2521 conf=0.6357 grad_norm=12.4849 tensors_with_grad=69/72
[train] step 294: T=591 positions=16 loss=1.1208 ce=1.2030 tv=0.3803 conf=0.9182 grad_norm=18.5042 tensors_with_grad=69/72
[train] step 295: T=990 positions=16 loss=3.1133 ce=3.4009 tv=0.5247 conf=0.8648 grad_norm=15.1312 tensors_with_grad=69/72
[train] step 296: T=605 positions=16 loss=1.2337 ce=1.3321 tv=0.3482 conf=0.8710 grad_norm=14.6136 tensors_with_grad=69/72
[train] step 297: T=1219 positions=16 loss=3.1567 ce=3.4508 tv=0.5098 conf=0.7742 grad_norm=19.0553 tensors_with_grad=69/72
[train] step 298: T=541 positions=16 loss=1.6314 ce=1.7627 tv=0.4497 conf=1.2632 grad_norm=18.9499 tensors_with_grad=69/72
[train] step 299: T=556 positions=16 loss=2.0737 ce=2.2701 tv=0.3053 conf=0.4549 grad_norm=22.0417 tensors_with_grad=69/72
[train] step 300: T=536 positions=16 loss=1.0337 ce=1.1096 tv=0.3504 conf=0.8256 grad_norm=19.5421 tensors_with_grad=69/72
[train] step 301: T=527 positions=16 loss=1.7621 ce=1.9110 tv=0.4218 conf=0.8163 grad_norm=16.7145 tensors_with_grad=69/72
[train] step 302: T=932 positions=16 loss=3.5585 ce=3.8855 tv=0.6159 conf=0.8770 grad_norm=21.3745 tensors_with_grad=69/72
[train] step 303: T=528 positions=16 loss=2.5435 ce=2.7643 tv=0.5561 conf=0.7075 grad_norm=12.8492 tensors_with_grad=69/72
[train] step 304: T=1083 positions=16 loss=2.5019 ce=2.7248 tv=0.4959 conf=0.7202 grad_norm=15.8791 tensors_with_grad=69/72
[train] step 305: T=537 positions=16 loss=0.7952 ce=0.8669 tv=0.1501 conf=0.3115 grad_norm=8.6539 tensors_with_grad=69/72
[train] step 306: T=600 positions=16 loss=1.0970 ce=1.1839 tv=0.3141 conf=0.6098 grad_norm=16.3743 tensors_with_grad=69/72
[train] step 307: T=1483 positions=16 loss=3.2512 ce=3.5533 tv=0.5322 conf=0.9563 grad_norm=18.1802 tensors_with_grad=69/72
[train] step 308: T=538 positions=16 loss=2.4868 ce=2.7046 tv=0.5271 conf=0.8172 grad_norm=18.1088 tensors_with_grad=69/72
[train] step 309: T=883 positions=16 loss=3.3398 ce=3.6587 tv=0.4705 conf=0.6468 grad_norm=18.7290 tensors_with_grad=69/72
[train] step 310: T=611 positions=16 loss=1.4937 ce=1.6129 tv=0.4209 conf=1.0367 grad_norm=26.0410 tensors_with_grad=69/72
[train] step 311: T=535 positions=16 loss=0.4250 ce=0.4569 tv=0.1382 conf=0.4000 grad_norm=6.9393 tensors_with_grad=69/72
[train] step 312: T=951 positions=16 loss=2.2765 ce=2.4804 tv=0.4419 conf=0.8036 grad_norm=13.6394 tensors_with_grad=69/72
[train] step 313: T=530 positions=16 loss=2.3968 ce=2.5944 tv=0.6188 conf=1.0712 grad_norm=20.9142 tensors_with_grad=69/72
[train] step 314: T=673 positions=16 loss=1.8778 ce=2.0419 tv=0.4002 conf=0.6049 grad_norm=12.0738 tensors_with_grad=69/72
[train] step 315: T=652 positions=16 loss=2.6190 ce=2.8438 tv=0.5952 conf=0.7444 grad_norm=13.1230 tensors_with_grad=69/72
[train] step 316: T=531 positions=16 loss=1.7292 ce=1.8677 tv=0.4824 conf=1.0284 grad_norm=16.8357 tensors_with_grad=69/72
[train] step 317: T=676 positions=16 loss=2.6383 ce=2.8699 tv=0.5534 conf=0.5522 grad_norm=11.0416 tensors_with_grad=69/72
[train] step 318: T=535 positions=16 loss=3.0148 ce=3.2954 tv=0.4897 conf=0.8418 grad_norm=24.2871 tensors_with_grad=69/72
[train] step 319: T=673 positions=16 loss=2.6308 ce=2.8633 tv=0.5392 conf=0.8331 grad_norm=13.1816 tensors_with_grad=69/72
[train] step 320: T=535 positions=16 loss=1.9232 ce=2.0921 tv=0.4033 conf=0.7954 grad_norm=16.6926 tensors_with_grad=69/72
[train] step 321: T=535 positions=16 loss=3.2191 ce=3.5116 tv=0.5866 conf=0.6217 grad_norm=14.5279 tensors_with_grad=69/72
[train] step 322: T=677 positions=16 loss=2.5985 ce=2.8329 tv=0.4891 conf=0.6693 grad_norm=20.3858 tensors_with_grad=69/72
[train] step 323: T=925 positions=16 loss=2.8443 ce=3.0987 tv=0.5553 conf=0.9203 grad_norm=12.7189 tensors_with_grad=69/72
[train] step 324: T=533 positions=16 loss=3.6494 ce=3.9837 tv=0.6411 conf=0.7497 grad_norm=21.3046 tensors_with_grad=69/72
[train] step 325: T=670 positions=16 loss=2.1650 ce=2.3579 tv=0.4285 conf=0.8537 grad_norm=18.7666 tensors_with_grad=69/72
[train] step 326: T=531 positions=16 loss=1.6168 ce=1.7597 tv=0.3303 conf=0.5968 grad_norm=14.7164 tensors_with_grad=69/72
[train] step 327: T=630 positions=16 loss=1.6322 ce=1.7713 tv=0.3805 conf=0.8199 grad_norm=21.0308 tensors_with_grad=69/72
[train] step 328: T=543 positions=16 loss=1.3342 ce=1.4459 tv=0.3282 conf=0.6840 grad_norm=16.1224 tensors_with_grad=69/72
[train] step 329: T=1060 positions=16 loss=3.7187 ce=4.0711 tv=0.5468 conf=0.5795 grad_norm=14.2235 tensors_with_grad=69/72
[train] step 330: T=532 positions=16 loss=1.7299 ce=1.8808 tv=0.3723 conf=0.9029 grad_norm=19.2535 tensors_with_grad=69/72
[train] step 331: T=553 positions=16 loss=1.9386 ce=2.1105 tv=0.3915 conf=0.9146 grad_norm=17.8752 tensors_with_grad=69/72
[train] step 332: T=526 positions=16 loss=2.8672 ce=3.1171 tv=0.6179 conf=0.8588 grad_norm=18.2973 tensors_with_grad=69/72
[train] step 333: T=591 positions=16 loss=2.7898 ce=3.0331 tv=0.5998 conf=0.8641 grad_norm=12.2228 tensors_with_grad=69/72
[train] step 334: T=581 positions=16 loss=2.7360 ce=3.0004 tv=0.3562 conf=0.8678 grad_norm=25.0788 tensors_with_grad=69/72
[train] step 335: T=572 positions=16 loss=0.6667 ce=0.7221 tv=0.1680 conf=0.5246 grad_norm=9.4165 tensors_with_grad=69/72
[train] step 336: T=638 positions=16 loss=1.4516 ce=1.5676 tv=0.4079 conf=0.6230 grad_norm=12.7943 tensors_with_grad=69/72
[train] step 337: T=536 positions=16 loss=0.9764 ce=1.0591 tv=0.2320 conf=0.6262 grad_norm=21.1273 tensors_with_grad=69/72
[train] step 338: T=1571 positions=16 loss=2.7176 ce=2.9712 tv=0.4358 conf=0.7479 grad_norm=9.9677 tensors_with_grad=69/72
[train] step 339: T=677 positions=16 loss=1.6141 ce=1.7547 tv=0.3485 conf=0.9262 grad_norm=12.2821 tensors_with_grad=69/72
[train] step 340: T=1103 positions=16 loss=3.2918 ce=3.6005 tv=0.5137 conf=0.7862 grad_norm=22.7503 tensors_with_grad=69/72
[train] step 341: T=674 positions=16 loss=2.6736 ce=2.9086 tv=0.5587 conf=1.1419 grad_norm=8.9317 tensors_with_grad=69/72
[train] step 342: T=620 positions=16 loss=3.7097 ce=4.0585 tv=0.5708 conf=1.0249 grad_norm=31.5495 tensors_with_grad=69/72
[train] step 343: T=561 positions=16 loss=0.9140 ce=0.9884 tv=0.2445 conf=0.7484 grad_norm=26.3420 tensors_with_grad=69/72
[train] step 344: T=544 positions=16 loss=1.7612 ce=1.9217 tv=0.3169 conf=0.6133 grad_norm=17.0131 tensors_with_grad=69/72
[train] step 345: T=847 positions=16 loss=3.4807 ce=3.8003 tv=0.6038 conf=0.6456 grad_norm=20.0496 tensors_with_grad=69/72
[train] step 346: T=628 positions=16 loss=0.8064 ce=0.8711 tv=0.2241 conf=0.9840 grad_norm=8.9767 tensors_with_grad=69/72
[train] step 347: T=672 positions=16 loss=2.4306 ce=2.6451 tv=0.4999 conf=0.9297 grad_norm=13.6673 tensors_with_grad=69/72
[train] step 348: T=536 positions=16 loss=1.3065 ce=1.4089 tv=0.3853 conf=0.9435 grad_norm=13.3608 tensors_with_grad=69/72
[train] step 349: T=536 positions=16 loss=0.8690 ce=0.9366 tv=0.2609 conf=0.8167 grad_norm=9.9379 tensors_with_grad=69/72
[train] step 350: T=526 positions=16 loss=1.3423 ce=1.4601 tv=0.2822 conf=0.8845 grad_norm=18.0325 tensors_with_grad=69/72
[train] step 351: T=576 positions=16 loss=1.5292 ce=1.6547 tv=0.4000 conf=0.9176 grad_norm=10.2866 tensors_with_grad=69/72
[train] step 352: T=554 positions=16 loss=2.6920 ce=2.9373 tv=0.4841 conf=1.2296 grad_norm=14.1275 tensors_with_grad=69/72
[train] step 353: T=532 positions=16 loss=1.3766 ce=1.4969 tv=0.2942 conf=1.1778 grad_norm=11.7586 tensors_with_grad=69/72
[train] step 354: T=1014 positions=16 loss=3.2311 ce=3.5272 tv=0.5656 conf=0.8043 grad_norm=19.4303 tensors_with_grad=69/72
[train] step 355: T=531 positions=16 loss=1.2081 ce=1.3059 tv=0.3275 conf=0.7511 grad_norm=8.5240 tensors_with_grad=69/72
[train] step 356: T=677 positions=16 loss=2.5470 ce=2.7668 tv=0.5690 conf=0.8209 grad_norm=11.4251 tensors_with_grad=69/72
[train] step 357: T=1205 positions=16 loss=3.3927 ce=3.7127 tv=0.5127 conf=0.6773 grad_norm=11.9310 tensors_with_grad=69/72
[train] step 358: T=618 positions=16 loss=1.5341 ce=1.6622 tv=0.3812 conf=1.0465 grad_norm=22.6156 tensors_with_grad=69/72
[train] step 359: T=654 positions=16 loss=2.7417 ce=2.9805 tv=0.5931 conf=0.8171 grad_norm=12.8851 tensors_with_grad=69/72
[train] step 360: T=615 positions=16 loss=1.2810 ce=1.3913 tv=0.2881 conf=0.6906 grad_norm=13.2822 tensors_with_grad=69/72
[train] step 361: T=541 positions=16 loss=2.2220 ce=2.4298 tv=0.3518 conf=0.7484 grad_norm=18.4080 tensors_with_grad=69/72
[train] step 362: T=567 positions=16 loss=0.5226 ce=0.5578 tv=0.2057 conf=0.5738 grad_norm=18.1519 tensors_with_grad=69/72
[train] step 363: T=653 positions=16 loss=3.4136 ce=3.7260 tv=0.6013 conf=1.0589 grad_norm=19.5458 tensors_with_grad=69/72
[train] step 364: T=532 positions=16 loss=1.6752 ce=1.8263 tv=0.3154 conf=1.5580 grad_norm=22.1106 tensors_with_grad=69/72
[train] step 365: T=543 positions=16 loss=0.6190 ce=0.6711 tv=0.1498 conf=0.4704 grad_norm=7.4433 tensors_with_grad=69/72
[train] step 366: T=565 positions=16 loss=1.4057 ce=1.5243 tv=0.3390 conf=1.3035 grad_norm=8.6731 tensors_with_grad=69/72
[train] step 367: T=528 positions=16 loss=1.7859 ce=1.9430 tv=0.3714 conf=1.0621 grad_norm=13.5444 tensors_with_grad=69/72
[train] step 368: T=1007 positions=16 loss=5.3662 ce=5.8864 tv=0.6843 conf=0.4932 grad_norm=20.2042 tensors_with_grad=69/72
[train] step 369: T=601 positions=16 loss=1.9927 ce=2.1794 tv=0.3121 conf=0.7854 grad_norm=19.7194 tensors_with_grad=69/72
[train] step 370: T=538 positions=16 loss=0.8038 ce=0.8637 tv=0.2653 conf=0.7319 grad_norm=23.1979 tensors_with_grad=69/72
[train] step 371: T=648 positions=16 loss=1.8036 ce=1.9596 tv=0.3998 conf=0.7170 grad_norm=13.5971 tensors_with_grad=69/72
[train] step 372: T=607 positions=16 loss=1.5394 ce=1.6684 tv=0.3783 conf=0.9535 grad_norm=14.6941 tensors_with_grad=69/72
[train] step 373: T=526 positions=16 loss=2.0817 ce=2.2565 tv=0.5088 conf=0.6585 grad_norm=10.4926 tensors_with_grad=69/72
[train] step 374: T=527 positions=16 loss=3.2013 ce=3.4717 tv=0.7680 conf=0.9821 grad_norm=32.0496 tensors_with_grad=69/72
[train] step 375: T=1179 positions=16 loss=3.8828 ce=4.2461 tv=0.6132 conf=0.7307 grad_norm=27.1122 tensors_with_grad=69/72
[train] step 376: T=546 positions=16 loss=1.3901 ce=1.5109 tv=0.3033 conf=0.7407 grad_norm=11.8839 tensors_with_grad=69/72
[train] step 377: T=543 positions=16 loss=1.2600 ce=1.3650 tv=0.3145 conf=0.8271 grad_norm=14.7674 tensors_with_grad=69/72
[train] step 378: T=612 positions=16 loss=0.4955 ce=0.5276 tv=0.2072 conf=0.6793 grad_norm=13.7261 tensors_with_grad=69/72
[train] step 379: T=1629 positions=16 loss=3.1904 ce=3.4800 tv=0.5839 conf=0.7357 grad_norm=16.5049 tensors_with_grad=69/72
[train] step 380: T=595 positions=16 loss=1.3830 ce=1.4982 tv=0.3462 conf=0.8515 grad_norm=18.5465 tensors_with_grad=69/72
[train] step 381: T=583 positions=16 loss=0.8082 ce=0.8792 tv=0.1692 conf=0.8373 grad_norm=11.2256 tensors_with_grad=69/72
[train] step 382: T=548 positions=16 loss=1.1292 ce=1.2216 tv=0.2971 conf=0.6236 grad_norm=17.7317 tensors_with_grad=69/72
[train] step 383: T=536 positions=16 loss=0.7927 ce=0.8598 tv=0.1893 conf=0.8861 grad_norm=14.8781 tensors_with_grad=69/72
[train] step 384: T=1747 positions=16 loss=3.8408 ce=4.2017 tv=0.5918 conf=0.8575 grad_norm=13.0557 tensors_with_grad=69/72
[train] step 385: T=532 positions=16 loss=1.6584 ce=1.8083 tv=0.3094 conf=0.7717 grad_norm=16.3062 tensors_with_grad=69/72
[train] step 386: T=562 positions=16 loss=1.1775 ce=1.2743 tv=0.3061 conf=0.6684 grad_norm=11.7170 tensors_with_grad=69/72
[train] step 387: T=595 positions=16 loss=0.6731 ce=0.7258 tv=0.1989 conf=0.5728 grad_norm=9.9124 tensors_with_grad=69/72
[train] step 388: T=534 positions=16 loss=0.6618 ce=0.7156 tv=0.1775 conf=0.6838 grad_norm=9.6434 tensors_with_grad=69/72
[train] step 389: T=989 positions=16 loss=3.0444 ce=3.3323 tv=0.4534 conf=0.5834 grad_norm=22.7435 tensors_with_grad=69/72
[train] step 390: T=593 positions=16 loss=0.8804 ce=0.9476 tv=0.2751 conf=0.5452 grad_norm=14.4882 tensors_with_grad=69/72
[train] step 391: T=1051 positions=16 loss=3.8874 ce=4.2595 tv=0.5384 conf=0.5638 grad_norm=32.7288 tensors_with_grad=69/72
[train] step 392: T=539 positions=16 loss=2.9310 ce=3.1922 tv=0.5805 conf=0.8322 grad_norm=34.4928 tensors_with_grad=69/72
[train] step 393: T=919 positions=16 loss=3.0585 ce=3.3406 tv=0.5198 conf=0.7493 grad_norm=16.0298 tensors_with_grad=69/72
[train] step 394: T=675 positions=16 loss=2.1173 ce=2.3035 tv=0.4412 conf=0.9070 grad_norm=23.0555 tensors_with_grad=69/72
[train] step 395: T=537 positions=16 loss=0.3812 ce=0.4045 tv=0.1716 conf=0.6516 grad_norm=7.0505 tensors_with_grad=69/72
[train] step 396: T=586 positions=16 loss=1.1941 ce=1.2947 tv=0.2887 conf=0.8073 grad_norm=33.7143 tensors_with_grad=69/72
[train] step 397: T=528 positions=16 loss=2.5156 ce=2.7502 tv=0.4039 conf=0.8636 grad_norm=20.9592 tensors_with_grad=69/72
[train] step 398: T=563 positions=16 loss=0.7861 ce=0.8488 tv=0.2221 conf=0.3348 grad_norm=7.5701 tensors_with_grad=69/72
[train] step 399: T=577 positions=16 loss=3.4728 ce=3.7920 tv=0.6001 conf=0.9015 grad_norm=15.8467 tensors_with_grad=69/72
[train] step 400: T=566 positions=16 loss=1.2289 ce=1.3309 tv=0.3110 conf=0.8077 grad_norm=22.5331 tensors_with_grad=69/72
[train] step 401: T=545 positions=16 loss=1.6506 ce=1.7972 tv=0.3310 conf=0.3888 grad_norm=15.1851 tensors_with_grad=69/72
[train] step 402: T=1166 positions=16 loss=3.2348 ce=3.5416 tv=0.4740 conf=0.5897 grad_norm=14.6297 tensors_with_grad=69/72
[train] step 403: T=622 positions=16 loss=0.9718 ce=1.0481 tv=0.2843 conf=0.7199 grad_norm=12.6728 tensors_with_grad=69/72
[train] step 404: T=533 positions=16 loss=1.7458 ce=1.9036 tv=0.3259 conf=0.3751 grad_norm=13.3276 tensors_with_grad=69/72
[train] step 405: T=619 positions=16 loss=0.5451 ce=0.5880 tv=0.1594 conf=0.4486 grad_norm=10.1036 tensors_with_grad=69/72
[train] step 406: T=537 positions=16 loss=1.3556 ce=1.4658 tv=0.3630 conf=0.9797 grad_norm=16.3032 tensors_with_grad=69/72
[train] step 407: T=592 positions=16 loss=2.1522 ce=2.3397 tv=0.4641 conf=0.8730 grad_norm=29.9768 tensors_with_grad=69/72
[train] step 408: T=528 positions=16 loss=2.4729 ce=2.6900 tv=0.5192 conf=0.7708 grad_norm=9.7354 tensors_with_grad=69/72
[train] step 409: T=653 positions=16 loss=1.0318 ce=1.1104 tv=0.3241 conf=0.8032 grad_norm=8.9735 tensors_with_grad=69/72
[train] step 410: T=577 positions=16 loss=1.5589 ce=1.6879 tv=0.3979 conf=0.9236 grad_norm=9.3740 tensors_with_grad=69/72
[train] step 411: T=618 positions=16 loss=1.6856 ce=1.8256 tv=0.4263 conf=0.9334 grad_norm=15.8224 tensors_with_grad=69/72
[train] step 412: T=524 positions=16 loss=2.7713 ce=3.0164 tv=0.5653 conf=0.8577 grad_norm=12.9762 tensors_with_grad=69/72
[train] step 413: T=524 positions=16 loss=2.9673 ce=3.2318 tv=0.5873 conf=0.6365 grad_norm=18.4110 tensors_with_grad=69/72
[train] step 414: T=608 positions=16 loss=0.6895 ce=0.7389 tv=0.2450 conf=0.6663 grad_norm=6.7504 tensors_with_grad=69/72
[train] step 415: T=532 positions=16 loss=2.2847 ce=2.4852 tv=0.4808 conf=0.5489 grad_norm=7.4552 tensors_with_grad=69/72
[train] step 416: T=665 positions=16 loss=0.9063 ce=0.9831 tv=0.2151 conf=0.6782 grad_norm=8.0856 tensors_with_grad=69/72
[train] step 417: T=559 positions=16 loss=0.9579 ce=1.0376 tv=0.2409 conf=0.5262 grad_norm=7.6330 tensors_with_grad=69/72
[train] step 418: T=600 positions=16 loss=3.6348 ce=3.9743 tv=0.5792 conf=0.9893 grad_norm=19.1083 tensors_with_grad=69/72
[train] step 419: T=645 positions=16 loss=3.3110 ce=3.6042 tv=0.6722 conf=0.8805 grad_norm=20.2830 tensors_with_grad=69/72
[train] step 420: T=1002 positions=16 loss=3.8557 ce=4.2210 tv=0.5673 conf=1.0104 grad_norm=22.6386 tensors_with_grad=69/72
[train] step 421: T=584 positions=16 loss=2.9897 ce=3.2594 tv=0.5622 conf=0.8272 grad_norm=39.2236 tensors_with_grad=69/72
[train] step 422: T=678 positions=16 loss=3.3948 ce=3.7053 tv=0.6005 conf=0.6286 grad_norm=31.2904 tensors_with_grad=69/72
[train] step 423: T=535 positions=16 loss=1.5713 ce=1.7077 tv=0.3437 conf=0.7070 grad_norm=19.7958 tensors_with_grad=69/72
[train] step 424: T=628 positions=16 loss=1.6639 ce=1.8222 tv=0.2389 conf=0.9976 grad_norm=12.4717 tensors_with_grad=69/72
[train] step 425: T=541 positions=16 loss=0.6992 ce=0.7491 tv=0.2501 conf=0.5770 grad_norm=10.5346 tensors_with_grad=69/72
[train] step 426: T=577 positions=16 loss=1.9284 ce=2.0999 tv=0.3845 conf=0.7919 grad_norm=14.0462 tensors_with_grad=69/72
[train] step 427: T=597 positions=16 loss=2.1213 ce=2.3122 tv=0.4036 conf=0.8940 grad_norm=21.6222 tensors_with_grad=69/72
[train] step 428: T=539 positions=16 loss=1.7009 ce=1.8520 tv=0.3411 conf=0.5562 grad_norm=10.9371 tensors_with_grad=69/72
[train] step 429: T=542 positions=16 loss=1.5732 ce=1.7031 tv=0.4036 conf=0.8950 grad_norm=14.2394 tensors_with_grad=69/72
[train] step 430: T=675 positions=16 loss=2.6913 ce=2.9378 tv=0.4734 conf=0.4788 grad_norm=14.6021 tensors_with_grad=69/72
[train] step 431: T=543 positions=16 loss=0.7033 ce=0.7507 tv=0.2759 conf=0.6002 grad_norm=17.3472 tensors_with_grad=69/72
[train] step 432: T=674 positions=16 loss=2.1993 ce=2.3850 tv=0.5287 conf=0.8744 grad_norm=10.8655 tensors_with_grad=69/72
[train] step 433: T=532 positions=16 loss=0.3405 ce=0.3587 tv=0.1762 conf=0.6107 grad_norm=9.6939 tensors_with_grad=69/72
[train] step 434: T=533 positions=16 loss=2.5471 ce=2.7856 tv=0.4006 conf=0.6199 grad_norm=32.7114 tensors_with_grad=69/72
[train] step 435: T=674 positions=16 loss=1.8917 ce=2.0425 tv=0.5344 conf=1.0436 grad_norm=29.3806 tensors_with_grad=69/72
[train] step 436: T=526 positions=16 loss=2.7195 ce=2.9507 tv=0.6388 conf=0.8509 grad_norm=12.6355 tensors_with_grad=69/72
[train] step 437: T=545 positions=16 loss=0.7671 ce=0.8354 tv=0.1523 conf=0.4884 grad_norm=7.3293 tensors_with_grad=69/72
[train] step 438: T=557 positions=16 loss=1.3144 ce=1.4274 tv=0.2980 conf=0.6088 grad_norm=17.9022 tensors_with_grad=69/72
[train] step 439: T=643 positions=16 loss=1.9286 ce=2.0861 tv=0.5107 conf=0.9937 grad_norm=11.0728 tensors_with_grad=69/72
[train] step 440: T=535 positions=16 loss=1.9099 ce=2.0662 tv=0.5037 conf=1.0906 grad_norm=33.3481 tensors_with_grad=69/72
[train] step 441: T=673 positions=16 loss=2.5185 ce=2.7389 tv=0.5352 conf=1.0824 grad_norm=18.5791 tensors_with_grad=69/72
[train] step 442: T=555 positions=16 loss=1.1087 ce=1.2034 tv=0.2567 conf=0.5587 grad_norm=22.0331 tensors_with_grad=69/72
[train] step 443: T=529 positions=16 loss=2.9860 ce=3.2483 tv=0.6250 conf=0.6500 grad_norm=22.3860 tensors_with_grad=69/72
[train] step 444: T=1010 positions=16 loss=3.1286 ce=3.4077 tv=0.6169 conf=0.9806 grad_norm=13.8060 tensors_with_grad=69/72
[train] step 445: T=535 positions=16 loss=0.9212 ce=0.9907 tv=0.2959 conf=0.7922 grad_norm=9.5626 tensors_with_grad=69/72
[train] step 446: T=1717 positions=16 loss=4.5931 ce=5.0324 tv=0.6398 conf=0.7661 grad_norm=15.9400 tensors_with_grad=69/72
[train] step 447: T=640 positions=16 loss=2.6852 ce=2.9194 tv=0.5771 conf=0.7157 grad_norm=13.9026 tensors_with_grad=69/72
[train] step 448: T=574 positions=16 loss=1.9188 ce=2.0873 tv=0.4023 conf=1.1933 grad_norm=21.5737 tensors_with_grad=69/72
[train] step 449: T=560 positions=16 loss=1.6779 ce=1.8183 tv=0.4152 conf=0.9428 grad_norm=26.2583 tensors_with_grad=69/72
[train] step 450: T=533 positions=16 loss=1.0678 ce=1.1571 tv=0.2640 conf=0.7218 grad_norm=10.1205 tensors_with_grad=69/72
[train] step 451: T=573 positions=16 loss=0.8519 ce=0.9240 tv=0.2031 conf=0.5951 grad_norm=10.8496 tensors_with_grad=69/72
[train] step 452: T=603 positions=16 loss=0.6600 ce=0.7145 tv=0.1701 conf=0.5019 grad_norm=8.3263 tensors_with_grad=69/72
[train] step 453: T=841 positions=16 loss=2.1563 ce=2.3515 tv=0.3997 conf=0.6483 grad_norm=11.6647 tensors_with_grad=69/72
[train] step 454: T=675 positions=16 loss=2.0878 ce=2.2725 tv=0.4261 conf=0.8802 grad_norm=11.6007 tensors_with_grad=69/72
[train] step 455: T=676 positions=16 loss=2.0482 ce=2.2246 tv=0.4606 conf=0.9669 grad_norm=19.9010 tensors_with_grad=69/72
[train] step 456: T=559 positions=16 loss=2.0069 ce=2.2003 tv=0.2659 conf=0.4083 grad_norm=17.0748 tensors_with_grad=69/72
[train] step 457: T=1327 positions=16 loss=4.2158 ce=4.6169 tv=0.6063 conf=0.9021 grad_norm=10.0135 tensors_with_grad=69/72
[train] step 458: T=624 positions=16 loss=1.4175 ce=1.5344 tv=0.3653 conf=1.0396 grad_norm=18.5973 tensors_with_grad=69/72
[train] step 459: T=531 positions=16 loss=0.6966 ce=0.7541 tv=0.1790 conf=0.6230 grad_norm=8.9409 tensors_with_grad=69/72
[train] step 460: T=629 positions=16 loss=0.6991 ce=0.7546 tv=0.1998 conf=0.6506 grad_norm=19.0011 tensors_with_grad=69/72
[train] step 461: T=565 positions=16 loss=1.1389 ce=1.2345 tv=0.2779 conf=0.9877 grad_norm=10.3463 tensors_with_grad=69/72
[train] step 462: T=544 positions=16 loss=2.4403 ce=2.6542 tv=0.5152 conf=0.8702 grad_norm=14.7069 tensors_with_grad=69/72
[train] step 463: T=572 positions=16 loss=1.8785 ce=2.0459 tv=0.3716 conf=0.7956 grad_norm=23.0226 tensors_with_grad=69/72
[train] step 464: T=538 positions=16 loss=0.3626 ce=0.3897 tv=0.1181 conf=0.6294 grad_norm=10.0839 tensors_with_grad=69/72
[train] step 465: T=1122 positions=16 loss=3.0957 ce=3.3847 tv=0.4952 conf=0.6510 grad_norm=22.0272 tensors_with_grad=69/72
[train] step 466: T=526 positions=16 loss=2.4643 ce=2.6972 tv=0.3682 conf=0.8710 grad_norm=22.3610 tensors_with_grad=69/72
[train] step 467: T=984 positions=16 loss=3.4766 ce=3.8044 tv=0.5264 conf=0.4647 grad_norm=17.0942 tensors_with_grad=69/72
[train] step 468: T=925 positions=16 loss=3.3873 ce=3.7006 tv=0.5675 conf=0.8228 grad_norm=18.9452 tensors_with_grad=69/72
[train] step 469: T=554 positions=16 loss=1.7964 ce=1.9494 tv=0.4194 conf=0.6355 grad_norm=14.2172 tensors_with_grad=69/72
[train] step 470: T=540 positions=16 loss=1.0308 ce=1.1120 tv=0.3000 conf=0.5014 grad_norm=8.5368 tensors_with_grad=69/72
[train] step 471: T=547 positions=16 loss=1.8406 ce=1.9961 tv=0.4405 conf=0.7163 grad_norm=13.4686 tensors_with_grad=69/72
[diag] draft-argmax == TARGET-argmax : 56.7%  | == ground-truth token: 56.6%
[diag] mean top-1 prob  target 0.841  draft 0.678   (TV near 1 with a PEAKED draft => misalignment; with a FLAT draft => genuine)
[train] saved 72 trained tensors -> /cap/s2/abl_ce0.9_tv0.1/mtp_trained.safetensors
[train] saved AdamW state -> /cap/s2/abl_ce0.9_tv0.1/opt_state.pt (needed for --resume to be equivalent to one continuous run)
[train] metrics -> /cap/s2/abl_ce0.9_tv0.1/train_metrics.json  (loss 2.4208 -> 1.8406, tail mean 1.9020)
[train] TRAIN OK
