[train] device=cuda torch=2.10.0
  loading model-00046-of-00048.safetensors ...
  loading model-00047-of-00048.safetensors ...
  loading model-00048-of-00048.safetensors ...
  dequantised 1512 tensors, 12.60 B params, 23.5 GiB bf16
[train] weights ready in 11.6s
[train] trainable 517.3 M in 72 tensors | frozen experts 12.08 B
[train] capture: 472 sample(s)
[Gloo] Rank 0 is connected to 0 peer ranks. Expected number of connected peer ranks is : 0
[train] ModelArgs: n_mtp=3 block=6 taps=[40, 41, 42] markov_rank=256
[train] built 3 DSparkBlock(s) on meta
[train] re-materialised freqs_cis on 3 attention module(s) (persistent=False buffers are NOT in state_dict and to_empty() zapped them)
[train] load_state_dict: 0 missing, 0 unexpected
[train] GATE1 model construction OK
[train] aux: embed.weight(129280, 4096), head.weight(129280, 4096)
[train] trainable tensors in graph: 72 / 517.3 M
[train] lr schedule: linear warmup 23 step(s) -> cosine over 472 session step(s), peak 5e-05; this chunk is steps 0..471
/work/train/train_head.py:115: UserWarning: Converting a tensor with requires_grad=True to a scalar may lead to unexpected behavior.
Consider using tensor.detach() first. (Triggered internally at /opt/pytorch/torch/csrc/autograd/generated/python_variable_methods.cpp:836.)
  parts = {"ce": float((w * ce).sum()), "tv": float((w * tv).sum()), "conf": 0.0}
[train] step 0: T=540 positions=16 loss=2.6432 ce=2.6432 tv=0.4197 conf=0.4374 grad_norm=20.9797 tensors_with_grad=69/72
[train] step 1: T=1011 positions=16 loss=6.0127 ce=6.0127 tv=0.7185 conf=0.6953 grad_norm=72.2563 tensors_with_grad=69/72
[train] step 2: T=568 positions=16 loss=7.0339 ce=7.0339 tv=0.6627 conf=0.9829 grad_norm=155.1242 tensors_with_grad=69/72
[train] step 3: T=621 positions=16 loss=2.9554 ce=2.9554 tv=0.5316 conf=0.6714 grad_norm=30.7423 tensors_with_grad=69/72
[train] step 4: T=542 positions=16 loss=2.1826 ce=2.1826 tv=0.3988 conf=0.5438 grad_norm=47.8393 tensors_with_grad=69/72
[train] step 5: T=608 positions=16 loss=6.0333 ce=6.0333 tv=0.6514 conf=0.8995 grad_norm=58.9925 tensors_with_grad=69/72
[train] step 6: T=532 positions=16 loss=0.8860 ce=0.8860 tv=0.2767 conf=0.4602 grad_norm=24.5425 tensors_with_grad=69/72
[train] step 7: T=674 positions=16 loss=4.9934 ce=4.9934 tv=0.7180 conf=0.4505 grad_norm=37.0341 tensors_with_grad=69/72
[train] step 8: T=595 positions=16 loss=4.3209 ce=4.3209 tv=0.5930 conf=0.8095 grad_norm=52.6069 tensors_with_grad=69/72
[train] step 9: T=672 positions=16 loss=1.9900 ce=1.9900 tv=0.2816 conf=0.4286 grad_norm=35.1654 tensors_with_grad=69/72
[train] step 10: T=531 positions=16 loss=3.1327 ce=3.1327 tv=0.4555 conf=0.5185 grad_norm=57.9824 tensors_with_grad=69/72
[train] step 11: T=672 positions=16 loss=4.6468 ce=4.6468 tv=0.7302 conf=0.5594 grad_norm=56.0429 tensors_with_grad=69/72
[train] step 12: T=608 positions=16 loss=4.9023 ce=4.9023 tv=0.6727 conf=0.7454 grad_norm=43.0468 tensors_with_grad=69/72
[train] step 13: T=529 positions=16 loss=7.1017 ce=7.1017 tv=0.7260 conf=0.6809 grad_norm=45.4271 tensors_with_grad=69/72
[train] step 14: T=672 positions=16 loss=7.4737 ce=7.4737 tv=0.5007 conf=1.1198 grad_norm=50.1899 tensors_with_grad=69/72
[train] step 15: T=561 positions=16 loss=4.6970 ce=4.6970 tv=0.6856 conf=0.6228 grad_norm=86.9666 tensors_with_grad=69/72
[train] step 16: T=557 positions=16 loss=3.2752 ce=3.2752 tv=0.6087 conf=0.6887 grad_norm=53.0023 tensors_with_grad=69/72
[train] step 17: T=672 positions=16 loss=3.0658 ce=3.0658 tv=0.5546 conf=0.6033 grad_norm=35.0622 tensors_with_grad=69/72
[train] step 18: T=527 positions=16 loss=5.1429 ce=5.1429 tv=0.6820 conf=0.7660 grad_norm=29.8094 tensors_with_grad=69/72
[train] step 19: T=540 positions=16 loss=2.7835 ce=2.7835 tv=0.6580 conf=0.5788 grad_norm=37.2353 tensors_with_grad=69/72
[train] step 20: T=676 positions=16 loss=4.4885 ce=4.4885 tv=0.6904 conf=0.4953 grad_norm=31.9007 tensors_with_grad=69/72
[train] step 21: T=540 positions=16 loss=3.3043 ce=3.3043 tv=0.6000 conf=0.5704 grad_norm=29.8433 tensors_with_grad=69/72
[train] step 22: T=954 positions=16 loss=5.9071 ce=5.9071 tv=0.6869 conf=0.4855 grad_norm=46.9303 tensors_with_grad=69/72
[train] step 23: T=532 positions=16 loss=1.9592 ce=1.9592 tv=0.4743 conf=0.6686 grad_norm=21.1811 tensors_with_grad=69/72
[train] step 24: T=532 positions=16 loss=3.3185 ce=3.3185 tv=0.3388 conf=0.7371 grad_norm=36.2109 tensors_with_grad=69/72
[train] step 25: T=606 positions=16 loss=4.2107 ce=4.2107 tv=0.6286 conf=0.7709 grad_norm=42.6809 tensors_with_grad=69/72
[train] step 26: T=532 positions=16 loss=2.4649 ce=2.4649 tv=0.6006 conf=0.7256 grad_norm=23.0051 tensors_with_grad=69/72
[train] step 27: T=545 positions=16 loss=5.6996 ce=5.6996 tv=0.6687 conf=0.5788 grad_norm=35.0598 tensors_with_grad=69/72
[train] step 28: T=534 positions=16 loss=5.2809 ce=5.2809 tv=0.6958 conf=0.5987 grad_norm=21.2718 tensors_with_grad=69/72
[train] step 29: T=672 positions=16 loss=4.2030 ce=4.2030 tv=0.7409 conf=0.5120 grad_norm=22.2096 tensors_with_grad=69/72
[train] step 30: T=535 positions=16 loss=2.9326 ce=2.9326 tv=0.3775 conf=0.6817 grad_norm=39.1468 tensors_with_grad=69/72
[train] step 31: T=672 positions=16 loss=4.0188 ce=4.0188 tv=0.6939 conf=0.6420 grad_norm=37.5939 tensors_with_grad=69/72
[train] step 32: T=599 positions=16 loss=2.9234 ce=2.9234 tv=0.4963 conf=0.7135 grad_norm=25.5175 tensors_with_grad=69/72
[train] step 33: T=672 positions=16 loss=2.1467 ce=2.1467 tv=0.4079 conf=0.5882 grad_norm=21.2103 tensors_with_grad=69/72
[train] step 34: T=672 positions=16 loss=4.4752 ce=4.4752 tv=0.5148 conf=0.8537 grad_norm=32.4788 tensors_with_grad=69/72
[train] step 35: T=542 positions=16 loss=3.1171 ce=3.1171 tv=0.5233 conf=0.8358 grad_norm=23.6479 tensors_with_grad=69/72
[train] step 36: T=597 positions=16 loss=1.7273 ce=1.7273 tv=0.2073 conf=0.5834 grad_norm=16.6169 tensors_with_grad=69/72
[train] step 37: T=524 positions=16 loss=3.9548 ce=3.9548 tv=0.6881 conf=0.5860 grad_norm=22.9724 tensors_with_grad=69/72
[train] step 38: T=546 positions=16 loss=1.6352 ce=1.6352 tv=0.3449 conf=0.5619 grad_norm=16.3619 tensors_with_grad=69/72
[train] step 39: T=613 positions=16 loss=1.8427 ce=1.8427 tv=0.4040 conf=0.8307 grad_norm=69.7229 tensors_with_grad=69/72
[train] step 40: T=557 positions=16 loss=4.2344 ce=4.2344 tv=0.6805 conf=0.5717 grad_norm=29.4878 tensors_with_grad=69/72
[train] step 41: T=528 positions=16 loss=1.5254 ce=1.5254 tv=0.4012 conf=0.6110 grad_norm=26.5582 tensors_with_grad=69/72
[train] step 42: T=595 positions=16 loss=4.8572 ce=4.8572 tv=0.6550 conf=0.5540 grad_norm=34.8740 tensors_with_grad=69/72
[train] step 43: T=555 positions=16 loss=2.2416 ce=2.2416 tv=0.2563 conf=0.6891 grad_norm=21.4619 tensors_with_grad=69/72
[train] step 44: T=538 positions=16 loss=1.2652 ce=1.2652 tv=0.2134 conf=0.7770 grad_norm=18.0606 tensors_with_grad=69/72
[train] step 45: T=611 positions=16 loss=2.8306 ce=2.8306 tv=0.5219 conf=0.6049 grad_norm=14.3766 tensors_with_grad=69/72
[train] step 46: T=538 positions=16 loss=3.4325 ce=3.4325 tv=0.7103 conf=0.5831 grad_norm=18.6449 tensors_with_grad=69/72
[train] step 47: T=538 positions=16 loss=3.1902 ce=3.1902 tv=0.5861 conf=0.6175 grad_norm=20.9202 tensors_with_grad=69/72
[train] step 48: T=618 positions=16 loss=4.1458 ce=4.1458 tv=0.5956 conf=0.6777 grad_norm=23.7226 tensors_with_grad=69/72
[train] step 49: T=656 positions=16 loss=3.2144 ce=3.2144 tv=0.6224 conf=0.7737 grad_norm=16.9420 tensors_with_grad=69/72
[train] step 50: T=538 positions=16 loss=1.2129 ce=1.2129 tv=0.3005 conf=0.6059 grad_norm=19.5643 tensors_with_grad=69/72
[train] step 51: T=531 positions=16 loss=1.5938 ce=1.5938 tv=0.1985 conf=0.5744 grad_norm=21.2820 tensors_with_grad=69/72
[train] step 52: T=1559 positions=16 loss=4.3003 ce=4.3003 tv=0.5193 conf=0.5812 grad_norm=22.1082 tensors_with_grad=69/72
[train] step 53: T=674 positions=16 loss=3.8557 ce=3.8557 tv=0.6322 conf=0.5063 grad_norm=19.9510 tensors_with_grad=69/72
[train] step 54: T=601 positions=16 loss=2.1146 ce=2.1146 tv=0.3920 conf=0.6204 grad_norm=16.1313 tensors_with_grad=69/72
[train] step 55: T=573 positions=16 loss=3.6183 ce=3.6183 tv=0.6281 conf=0.6043 grad_norm=18.2844 tensors_with_grad=69/72
[train] step 56: T=553 positions=16 loss=1.6616 ce=1.6616 tv=0.2779 conf=0.5893 grad_norm=15.3429 tensors_with_grad=69/72
[train] step 57: T=1795 positions=16 loss=4.7524 ce=4.7524 tv=0.6830 conf=0.5291 grad_norm=17.3956 tensors_with_grad=69/72
[train] step 58: T=535 positions=16 loss=1.7889 ce=1.7889 tv=0.4279 conf=0.7584 grad_norm=13.6184 tensors_with_grad=69/72
[train] step 59: T=541 positions=16 loss=1.0251 ce=1.0251 tv=0.1963 conf=0.5230 grad_norm=17.5640 tensors_with_grad=69/72
[train] step 60: T=674 positions=16 loss=3.6412 ce=3.6412 tv=0.6662 conf=0.5398 grad_norm=33.7876 tensors_with_grad=69/72
[train] step 61: T=673 positions=16 loss=4.3561 ce=4.3561 tv=0.6767 conf=0.8168 grad_norm=25.9927 tensors_with_grad=69/72
[train] step 62: T=541 positions=16 loss=2.9781 ce=2.9781 tv=0.5342 conf=0.7217 grad_norm=14.6953 tensors_with_grad=69/72
[train] step 63: T=578 positions=16 loss=1.7975 ce=1.7975 tv=0.3922 conf=1.0669 grad_norm=39.4352 tensors_with_grad=69/72
[train] step 64: T=659 positions=16 loss=3.2711 ce=3.2711 tv=0.5654 conf=0.5627 grad_norm=21.7327 tensors_with_grad=69/72
[train] step 65: T=636 positions=16 loss=3.2817 ce=3.2817 tv=0.6432 conf=0.7281 grad_norm=24.2639 tensors_with_grad=69/72
[train] step 66: T=580 positions=16 loss=2.0646 ce=2.0646 tv=0.2671 conf=0.7374 grad_norm=18.5524 tensors_with_grad=69/72
[train] step 67: T=540 positions=16 loss=0.4686 ce=0.4686 tv=0.1868 conf=0.3571 grad_norm=20.0244 tensors_with_grad=69/72
[train] step 68: T=1036 positions=16 loss=4.6890 ce=4.6890 tv=0.6040 conf=0.5283 grad_norm=26.2262 tensors_with_grad=69/72
[train] step 69: T=574 positions=16 loss=4.9535 ce=4.9535 tv=0.6560 conf=0.5877 grad_norm=27.8880 tensors_with_grad=69/72
[train] step 70: T=585 positions=16 loss=1.8048 ce=1.8048 tv=0.2778 conf=0.7262 grad_norm=14.2186 tensors_with_grad=69/72
[train] step 71: T=548 positions=16 loss=2.9225 ce=2.9225 tv=0.4553 conf=0.8172 grad_norm=21.5590 tensors_with_grad=69/72
[train] step 72: T=654 positions=16 loss=3.2859 ce=3.2859 tv=0.6077 conf=0.7088 grad_norm=30.4600 tensors_with_grad=69/72
[train] step 73: T=545 positions=16 loss=2.2583 ce=2.2583 tv=0.4324 conf=0.7908 grad_norm=14.8973 tensors_with_grad=69/72
[train] step 74: T=675 positions=16 loss=2.4484 ce=2.4484 tv=0.3936 conf=0.5722 grad_norm=24.5884 tensors_with_grad=69/72
[train] step 75: T=580 positions=16 loss=4.7668 ce=4.7668 tv=0.6164 conf=0.8458 grad_norm=52.6511 tensors_with_grad=69/72
[train] step 76: T=602 positions=16 loss=1.9923 ce=1.9923 tv=0.4385 conf=0.6201 grad_norm=17.1927 tensors_with_grad=69/72
[train] step 77: T=535 positions=16 loss=3.3367 ce=3.3367 tv=0.5956 conf=0.8535 grad_norm=22.4539 tensors_with_grad=69/72
[train] step 78: T=621 positions=16 loss=2.5564 ce=2.5564 tv=0.3957 conf=0.6128 grad_norm=37.4104 tensors_with_grad=69/72
[train] step 79: T=540 positions=16 loss=1.4703 ce=1.4703 tv=0.1997 conf=0.6261 grad_norm=18.0779 tensors_with_grad=69/72
[train] step 80: T=1795 positions=16 loss=4.1409 ce=4.1409 tv=0.6139 conf=0.5848 grad_norm=32.9668 tensors_with_grad=69/72
[train] step 81: T=621 positions=16 loss=2.3228 ce=2.3228 tv=0.4168 conf=0.4807 grad_norm=19.0867 tensors_with_grad=69/72
[train] step 82: T=530 positions=16 loss=2.9767 ce=2.9767 tv=0.4784 conf=0.8407 grad_norm=19.0420 tensors_with_grad=69/72
[train] step 83: T=529 positions=16 loss=4.1429 ce=4.1429 tv=0.5747 conf=0.7779 grad_norm=30.1123 tensors_with_grad=69/72
[train] step 84: T=535 positions=16 loss=3.7899 ce=3.7899 tv=0.6515 conf=0.5103 grad_norm=19.2390 tensors_with_grad=69/72
[train] step 85: T=672 positions=16 loss=4.3084 ce=4.3084 tv=0.6856 conf=0.5378 grad_norm=31.8183 tensors_with_grad=69/72
[train] step 86: T=544 positions=16 loss=2.5211 ce=2.5211 tv=0.4754 conf=0.6199 grad_norm=19.7535 tensors_with_grad=69/72
[train] step 87: T=625 positions=16 loss=0.6838 ce=0.6838 tv=0.2866 conf=0.6638 grad_norm=13.2830 tensors_with_grad=69/72
[train] step 88: T=901 positions=16 loss=3.7827 ce=3.7827 tv=0.5695 conf=0.7646 grad_norm=29.9670 tensors_with_grad=69/72
[train] step 89: T=542 positions=16 loss=1.2803 ce=1.2803 tv=0.3688 conf=0.8352 grad_norm=16.1198 tensors_with_grad=69/72
[train] step 90: T=532 positions=16 loss=3.4435 ce=3.4435 tv=0.5094 conf=0.5873 grad_norm=31.4968 tensors_with_grad=69/72
[train] step 91: T=542 positions=16 loss=1.7566 ce=1.7566 tv=0.2779 conf=0.3744 grad_norm=14.7823 tensors_with_grad=69/72
[train] step 92: T=672 positions=16 loss=4.5909 ce=4.5909 tv=0.7401 conf=0.5626 grad_norm=37.8350 tensors_with_grad=69/72
[train] step 93: T=609 positions=16 loss=1.9367 ce=1.9367 tv=0.4800 conf=0.7605 grad_norm=15.7944 tensors_with_grad=69/72
[train] step 94: T=544 positions=16 loss=0.8569 ce=0.8569 tv=0.2845 conf=1.0007 grad_norm=9.5689 tensors_with_grad=69/72
[train] step 95: T=648 positions=16 loss=1.0169 ce=1.0169 tv=0.2359 conf=0.8532 grad_norm=19.4323 tensors_with_grad=69/72
[train] step 96: T=677 positions=16 loss=2.6491 ce=2.6491 tv=0.5221 conf=0.9921 grad_norm=19.2915 tensors_with_grad=69/72
[train] step 97: T=529 positions=16 loss=6.2737 ce=6.2737 tv=0.7367 conf=1.2472 grad_norm=79.6865 tensors_with_grad=69/72
[train] step 98: T=676 positions=16 loss=1.3110 ce=1.3110 tv=0.2036 conf=0.5200 grad_norm=19.6273 tensors_with_grad=69/72
[train] step 99: T=530 positions=16 loss=3.7272 ce=3.7272 tv=0.7283 conf=0.7957 grad_norm=25.2846 tensors_with_grad=69/72
[train] step 100: T=532 positions=16 loss=0.8753 ce=0.8753 tv=0.3132 conf=1.0893 grad_norm=19.3524 tensors_with_grad=69/72
[train] step 101: T=621 positions=16 loss=1.3790 ce=1.3790 tv=0.2634 conf=0.7241 grad_norm=26.2175 tensors_with_grad=69/72
[train] step 102: T=629 positions=16 loss=2.5903 ce=2.5903 tv=0.5394 conf=0.7021 grad_norm=32.7737 tensors_with_grad=69/72
[train] step 103: T=611 positions=16 loss=0.9531 ce=0.9531 tv=0.1656 conf=0.6226 grad_norm=15.3669 tensors_with_grad=69/72
[train] step 104: T=540 positions=16 loss=2.8991 ce=2.8991 tv=0.3518 conf=0.6971 grad_norm=34.8359 tensors_with_grad=69/72
[train] step 105: T=677 positions=16 loss=1.9280 ce=1.9280 tv=0.3089 conf=0.5095 grad_norm=18.7979 tensors_with_grad=69/72
[train] step 106: T=538 positions=16 loss=0.3811 ce=0.3811 tv=0.1719 conf=0.3060 grad_norm=21.9211 tensors_with_grad=69/72
[train] step 107: T=1718 positions=16 loss=3.7127 ce=3.7127 tv=0.5600 conf=0.5789 grad_norm=18.4353 tensors_with_grad=69/72
[train] step 108: T=540 positions=16 loss=5.2257 ce=5.2257 tv=0.6872 conf=0.7097 grad_norm=35.1530 tensors_with_grad=69/72
[train] step 109: T=524 positions=16 loss=3.9238 ce=3.9238 tv=0.5798 conf=0.7230 grad_norm=38.2632 tensors_with_grad=69/72
[train] step 110: T=672 positions=16 loss=3.7075 ce=3.7075 tv=0.5942 conf=0.4133 grad_norm=15.1068 tensors_with_grad=69/72
[train] step 111: T=526 positions=16 loss=1.0811 ce=1.0811 tv=0.2743 conf=0.5306 grad_norm=26.1200 tensors_with_grad=69/72
[train] step 112: T=539 positions=16 loss=1.1934 ce=1.1934 tv=0.2818 conf=0.5580 grad_norm=19.0753 tensors_with_grad=69/72
[train] step 113: T=1573 positions=16 loss=3.4723 ce=3.4723 tv=0.5132 conf=0.6196 grad_norm=13.9783 tensors_with_grad=69/72
[train] step 114: T=642 positions=16 loss=2.7257 ce=2.7257 tv=0.5429 conf=0.7828 grad_norm=14.7598 tensors_with_grad=69/72
[train] step 115: T=674 positions=16 loss=1.0505 ce=1.0505 tv=0.2349 conf=0.6274 grad_norm=14.1835 tensors_with_grad=69/72
[train] step 116: T=554 positions=16 loss=0.9528 ce=0.9528 tv=0.2285 conf=0.4687 grad_norm=11.7937 tensors_with_grad=69/72
[train] step 117: T=1185 positions=16 loss=3.9682 ce=3.9682 tv=0.6004 conf=0.8081 grad_norm=23.0967 tensors_with_grad=69/72
[train] step 118: T=598 positions=16 loss=2.4982 ce=2.4982 tv=0.4436 conf=1.1159 grad_norm=22.7790 tensors_with_grad=69/72
[train] step 119: T=531 positions=16 loss=2.8497 ce=2.8497 tv=0.3899 conf=0.8243 grad_norm=46.1327 tensors_with_grad=69/72
[train] step 120: T=982 positions=16 loss=3.5470 ce=3.5470 tv=0.5266 conf=1.0181 grad_norm=16.0981 tensors_with_grad=69/72
[train] step 121: T=529 positions=16 loss=2.5492 ce=2.5492 tv=0.5265 conf=1.2840 grad_norm=16.0752 tensors_with_grad=69/72
[train] step 122: T=629 positions=16 loss=2.4896 ce=2.4896 tv=0.5505 conf=0.9727 grad_norm=18.4501 tensors_with_grad=69/72
[train] step 123: T=526 positions=16 loss=3.0482 ce=3.0482 tv=0.5394 conf=0.7393 grad_norm=24.5547 tensors_with_grad=69/72
[train] step 124: T=618 positions=16 loss=1.7573 ce=1.7573 tv=0.2793 conf=0.8651 grad_norm=17.0218 tensors_with_grad=69/72
[train] step 125: T=534 positions=16 loss=1.9949 ce=1.9949 tv=0.4777 conf=1.1918 grad_norm=16.1969 tensors_with_grad=69/72
[train] step 126: T=535 positions=16 loss=1.7033 ce=1.7033 tv=0.3287 conf=0.6064 grad_norm=21.5468 tensors_with_grad=69/72
[train] step 127: T=567 positions=16 loss=3.9171 ce=3.9171 tv=0.5885 conf=1.1619 grad_norm=19.9312 tensors_with_grad=69/72
[train] step 128: T=1430 positions=16 loss=4.3308 ce=4.3308 tv=0.6419 conf=0.6006 grad_norm=22.7741 tensors_with_grad=69/72
[train] step 129: T=672 positions=16 loss=2.9103 ce=2.9103 tv=0.5108 conf=1.1249 grad_norm=25.7603 tensors_with_grad=69/72
[train] step 130: T=1798 positions=16 loss=5.5496 ce=5.5496 tv=0.6526 conf=0.6633 grad_norm=33.5523 tensors_with_grad=69/72
[train] step 131: T=611 positions=16 loss=1.8393 ce=1.8393 tv=0.4065 conf=0.7798 grad_norm=15.4011 tensors_with_grad=69/72
[train] step 132: T=667 positions=16 loss=6.3038 ce=6.3038 tv=0.6763 conf=0.8142 grad_norm=54.5094 tensors_with_grad=69/72
[train] step 133: T=655 positions=16 loss=2.7723 ce=2.7723 tv=0.4568 conf=0.5426 grad_norm=31.5331 tensors_with_grad=69/72
[train] step 134: T=1303 positions=16 loss=4.1050 ce=4.1050 tv=0.5209 conf=0.4570 grad_norm=24.8590 tensors_with_grad=69/72
[train] step 135: T=532 positions=16 loss=2.1104 ce=2.1104 tv=0.4243 conf=0.8014 grad_norm=25.2489 tensors_with_grad=69/72
[train] step 136: T=605 positions=16 loss=3.1052 ce=3.1052 tv=0.4728 conf=0.5590 grad_norm=15.3677 tensors_with_grad=69/72
[train] step 137: T=661 positions=16 loss=2.7166 ce=2.7166 tv=0.6047 conf=0.7387 grad_norm=15.9904 tensors_with_grad=69/72
[train] step 138: T=618 positions=16 loss=2.4445 ce=2.4445 tv=0.4030 conf=0.9089 grad_norm=25.0516 tensors_with_grad=69/72
[train] step 139: T=596 positions=16 loss=1.4860 ce=1.4860 tv=0.3633 conf=0.7215 grad_norm=40.3554 tensors_with_grad=69/72
[train] step 140: T=584 positions=16 loss=1.3280 ce=1.3280 tv=0.2030 conf=0.7013 grad_norm=15.2325 tensors_with_grad=69/72
[train] step 141: T=534 positions=16 loss=3.0862 ce=3.0862 tv=0.6183 conf=1.0031 grad_norm=17.0824 tensors_with_grad=69/72
[train] step 142: T=552 positions=16 loss=2.3107 ce=2.3107 tv=0.1767 conf=0.5460 grad_norm=8.6950 tensors_with_grad=69/72
[train] step 143: T=616 positions=16 loss=0.8828 ce=0.8828 tv=0.2605 conf=0.7555 grad_norm=13.0446 tensors_with_grad=69/72
[train] step 144: T=673 positions=16 loss=2.5635 ce=2.5635 tv=0.5493 conf=0.9064 grad_norm=19.3668 tensors_with_grad=69/72
[train] step 145: T=536 positions=16 loss=0.4558 ce=0.4558 tv=0.0924 conf=0.2809 grad_norm=5.1781 tensors_with_grad=69/72
[train] step 146: T=607 positions=16 loss=3.0473 ce=3.0473 tv=0.4224 conf=0.8754 grad_norm=37.5499 tensors_with_grad=69/72
[train] step 147: T=633 positions=16 loss=2.2833 ce=2.2833 tv=0.4879 conf=0.8550 grad_norm=13.4199 tensors_with_grad=69/72
[train] step 148: T=675 positions=16 loss=2.2863 ce=2.2863 tv=0.5453 conf=1.1107 grad_norm=15.0806 tensors_with_grad=69/72
[train] step 149: T=599 positions=16 loss=1.5438 ce=1.5438 tv=0.2617 conf=0.3187 grad_norm=18.7020 tensors_with_grad=69/72
[train] step 150: T=1014 positions=16 loss=3.1658 ce=3.1658 tv=0.5468 conf=0.6170 grad_norm=19.0196 tensors_with_grad=69/72
[train] step 151: T=532 positions=16 loss=1.9045 ce=1.9045 tv=0.3530 conf=0.5766 grad_norm=17.9698 tensors_with_grad=69/72
[train] step 152: T=553 positions=16 loss=0.9191 ce=0.9191 tv=0.2409 conf=0.5316 grad_norm=11.7682 tensors_with_grad=69/72
[train] step 153: T=529 positions=16 loss=2.7653 ce=2.7653 tv=0.4671 conf=0.7394 grad_norm=19.1780 tensors_with_grad=69/72
[train] step 154: T=584 positions=16 loss=1.6537 ce=1.6537 tv=0.3515 conf=0.6490 grad_norm=11.8113 tensors_with_grad=69/72
[train] step 155: T=572 positions=16 loss=2.9673 ce=2.9673 tv=0.5549 conf=0.8686 grad_norm=20.2486 tensors_with_grad=69/72
[train] step 156: T=542 positions=16 loss=1.6110 ce=1.6110 tv=0.4055 conf=0.6537 grad_norm=22.5787 tensors_with_grad=69/72
[train] step 157: T=533 positions=16 loss=2.3163 ce=2.3163 tv=0.4001 conf=0.6913 grad_norm=24.3935 tensors_with_grad=69/72
[train] step 158: T=545 positions=16 loss=2.5199 ce=2.5199 tv=0.3335 conf=0.6603 grad_norm=29.6605 tensors_with_grad=69/72
[train] step 159: T=534 positions=16 loss=2.0364 ce=2.0364 tv=0.5192 conf=0.8609 grad_norm=21.9480 tensors_with_grad=69/72
[train] step 160: T=539 positions=16 loss=1.4053 ce=1.4053 tv=0.2857 conf=0.7328 grad_norm=18.7760 tensors_with_grad=69/72
[train] step 161: T=540 positions=16 loss=0.9281 ce=0.9281 tv=0.2578 conf=0.5964 grad_norm=10.4895 tensors_with_grad=69/72
[train] step 162: T=567 positions=16 loss=2.1717 ce=2.1717 tv=0.3396 conf=0.4423 grad_norm=17.8143 tensors_with_grad=69/72
[train] step 163: T=603 positions=16 loss=0.6383 ce=0.6383 tv=0.1999 conf=0.7562 grad_norm=28.4463 tensors_with_grad=69/72
[train] step 164: T=675 positions=16 loss=2.7058 ce=2.7058 tv=0.4570 conf=0.7697 grad_norm=35.4805 tensors_with_grad=69/72
[train] step 165: T=585 positions=16 loss=2.5338 ce=2.5338 tv=0.4552 conf=0.7458 grad_norm=18.2146 tensors_with_grad=69/72
[train] step 166: T=672 positions=16 loss=3.0756 ce=3.0756 tv=0.6448 conf=1.2157 grad_norm=13.0186 tensors_with_grad=69/72
[train] step 167: T=1107 positions=16 loss=3.3390 ce=3.3390 tv=0.4213 conf=0.5122 grad_norm=28.6968 tensors_with_grad=69/72
[train] step 168: T=625 positions=16 loss=2.3082 ce=2.3082 tv=0.3716 conf=0.7576 grad_norm=40.7358 tensors_with_grad=69/72
[train] step 169: T=569 positions=16 loss=2.9510 ce=2.9510 tv=0.5419 conf=0.8523 grad_norm=20.7499 tensors_with_grad=69/72
[train] step 170: T=539 positions=16 loss=1.2068 ce=1.2068 tv=0.2930 conf=0.6500 grad_norm=22.6607 tensors_with_grad=69/72
[train] step 171: T=537 positions=16 loss=1.9766 ce=1.9766 tv=0.3581 conf=0.6552 grad_norm=14.1879 tensors_with_grad=69/72
[train] step 172: T=552 positions=16 loss=3.3058 ce=3.3058 tv=0.3770 conf=0.8725 grad_norm=23.3043 tensors_with_grad=69/72
[train] step 173: T=1793 positions=16 loss=5.1567 ce=5.1567 tv=0.6261 conf=0.9020 grad_norm=25.5741 tensors_with_grad=69/72
[train] step 174: T=649 positions=16 loss=2.7036 ce=2.7036 tv=0.5735 conf=1.0396 grad_norm=14.1369 tensors_with_grad=69/72
[train] step 175: T=542 positions=16 loss=0.9917 ce=0.9917 tv=0.2398 conf=0.6667 grad_norm=19.6135 tensors_with_grad=69/72
[train] step 176: T=672 positions=16 loss=3.7565 ce=3.7565 tv=0.7090 conf=0.7720 grad_norm=15.9980 tensors_with_grad=69/72
[train] step 177: T=537 positions=16 loss=3.8521 ce=3.8521 tv=0.5500 conf=0.6653 grad_norm=47.1571 tensors_with_grad=69/72
[train] step 178: T=532 positions=16 loss=1.0689 ce=1.0689 tv=0.1735 conf=0.5979 grad_norm=17.0503 tensors_with_grad=69/72
[train] step 179: T=546 positions=16 loss=1.6679 ce=1.6679 tv=0.2927 conf=0.7117 grad_norm=21.7022 tensors_with_grad=69/72
[train] step 180: T=531 positions=16 loss=2.9682 ce=2.9682 tv=0.5828 conf=1.0027 grad_norm=19.5216 tensors_with_grad=69/72
[train] step 181: T=542 positions=16 loss=3.0675 ce=3.0675 tv=0.5669 conf=0.9460 grad_norm=22.5343 tensors_with_grad=69/72
[train] step 182: T=558 positions=16 loss=1.5299 ce=1.5299 tv=0.3972 conf=0.7128 grad_norm=19.3625 tensors_with_grad=69/72
[train] step 183: T=576 positions=16 loss=3.8552 ce=3.8552 tv=0.5647 conf=0.8260 grad_norm=23.7957 tensors_with_grad=69/72
[train] step 184: T=631 positions=16 loss=1.4218 ce=1.4218 tv=0.2845 conf=0.6687 grad_norm=36.4976 tensors_with_grad=69/72
[train] step 185: T=551 positions=16 loss=2.3595 ce=2.3595 tv=0.3630 conf=1.1662 grad_norm=14.1996 tensors_with_grad=69/72
[train] step 186: T=529 positions=16 loss=2.0918 ce=2.0918 tv=0.4451 conf=0.7200 grad_norm=17.8368 tensors_with_grad=69/72
[train] step 187: T=658 positions=16 loss=1.4268 ce=1.4268 tv=0.3517 conf=0.7977 grad_norm=23.0139 tensors_with_grad=69/72
[train] step 188: T=600 positions=16 loss=3.2716 ce=3.2716 tv=0.6305 conf=0.7215 grad_norm=22.8605 tensors_with_grad=69/72
[train] step 189: T=630 positions=16 loss=1.3504 ce=1.3504 tv=0.2863 conf=0.6378 grad_norm=17.9232 tensors_with_grad=69/72
[train] step 190: T=623 positions=16 loss=2.2559 ce=2.2559 tv=0.5422 conf=0.8734 grad_norm=14.1124 tensors_with_grad=69/72
[train] step 191: T=975 positions=16 loss=4.4085 ce=4.4085 tv=0.6280 conf=0.6397 grad_norm=32.5633 tensors_with_grad=69/72
[train] step 192: T=581 positions=16 loss=1.1773 ce=1.1773 tv=0.2961 conf=0.7440 grad_norm=46.2155 tensors_with_grad=69/72
[train] step 193: T=529 positions=16 loss=4.1848 ce=4.1848 tv=0.6869 conf=0.6907 grad_norm=16.8732 tensors_with_grad=69/72
[train] step 194: T=672 positions=16 loss=2.5379 ce=2.5379 tv=0.4144 conf=0.6206 grad_norm=17.1803 tensors_with_grad=69/72
[train] step 195: T=1048 positions=16 loss=2.9064 ce=2.9064 tv=0.4547 conf=0.4877 grad_norm=10.7193 tensors_with_grad=69/72
[train] step 196: T=675 positions=16 loss=1.8701 ce=1.8701 tv=0.4341 conf=0.7996 grad_norm=19.1933 tensors_with_grad=69/72
[train] step 197: T=673 positions=16 loss=3.3548 ce=3.3548 tv=0.5278 conf=0.6493 grad_norm=36.3119 tensors_with_grad=69/72
[train] step 198: T=1340 positions=16 loss=3.4854 ce=3.4854 tv=0.5336 conf=0.9518 grad_norm=19.3507 tensors_with_grad=69/72
[train] step 199: T=539 positions=16 loss=3.5601 ce=3.5601 tv=0.5824 conf=0.7661 grad_norm=38.9825 tensors_with_grad=69/72
[train] step 200: T=546 positions=16 loss=2.5817 ce=2.5817 tv=0.4574 conf=0.9801 grad_norm=16.7645 tensors_with_grad=69/72
[train] step 201: T=673 positions=16 loss=3.0367 ce=3.0367 tv=0.6490 conf=0.7502 grad_norm=15.1663 tensors_with_grad=69/72
[train] step 202: T=528 positions=16 loss=0.9591 ce=0.9591 tv=0.1793 conf=0.3811 grad_norm=8.0394 tensors_with_grad=69/72
[train] step 203: T=560 positions=16 loss=2.3352 ce=2.3352 tv=0.4215 conf=0.8027 grad_norm=16.2802 tensors_with_grad=69/72
[train] step 204: T=549 positions=16 loss=3.4623 ce=3.4623 tv=0.5981 conf=0.8233 grad_norm=24.4538 tensors_with_grad=69/72
[train] step 205: T=546 positions=16 loss=2.0904 ce=2.0904 tv=0.4587 conf=0.5472 grad_norm=14.3828 tensors_with_grad=69/72
[train] step 206: T=528 positions=16 loss=2.5946 ce=2.5946 tv=0.5630 conf=0.7032 grad_norm=15.1509 tensors_with_grad=69/72
[train] step 207: T=672 positions=16 loss=3.8256 ce=3.8256 tv=0.6781 conf=0.7734 grad_norm=23.8928 tensors_with_grad=69/72
[train] step 208: T=620 positions=16 loss=2.7424 ce=2.7424 tv=0.4945 conf=0.8795 grad_norm=15.1603 tensors_with_grad=69/72
[train] step 209: T=537 positions=16 loss=0.2563 ce=0.2563 tv=0.1282 conf=0.4715 grad_norm=8.5188 tensors_with_grad=69/72
[train] step 210: T=590 positions=16 loss=1.5114 ce=1.5114 tv=0.3368 conf=0.9999 grad_norm=23.4597 tensors_with_grad=69/72
[train] step 211: T=877 positions=16 loss=3.1677 ce=3.1677 tv=0.5462 conf=0.6041 grad_norm=13.5925 tensors_with_grad=69/72
[train] step 212: T=1794 positions=16 loss=3.9231 ce=3.9231 tv=0.6336 conf=1.0709 grad_norm=22.8040 tensors_with_grad=69/72
[train] step 213: T=663 positions=16 loss=2.6635 ce=2.6635 tv=0.5773 conf=1.0526 grad_norm=12.8346 tensors_with_grad=69/72
[train] step 214: T=536 positions=16 loss=1.6756 ce=1.6756 tv=0.3123 conf=0.6490 grad_norm=23.5316 tensors_with_grad=69/72
[train] step 215: T=536 positions=16 loss=2.0879 ce=2.0879 tv=0.4303 conf=0.9583 grad_norm=18.5985 tensors_with_grad=69/72
[train] step 216: T=672 positions=16 loss=3.3649 ce=3.3649 tv=0.4971 conf=0.8635 grad_norm=18.9435 tensors_with_grad=69/72
[train] step 217: T=673 positions=16 loss=2.6743 ce=2.6743 tv=0.5420 conf=0.9755 grad_norm=15.6755 tensors_with_grad=69/72
[train] step 218: T=1355 positions=16 loss=5.4297 ce=5.4297 tv=0.5511 conf=0.5230 grad_norm=28.4345 tensors_with_grad=69/72
[train] step 219: T=528 positions=16 loss=3.1760 ce=3.1760 tv=0.6273 conf=0.9170 grad_norm=19.5765 tensors_with_grad=69/72
[train] step 220: T=526 positions=16 loss=1.9143 ce=1.9143 tv=0.4496 conf=0.8752 grad_norm=17.6706 tensors_with_grad=69/72
[train] step 221: T=674 positions=16 loss=2.6195 ce=2.6195 tv=0.3843 conf=0.6834 grad_norm=18.7640 tensors_with_grad=69/72
[train] step 222: T=534 positions=16 loss=2.1424 ce=2.1424 tv=0.3813 conf=1.0030 grad_norm=18.8840 tensors_with_grad=69/72
[train] step 223: T=561 positions=16 loss=0.9469 ce=0.9469 tv=0.2328 conf=0.7520 grad_norm=15.3614 tensors_with_grad=69/72
[train] step 224: T=630 positions=16 loss=2.9549 ce=2.9549 tv=0.5194 conf=0.6485 grad_norm=12.8428 tensors_with_grad=69/72
[train] step 225: T=672 positions=16 loss=3.4801 ce=3.4801 tv=0.6214 conf=0.8326 grad_norm=13.7474 tensors_with_grad=69/72
[train] step 226: T=605 positions=16 loss=2.0711 ce=2.0711 tv=0.5023 conf=0.9566 grad_norm=15.9560 tensors_with_grad=69/72
[train] step 227: T=525 positions=16 loss=2.2979 ce=2.2979 tv=0.5092 conf=0.9260 grad_norm=17.3006 tensors_with_grad=69/72
[train] step 228: T=672 positions=16 loss=2.8698 ce=2.8698 tv=0.5896 conf=1.1013 grad_norm=19.9708 tensors_with_grad=69/72
[train] step 229: T=539 positions=16 loss=2.0282 ce=2.0282 tv=0.4797 conf=0.9550 grad_norm=10.4421 tensors_with_grad=69/72
[train] step 230: T=672 positions=16 loss=3.4865 ce=3.4865 tv=0.6703 conf=0.6487 grad_norm=12.8577 tensors_with_grad=69/72
[train] step 231: T=584 positions=16 loss=1.5043 ce=1.5043 tv=0.2885 conf=0.8505 grad_norm=26.5999 tensors_with_grad=69/72
[train] step 232: T=529 positions=16 loss=1.6408 ce=1.6408 tv=0.3687 conf=0.7212 grad_norm=28.2411 tensors_with_grad=69/72
[train] step 233: T=528 positions=16 loss=2.5727 ce=2.5727 tv=0.4719 conf=0.8652 grad_norm=42.7008 tensors_with_grad=69/72
[train] step 234: T=1023 positions=16 loss=3.0891 ce=3.0891 tv=0.5617 conf=0.9471 grad_norm=18.1029 tensors_with_grad=69/72
[train] step 235: T=569 positions=16 loss=1.7249 ce=1.7249 tv=0.3564 conf=0.8550 grad_norm=12.2678 tensors_with_grad=69/72
[train] step 236: T=605 positions=16 loss=1.5377 ce=1.5377 tv=0.1877 conf=0.5220 grad_norm=18.7570 tensors_with_grad=69/72
[train] step 237: T=524 positions=16 loss=3.4392 ce=3.4392 tv=0.6474 conf=1.1266 grad_norm=20.5549 tensors_with_grad=69/72
[train] step 238: T=565 positions=16 loss=2.4767 ce=2.4767 tv=0.3453 conf=0.5577 grad_norm=21.0609 tensors_with_grad=69/72
[train] step 239: T=672 positions=16 loss=2.6394 ce=2.6394 tv=0.5030 conf=0.5947 grad_norm=12.3059 tensors_with_grad=69/72
[train] step 240: T=673 positions=16 loss=3.3508 ce=3.3508 tv=0.6290 conf=0.7472 grad_norm=12.5590 tensors_with_grad=69/72
[train] step 241: T=1797 positions=16 loss=3.3409 ce=3.3409 tv=0.5414 conf=1.1862 grad_norm=22.6433 tensors_with_grad=69/72
[train] step 242: T=529 positions=16 loss=2.8436 ce=2.8436 tv=0.5688 conf=1.0638 grad_norm=14.7282 tensors_with_grad=69/72
[train] step 243: T=534 positions=16 loss=1.0457 ce=1.0457 tv=0.2088 conf=0.8968 grad_norm=11.3328 tensors_with_grad=69/72
[train] step 244: T=526 positions=16 loss=2.2720 ce=2.2720 tv=0.4524 conf=0.7289 grad_norm=23.4918 tensors_with_grad=69/72
[train] step 245: T=525 positions=16 loss=1.3783 ce=1.3783 tv=0.3037 conf=0.6122 grad_norm=14.6769 tensors_with_grad=69/72
[train] step 246: T=588 positions=16 loss=0.6010 ce=0.6010 tv=0.1684 conf=0.6421 grad_norm=12.0095 tensors_with_grad=69/72
[train] step 247: T=624 positions=16 loss=1.5177 ce=1.5177 tv=0.3480 conf=1.0743 grad_norm=11.5255 tensors_with_grad=69/72
[train] step 248: T=535 positions=16 loss=1.3987 ce=1.3987 tv=0.3055 conf=0.6096 grad_norm=14.7988 tensors_with_grad=69/72
[train] step 249: T=535 positions=16 loss=2.1014 ce=2.1014 tv=0.3297 conf=0.6233 grad_norm=14.8721 tensors_with_grad=69/72
[train] step 250: T=672 positions=16 loss=3.7436 ce=3.7436 tv=0.5751 conf=1.1388 grad_norm=19.7866 tensors_with_grad=69/72
[train] step 251: T=672 positions=16 loss=3.0707 ce=3.0707 tv=0.5025 conf=0.6778 grad_norm=15.5316 tensors_with_grad=69/72
[train] step 252: T=591 positions=16 loss=2.4390 ce=2.4390 tv=0.3423 conf=0.9219 grad_norm=26.7956 tensors_with_grad=69/72
[train] step 253: T=527 positions=16 loss=2.5730 ce=2.5730 tv=0.5110 conf=0.7838 grad_norm=18.0589 tensors_with_grad=69/72
[train] step 254: T=535 positions=16 loss=1.4036 ce=1.4036 tv=0.3171 conf=0.6441 grad_norm=15.6860 tensors_with_grad=69/72
[train] step 255: T=673 positions=16 loss=4.3797 ce=4.3797 tv=0.5401 conf=0.8928 grad_norm=42.3230 tensors_with_grad=69/72
[train] step 256: T=527 positions=16 loss=1.2260 ce=1.2260 tv=0.3071 conf=0.8569 grad_norm=13.5062 tensors_with_grad=69/72
[train] step 257: T=574 positions=16 loss=2.0770 ce=2.0770 tv=0.4538 conf=0.8510 grad_norm=23.2457 tensors_with_grad=69/72
[train] step 258: T=527 positions=16 loss=1.9849 ce=1.9849 tv=0.4467 conf=0.9315 grad_norm=27.3471 tensors_with_grad=69/72
[train] step 259: T=1362 positions=16 loss=4.8698 ce=4.8698 tv=0.6417 conf=0.5426 grad_norm=21.1539 tensors_with_grad=69/72
[train] step 260: T=622 positions=16 loss=2.2229 ce=2.2229 tv=0.4577 conf=0.6556 grad_norm=20.9281 tensors_with_grad=69/72
[train] step 261: T=538 positions=16 loss=0.8969 ce=0.8969 tv=0.2256 conf=0.4302 grad_norm=11.0005 tensors_with_grad=69/72
[train] step 262: T=1019 positions=16 loss=3.2765 ce=3.2765 tv=0.5576 conf=0.7126 grad_norm=20.8583 tensors_with_grad=69/72
[train] step 263: T=561 positions=16 loss=1.3512 ce=1.3512 tv=0.3205 conf=0.5496 grad_norm=18.1502 tensors_with_grad=69/72
[train] step 264: T=622 positions=16 loss=2.2401 ce=2.2401 tv=0.4680 conf=0.7484 grad_norm=14.6808 tensors_with_grad=69/72
[train] step 265: T=594 positions=16 loss=0.6610 ce=0.6610 tv=0.1943 conf=0.7191 grad_norm=11.7385 tensors_with_grad=69/72
[train] step 266: T=654 positions=16 loss=2.5809 ce=2.5809 tv=0.4591 conf=0.6661 grad_norm=18.7524 tensors_with_grad=69/72
[train] step 267: T=643 positions=16 loss=1.6879 ce=1.6879 tv=0.3460 conf=1.0647 grad_norm=23.2289 tensors_with_grad=69/72
[train] step 268: T=672 positions=16 loss=3.3909 ce=3.3909 tv=0.5333 conf=0.8483 grad_norm=44.4653 tensors_with_grad=69/72
[train] step 269: T=639 positions=16 loss=2.7396 ce=2.7396 tv=0.3416 conf=0.7838 grad_norm=15.8113 tensors_with_grad=69/72
[train] step 270: T=533 positions=16 loss=0.7880 ce=0.7880 tv=0.2010 conf=0.6490 grad_norm=12.4552 tensors_with_grad=69/72
[train] step 271: T=576 positions=16 loss=1.3686 ce=1.3686 tv=0.3517 conf=1.0836 grad_norm=14.4149 tensors_with_grad=69/72
[train] step 272: T=872 positions=16 loss=3.0100 ce=3.0100 tv=0.4696 conf=0.4484 grad_norm=18.1022 tensors_with_grad=69/72
[train] step 273: T=543 positions=16 loss=1.8941 ce=1.8941 tv=0.3678 conf=0.7131 grad_norm=15.5679 tensors_with_grad=69/72
[train] step 274: T=560 positions=16 loss=2.0372 ce=2.0372 tv=0.4359 conf=0.7209 grad_norm=16.7490 tensors_with_grad=69/72
[train] step 275: T=892 positions=16 loss=4.4838 ce=4.4838 tv=0.6357 conf=0.8056 grad_norm=37.5745 tensors_with_grad=69/72
[train] step 276: T=546 positions=16 loss=3.1134 ce=3.1134 tv=0.6359 conf=1.1575 grad_norm=17.0434 tensors_with_grad=69/72
[train] step 277: T=528 positions=16 loss=1.1009 ce=1.1009 tv=0.1729 conf=1.0393 grad_norm=19.3546 tensors_with_grad=69/72
[train] step 278: T=539 positions=16 loss=1.1216 ce=1.1216 tv=0.2363 conf=0.5453 grad_norm=9.9711 tensors_with_grad=69/72
[train] step 279: T=672 positions=16 loss=2.3422 ce=2.3422 tv=0.6185 conf=1.1209 grad_norm=19.5736 tensors_with_grad=69/72
[train] step 280: T=621 positions=16 loss=1.7272 ce=1.7272 tv=0.3816 conf=1.0399 grad_norm=16.9893 tensors_with_grad=69/72
[train] step 281: T=672 positions=16 loss=3.1049 ce=3.1049 tv=0.4864 conf=1.1233 grad_norm=13.4076 tensors_with_grad=69/72
[train] step 282: T=613 positions=16 loss=1.8606 ce=1.8606 tv=0.4030 conf=0.9030 grad_norm=11.5384 tensors_with_grad=69/72
[train] step 283: T=607 positions=16 loss=1.8835 ce=1.8835 tv=0.3710 conf=0.8788 grad_norm=53.8776 tensors_with_grad=69/72
[train] step 284: T=673 positions=16 loss=2.3628 ce=2.3628 tv=0.5849 conf=1.0163 grad_norm=18.5024 tensors_with_grad=69/72
[train] step 285: T=533 positions=16 loss=1.9840 ce=1.9840 tv=0.4224 conf=0.8084 grad_norm=21.0424 tensors_with_grad=69/72
[train] step 286: T=525 positions=16 loss=1.7205 ce=1.7205 tv=0.3962 conf=0.7254 grad_norm=13.5159 tensors_with_grad=69/72
[train] step 287: T=524 positions=16 loss=2.7125 ce=2.7125 tv=0.5563 conf=1.0325 grad_norm=13.6519 tensors_with_grad=69/72
[train] step 288: T=525 positions=16 loss=2.9227 ce=2.9227 tv=0.5555 conf=0.5995 grad_norm=11.6587 tensors_with_grad=69/72
[train] step 289: T=546 positions=16 loss=2.4912 ce=2.4912 tv=0.4868 conf=0.6119 grad_norm=13.4121 tensors_with_grad=69/72
[train] step 290: T=604 positions=16 loss=1.6478 ce=1.6478 tv=0.3579 conf=0.8333 grad_norm=15.6263 tensors_with_grad=69/72
[train] step 291: T=528 positions=16 loss=2.6180 ce=2.6180 tv=0.4943 conf=0.8431 grad_norm=30.1406 tensors_with_grad=69/72
[train] step 292: T=533 positions=16 loss=2.3011 ce=2.3011 tv=0.4623 conf=0.6854 grad_norm=11.4168 tensors_with_grad=69/72
[train] step 293: T=545 positions=16 loss=1.0284 ce=1.0284 tv=0.2504 conf=0.6346 grad_norm=13.4541 tensors_with_grad=69/72
[train] step 294: T=591 positions=16 loss=1.1665 ce=1.1665 tv=0.3778 conf=0.9298 grad_norm=21.1410 tensors_with_grad=69/72
[train] step 295: T=990 positions=16 loss=3.3996 ce=3.3996 tv=0.5250 conf=0.8961 grad_norm=16.4426 tensors_with_grad=69/72
[train] step 296: T=605 positions=16 loss=1.3493 ce=1.3493 tv=0.3513 conf=0.9278 grad_norm=16.7024 tensors_with_grad=69/72
[train] step 297: T=1219 positions=16 loss=3.4210 ce=3.4210 tv=0.5076 conf=0.7403 grad_norm=19.9830 tensors_with_grad=69/72
[train] step 298: T=541 positions=16 loss=1.7708 ce=1.7708 tv=0.4557 conf=1.4062 grad_norm=23.1521 tensors_with_grad=69/72
[train] step 299: T=556 positions=16 loss=2.2834 ce=2.2834 tv=0.3026 conf=0.4744 grad_norm=24.0387 tensors_with_grad=69/72
[train] step 300: T=536 positions=16 loss=1.1251 ce=1.1251 tv=0.3491 conf=0.8273 grad_norm=20.8206 tensors_with_grad=69/72
[train] step 301: T=527 positions=16 loss=1.9154 ce=1.9154 tv=0.4262 conf=0.8558 grad_norm=17.8527 tensors_with_grad=69/72
[train] step 302: T=932 positions=16 loss=3.9063 ce=3.9063 tv=0.6238 conf=0.8405 grad_norm=23.2042 tensors_with_grad=69/72
[train] step 303: T=528 positions=16 loss=2.7918 ce=2.7918 tv=0.5550 conf=0.7142 grad_norm=13.3339 tensors_with_grad=69/72
[train] step 304: T=1083 positions=16 loss=2.7020 ce=2.7020 tv=0.4999 conf=0.7023 grad_norm=18.5847 tensors_with_grad=69/72
[train] step 305: T=537 positions=16 loss=0.8659 ce=0.8659 tv=0.1509 conf=0.3204 grad_norm=9.5818 tensors_with_grad=69/72
[train] step 306: T=600 positions=16 loss=1.1613 ce=1.1613 tv=0.3119 conf=0.6052 grad_norm=16.3053 tensors_with_grad=69/72
[train] step 307: T=1483 positions=16 loss=3.5784 ce=3.5784 tv=0.5312 conf=0.8348 grad_norm=18.5231 tensors_with_grad=69/72
[train] step 308: T=538 positions=16 loss=2.6764 ce=2.6764 tv=0.5297 conf=0.9072 grad_norm=20.1219 tensors_with_grad=69/72
[train] step 309: T=883 positions=16 loss=3.6427 ce=3.6427 tv=0.4730 conf=0.6239 grad_norm=20.2585 tensors_with_grad=69/72
[train] step 310: T=611 positions=16 loss=1.6219 ce=1.6219 tv=0.4252 conf=1.0716 grad_norm=28.8307 tensors_with_grad=69/72
[train] step 311: T=535 positions=16 loss=0.4581 ce=0.4581 tv=0.1372 conf=0.4212 grad_norm=7.3543 tensors_with_grad=69/72
[train] step 312: T=951 positions=16 loss=2.4531 ce=2.4531 tv=0.4431 conf=0.7766 grad_norm=15.8443 tensors_with_grad=69/72
[train] step 313: T=530 positions=16 loss=2.6191 ce=2.6191 tv=0.6143 conf=1.1658 grad_norm=21.8953 tensors_with_grad=69/72
[train] step 314: T=673 positions=16 loss=2.0346 ce=2.0346 tv=0.3999 conf=0.5832 grad_norm=12.5264 tensors_with_grad=69/72
[train] step 315: T=652 positions=16 loss=2.8659 ce=2.8659 tv=0.5945 conf=0.7576 grad_norm=14.0325 tensors_with_grad=69/72
[train] step 316: T=531 positions=16 loss=1.8973 ce=1.8973 tv=0.4863 conf=1.0166 grad_norm=19.3973 tensors_with_grad=69/72
[train] step 317: T=676 positions=16 loss=2.8489 ce=2.8489 tv=0.5554 conf=0.5837 grad_norm=12.6891 tensors_with_grad=69/72
[train] step 318: T=535 positions=16 loss=3.2590 ce=3.2590 tv=0.4876 conf=0.8519 grad_norm=26.8329 tensors_with_grad=69/72
[train] step 319: T=673 positions=16 loss=2.8407 ce=2.8407 tv=0.5401 conf=0.8398 grad_norm=14.7677 tensors_with_grad=69/72
[train] step 320: T=535 positions=16 loss=2.0737 ce=2.0737 tv=0.3987 conf=0.7805 grad_norm=18.3465 tensors_with_grad=69/72
[train] step 321: T=535 positions=16 loss=3.5230 ce=3.5230 tv=0.5884 conf=0.6641 grad_norm=15.5815 tensors_with_grad=69/72
[train] step 322: T=677 positions=16 loss=2.8091 ce=2.8091 tv=0.4871 conf=0.6848 grad_norm=21.4750 tensors_with_grad=69/72
[train] step 323: T=925 positions=16 loss=3.0951 ce=3.0951 tv=0.5574 conf=0.9759 grad_norm=15.4283 tensors_with_grad=69/72
[train] step 324: T=533 positions=16 loss=3.9782 ce=3.9782 tv=0.6431 conf=0.7003 grad_norm=24.0578 tensors_with_grad=69/72
[train] step 325: T=670 positions=16 loss=2.3663 ce=2.3663 tv=0.4383 conf=0.8555 grad_norm=23.0060 tensors_with_grad=69/72
[train] step 326: T=531 positions=16 loss=1.7876 ce=1.7876 tv=0.3265 conf=0.6601 grad_norm=17.5122 tensors_with_grad=69/72
[train] step 327: T=630 positions=16 loss=1.7984 ce=1.7984 tv=0.3750 conf=0.7984 grad_norm=20.9277 tensors_with_grad=69/72
[train] step 328: T=543 positions=16 loss=1.4495 ce=1.4495 tv=0.3281 conf=0.6672 grad_norm=17.0251 tensors_with_grad=69/72
[train] step 329: T=1060 positions=16 loss=4.0615 ce=4.0615 tv=0.5486 conf=0.5465 grad_norm=15.4743 tensors_with_grad=69/72
[train] step 330: T=532 positions=16 loss=1.8730 ce=1.8730 tv=0.3715 conf=0.9053 grad_norm=21.0962 tensors_with_grad=69/72
[train] step 331: T=553 positions=16 loss=2.1306 ce=2.1306 tv=0.3994 conf=0.9018 grad_norm=20.2281 tensors_with_grad=69/72
[train] step 332: T=526 positions=16 loss=3.1301 ce=3.1301 tv=0.6186 conf=0.9211 grad_norm=20.3913 tensors_with_grad=69/72
[train] step 333: T=591 positions=16 loss=3.0507 ce=3.0507 tv=0.6014 conf=0.8724 grad_norm=13.6499 tensors_with_grad=69/72
[train] step 334: T=581 positions=16 loss=2.9633 ce=2.9633 tv=0.3503 conf=0.8580 grad_norm=26.3962 tensors_with_grad=69/72
[train] step 335: T=572 positions=16 loss=0.7013 ce=0.7013 tv=0.1628 conf=0.5591 grad_norm=8.4172 tensors_with_grad=69/72
[train] step 336: T=638 positions=16 loss=1.6126 ce=1.6126 tv=0.4141 conf=0.6550 grad_norm=14.2434 tensors_with_grad=69/72
[train] step 337: T=536 positions=16 loss=1.0655 ce=1.0655 tv=0.2350 conf=0.6576 grad_norm=22.7791 tensors_with_grad=69/72
[train] step 338: T=1571 positions=16 loss=2.9747 ce=2.9747 tv=0.4333 conf=0.7370 grad_norm=10.5031 tensors_with_grad=69/72
[train] step 339: T=677 positions=16 loss=1.7614 ce=1.7614 tv=0.3476 conf=0.9157 grad_norm=13.6844 tensors_with_grad=69/72
[train] step 340: T=1103 positions=16 loss=3.6236 ce=3.6236 tv=0.5125 conf=0.8084 grad_norm=25.4117 tensors_with_grad=69/72
[train] step 341: T=674 positions=16 loss=2.8930 ce=2.8930 tv=0.5626 conf=1.1100 grad_norm=9.4799 tensors_with_grad=69/72
[train] step 342: T=620 positions=16 loss=4.0865 ce=4.0865 tv=0.5817 conf=1.0038 grad_norm=37.4221 tensors_with_grad=69/72
[train] step 343: T=561 positions=16 loss=0.9909 ce=0.9909 tv=0.2419 conf=0.7266 grad_norm=28.5650 tensors_with_grad=69/72
[train] step 344: T=544 positions=16 loss=1.9940 ce=1.9940 tv=0.3317 conf=0.5818 grad_norm=20.0903 tensors_with_grad=69/72
[train] step 345: T=847 positions=16 loss=3.7789 ce=3.7789 tv=0.6055 conf=0.6198 grad_norm=21.4640 tensors_with_grad=69/72
[train] step 346: T=628 positions=16 loss=0.8781 ce=0.8781 tv=0.2198 conf=0.9628 grad_norm=9.4276 tensors_with_grad=69/72
[train] step 347: T=672 positions=16 loss=2.6893 ce=2.6893 tv=0.4985 conf=0.9750 grad_norm=13.8809 tensors_with_grad=69/72
[train] step 348: T=536 positions=16 loss=1.4109 ce=1.4109 tv=0.3824 conf=0.9851 grad_norm=15.6303 tensors_with_grad=69/72
[train] step 349: T=536 positions=16 loss=1.0053 ce=1.0053 tv=0.2675 conf=0.8347 grad_norm=11.5000 tensors_with_grad=69/72
[train] step 350: T=526 positions=16 loss=1.4837 ce=1.4837 tv=0.2848 conf=0.8758 grad_norm=19.9528 tensors_with_grad=69/72
[train] step 351: T=576 positions=16 loss=1.6477 ce=1.6477 tv=0.4081 conf=0.9242 grad_norm=11.9806 tensors_with_grad=69/72
[train] step 352: T=554 positions=16 loss=2.9376 ce=2.9376 tv=0.4821 conf=1.2008 grad_norm=14.8513 tensors_with_grad=69/72
[train] step 353: T=532 positions=16 loss=1.4755 ce=1.4755 tv=0.2926 conf=1.2095 grad_norm=10.8571 tensors_with_grad=69/72
[train] step 354: T=1014 positions=16 loss=3.5182 ce=3.5182 tv=0.5604 conf=0.8054 grad_norm=21.5283 tensors_with_grad=69/72
[train] step 355: T=531 positions=16 loss=1.2865 ce=1.2865 tv=0.3280 conf=0.7229 grad_norm=10.2565 tensors_with_grad=69/72
[train] step 356: T=677 positions=16 loss=2.7752 ce=2.7752 tv=0.5699 conf=0.8000 grad_norm=12.5519 tensors_with_grad=69/72
[train] step 357: T=1205 positions=16 loss=3.7305 ce=3.7305 tv=0.5130 conf=0.7126 grad_norm=14.0058 tensors_with_grad=69/72
[train] step 358: T=618 positions=16 loss=1.6885 ce=1.6885 tv=0.3828 conf=1.1367 grad_norm=23.5705 tensors_with_grad=69/72
[train] step 359: T=654 positions=16 loss=2.9459 ce=2.9459 tv=0.5926 conf=0.7816 grad_norm=13.8042 tensors_with_grad=69/72
[train] step 360: T=615 positions=16 loss=1.4053 ce=1.4053 tv=0.2913 conf=0.7096 grad_norm=14.9321 tensors_with_grad=69/72
[train] step 361: T=541 positions=16 loss=2.3994 ce=2.3994 tv=0.3515 conf=0.7301 grad_norm=19.8323 tensors_with_grad=69/72
[train] step 362: T=567 positions=16 loss=0.5796 ce=0.5796 tv=0.2094 conf=0.6009 grad_norm=20.7811 tensors_with_grad=69/72
[train] step 363: T=653 positions=16 loss=3.7184 ce=3.7184 tv=0.5986 conf=1.0315 grad_norm=20.5810 tensors_with_grad=69/72
[train] step 364: T=532 positions=16 loss=1.8377 ce=1.8377 tv=0.3148 conf=1.5260 grad_norm=23.5309 tensors_with_grad=69/72
[train] step 365: T=543 positions=16 loss=0.6819 ce=0.6819 tv=0.1505 conf=0.4817 grad_norm=8.4983 tensors_with_grad=69/72
[train] step 366: T=565 positions=16 loss=1.5398 ce=1.5398 tv=0.3430 conf=1.2776 grad_norm=10.6358 tensors_with_grad=69/72
[train] step 367: T=528 positions=16 loss=1.9648 ce=1.9648 tv=0.3794 conf=1.0776 grad_norm=17.7327 tensors_with_grad=69/72
[train] step 368: T=1007 positions=16 loss=5.8882 ce=5.8882 tv=0.6849 conf=0.4613 grad_norm=25.5133 tensors_with_grad=69/72
[train] step 369: T=601 positions=16 loss=2.1576 ce=2.1576 tv=0.3060 conf=0.8109 grad_norm=22.9420 tensors_with_grad=69/72
[train] step 370: T=538 positions=16 loss=0.8535 ce=0.8535 tv=0.2653 conf=0.7426 grad_norm=26.2831 tensors_with_grad=69/72
[train] step 371: T=648 positions=16 loss=1.9233 ce=1.9233 tv=0.3989 conf=0.7677 grad_norm=14.6193 tensors_with_grad=69/72
[train] step 372: T=607 positions=16 loss=1.6971 ce=1.6971 tv=0.3854 conf=0.9204 grad_norm=18.1435 tensors_with_grad=69/72
[train] step 373: T=526 positions=16 loss=2.2584 ce=2.2584 tv=0.5100 conf=0.6559 grad_norm=11.1728 tensors_with_grad=69/72
[train] step 374: T=527 positions=16 loss=3.4817 ce=3.4817 tv=0.7697 conf=0.9760 grad_norm=35.8023 tensors_with_grad=69/72
[train] step 375: T=1179 positions=16 loss=4.2630 ce=4.2630 tv=0.6131 conf=0.7352 grad_norm=29.7960 tensors_with_grad=69/72
[train] step 376: T=546 positions=16 loss=1.5198 ce=1.5198 tv=0.3070 conf=0.8033 grad_norm=12.7820 tensors_with_grad=69/72
[train] step 377: T=543 positions=16 loss=1.3766 ce=1.3766 tv=0.3078 conf=0.7352 grad_norm=15.9394 tensors_with_grad=69/72
[train] step 378: T=612 positions=16 loss=0.4769 ce=0.4769 tv=0.2001 conf=0.6886 grad_norm=15.2874 tensors_with_grad=69/72
[train] step 379: T=1629 positions=16 loss=3.4555 ce=3.4555 tv=0.5838 conf=0.7231 grad_norm=17.9392 tensors_with_grad=69/72
[train] step 380: T=595 positions=16 loss=1.4945 ce=1.4945 tv=0.3490 conf=0.8504 grad_norm=20.6532 tensors_with_grad=69/72
[train] step 381: T=583 positions=16 loss=0.8763 ce=0.8763 tv=0.1717 conf=0.8522 grad_norm=12.3544 tensors_with_grad=69/72
[train] step 382: T=548 positions=16 loss=1.2382 ce=1.2382 tv=0.2941 conf=0.5853 grad_norm=17.9491 tensors_with_grad=69/72
[train] step 383: T=536 positions=16 loss=0.8696 ce=0.8696 tv=0.1937 conf=0.8783 grad_norm=15.4847 tensors_with_grad=69/72
[train] step 384: T=1747 positions=16 loss=4.2061 ce=4.2061 tv=0.5956 conf=0.7628 grad_norm=13.6655 tensors_with_grad=69/72
[train] step 385: T=532 positions=16 loss=1.8131 ce=1.8131 tv=0.3105 conf=0.7913 grad_norm=17.4528 tensors_with_grad=69/72
[train] step 386: T=562 positions=16 loss=1.2700 ce=1.2700 tv=0.3037 conf=0.7323 grad_norm=11.3087 tensors_with_grad=69/72
[train] step 387: T=595 positions=16 loss=0.7264 ce=0.7264 tv=0.2012 conf=0.5780 grad_norm=10.8916 tensors_with_grad=69/72
[train] step 388: T=534 positions=16 loss=0.7123 ce=0.7123 tv=0.1770 conf=0.6947 grad_norm=10.3430 tensors_with_grad=69/72
[train] step 389: T=989 positions=16 loss=3.3295 ce=3.3295 tv=0.4573 conf=0.5734 grad_norm=25.4422 tensors_with_grad=69/72
[train] step 390: T=593 positions=16 loss=0.9610 ce=0.9610 tv=0.2770 conf=0.5862 grad_norm=15.4398 tensors_with_grad=69/72
[train] step 391: T=1051 positions=16 loss=4.2458 ce=4.2458 tv=0.5336 conf=0.5545 grad_norm=36.7007 tensors_with_grad=69/72
[train] step 392: T=539 positions=16 loss=3.2034 ce=3.2034 tv=0.5809 conf=0.8498 grad_norm=38.6765 tensors_with_grad=69/72
[train] step 393: T=919 positions=16 loss=3.3089 ce=3.3089 tv=0.5161 conf=0.7507 grad_norm=16.4236 tensors_with_grad=69/72
[train] step 394: T=675 positions=16 loss=2.3085 ce=2.3085 tv=0.4402 conf=0.8591 grad_norm=22.8337 tensors_with_grad=69/72
[train] step 395: T=537 positions=16 loss=0.4017 ce=0.4017 tv=0.1721 conf=0.6271 grad_norm=8.0575 tensors_with_grad=69/72
[train] step 396: T=586 positions=16 loss=1.3350 ce=1.3350 tv=0.3004 conf=0.8280 grad_norm=41.8330 tensors_with_grad=69/72
[train] step 397: T=528 positions=16 loss=2.7336 ce=2.7336 tv=0.4008 conf=0.7961 grad_norm=20.1345 tensors_with_grad=69/72
[train] step 398: T=563 positions=16 loss=0.8168 ce=0.8168 tv=0.2186 conf=0.3392 grad_norm=7.6630 tensors_with_grad=69/72
[train] step 399: T=577 positions=16 loss=3.7857 ce=3.7857 tv=0.5989 conf=0.9068 grad_norm=16.2752 tensors_with_grad=69/72
[train] step 400: T=566 positions=16 loss=1.3341 ce=1.3341 tv=0.3154 conf=0.7989 grad_norm=24.3754 tensors_with_grad=69/72
[train] step 401: T=545 positions=16 loss=1.8022 ce=1.8022 tv=0.3419 conf=0.3993 grad_norm=20.5840 tensors_with_grad=69/72
[train] step 402: T=1166 positions=16 loss=3.5423 ce=3.5423 tv=0.4713 conf=0.6496 grad_norm=17.2746 tensors_with_grad=69/72
[train] step 403: T=622 positions=16 loss=1.0602 ce=1.0602 tv=0.2866 conf=0.7318 grad_norm=14.4645 tensors_with_grad=69/72
[train] step 404: T=533 positions=16 loss=1.9289 ce=1.9289 tv=0.3299 conf=0.3690 grad_norm=14.5223 tensors_with_grad=69/72
[train] step 405: T=619 positions=16 loss=0.5759 ce=0.5759 tv=0.1633 conf=0.4240 grad_norm=11.3572 tensors_with_grad=69/72
[train] step 406: T=537 positions=16 loss=1.4356 ce=1.4356 tv=0.3655 conf=1.0247 grad_norm=17.9666 tensors_with_grad=69/72
[train] step 407: T=592 positions=16 loss=2.3597 ce=2.3597 tv=0.4683 conf=0.9580 grad_norm=33.1075 tensors_with_grad=69/72
[train] step 408: T=528 positions=16 loss=2.6717 ce=2.6717 tv=0.5161 conf=0.8004 grad_norm=10.8756 tensors_with_grad=69/72
[train] step 409: T=653 positions=16 loss=1.0988 ce=1.0988 tv=0.3268 conf=0.8377 grad_norm=11.5247 tensors_with_grad=69/72
[train] step 410: T=577 positions=16 loss=1.6927 ce=1.6927 tv=0.3992 conf=0.9388 grad_norm=10.5963 tensors_with_grad=69/72
[train] step 411: T=618 positions=16 loss=1.8214 ce=1.8214 tv=0.4281 conf=0.9387 grad_norm=19.2973 tensors_with_grad=69/72
[train] step 412: T=524 positions=16 loss=3.0273 ce=3.0273 tv=0.5665 conf=0.8417 grad_norm=15.1789 tensors_with_grad=69/72
[train] step 413: T=524 positions=16 loss=3.1923 ce=3.1923 tv=0.5921 conf=0.6576 grad_norm=19.7061 tensors_with_grad=69/72
[train] step 414: T=608 positions=16 loss=0.7092 ce=0.7092 tv=0.2359 conf=0.6934 grad_norm=6.8251 tensors_with_grad=69/72
[train] step 415: T=532 positions=16 loss=2.4768 ce=2.4768 tv=0.4816 conf=0.5619 grad_norm=7.8829 tensors_with_grad=69/72
[train] step 416: T=665 positions=16 loss=1.0148 ce=1.0148 tv=0.2131 conf=0.6832 grad_norm=8.6195 tensors_with_grad=69/72
[train] step 417: T=559 positions=16 loss=1.0402 ce=1.0402 tv=0.2392 conf=0.5506 grad_norm=7.4559 tensors_with_grad=69/72
[train] step 418: T=600 positions=16 loss=4.0151 ce=4.0151 tv=0.5894 conf=0.9918 grad_norm=19.6603 tensors_with_grad=69/72
[train] step 419: T=645 positions=16 loss=3.6081 ce=3.6081 tv=0.6751 conf=0.8869 grad_norm=21.3495 tensors_with_grad=69/72
[train] step 420: T=1002 positions=16 loss=4.2040 ce=4.2040 tv=0.5687 conf=1.0282 grad_norm=23.3324 tensors_with_grad=69/72
[train] step 421: T=584 positions=16 loss=3.3032 ce=3.3032 tv=0.5692 conf=0.8739 grad_norm=42.8920 tensors_with_grad=69/72
[train] step 422: T=678 positions=16 loss=3.7148 ce=3.7148 tv=0.6020 conf=0.7102 grad_norm=31.9012 tensors_with_grad=69/72
[train] step 423: T=535 positions=16 loss=1.6894 ce=1.6894 tv=0.3403 conf=0.7030 grad_norm=22.2757 tensors_with_grad=69/72
[train] step 424: T=628 positions=16 loss=1.8386 ce=1.8386 tv=0.2390 conf=1.0139 grad_norm=14.0220 tensors_with_grad=69/72
[train] step 425: T=541 positions=16 loss=0.7810 ce=0.7810 tv=0.2566 conf=0.5815 grad_norm=13.0859 tensors_with_grad=69/72
[train] step 426: T=577 positions=16 loss=2.1335 ce=2.1335 tv=0.3894 conf=0.7834 grad_norm=15.8534 tensors_with_grad=69/72
[train] step 427: T=597 positions=16 loss=2.3238 ce=2.3238 tv=0.4019 conf=0.9107 grad_norm=24.2881 tensors_with_grad=69/72
[train] step 428: T=539 positions=16 loss=1.8559 ce=1.8559 tv=0.3440 conf=0.5841 grad_norm=10.8504 tensors_with_grad=69/72
[train] step 429: T=542 positions=16 loss=1.7029 ce=1.7029 tv=0.4029 conf=0.8314 grad_norm=14.0359 tensors_with_grad=69/72
[train] step 430: T=675 positions=16 loss=2.9613 ce=2.9613 tv=0.4749 conf=0.4599 grad_norm=17.1664 tensors_with_grad=69/72
[train] step 431: T=543 positions=16 loss=0.7384 ce=0.7384 tv=0.2768 conf=0.5531 grad_norm=20.2518 tensors_with_grad=69/72
[train] step 432: T=674 positions=16 loss=2.3948 ce=2.3948 tv=0.5262 conf=0.8812 grad_norm=12.0996 tensors_with_grad=69/72
[train] step 433: T=532 positions=16 loss=0.3662 ce=0.3662 tv=0.1788 conf=0.6074 grad_norm=10.7803 tensors_with_grad=69/72
[train] step 434: T=533 positions=16 loss=2.7974 ce=2.7974 tv=0.4093 conf=0.6040 grad_norm=35.0925 tensors_with_grad=69/72
[train] step 435: T=674 positions=16 loss=2.0653 ce=2.0653 tv=0.5372 conf=1.0419 grad_norm=30.8984 tensors_with_grad=69/72
[train] step 436: T=526 positions=16 loss=2.9704 ce=2.9704 tv=0.6417 conf=0.8438 grad_norm=14.5224 tensors_with_grad=69/72
[train] step 437: T=545 positions=16 loss=0.8420 ce=0.8420 tv=0.1527 conf=0.4970 grad_norm=7.9841 tensors_with_grad=69/72
[train] step 438: T=557 positions=16 loss=1.4339 ce=1.4339 tv=0.3025 conf=0.6015 grad_norm=19.9880 tensors_with_grad=69/72
[train] step 439: T=643 positions=16 loss=2.0800 ce=2.0800 tv=0.5127 conf=0.9830 grad_norm=12.4848 tensors_with_grad=69/72
[train] step 440: T=535 positions=16 loss=2.0681 ce=2.0681 tv=0.5089 conf=1.1001 grad_norm=37.6017 tensors_with_grad=69/72
[train] step 441: T=673 positions=16 loss=2.7541 ce=2.7541 tv=0.5333 conf=1.0540 grad_norm=19.7099 tensors_with_grad=69/72
[train] step 442: T=555 positions=16 loss=1.2089 ce=1.2089 tv=0.2585 conf=0.5867 grad_norm=19.6029 tensors_with_grad=69/72
[train] step 443: T=529 positions=16 loss=3.2584 ce=3.2584 tv=0.6291 conf=0.6254 grad_norm=23.4454 tensors_with_grad=69/72
[train] step 444: T=1010 positions=16 loss=3.3687 ce=3.3687 tv=0.6137 conf=0.9198 grad_norm=17.1832 tensors_with_grad=69/72
[train] step 445: T=535 positions=16 loss=0.9711 ce=0.9711 tv=0.2976 conf=0.7434 grad_norm=10.6005 tensors_with_grad=69/72
[train] step 446: T=1717 positions=16 loss=5.0172 ce=5.0172 tv=0.6436 conf=0.7817 grad_norm=18.3308 tensors_with_grad=69/72
[train] step 447: T=640 positions=16 loss=2.9287 ce=2.9287 tv=0.5742 conf=0.7106 grad_norm=14.0556 tensors_with_grad=69/72
[train] step 448: T=574 positions=16 loss=2.0900 ce=2.0900 tv=0.4022 conf=1.2206 grad_norm=23.9586 tensors_with_grad=69/72
[train] step 449: T=560 positions=16 loss=1.8566 ce=1.8566 tv=0.4196 conf=0.9144 grad_norm=27.9853 tensors_with_grad=69/72
[train] step 450: T=533 positions=16 loss=1.1513 ce=1.1513 tv=0.2626 conf=0.7315 grad_norm=11.2441 tensors_with_grad=69/72
[train] step 451: T=573 positions=16 loss=0.9242 ce=0.9242 tv=0.1989 conf=0.5802 grad_norm=12.2240 tensors_with_grad=69/72
[train] step 452: T=603 positions=16 loss=0.7417 ce=0.7417 tv=0.1725 conf=0.5241 grad_norm=9.3531 tensors_with_grad=69/72
[train] step 453: T=841 positions=16 loss=2.3506 ce=2.3506 tv=0.3989 conf=0.6372 grad_norm=12.4435 tensors_with_grad=69/72
[train] step 454: T=675 positions=16 loss=2.2954 ce=2.2954 tv=0.4271 conf=0.8738 grad_norm=12.9779 tensors_with_grad=69/72
[train] step 455: T=676 positions=16 loss=2.2412 ce=2.2412 tv=0.4545 conf=0.9656 grad_norm=24.0622 tensors_with_grad=69/72
[train] step 456: T=559 positions=16 loss=2.2253 ce=2.2253 tv=0.2656 conf=0.4082 grad_norm=20.9247 tensors_with_grad=69/72
[train] step 457: T=1327 positions=16 loss=4.6184 ce=4.6184 tv=0.6050 conf=0.8723 grad_norm=13.5570 tensors_with_grad=69/72
[train] step 458: T=624 positions=16 loss=1.5232 ce=1.5232 tv=0.3675 conf=1.0536 grad_norm=21.6736 tensors_with_grad=69/72
[train] step 459: T=531 positions=16 loss=0.7536 ce=0.7536 tv=0.1805 conf=0.6411 grad_norm=8.6977 tensors_with_grad=69/72
[train] step 460: T=629 positions=16 loss=0.7582 ce=0.7582 tv=0.1931 conf=0.6690 grad_norm=19.9948 tensors_with_grad=69/72
[train] step 461: T=565 positions=16 loss=1.2129 ce=1.2129 tv=0.2803 conf=1.0384 grad_norm=11.5804 tensors_with_grad=69/72
[train] step 462: T=544 positions=16 loss=2.6297 ce=2.6297 tv=0.5135 conf=0.8929 grad_norm=16.5383 tensors_with_grad=69/72
[train] step 463: T=572 positions=16 loss=2.0590 ce=2.0590 tv=0.3692 conf=0.7870 grad_norm=27.3107 tensors_with_grad=69/72
[train] step 464: T=538 positions=16 loss=0.3844 ce=0.3844 tv=0.1217 conf=0.7198 grad_norm=13.4586 tensors_with_grad=69/72
[train] step 465: T=1122 positions=16 loss=3.3962 ce=3.3962 tv=0.4993 conf=0.5990 grad_norm=23.3758 tensors_with_grad=69/72
[train] step 466: T=526 positions=16 loss=2.6671 ce=2.6671 tv=0.3728 conf=0.8858 grad_norm=27.2904 tensors_with_grad=69/72
[train] step 467: T=984 positions=16 loss=3.7749 ce=3.7749 tv=0.5274 conf=0.4835 grad_norm=18.4479 tensors_with_grad=69/72
[train] step 468: T=925 positions=16 loss=3.6684 ce=3.6684 tv=0.5658 conf=0.8225 grad_norm=21.1515 tensors_with_grad=69/72
[train] step 469: T=554 positions=16 loss=1.9764 ce=1.9764 tv=0.4208 conf=0.6943 grad_norm=15.7070 tensors_with_grad=69/72
[train] step 470: T=540 positions=16 loss=1.1256 ce=1.1256 tv=0.3057 conf=0.4738 grad_norm=9.3644 tensors_with_grad=69/72
[train] step 471: T=547 positions=16 loss=1.9997 ce=1.9997 tv=0.4416 conf=0.6671 grad_norm=15.6306 tensors_with_grad=69/72
[diag] draft-argmax == TARGET-argmax : 56.7%  | == ground-truth token: 56.6%
[diag] mean top-1 prob  target 0.841  draft 0.676   (TV near 1 with a PEAKED draft => misalignment; with a FLAT draft => genuine)
[train] saved 72 trained tensors -> /cap/s2/abl_ce1.0_tv0.0/mtp_trained.safetensors
[train] saved AdamW state -> /cap/s2/abl_ce1.0_tv0.0/opt_state.pt (needed for --resume to be equivalent to one continuous run)
[train] metrics -> /cap/s2/abl_ce1.0_tv0.0/train_metrics.json  (loss 2.6432 -> 1.9997, tail mean 2.0733)
[train] TRAIN OK
