[train] device=cuda torch=2.10.0
  loading model-00046-of-00048.safetensors ...
  loading model-00047-of-00048.safetensors ...
  loading model-00048-of-00048.safetensors ...
  dequantised 1512 tensors, 12.60 B params, 23.5 GiB bf16
[train] weights ready in 11.4s
[train] trainable 517.3 M in 72 tensors | frozen experts 12.08 B
[train] capture: 472 sample(s)
[Gloo] Rank 0 is connected to 0 peer ranks. Expected number of connected peer ranks is : 0
[train] ModelArgs: n_mtp=3 block=6 taps=[40, 41, 42] markov_rank=256
[train] built 3 DSparkBlock(s) on meta
[train] re-materialised freqs_cis on 3 attention module(s) (persistent=False buffers are NOT in state_dict and to_empty() zapped them)
[train] load_state_dict: 0 missing, 0 unexpected
[train] GATE1 model construction OK
[train] aux: embed.weight(129280, 4096), head.weight(129280, 4096)
[train] trainable tensors in graph: 72 / 517.3 M
[train] resumed 72/72 trained tensors from /cap/s3/c1/trained/mtp_trained.safetensors
[train] resumed AdamW state: 69/72 tensors carry moments (3 never received a gradient, expected), indices aligned
[train] lr schedule: linear warmup 73 step(s) -> cosine over 1472 session step(s), peak 5e-05; this chunk is steps 1000..1471
/work/train/train_head.py:115: UserWarning: Converting a tensor with requires_grad=True to a scalar may lead to unexpected behavior.
Consider using tensor.detach() first. (Triggered internally at /opt/pytorch/torch/csrc/autograd/generated/python_variable_methods.cpp:836.)
  parts = {"ce": float((w * ce).sum()), "tv": float((w * tv).sum()), "conf": 0.0}
[train] step 0: T=536 positions=16 loss=0.1120 ce=0.3318 tv=0.0876 conf=0.8492 grad_norm=2.0873 tensors_with_grad=69/72
[train] step 1: T=896 positions=16 loss=0.6051 ce=2.6651 tv=0.3762 conf=1.6349 grad_norm=2.8005 tensors_with_grad=69/72
[train] step 2: T=544 positions=16 loss=0.3560 ce=1.3475 tv=0.2458 conf=1.6706 grad_norm=4.5680 tensors_with_grad=69/72
[train] step 3: T=581 positions=16 loss=0.3411 ce=1.1413 tv=0.2522 conf=1.5766 grad_norm=2.3572 tensors_with_grad=69/72
[train] step 4: T=672 positions=16 loss=0.7880 ce=3.0368 tv=0.5381 conf=1.8820 grad_norm=3.3429 tensors_with_grad=69/72
[train] step 5: T=587 positions=16 loss=0.1717 ce=0.4052 tv=0.1458 conf=1.6701 grad_norm=3.8547 tensors_with_grad=69/72
[train] step 6: T=674 positions=16 loss=0.5102 ce=1.7882 tv=0.3682 conf=1.9444 grad_norm=3.0853 tensors_with_grad=69/72
[train] step 7: T=563 positions=16 loss=0.2257 ce=0.7012 tv=0.1728 conf=1.2367 grad_norm=2.1684 tensors_with_grad=69/72
[train] step 8: T=566 positions=16 loss=0.6007 ce=2.3783 tv=0.4032 conf=1.0498 grad_norm=2.3669 tensors_with_grad=69/72
[train] step 9: T=612 positions=16 loss=0.3745 ce=1.1514 tv=0.2881 conf=1.5361 grad_norm=3.2083 tensors_with_grad=69/72
[train] step 10: T=673 positions=16 loss=0.2895 ce=0.9116 tv=0.2204 conf=2.0158 grad_norm=1.8420 tensors_with_grad=69/72
[train] step 11: T=537 positions=16 loss=0.7395 ce=2.7373 tv=0.5175 conf=2.2742 grad_norm=3.7284 tensors_with_grad=69/72
[train] step 12: T=657 positions=16 loss=0.2598 ce=0.7803 tv=0.2020 conf=1.5714 grad_norm=3.8529 tensors_with_grad=69/72
[train] step 13: T=595 positions=16 loss=0.1844 ce=0.8350 tv=0.1121 conf=1.7270 grad_norm=2.1527 tensors_with_grad=69/72
[train] step 14: T=970 positions=16 loss=0.7006 ce=3.0760 tv=0.4366 conf=1.2426 grad_norm=2.9492 tensors_with_grad=69/72
[train] step 15: T=1741 positions=16 loss=1.0044 ce=4.7198 tv=0.5916 conf=2.3423 grad_norm=4.6351 tensors_with_grad=69/72
[train] step 16: T=574 positions=16 loss=0.7002 ce=2.8155 tv=0.4651 conf=1.3885 grad_norm=2.7176 tensors_with_grad=69/72
[train] step 17: T=581 positions=16 loss=0.4324 ce=1.5893 tv=0.3038 conf=1.0754 grad_norm=2.5179 tensors_with_grad=69/72
[train] step 18: T=563 positions=16 loss=0.4150 ce=1.6110 tv=0.2821 conf=1.3885 grad_norm=5.0086 tensors_with_grad=69/72
[train] step 19: T=534 positions=16 loss=0.1473 ce=0.4496 tv=0.1138 conf=0.7649 grad_norm=0.9729 tensors_with_grad=69/72
[train] step 20: T=645 positions=16 loss=0.8722 ce=3.4203 tv=0.5891 conf=1.7468 grad_norm=2.2585 tensors_with_grad=69/72
[train] step 21: T=672 positions=16 loss=0.6427 ce=2.6541 tv=0.4192 conf=1.9305 grad_norm=4.6799 tensors_with_grad=69/72
[train] step 22: T=578 positions=16 loss=0.4415 ce=1.7324 tv=0.2980 conf=1.3120 grad_norm=3.4936 tensors_with_grad=69/72
[train] step 23: T=527 positions=16 loss=0.5408 ce=2.1186 tv=0.3655 conf=1.5203 grad_norm=3.2348 tensors_with_grad=69/72
[train] step 24: T=645 positions=16 loss=0.3270 ce=1.1809 tv=0.2321 conf=1.1041 grad_norm=2.8349 tensors_with_grad=69/72
[train] step 25: T=1008 positions=16 loss=0.5527 ce=2.5324 tv=0.3327 conf=0.9517 grad_norm=2.0991 tensors_with_grad=69/72
[train] step 26: T=676 positions=16 loss=0.4319 ce=1.3948 tv=0.3250 conf=1.1886 grad_norm=3.8110 tensors_with_grad=69/72
[train] step 27: T=674 positions=16 loss=0.6294 ce=2.4034 tv=0.4323 conf=1.0603 grad_norm=1.8734 tensors_with_grad=69/72
[train] step 28: T=528 positions=16 loss=0.6615 ce=2.3331 tv=0.4758 conf=1.4497 grad_norm=2.5228 tensors_with_grad=69/72
[train] step 29: T=538 positions=16 loss=0.4948 ce=1.7054 tv=0.3603 conf=1.2223 grad_norm=3.4390 tensors_with_grad=69/72
[train] step 30: T=572 positions=16 loss=0.6444 ce=2.5295 tv=0.4350 conf=1.3284 grad_norm=1.8686 tensors_with_grad=69/72
[train] step 31: T=536 positions=16 loss=0.3240 ce=0.8244 tv=0.2684 conf=1.3953 grad_norm=5.3140 tensors_with_grad=69/72
[train] step 32: T=673 positions=16 loss=0.7215 ce=2.7113 tv=0.5004 conf=1.1945 grad_norm=3.0193 tensors_with_grad=69/72
[train] step 33: T=603 positions=16 loss=0.1927 ce=0.6980 tv=0.1366 conf=0.8988 grad_norm=1.3939 tensors_with_grad=69/72
[train] step 34: T=532 positions=16 loss=0.3760 ce=1.3915 tv=0.2632 conf=0.5663 grad_norm=5.1823 tensors_with_grad=69/72
[train] step 35: T=618 positions=16 loss=0.3428 ce=1.0170 tv=0.2679 conf=1.6212 grad_norm=5.7020 tensors_with_grad=69/72
[train] step 36: T=539 positions=16 loss=0.3168 ce=1.1063 tv=0.2290 conf=1.1060 grad_norm=5.8295 tensors_with_grad=69/72
[train] step 37: T=569 positions=16 loss=0.3864 ce=1.4992 tv=0.2627 conf=1.6432 grad_norm=2.3641 tensors_with_grad=69/72
[train] step 38: T=589 positions=16 loss=0.6949 ce=2.5802 tv=0.4854 conf=1.7691 grad_norm=4.1864 tensors_with_grad=69/72
[train] step 39: T=653 positions=16 loss=0.7015 ce=2.7039 tv=0.4791 conf=2.0377 grad_norm=5.1147 tensors_with_grad=69/72
[train] step 40: T=675 positions=16 loss=0.6133 ce=2.3202 tv=0.4236 conf=1.9523 grad_norm=5.0139 tensors_with_grad=69/72
[train] step 41: T=599 positions=16 loss=0.7554 ce=3.4837 tv=0.4523 conf=1.2959 grad_norm=4.1024 tensors_with_grad=69/72
[train] step 42: T=901 positions=16 loss=0.7151 ce=3.1014 tv=0.4500 conf=2.3527 grad_norm=4.9240 tensors_with_grad=69/72
[train] step 43: T=597 positions=16 loss=0.1132 ce=0.2738 tv=0.0953 conf=0.5844 grad_norm=1.6708 tensors_with_grad=69/72
[train] step 44: T=613 positions=16 loss=0.1186 ce=0.2154 tv=0.1078 conf=1.5637 grad_norm=3.3807 tensors_with_grad=69/72
[train] step 45: T=546 positions=16 loss=0.2832 ce=0.7514 tv=0.2312 conf=1.6689 grad_norm=2.0825 tensors_with_grad=69/72
[train] step 46: T=535 positions=16 loss=0.1255 ce=0.3094 tv=0.1051 conf=0.4180 grad_norm=2.1195 tensors_with_grad=69/72
[train] step 47: T=527 positions=16 loss=0.6963 ce=2.4260 tv=0.5042 conf=1.7072 grad_norm=2.9104 tensors_with_grad=69/72
[train] step 48: T=672 positions=16 loss=0.7413 ce=2.6697 tv=0.5270 conf=1.4284 grad_norm=4.2866 tensors_with_grad=69/72
[train] step 49: T=535 positions=16 loss=0.7510 ce=2.8518 tv=0.5176 conf=1.8381 grad_norm=4.3520 tensors_with_grad=69/72
[train] step 50: T=629 positions=16 loss=0.5427 ce=1.9131 tv=0.3904 conf=1.2088 grad_norm=2.1012 tensors_with_grad=69/72
[train] step 51: T=529 positions=16 loss=0.4535 ce=2.1315 tv=0.2670 conf=1.6386 grad_norm=5.1179 tensors_with_grad=69/72
[train] step 52: T=544 positions=16 loss=0.1588 ce=0.5813 tv=0.1118 conf=0.1867 grad_norm=1.7087 tensors_with_grad=69/72
[train] step 53: T=1433 positions=16 loss=0.8594 ce=4.1050 tv=0.4987 conf=2.4672 grad_norm=3.5028 tensors_with_grad=69/72
[train] step 54: T=528 positions=16 loss=0.5031 ce=2.2437 tv=0.3097 conf=1.7633 grad_norm=2.2475 tensors_with_grad=69/72
[train] step 55: T=674 positions=16 loss=0.6068 ce=2.3266 tv=0.4157 conf=1.1869 grad_norm=4.0584 tensors_with_grad=69/72
[train] step 56: T=527 positions=16 loss=0.4076 ce=1.3519 tv=0.3027 conf=1.4627 grad_norm=2.9145 tensors_with_grad=69/72
[train] step 57: T=642 positions=16 loss=0.5949 ce=2.1990 tv=0.4167 conf=2.2020 grad_norm=2.2523 tensors_with_grad=69/72
[train] step 58: T=598 positions=16 loss=0.2346 ce=0.8621 tv=0.1649 conf=0.8238 grad_norm=3.5437 tensors_with_grad=69/72
[train] step 59: T=933 positions=16 loss=0.6568 ce=2.5585 tv=0.4455 conf=1.8675 grad_norm=3.0039 tensors_with_grad=69/72
[train] step 60: T=653 positions=16 loss=0.7931 ce=3.0945 tv=0.5374 conf=1.9385 grad_norm=8.9602 tensors_with_grad=69/72
[train] step 61: T=655 positions=16 loss=0.5011 ce=1.8332 tv=0.3531 conf=1.2565 grad_norm=3.8789 tensors_with_grad=69/72
[train] step 62: T=585 positions=16 loss=0.2313 ce=0.8132 tv=0.1666 conf=0.9562 grad_norm=3.3841 tensors_with_grad=69/72
[train] step 63: T=641 positions=16 loss=0.7394 ce=2.7429 tv=0.5167 conf=1.8392 grad_norm=3.3557 tensors_with_grad=69/72
[train] step 64: T=532 positions=16 loss=0.4664 ce=1.8792 tv=0.3095 conf=1.0017 grad_norm=2.6980 tensors_with_grad=69/72
[train] step 65: T=526 positions=16 loss=0.6794 ce=2.3714 tv=0.4914 conf=1.5114 grad_norm=3.6206 tensors_with_grad=69/72
[train] step 66: T=590 positions=16 loss=0.3357 ce=1.1839 tv=0.2414 conf=1.5219 grad_norm=4.6476 tensors_with_grad=69/72
[train] step 67: T=527 positions=16 loss=0.5269 ce=1.7467 tv=0.3914 conf=1.8825 grad_norm=2.9362 tensors_with_grad=69/72
[train] step 68: T=838 positions=16 loss=0.5702 ce=2.2222 tv=0.3866 conf=2.0104 grad_norm=4.2158 tensors_with_grad=69/72
[train] step 69: T=528 positions=16 loss=0.3266 ce=1.1780 tv=0.2320 conf=0.3318 grad_norm=1.8686 tensors_with_grad=69/72
[train] step 70: T=594 positions=16 loss=0.2338 ce=0.5469 tv=0.1990 conf=0.9277 grad_norm=2.6973 tensors_with_grad=69/72
[train] step 71: T=634 positions=16 loss=0.2394 ce=0.7103 tv=0.1870 conf=1.6644 grad_norm=2.9617 tensors_with_grad=69/72
[train] step 72: T=558 positions=16 loss=0.4947 ce=1.8229 tv=0.3471 conf=1.4072 grad_norm=7.1391 tensors_with_grad=69/72
[train] step 73: T=649 positions=16 loss=0.3537 ce=1.2952 tv=0.2491 conf=1.1590 grad_norm=1.7825 tensors_with_grad=69/72
[train] step 74: T=1085 positions=16 loss=0.6037 ce=2.7431 tv=0.3660 conf=1.5489 grad_norm=2.6665 tensors_with_grad=69/72
[train] step 75: T=575 positions=16 loss=0.3846 ce=1.5290 tv=0.2574 conf=1.0500 grad_norm=2.5858 tensors_with_grad=69/72
[train] step 76: T=611 positions=16 loss=0.2518 ce=0.8405 tv=0.1863 conf=1.0628 grad_norm=1.4409 tensors_with_grad=69/72
[train] step 77: T=529 positions=16 loss=0.7347 ce=2.5935 tv=0.5282 conf=1.8362 grad_norm=2.6710 tensors_with_grad=69/72
[train] step 78: T=526 positions=16 loss=0.4540 ce=1.5789 tv=0.3290 conf=1.0996 grad_norm=3.2302 tensors_with_grad=69/72
[train] step 79: T=576 positions=16 loss=0.3301 ce=1.2756 tv=0.2251 conf=1.4962 grad_norm=4.5690 tensors_with_grad=69/72
[train] step 80: T=674 positions=16 loss=0.6313 ce=2.2753 tv=0.4486 conf=1.3731 grad_norm=2.4941 tensors_with_grad=69/72
[train] step 81: T=535 positions=16 loss=0.3051 ce=0.8305 tv=0.2467 conf=0.8864 grad_norm=1.4808 tensors_with_grad=69/72
[train] step 82: T=975 positions=16 loss=0.7323 ce=3.2215 tv=0.4557 conf=1.9263 grad_norm=1.9931 tensors_with_grad=69/72
[train] step 83: T=1794 positions=16 loss=0.8197 ce=3.5317 tv=0.5184 conf=1.4362 grad_norm=3.3037 tensors_with_grad=69/72
[train] step 84: T=532 positions=16 loss=0.5390 ce=1.6663 tv=0.4137 conf=1.4993 grad_norm=7.2342 tensors_with_grad=69/72
[train] step 85: T=552 positions=16 loss=0.5094 ce=2.4760 tv=0.2909 conf=1.0632 grad_norm=4.3625 tensors_with_grad=69/72
[train] step 86: T=541 positions=16 loss=0.5260 ce=2.0111 tv=0.3610 conf=2.1867 grad_norm=5.2000 tensors_with_grad=69/72
[train] step 87: T=678 positions=16 loss=0.3767 ce=1.3376 tv=0.2699 conf=1.0712 grad_norm=2.7187 tensors_with_grad=69/72
[train] step 88: T=527 positions=16 loss=0.8268 ce=3.5191 tv=0.5277 conf=1.3658 grad_norm=3.5046 tensors_with_grad=69/72
[train] step 89: T=648 positions=16 loss=0.6891 ce=2.7964 tv=0.4550 conf=1.8914 grad_norm=2.0144 tensors_with_grad=69/72
[train] step 90: T=543 positions=16 loss=0.1539 ce=0.4008 tv=0.1265 conf=0.6884 grad_norm=3.2881 tensors_with_grad=69/72
[train] step 91: T=920 positions=16 loss=0.7739 ce=3.5304 tv=0.4677 conf=1.5335 grad_norm=3.4639 tensors_with_grad=69/72
[train] step 92: T=672 positions=16 loss=0.4990 ce=1.8737 tv=0.3462 conf=1.0960 grad_norm=2.4536 tensors_with_grad=69/72
[train] step 93: T=882 positions=16 loss=0.5870 ce=2.3788 tv=0.3879 conf=1.0020 grad_norm=2.6376 tensors_with_grad=69/72
[train] step 94: T=528 positions=16 loss=0.2515 ce=0.8243 tv=0.1879 conf=1.4317 grad_norm=4.4272 tensors_with_grad=69/72
[train] step 95: T=674 positions=16 loss=0.6269 ce=2.6389 tv=0.4034 conf=1.8086 grad_norm=5.0804 tensors_with_grad=69/72
[train] step 96: T=533 positions=16 loss=0.1513 ce=0.4295 tv=0.1204 conf=0.6707 grad_norm=2.2638 tensors_with_grad=69/72
[train] step 97: T=623 positions=16 loss=0.5298 ce=1.8631 tv=0.3816 conf=1.8875 grad_norm=2.6327 tensors_with_grad=69/72
[train] step 98: T=1190 positions=16 loss=0.6372 ce=2.7699 tv=0.4003 conf=2.4020 grad_norm=2.7827 tensors_with_grad=69/72
[train] step 99: T=627 positions=16 loss=0.4013 ce=1.3529 tv=0.2955 conf=1.7589 grad_norm=3.1984 tensors_with_grad=69/72
[train] step 100: T=638 positions=16 loss=0.6527 ce=2.2288 tv=0.4776 conf=1.6444 grad_norm=2.6942 tensors_with_grad=69/72
[train] step 101: T=605 positions=16 loss=0.6480 ce=2.5130 tv=0.4408 conf=2.3066 grad_norm=3.5119 tensors_with_grad=69/72
[train] step 102: T=664 positions=16 loss=0.1689 ce=0.3924 tv=0.1441 conf=1.2552 grad_norm=2.3526 tensors_with_grad=69/72
[train] step 103: T=530 positions=16 loss=0.5307 ce=2.2681 tv=0.3376 conf=1.0141 grad_norm=2.1934 tensors_with_grad=69/72
[train] step 104: T=541 positions=16 loss=0.2362 ce=0.8290 tv=0.1703 conf=0.4916 grad_norm=2.1826 tensors_with_grad=69/72
[train] step 105: T=533 positions=16 loss=0.5488 ce=2.2571 tv=0.3590 conf=1.4869 grad_norm=2.5845 tensors_with_grad=69/72
[train] step 106: T=616 positions=16 loss=0.5498 ce=2.1276 tv=0.3744 conf=1.2055 grad_norm=2.8067 tensors_with_grad=69/72
[train] step 107: T=672 positions=16 loss=0.8284 ce=3.2035 tv=0.5645 conf=2.0495 grad_norm=4.9353 tensors_with_grad=69/72
[train] step 108: T=524 positions=16 loss=0.6830 ce=2.4596 tv=0.4856 conf=1.7915 grad_norm=3.8002 tensors_with_grad=69/72
[train] step 109: T=1177 positions=16 loss=0.7359 ce=3.2161 tv=0.4603 conf=2.0124 grad_norm=4.0773 tensors_with_grad=69/72
[train] step 110: T=543 positions=16 loss=0.3971 ce=1.3155 tv=0.2951 conf=1.0781 grad_norm=4.2908 tensors_with_grad=69/72
[train] step 111: T=537 positions=16 loss=0.3422 ce=1.1279 tv=0.2549 conf=2.2981 grad_norm=2.8837 tensors_with_grad=69/72
[train] step 112: T=533 positions=16 loss=0.3375 ce=1.3824 tv=0.2214 conf=1.2975 grad_norm=8.5492 tensors_with_grad=69/72
[train] step 113: T=532 positions=16 loss=0.6504 ce=2.5545 tv=0.4388 conf=2.2181 grad_norm=2.8154 tensors_with_grad=69/72
[train] step 114: T=572 positions=16 loss=0.1778 ce=0.6090 tv=0.1299 conf=0.7884 grad_norm=2.0013 tensors_with_grad=69/72
[train] step 115: T=531 positions=16 loss=0.8244 ce=3.2121 tv=0.5590 conf=1.8066 grad_norm=3.4875 tensors_with_grad=69/72
[train] step 116: T=553 positions=16 loss=0.2802 ce=1.0599 tv=0.1936 conf=0.6160 grad_norm=4.5909 tensors_with_grad=69/72
[train] step 117: T=540 positions=16 loss=0.3248 ce=1.1001 tv=0.2386 conf=0.6234 grad_norm=2.2210 tensors_with_grad=69/72
[train] step 118: T=532 positions=16 loss=0.4044 ce=1.7601 tv=0.2538 conf=1.3880 grad_norm=3.9607 tensors_with_grad=69/72
[train] step 119: T=552 positions=16 loss=0.4505 ce=1.8228 tv=0.2980 conf=0.8701 grad_norm=1.9713 tensors_with_grad=69/72
[train] step 120: T=565 positions=16 loss=0.3548 ce=1.3271 tv=0.2468 conf=1.1035 grad_norm=2.6710 tensors_with_grad=69/72
[train] step 121: T=534 positions=16 loss=0.2917 ce=0.9971 tv=0.2133 conf=1.5755 grad_norm=3.2591 tensors_with_grad=69/72
[train] step 122: T=1720 positions=16 loss=0.8367 ce=3.1886 tv=0.5753 conf=2.4069 grad_norm=3.0470 tensors_with_grad=69/72
[train] step 123: T=539 positions=16 loss=0.5132 ce=2.0699 tv=0.3402 conf=1.3162 grad_norm=5.1156 tensors_with_grad=69/72
[train] step 124: T=1793 positions=16 loss=1.0040 ce=5.2185 tv=0.5358 conf=1.3837 grad_norm=2.9585 tensors_with_grad=69/72
[train] step 125: T=581 positions=16 loss=0.3547 ce=1.3497 tv=0.2441 conf=0.9055 grad_norm=1.8997 tensors_with_grad=69/72
[train] step 126: T=1033 positions=16 loss=0.9802 ce=4.6286 tv=0.5748 conf=1.6687 grad_norm=2.8262 tensors_with_grad=69/72
[train] step 127: T=544 positions=16 loss=0.3022 ce=1.1067 tv=0.2128 conf=0.7312 grad_norm=2.0839 tensors_with_grad=69/72
[train] step 128: T=1570 positions=16 loss=0.7762 ce=3.4665 tv=0.4772 conf=2.1797 grad_norm=3.4480 tensors_with_grad=69/72
[train] step 129: T=1007 positions=16 loss=0.7354 ce=3.3430 tv=0.4457 conf=1.5000 grad_norm=1.8243 tensors_with_grad=69/72
[train] step 130: T=656 positions=16 loss=0.3636 ce=1.6864 tv=0.2166 conf=1.2606 grad_norm=3.5993 tensors_with_grad=69/72
[train] step 131: T=605 positions=16 loss=0.3528 ce=1.4264 tv=0.2335 conf=1.0315 grad_norm=2.0985 tensors_with_grad=69/72
[train] step 132: T=1792 positions=16 loss=1.0109 ce=5.1322 tv=0.5530 conf=1.5997 grad_norm=3.1087 tensors_with_grad=69/72
[train] step 133: T=535 positions=16 loss=0.1296 ce=0.5411 tv=0.0839 conf=2.5008 grad_norm=1.4461 tensors_with_grad=69/72
[train] step 134: T=550 positions=16 loss=0.5146 ce=1.9461 tv=0.3556 conf=1.5053 grad_norm=2.3453 tensors_with_grad=69/72
[train] step 135: T=608 positions=16 loss=0.4237 ce=1.6674 tv=0.2855 conf=1.8453 grad_norm=3.1709 tensors_with_grad=69/72
[train] step 136: T=901 positions=16 loss=0.5006 ce=2.0835 tv=0.3248 conf=1.9284 grad_norm=2.8422 tensors_with_grad=69/72
[train] step 137: T=527 positions=16 loss=0.7278 ce=2.7894 tv=0.4987 conf=2.0417 grad_norm=3.0366 tensors_with_grad=69/72
[train] step 138: T=1058 positions=16 loss=0.6424 ce=2.9119 tv=0.3902 conf=1.6175 grad_norm=3.7673 tensors_with_grad=69/72
[train] step 139: T=629 positions=16 loss=0.3662 ce=1.1539 tv=0.2787 conf=1.6504 grad_norm=1.9276 tensors_with_grad=69/72
[train] step 140: T=532 positions=16 loss=0.2870 ce=1.0315 tv=0.2043 conf=1.2937 grad_norm=6.6842 tensors_with_grad=69/72
[train] step 141: T=674 positions=16 loss=0.6045 ce=2.2518 tv=0.4214 conf=1.2231 grad_norm=3.1769 tensors_with_grad=69/72
[train] step 142: T=546 positions=16 loss=0.2095 ce=0.6222 tv=0.1637 conf=0.5390 grad_norm=1.8673 tensors_with_grad=69/72
[train] step 143: T=574 positions=16 loss=0.4543 ce=1.7597 tv=0.3092 conf=1.9763 grad_norm=4.6122 tensors_with_grad=69/72
[train] step 144: T=675 positions=16 loss=0.4604 ce=1.7246 tv=0.3199 conf=2.1674 grad_norm=5.3967 tensors_with_grad=69/72
[train] step 145: T=549 positions=16 loss=0.3934 ce=1.2596 tv=0.2972 conf=1.1105 grad_norm=2.1862 tensors_with_grad=69/72
[train] step 146: T=671 positions=16 loss=0.6689 ce=2.2795 tv=0.4899 conf=1.7007 grad_norm=3.1766 tensors_with_grad=69/72
[train] step 147: T=609 positions=16 loss=0.3756 ce=1.0578 tv=0.2998 conf=2.4893 grad_norm=3.8307 tensors_with_grad=69/72
[train] step 148: T=570 positions=16 loss=0.7274 ce=3.5300 tv=0.4160 conf=1.7870 grad_norm=4.2347 tensors_with_grad=69/72
[train] step 149: T=540 positions=16 loss=0.3414 ce=1.2039 tv=0.2455 conf=0.9223 grad_norm=3.7892 tensors_with_grad=69/72
[train] step 150: T=618 positions=16 loss=0.3912 ce=1.4667 tv=0.2717 conf=1.5755 grad_norm=3.7279 tensors_with_grad=69/72
[train] step 151: T=524 positions=16 loss=0.7523 ce=2.8250 tv=0.5220 conf=1.5287 grad_norm=3.8366 tensors_with_grad=69/72
[train] step 152: T=673 positions=16 loss=0.7223 ce=2.7531 tv=0.4966 conf=1.5492 grad_norm=2.3359 tensors_with_grad=69/72
[train] step 153: T=526 positions=16 loss=0.3116 ce=0.9771 tv=0.2376 conf=1.4405 grad_norm=3.3103 tensors_with_grad=69/72
[train] step 154: T=531 positions=16 loss=0.4200 ce=1.6100 tv=0.2878 conf=0.8053 grad_norm=3.1719 tensors_with_grad=69/72
[train] step 155: T=536 positions=16 loss=0.4159 ce=1.6238 tv=0.2817 conf=0.6561 grad_norm=4.7009 tensors_with_grad=69/72
[train] step 156: T=601 positions=16 loss=0.2544 ce=0.8427 tv=0.1891 conf=1.2316 grad_norm=3.5353 tensors_with_grad=69/72
[train] step 157: T=647 positions=16 loss=0.6630 ce=2.4443 tv=0.4651 conf=1.7735 grad_norm=2.3584 tensors_with_grad=69/72
[train] step 158: T=532 positions=16 loss=0.3596 ce=1.1648 tv=0.2701 conf=0.6205 grad_norm=1.5832 tensors_with_grad=69/72
[train] step 159: T=544 positions=16 loss=0.3489 ce=1.3657 tv=0.2359 conf=1.9413 grad_norm=7.2057 tensors_with_grad=69/72
[train] step 160: T=673 positions=16 loss=0.7638 ce=2.8923 tv=0.5273 conf=1.4129 grad_norm=1.9571 tensors_with_grad=69/72
[train] step 161: T=593 positions=16 loss=0.2310 ce=0.7284 tv=0.1758 conf=0.9292 grad_norm=2.6490 tensors_with_grad=69/72
[train] step 162: T=568 positions=16 loss=0.1260 ce=0.4143 tv=0.0939 conf=1.0018 grad_norm=1.4493 tensors_with_grad=69/72
[train] step 163: T=589 positions=16 loss=0.1331 ce=0.2853 tv=0.1161 conf=0.7696 grad_norm=3.5361 tensors_with_grad=69/72
[train] step 164: T=526 positions=16 loss=0.3200 ce=1.1209 tv=0.2311 conf=1.5567 grad_norm=2.5961 tensors_with_grad=69/72
[train] step 165: T=538 positions=16 loss=0.1335 ce=0.5053 tv=0.0922 conf=0.4487 grad_norm=1.0609 tensors_with_grad=69/72
[train] step 166: T=1365 positions=16 loss=0.8011 ce=3.6084 tv=0.4891 conf=2.0187 grad_norm=3.4583 tensors_with_grad=69/72
[train] step 167: T=533 positions=16 loss=0.4488 ce=1.7386 tv=0.3055 conf=1.1530 grad_norm=6.5554 tensors_with_grad=69/72
[train] step 168: T=526 positions=16 loss=0.7218 ce=2.4595 tv=0.5287 conf=2.9209 grad_norm=4.4937 tensors_with_grad=69/72
[train] step 169: T=625 positions=16 loss=0.1193 ce=0.2432 tv=0.1056 conf=1.0831 grad_norm=1.7396 tensors_with_grad=69/72
[train] step 170: T=544 positions=16 loss=0.6370 ce=2.3916 tv=0.4420 conf=1.6097 grad_norm=2.9438 tensors_with_grad=69/72
[train] step 171: T=531 positions=16 loss=0.6948 ce=2.7743 tv=0.4637 conf=1.5828 grad_norm=2.8464 tensors_with_grad=69/72
[train] step 172: T=1057 positions=16 loss=0.6851 ce=3.0633 tv=0.4208 conf=1.6045 grad_norm=3.0070 tensors_with_grad=69/72
[train] step 173: T=1004 positions=16 loss=0.7024 ce=2.8730 tv=0.4612 conf=1.5519 grad_norm=2.7102 tensors_with_grad=69/72
[train] step 174: T=673 positions=16 loss=0.6307 ce=2.2965 tv=0.4456 conf=1.5203 grad_norm=3.7252 tensors_with_grad=69/72
[train] step 175: T=541 positions=16 loss=0.1837 ce=0.6180 tv=0.1355 conf=0.7494 grad_norm=1.9502 tensors_with_grad=69/72
[train] step 176: T=531 positions=16 loss=0.1825 ce=0.5616 tv=0.1404 conf=1.0138 grad_norm=2.7508 tensors_with_grad=69/72
[train] step 177: T=561 positions=16 loss=0.2222 ce=0.6807 tv=0.1713 conf=0.7291 grad_norm=3.6279 tensors_with_grad=69/72
[train] step 178: T=535 positions=16 loss=0.2800 ce=0.8123 tv=0.2209 conf=0.9768 grad_norm=2.3755 tensors_with_grad=69/72
[train] step 179: T=571 positions=16 loss=0.2822 ce=0.8362 tv=0.2206 conf=1.4784 grad_norm=3.6113 tensors_with_grad=69/72
[train] step 180: T=672 positions=16 loss=0.8138 ce=2.9804 tv=0.5731 conf=1.8060 grad_norm=3.0869 tensors_with_grad=69/72
[train] step 181: T=540 positions=16 loss=0.1490 ce=0.4766 tv=0.1126 conf=0.6671 grad_norm=2.6275 tensors_with_grad=69/72
[train] step 182: T=532 positions=16 loss=0.1159 ce=0.3582 tv=0.0889 conf=0.2689 grad_norm=2.9881 tensors_with_grad=69/72
[train] step 183: T=676 positions=16 loss=0.6787 ce=2.4732 tv=0.4793 conf=1.1979 grad_norm=2.5108 tensors_with_grad=69/72
[train] step 184: T=838 positions=16 loss=0.5020 ce=1.9444 tv=0.3418 conf=2.2147 grad_norm=2.1397 tensors_with_grad=69/72
[train] step 185: T=583 positions=16 loss=0.4699 ce=1.7031 tv=0.3329 conf=1.1703 grad_norm=2.7122 tensors_with_grad=69/72
[train] step 186: T=527 positions=16 loss=0.2995 ce=0.9685 tv=0.2252 conf=1.6373 grad_norm=2.1504 tensors_with_grad=69/72
[train] step 187: T=675 positions=16 loss=0.6129 ce=2.6369 tv=0.3880 conf=1.3240 grad_norm=3.1080 tensors_with_grad=69/72
[train] step 188: T=542 positions=16 loss=0.4051 ce=1.5054 tv=0.2828 conf=1.8120 grad_norm=4.5414 tensors_with_grad=69/72
[train] step 189: T=1211 positions=16 loss=0.6609 ce=3.0981 tv=0.3901 conf=1.3663 grad_norm=1.6941 tensors_with_grad=69/72
[train] step 190: T=527 positions=16 loss=0.1297 ce=0.4499 tv=0.0941 conf=0.2735 grad_norm=1.5370 tensors_with_grad=69/72
[train] step 191: T=1106 positions=16 loss=0.9182 ce=4.5137 tv=0.5187 conf=0.9357 grad_norm=3.2449 tensors_with_grad=69/72
[train] step 192: T=533 positions=16 loss=0.1946 ce=0.6665 tv=0.1422 conf=0.6452 grad_norm=3.5715 tensors_with_grad=69/72
[train] step 193: T=1721 positions=16 loss=0.8659 ce=4.0641 tv=0.5106 conf=2.7547 grad_norm=2.5662 tensors_with_grad=69/72
[train] step 194: T=616 positions=16 loss=0.1665 ce=0.4712 tv=0.1327 conf=0.8868 grad_norm=3.0646 tensors_with_grad=69/72
[train] step 195: T=672 positions=16 loss=0.5883 ce=2.2344 tv=0.4054 conf=1.6468 grad_norm=3.4239 tensors_with_grad=69/72
[train] step 196: T=529 positions=16 loss=0.6345 ce=2.2142 tv=0.4589 conf=2.1673 grad_norm=2.6590 tensors_with_grad=69/72
[train] step 197: T=536 positions=16 loss=0.1932 ce=0.7803 tv=0.1280 conf=1.4217 grad_norm=3.8972 tensors_with_grad=69/72
[train] step 198: T=550 positions=16 loss=0.4497 ce=1.4778 tv=0.3354 conf=1.2973 grad_norm=5.1029 tensors_with_grad=69/72
[train] step 199: T=1223 positions=16 loss=0.8910 ce=4.1403 tv=0.5300 conf=2.6127 grad_norm=3.5756 tensors_with_grad=69/72
[train] step 200: T=528 positions=16 loss=0.4343 ce=1.6066 tv=0.3040 conf=1.7533 grad_norm=11.2338 tensors_with_grad=69/72
[train] step 201: T=535 positions=16 loss=0.2431 ce=0.6602 tv=0.1967 conf=1.0031 grad_norm=3.1203 tensors_with_grad=69/72
[train] step 202: T=580 positions=16 loss=0.3518 ce=0.9839 tv=0.2815 conf=1.3652 grad_norm=3.1798 tensors_with_grad=69/72
[train] step 203: T=533 positions=16 loss=0.0633 ce=0.2359 tv=0.0441 conf=0.1457 grad_norm=1.3720 tensors_with_grad=69/72
[train] step 204: T=531 positions=16 loss=0.3752 ce=1.3048 tv=0.2719 conf=0.8098 grad_norm=5.3027 tensors_with_grad=69/72
[train] step 205: T=577 positions=16 loss=0.5224 ce=1.8545 tv=0.3744 conf=1.8064 grad_norm=3.5972 tensors_with_grad=69/72
[train] step 206: T=583 positions=16 loss=0.5476 ce=2.2936 tv=0.3536 conf=1.8922 grad_norm=7.1184 tensors_with_grad=69/72
[train] step 207: T=673 positions=16 loss=0.7511 ce=3.0827 tv=0.4920 conf=1.4745 grad_norm=2.6345 tensors_with_grad=69/72
[train] step 208: T=672 positions=16 loss=0.4223 ce=1.5481 tv=0.2972 conf=2.0073 grad_norm=3.9622 tensors_with_grad=69/72
[train] step 209: T=1189 positions=16 loss=0.6933 ce=2.9021 tv=0.4479 conf=2.1999 grad_norm=5.3772 tensors_with_grad=69/72
[train] step 210: T=534 positions=16 loss=0.7227 ce=2.8915 tv=0.4817 conf=1.7761 grad_norm=3.1691 tensors_with_grad=69/72
[train] step 211: T=531 positions=16 loss=0.3500 ce=1.3242 tv=0.2418 conf=1.0669 grad_norm=4.5199 tensors_with_grad=69/72
[train] step 212: T=678 positions=16 loss=0.4934 ce=1.6499 tv=0.3649 conf=1.5101 grad_norm=2.9325 tensors_with_grad=69/72
[train] step 213: T=525 positions=16 loss=0.5981 ce=2.2004 tv=0.4200 conf=1.8423 grad_norm=1.9220 tensors_with_grad=69/72
[train] step 214: T=674 positions=16 loss=0.2636 ce=0.7433 tv=0.2104 conf=1.6459 grad_norm=4.6063 tensors_with_grad=69/72
[train] step 215: T=550 positions=16 loss=0.2356 ce=0.7407 tv=0.1795 conf=0.8080 grad_norm=2.6972 tensors_with_grad=69/72
[train] step 216: T=534 positions=16 loss=0.4992 ce=1.6932 tv=0.3666 conf=1.9360 grad_norm=2.9342 tensors_with_grad=69/72
[train] step 217: T=607 positions=16 loss=0.3988 ce=1.7700 tv=0.2465 conf=1.3144 grad_norm=4.5928 tensors_with_grad=69/72
[train] step 218: T=529 positions=16 loss=0.7270 ce=3.1480 tv=0.4580 conf=1.5092 grad_norm=4.4805 tensors_with_grad=69/72
[train] step 219: T=538 positions=16 loss=0.7104 ce=2.4414 tv=0.5181 conf=1.9329 grad_norm=2.2169 tensors_with_grad=69/72
[train] step 220: T=538 positions=16 loss=0.3060 ce=1.0766 tv=0.2203 conf=0.8610 grad_norm=3.0199 tensors_with_grad=69/72
[train] step 221: T=538 positions=16 loss=0.2032 ce=0.7551 tv=0.1419 conf=0.4393 grad_norm=2.5698 tensors_with_grad=69/72
[train] step 222: T=851 positions=16 loss=0.8937 ce=3.6187 tv=0.5910 conf=2.5583 grad_norm=4.0346 tensors_with_grad=69/72
[train] step 223: T=533 positions=16 loss=0.3035 ce=1.0907 tv=0.2160 conf=1.4512 grad_norm=2.4765 tensors_with_grad=69/72
[train] step 224: T=1623 positions=16 loss=0.8224 ce=3.8683 tv=0.4840 conf=1.4612 grad_norm=2.6311 tensors_with_grad=69/72
[train] step 225: T=547 positions=16 loss=0.3577 ce=1.2061 tv=0.2634 conf=1.3159 grad_norm=2.2597 tensors_with_grad=69/72
[train] step 226: T=876 positions=16 loss=0.7660 ce=3.8150 tv=0.4273 conf=1.3066 grad_norm=3.9945 tensors_with_grad=69/72
[train] step 227: T=528 positions=16 loss=0.4987 ce=2.4009 tv=0.2873 conf=0.4254 grad_norm=3.1233 tensors_with_grad=69/72
[train] step 228: T=652 positions=16 loss=0.7522 ce=2.9585 tv=0.5071 conf=1.8735 grad_norm=2.7773 tensors_with_grad=69/72
[train] step 229: T=611 positions=16 loss=0.2237 ce=0.5968 tv=0.1822 conf=1.1414 grad_norm=3.6631 tensors_with_grad=69/72
[train] step 230: T=588 positions=16 loss=0.1511 ce=0.5820 tv=0.1032 conf=1.0555 grad_norm=4.5358 tensors_with_grad=69/72
[train] step 231: T=554 positions=16 loss=0.4062 ce=1.4288 tv=0.2925 conf=1.6288 grad_norm=3.0818 tensors_with_grad=69/72
[train] step 232: T=592 positions=16 loss=0.4905 ce=1.8765 tv=0.3365 conf=1.3511 grad_norm=2.4315 tensors_with_grad=69/72
[train] step 233: T=540 positions=16 loss=0.3121 ce=1.5085 tv=0.1792 conf=0.6400 grad_norm=2.3204 tensors_with_grad=69/72
[train] step 234: T=537 positions=16 loss=0.3167 ce=0.9149 tv=0.2502 conf=1.0626 grad_norm=2.7587 tensors_with_grad=69/72
[train] step 235: T=673 positions=16 loss=0.3549 ce=1.2679 tv=0.2534 conf=1.1837 grad_norm=3.3688 tensors_with_grad=69/72
[train] step 236: T=575 positions=16 loss=0.1662 ce=0.4221 tv=0.1378 conf=1.3227 grad_norm=2.5970 tensors_with_grad=69/72
[train] step 237: T=545 positions=16 loss=0.6555 ce=2.6141 tv=0.4378 conf=1.8907 grad_norm=4.7263 tensors_with_grad=69/72
[train] step 238: T=540 positions=16 loss=0.3201 ce=1.0372 tv=0.2405 conf=1.2091 grad_norm=2.2639 tensors_with_grad=69/72
[train] step 239: T=525 positions=16 loss=0.4385 ce=1.5480 tv=0.3152 conf=1.3926 grad_norm=1.7807 tensors_with_grad=69/72
[train] step 240: T=1002 positions=16 loss=0.8587 ce=3.7165 tv=0.5412 conf=1.4861 grad_norm=2.8187 tensors_with_grad=69/72
[train] step 241: T=599 positions=16 loss=0.3293 ce=1.4135 tv=0.2088 conf=0.6629 grad_norm=1.7094 tensors_with_grad=69/72
[train] step 242: T=566 positions=16 loss=0.2816 ce=0.9279 tv=0.2098 conf=0.9869 grad_norm=4.8692 tensors_with_grad=69/72
[train] step 243: T=542 positions=16 loss=0.4873 ce=1.6986 tv=0.3527 conf=1.7144 grad_norm=2.9029 tensors_with_grad=69/72
[train] step 244: T=571 positions=16 loss=0.7725 ce=3.4060 tv=0.4799 conf=1.0578 grad_norm=4.2455 tensors_with_grad=69/72
[train] step 245: T=551 positions=16 loss=0.6905 ce=3.3781 tv=0.3919 conf=1.6610 grad_norm=2.5576 tensors_with_grad=69/72
[train] step 246: T=557 positions=16 loss=0.4846 ce=1.6912 tv=0.3505 conf=1.6418 grad_norm=2.7942 tensors_with_grad=69/72
[train] step 247: T=1795 positions=16 loss=0.9238 ce=4.2336 tv=0.5560 conf=2.0129 grad_norm=8.4336 tensors_with_grad=69/72
[train] step 248: T=654 positions=16 loss=0.5098 ce=1.7707 tv=0.3697 conf=0.9374 grad_norm=3.5917 tensors_with_grad=69/72
[train] step 249: T=1011 positions=16 loss=0.6632 ce=2.8075 tv=0.4250 conf=1.6247 grad_norm=1.7919 tensors_with_grad=69/72
[train] step 250: T=673 positions=16 loss=0.5949 ce=2.2028 tv=0.4163 conf=2.0455 grad_norm=3.1909 tensors_with_grad=69/72
[train] step 251: T=588 positions=16 loss=0.5564 ce=2.3722 tv=0.3546 conf=1.7224 grad_norm=4.1056 tensors_with_grad=69/72
[train] step 252: T=540 positions=16 loss=0.4626 ce=1.7427 tv=0.3203 conf=2.5171 grad_norm=5.4289 tensors_with_grad=69/72
[train] step 253: T=667 positions=16 loss=0.2136 ce=0.5896 tv=0.1718 conf=1.1033 grad_norm=2.8839 tensors_with_grad=69/72
[train] step 254: T=952 positions=16 loss=0.6318 ce=2.3870 tv=0.4368 conf=2.9678 grad_norm=4.3903 tensors_with_grad=69/72
[train] step 255: T=862 positions=16 loss=0.6716 ce=2.5992 tv=0.4574 conf=1.8706 grad_norm=4.9474 tensors_with_grad=69/72
[train] step 256: T=945 positions=16 loss=0.9442 ce=4.6886 tv=0.5282 conf=1.9381 grad_norm=4.0289 tensors_with_grad=69/72
[train] step 257: T=545 positions=16 loss=0.5937 ce=2.2094 tv=0.4142 conf=1.4660 grad_norm=2.8345 tensors_with_grad=69/72
[train] step 258: T=677 positions=16 loss=0.4674 ce=1.7143 tv=0.3289 conf=1.6916 grad_norm=1.8563 tensors_with_grad=69/72
[train] step 259: T=659 positions=16 loss=0.6445 ce=2.7759 tv=0.4076 conf=0.9525 grad_norm=3.8662 tensors_with_grad=69/72
[train] step 260: T=676 positions=16 loss=0.3925 ce=1.3103 tv=0.2905 conf=1.5729 grad_norm=3.7040 tensors_with_grad=69/72
[train] step 261: T=525 positions=16 loss=0.6274 ce=2.0687 tv=0.4672 conf=2.2843 grad_norm=3.0228 tensors_with_grad=69/72
[train] step 262: T=568 positions=16 loss=0.4241 ce=1.6369 tv=0.2894 conf=1.2485 grad_norm=3.5367 tensors_with_grad=69/72
[train] step 263: T=613 positions=16 loss=0.3304 ce=1.1806 tv=0.2359 conf=1.3430 grad_norm=3.2182 tensors_with_grad=69/72
[train] step 264: T=535 positions=16 loss=0.3277 ce=1.0366 tv=0.2490 conf=1.9413 grad_norm=3.6974 tensors_with_grad=69/72
[train] step 265: T=524 positions=16 loss=0.4111 ce=1.3665 tv=0.3049 conf=1.5976 grad_norm=2.4359 tensors_with_grad=69/72
[train] step 266: T=529 positions=16 loss=0.5164 ce=1.7704 tv=0.3770 conf=1.4997 grad_norm=3.9191 tensors_with_grad=69/72
[train] step 267: T=549 positions=16 loss=0.3738 ce=1.2756 tv=0.2736 conf=1.5697 grad_norm=2.3399 tensors_with_grad=69/72
[train] step 268: T=878 positions=16 loss=0.6901 ce=2.7908 tv=0.4567 conf=2.1125 grad_norm=3.5528 tensors_with_grad=69/72
[train] step 269: T=570 positions=16 loss=0.4228 ce=1.4574 tv=0.3079 conf=1.0635 grad_norm=3.8463 tensors_with_grad=69/72
[train] step 270: T=675 positions=16 loss=0.4444 ce=1.7190 tv=0.3028 conf=1.2696 grad_norm=5.0462 tensors_with_grad=69/72
[train] step 271: T=590 positions=16 loss=0.5551 ce=1.8167 tv=0.4149 conf=1.9976 grad_norm=3.1903 tensors_with_grad=69/72
[train] step 272: T=619 positions=16 loss=0.2501 ce=0.7452 tv=0.1951 conf=1.3948 grad_norm=1.4017 tensors_with_grad=69/72
[train] step 273: T=540 positions=16 loss=0.2303 ce=0.8260 tv=0.1642 conf=0.5246 grad_norm=3.1773 tensors_with_grad=69/72
[train] step 274: T=557 positions=16 loss=0.6715 ce=2.6779 tv=0.4486 conf=1.5016 grad_norm=4.5870 tensors_with_grad=69/72
[train] step 275: T=674 positions=16 loss=0.7116 ce=2.6517 tv=0.4961 conf=1.3192 grad_norm=2.5149 tensors_with_grad=69/72
[train] step 276: T=551 positions=16 loss=0.3357 ce=1.5539 tv=0.2004 conf=1.3130 grad_norm=3.4912 tensors_with_grad=69/72
[train] step 277: T=536 positions=16 loss=0.4902 ce=1.5906 tv=0.3679 conf=1.9281 grad_norm=3.5232 tensors_with_grad=69/72
[train] step 278: T=562 positions=16 loss=0.3120 ce=0.9841 tv=0.2373 conf=1.3257 grad_norm=1.7261 tensors_with_grad=69/72
[train] step 279: T=914 positions=16 loss=0.6874 ce=3.0552 tv=0.4243 conf=1.5639 grad_norm=3.4116 tensors_with_grad=69/72
[train] step 280: T=603 positions=16 loss=0.4126 ce=1.5429 tv=0.2870 conf=1.2231 grad_norm=2.4982 tensors_with_grad=69/72
[train] step 281: T=637 positions=16 loss=0.4386 ce=1.6964 tv=0.2989 conf=1.9620 grad_norm=3.8152 tensors_with_grad=69/72
[train] step 282: T=678 positions=16 loss=0.6077 ce=2.2536 tv=0.4248 conf=1.9039 grad_norm=2.2914 tensors_with_grad=69/72
[train] step 283: T=1167 positions=16 loss=0.8134 ce=3.4902 tv=0.5159 conf=2.1380 grad_norm=4.8467 tensors_with_grad=69/72
[train] step 284: T=590 positions=16 loss=0.1322 ce=0.3462 tv=0.1085 conf=0.5431 grad_norm=1.6368 tensors_with_grad=69/72
[train] step 285: T=539 positions=16 loss=0.3113 ce=1.1422 tv=0.2190 conf=0.9311 grad_norm=2.4743 tensors_with_grad=69/72
[train] step 286: T=1006 positions=16 loss=0.6340 ce=2.5431 tv=0.4219 conf=2.4790 grad_norm=2.9903 tensors_with_grad=69/72
[train] step 287: T=528 positions=16 loss=0.9067 ce=3.8972 tv=0.5744 conf=1.0931 grad_norm=4.7808 tensors_with_grad=69/72
[train] step 288: T=535 positions=16 loss=0.4760 ce=1.5192 tv=0.3601 conf=1.9005 grad_norm=2.1236 tensors_with_grad=69/72
[train] step 289: T=607 positions=16 loss=0.3047 ce=1.0523 tv=0.2216 conf=1.2555 grad_norm=2.5542 tensors_with_grad=69/72
[train] step 290: T=540 positions=16 loss=0.1207 ce=0.2870 tv=0.1023 conf=0.5041 grad_norm=2.1914 tensors_with_grad=69/72
[train] step 291: T=1532 positions=16 loss=0.6851 ce=3.1222 tv=0.4143 conf=1.5641 grad_norm=2.6064 tensors_with_grad=69/72
[train] step 292: T=532 positions=16 loss=0.4042 ce=1.7269 tv=0.2572 conf=0.6891 grad_norm=3.6988 tensors_with_grad=69/72
[train] step 293: T=1716 positions=16 loss=0.8730 ce=4.0345 tv=0.5218 conf=1.8829 grad_norm=1.8650 tensors_with_grad=69/72
[train] step 294: T=545 positions=16 loss=0.4382 ce=1.6173 tv=0.3072 conf=1.4548 grad_norm=2.6525 tensors_with_grad=69/72
[train] step 295: T=606 positions=16 loss=0.4295 ce=1.5903 tv=0.3006 conf=1.4407 grad_norm=4.1887 tensors_with_grad=69/72
[train] step 296: T=582 positions=16 loss=0.2850 ce=1.0061 tv=0.2049 conf=0.9058 grad_norm=2.3288 tensors_with_grad=69/72
[train] step 297: T=615 positions=16 loss=0.5567 ce=2.2779 tv=0.3655 conf=1.3041 grad_norm=2.3941 tensors_with_grad=69/72
[train] step 298: T=534 positions=16 loss=0.3987 ce=1.3448 tv=0.2936 conf=0.8574 grad_norm=2.7978 tensors_with_grad=69/72
[train] step 299: T=542 positions=16 loss=0.3418 ce=1.1697 tv=0.2499 conf=1.1332 grad_norm=4.9808 tensors_with_grad=69/72
[train] step 300: T=626 positions=16 loss=0.3282 ce=1.0302 tv=0.2502 conf=1.6163 grad_norm=2.8659 tensors_with_grad=69/72
[train] step 301: T=525 positions=16 loss=0.5749 ce=2.0796 tv=0.4078 conf=1.2323 grad_norm=3.4971 tensors_with_grad=69/72
[train] step 302: T=627 positions=16 loss=0.2231 ce=0.5247 tv=0.1896 conf=2.6205 grad_norm=3.8586 tensors_with_grad=69/72
[train] step 303: T=641 positions=16 loss=0.4398 ce=1.7408 tv=0.2952 conf=1.4238 grad_norm=2.8963 tensors_with_grad=69/72
[train] step 304: T=605 positions=16 loss=0.2536 ce=0.7465 tv=0.1989 conf=1.3012 grad_norm=2.5356 tensors_with_grad=69/72
[train] step 305: T=532 positions=16 loss=0.3576 ce=1.4702 tv=0.2340 conf=0.7905 grad_norm=1.8894 tensors_with_grad=69/72
[train] step 306: T=526 positions=16 loss=0.6783 ce=2.3705 tv=0.4903 conf=1.8723 grad_norm=2.4893 tensors_with_grad=69/72
[train] step 307: T=545 positions=16 loss=0.2559 ce=0.7441 tv=0.2017 conf=0.9976 grad_norm=3.4027 tensors_with_grad=69/72
[train] step 308: T=561 positions=16 loss=0.5112 ce=2.2151 tv=0.3219 conf=1.2060 grad_norm=3.1545 tensors_with_grad=69/72
[train] step 309: T=540 positions=16 loss=0.3030 ce=1.0671 tv=0.2181 conf=0.8673 grad_norm=3.8824 tensors_with_grad=69/72
[train] step 310: T=1025 positions=16 loss=0.7885 ce=3.4952 tv=0.4878 conf=2.6878 grad_norm=2.9533 tensors_with_grad=69/72
[train] step 311: T=1316 positions=16 loss=0.7134 ce=3.2547 tv=0.4311 conf=1.3718 grad_norm=1.4244 tensors_with_grad=69/72
[train] step 312: T=593 positions=16 loss=0.8273 ce=3.6838 tv=0.5099 conf=2.4858 grad_norm=3.8710 tensors_with_grad=69/72
[train] step 313: T=1364 positions=16 loss=0.9214 ce=4.4193 tv=0.5327 conf=1.0751 grad_norm=2.5236 tensors_with_grad=69/72
[train] step 314: T=563 positions=16 loss=0.5346 ce=2.2467 tv=0.3443 conf=1.2077 grad_norm=2.6086 tensors_with_grad=69/72
[train] step 315: T=621 positions=16 loss=0.5568 ce=2.1383 tv=0.3811 conf=1.9278 grad_norm=4.4055 tensors_with_grad=69/72
[train] step 316: T=1798 positions=16 loss=0.7352 ce=3.3527 tv=0.4444 conf=2.3019 grad_norm=3.0832 tensors_with_grad=69/72
[train] step 317: T=565 positions=16 loss=0.6612 ce=2.6931 tv=0.4354 conf=1.8577 grad_norm=5.9523 tensors_with_grad=69/72
[train] step 318: T=592 positions=16 loss=0.3495 ce=1.0940 tv=0.2668 conf=1.2929 grad_norm=5.6696 tensors_with_grad=69/72
[train] step 319: T=559 positions=16 loss=0.1840 ce=0.6665 tv=0.1304 conf=1.0716 grad_norm=2.3626 tensors_with_grad=69/72
[train] step 320: T=538 positions=16 loss=0.0833 ce=0.2394 tv=0.0660 conf=0.3271 grad_norm=3.0380 tensors_with_grad=69/72
[train] step 321: T=554 positions=16 loss=0.5789 ce=2.3452 tv=0.3826 conf=1.0897 grad_norm=3.1925 tensors_with_grad=69/72
[train] step 322: T=577 positions=16 loss=0.7390 ce=3.0495 tv=0.4823 conf=1.7188 grad_norm=3.4961 tensors_with_grad=69/72
[train] step 323: T=630 positions=16 loss=0.2158 ce=0.7300 tv=0.1587 conf=0.9410 grad_norm=4.3956 tensors_with_grad=69/72
[train] step 324: T=672 positions=16 loss=0.5654 ce=2.0501 tv=0.4005 conf=1.0061 grad_norm=3.3004 tensors_with_grad=69/72
[train] step 325: T=536 positions=16 loss=0.2000 ce=0.6166 tv=0.1537 conf=0.7123 grad_norm=2.6719 tensors_with_grad=69/72
[train] step 326: T=528 positions=16 loss=0.3420 ce=1.2532 tv=0.2408 conf=1.3612 grad_norm=2.9515 tensors_with_grad=69/72
[train] step 327: T=547 positions=16 loss=0.5000 ce=1.7462 tv=0.3615 conf=0.7773 grad_norm=3.2133 tensors_with_grad=69/72
[train] step 328: T=639 positions=16 loss=0.2057 ce=0.7037 tv=0.1504 conf=0.9292 grad_norm=3.3357 tensors_with_grad=69/72
[train] step 329: T=602 positions=16 loss=0.3572 ce=1.5729 tv=0.2222 conf=1.0923 grad_norm=4.6214 tensors_with_grad=69/72
[train] step 330: T=665 positions=16 loss=0.1979 ce=0.6462 tv=0.1480 conf=1.2521 grad_norm=2.0523 tensors_with_grad=69/72
[train] step 331: T=600 positions=16 loss=0.6019 ce=2.4161 tv=0.4004 conf=1.5605 grad_norm=3.1373 tensors_with_grad=69/72
[train] step 332: T=1649 positions=16 loss=0.9613 ce=4.6793 tv=0.5482 conf=1.7455 grad_norm=3.3089 tensors_with_grad=69/72
[train] step 333: T=1232 positions=16 loss=0.8265 ce=3.1539 tv=0.5679 conf=2.4849 grad_norm=2.4968 tensors_with_grad=69/72
[train] step 334: T=528 positions=16 loss=0.5779 ce=1.8057 tv=0.4414 conf=1.2513 grad_norm=3.4178 tensors_with_grad=69/72
[train] step 335: T=1067 positions=16 loss=0.8347 ce=3.4507 tv=0.5441 conf=2.0627 grad_norm=3.4593 tensors_with_grad=69/72
[train] step 336: T=524 positions=16 loss=0.8216 ce=3.6563 tv=0.5066 conf=1.5794 grad_norm=2.9862 tensors_with_grad=69/72
[train] step 337: T=634 positions=16 loss=0.3954 ce=1.1493 tv=0.3117 conf=1.5992 grad_norm=3.4055 tensors_with_grad=69/72
[train] step 338: T=593 positions=16 loss=0.2431 ce=0.8988 tv=0.1702 conf=1.2405 grad_norm=5.4145 tensors_with_grad=69/72
[train] step 339: T=524 positions=16 loss=0.5427 ce=1.8059 tv=0.4024 conf=1.4853 grad_norm=4.1613 tensors_with_grad=69/72
[train] step 340: T=574 positions=16 loss=0.3511 ce=1.2150 tv=0.2551 conf=1.1515 grad_norm=3.1692 tensors_with_grad=69/72
[train] step 341: T=602 positions=16 loss=0.3928 ce=1.2394 tv=0.2988 conf=1.1726 grad_norm=3.0894 tensors_with_grad=69/72
[train] step 342: T=573 positions=16 loss=0.2333 ce=0.8092 tv=0.1693 conf=0.5783 grad_norm=2.4404 tensors_with_grad=69/72
[train] step 343: T=677 positions=16 loss=0.4767 ce=1.8693 tv=0.3219 conf=0.9300 grad_norm=2.0609 tensors_with_grad=69/72
[train] step 344: T=568 positions=16 loss=0.8020 ce=3.0999 tv=0.5467 conf=1.6584 grad_norm=3.7724 tensors_with_grad=69/72
[train] step 345: T=961 positions=16 loss=0.6609 ce=2.5928 tv=0.4462 conf=2.5646 grad_norm=5.4952 tensors_with_grad=69/72
[train] step 346: T=569 positions=16 loss=0.6967 ce=2.6757 tv=0.4768 conf=1.2062 grad_norm=4.3662 tensors_with_grad=69/72
[train] step 347: T=533 positions=16 loss=0.3874 ce=1.3748 tv=0.2777 conf=2.3326 grad_norm=3.3745 tensors_with_grad=69/72
[train] step 348: T=539 positions=16 loss=0.5235 ce=1.6400 tv=0.3994 conf=1.3812 grad_norm=2.1188 tensors_with_grad=69/72
[train] step 349: T=562 positions=16 loss=0.3845 ce=1.5106 tv=0.2594 conf=0.7078 grad_norm=3.1137 tensors_with_grad=69/72
[train] step 350: T=531 positions=16 loss=0.2183 ce=0.7933 tv=0.1544 conf=0.4797 grad_norm=2.2770 tensors_with_grad=69/72
[train] step 351: T=539 positions=16 loss=0.6126 ce=2.6304 tv=0.3884 conf=0.9641 grad_norm=4.3056 tensors_with_grad=69/72
[train] step 352: T=618 positions=16 loss=0.4341 ce=1.5680 tv=0.3082 conf=1.3851 grad_norm=4.7949 tensors_with_grad=69/72
[train] step 353: T=535 positions=16 loss=0.0774 ce=0.2202 tv=0.0615 conf=0.5092 grad_norm=2.1805 tensors_with_grad=69/72
[train] step 354: T=675 positions=16 loss=0.6937 ce=2.5530 tv=0.4871 conf=2.4605 grad_norm=2.5983 tensors_with_grad=69/72
[train] step 355: T=606 positions=16 loss=0.1378 ce=0.4594 tv=0.1020 conf=0.7201 grad_norm=1.4300 tensors_with_grad=69/72
[train] step 356: T=529 positions=16 loss=0.5762 ce=2.0304 tv=0.4146 conf=1.2465 grad_norm=2.2110 tensors_with_grad=69/72
[train] step 357: T=529 positions=16 loss=0.9136 ce=3.6069 tv=0.6144 conf=2.0970 grad_norm=2.0081 tensors_with_grad=69/72
[train] step 358: T=530 positions=16 loss=0.6078 ce=2.1808 tv=0.4331 conf=1.4912 grad_norm=2.6745 tensors_with_grad=69/72
[train] step 359: T=1003 positions=16 loss=0.5665 ce=2.4881 tv=0.3530 conf=1.0511 grad_norm=1.4559 tensors_with_grad=69/72
[train] step 360: T=551 positions=16 loss=0.4572 ce=1.9819 tv=0.2878 conf=1.8185 grad_norm=4.0107 tensors_with_grad=69/72
[train] step 361: T=810 positions=16 loss=0.4213 ce=1.7729 tv=0.2711 conf=1.2541 grad_norm=1.6724 tensors_with_grad=69/72
[train] step 362: T=533 positions=16 loss=0.3183 ce=1.0705 tv=0.2347 conf=0.8807 grad_norm=3.4817 tensors_with_grad=69/72
[train] step 363: T=672 positions=16 loss=0.7087 ce=2.4154 tv=0.5190 conf=1.4709 grad_norm=2.3268 tensors_with_grad=69/72
[train] step 364: T=1041 positions=16 loss=0.8540 ce=4.4116 tv=0.4587 conf=1.4204 grad_norm=4.5415 tensors_with_grad=69/72
[train] step 365: T=599 positions=16 loss=0.3489 ce=1.1821 tv=0.2563 conf=1.5509 grad_norm=2.8631 tensors_with_grad=69/72
[train] step 366: T=678 positions=16 loss=0.2261 ce=0.5481 tv=0.1903 conf=1.3281 grad_norm=2.4478 tensors_with_grad=69/72
[train] step 367: T=672 positions=16 loss=0.6387 ce=2.5986 tv=0.4210 conf=0.9576 grad_norm=4.3720 tensors_with_grad=69/72
[train] step 368: T=570 positions=16 loss=0.8039 ce=3.1403 tv=0.5443 conf=1.8059 grad_norm=5.2829 tensors_with_grad=69/72
[train] step 369: T=1218 positions=16 loss=0.9779 ce=4.6698 tv=0.5677 conf=1.7340 grad_norm=3.9801 tensors_with_grad=69/72
[train] step 370: T=529 positions=16 loss=0.3261 ce=1.0392 tv=0.2469 conf=0.8244 grad_norm=2.9240 tensors_with_grad=69/72
[train] step 371: T=532 positions=16 loss=0.3663 ce=1.2424 tv=0.2689 conf=1.1846 grad_norm=2.6815 tensors_with_grad=69/72
[train] step 372: T=541 positions=16 loss=0.2569 ce=0.8106 tv=0.1954 conf=0.6947 grad_norm=3.4269 tensors_with_grad=69/72
[train] step 373: T=531 positions=16 loss=0.3892 ce=1.4339 tv=0.2731 conf=1.3983 grad_norm=3.1594 tensors_with_grad=69/72
[train] step 374: T=630 positions=16 loss=0.3192 ce=1.2804 tv=0.2124 conf=0.7493 grad_norm=1.8889 tensors_with_grad=69/72
[train] step 375: T=1225 positions=16 loss=0.8130 ce=3.6809 tv=0.4943 conf=2.5758 grad_norm=3.0094 tensors_with_grad=69/72
[train] step 376: T=622 positions=16 loss=0.5432 ce=2.0290 tv=0.3781 conf=1.6868 grad_norm=2.8042 tensors_with_grad=69/72
[train] step 377: T=950 positions=16 loss=0.5596 ce=2.1485 tv=0.3830 conf=2.1928 grad_norm=2.2156 tensors_with_grad=69/72
[train] step 378: T=537 positions=16 loss=0.1652 ce=0.6363 tv=0.1128 conf=0.2446 grad_norm=1.4662 tensors_with_grad=69/72
[train] step 379: T=616 positions=16 loss=0.1445 ce=0.3816 tv=0.1181 conf=1.1212 grad_norm=1.7981 tensors_with_grad=69/72
[train] step 380: T=532 positions=16 loss=0.1261 ce=0.3025 tv=0.1065 conf=1.3671 grad_norm=1.7908 tensors_with_grad=69/72
[train] step 381: T=587 positions=16 loss=0.2283 ce=0.5813 tv=0.1890 conf=0.9948 grad_norm=3.2528 tensors_with_grad=69/72
[train] step 382: T=611 positions=16 loss=0.5444 ce=2.1587 tv=0.3650 conf=1.5534 grad_norm=2.7364 tensors_with_grad=69/72
[train] step 383: T=534 positions=16 loss=0.2460 ce=0.7565 tv=0.1893 conf=0.6469 grad_norm=2.6056 tensors_with_grad=69/72
[train] step 384: T=532 positions=16 loss=0.0946 ce=0.1860 tv=0.0845 conf=0.1292 grad_norm=1.0758 tensors_with_grad=69/72
[train] step 385: T=525 positions=16 loss=0.2988 ce=1.2884 tv=0.1888 conf=0.9661 grad_norm=1.6090 tensors_with_grad=69/72
[train] step 386: T=628 positions=16 loss=0.5007 ce=1.9164 tv=0.3434 conf=1.5622 grad_norm=1.4924 tensors_with_grad=69/72
[train] step 387: T=940 positions=16 loss=0.6964 ce=3.1941 tv=0.4188 conf=3.2770 grad_norm=2.5543 tensors_with_grad=69/72
[train] step 388: T=672 positions=16 loss=0.3199 ce=0.9781 tv=0.2468 conf=1.1582 grad_norm=3.1962 tensors_with_grad=69/72
[train] step 389: T=642 positions=16 loss=0.7046 ce=2.7152 tv=0.4812 conf=2.3838 grad_norm=2.8788 tensors_with_grad=69/72
[train] step 390: T=673 positions=16 loss=0.5567 ce=1.7249 tv=0.4269 conf=2.7540 grad_norm=2.6515 tensors_with_grad=69/72
[train] step 391: T=532 positions=16 loss=0.4258 ce=1.6390 tv=0.2910 conf=1.8992 grad_norm=3.8799 tensors_with_grad=69/72
[train] step 392: T=528 positions=16 loss=0.7061 ce=2.6595 tv=0.4890 conf=2.1428 grad_norm=2.9822 tensors_with_grad=69/72
[train] step 393: T=585 positions=16 loss=0.5845 ce=2.2355 tv=0.4011 conf=1.4413 grad_norm=3.3336 tensors_with_grad=69/72
[train] step 394: T=544 positions=16 loss=0.2644 ce=0.8681 tv=0.1973 conf=1.0360 grad_norm=4.0594 tensors_with_grad=69/72
[train] step 395: T=544 positions=16 loss=0.2458 ce=0.7035 tv=0.1949 conf=0.8328 grad_norm=2.7729 tensors_with_grad=69/72
[train] step 396: T=674 positions=16 loss=0.6112 ce=2.2438 tv=0.4298 conf=1.7599 grad_norm=3.1593 tensors_with_grad=69/72
[train] step 397: T=558 positions=16 loss=0.2461 ce=0.7326 tv=0.1920 conf=1.2197 grad_norm=2.3468 tensors_with_grad=69/72
[train] step 398: T=596 positions=16 loss=0.3963 ce=1.2122 tv=0.3056 conf=1.4854 grad_norm=5.7065 tensors_with_grad=69/72
[train] step 399: T=644 positions=16 loss=0.5843 ce=1.9094 tv=0.4371 conf=1.9823 grad_norm=3.9792 tensors_with_grad=69/72
[train] step 400: T=676 positions=16 loss=0.3688 ce=1.2994 tv=0.2654 conf=1.4001 grad_norm=4.2152 tensors_with_grad=69/72
[train] step 401: T=643 positions=16 loss=0.5320 ce=1.6897 tv=0.4034 conf=1.6429 grad_norm=2.2579 tensors_with_grad=69/72
[train] step 402: T=526 positions=16 loss=0.1440 ce=0.5156 tv=0.1027 conf=0.2858 grad_norm=1.0808 tensors_with_grad=69/72
[train] step 403: T=540 positions=16 loss=0.1315 ce=0.3346 tv=0.1089 conf=0.5855 grad_norm=0.7906 tensors_with_grad=69/72
[train] step 404: T=665 positions=16 loss=0.7257 ce=2.9709 tv=0.4762 conf=1.7578 grad_norm=3.0097 tensors_with_grad=69/72
[train] step 405: T=530 positions=16 loss=0.5747 ce=2.3036 tv=0.3826 conf=1.9335 grad_norm=6.4282 tensors_with_grad=69/72
[train] step 406: T=526 positions=16 loss=0.4719 ce=1.9795 tv=0.3044 conf=0.7830 grad_norm=3.9885 tensors_with_grad=69/72
[train] step 407: T=539 positions=16 loss=0.2385 ce=0.7767 tv=0.1787 conf=0.6132 grad_norm=4.6231 tensors_with_grad=69/72
[train] step 408: T=548 positions=16 loss=0.5282 ce=2.1215 tv=0.3512 conf=2.0560 grad_norm=4.6241 tensors_with_grad=69/72
[train] step 409: T=545 positions=16 loss=0.4216 ce=2.0300 tv=0.2429 conf=0.7348 grad_norm=3.0602 tensors_with_grad=69/72
[train] step 410: T=889 positions=16 loss=0.7472 ce=3.3748 tv=0.4553 conf=0.6578 grad_norm=2.5228 tensors_with_grad=69/72
[train] step 411: T=673 positions=16 loss=0.4513 ce=1.7287 tv=0.3094 conf=1.3532 grad_norm=3.3469 tensors_with_grad=69/72
[train] step 412: T=597 positions=16 loss=0.1675 ce=0.5975 tv=0.1197 conf=0.6750 grad_norm=1.9888 tensors_with_grad=69/72
[train] step 413: T=601 positions=16 loss=0.4040 ce=1.5969 tv=0.2714 conf=1.0122 grad_norm=3.7249 tensors_with_grad=69/72
[train] step 414: T=525 positions=16 loss=0.7027 ce=2.6273 tv=0.4888 conf=2.0727 grad_norm=3.6836 tensors_with_grad=69/72
[train] step 415: T=541 positions=16 loss=0.1590 ce=0.3596 tv=0.1367 conf=0.5308 grad_norm=1.3902 tensors_with_grad=69/72
[train] step 416: T=561 positions=16 loss=0.3226 ce=1.0723 tv=0.2393 conf=1.6531 grad_norm=2.3860 tensors_with_grad=69/72
[train] step 417: T=556 positions=16 loss=0.3511 ce=1.5910 tv=0.2133 conf=0.8081 grad_norm=2.2903 tensors_with_grad=69/72
[train] step 418: T=541 positions=16 loss=0.1553 ce=0.4303 tv=0.1247 conf=0.7523 grad_norm=2.8890 tensors_with_grad=69/72
[train] step 419: T=582 positions=16 loss=0.6633 ce=2.6738 tv=0.4399 conf=0.7220 grad_norm=3.0854 tensors_with_grad=69/72
[train] step 420: T=543 positions=16 loss=0.4959 ce=2.0189 tv=0.3266 conf=1.1159 grad_norm=3.4373 tensors_with_grad=69/72
[train] step 421: T=636 positions=16 loss=0.3975 ce=1.0884 tv=0.3207 conf=1.2886 grad_norm=2.8286 tensors_with_grad=69/72
[train] step 422: T=530 positions=16 loss=0.6445 ce=2.1148 tv=0.4811 conf=2.1989 grad_norm=2.6534 tensors_with_grad=69/72
[train] step 423: T=581 positions=16 loss=0.3705 ce=1.2185 tv=0.2762 conf=0.9171 grad_norm=3.9403 tensors_with_grad=69/72
[train] step 424: T=569 positions=16 loss=0.3682 ce=1.3414 tv=0.2600 conf=1.3986 grad_norm=3.1615 tensors_with_grad=69/72
[train] step 425: T=573 positions=16 loss=0.4346 ce=1.7291 tv=0.2908 conf=1.7067 grad_norm=3.0801 tensors_with_grad=69/72
[train] step 426: T=543 positions=16 loss=0.6887 ce=2.7556 tv=0.4590 conf=1.7820 grad_norm=4.0664 tensors_with_grad=69/72
[train] step 427: T=546 positions=16 loss=0.2229 ce=0.8298 tv=0.1554 conf=0.7338 grad_norm=2.5592 tensors_with_grad=69/72
[train] step 428: T=672 positions=16 loss=0.7449 ce=2.5567 tv=0.5436 conf=2.3483 grad_norm=2.5717 tensors_with_grad=69/72
[train] step 429: T=604 positions=16 loss=0.6539 ce=2.9812 tv=0.3954 conf=1.2831 grad_norm=5.7288 tensors_with_grad=69/72
[train] step 430: T=622 positions=16 loss=0.4312 ce=1.6367 tv=0.2972 conf=1.1953 grad_norm=1.5394 tensors_with_grad=69/72
[train] step 431: T=542 positions=16 loss=0.4740 ce=1.9721 tv=0.3075 conf=0.7504 grad_norm=4.7794 tensors_with_grad=69/72
[train] step 432: T=539 positions=16 loss=0.2523 ce=0.7474 tv=0.1972 conf=1.6566 grad_norm=2.7874 tensors_with_grad=69/72
[train] step 433: T=636 positions=16 loss=0.3299 ce=1.1653 tv=0.2370 conf=1.3273 grad_norm=2.7823 tensors_with_grad=69/72
[train] step 434: T=587 positions=16 loss=0.1827 ce=0.8348 tv=0.1103 conf=1.0635 grad_norm=1.3790 tensors_with_grad=69/72
[train] step 435: T=633 positions=16 loss=0.4943 ce=1.8199 tv=0.3470 conf=1.3663 grad_norm=2.9910 tensors_with_grad=69/72
[train] step 436: T=536 positions=16 loss=0.1296 ce=0.3005 tv=0.1106 conf=0.7582 grad_norm=4.2065 tensors_with_grad=69/72
[train] step 437: T=529 positions=16 loss=0.2499 ce=0.9078 tv=0.1768 conf=1.7291 grad_norm=5.7673 tensors_with_grad=69/72
[train] step 438: T=580 positions=16 loss=0.1640 ce=0.4208 tv=0.1355 conf=1.0444 grad_norm=2.4032 tensors_with_grad=69/72
[train] step 439: T=1549 positions=16 loss=0.7431 ce=3.1063 tv=0.4805 conf=3.6142 grad_norm=3.3435 tensors_with_grad=69/72
[train] step 440: T=636 positions=16 loss=0.2700 ce=0.7052 tv=0.2216 conf=1.2188 grad_norm=4.5694 tensors_with_grad=69/72
[train] step 441: T=899 positions=16 loss=0.4514 ce=1.9692 tv=0.2827 conf=1.2551 grad_norm=1.6832 tensors_with_grad=69/72
[train] step 442: T=611 positions=16 loss=0.1363 ce=0.4222 tv=0.1045 conf=0.8285 grad_norm=1.2092 tensors_with_grad=69/72
[train] step 443: T=533 positions=16 loss=0.2675 ce=0.9707 tv=0.1894 conf=1.1504 grad_norm=1.8963 tensors_with_grad=69/72
[train] step 444: T=567 positions=16 loss=0.6598 ce=2.7499 tv=0.4275 conf=1.5704 grad_norm=2.8309 tensors_with_grad=69/72
[train] step 445: T=539 positions=16 loss=0.0980 ce=0.3040 tv=0.0751 conf=0.3721 grad_norm=0.9231 tensors_with_grad=69/72
[train] step 446: T=539 positions=16 loss=0.0789 ce=0.1596 tv=0.0700 conf=0.3567 grad_norm=1.5299 tensors_with_grad=69/72
[train] step 447: T=663 positions=16 loss=0.3398 ce=1.1089 tv=0.2543 conf=1.3602 grad_norm=3.6753 tensors_with_grad=69/72
[train] step 448: T=601 positions=16 loss=0.4844 ce=1.8079 tv=0.3373 conf=1.1051 grad_norm=3.2208 tensors_with_grad=69/72
[train] step 449: T=532 positions=16 loss=0.2009 ce=0.6471 tv=0.1513 conf=0.5572 grad_norm=1.9589 tensors_with_grad=69/72
[train] step 450: T=575 positions=16 loss=0.5448 ce=1.8000 tv=0.4053 conf=1.4267 grad_norm=2.0384 tensors_with_grad=69/72
[train] step 451: T=542 positions=16 loss=0.1983 ce=0.5196 tv=0.1626 conf=0.8603 grad_norm=1.8076 tensors_with_grad=69/72
[train] step 452: T=1125 positions=16 loss=0.6334 ce=2.8956 tv=0.3821 conf=1.6593 grad_norm=2.5887 tensors_with_grad=69/72
[train] step 453: T=586 positions=16 loss=0.4274 ce=1.5872 tv=0.2986 conf=1.2366 grad_norm=5.2294 tensors_with_grad=69/72
[train] step 454: T=576 positions=16 loss=0.2760 ce=0.9007 tv=0.2065 conf=1.4750 grad_norm=1.2343 tensors_with_grad=69/72
[train] step 455: T=534 positions=16 loss=0.2968 ce=0.8923 tv=0.2306 conf=1.3437 grad_norm=4.1962 tensors_with_grad=69/72
[train] step 456: T=535 positions=16 loss=0.3576 ce=1.4715 tv=0.2339 conf=0.6486 grad_norm=2.2722 tensors_with_grad=69/72
[train] step 457: T=663 positions=16 loss=0.6158 ce=2.0045 tv=0.4615 conf=2.5086 grad_norm=2.9069 tensors_with_grad=69/72
[train] step 458: T=593 positions=16 loss=0.5066 ce=2.3579 tv=0.3009 conf=1.0402 grad_norm=4.3807 tensors_with_grad=69/72
[train] step 459: T=672 positions=16 loss=0.8021 ce=3.3002 tv=0.5246 conf=1.5916 grad_norm=2.4179 tensors_with_grad=69/72
[train] step 460: T=572 positions=16 loss=0.6315 ce=2.5107 tv=0.4226 conf=1.1656 grad_norm=3.4225 tensors_with_grad=69/72
[train] step 461: T=672 positions=16 loss=0.5741 ce=1.9592 tv=0.4202 conf=2.1732 grad_norm=3.0703 tensors_with_grad=69/72
[train] step 462: T=557 positions=16 loss=0.2719 ce=0.8702 tv=0.2054 conf=1.8699 grad_norm=3.4848 tensors_with_grad=69/72
[train] step 463: T=676 positions=16 loss=0.5743 ce=2.2478 tv=0.3884 conf=1.5470 grad_norm=2.3014 tensors_with_grad=69/72
[train] step 464: T=676 positions=16 loss=0.6575 ce=2.4238 tv=0.4612 conf=1.7409 grad_norm=1.7983 tensors_with_grad=69/72
[train] step 465: T=526 positions=16 loss=0.6669 ce=2.2683 tv=0.4889 conf=2.2645 grad_norm=4.4814 tensors_with_grad=69/72
[train] step 466: T=585 positions=16 loss=0.3450 ce=1.1615 tv=0.2543 conf=0.9267 grad_norm=2.2913 tensors_with_grad=69/72
[train] step 467: T=542 positions=16 loss=0.3860 ce=1.1303 tv=0.3033 conf=1.1935 grad_norm=4.5889 tensors_with_grad=69/72
[train] step 468: T=572 positions=16 loss=0.3654 ce=1.4734 tv=0.2423 conf=1.2028 grad_norm=3.2936 tensors_with_grad=69/72
[train] step 469: T=567 positions=16 loss=0.6524 ce=2.6875 tv=0.4263 conf=1.2956 grad_norm=3.9392 tensors_with_grad=69/72
[train] step 470: T=591 positions=16 loss=0.4391 ce=1.9760 tv=0.2684 conf=1.2238 grad_norm=6.7792 tensors_with_grad=69/72
[train] step 471: T=536 positions=16 loss=0.0405 ce=0.1093 tv=0.0328 conf=0.1865 grad_norm=0.3482 tensors_with_grad=69/72
[diag] draft-argmax == TARGET-argmax : 67.2%  | == ground-truth token: 66.4%
[diag] mean top-1 prob  target 0.842  draft 0.757   (TV near 1 with a PEAKED draft => misalignment; with a FLAT draft => genuine)
[train] saved 72 trained tensors -> /cap/s3/c2/trained/mtp_trained.safetensors
[train] saved AdamW state -> /cap/s3/c2/trained/opt_state.pt (needed for --resume to be equivalent to one continuous run)
[train] metrics -> /cap/s3/c2/train_metrics.json  (loss 0.1120 -> 0.0405, tail mean 0.4138)
[train] TRAIN OK
