[train] device=cuda torch=2.10.0
  loading model-00046-of-00048.safetensors ...
  loading model-00047-of-00048.safetensors ...
  loading model-00048-of-00048.safetensors ...
  dequantised 1512 tensors, 12.60 B params, 23.5 GiB bf16
[train] weights ready in 8.6s
[train] trainable 517.3 M in 72 tensors | frozen experts 12.08 B
[train] capture: 500 sample(s)
[Gloo] Rank 0 is connected to 0 peer ranks. Expected number of connected peer ranks is : 0
[train] ModelArgs: n_mtp=3 block=6 taps=[40, 41, 42] markov_rank=256
[train] built 3 DSparkBlock(s) on meta
[train] re-materialised freqs_cis on 3 attention module(s) (persistent=False buffers are NOT in state_dict and to_empty() zapped them)
[train] load_state_dict: 0 missing, 0 unexpected
[train] GATE1 model construction OK
[train] aux: embed.weight(129280, 4096), head.weight(129280, 4096)
[train] trainable tensors in graph: 72 / 517.3 M
[train] lr schedule: linear warmup 73 step(s) -> cosine over 1472 session step(s), peak 5e-05; this chunk is steps 0..499
/work/train/train_head.py:115: UserWarning: Converting a tensor with requires_grad=True to a scalar may lead to unexpected behavior.
Consider using tensor.detach() first. (Triggered internally at /opt/pytorch/torch/csrc/autograd/generated/python_variable_methods.cpp:836.)
  parts = {"ce": float((w * ce).sum()), "tv": float((w * tv).sum()), "conf": 0.0}
[train] step 0: T=541 positions=16 loss=0.9736 ce=4.1035 tv=0.6258 conf=0.8457 grad_norm=8.6047 tensors_with_grad=69/72
[train] step 1: T=645 positions=16 loss=1.1651 ce=5.0989 tv=0.7280 conf=0.5732 grad_norm=8.9485 tensors_with_grad=69/72
[train] step 2: T=527 positions=16 loss=0.9520 ce=4.6458 tv=0.5416 conf=0.6819 grad_norm=9.3593 tensors_with_grad=69/72
[train] step 3: T=848 positions=16 loss=0.8979 ce=4.1587 tv=0.5356 conf=0.5099 grad_norm=8.4839 tensors_with_grad=69/72
[train] step 4: T=675 positions=16 loss=0.8646 ce=4.8814 tv=0.4183 conf=0.8835 grad_norm=2.9840 tensors_with_grad=69/72
[train] step 5: T=536 positions=16 loss=0.5382 ce=3.1305 tv=0.2502 conf=0.3671 grad_norm=6.4400 tensors_with_grad=69/72
[train] step 6: T=619 positions=16 loss=0.3515 ce=2.1149 tv=0.1555 conf=0.4576 grad_norm=3.5478 tensors_with_grad=69/72
[train] step 7: T=632 positions=16 loss=1.1161 ce=4.3588 tv=0.7558 conf=0.4707 grad_norm=5.9471 tensors_with_grad=69/72
[train] step 8: T=529 positions=16 loss=0.7333 ce=2.6011 tv=0.5258 conf=0.6975 grad_norm=8.6256 tensors_with_grad=69/72
[train] step 9: T=530 positions=16 loss=0.6387 ce=2.2962 tv=0.4546 conf=0.6498 grad_norm=5.5310 tensors_with_grad=69/72
[train] step 10: T=660 positions=16 loss=1.1681 ce=4.9136 tv=0.7519 conf=0.4651 grad_norm=5.7417 tensors_with_grad=69/72
[train] step 11: T=1056 positions=16 loss=1.0379 ce=5.1505 tv=0.5809 conf=0.6447 grad_norm=5.4257 tensors_with_grad=69/72
[train] step 12: T=537 positions=16 loss=0.4966 ce=2.1169 tv=0.3166 conf=0.7192 grad_norm=4.6313 tensors_with_grad=69/72
[train] step 13: T=539 positions=16 loss=0.9046 ce=3.6461 tv=0.6000 conf=0.7635 grad_norm=7.8657 tensors_with_grad=69/72
[train] step 14: T=627 positions=16 loss=0.4229 ce=2.1238 tv=0.2340 conf=0.4768 grad_norm=4.9172 tensors_with_grad=69/72
[train] step 15: T=526 positions=16 loss=1.0542 ce=4.2765 tv=0.6962 conf=0.6620 grad_norm=5.9978 tensors_with_grad=69/72
[train] step 16: T=1697 positions=16 loss=1.2992 ce=6.2387 tv=0.7503 conf=0.4647 grad_norm=5.1547 tensors_with_grad=69/72
[train] step 17: T=608 positions=16 loss=0.8405 ce=3.5525 tv=0.5391 conf=0.7686 grad_norm=9.4647 tensors_with_grad=69/72
[train] step 18: T=541 positions=16 loss=0.4104 ce=1.6482 tv=0.2729 conf=0.5125 grad_norm=11.4619 tensors_with_grad=69/72
[train] step 19: T=528 positions=16 loss=1.0526 ce=4.4903 tv=0.6707 conf=0.4624 grad_norm=4.3241 tensors_with_grad=69/72
[train] step 20: T=531 positions=16 loss=0.7219 ce=3.0973 tv=0.4580 conf=0.5193 grad_norm=11.1354 tensors_with_grad=69/72
[train] step 21: T=531 positions=16 loss=0.7330 ce=2.5237 tv=0.5341 conf=0.7308 grad_norm=6.1025 tensors_with_grad=69/72
[train] step 22: T=536 positions=16 loss=1.0728 ce=5.3126 tv=0.6018 conf=0.8843 grad_norm=5.8356 tensors_with_grad=69/72
[train] step 23: T=571 positions=16 loss=1.1209 ce=4.8312 tv=0.7086 conf=0.6023 grad_norm=9.5059 tensors_with_grad=69/72
[train] step 24: T=524 positions=16 loss=0.4419 ce=2.2941 tv=0.2361 conf=0.3515 grad_norm=4.3929 tensors_with_grad=69/72
[train] step 25: T=675 positions=16 loss=1.1811 ce=5.2694 tv=0.7269 conf=0.5383 grad_norm=9.1326 tensors_with_grad=69/72
[train] step 26: T=615 positions=16 loss=0.5458 ce=2.2930 tv=0.3517 conf=0.5635 grad_norm=7.6735 tensors_with_grad=69/72
[train] step 27: T=677 positions=16 loss=0.8065 ce=3.2255 tv=0.5377 conf=0.5979 grad_norm=4.7733 tensors_with_grad=69/72
[train] step 28: T=537 positions=16 loss=1.1795 ce=6.2377 tv=0.6175 conf=0.7148 grad_norm=11.2550 tensors_with_grad=69/72
[train] step 29: T=652 positions=16 loss=1.1091 ce=4.5586 tv=0.7258 conf=0.4855 grad_norm=4.0954 tensors_with_grad=69/72
[train] step 30: T=553 positions=16 loss=0.4576 ce=1.5374 tv=0.3376 conf=0.4779 grad_norm=5.7475 tensors_with_grad=69/72
[train] step 31: T=528 positions=16 loss=0.5157 ce=1.6821 tv=0.3861 conf=0.5347 grad_norm=8.4459 tensors_with_grad=69/72
[train] step 32: T=591 positions=16 loss=0.5149 ce=2.3474 tv=0.3113 conf=0.9052 grad_norm=6.0188 tensors_with_grad=69/72
[train] step 33: T=528 positions=16 loss=0.3645 ce=1.1610 tv=0.2760 conf=0.4734 grad_norm=10.4666 tensors_with_grad=69/72
[train] step 34: T=539 positions=16 loss=0.5045 ce=2.4293 tv=0.2906 conf=0.7155 grad_norm=12.2276 tensors_with_grad=69/72
[train] step 35: T=608 positions=16 loss=0.6116 ce=2.9290 tv=0.3541 conf=0.7206 grad_norm=4.8134 tensors_with_grad=69/72
[train] step 36: T=538 positions=16 loss=0.6803 ce=2.3916 tv=0.4902 conf=0.5164 grad_norm=6.3012 tensors_with_grad=69/72
[train] step 37: T=542 positions=16 loss=0.7616 ce=2.6808 tv=0.5484 conf=0.6599 grad_norm=8.3359 tensors_with_grad=69/72
[train] step 38: T=672 positions=16 loss=1.2639 ce=5.7777 tv=0.7623 conf=0.5095 grad_norm=2.5607 tensors_with_grad=69/72
[train] step 39: T=672 positions=16 loss=0.5954 ce=2.8854 tv=0.3410 conf=0.3300 grad_norm=5.9254 tensors_with_grad=69/72
[train] step 40: T=823 positions=16 loss=1.2870 ce=6.9341 tv=0.6596 conf=0.6901 grad_norm=6.9770 tensors_with_grad=69/72
[train] step 41: T=542 positions=16 loss=1.0206 ce=5.3323 tv=0.5415 conf=0.9187 grad_norm=6.2509 tensors_with_grad=69/72
[train] step 42: T=528 positions=16 loss=1.5910 ce=9.2532 tv=0.7396 conf=0.7891 grad_norm=8.3841 tensors_with_grad=69/72
[train] step 43: T=892 positions=16 loss=0.7954 ce=4.3339 tv=0.4023 conf=0.5585 grad_norm=3.7181 tensors_with_grad=69/72
[train] step 44: T=641 positions=16 loss=1.0863 ce=4.4353 tv=0.7142 conf=0.5997 grad_norm=3.2328 tensors_with_grad=69/72
[train] step 45: T=527 positions=16 loss=0.7208 ce=3.2530 tv=0.4395 conf=0.7479 grad_norm=4.9168 tensors_with_grad=69/72
[train] step 46: T=527 positions=16 loss=0.6699 ce=3.4631 tv=0.3595 conf=0.6566 grad_norm=6.8185 tensors_with_grad=69/72
[train] step 47: T=989 positions=16 loss=1.1374 ce=6.3227 tv=0.5613 conf=0.6534 grad_norm=5.6612 tensors_with_grad=69/72
[train] step 48: T=611 positions=16 loss=1.0427 ce=5.0051 tv=0.6024 conf=0.9224 grad_norm=8.1221 tensors_with_grad=69/72
[train] step 49: T=558 positions=16 loss=0.9114 ce=4.3938 tv=0.5245 conf=0.9174 grad_norm=6.5991 tensors_with_grad=69/72
[train] step 50: T=542 positions=16 loss=0.5099 ce=3.1934 tv=0.2117 conf=0.3451 grad_norm=3.5404 tensors_with_grad=69/72
[train] step 51: T=527 positions=16 loss=0.7612 ce=3.6909 tv=0.4357 conf=0.8773 grad_norm=3.6914 tensors_with_grad=69/72
[train] step 52: T=540 positions=16 loss=0.3106 ce=1.4984 tv=0.1787 conf=0.5218 grad_norm=2.2021 tensors_with_grad=69/72
[train] step 53: T=673 positions=16 loss=1.0541 ce=4.2966 tv=0.6938 conf=0.5911 grad_norm=4.7517 tensors_with_grad=69/72
[train] step 54: T=613 positions=16 loss=0.8046 ce=3.2755 tv=0.5300 conf=0.5528 grad_norm=6.6391 tensors_with_grad=69/72
[train] step 55: T=608 positions=16 loss=0.8659 ce=3.7948 tv=0.5404 conf=0.7506 grad_norm=4.5847 tensors_with_grad=69/72
[train] step 56: T=535 positions=16 loss=0.5114 ce=1.6678 tv=0.3829 conf=0.5979 grad_norm=5.7289 tensors_with_grad=69/72
[train] step 57: T=531 positions=16 loss=0.8872 ce=4.5101 tv=0.4846 conf=1.0111 grad_norm=7.6554 tensors_with_grad=69/72
[train] step 58: T=668 positions=16 loss=0.5151 ce=2.7567 tv=0.2660 conf=0.7082 grad_norm=2.8747 tensors_with_grad=69/72
[train] step 59: T=677 positions=16 loss=1.0607 ce=4.7929 tv=0.6460 conf=0.7013 grad_norm=6.4728 tensors_with_grad=69/72
[train] step 60: T=531 positions=16 loss=0.8194 ce=3.1025 tv=0.5657 conf=0.5571 grad_norm=6.5004 tensors_with_grad=69/72
[train] step 61: T=672 positions=16 loss=0.9758 ce=4.0034 tv=0.6394 conf=0.5587 grad_norm=8.1272 tensors_with_grad=69/72
[train] step 62: T=582 positions=16 loss=1.0476 ce=4.8974 tv=0.6198 conf=0.9432 grad_norm=16.3642 tensors_with_grad=69/72
[train] step 63: T=583 positions=16 loss=0.2416 ce=0.9152 tv=0.1668 conf=0.3102 grad_norm=8.3347 tensors_with_grad=69/72
[train] step 64: T=1047 positions=16 loss=1.0860 ce=5.5045 tv=0.5950 conf=0.8584 grad_norm=5.5893 tensors_with_grad=69/72
[train] step 65: T=673 positions=16 loss=1.1101 ce=4.7488 tv=0.7059 conf=0.5144 grad_norm=5.1491 tensors_with_grad=69/72
[train] step 66: T=600 positions=16 loss=0.7256 ce=3.0294 tv=0.4696 conf=0.6948 grad_norm=4.9019 tensors_with_grad=69/72
[train] step 67: T=672 positions=16 loss=0.9603 ce=4.1848 tv=0.6020 conf=0.4962 grad_norm=5.8660 tensors_with_grad=69/72
[train] step 68: T=622 positions=16 loss=0.1813 ce=0.6757 tv=0.1264 conf=0.3847 grad_norm=4.9722 tensors_with_grad=69/72
[train] step 69: T=531 positions=16 loss=0.9871 ce=4.0177 tv=0.6504 conf=0.5235 grad_norm=5.1421 tensors_with_grad=69/72
[train] step 70: T=531 positions=16 loss=0.6818 ce=3.0812 tv=0.4152 conf=0.4342 grad_norm=4.6626 tensors_with_grad=69/72
[train] step 71: T=527 positions=16 loss=1.1003 ce=4.5406 tv=0.7181 conf=0.5401 grad_norm=5.1590 tensors_with_grad=69/72
[train] step 72: T=542 positions=16 loss=0.7597 ce=2.5284 tv=0.5631 conf=0.6837 grad_norm=6.9839 tensors_with_grad=69/72
[train] step 73: T=527 positions=16 loss=0.9680 ce=3.6916 tv=0.6653 conf=0.5750 grad_norm=5.5737 tensors_with_grad=69/72
[train] step 74: T=629 positions=16 loss=1.1492 ce=5.6677 tv=0.6471 conf=0.8114 grad_norm=3.4387 tensors_with_grad=69/72
[train] step 75: T=646 positions=16 loss=0.6946 ce=2.6609 tv=0.4761 conf=0.6131 grad_norm=4.5753 tensors_with_grad=69/72
[train] step 76: T=527 positions=16 loss=0.9617 ce=3.7025 tv=0.6571 conf=0.7318 grad_norm=5.8503 tensors_with_grad=69/72
[train] step 77: T=581 positions=16 loss=0.9906 ce=4.2966 tv=0.6233 conf=0.8213 grad_norm=6.9297 tensors_with_grad=69/72
[train] step 78: T=528 positions=16 loss=0.5550 ce=2.2917 tv=0.3621 conf=0.5563 grad_norm=5.2929 tensors_with_grad=69/72
[train] step 79: T=534 positions=16 loss=1.3229 ce=6.6809 tv=0.7276 conf=0.9419 grad_norm=5.9611 tensors_with_grad=69/72
[train] step 80: T=532 positions=16 loss=1.0080 ce=3.8519 tv=0.6920 conf=0.5771 grad_norm=4.4682 tensors_with_grad=69/72
[train] step 81: T=533 positions=16 loss=0.7353 ce=3.5361 tv=0.4241 conf=0.4571 grad_norm=7.3212 tensors_with_grad=69/72
[train] step 82: T=527 positions=16 loss=0.9444 ce=3.8872 tv=0.6175 conf=0.7083 grad_norm=4.3893 tensors_with_grad=69/72
[train] step 83: T=580 positions=16 loss=0.8395 ce=3.7534 tv=0.5157 conf=0.8827 grad_norm=9.8411 tensors_with_grad=69/72
[train] step 84: T=1391 positions=16 loss=0.8650 ce=3.8056 tv=0.5382 conf=0.5620 grad_norm=3.3268 tensors_with_grad=69/72
[train] step 85: T=527 positions=16 loss=1.0554 ce=4.4930 tv=0.6734 conf=0.7409 grad_norm=2.5699 tensors_with_grad=69/72
[train] step 86: T=538 positions=16 loss=0.3313 ce=1.2028 tv=0.2345 conf=0.3666 grad_norm=9.5537 tensors_with_grad=69/72
[train] step 87: T=648 positions=16 loss=0.6129 ce=2.6597 tv=0.3854 conf=0.5982 grad_norm=10.1261 tensors_with_grad=69/72
[train] step 88: T=672 positions=16 loss=1.0000 ce=4.5127 tv=0.6097 conf=0.6715 grad_norm=8.4609 tensors_with_grad=69/72
[train] step 89: T=599 positions=16 loss=0.8547 ce=3.1348 tv=0.6014 conf=0.6468 grad_norm=5.2133 tensors_with_grad=69/72
[train] step 90: T=655 positions=16 loss=0.8454 ce=3.6837 tv=0.5300 conf=0.6471 grad_norm=4.4375 tensors_with_grad=69/72
[train] step 91: T=646 positions=16 loss=0.7475 ce=2.8123 tv=0.5180 conf=0.5827 grad_norm=6.2883 tensors_with_grad=69/72
[train] step 92: T=606 positions=16 loss=0.5978 ce=2.7467 tv=0.3590 conf=0.4937 grad_norm=7.9050 tensors_with_grad=69/72
[train] step 93: T=526 positions=16 loss=0.4245 ce=1.3929 tv=0.3169 conf=0.6315 grad_norm=9.0389 tensors_with_grad=69/72
[train] step 94: T=541 positions=16 loss=0.5828 ce=2.1916 tv=0.4041 conf=0.4874 grad_norm=4.1978 tensors_with_grad=69/72
[train] step 95: T=546 positions=16 loss=0.8136 ce=2.9558 tv=0.5756 conf=0.7507 grad_norm=4.1029 tensors_with_grad=69/72
[train] step 96: T=532 positions=16 loss=0.4066 ce=1.4621 tv=0.2893 conf=0.3297 grad_norm=3.3676 tensors_with_grad=69/72
[train] step 97: T=527 positions=16 loss=1.3961 ce=6.9267 tv=0.7816 conf=0.8843 grad_norm=4.9410 tensors_with_grad=69/72
[train] step 98: T=678 positions=16 loss=0.5306 ce=1.9387 tv=0.3741 conf=0.6786 grad_norm=10.7560 tensors_with_grad=69/72
[train] step 99: T=542 positions=16 loss=0.7166 ce=2.4740 tv=0.5213 conf=0.6191 grad_norm=12.4746 tensors_with_grad=69/72
[train] step 100: T=536 positions=16 loss=0.1780 ce=0.7511 tv=0.1143 conf=0.2372 grad_norm=2.6393 tensors_with_grad=69/72
[train] step 101: T=540 positions=16 loss=0.9562 ce=4.0165 tv=0.6161 conf=0.7206 grad_norm=3.1795 tensors_with_grad=69/72
[train] step 102: T=628 positions=16 loss=0.4472 ce=2.4496 tv=0.2247 conf=0.8052 grad_norm=3.3594 tensors_with_grad=69/72
[train] step 103: T=599 positions=16 loss=0.6131 ce=2.2958 tv=0.4262 conf=0.7921 grad_norm=4.5536 tensors_with_grad=69/72
[train] step 104: T=608 positions=16 loss=0.3993 ce=1.4777 tv=0.2795 conf=0.6414 grad_norm=3.8318 tensors_with_grad=69/72
[train] step 105: T=618 positions=16 loss=0.7264 ce=2.9239 tv=0.4823 conf=0.7814 grad_norm=10.9329 tensors_with_grad=69/72
[train] step 106: T=673 positions=16 loss=0.8998 ce=3.5211 tv=0.6086 conf=0.6749 grad_norm=6.5809 tensors_with_grad=69/72
[train] step 107: T=607 positions=16 loss=0.4853 ce=2.0153 tv=0.3153 conf=0.6814 grad_norm=4.9177 tensors_with_grad=69/72
[train] step 108: T=580 positions=16 loss=0.5711 ce=2.4597 tv=0.3612 conf=0.6015 grad_norm=3.8673 tensors_with_grad=69/72
[train] step 109: T=565 positions=16 loss=0.4086 ce=1.7999 tv=0.2540 conf=0.6855 grad_norm=2.5352 tensors_with_grad=69/72
[train] step 110: T=533 positions=16 loss=0.8162 ce=3.7525 tv=0.4900 conf=0.8881 grad_norm=10.6226 tensors_with_grad=69/72
[train] step 111: T=610 positions=16 loss=0.6188 ce=2.4200 tv=0.4187 conf=0.7798 grad_norm=4.2807 tensors_with_grad=69/72
[train] step 112: T=1026 positions=16 loss=0.5520 ce=2.0698 tv=0.3834 conf=0.4127 grad_norm=3.9502 tensors_with_grad=69/72
[train] step 113: T=613 positions=16 loss=0.6739 ce=2.7386 tv=0.4445 conf=0.5435 grad_norm=6.6541 tensors_with_grad=69/72
[train] step 114: T=675 positions=16 loss=0.7383 ce=3.0633 tv=0.4800 conf=0.5841 grad_norm=2.8832 tensors_with_grad=69/72
[train] step 115: T=1001 positions=16 loss=0.7193 ce=2.8132 tv=0.4867 conf=0.5477 grad_norm=8.2268 tensors_with_grad=69/72
[train] step 116: T=553 positions=16 loss=0.7709 ce=3.4919 tv=0.4685 conf=0.7357 grad_norm=8.3783 tensors_with_grad=69/72
[train] step 117: T=676 positions=16 loss=0.3115 ce=1.3066 tv=0.2010 conf=0.5117 grad_norm=2.7342 tensors_with_grad=69/72
[train] step 118: T=530 positions=16 loss=0.4390 ce=1.6064 tv=0.3093 conf=0.5412 grad_norm=9.4245 tensors_with_grad=69/72
[train] step 119: T=531 positions=16 loss=0.2395 ce=0.8677 tv=0.1697 conf=0.2675 grad_norm=2.4567 tensors_with_grad=69/72
[train] step 120: T=560 positions=16 loss=0.7256 ce=2.8243 tv=0.4925 conf=0.6407 grad_norm=9.1580 tensors_with_grad=69/72
[train] step 121: T=1390 positions=16 loss=1.1684 ce=5.9989 tv=0.6317 conf=0.4856 grad_norm=4.6231 tensors_with_grad=69/72
[train] step 122: T=536 positions=16 loss=0.5554 ce=2.0096 tv=0.3938 conf=0.6202 grad_norm=5.5473 tensors_with_grad=69/72
[train] step 123: T=622 positions=16 loss=0.8325 ce=3.1558 tv=0.5744 conf=0.5404 grad_norm=2.5187 tensors_with_grad=69/72
[train] step 124: T=557 positions=16 loss=0.6395 ce=2.2483 tv=0.4607 conf=0.6268 grad_norm=6.1607 tensors_with_grad=69/72
[train] step 125: T=563 positions=16 loss=0.6365 ce=2.3327 tv=0.4481 conf=0.5058 grad_norm=4.1718 tensors_with_grad=69/72
[train] step 126: T=653 positions=16 loss=0.5048 ce=1.6973 tv=0.3723 conf=0.4894 grad_norm=3.7019 tensors_with_grad=69/72
[train] step 127: T=554 positions=16 loss=0.8077 ce=3.5229 tv=0.5060 conf=0.5609 grad_norm=4.4884 tensors_with_grad=69/72
[train] step 128: T=672 positions=16 loss=0.8826 ce=4.1227 tv=0.5226 conf=0.5584 grad_norm=6.7835 tensors_with_grad=69/72
[train] step 129: T=609 positions=16 loss=0.4191 ce=1.7215 tv=0.2744 conf=0.4792 grad_norm=6.9445 tensors_with_grad=69/72
[train] step 130: T=571 positions=16 loss=0.5601 ce=1.9052 tv=0.4106 conf=0.6446 grad_norm=5.5297 tensors_with_grad=69/72
[train] step 131: T=561 positions=16 loss=0.4542 ce=1.5965 tv=0.3273 conf=0.5424 grad_norm=2.9320 tensors_with_grad=69/72
[train] step 132: T=531 positions=16 loss=0.8601 ce=3.3115 tv=0.5878 conf=0.6499 grad_norm=5.5314 tensors_with_grad=69/72
[train] step 133: T=591 positions=16 loss=0.5743 ce=2.5826 tv=0.3512 conf=0.6161 grad_norm=7.2976 tensors_with_grad=69/72
[train] step 134: T=560 positions=16 loss=0.7176 ce=2.6967 tv=0.4977 conf=0.5441 grad_norm=4.7697 tensors_with_grad=69/72
[train] step 135: T=626 positions=16 loss=0.4353 ce=1.7262 tv=0.2919 conf=0.7671 grad_norm=5.6617 tensors_with_grad=69/72
[train] step 136: T=1018 positions=16 loss=0.8797 ce=4.0815 tv=0.5239 conf=0.6613 grad_norm=5.4206 tensors_with_grad=69/72
[train] step 137: T=527 positions=16 loss=0.9211 ce=3.9557 tv=0.5840 conf=0.8519 grad_norm=5.3699 tensors_with_grad=69/72
[train] step 138: T=673 positions=16 loss=1.2461 ce=6.1322 tv=0.7032 conf=0.8161 grad_norm=9.8991 tensors_with_grad=69/72
[train] step 139: T=936 positions=16 loss=0.7625 ce=3.4376 tv=0.4653 conf=0.5348 grad_norm=3.9103 tensors_with_grad=69/72
[train] step 140: T=593 positions=16 loss=0.6696 ce=2.5758 tv=0.4578 conf=0.7044 grad_norm=16.1055 tensors_with_grad=69/72
[train] step 141: T=531 positions=16 loss=0.6973 ce=2.4127 tv=0.5067 conf=0.7633 grad_norm=17.9154 tensors_with_grad=69/72
[train] step 142: T=540 positions=16 loss=0.3885 ce=1.2643 tv=0.2912 conf=0.4433 grad_norm=5.7525 tensors_with_grad=69/72
[train] step 143: T=543 positions=16 loss=0.3093 ce=1.0405 tv=0.2280 conf=0.3923 grad_norm=3.0143 tensors_with_grad=69/72
[train] step 144: T=573 positions=16 loss=0.2026 ce=0.9627 tv=0.1181 conf=0.4443 grad_norm=3.2044 tensors_with_grad=69/72
[train] step 145: T=535 positions=16 loss=0.4657 ce=1.7388 tv=0.3243 conf=0.5778 grad_norm=10.2979 tensors_with_grad=69/72
[train] step 146: T=1001 positions=16 loss=0.9528 ce=4.7520 tv=0.5307 conf=0.6026 grad_norm=5.7155 tensors_with_grad=69/72
[train] step 147: T=620 positions=16 loss=0.5184 ce=1.7576 tv=0.3807 conf=0.9056 grad_norm=13.1290 tensors_with_grad=69/72
[train] step 148: T=630 positions=16 loss=0.6203 ce=2.0604 tv=0.4603 conf=0.8111 grad_norm=13.1488 tensors_with_grad=69/72
[train] step 149: T=1178 positions=16 loss=1.1246 ce=5.5998 tv=0.6274 conf=0.5294 grad_norm=5.8065 tensors_with_grad=69/72
[train] step 150: T=614 positions=16 loss=0.5117 ce=1.7957 tv=0.3691 conf=0.5638 grad_norm=3.8856 tensors_with_grad=69/72
[train] step 151: T=676 positions=16 loss=0.4271 ce=1.9368 tv=0.2593 conf=0.5355 grad_norm=4.1986 tensors_with_grad=69/72
[train] step 152: T=677 positions=16 loss=0.7924 ce=3.4886 tv=0.4928 conf=0.5439 grad_norm=4.0544 tensors_with_grad=69/72
[train] step 153: T=538 positions=16 loss=0.3542 ce=1.2536 tv=0.2543 conf=0.4434 grad_norm=4.5144 tensors_with_grad=69/72
[train] step 154: T=544 positions=16 loss=0.3198 ce=0.9541 tv=0.2493 conf=0.4048 grad_norm=3.1324 tensors_with_grad=69/72
[train] step 155: T=539 positions=16 loss=0.5142 ce=2.0221 tv=0.3467 conf=0.6013 grad_norm=3.7982 tensors_with_grad=69/72
[train] step 156: T=541 positions=16 loss=0.5548 ce=1.7813 tv=0.4185 conf=1.3169 grad_norm=6.1091 tensors_with_grad=69/72
[train] step 157: T=902 positions=16 loss=0.8497 ce=3.6031 tv=0.5438 conf=0.7021 grad_norm=4.9600 tensors_with_grad=69/72
[train] step 158: T=648 positions=16 loss=0.2671 ce=0.8727 tv=0.1998 conf=0.8844 grad_norm=3.0962 tensors_with_grad=69/72
[train] step 159: T=672 positions=16 loss=0.9220 ce=3.7571 tv=0.6070 conf=1.0179 grad_norm=3.3655 tensors_with_grad=69/72
[train] step 160: T=1629 positions=16 loss=0.9457 ce=4.6321 tv=0.5361 conf=0.6403 grad_norm=5.2881 tensors_with_grad=69/72
[train] step 161: T=594 positions=16 loss=0.4157 ce=1.7487 tv=0.2676 conf=0.5425 grad_norm=2.2490 tensors_with_grad=69/72
[train] step 162: T=672 positions=16 loss=0.9261 ce=3.5790 tv=0.6314 conf=1.1655 grad_norm=4.4902 tensors_with_grad=69/72
[train] step 163: T=538 positions=16 loss=0.5380 ce=2.0561 tv=0.3694 conf=0.8658 grad_norm=7.2593 tensors_with_grad=69/72
[train] step 164: T=563 positions=16 loss=0.7157 ce=3.0847 tv=0.4525 conf=0.6654 grad_norm=2.5870 tensors_with_grad=69/72
[train] step 165: T=555 positions=16 loss=0.4005 ce=1.5524 tv=0.2725 conf=0.4676 grad_norm=5.5757 tensors_with_grad=69/72
[train] step 166: T=539 positions=16 loss=0.3801 ce=1.4268 tv=0.2638 conf=0.7188 grad_norm=5.1713 tensors_with_grad=69/72
[train] step 167: T=528 positions=16 loss=0.8677 ce=3.2070 tv=0.6078 conf=0.8211 grad_norm=4.9592 tensors_with_grad=69/72
[train] step 168: T=568 positions=16 loss=0.3084 ce=1.1164 tv=0.2186 conf=0.2792 grad_norm=3.9959 tensors_with_grad=69/72
[train] step 169: T=638 positions=16 loss=0.2731 ce=1.1305 tv=0.1779 conf=0.5875 grad_norm=2.0427 tensors_with_grad=69/72
[train] step 170: T=541 positions=16 loss=0.1997 ce=0.7195 tv=0.1420 conf=0.5359 grad_norm=4.5016 tensors_with_grad=69/72
[train] step 171: T=546 positions=16 loss=0.8031 ce=3.0050 tv=0.5584 conf=0.5839 grad_norm=4.2235 tensors_with_grad=69/72
[train] step 172: T=960 positions=16 loss=0.8561 ce=3.4977 tv=0.5626 conf=0.6557 grad_norm=3.0002 tensors_with_grad=69/72
[train] step 173: T=645 positions=16 loss=0.8882 ce=3.3209 tv=0.6179 conf=0.6321 grad_norm=5.3572 tensors_with_grad=69/72
[train] step 174: T=595 positions=16 loss=0.5867 ce=2.2267 tv=0.4045 conf=0.7272 grad_norm=3.4447 tensors_with_grad=69/72
[train] step 175: T=535 positions=16 loss=0.3871 ce=1.3096 tv=0.2846 conf=0.6149 grad_norm=6.1231 tensors_with_grad=69/72
[train] step 176: T=672 positions=16 loss=0.9029 ce=3.5282 tv=0.6112 conf=0.5182 grad_norm=3.4220 tensors_with_grad=69/72
[train] step 177: T=526 positions=16 loss=1.0732 ce=4.5189 tv=0.6903 conf=1.1296 grad_norm=5.3278 tensors_with_grad=69/72
[train] step 178: T=588 positions=16 loss=0.4622 ce=2.1433 tv=0.2754 conf=0.4266 grad_norm=2.4058 tensors_with_grad=69/72
[train] step 179: T=634 positions=16 loss=0.9131 ce=3.7722 tv=0.5955 conf=0.6786 grad_norm=2.4441 tensors_with_grad=69/72
[train] step 180: T=608 positions=16 loss=0.3297 ce=1.2269 tv=0.2301 conf=0.5756 grad_norm=2.9095 tensors_with_grad=69/72
[train] step 181: T=675 positions=16 loss=0.8544 ce=3.2416 tv=0.5892 conf=0.7333 grad_norm=2.6862 tensors_with_grad=69/72
[train] step 182: T=667 positions=16 loss=1.2423 ce=6.4329 tv=0.6655 conf=0.7907 grad_norm=9.9049 tensors_with_grad=69/72
[train] step 183: T=576 positions=16 loss=0.4682 ce=1.9310 tv=0.3057 conf=0.4060 grad_norm=5.2329 tensors_with_grad=69/72
[train] step 184: T=534 positions=16 loss=0.6208 ce=2.7782 tv=0.3811 conf=0.8215 grad_norm=2.9092 tensors_with_grad=69/72
[train] step 185: T=543 positions=16 loss=0.5347 ce=2.1364 tv=0.3567 conf=0.5002 grad_norm=8.4829 tensors_with_grad=69/72
[train] step 186: T=524 positions=16 loss=0.6945 ce=2.3698 tv=0.5084 conf=0.7419 grad_norm=5.4952 tensors_with_grad=69/72
[train] step 187: T=674 positions=16 loss=0.6228 ce=2.4678 tv=0.4178 conf=0.7696 grad_norm=10.3390 tensors_with_grad=69/72
[train] step 188: T=542 positions=16 loss=0.4522 ce=1.6123 tv=0.3233 conf=0.4853 grad_norm=3.4833 tensors_with_grad=69/72
[train] step 189: T=672 positions=16 loss=0.6637 ce=2.7878 tv=0.4276 conf=0.7316 grad_norm=6.0337 tensors_with_grad=69/72
[train] step 190: T=528 positions=16 loss=0.5987 ce=2.3582 tv=0.4032 conf=0.9204 grad_norm=4.0242 tensors_with_grad=69/72
[train] step 191: T=542 positions=16 loss=0.3628 ce=1.4814 tv=0.2385 conf=0.4688 grad_norm=2.4066 tensors_with_grad=69/72
[train] step 192: T=584 positions=16 loss=0.7040 ce=3.0166 tv=0.4471 conf=0.7854 grad_norm=17.1885 tensors_with_grad=69/72
[train] step 193: T=650 positions=16 loss=0.7880 ce=3.0293 tv=0.5390 conf=0.7233 grad_norm=5.1321 tensors_with_grad=69/72
[train] step 194: T=1710 positions=16 loss=0.9491 ce=4.9257 tv=0.5073 conf=0.6065 grad_norm=3.9686 tensors_with_grad=69/72
[train] step 195: T=672 positions=16 loss=0.8106 ce=3.7369 tv=0.4855 conf=0.8272 grad_norm=3.6774 tensors_with_grad=69/72
[train] step 196: T=534 positions=16 loss=0.6457 ce=2.5421 tv=0.4350 conf=0.5914 grad_norm=5.1714 tensors_with_grad=69/72
[train] step 197: T=541 positions=16 loss=0.6092 ce=3.0193 tv=0.3414 conf=0.7761 grad_norm=4.0419 tensors_with_grad=69/72
[train] step 198: T=915 positions=16 loss=0.7384 ce=3.3873 tv=0.4441 conf=0.7527 grad_norm=5.4156 tensors_with_grad=69/72
[train] step 199: T=1176 positions=16 loss=0.6857 ce=3.0154 tv=0.4268 conf=0.4966 grad_norm=4.9440 tensors_with_grad=69/72
[train] step 200: T=621 positions=16 loss=0.8575 ce=3.0243 tv=0.6168 conf=0.8725 grad_norm=5.0139 tensors_with_grad=69/72
[train] step 201: T=672 positions=16 loss=0.9076 ce=3.8273 tv=0.5832 conf=0.6097 grad_norm=3.8100 tensors_with_grad=69/72
[train] step 202: T=600 positions=16 loss=0.3271 ce=0.8401 tv=0.2701 conf=0.6404 grad_norm=14.9327 tensors_with_grad=69/72
[train] step 203: T=537 positions=16 loss=0.5194 ce=1.7751 tv=0.3798 conf=0.6636 grad_norm=5.0581 tensors_with_grad=69/72
[train] step 204: T=540 positions=16 loss=1.0290 ce=4.6257 tv=0.6294 conf=0.9259 grad_norm=4.5395 tensors_with_grad=69/72
[train] step 205: T=538 positions=16 loss=0.2908 ce=0.8417 tv=0.2295 conf=0.3991 grad_norm=3.9666 tensors_with_grad=69/72
[train] step 206: T=543 positions=16 loss=0.1840 ce=0.6531 tv=0.1319 conf=0.4321 grad_norm=2.2775 tensors_with_grad=69/72
[train] step 207: T=532 positions=16 loss=0.6112 ce=2.4454 tv=0.4074 conf=0.8442 grad_norm=5.3237 tensors_with_grad=69/72
[train] step 208: T=672 positions=16 loss=0.6555 ce=2.3676 tv=0.4653 conf=0.6809 grad_norm=3.4249 tensors_with_grad=69/72
[train] step 209: T=621 positions=16 loss=0.4242 ce=1.8111 tv=0.2701 conf=0.7945 grad_norm=3.4732 tensors_with_grad=69/72
[train] step 210: T=678 positions=16 loss=0.5285 ce=2.1274 tv=0.3508 conf=1.1766 grad_norm=2.8003 tensors_with_grad=69/72
[train] step 211: T=658 positions=16 loss=0.4260 ce=1.5167 tv=0.3048 conf=0.5644 grad_norm=3.7869 tensors_with_grad=69/72
[train] step 212: T=954 positions=16 loss=0.9734 ce=4.9970 tv=0.5263 conf=0.6231 grad_norm=5.5054 tensors_with_grad=69/72
[train] step 213: T=534 positions=16 loss=0.5205 ce=1.7421 tv=0.3848 conf=0.8814 grad_norm=12.9411 tensors_with_grad=69/72
[train] step 214: T=538 positions=16 loss=0.4598 ce=1.5491 tv=0.3388 conf=0.7243 grad_norm=7.2237 tensors_with_grad=69/72
[train] step 215: T=674 positions=16 loss=0.7395 ce=2.6546 tv=0.5267 conf=0.8135 grad_norm=2.7882 tensors_with_grad=69/72
[train] step 216: T=623 positions=16 loss=0.7579 ce=2.9039 tv=0.5195 conf=0.7556 grad_norm=3.3309 tensors_with_grad=69/72
[train] step 217: T=577 positions=16 loss=0.5504 ce=2.2138 tv=0.3656 conf=0.7140 grad_norm=3.2645 tensors_with_grad=69/72
[train] step 218: T=597 positions=16 loss=0.5532 ce=2.2447 tv=0.3653 conf=0.9820 grad_norm=4.7696 tensors_with_grad=69/72
[train] step 219: T=569 positions=16 loss=0.6998 ce=2.6796 tv=0.4798 conf=0.7521 grad_norm=4.5848 tensors_with_grad=69/72
[train] step 220: T=527 positions=16 loss=0.3048 ce=1.1493 tv=0.2109 conf=0.6546 grad_norm=3.0444 tensors_with_grad=69/72
[train] step 221: T=532 positions=16 loss=0.5577 ce=2.2894 tv=0.3652 conf=0.8935 grad_norm=5.9986 tensors_with_grad=69/72
[train] step 222: T=532 positions=16 loss=1.2904 ce=6.5006 tv=0.7115 conf=0.9618 grad_norm=6.2768 tensors_with_grad=69/72
[train] step 223: T=673 positions=16 loss=0.8032 ce=3.0601 tv=0.5525 conf=0.8720 grad_norm=2.9993 tensors_with_grad=69/72
[train] step 224: T=584 positions=16 loss=0.4142 ce=1.4757 tv=0.2963 conf=0.4396 grad_norm=2.0950 tensors_with_grad=69/72
[train] step 225: T=538 positions=16 loss=0.7270 ce=2.7636 tv=0.5007 conf=0.8446 grad_norm=4.3162 tensors_with_grad=69/72
[train] step 226: T=548 positions=16 loss=0.5138 ce=2.0155 tv=0.3470 conf=0.7048 grad_norm=2.6647 tensors_with_grad=69/72
[train] step 227: T=541 positions=16 loss=0.3048 ce=1.1808 tv=0.2075 conf=0.6236 grad_norm=4.8334 tensors_with_grad=69/72
[train] step 228: T=607 positions=16 loss=0.2436 ce=0.8677 tv=0.1743 conf=0.5978 grad_norm=3.5961 tensors_with_grad=69/72
[train] step 229: T=530 positions=16 loss=0.3262 ce=1.2485 tv=0.2237 conf=0.5384 grad_norm=3.7167 tensors_with_grad=69/72
[train] step 230: T=561 positions=16 loss=0.2573 ce=0.9916 tv=0.1757 conf=0.4953 grad_norm=3.3314 tensors_with_grad=69/72
[train] step 231: T=976 positions=16 loss=0.8530 ce=3.8771 tv=0.5170 conf=0.6807 grad_norm=4.4602 tensors_with_grad=69/72
[train] step 232: T=557 positions=16 loss=0.7925 ce=3.1509 tv=0.5304 conf=0.7584 grad_norm=5.7544 tensors_with_grad=69/72
[train] step 233: T=648 positions=16 loss=0.4652 ce=1.5725 tv=0.3422 conf=0.9886 grad_norm=4.3742 tensors_with_grad=69/72
[train] step 234: T=542 positions=16 loss=0.3613 ce=1.5795 tv=0.2259 conf=0.2860 grad_norm=1.7441 tensors_with_grad=69/72
[train] step 235: T=644 positions=16 loss=0.5218 ce=1.9384 tv=0.3644 conf=0.5503 grad_norm=4.3943 tensors_with_grad=69/72
[train] step 236: T=534 positions=16 loss=0.6893 ce=2.7149 tv=0.4643 conf=0.8625 grad_norm=4.7216 tensors_with_grad=69/72
[train] step 237: T=1054 positions=16 loss=0.7603 ce=3.0898 tv=0.5015 conf=0.8102 grad_norm=3.8703 tensors_with_grad=69/72
[train] step 238: T=675 positions=16 loss=0.4652 ce=1.9063 tv=0.3051 conf=0.5098 grad_norm=2.8272 tensors_with_grad=69/72
[train] step 239: T=619 positions=16 loss=0.7597 ce=3.1382 tv=0.4954 conf=0.7807 grad_norm=2.5028 tensors_with_grad=69/72
[train] step 240: T=552 positions=16 loss=0.9672 ce=4.9344 tv=0.5264 conf=0.7697 grad_norm=6.4725 tensors_with_grad=69/72
[train] step 241: T=542 positions=16 loss=0.7537 ce=2.7211 tv=0.5351 conf=0.8219 grad_norm=3.1550 tensors_with_grad=69/72
[train] step 242: T=927 positions=16 loss=0.6137 ce=2.5723 tv=0.3961 conf=0.9689 grad_norm=5.0681 tensors_with_grad=69/72
[train] step 243: T=581 positions=16 loss=0.2128 ce=0.8321 tv=0.1440 conf=0.6005 grad_norm=4.1799 tensors_with_grad=69/72
[train] step 244: T=541 positions=16 loss=0.6655 ce=2.5900 tv=0.4517 conf=0.7874 grad_norm=3.6495 tensors_with_grad=69/72
[train] step 245: T=531 positions=16 loss=0.9495 ce=3.8654 tv=0.6256 conf=0.6678 grad_norm=6.4959 tensors_with_grad=69/72
[train] step 246: T=577 positions=16 loss=0.4479 ce=1.6030 tv=0.3195 conf=1.1288 grad_norm=4.4268 tensors_with_grad=69/72
[train] step 247: T=827 positions=16 loss=0.8027 ce=3.4135 tv=0.5127 conf=1.0545 grad_norm=5.4564 tensors_with_grad=69/72
[train] step 248: T=532 positions=16 loss=0.2564 ce=0.6834 tv=0.2090 conf=0.9224 grad_norm=6.1764 tensors_with_grad=69/72
[train] step 249: T=532 positions=16 loss=0.4323 ce=1.3898 tv=0.3259 conf=0.9018 grad_norm=3.9172 tensors_with_grad=69/72
[train] step 250: T=587 positions=16 loss=0.5003 ce=1.6964 tv=0.3674 conf=0.9855 grad_norm=3.9107 tensors_with_grad=69/72
[train] step 251: T=620 positions=16 loss=0.2753 ce=0.9441 tv=0.2010 conf=0.6110 grad_norm=2.5300 tensors_with_grad=69/72
[train] step 252: T=535 positions=16 loss=0.8464 ce=3.4561 tv=0.5564 conf=0.6530 grad_norm=4.4227 tensors_with_grad=69/72
[train] step 253: T=532 positions=16 loss=0.6640 ce=2.8600 tv=0.4201 conf=0.6102 grad_norm=4.9745 tensors_with_grad=69/72
[train] step 254: T=553 positions=16 loss=0.3286 ce=1.2926 tv=0.2215 conf=0.6494 grad_norm=4.6927 tensors_with_grad=69/72
[train] step 255: T=567 positions=16 loss=0.2005 ce=0.6015 tv=0.1560 conf=0.5188 grad_norm=2.9233 tensors_with_grad=69/72
[train] step 256: T=676 positions=16 loss=0.4659 ce=1.8267 tv=0.3147 conf=0.7426 grad_norm=2.1865 tensors_with_grad=69/72
[train] step 257: T=571 positions=16 loss=0.8242 ce=3.3767 tv=0.5406 conf=0.4966 grad_norm=4.8266 tensors_with_grad=69/72
[train] step 258: T=675 positions=16 loss=0.3903 ce=1.2736 tv=0.2922 conf=0.6407 grad_norm=7.7201 tensors_with_grad=69/72
[train] step 259: T=631 positions=16 loss=0.2677 ce=0.8060 tv=0.2079 conf=0.4846 grad_norm=5.6603 tensors_with_grad=69/72
[train] step 260: T=625 positions=16 loss=0.5531 ce=2.2656 tv=0.3628 conf=0.7006 grad_norm=4.9810 tensors_with_grad=69/72
[train] step 261: T=621 positions=16 loss=0.6083 ce=2.2115 tv=0.4301 conf=0.8004 grad_norm=5.3005 tensors_with_grad=69/72
[train] step 262: T=551 positions=16 loss=0.6499 ce=2.9698 tv=0.3921 conf=0.4877 grad_norm=3.3368 tensors_with_grad=69/72
[train] step 263: T=600 positions=16 loss=0.9298 ce=4.3437 tv=0.5504 conf=0.8581 grad_norm=5.0963 tensors_with_grad=69/72
[train] step 264: T=540 positions=16 loss=0.2073 ce=0.7238 tv=0.1500 conf=0.1997 grad_norm=1.9571 tensors_with_grad=69/72
[train] step 265: T=542 positions=16 loss=0.1467 ce=0.5227 tv=0.1050 conf=0.1506 grad_norm=1.7088 tensors_with_grad=69/72
[train] step 266: T=915 positions=16 loss=0.7080 ce=3.4776 tv=0.4002 conf=0.7628 grad_norm=4.0379 tensors_with_grad=69/72
[train] step 267: T=620 positions=16 loss=0.8585 ce=3.9970 tv=0.5098 conf=0.7870 grad_norm=6.2613 tensors_with_grad=69/72
[train] step 268: T=673 positions=16 loss=0.7328 ce=3.0546 tv=0.4748 conf=0.8609 grad_norm=3.7279 tensors_with_grad=69/72
[train] step 269: T=621 positions=16 loss=0.4402 ce=1.3843 tv=0.3353 conf=0.8458 grad_norm=2.8040 tensors_with_grad=69/72
[train] step 270: T=529 positions=16 loss=0.4915 ce=2.1031 tv=0.3125 conf=1.1441 grad_norm=3.1928 tensors_with_grad=69/72
[train] step 271: T=1196 positions=16 loss=0.8264 ce=3.5443 tv=0.5244 conf=0.7632 grad_norm=5.1008 tensors_with_grad=69/72
[train] step 272: T=1273 positions=16 loss=0.8263 ce=3.7948 tv=0.4964 conf=1.0504 grad_norm=3.9519 tensors_with_grad=69/72
[train] step 273: T=524 positions=16 loss=0.7811 ce=3.0545 tv=0.5285 conf=1.1921 grad_norm=3.5174 tensors_with_grad=69/72
[train] step 274: T=624 positions=16 loss=0.4136 ce=1.4318 tv=0.3005 conf=1.1480 grad_norm=3.4302 tensors_with_grad=69/72
[train] step 275: T=525 positions=16 loss=0.7309 ce=2.8312 tv=0.4976 conf=0.7913 grad_norm=3.1291 tensors_with_grad=69/72
[train] step 276: T=535 positions=16 loss=0.3524 ce=1.3390 tv=0.2427 conf=0.4819 grad_norm=2.6709 tensors_with_grad=69/72
[train] step 277: T=631 positions=16 loss=0.2721 ce=1.1153 tv=0.1785 conf=0.7790 grad_norm=2.1440 tensors_with_grad=69/72
[train] step 278: T=872 positions=16 loss=0.8466 ce=3.7638 tv=0.5225 conf=1.1727 grad_norm=3.2851 tensors_with_grad=69/72
[train] step 279: T=1563 positions=16 loss=0.8238 ce=3.9137 tv=0.4805 conf=1.2185 grad_norm=3.4842 tensors_with_grad=69/72
[train] step 280: T=675 positions=16 loss=0.6064 ce=2.3534 tv=0.4123 conf=0.8104 grad_norm=2.3629 tensors_with_grad=69/72
[train] step 281: T=534 positions=16 loss=0.2344 ce=0.9228 tv=0.1580 conf=0.7983 grad_norm=2.5114 tensors_with_grad=69/72
[train] step 282: T=673 positions=16 loss=0.5390 ce=2.2231 tv=0.3519 conf=1.1091 grad_norm=3.5677 tensors_with_grad=69/72
[train] step 283: T=672 positions=16 loss=0.8376 ce=3.4491 tv=0.5475 conf=0.4921 grad_norm=3.7225 tensors_with_grad=69/72
[train] step 284: T=532 positions=16 loss=0.7636 ce=3.2857 tv=0.4834 conf=0.6208 grad_norm=8.0238 tensors_with_grad=69/72
[train] step 285: T=594 positions=16 loss=0.2032 ce=0.6363 tv=0.1551 conf=0.5286 grad_norm=2.2578 tensors_with_grad=69/72
[train] step 286: T=539 positions=16 loss=0.3092 ce=1.0358 tv=0.2285 conf=0.3449 grad_norm=4.0202 tensors_with_grad=69/72
[train] step 287: T=540 positions=16 loss=0.1201 ce=0.3003 tv=0.1001 conf=0.2117 grad_norm=2.2769 tensors_with_grad=69/72
[train] step 288: T=531 positions=16 loss=0.6442 ce=2.4009 tv=0.4490 conf=0.8341 grad_norm=5.6036 tensors_with_grad=69/72
[train] step 289: T=530 positions=16 loss=0.4954 ce=1.8360 tv=0.3464 conf=1.1125 grad_norm=7.0870 tensors_with_grad=69/72
[train] step 290: T=676 positions=16 loss=0.4408 ce=1.5912 tv=0.3130 conf=0.8190 grad_norm=2.5893 tensors_with_grad=69/72
[train] step 291: T=529 positions=16 loss=0.5488 ce=2.0120 tv=0.3862 conf=0.6464 grad_norm=3.2333 tensors_with_grad=69/72
[train] step 292: T=626 positions=16 loss=0.4656 ce=1.4471 tv=0.3565 conf=0.9122 grad_norm=4.6539 tensors_with_grad=69/72
[train] step 293: T=569 positions=16 loss=1.0090 ce=5.1791 tv=0.5456 conf=1.0104 grad_norm=8.5240 tensors_with_grad=69/72
[train] step 294: T=957 positions=16 loss=1.0435 ce=4.7164 tv=0.6354 conf=1.1712 grad_norm=3.3807 tensors_with_grad=69/72
[train] step 295: T=630 positions=16 loss=0.5132 ce=1.8805 tv=0.3612 conf=0.8985 grad_norm=4.6687 tensors_with_grad=69/72
[train] step 296: T=672 positions=16 loss=0.8747 ce=3.3352 tv=0.6013 conf=0.6617 grad_norm=3.9908 tensors_with_grad=69/72
[train] step 297: T=659 positions=16 loss=0.4572 ce=1.5744 tv=0.3331 conf=0.7575 grad_norm=3.9034 tensors_with_grad=69/72
[train] step 298: T=559 positions=16 loss=0.3762 ce=1.4878 tv=0.2527 conf=0.6601 grad_norm=1.7276 tensors_with_grad=69/72
[train] step 299: T=674 positions=16 loss=0.7719 ce=2.8665 tv=0.5392 conf=0.6033 grad_norm=2.7846 tensors_with_grad=69/72
[train] step 300: T=525 positions=16 loss=0.5301 ce=1.8121 tv=0.3876 conf=0.7548 grad_norm=4.1204 tensors_with_grad=69/72
[train] step 301: T=535 positions=16 loss=0.4832 ce=1.6885 tv=0.3493 conf=0.7889 grad_norm=3.8908 tensors_with_grad=69/72
[train] step 302: T=533 positions=16 loss=0.6136 ce=2.3033 tv=0.4259 conf=0.7451 grad_norm=2.4649 tensors_with_grad=69/72
[train] step 303: T=603 positions=16 loss=0.4953 ce=1.8420 tv=0.3457 conf=0.6062 grad_norm=5.3103 tensors_with_grad=69/72
[train] step 304: T=600 positions=16 loss=0.2944 ce=1.0802 tv=0.2071 conf=0.4713 grad_norm=1.7418 tensors_with_grad=69/72
[train] step 305: T=594 positions=16 loss=0.3944 ce=1.3607 tv=0.2871 conf=0.8149 grad_norm=3.1937 tensors_with_grad=69/72
[train] step 306: T=533 positions=16 loss=0.7435 ce=2.5524 tv=0.5425 conf=1.0759 grad_norm=5.6908 tensors_with_grad=69/72
[train] step 307: T=533 positions=16 loss=0.4120 ce=1.5174 tv=0.2892 conf=1.0985 grad_norm=4.9047 tensors_with_grad=69/72
[train] step 308: T=602 positions=16 loss=0.4165 ce=2.1289 tv=0.2262 conf=0.8060 grad_norm=10.7011 tensors_with_grad=69/72
[train] step 309: T=647 positions=16 loss=0.2029 ce=0.6333 tv=0.1550 conf=0.5134 grad_norm=1.3754 tensors_with_grad=69/72
[train] step 310: T=576 positions=16 loss=0.2673 ce=1.2137 tv=0.1622 conf=0.4134 grad_norm=2.9268 tensors_with_grad=69/72
[train] step 311: T=531 positions=16 loss=0.3881 ce=1.5004 tv=0.2645 conf=0.5670 grad_norm=2.9505 tensors_with_grad=69/72
[train] step 312: T=643 positions=16 loss=0.3987 ce=1.6138 tv=0.2637 conf=1.1149 grad_norm=4.1953 tensors_with_grad=69/72
[train] step 313: T=1335 positions=16 loss=0.7767 ce=3.5207 tv=0.4718 conf=1.0177 grad_norm=3.3769 tensors_with_grad=69/72
[train] step 314: T=538 positions=16 loss=0.3488 ce=1.2807 tv=0.2452 conf=0.6449 grad_norm=5.5397 tensors_with_grad=69/72
[train] step 315: T=605 positions=16 loss=0.2306 ce=0.9391 tv=0.1518 conf=0.4020 grad_norm=0.9693 tensors_with_grad=69/72
[train] step 316: T=554 positions=16 loss=0.5739 ce=2.1441 tv=0.3994 conf=0.7541 grad_norm=4.0024 tensors_with_grad=69/72
[train] step 317: T=912 positions=16 loss=0.6864 ce=3.2341 tv=0.4034 conf=0.9397 grad_norm=2.9484 tensors_with_grad=69/72
[train] step 318: T=525 positions=16 loss=0.7824 ce=2.8382 tv=0.5540 conf=1.0757 grad_norm=2.4917 tensors_with_grad=69/72
[train] step 319: T=530 positions=16 loss=0.5598 ce=2.4301 tv=0.3520 conf=0.5286 grad_norm=3.3311 tensors_with_grad=69/72
[train] step 320: T=638 positions=16 loss=0.5226 ce=1.7817 tv=0.3827 conf=0.6010 grad_norm=3.5404 tensors_with_grad=69/72
[train] step 321: T=547 positions=16 loss=0.8225 ce=2.9306 tv=0.5882 conf=1.2137 grad_norm=2.5240 tensors_with_grad=69/72
[train] step 322: T=675 positions=16 loss=0.7013 ce=2.5509 tv=0.4958 conf=0.7795 grad_norm=5.2387 tensors_with_grad=69/72
[train] step 323: T=563 positions=16 loss=0.6449 ce=2.5077 tv=0.4379 conf=0.5557 grad_norm=3.6179 tensors_with_grad=69/72
[train] step 324: T=626 positions=16 loss=0.6179 ce=2.0788 tv=0.4555 conf=1.0289 grad_norm=3.8430 tensors_with_grad=69/72
[train] step 325: T=673 positions=16 loss=0.6925 ce=2.9566 tv=0.4409 conf=0.5309 grad_norm=6.0128 tensors_with_grad=69/72
[train] step 326: T=535 positions=16 loss=0.1880 ce=0.6848 tv=0.1328 conf=0.4107 grad_norm=1.8533 tensors_with_grad=69/72
[train] step 327: T=534 positions=16 loss=0.1298 ce=0.4597 tv=0.0931 conf=0.3066 grad_norm=1.5681 tensors_with_grad=69/72
[train] step 328: T=546 positions=16 loss=0.4107 ce=1.5348 tv=0.2858 conf=0.7817 grad_norm=2.9659 tensors_with_grad=69/72
[train] step 329: T=539 positions=16 loss=0.4630 ce=1.6595 tv=0.3300 conf=0.5814 grad_norm=2.0363 tensors_with_grad=69/72
[train] step 330: T=608 positions=16 loss=0.5495 ce=2.3570 tv=0.3487 conf=0.9954 grad_norm=5.6504 tensors_with_grad=69/72
[train] step 331: T=648 positions=16 loss=0.4567 ce=1.5152 tv=0.3391 conf=1.0725 grad_norm=2.3365 tensors_with_grad=69/72
[train] step 332: T=529 positions=16 loss=0.4914 ce=1.6682 tv=0.3607 conf=1.0894 grad_norm=3.2400 tensors_with_grad=69/72
[train] step 333: T=580 positions=16 loss=0.6322 ce=2.2237 tv=0.4553 conf=0.5717 grad_norm=5.1031 tensors_with_grad=69/72
[train] step 334: T=544 positions=16 loss=0.5444 ce=2.3055 tv=0.3487 conf=0.4471 grad_norm=11.5871 tensors_with_grad=69/72
[train] step 335: T=527 positions=16 loss=0.7712 ce=2.8247 tv=0.5430 conf=0.7577 grad_norm=5.9959 tensors_with_grad=69/72
[train] step 336: T=567 positions=16 loss=0.4772 ce=2.2215 tv=0.2834 conf=0.3397 grad_norm=3.0921 tensors_with_grad=69/72
[train] step 337: T=672 positions=16 loss=0.6383 ce=2.3051 tv=0.4531 conf=0.9741 grad_norm=4.7097 tensors_with_grad=69/72
[train] step 338: T=589 positions=16 loss=0.5907 ce=2.0911 tv=0.4240 conf=0.9006 grad_norm=4.7055 tensors_with_grad=69/72
[train] step 339: T=620 positions=16 loss=0.5764 ce=2.1933 tv=0.3967 conf=0.9663 grad_norm=3.6566 tensors_with_grad=69/72
[train] step 340: T=533 positions=16 loss=0.2983 ce=1.1188 tv=0.2072 conf=0.4396 grad_norm=2.4721 tensors_with_grad=69/72
[train] step 341: T=1060 positions=16 loss=0.6631 ce=2.9067 tv=0.4138 conf=0.5446 grad_norm=2.2756 tensors_with_grad=69/72
[train] step 342: T=538 positions=16 loss=0.5824 ce=2.0153 tv=0.4232 conf=0.7300 grad_norm=5.3838 tensors_with_grad=69/72
[train] step 343: T=529 positions=16 loss=0.1947 ce=0.6728 tv=0.1415 conf=0.6924 grad_norm=2.2943 tensors_with_grad=69/72
[train] step 344: T=635 positions=16 loss=0.6426 ce=2.2541 tv=0.4635 conf=0.7263 grad_norm=2.1490 tensors_with_grad=69/72
[train] step 345: T=628 positions=16 loss=0.3615 ce=1.3609 tv=0.2504 conf=0.6146 grad_norm=8.3028 tensors_with_grad=69/72
[train] step 346: T=538 positions=16 loss=0.3502 ce=1.3087 tv=0.2437 conf=0.5520 grad_norm=4.7349 tensors_with_grad=69/72
[train] step 347: T=574 positions=16 loss=0.5588 ce=2.1735 tv=0.3794 conf=1.0221 grad_norm=6.4006 tensors_with_grad=69/72
[train] step 348: T=595 positions=16 loss=0.4350 ce=1.4604 tv=0.3210 conf=0.9046 grad_norm=4.8626 tensors_with_grad=69/72
[train] step 349: T=640 positions=16 loss=0.6021 ce=2.4288 tv=0.3991 conf=0.7052 grad_norm=2.6603 tensors_with_grad=69/72
[train] step 350: T=588 positions=16 loss=0.1634 ce=0.5050 tv=0.1255 conf=0.4091 grad_norm=1.7892 tensors_with_grad=69/72
[train] step 351: T=533 positions=16 loss=0.2588 ce=1.0472 tv=0.1712 conf=0.5196 grad_norm=1.6340 tensors_with_grad=69/72
[train] step 352: T=675 positions=16 loss=0.8426 ce=3.5189 tv=0.5452 conf=0.8240 grad_norm=4.2009 tensors_with_grad=69/72
[train] step 353: T=532 positions=16 loss=0.4122 ce=1.3818 tv=0.3044 conf=0.4743 grad_norm=1.3984 tensors_with_grad=69/72
[train] step 354: T=586 positions=16 loss=0.6054 ce=2.6892 tv=0.3739 conf=0.8227 grad_norm=4.6177 tensors_with_grad=69/72
[train] step 355: T=1048 positions=16 loss=0.7372 ce=3.5355 tv=0.4263 conf=0.5062 grad_norm=7.2183 tensors_with_grad=69/72
[train] step 356: T=615 positions=16 loss=0.4213 ce=1.7891 tv=0.2693 conf=0.7399 grad_norm=3.4156 tensors_with_grad=69/72
[train] step 357: T=672 positions=16 loss=0.5525 ce=2.2244 tv=0.3668 conf=0.7783 grad_norm=4.7415 tensors_with_grad=69/72
[train] step 358: T=579 positions=16 loss=0.6709 ce=2.7186 tv=0.4434 conf=0.5115 grad_norm=2.4100 tensors_with_grad=69/72
[train] step 359: T=588 positions=16 loss=0.6295 ce=2.2617 tv=0.4482 conf=0.8640 grad_norm=4.8868 tensors_with_grad=69/72
[train] step 360: T=527 positions=16 loss=0.1929 ce=0.7479 tv=0.1313 conf=0.6127 grad_norm=2.5778 tensors_with_grad=69/72
[train] step 361: T=1060 positions=16 loss=0.7558 ce=3.2680 tv=0.4767 conf=0.7891 grad_norm=3.2334 tensors_with_grad=69/72
[train] step 362: T=629 positions=16 loss=0.4599 ce=1.7551 tv=0.3160 conf=0.8828 grad_norm=2.8687 tensors_with_grad=69/72
[train] step 363: T=529 positions=16 loss=0.4877 ce=1.9543 tv=0.3247 conf=0.6483 grad_norm=3.1163 tensors_with_grad=69/72
[train] step 364: T=629 positions=16 loss=0.2392 ce=0.7811 tv=0.1790 conf=0.5912 grad_norm=3.5543 tensors_with_grad=69/72
[train] step 365: T=621 positions=16 loss=0.2291 ce=0.8894 tv=0.1558 conf=0.6652 grad_norm=2.5089 tensors_with_grad=69/72
[train] step 366: T=591 positions=16 loss=0.3438 ce=1.2650 tv=0.2414 conf=0.6886 grad_norm=2.9846 tensors_with_grad=69/72
[train] step 367: T=604 positions=16 loss=0.4171 ce=1.4628 tv=0.3009 conf=0.4350 grad_norm=3.6007 tensors_with_grad=69/72
[train] step 368: T=673 positions=16 loss=0.2514 ce=0.9680 tv=0.1718 conf=1.4124 grad_norm=3.3489 tensors_with_grad=69/72
[train] step 369: T=531 positions=16 loss=0.5518 ce=2.1283 tv=0.3766 conf=0.6316 grad_norm=3.6386 tensors_with_grad=69/72
[train] step 370: T=539 positions=16 loss=0.1724 ce=0.4651 tv=0.1399 conf=0.3376 grad_norm=1.8391 tensors_with_grad=69/72
[train] step 371: T=676 positions=16 loss=0.6002 ce=2.2972 tv=0.4117 conf=1.1531 grad_norm=4.4955 tensors_with_grad=69/72
[train] step 372: T=966 positions=16 loss=0.8993 ce=4.1405 tv=0.5391 conf=0.7672 grad_norm=5.3907 tensors_with_grad=69/72
[train] step 373: T=638 positions=16 loss=0.3199 ce=1.0195 tv=0.2422 conf=0.9963 grad_norm=5.0956 tensors_with_grad=69/72
[train] step 374: T=539 positions=16 loss=0.6926 ce=2.7233 tv=0.4670 conf=0.7123 grad_norm=6.1685 tensors_with_grad=69/72
[train] step 375: T=543 positions=16 loss=0.3212 ce=0.8600 tv=0.2613 conf=1.0631 grad_norm=2.4310 tensors_with_grad=69/72
[train] step 376: T=544 positions=16 loss=0.2439 ce=0.6236 tv=0.2017 conf=0.9082 grad_norm=3.8988 tensors_with_grad=69/72
[train] step 377: T=532 positions=16 loss=0.2802 ce=1.1777 tv=0.1804 conf=0.6064 grad_norm=3.3701 tensors_with_grad=69/72
[train] step 378: T=536 positions=16 loss=0.2320 ce=0.8194 tv=0.1668 conf=0.5265 grad_norm=3.4873 tensors_with_grad=69/72
[train] step 379: T=553 positions=16 loss=0.4499 ce=1.8043 tv=0.2994 conf=0.6255 grad_norm=4.4256 tensors_with_grad=69/72
[train] step 380: T=651 positions=16 loss=0.5602 ce=1.9524 tv=0.4055 conf=1.1207 grad_norm=2.8193 tensors_with_grad=69/72
[train] step 381: T=573 positions=16 loss=0.9958 ce=4.4404 tv=0.6131 conf=0.8764 grad_norm=4.5916 tensors_with_grad=69/72
[train] step 382: T=549 positions=16 loss=0.4336 ce=1.6257 tv=0.3011 conf=0.8928 grad_norm=5.8227 tensors_with_grad=69/72
[train] step 383: T=573 positions=16 loss=0.5026 ce=1.7784 tv=0.3608 conf=0.9930 grad_norm=7.2997 tensors_with_grad=69/72
[train] step 384: T=534 positions=16 loss=0.7439 ce=2.5107 tv=0.5476 conf=1.3185 grad_norm=2.9362 tensors_with_grad=69/72
[train] step 385: T=548 positions=16 loss=0.5441 ce=2.1995 tv=0.3602 conf=0.7174 grad_norm=5.1177 tensors_with_grad=69/72
[train] step 386: T=588 positions=16 loss=0.4882 ce=2.1898 tv=0.2991 conf=1.0875 grad_norm=2.6838 tensors_with_grad=69/72
[train] step 387: T=654 positions=16 loss=0.5521 ce=1.8263 tv=0.4105 conf=1.2067 grad_norm=4.0932 tensors_with_grad=69/72
[train] step 388: T=536 positions=16 loss=0.4444 ce=1.5146 tv=0.3254 conf=1.2057 grad_norm=3.6596 tensors_with_grad=69/72
[train] step 389: T=959 positions=16 loss=0.9263 ce=4.4889 tv=0.5304 conf=1.5183 grad_norm=3.9938 tensors_with_grad=69/72
[train] step 390: T=532 positions=16 loss=0.2985 ce=1.2375 tv=0.1942 conf=0.9394 grad_norm=5.5793 tensors_with_grad=69/72
[train] step 391: T=654 positions=16 loss=0.4397 ce=1.4540 tv=0.3270 conf=1.2457 grad_norm=5.0880 tensors_with_grad=69/72
[train] step 392: T=627 positions=16 loss=0.2922 ce=1.1894 tv=0.1925 conf=1.1353 grad_norm=3.7528 tensors_with_grad=69/72
[train] step 393: T=531 positions=16 loss=0.4279 ce=1.2845 tv=0.3327 conf=1.1638 grad_norm=3.4215 tensors_with_grad=69/72
[train] step 394: T=614 positions=16 loss=0.2726 ce=0.6703 tv=0.2284 conf=1.1794 grad_norm=13.3107 tensors_with_grad=69/72
[train] step 395: T=530 positions=16 loss=0.7424 ce=3.0385 tv=0.4873 conf=0.7583 grad_norm=3.4987 tensors_with_grad=69/72
[train] step 396: T=545 positions=16 loss=0.3894 ce=1.4652 tv=0.2699 conf=0.4565 grad_norm=3.5395 tensors_with_grad=69/72
[train] step 397: T=605 positions=16 loss=0.4709 ce=1.8541 tv=0.3172 conf=0.9912 grad_norm=6.5065 tensors_with_grad=69/72
[train] step 398: T=529 positions=16 loss=0.6600 ce=2.6239 tv=0.4417 conf=1.2905 grad_norm=3.7957 tensors_with_grad=69/72
[train] step 399: T=1075 positions=16 loss=0.6466 ce=3.1591 tv=0.3675 conf=0.6186 grad_norm=3.2007 tensors_with_grad=69/72
[train] step 400: T=1443 positions=16 loss=0.9689 ce=4.8569 tv=0.5369 conf=1.0060 grad_norm=6.0431 tensors_with_grad=69/72
[train] step 401: T=535 positions=16 loss=0.8580 ce=3.3475 tv=0.5814 conf=0.8196 grad_norm=3.7057 tensors_with_grad=69/72
[train] step 402: T=594 positions=16 loss=0.1991 ce=0.5293 tv=0.1624 conf=0.5690 grad_norm=1.5184 tensors_with_grad=69/72
[train] step 403: T=886 positions=16 loss=0.6809 ce=3.4356 tv=0.3748 conf=0.5238 grad_norm=3.1654 tensors_with_grad=69/72
[train] step 404: T=532 positions=16 loss=0.6427 ce=2.4091 tv=0.4464 conf=0.5755 grad_norm=1.6941 tensors_with_grad=69/72
[train] step 405: T=560 positions=16 loss=0.4415 ce=1.8463 tv=0.2854 conf=0.9126 grad_norm=3.0679 tensors_with_grad=69/72
[train] step 406: T=597 positions=16 loss=0.5896 ce=2.3901 tv=0.3896 conf=0.5198 grad_norm=2.2990 tensors_with_grad=69/72
[train] step 407: T=536 positions=16 loss=0.1120 ce=0.1660 tv=0.1060 conf=0.3027 grad_norm=1.0334 tensors_with_grad=69/72
[train] step 408: T=578 positions=16 loss=0.2559 ce=0.6440 tv=0.2128 conf=0.7723 grad_norm=5.1621 tensors_with_grad=69/72
[train] step 409: T=675 positions=16 loss=0.3259 ce=1.1471 tv=0.2346 conf=0.4867 grad_norm=2.2913 tensors_with_grad=69/72
[train] step 410: T=672 positions=16 loss=0.8283 ce=3.1931 tv=0.5656 conf=0.7950 grad_norm=3.8840 tensors_with_grad=69/72
[train] step 411: T=529 positions=16 loss=0.3140 ce=0.9737 tv=0.2407 conf=0.7429 grad_norm=5.0654 tensors_with_grad=69/72
[train] step 412: T=676 positions=16 loss=0.3551 ce=0.9327 tv=0.2909 conf=1.1319 grad_norm=3.7941 tensors_with_grad=69/72
[train] step 413: T=555 positions=16 loss=0.2566 ce=0.9789 tv=0.1764 conf=0.6066 grad_norm=2.5444 tensors_with_grad=69/72
[train] step 414: T=1244 positions=16 loss=0.7203 ce=3.5799 tv=0.4026 conf=0.5682 grad_norm=3.7536 tensors_with_grad=69/72
[train] step 415: T=549 positions=16 loss=0.6618 ce=2.4781 tv=0.4600 conf=0.4687 grad_norm=4.6445 tensors_with_grad=69/72
[train] step 416: T=599 positions=16 loss=0.4577 ce=1.6851 tv=0.3213 conf=1.0269 grad_norm=4.3905 tensors_with_grad=69/72
[train] step 417: T=526 positions=16 loss=0.4417 ce=1.6667 tv=0.3056 conf=0.5544 grad_norm=10.9482 tensors_with_grad=69/72
[train] step 418: T=576 positions=16 loss=0.7589 ce=3.2009 tv=0.4875 conf=0.6580 grad_norm=4.6337 tensors_with_grad=69/72
[train] step 419: T=542 positions=16 loss=0.4272 ce=1.6037 tv=0.2964 conf=0.7840 grad_norm=2.6188 tensors_with_grad=69/72
[train] step 420: T=537 positions=16 loss=0.0899 ce=0.2283 tv=0.0745 conf=0.5088 grad_norm=2.5088 tensors_with_grad=69/72
[train] step 421: T=536 positions=16 loss=0.2087 ce=0.7259 tv=0.1513 conf=0.4514 grad_norm=2.6276 tensors_with_grad=69/72
[train] step 422: T=543 positions=16 loss=0.1879 ce=0.7371 tv=0.1269 conf=0.2551 grad_norm=1.4435 tensors_with_grad=69/72
[train] step 423: T=573 positions=16 loss=0.6384 ce=2.6392 tv=0.4160 conf=0.6559 grad_norm=3.4097 tensors_with_grad=69/72
[train] step 424: T=928 positions=16 loss=0.6966 ce=3.1523 tv=0.4237 conf=1.1571 grad_norm=3.2923 tensors_with_grad=69/72
[train] step 425: T=979 positions=16 loss=0.8432 ce=3.7167 tv=0.5239 conf=0.7778 grad_norm=3.0258 tensors_with_grad=69/72
[train] step 426: T=542 positions=16 loss=0.1763 ce=0.6296 tv=0.1260 conf=0.3159 grad_norm=2.1655 tensors_with_grad=69/72
[train] step 427: T=525 positions=16 loss=0.3623 ce=1.3022 tv=0.2579 conf=0.5446 grad_norm=5.5799 tensors_with_grad=69/72
[train] step 428: T=1286 positions=16 loss=0.6359 ce=2.8526 tv=0.3896 conf=0.8534 grad_norm=4.6176 tensors_with_grad=69/72
[train] step 429: T=538 positions=16 loss=0.1635 ce=0.3559 tv=0.1421 conf=0.2485 grad_norm=3.0901 tensors_with_grad=69/72
[train] step 430: T=541 positions=16 loss=0.4816 ce=2.1482 tv=0.2964 conf=0.7291 grad_norm=5.4998 tensors_with_grad=69/72
[train] step 431: T=537 positions=16 loss=0.5283 ce=2.1098 tv=0.3525 conf=1.0509 grad_norm=5.8413 tensors_with_grad=69/72
[train] step 432: T=550 positions=16 loss=0.3393 ce=1.0056 tv=0.2652 conf=0.8720 grad_norm=2.9666 tensors_with_grad=69/72
[train] step 433: T=568 positions=16 loss=0.5652 ce=2.6872 tv=0.3294 conf=1.4156 grad_norm=4.3030 tensors_with_grad=69/72
[train] step 434: T=524 positions=16 loss=0.7601 ce=2.9950 tv=0.5118 conf=0.8943 grad_norm=3.3378 tensors_with_grad=69/72
[train] step 435: T=601 positions=16 loss=0.1778 ce=0.6089 tv=0.1299 conf=0.7078 grad_norm=2.5811 tensors_with_grad=69/72
[train] step 436: T=530 positions=16 loss=0.3617 ce=1.2146 tv=0.2669 conf=1.2305 grad_norm=4.3413 tensors_with_grad=69/72
[train] step 437: T=525 positions=16 loss=0.4968 ce=1.6672 tv=0.3667 conf=1.2618 grad_norm=3.1166 tensors_with_grad=69/72
[train] step 438: T=526 positions=16 loss=0.7254 ce=2.7879 tv=0.4962 conf=1.0003 grad_norm=5.5348 tensors_with_grad=69/72
[train] step 439: T=584 positions=16 loss=0.2035 ce=0.7211 tv=0.1460 conf=0.7044 grad_norm=2.0633 tensors_with_grad=69/72
[train] step 440: T=1681 positions=16 loss=0.8535 ce=4.1528 tv=0.4869 conf=1.5742 grad_norm=3.6705 tensors_with_grad=69/72
[train] step 441: T=532 positions=16 loss=0.4752 ce=1.9345 tv=0.3130 conf=0.7779 grad_norm=2.6991 tensors_with_grad=69/72
[train] step 442: T=535 positions=16 loss=0.3798 ce=1.6934 tv=0.2338 conf=0.5433 grad_norm=1.9015 tensors_with_grad=69/72
[train] step 443: T=1305 positions=16 loss=0.9487 ce=4.5000 tv=0.5542 conf=0.7866 grad_norm=3.6410 tensors_with_grad=69/72
[train] step 444: T=545 positions=16 loss=0.4065 ce=1.3344 tv=0.3034 conf=0.5127 grad_norm=5.7128 tensors_with_grad=69/72
[train] step 445: T=537 positions=16 loss=0.3714 ce=1.4710 tv=0.2493 conf=0.6054 grad_norm=3.5730 tensors_with_grad=69/72
[train] step 446: T=963 positions=16 loss=0.6837 ce=3.3594 tv=0.3864 conf=0.8895 grad_norm=5.9391 tensors_with_grad=69/72
[train] step 447: T=539 positions=16 loss=0.3188 ce=1.1569 tv=0.2257 conf=0.9365 grad_norm=3.7471 tensors_with_grad=69/72
[train] step 448: T=653 positions=16 loss=0.8598 ce=3.4054 tv=0.5769 conf=1.7079 grad_norm=4.6064 tensors_with_grad=69/72
[train] step 449: T=528 positions=16 loss=0.3204 ce=1.1120 tv=0.2325 conf=0.5679 grad_norm=2.9127 tensors_with_grad=69/72
[train] step 450: T=599 positions=16 loss=0.4692 ce=1.6485 tv=0.3382 conf=0.8263 grad_norm=4.2032 tensors_with_grad=69/72
[train] step 451: T=543 positions=16 loss=0.2924 ce=1.0725 tv=0.2057 conf=0.5895 grad_norm=2.3934 tensors_with_grad=69/72
[train] step 452: T=532 positions=16 loss=0.3863 ce=1.6370 tv=0.2473 conf=0.4552 grad_norm=3.7217 tensors_with_grad=69/72
[train] step 453: T=1026 positions=16 loss=0.8546 ce=3.5564 tv=0.5544 conf=1.2352 grad_norm=4.7550 tensors_with_grad=69/72
[train] step 454: T=577 positions=16 loss=0.4629 ce=1.5325 tv=0.3441 conf=0.9171 grad_norm=3.6353 tensors_with_grad=69/72
[train] step 455: T=1744 positions=16 loss=0.9398 ce=4.4378 tv=0.5511 conf=1.2510 grad_norm=4.8453 tensors_with_grad=69/72
[train] step 456: T=643 positions=16 loss=0.2081 ce=0.6895 tv=0.1546 conf=0.7856 grad_norm=2.7297 tensors_with_grad=69/72
[train] step 457: T=678 positions=16 loss=0.5956 ce=2.1751 tv=0.4201 conf=1.3700 grad_norm=3.3095 tensors_with_grad=69/72
[train] step 458: T=534 positions=16 loss=0.6209 ce=2.3444 tv=0.4294 conf=2.1058 grad_norm=4.0445 tensors_with_grad=69/72
[train] step 459: T=561 positions=16 loss=0.2216 ce=0.7564 tv=0.1622 conf=0.7610 grad_norm=4.4300 tensors_with_grad=69/72
[train] step 460: T=529 positions=16 loss=0.5555 ce=1.7570 tv=0.4220 conf=0.7698 grad_norm=2.7736 tensors_with_grad=69/72
[train] step 461: T=618 positions=16 loss=0.1367 ce=0.4493 tv=0.1020 conf=0.3845 grad_norm=2.9155 tensors_with_grad=69/72
[train] step 462: T=592 positions=16 loss=0.5604 ce=2.1242 tv=0.3866 conf=1.4504 grad_norm=3.9223 tensors_with_grad=69/72
[train] step 463: T=538 positions=16 loss=0.3031 ce=1.0325 tv=0.2220 conf=0.7156 grad_norm=2.8128 tensors_with_grad=69/72
[train] step 464: T=524 positions=16 loss=0.4740 ce=1.6074 tv=0.3481 conf=1.0191 grad_norm=4.2860 tensors_with_grad=69/72
[train] step 465: T=639 positions=16 loss=0.4890 ce=2.3306 tv=0.2844 conf=0.9346 grad_norm=3.1910 tensors_with_grad=69/72
[train] step 466: T=574 positions=16 loss=0.2106 ce=0.7404 tv=0.1517 conf=0.7995 grad_norm=4.6242 tensors_with_grad=69/72
[train] step 467: T=595 positions=16 loss=0.1833 ce=0.6669 tv=0.1296 conf=0.6804 grad_norm=3.0668 tensors_with_grad=69/72
[train] step 468: T=529 positions=16 loss=0.5700 ce=2.5387 tv=0.3512 conf=1.0720 grad_norm=2.0656 tensors_with_grad=69/72
[train] step 469: T=530 positions=16 loss=0.5536 ce=2.4184 tv=0.3464 conf=0.9032 grad_norm=7.7702 tensors_with_grad=69/72
[train] step 470: T=526 positions=16 loss=0.5976 ce=2.0104 tv=0.4406 conf=0.7934 grad_norm=2.7919 tensors_with_grad=69/72
[train] step 471: T=541 positions=16 loss=0.5507 ce=2.7998 tv=0.3008 conf=0.6958 grad_norm=6.9621 tensors_with_grad=69/72
[train] step 472: T=672 positions=16 loss=0.5586 ce=2.2264 tv=0.3733 conf=0.7555 grad_norm=2.8562 tensors_with_grad=69/72
[train] step 473: T=1079 positions=16 loss=0.7363 ce=3.5803 tv=0.4203 conf=1.6175 grad_norm=6.4865 tensors_with_grad=69/72
[train] step 474: T=529 positions=16 loss=0.5321 ce=1.8748 tv=0.3829 conf=1.2132 grad_norm=2.3661 tensors_with_grad=69/72
[train] step 475: T=544 positions=16 loss=0.4374 ce=1.4661 tv=0.3231 conf=0.9408 grad_norm=3.6906 tensors_with_grad=69/72
[train] step 476: T=1567 positions=16 loss=0.7106 ce=3.3222 tv=0.4204 conf=1.2505 grad_norm=1.8313 tensors_with_grad=69/72
[train] step 477: T=533 positions=16 loss=0.6401 ce=2.4524 tv=0.4387 conf=0.8394 grad_norm=3.4639 tensors_with_grad=69/72
[train] step 478: T=1190 positions=16 loss=0.8167 ce=3.8782 tv=0.4765 conf=1.3264 grad_norm=2.4770 tensors_with_grad=69/72
[train] step 479: T=541 positions=16 loss=0.1243 ce=0.4231 tv=0.0911 conf=0.1809 grad_norm=1.4444 tensors_with_grad=69/72
[train] step 480: T=1679 positions=16 loss=0.8174 ce=3.8631 tv=0.4789 conf=2.0423 grad_norm=2.2570 tensors_with_grad=69/72
[train] step 481: T=526 positions=16 loss=0.6123 ce=2.0519 tv=0.4524 conf=1.7572 grad_norm=2.7821 tensors_with_grad=69/72
[train] step 482: T=636 positions=16 loss=0.5639 ce=1.8298 tv=0.4232 conf=1.4765 grad_norm=4.9382 tensors_with_grad=69/72
[train] step 483: T=545 positions=16 loss=0.4727 ce=1.8366 tv=0.3211 conf=0.2798 grad_norm=2.7349 tensors_with_grad=69/72
[train] step 484: T=531 positions=16 loss=0.4120 ce=1.5396 tv=0.2867 conf=0.4256 grad_norm=1.7981 tensors_with_grad=69/72
[train] step 485: T=528 positions=16 loss=0.2798 ce=0.8669 tv=0.2146 conf=0.7013 grad_norm=3.3918 tensors_with_grad=69/72
[train] step 486: T=605 positions=16 loss=0.6283 ce=2.7613 tv=0.3913 conf=0.7716 grad_norm=2.4982 tensors_with_grad=69/72
[train] step 487: T=527 positions=16 loss=0.2899 ce=1.2789 tv=0.1800 conf=0.5889 grad_norm=1.7623 tensors_with_grad=69/72
[train] step 488: T=545 positions=16 loss=0.1837 ce=0.7148 tv=0.1247 conf=0.1834 grad_norm=2.2229 tensors_with_grad=69/72
[train] step 489: T=595 positions=16 loss=0.5638 ce=2.0042 tv=0.4037 conf=0.7753 grad_norm=4.2594 tensors_with_grad=69/72
[train] step 490: T=525 positions=16 loss=0.5629 ce=1.8363 tv=0.4214 conf=0.5731 grad_norm=5.1471 tensors_with_grad=69/72
[train] step 491: T=675 positions=16 loss=0.5693 ce=1.8539 tv=0.4265 conf=0.9000 grad_norm=2.9357 tensors_with_grad=69/72
[train] step 492: T=593 positions=16 loss=0.2180 ce=0.8467 tv=0.1482 conf=0.6019 grad_norm=3.1885 tensors_with_grad=69/72
[train] step 493: T=984 positions=16 loss=0.7116 ce=3.4814 tv=0.4039 conf=0.9851 grad_norm=2.6023 tensors_with_grad=69/72
[train] step 494: T=672 positions=16 loss=0.4288 ce=1.4495 tv=0.3154 conf=1.0547 grad_norm=2.2740 tensors_with_grad=69/72
[train] step 495: T=675 positions=16 loss=0.4528 ce=1.6591 tv=0.3187 conf=1.2104 grad_norm=2.3275 tensors_with_grad=69/72
[train] step 496: T=1257 positions=16 loss=0.8864 ce=4.3711 tv=0.4992 conf=0.9311 grad_norm=3.8560 tensors_with_grad=69/72
[train] step 497: T=673 positions=16 loss=0.7585 ce=2.8282 tv=0.5286 conf=1.0852 grad_norm=2.5794 tensors_with_grad=69/72
[train] step 498: T=535 positions=16 loss=0.3367 ce=1.1423 tv=0.2472 conf=0.5895 grad_norm=1.9295 tensors_with_grad=69/72
[train] step 499: T=608 positions=16 loss=0.5291 ce=1.7807 tv=0.3900 conf=1.4226 grad_norm=2.8714 tensors_with_grad=69/72
[diag] draft-argmax == TARGET-argmax : 60.3%  | == ground-truth token: 59.5%
[diag] mean top-1 prob  target 0.842  draft 0.733   (TV near 1 with a PEAKED draft => misalignment; with a FLAT draft => genuine)
[train] saved 72 trained tensors -> /cap/s3/c0/trained/mtp_trained.safetensors
[train] saved AdamW state -> /cap/s3/c0/trained/opt_state.pt (needed for --resume to be equivalent to one continuous run)
[train] metrics -> /cap/s3/c0/train_metrics.json  (loss 0.9736 -> 0.5291, tail mean 0.5014)
[train] TRAIN OK
