[train] device=cuda torch=2.10.0
  loading model-00046-of-00048.safetensors ...
  loading model-00047-of-00048.safetensors ...
  loading model-00048-of-00048.safetensors ...
  dequantised 1512 tensors, 12.60 B params, 23.5 GiB bf16
[train] weights ready in 9.0s
[train] trainable 517.3 M in 72 tensors | frozen experts 12.08 B
[train] capture: 500 sample(s)
[Gloo] Rank 0 is connected to 0 peer ranks. Expected number of connected peer ranks is : 0
[train] ModelArgs: n_mtp=3 block=6 taps=[40, 41, 42] markov_rank=256
[train] built 3 DSparkBlock(s) on meta
[train] re-materialised freqs_cis on 3 attention module(s) (persistent=False buffers are NOT in state_dict and to_empty() zapped them)
[train] load_state_dict: 0 missing, 0 unexpected
[train] GATE1 model construction OK
[train] aux: embed.weight(129280, 4096), head.weight(129280, 4096)
[train] trainable tensors in graph: 72 / 517.3 M
[train] resumed 72/72 trained tensors from /cap/s3/c0/trained/mtp_trained.safetensors
[train] resumed AdamW state: 69/72 tensors carry moments (3 never received a gradient, expected), indices aligned
[train] lr schedule: linear warmup 73 step(s) -> cosine over 1472 session step(s), peak 5e-05; this chunk is steps 500..999
/work/train/train_head.py:115: UserWarning: Converting a tensor with requires_grad=True to a scalar may lead to unexpected behavior.
Consider using tensor.detach() first. (Triggered internally at /opt/pytorch/torch/csrc/autograd/generated/python_variable_methods.cpp:836.)
  parts = {"ce": float((w * ce).sum()), "tv": float((w * tv).sum()), "conf": 0.0}
[train] step 0: T=524 positions=16 loss=0.9036 ce=3.4354 tv=0.6223 conf=1.0160 grad_norm=3.0423 tensors_with_grad=69/72
[train] step 1: T=629 positions=16 loss=0.5166 ce=1.6865 tv=0.3866 conf=1.1907 grad_norm=2.9199 tensors_with_grad=69/72
[train] step 2: T=533 positions=16 loss=0.5096 ce=2.1747 tv=0.3246 conf=1.0141 grad_norm=2.7140 tensors_with_grad=69/72
[train] step 3: T=524 positions=16 loss=0.7786 ce=2.8339 tv=0.5502 conf=1.4624 grad_norm=4.5394 tensors_with_grad=69/72
[train] step 4: T=672 positions=16 loss=0.7126 ce=2.6059 tv=0.5022 conf=0.9510 grad_norm=4.1613 tensors_with_grad=69/72
[train] step 5: T=597 positions=16 loss=0.5321 ce=2.0120 tv=0.3677 conf=1.5338 grad_norm=4.1691 tensors_with_grad=69/72
[train] step 6: T=605 positions=16 loss=0.5509 ce=1.6653 tv=0.4271 conf=1.7054 grad_norm=2.2907 tensors_with_grad=69/72
[train] step 7: T=672 positions=16 loss=0.8332 ce=3.4043 tv=0.5475 conf=1.4518 grad_norm=2.3203 tensors_with_grad=69/72
[train] step 8: T=524 positions=16 loss=0.7334 ce=2.7110 tv=0.5137 conf=1.3987 grad_norm=3.9924 tensors_with_grad=69/72
[train] step 9: T=533 positions=16 loss=0.2021 ce=0.6535 tv=0.1520 conf=0.6223 grad_norm=1.7686 tensors_with_grad=69/72
[train] step 10: T=609 positions=16 loss=0.4984 ce=1.5487 tv=0.3818 conf=1.0632 grad_norm=2.0555 tensors_with_grad=69/72
[train] step 11: T=622 positions=16 loss=0.5727 ce=2.2025 tv=0.3916 conf=1.0054 grad_norm=3.7140 tensors_with_grad=69/72
[train] step 12: T=932 positions=16 loss=0.6310 ce=2.4380 tv=0.4302 conf=1.0453 grad_norm=4.6945 tensors_with_grad=69/72
[train] step 13: T=529 positions=16 loss=0.6913 ce=3.0143 tv=0.4332 conf=1.0665 grad_norm=4.1614 tensors_with_grad=69/72
[train] step 14: T=677 positions=16 loss=0.7261 ce=2.6392 tv=0.5136 conf=1.3865 grad_norm=2.2365 tensors_with_grad=69/72
[train] step 15: T=1210 positions=16 loss=0.9219 ce=4.8235 tv=0.4884 conf=1.1545 grad_norm=3.8024 tensors_with_grad=69/72
[train] step 16: T=533 positions=16 loss=0.2529 ce=1.0332 tv=0.1662 conf=0.5203 grad_norm=2.5742 tensors_with_grad=69/72
[train] step 17: T=618 positions=16 loss=0.4502 ce=1.8681 tv=0.2927 conf=1.3384 grad_norm=2.6932 tensors_with_grad=69/72
[train] step 18: T=530 positions=16 loss=0.4841 ce=2.0063 tv=0.3150 conf=0.7246 grad_norm=3.2711 tensors_with_grad=69/72
[train] step 19: T=527 positions=16 loss=0.6036 ce=1.9787 tv=0.4508 conf=1.2773 grad_norm=2.5387 tensors_with_grad=69/72
[train] step 20: T=924 positions=16 loss=0.6322 ce=2.5364 tv=0.4206 conf=1.7066 grad_norm=3.1964 tensors_with_grad=69/72
[train] step 21: T=550 positions=16 loss=0.7655 ce=2.8929 tv=0.5291 conf=1.4808 grad_norm=2.7041 tensors_with_grad=69/72
[train] step 22: T=653 positions=16 loss=0.8200 ce=3.4040 tv=0.5329 conf=2.2636 grad_norm=2.7563 tensors_with_grad=69/72
[train] step 23: T=659 positions=16 loss=0.6228 ce=2.5752 tv=0.4059 conf=1.1981 grad_norm=2.4053 tensors_with_grad=69/72
[train] step 24: T=535 positions=16 loss=0.3147 ce=1.1542 tv=0.2215 conf=0.6673 grad_norm=4.0513 tensors_with_grad=69/72
[train] step 25: T=675 positions=16 loss=0.7248 ce=2.5469 tv=0.5224 conf=1.3934 grad_norm=2.4589 tensors_with_grad=69/72
[train] step 26: T=624 positions=16 loss=0.3353 ce=1.1819 tv=0.2412 conf=1.8995 grad_norm=3.8162 tensors_with_grad=69/72
[train] step 27: T=634 positions=16 loss=0.6854 ce=2.6568 tv=0.4663 conf=0.9464 grad_norm=3.7458 tensors_with_grad=69/72
[train] step 28: T=547 positions=16 loss=0.5546 ce=2.0665 tv=0.3866 conf=1.6466 grad_norm=3.3899 tensors_with_grad=69/72
[train] step 29: T=536 positions=16 loss=0.5392 ce=2.0729 tv=0.3687 conf=1.5785 grad_norm=3.6079 tensors_with_grad=69/72
[train] step 30: T=672 positions=16 loss=0.2111 ce=0.6407 tv=0.1633 conf=1.1826 grad_norm=2.4301 tensors_with_grad=69/72
[train] step 31: T=673 positions=16 loss=0.4712 ce=1.7749 tv=0.3263 conf=1.7281 grad_norm=4.2685 tensors_with_grad=69/72
[train] step 32: T=574 positions=16 loss=0.7024 ce=2.9030 tv=0.4579 conf=1.1077 grad_norm=3.1096 tensors_with_grad=69/72
[train] step 33: T=673 positions=16 loss=0.6767 ce=2.2637 tv=0.5004 conf=1.4624 grad_norm=4.5021 tensors_with_grad=69/72
[train] step 34: T=1093 positions=16 loss=0.6897 ce=2.9411 tv=0.4395 conf=2.2213 grad_norm=2.4269 tensors_with_grad=69/72
[train] step 35: T=572 positions=16 loss=0.8095 ce=3.3459 tv=0.5277 conf=1.7246 grad_norm=2.6332 tensors_with_grad=69/72
[train] step 36: T=607 positions=16 loss=0.5921 ce=2.4115 tv=0.3900 conf=1.2873 grad_norm=6.9943 tensors_with_grad=69/72
[train] step 37: T=604 positions=16 loss=0.3324 ce=0.9925 tv=0.2590 conf=1.5962 grad_norm=4.1762 tensors_with_grad=69/72
[train] step 38: T=674 positions=16 loss=0.5344 ce=2.3970 tv=0.3275 conf=1.1033 grad_norm=4.3269 tensors_with_grad=69/72
[train] step 39: T=529 positions=16 loss=0.5810 ce=2.0832 tv=0.4141 conf=1.7837 grad_norm=4.5223 tensors_with_grad=69/72
[train] step 40: T=674 positions=16 loss=0.2606 ce=0.8320 tv=0.1971 conf=1.6251 grad_norm=2.1562 tensors_with_grad=69/72
[train] step 41: T=983 positions=16 loss=0.6895 ce=3.3850 tv=0.3900 conf=0.8699 grad_norm=2.3932 tensors_with_grad=69/72
[train] step 42: T=531 positions=16 loss=0.2462 ce=0.8256 tv=0.1818 conf=0.9892 grad_norm=3.0923 tensors_with_grad=69/72
[train] step 43: T=643 positions=16 loss=0.7595 ce=2.7411 tv=0.5394 conf=1.8797 grad_norm=4.6030 tensors_with_grad=69/72
[train] step 44: T=672 positions=16 loss=0.4662 ce=1.8077 tv=0.3172 conf=0.6961 grad_norm=3.2219 tensors_with_grad=69/72
[train] step 45: T=577 positions=16 loss=0.3775 ce=1.2801 tv=0.2772 conf=1.4222 grad_norm=6.8572 tensors_with_grad=69/72
[train] step 46: T=540 positions=16 loss=0.3364 ce=1.0680 tv=0.2551 conf=1.2443 grad_norm=2.5006 tensors_with_grad=69/72
[train] step 47: T=1793 positions=16 loss=0.8535 ce=3.9176 tv=0.5130 conf=1.2297 grad_norm=2.6929 tensors_with_grad=69/72
[train] step 48: T=1349 positions=16 loss=0.8615 ce=4.4407 tv=0.4639 conf=0.7349 grad_norm=2.6881 tensors_with_grad=69/72
[train] step 49: T=658 positions=16 loss=0.6989 ce=2.5693 tv=0.4910 conf=0.9865 grad_norm=2.9473 tensors_with_grad=69/72
[train] step 50: T=537 positions=16 loss=0.7632 ce=3.5367 tv=0.4550 conf=0.7787 grad_norm=3.3096 tensors_with_grad=69/72
[train] step 51: T=532 positions=16 loss=0.3680 ce=1.0436 tv=0.2930 conf=0.7191 grad_norm=2.5550 tensors_with_grad=69/72
[train] step 52: T=591 positions=16 loss=0.3753 ce=1.6495 tv=0.2337 conf=0.4321 grad_norm=2.8686 tensors_with_grad=69/72
[train] step 53: T=525 positions=16 loss=0.6904 ce=2.7803 tv=0.4582 conf=0.6931 grad_norm=3.0449 tensors_with_grad=69/72
[train] step 54: T=526 positions=16 loss=0.3437 ce=1.0758 tv=0.2624 conf=0.8467 grad_norm=3.9064 tensors_with_grad=69/72
[train] step 55: T=588 positions=16 loss=0.1989 ce=0.6709 tv=0.1465 conf=0.5418 grad_norm=4.2544 tensors_with_grad=69/72
[train] step 56: T=605 positions=16 loss=0.2812 ce=1.3749 tv=0.1597 conf=0.5549 grad_norm=2.1865 tensors_with_grad=69/72
[train] step 57: T=532 positions=16 loss=0.3366 ce=1.2663 tv=0.2333 conf=0.7553 grad_norm=3.2041 tensors_with_grad=69/72
[train] step 58: T=980 positions=16 loss=0.7634 ce=3.1366 tv=0.4997 conf=1.1764 grad_norm=2.3075 tensors_with_grad=69/72
[train] step 59: T=533 positions=16 loss=0.8361 ce=3.3255 tv=0.5595 conf=0.8286 grad_norm=4.6002 tensors_with_grad=69/72
[train] step 60: T=563 positions=16 loss=0.3270 ce=1.2741 tv=0.2217 conf=0.5854 grad_norm=3.3714 tensors_with_grad=69/72
[train] step 61: T=532 positions=16 loss=0.3593 ce=1.3567 tv=0.2485 conf=0.8664 grad_norm=2.0518 tensors_with_grad=69/72
[train] step 62: T=584 positions=16 loss=0.5924 ce=2.0995 tv=0.4250 conf=1.2294 grad_norm=2.7804 tensors_with_grad=69/72
[train] step 63: T=534 positions=16 loss=0.4955 ce=2.3197 tv=0.2928 conf=0.6950 grad_norm=2.8829 tensors_with_grad=69/72
[train] step 64: T=528 positions=16 loss=0.5933 ce=2.0700 tv=0.4292 conf=0.9962 grad_norm=4.5641 tensors_with_grad=69/72
[train] step 65: T=539 positions=16 loss=0.2938 ce=1.1462 tv=0.1991 conf=0.5511 grad_norm=3.0708 tensors_with_grad=69/72
[train] step 66: T=650 positions=16 loss=0.2093 ce=0.9257 tv=0.1297 conf=0.8958 grad_norm=2.4159 tensors_with_grad=69/72
[train] step 67: T=550 positions=16 loss=0.4340 ce=1.3533 tv=0.3318 conf=1.1481 grad_norm=5.8821 tensors_with_grad=69/72
[train] step 68: T=676 positions=16 loss=0.5366 ce=1.9953 tv=0.3745 conf=1.6821 grad_norm=5.5970 tensors_with_grad=69/72
[train] step 69: T=676 positions=16 loss=0.5892 ce=2.3465 tv=0.3939 conf=1.1481 grad_norm=2.8963 tensors_with_grad=69/72
[train] step 70: T=530 positions=16 loss=0.7501 ce=3.0544 tv=0.4941 conf=0.6431 grad_norm=4.3728 tensors_with_grad=69/72
[train] step 71: T=576 positions=16 loss=0.7917 ce=3.0753 tv=0.5379 conf=1.3980 grad_norm=3.6657 tensors_with_grad=69/72
[train] step 72: T=598 positions=16 loss=0.4367 ce=1.5759 tv=0.3101 conf=1.4551 grad_norm=6.7214 tensors_with_grad=69/72
[train] step 73: T=531 positions=16 loss=0.3143 ce=1.0034 tv=0.2378 conf=1.1075 grad_norm=2.9624 tensors_with_grad=69/72
[train] step 74: T=1060 positions=16 loss=0.7695 ce=3.5194 tv=0.4640 conf=1.2158 grad_norm=4.3725 tensors_with_grad=69/72
[train] step 75: T=563 positions=16 loss=0.5086 ce=1.8252 tv=0.3623 conf=1.1620 grad_norm=3.0935 tensors_with_grad=69/72
[train] step 76: T=644 positions=16 loss=0.1535 ce=0.4957 tv=0.1155 conf=0.5237 grad_norm=1.1834 tensors_with_grad=69/72
[train] step 77: T=621 positions=16 loss=0.2427 ce=0.8946 tv=0.1702 conf=0.7904 grad_norm=3.7853 tensors_with_grad=69/72
[train] step 78: T=641 positions=16 loss=0.3961 ce=1.5420 tv=0.2688 conf=1.6521 grad_norm=2.4558 tensors_with_grad=69/72
[train] step 79: T=528 positions=16 loss=0.2016 ce=0.9806 tv=0.1150 conf=0.5670 grad_norm=1.5593 tensors_with_grad=69/72
[train] step 80: T=602 positions=16 loss=0.5623 ce=1.9866 tv=0.4040 conf=1.0563 grad_norm=2.0885 tensors_with_grad=69/72
[train] step 81: T=538 positions=16 loss=0.6099 ce=2.8191 tv=0.3644 conf=1.0283 grad_norm=3.8840 tensors_with_grad=69/72
[train] step 82: T=538 positions=16 loss=0.1048 ce=0.2975 tv=0.0834 conf=0.3463 grad_norm=1.6080 tensors_with_grad=69/72
[train] step 83: T=542 positions=16 loss=0.2378 ce=0.5848 tv=0.1992 conf=0.7904 grad_norm=2.3005 tensors_with_grad=69/72
[train] step 84: T=673 positions=16 loss=0.6886 ce=2.6656 tv=0.4689 conf=1.0976 grad_norm=3.0141 tensors_with_grad=69/72
[train] step 85: T=597 positions=16 loss=0.5670 ce=2.4508 tv=0.3577 conf=1.1240 grad_norm=3.8572 tensors_with_grad=69/72
[train] step 86: T=537 positions=16 loss=0.2840 ce=0.8650 tv=0.2195 conf=0.4001 grad_norm=2.6891 tensors_with_grad=69/72
[train] step 87: T=533 positions=16 loss=0.1208 ce=0.3769 tv=0.0924 conf=0.3853 grad_norm=1.6776 tensors_with_grad=69/72
[train] step 88: T=674 positions=16 loss=0.5744 ce=2.2199 tv=0.3916 conf=1.0196 grad_norm=4.5386 tensors_with_grad=69/72
[train] step 89: T=550 positions=16 loss=0.1038 ce=0.3039 tv=0.0815 conf=0.3807 grad_norm=1.0243 tensors_with_grad=69/72
[train] step 90: T=621 positions=16 loss=0.3593 ce=1.3487 tv=0.2493 conf=0.7624 grad_norm=1.6221 tensors_with_grad=69/72
[train] step 91: T=535 positions=16 loss=0.5978 ce=2.0091 tv=0.4410 conf=1.1075 grad_norm=2.0733 tensors_with_grad=69/72
[train] step 92: T=526 positions=16 loss=0.4908 ce=2.3737 tv=0.2816 conf=0.7092 grad_norm=4.2284 tensors_with_grad=69/72
[train] step 93: T=987 positions=16 loss=0.6820 ce=2.8862 tv=0.4371 conf=0.9075 grad_norm=2.1978 tensors_with_grad=69/72
[train] step 94: T=673 positions=16 loss=0.7740 ce=2.7109 tv=0.5588 conf=1.2261 grad_norm=3.3468 tensors_with_grad=69/72
[train] step 95: T=532 positions=16 loss=0.5493 ce=2.4675 tv=0.3362 conf=0.9249 grad_norm=3.5719 tensors_with_grad=69/72
[train] step 96: T=675 positions=16 loss=0.6475 ce=2.7126 tv=0.4180 conf=0.8660 grad_norm=3.8983 tensors_with_grad=69/72
[train] step 97: T=553 positions=16 loss=0.5060 ce=2.1053 tv=0.3283 conf=0.9259 grad_norm=4.5769 tensors_with_grad=69/72
[train] step 98: T=673 positions=16 loss=0.7074 ce=3.2739 tv=0.4222 conf=0.8220 grad_norm=5.0716 tensors_with_grad=69/72
[train] step 99: T=526 positions=16 loss=0.4128 ce=1.2898 tv=0.3153 conf=0.5118 grad_norm=2.7460 tensors_with_grad=69/72
[train] step 100: T=533 positions=16 loss=0.3879 ce=1.4804 tv=0.2665 conf=0.4173 grad_norm=4.6861 tensors_with_grad=69/72
[train] step 101: T=1795 positions=16 loss=0.8567 ce=4.0200 tv=0.5052 conf=1.3266 grad_norm=2.0004 tensors_with_grad=69/72
[train] step 102: T=536 positions=16 loss=0.2752 ce=0.8523 tv=0.2111 conf=0.6608 grad_norm=2.5945 tensors_with_grad=69/72
[train] step 103: T=676 positions=16 loss=0.6788 ce=2.6298 tv=0.4621 conf=1.1281 grad_norm=5.1184 tensors_with_grad=69/72
[train] step 104: T=586 positions=16 loss=0.2606 ce=0.9453 tv=0.1846 conf=0.8806 grad_norm=2.7586 tensors_with_grad=69/72
[train] step 105: T=553 positions=16 loss=0.5498 ce=1.9984 tv=0.3889 conf=0.7031 grad_norm=4.4824 tensors_with_grad=69/72
[train] step 106: T=614 positions=16 loss=0.2324 ce=0.8120 tv=0.1680 conf=0.5123 grad_norm=3.3901 tensors_with_grad=69/72
[train] step 107: T=530 positions=16 loss=0.3437 ce=1.2098 tv=0.2475 conf=1.5054 grad_norm=2.2469 tensors_with_grad=69/72
[train] step 108: T=597 positions=16 loss=0.1412 ce=0.3638 tv=0.1164 conf=0.5375 grad_norm=1.0234 tensors_with_grad=69/72
[train] step 109: T=628 positions=16 loss=0.3852 ce=1.3624 tv=0.2766 conf=1.2300 grad_norm=3.4167 tensors_with_grad=69/72
[train] step 110: T=672 positions=16 loss=0.8586 ce=3.4209 tv=0.5739 conf=0.9606 grad_norm=3.1486 tensors_with_grad=69/72
[train] step 111: T=672 positions=16 loss=0.8608 ce=3.5165 tv=0.5657 conf=1.1719 grad_norm=2.2771 tensors_with_grad=69/72
[train] step 112: T=593 positions=16 loss=0.1608 ce=0.4952 tv=0.1236 conf=0.6455 grad_norm=1.0191 tensors_with_grad=69/72
[train] step 113: T=576 positions=16 loss=0.6391 ce=2.4257 tv=0.4406 conf=1.4300 grad_norm=3.1937 tensors_with_grad=69/72
[train] step 114: T=669 positions=16 loss=0.2225 ce=0.8018 tv=0.1581 conf=1.4099 grad_norm=3.3449 tensors_with_grad=69/72
[train] step 115: T=530 positions=16 loss=0.8201 ce=2.9669 tv=0.5815 conf=1.6837 grad_norm=2.5601 tensors_with_grad=69/72
[train] step 116: T=678 positions=16 loss=0.4749 ce=1.6356 tv=0.3459 conf=1.4847 grad_norm=3.3446 tensors_with_grad=69/72
[train] step 117: T=675 positions=16 loss=0.4743 ce=1.7985 tv=0.3271 conf=0.7106 grad_norm=2.7758 tensors_with_grad=69/72
[train] step 118: T=537 positions=16 loss=0.3127 ce=1.3203 tv=0.2008 conf=0.4387 grad_norm=2.6632 tensors_with_grad=69/72
[train] step 119: T=577 positions=16 loss=0.4278 ce=1.4334 tv=0.3161 conf=0.9436 grad_norm=2.9546 tensors_with_grad=69/72
[train] step 120: T=613 positions=16 loss=0.2602 ce=0.8802 tv=0.1913 conf=0.5014 grad_norm=1.7600 tensors_with_grad=69/72
[train] step 121: T=548 positions=16 loss=0.2949 ce=1.1140 tv=0.2039 conf=0.5663 grad_norm=2.8965 tensors_with_grad=69/72
[train] step 122: T=526 positions=16 loss=0.7826 ce=2.7142 tv=0.5680 conf=1.5656 grad_norm=3.1160 tensors_with_grad=69/72
[train] step 123: T=607 positions=16 loss=0.1462 ce=0.6023 tv=0.0955 conf=0.5429 grad_norm=3.0984 tensors_with_grad=69/72
[train] step 124: T=674 positions=16 loss=0.3914 ce=1.6749 tv=0.2488 conf=0.9778 grad_norm=4.1407 tensors_with_grad=69/72
[train] step 125: T=1001 positions=16 loss=0.7203 ce=2.9727 tv=0.4701 conf=2.2068 grad_norm=2.5005 tensors_with_grad=69/72
[train] step 126: T=537 positions=16 loss=0.5190 ce=2.3653 tv=0.3138 conf=0.4453 grad_norm=2.0804 tensors_with_grad=69/72
[train] step 127: T=534 positions=16 loss=0.1006 ce=0.2258 tv=0.0867 conf=0.1572 grad_norm=1.3016 tensors_with_grad=69/72
[train] step 128: T=542 positions=16 loss=0.3681 ce=1.0821 tv=0.2887 conf=0.9328 grad_norm=5.3152 tensors_with_grad=69/72
[train] step 129: T=676 positions=16 loss=0.8160 ce=2.8176 tv=0.5936 conf=1.3384 grad_norm=4.2545 tensors_with_grad=69/72
[train] step 130: T=536 positions=16 loss=0.2853 ce=1.1617 tv=0.1879 conf=0.6918 grad_norm=2.7596 tensors_with_grad=69/72
[train] step 131: T=524 positions=16 loss=0.7027 ce=2.8548 tv=0.4636 conf=0.9986 grad_norm=2.7744 tensors_with_grad=69/72
[train] step 132: T=563 positions=16 loss=0.3855 ce=1.5338 tv=0.2579 conf=0.8670 grad_norm=3.0963 tensors_with_grad=69/72
[train] step 133: T=617 positions=16 loss=0.3863 ce=1.3426 tv=0.2801 conf=1.1812 grad_norm=3.5236 tensors_with_grad=69/72
[train] step 134: T=537 positions=16 loss=0.3450 ce=1.0008 tv=0.2722 conf=1.2476 grad_norm=3.4551 tensors_with_grad=69/72
[train] step 135: T=621 positions=16 loss=0.3383 ce=1.0096 tv=0.2637 conf=1.4299 grad_norm=2.6983 tensors_with_grad=69/72
[train] step 136: T=672 positions=16 loss=0.6142 ce=2.2619 tv=0.4311 conf=1.5908 grad_norm=2.2107 tensors_with_grad=69/72
[train] step 137: T=631 positions=16 loss=0.2135 ce=0.5383 tv=0.1775 conf=1.1141 grad_norm=2.7533 tensors_with_grad=69/72
[train] step 138: T=528 positions=16 loss=0.3696 ce=1.5237 tv=0.2413 conf=1.0804 grad_norm=2.5196 tensors_with_grad=69/72
[train] step 139: T=1043 positions=16 loss=0.7933 ce=3.5310 tv=0.4892 conf=1.5917 grad_norm=3.0533 tensors_with_grad=69/72
[train] step 140: T=584 positions=16 loss=0.2972 ce=1.2173 tv=0.1949 conf=1.0309 grad_norm=2.3021 tensors_with_grad=69/72
[train] step 141: T=656 positions=16 loss=0.5790 ce=2.0612 tv=0.4143 conf=1.4532 grad_norm=2.8297 tensors_with_grad=69/72
[train] step 142: T=673 positions=16 loss=0.6273 ce=2.3766 tv=0.4329 conf=1.0387 grad_norm=2.7216 tensors_with_grad=69/72
[train] step 143: T=532 positions=16 loss=0.2395 ce=1.0235 tv=0.1524 conf=0.7230 grad_norm=1.8515 tensors_with_grad=69/72
[train] step 144: T=629 positions=16 loss=0.2788 ce=1.1430 tv=0.1827 conf=0.9102 grad_norm=2.0464 tensors_with_grad=69/72
[train] step 145: T=546 positions=16 loss=0.6101 ce=2.3493 tv=0.4168 conf=0.5317 grad_norm=2.9138 tensors_with_grad=69/72
[train] step 146: T=576 positions=16 loss=0.4902 ce=1.9190 tv=0.3314 conf=1.1117 grad_norm=3.5495 tensors_with_grad=69/72
[train] step 147: T=607 positions=16 loss=0.2981 ce=1.0116 tv=0.2188 conf=0.9261 grad_norm=10.5147 tensors_with_grad=69/72
[train] step 148: T=582 positions=16 loss=0.5946 ce=2.1883 tv=0.4175 conf=0.9468 grad_norm=3.2819 tensors_with_grad=69/72
[train] step 149: T=919 positions=16 loss=0.6823 ce=2.7245 tv=0.4554 conf=0.6633 grad_norm=2.8826 tensors_with_grad=69/72
[train] step 150: T=531 positions=16 loss=0.2424 ce=0.9935 tv=0.1590 conf=0.5256 grad_norm=5.2960 tensors_with_grad=69/72
[train] step 151: T=650 positions=16 loss=0.2605 ce=0.7554 tv=0.2055 conf=0.6329 grad_norm=7.9558 tensors_with_grad=69/72
[train] step 152: T=1101 positions=16 loss=0.7656 ce=3.2828 tv=0.4859 conf=0.9117 grad_norm=2.5028 tensors_with_grad=69/72
[train] step 153: T=618 positions=16 loss=0.3704 ce=1.1952 tv=0.2788 conf=0.8837 grad_norm=4.5347 tensors_with_grad=69/72
[train] step 154: T=1573 positions=16 loss=0.7051 ce=3.1385 tv=0.4348 conf=1.1919 grad_norm=3.9447 tensors_with_grad=69/72
[train] step 155: T=675 positions=16 loss=0.4309 ce=1.6937 tv=0.2906 conf=0.9695 grad_norm=3.0563 tensors_with_grad=69/72
[train] step 156: T=677 positions=16 loss=0.2785 ce=0.9425 tv=0.2048 conf=0.5795 grad_norm=1.9520 tensors_with_grad=69/72
[train] step 157: T=678 positions=16 loss=0.7609 ce=3.0814 tv=0.5031 conf=0.9020 grad_norm=5.1422 tensors_with_grad=69/72
[train] step 158: T=618 positions=16 loss=0.1490 ce=0.2094 tv=0.1423 conf=0.6409 grad_norm=2.9523 tensors_with_grad=69/72
[train] step 159: T=540 positions=16 loss=0.2291 ce=0.7923 tv=0.1666 conf=0.3182 grad_norm=1.8139 tensors_with_grad=69/72
[train] step 160: T=537 positions=16 loss=0.2287 ce=0.7564 tv=0.1701 conf=0.3952 grad_norm=2.9593 tensors_with_grad=69/72
[train] step 161: T=637 positions=16 loss=0.1939 ce=0.6254 tv=0.1459 conf=0.5091 grad_norm=2.5708 tensors_with_grad=69/72
[train] step 162: T=675 positions=16 loss=0.4058 ce=1.3901 tv=0.2964 conf=0.7909 grad_norm=2.6595 tensors_with_grad=69/72
[train] step 163: T=670 positions=16 loss=0.5267 ce=2.1651 tv=0.3446 conf=1.2232 grad_norm=7.0588 tensors_with_grad=69/72
[train] step 164: T=529 positions=16 loss=0.4703 ce=1.5261 tv=0.3530 conf=1.0504 grad_norm=3.6654 tensors_with_grad=69/72
[train] step 165: T=615 positions=16 loss=0.3476 ce=1.2164 tv=0.2511 conf=0.9547 grad_norm=4.1048 tensors_with_grad=69/72
[train] step 166: T=529 positions=16 loss=0.7884 ce=2.9616 tv=0.5469 conf=1.4357 grad_norm=5.4923 tensors_with_grad=69/72
[train] step 167: T=889 positions=16 loss=0.4433 ce=1.7210 tv=0.3013 conf=1.0973 grad_norm=2.8111 tensors_with_grad=69/72
[train] step 168: T=676 positions=16 loss=0.5133 ce=1.8507 tv=0.3647 conf=1.2922 grad_norm=2.3647 tensors_with_grad=69/72
[train] step 169: T=545 positions=16 loss=0.1645 ce=0.6609 tv=0.1093 conf=0.6243 grad_norm=1.0272 tensors_with_grad=69/72
[train] step 170: T=669 positions=16 loss=0.5146 ce=1.7763 tv=0.3744 conf=1.2047 grad_norm=2.2966 tensors_with_grad=69/72
[train] step 171: T=672 positions=16 loss=0.3109 ce=1.0384 tv=0.2301 conf=1.3507 grad_norm=4.7278 tensors_with_grad=69/72
[train] step 172: T=546 positions=16 loss=0.3993 ce=1.0578 tv=0.3261 conf=0.7469 grad_norm=3.4681 tensors_with_grad=69/72
[train] step 173: T=532 positions=16 loss=0.4764 ce=1.8625 tv=0.3224 conf=0.3528 grad_norm=4.6464 tensors_with_grad=69/72
[train] step 174: T=1190 positions=16 loss=0.7122 ce=3.1226 tv=0.4444 conf=2.0162 grad_norm=2.9830 tensors_with_grad=69/72
[train] step 175: T=611 positions=16 loss=0.3934 ce=1.1689 tv=0.3072 conf=1.0676 grad_norm=3.6881 tensors_with_grad=69/72
[train] step 176: T=526 positions=16 loss=0.2040 ce=0.6814 tv=0.1509 conf=0.8217 grad_norm=2.4223 tensors_with_grad=69/72
[train] step 177: T=673 positions=16 loss=0.9019 ce=3.6070 tv=0.6013 conf=1.9764 grad_norm=2.9934 tensors_with_grad=69/72
[train] step 178: T=539 positions=16 loss=0.2011 ce=0.5883 tv=0.1581 conf=0.4891 grad_norm=3.0273 tensors_with_grad=69/72
[train] step 179: T=526 positions=16 loss=0.4841 ce=2.3682 tv=0.2747 conf=1.5913 grad_norm=2.4243 tensors_with_grad=69/72
[train] step 180: T=675 positions=16 loss=0.3743 ce=1.2161 tv=0.2807 conf=1.9156 grad_norm=2.6974 tensors_with_grad=69/72
[train] step 181: T=552 positions=16 loss=0.3650 ce=2.1605 tv=0.1655 conf=0.4277 grad_norm=1.1365 tensors_with_grad=69/72
[train] step 182: T=616 positions=16 loss=0.5953 ce=2.0928 tv=0.4289 conf=1.8003 grad_norm=2.8414 tensors_with_grad=69/72
[train] step 183: T=528 positions=16 loss=0.7141 ce=2.6953 tv=0.4939 conf=1.2310 grad_norm=3.8938 tensors_with_grad=69/72
[train] step 184: T=525 positions=16 loss=0.8988 ce=3.7033 tv=0.5872 conf=2.0074 grad_norm=2.2905 tensors_with_grad=69/72
[train] step 185: T=675 positions=16 loss=0.5680 ce=2.1632 tv=0.3908 conf=1.1908 grad_norm=3.4587 tensors_with_grad=69/72
[train] step 186: T=611 positions=16 loss=0.4043 ce=1.6377 tv=0.2673 conf=1.0511 grad_norm=3.2891 tensors_with_grad=69/72
[train] step 187: T=594 positions=16 loss=0.7849 ce=3.4595 tv=0.4877 conf=1.0132 grad_norm=5.4717 tensors_with_grad=69/72
[train] step 188: T=654 positions=16 loss=0.5539 ce=2.1582 tv=0.3757 conf=1.4058 grad_norm=4.7286 tensors_with_grad=69/72
[train] step 189: T=539 positions=16 loss=0.1822 ce=0.7066 tv=0.1239 conf=0.3676 grad_norm=2.5603 tensors_with_grad=69/72
[train] step 190: T=529 positions=16 loss=0.4973 ce=2.2685 tv=0.3005 conf=1.4632 grad_norm=3.3906 tensors_with_grad=69/72
[train] step 191: T=631 positions=16 loss=0.5772 ce=2.9402 tv=0.3147 conf=1.2818 grad_norm=4.2546 tensors_with_grad=69/72
[train] step 192: T=533 positions=16 loss=0.4463 ce=1.9264 tv=0.2818 conf=0.6202 grad_norm=2.1162 tensors_with_grad=69/72
[train] step 193: T=537 positions=16 loss=0.2666 ce=1.1054 tv=0.1734 conf=0.4580 grad_norm=2.9414 tensors_with_grad=69/72
[train] step 194: T=525 positions=16 loss=0.9140 ce=3.5455 tv=0.6216 conf=1.9844 grad_norm=4.1778 tensors_with_grad=69/72
[train] step 195: T=851 positions=16 loss=0.5698 ce=2.1013 tv=0.3997 conf=1.7278 grad_norm=8.1593 tensors_with_grad=69/72
[train] step 196: T=551 positions=16 loss=0.4286 ce=1.4957 tv=0.3100 conf=1.4610 grad_norm=2.1795 tensors_with_grad=69/72
[train] step 197: T=897 positions=16 loss=0.7494 ce=3.5509 tv=0.4382 conf=1.8730 grad_norm=5.6629 tensors_with_grad=69/72
[train] step 198: T=603 positions=16 loss=0.1100 ce=0.2557 tv=0.0938 conf=0.7258 grad_norm=1.5877 tensors_with_grad=69/72
[train] step 199: T=578 positions=16 loss=0.8296 ce=3.7761 tv=0.5023 conf=1.6998 grad_norm=3.3529 tensors_with_grad=69/72
[train] step 200: T=532 positions=16 loss=0.3107 ce=1.0787 tv=0.2253 conf=1.6312 grad_norm=3.5794 tensors_with_grad=69/72
[train] step 201: T=675 positions=16 loss=0.3447 ce=1.1664 tv=0.2534 conf=1.7072 grad_norm=2.5194 tensors_with_grad=69/72
[train] step 202: T=536 positions=16 loss=0.2530 ce=1.0562 tv=0.1638 conf=0.3942 grad_norm=3.5872 tensors_with_grad=69/72
[train] step 203: T=526 positions=16 loss=0.5867 ce=2.0783 tv=0.4209 conf=1.7605 grad_norm=2.8666 tensors_with_grad=69/72
[train] step 204: T=530 positions=16 loss=0.4272 ce=1.4173 tv=0.3172 conf=2.6020 grad_norm=4.6816 tensors_with_grad=69/72
[train] step 205: T=527 positions=16 loss=0.8803 ce=3.8265 tv=0.5530 conf=1.4651 grad_norm=3.6816 tensors_with_grad=69/72
[train] step 206: T=535 positions=16 loss=0.1310 ce=0.3796 tv=0.1033 conf=0.3149 grad_norm=2.7149 tensors_with_grad=69/72
[train] step 207: T=531 positions=16 loss=0.6314 ce=2.2990 tv=0.4462 conf=2.0142 grad_norm=3.5846 tensors_with_grad=69/72
[train] step 208: T=536 positions=16 loss=0.2094 ce=0.6928 tv=0.1557 conf=0.2482 grad_norm=4.7674 tensors_with_grad=69/72
[train] step 209: T=585 positions=16 loss=0.3355 ce=1.1042 tv=0.2501 conf=1.6681 grad_norm=4.6846 tensors_with_grad=69/72
[train] step 210: T=524 positions=16 loss=0.7125 ce=2.3969 tv=0.5253 conf=1.6037 grad_norm=2.2433 tensors_with_grad=69/72
[train] step 211: T=562 positions=16 loss=0.3025 ce=0.9162 tv=0.2343 conf=2.8220 grad_norm=3.9272 tensors_with_grad=69/72
[train] step 212: T=1482 positions=16 loss=0.7918 ce=3.6443 tv=0.4749 conf=3.1510 grad_norm=2.8760 tensors_with_grad=69/72
[train] step 213: T=669 positions=16 loss=0.5275 ce=1.6101 tv=0.4072 conf=1.3091 grad_norm=2.6326 tensors_with_grad=69/72
[train] step 214: T=591 positions=16 loss=0.2095 ce=0.5661 tv=0.1698 conf=1.4202 grad_norm=4.6899 tensors_with_grad=69/72
[train] step 215: T=524 positions=16 loss=0.6738 ce=2.4999 tv=0.4709 conf=3.0895 grad_norm=3.9289 tensors_with_grad=69/72
[train] step 216: T=532 positions=16 loss=0.3711 ce=1.1854 tv=0.2806 conf=1.7178 grad_norm=2.4891 tensors_with_grad=69/72
[train] step 217: T=672 positions=16 loss=0.6007 ce=2.3015 tv=0.4117 conf=1.6521 grad_norm=2.4347 tensors_with_grad=69/72
[train] step 218: T=534 positions=16 loss=0.5030 ce=1.6243 tv=0.3784 conf=3.0826 grad_norm=3.6536 tensors_with_grad=69/72
[train] step 219: T=1014 positions=16 loss=0.6978 ce=2.7779 tv=0.4667 conf=2.7562 grad_norm=2.4439 tensors_with_grad=69/72
[train] step 220: T=675 positions=16 loss=0.4146 ce=1.6671 tv=0.2754 conf=1.9242 grad_norm=2.5107 tensors_with_grad=69/72
[train] step 221: T=647 positions=16 loss=0.6023 ce=2.0850 tv=0.4375 conf=2.5018 grad_norm=5.6472 tensors_with_grad=69/72
[train] step 222: T=596 positions=16 loss=0.2323 ce=0.7311 tv=0.1768 conf=1.3813 grad_norm=2.9238 tensors_with_grad=69/72
[train] step 223: T=674 positions=16 loss=0.7009 ce=2.7296 tv=0.4755 conf=1.8096 grad_norm=3.4211 tensors_with_grad=69/72
[train] step 224: T=858 positions=16 loss=0.4206 ce=1.4992 tv=0.3007 conf=1.0229 grad_norm=2.5703 tensors_with_grad=69/72
[train] step 225: T=597 positions=16 loss=0.4157 ce=1.4281 tv=0.3032 conf=0.8101 grad_norm=4.5666 tensors_with_grad=69/72
[train] step 226: T=604 positions=16 loss=0.3891 ce=1.3819 tv=0.2788 conf=1.4356 grad_norm=4.2778 tensors_with_grad=69/72
[train] step 227: T=589 positions=16 loss=0.1485 ce=0.3252 tv=0.1289 conf=0.5577 grad_norm=2.5985 tensors_with_grad=69/72
[train] step 228: T=623 positions=16 loss=0.2704 ce=0.9209 tv=0.1981 conf=2.3710 grad_norm=6.4642 tensors_with_grad=69/72
[train] step 229: T=884 positions=16 loss=0.7690 ce=3.5475 tv=0.4603 conf=0.8093 grad_norm=4.0393 tensors_with_grad=69/72
[train] step 230: T=673 positions=16 loss=0.5415 ce=2.1150 tv=0.3667 conf=1.2562 grad_norm=4.0559 tensors_with_grad=69/72
[train] step 231: T=540 positions=16 loss=0.1302 ce=0.4155 tv=0.0985 conf=0.3071 grad_norm=2.7538 tensors_with_grad=69/72
[train] step 232: T=1324 positions=16 loss=0.8388 ce=4.1469 tv=0.4712 conf=0.9061 grad_norm=2.8926 tensors_with_grad=69/72
[train] step 233: T=677 positions=16 loss=0.5866 ce=2.3077 tv=0.3954 conf=1.4141 grad_norm=1.7793 tensors_with_grad=69/72
[train] step 234: T=615 positions=16 loss=0.6031 ce=2.1329 tv=0.4331 conf=2.0405 grad_norm=2.9116 tensors_with_grad=69/72
[train] step 235: T=1500 positions=16 loss=0.7157 ce=3.2058 tv=0.4390 conf=0.8465 grad_norm=3.1778 tensors_with_grad=69/72
[train] step 236: T=672 positions=16 loss=0.8551 ce=3.3181 tv=0.5815 conf=1.7379 grad_norm=1.8909 tensors_with_grad=69/72
[train] step 237: T=561 positions=16 loss=0.2746 ce=1.0146 tv=0.1924 conf=0.7923 grad_norm=2.9633 tensors_with_grad=69/72
[train] step 238: T=610 positions=16 loss=0.4959 ce=1.6865 tv=0.3636 conf=0.6529 grad_norm=2.1623 tensors_with_grad=69/72
[train] step 239: T=535 positions=16 loss=0.3960 ce=1.7837 tv=0.2419 conf=0.5448 grad_norm=3.7159 tensors_with_grad=69/72
[train] step 240: T=587 positions=16 loss=0.2117 ce=0.6356 tv=0.1646 conf=0.7543 grad_norm=2.6090 tensors_with_grad=69/72
[train] step 241: T=633 positions=16 loss=0.1215 ce=0.2297 tv=0.1095 conf=0.5850 grad_norm=2.1879 tensors_with_grad=69/72
[train] step 242: T=677 positions=16 loss=0.3743 ce=1.4928 tv=0.2500 conf=1.2153 grad_norm=3.8951 tensors_with_grad=69/72
[train] step 243: T=598 positions=16 loss=0.2631 ce=0.6163 tv=0.2238 conf=1.1543 grad_norm=2.8140 tensors_with_grad=69/72
[train] step 244: T=654 positions=16 loss=0.6780 ce=2.4314 tv=0.4832 conf=1.3529 grad_norm=3.9238 tensors_with_grad=69/72
[train] step 245: T=546 positions=16 loss=0.2054 ce=1.1569 tv=0.0997 conf=0.6005 grad_norm=1.3378 tensors_with_grad=69/72
[train] step 246: T=617 positions=16 loss=0.3263 ce=0.9264 tv=0.2596 conf=1.1828 grad_norm=5.6744 tensors_with_grad=69/72
[train] step 247: T=537 positions=16 loss=0.1003 ce=0.2204 tv=0.0870 conf=0.3133 grad_norm=0.5454 tensors_with_grad=69/72
[train] step 248: T=649 positions=16 loss=0.6479 ce=2.3384 tv=0.4601 conf=1.2898 grad_norm=4.5552 tensors_with_grad=69/72
[train] step 249: T=676 positions=16 loss=0.5007 ce=1.8210 tv=0.3540 conf=1.1462 grad_norm=4.1304 tensors_with_grad=69/72
[train] step 250: T=672 positions=16 loss=0.7313 ce=2.6004 tv=0.5237 conf=1.7386 grad_norm=1.9436 tensors_with_grad=69/72
[train] step 251: T=665 positions=16 loss=0.2435 ce=0.8211 tv=0.1793 conf=0.6859 grad_norm=2.6626 tensors_with_grad=69/72
[train] step 252: T=542 positions=16 loss=0.2167 ce=0.8995 tv=0.1408 conf=0.7332 grad_norm=2.7407 tensors_with_grad=69/72
[train] step 253: T=526 positions=16 loss=0.6375 ce=2.4268 tv=0.4387 conf=0.9866 grad_norm=3.6339 tensors_with_grad=69/72
[train] step 254: T=570 positions=16 loss=0.1988 ce=0.7197 tv=0.1409 conf=0.7776 grad_norm=2.2380 tensors_with_grad=69/72
[train] step 255: T=673 positions=16 loss=0.2658 ce=1.0022 tv=0.1839 conf=1.0139 grad_norm=2.3736 tensors_with_grad=69/72
[train] step 256: T=1148 positions=16 loss=0.7179 ce=3.1911 tv=0.4431 conf=0.7930 grad_norm=2.9333 tensors_with_grad=69/72
[train] step 257: T=675 positions=16 loss=0.4542 ce=1.5635 tv=0.3309 conf=0.7790 grad_norm=5.1625 tensors_with_grad=69/72
[train] step 258: T=609 positions=16 loss=0.3070 ce=0.9596 tv=0.2345 conf=1.1368 grad_norm=2.6059 tensors_with_grad=69/72
[train] step 259: T=528 positions=16 loss=0.5658 ce=2.2004 tv=0.3841 conf=0.7106 grad_norm=4.5878 tensors_with_grad=69/72
[train] step 260: T=547 positions=16 loss=0.3265 ce=0.9653 tv=0.2555 conf=0.6232 grad_norm=3.6112 tensors_with_grad=69/72
[train] step 261: T=529 positions=16 loss=0.2654 ce=0.9728 tv=0.1868 conf=0.5801 grad_norm=4.7698 tensors_with_grad=69/72
[train] step 262: T=550 positions=16 loss=0.4663 ce=1.6521 tv=0.3346 conf=0.5521 grad_norm=3.6751 tensors_with_grad=69/72
[train] step 263: T=639 positions=16 loss=0.5107 ce=1.7850 tv=0.3691 conf=1.1381 grad_norm=5.1098 tensors_with_grad=69/72
[train] step 264: T=615 positions=16 loss=0.3129 ce=1.2084 tv=0.2134 conf=1.6350 grad_norm=2.7808 tensors_with_grad=69/72
[train] step 265: T=536 positions=16 loss=0.0655 ce=0.1795 tv=0.0529 conf=0.1544 grad_norm=0.6734 tensors_with_grad=69/72
[train] step 266: T=534 positions=16 loss=0.2336 ce=0.9109 tv=0.1583 conf=0.2948 grad_norm=1.0121 tensors_with_grad=69/72
[train] step 267: T=538 positions=16 loss=0.7927 ce=2.8917 tv=0.5595 conf=1.2619 grad_norm=2.7797 tensors_with_grad=69/72
[train] step 268: T=525 positions=16 loss=0.4419 ce=1.6088 tv=0.3122 conf=1.1838 grad_norm=2.4238 tensors_with_grad=69/72
[train] step 269: T=671 positions=16 loss=0.9092 ce=3.6642 tv=0.6031 conf=1.4688 grad_norm=3.5472 tensors_with_grad=69/72
[train] step 270: T=536 positions=16 loss=0.3131 ce=1.2266 tv=0.2116 conf=0.4880 grad_norm=3.2285 tensors_with_grad=69/72
[train] step 271: T=532 positions=16 loss=0.2952 ce=0.8016 tv=0.2390 conf=1.1122 grad_norm=4.3090 tensors_with_grad=69/72
[train] step 272: T=553 positions=16 loss=0.3197 ce=1.2534 tv=0.2160 conf=0.5655 grad_norm=1.5235 tensors_with_grad=69/72
[train] step 273: T=673 positions=16 loss=0.8547 ce=3.7081 tv=0.5376 conf=1.0702 grad_norm=3.7288 tensors_with_grad=69/72
[train] step 274: T=1324 positions=16 loss=0.9515 ce=4.7747 tv=0.5267 conf=1.5334 grad_norm=2.4323 tensors_with_grad=69/72
[train] step 275: T=642 positions=16 loss=0.4030 ce=1.3769 tv=0.2948 conf=2.1492 grad_norm=5.1166 tensors_with_grad=69/72
[train] step 276: T=548 positions=16 loss=0.2451 ce=1.1461 tv=0.1450 conf=1.0013 grad_norm=1.7783 tensors_with_grad=69/72
[train] step 277: T=642 positions=16 loss=0.6403 ce=2.2404 tv=0.4625 conf=1.4557 grad_norm=4.9575 tensors_with_grad=69/72
[train] step 278: T=528 positions=16 loss=0.6869 ce=2.3525 tv=0.5018 conf=1.5842 grad_norm=2.8927 tensors_with_grad=69/72
[train] step 279: T=537 positions=16 loss=0.2438 ce=0.8741 tv=0.1738 conf=0.8165 grad_norm=2.3152 tensors_with_grad=69/72
[train] step 280: T=672 positions=16 loss=0.4487 ce=1.6167 tv=0.3189 conf=1.0738 grad_norm=2.8250 tensors_with_grad=69/72
[train] step 281: T=526 positions=16 loss=0.3229 ce=1.2120 tv=0.2241 conf=0.5724 grad_norm=3.2638 tensors_with_grad=69/72
[train] step 282: T=538 positions=16 loss=0.5207 ce=1.6649 tv=0.3936 conf=2.2627 grad_norm=2.2692 tensors_with_grad=69/72
[train] step 283: T=527 positions=16 loss=0.4477 ce=1.4828 tv=0.3327 conf=2.1600 grad_norm=4.6709 tensors_with_grad=69/72
[train] step 284: T=526 positions=16 loss=0.2853 ce=1.1280 tv=0.1916 conf=0.9575 grad_norm=3.0255 tensors_with_grad=69/72
[train] step 285: T=529 positions=16 loss=0.2403 ce=0.7459 tv=0.1841 conf=0.9979 grad_norm=2.7837 tensors_with_grad=69/72
[train] step 286: T=968 positions=16 loss=0.7462 ce=3.1359 tv=0.4806 conf=2.7380 grad_norm=2.9608 tensors_with_grad=69/72
[train] step 287: T=1360 positions=16 loss=0.9615 ce=4.6302 tv=0.5538 conf=1.7467 grad_norm=3.5142 tensors_with_grad=69/72
[train] step 288: T=672 positions=16 loss=0.8124 ce=3.1252 tv=0.5554 conf=2.0909 grad_norm=1.8178 tensors_with_grad=69/72
[train] step 289: T=582 positions=16 loss=0.6650 ce=2.7724 tv=0.4308 conf=1.4348 grad_norm=3.0601 tensors_with_grad=69/72
[train] step 290: T=613 positions=16 loss=0.4540 ce=1.4100 tv=0.3478 conf=1.6277 grad_norm=4.3787 tensors_with_grad=69/72
[train] step 291: T=646 positions=16 loss=0.6586 ce=2.2458 tv=0.4822 conf=1.8091 grad_norm=2.3021 tensors_with_grad=69/72
[train] step 292: T=672 positions=16 loss=0.7818 ce=2.9905 tv=0.5364 conf=2.1424 grad_norm=2.9877 tensors_with_grad=69/72
[train] step 293: T=535 positions=16 loss=0.6272 ce=2.8057 tv=0.3852 conf=1.5488 grad_norm=5.4889 tensors_with_grad=69/72
[train] step 294: T=537 positions=16 loss=0.3590 ce=1.3963 tv=0.2438 conf=0.8353 grad_norm=5.3966 tensors_with_grad=69/72
[train] step 295: T=1797 positions=16 loss=0.7649 ce=3.2762 tv=0.4858 conf=1.9587 grad_norm=3.2732 tensors_with_grad=69/72
[train] step 296: T=527 positions=16 loss=0.6602 ce=2.3153 tv=0.4763 conf=1.0745 grad_norm=2.9354 tensors_with_grad=69/72
[train] step 297: T=544 positions=16 loss=0.1438 ce=0.5120 tv=0.1028 conf=0.3396 grad_norm=2.0653 tensors_with_grad=69/72
[train] step 298: T=675 positions=16 loss=0.3620 ce=1.4852 tv=0.2372 conf=1.4531 grad_norm=3.5734 tensors_with_grad=69/72
[train] step 299: T=525 positions=16 loss=0.6382 ce=2.0431 tv=0.4821 conf=1.6021 grad_norm=3.3457 tensors_with_grad=69/72
[train] step 300: T=583 positions=16 loss=0.1223 ce=0.3659 tv=0.0952 conf=0.5918 grad_norm=2.0009 tensors_with_grad=69/72
[train] step 301: T=620 positions=16 loss=0.4056 ce=1.4587 tv=0.2886 conf=1.5439 grad_norm=4.6169 tensors_with_grad=69/72
[train] step 302: T=538 positions=16 loss=0.1655 ce=0.5064 tv=0.1276 conf=0.4709 grad_norm=1.9154 tensors_with_grad=69/72
[train] step 303: T=637 positions=16 loss=0.1427 ce=0.3796 tv=0.1164 conf=0.9401 grad_norm=1.3508 tensors_with_grad=69/72
[train] step 304: T=658 positions=16 loss=0.5636 ce=1.8696 tv=0.4185 conf=1.5184 grad_norm=3.8269 tensors_with_grad=69/72
[train] step 305: T=609 positions=16 loss=0.3121 ce=1.1704 tv=0.2167 conf=1.1724 grad_norm=2.8078 tensors_with_grad=69/72
[train] step 306: T=903 positions=16 loss=0.8180 ce=3.8067 tv=0.4859 conf=1.8580 grad_norm=2.8616 tensors_with_grad=69/72
[train] step 307: T=524 positions=16 loss=0.6592 ce=2.3057 tv=0.4763 conf=1.2757 grad_norm=9.1580 tensors_with_grad=69/72
[train] step 308: T=829 positions=16 loss=0.5307 ce=2.3466 tv=0.3289 conf=0.7173 grad_norm=2.5286 tensors_with_grad=69/72
[train] step 309: T=875 positions=16 loss=0.5643 ce=2.4366 tv=0.3563 conf=0.6621 grad_norm=2.0624 tensors_with_grad=69/72
[train] step 310: T=533 positions=16 loss=0.4408 ce=1.4804 tv=0.3253 conf=1.0702 grad_norm=3.2284 tensors_with_grad=69/72
[train] step 311: T=675 positions=16 loss=0.4459 ce=1.6069 tv=0.3169 conf=1.1008 grad_norm=2.7943 tensors_with_grad=69/72
[train] step 312: T=672 positions=16 loss=0.5420 ce=2.2743 tv=0.3495 conf=0.9919 grad_norm=2.2084 tensors_with_grad=69/72
[train] step 313: T=672 positions=16 loss=0.1917 ce=0.4715 tv=0.1606 conf=1.2098 grad_norm=2.5990 tensors_with_grad=69/72
[train] step 314: T=1087 positions=16 loss=0.5327 ce=2.0042 tv=0.3692 conf=1.0727 grad_norm=3.0911 tensors_with_grad=69/72
[train] step 315: T=672 positions=16 loss=0.6287 ce=2.7992 tv=0.3876 conf=1.2236 grad_norm=2.6844 tensors_with_grad=69/72
[train] step 316: T=854 positions=16 loss=0.8560 ce=3.9703 tv=0.5100 conf=1.4901 grad_norm=2.8647 tensors_with_grad=69/72
[train] step 317: T=609 positions=16 loss=0.2463 ce=0.7792 tv=0.1871 conf=1.0691 grad_norm=2.7833 tensors_with_grad=69/72
[train] step 318: T=545 positions=16 loss=0.3910 ce=1.3964 tv=0.2793 conf=1.0194 grad_norm=2.1318 tensors_with_grad=69/72
[train] step 319: T=634 positions=16 loss=0.5314 ce=1.5044 tv=0.4233 conf=1.2779 grad_norm=2.6241 tensors_with_grad=69/72
[train] step 320: T=649 positions=16 loss=0.4962 ce=1.8219 tv=0.3489 conf=0.9623 grad_norm=4.4663 tensors_with_grad=69/72
[train] step 321: T=675 positions=16 loss=0.4010 ce=1.5502 tv=0.2733 conf=1.3017 grad_norm=3.5806 tensors_with_grad=69/72
[train] step 322: T=560 positions=16 loss=0.1958 ce=0.6610 tv=0.1441 conf=0.6446 grad_norm=1.5360 tensors_with_grad=69/72
[train] step 323: T=535 positions=16 loss=0.1116 ce=0.2952 tv=0.0913 conf=0.3004 grad_norm=1.3860 tensors_with_grad=69/72
[train] step 324: T=532 positions=16 loss=0.2365 ce=0.8188 tv=0.1718 conf=0.3179 grad_norm=1.1909 tensors_with_grad=69/72
[train] step 325: T=903 positions=16 loss=0.4838 ce=1.7901 tv=0.3386 conf=0.8541 grad_norm=6.4445 tensors_with_grad=69/72
[train] step 326: T=621 positions=16 loss=0.3400 ce=1.1873 tv=0.2458 conf=1.1540 grad_norm=4.0935 tensors_with_grad=69/72
[train] step 327: T=903 positions=16 loss=0.5188 ce=2.3730 tv=0.3128 conf=1.3373 grad_norm=2.5414 tensors_with_grad=69/72
[train] step 328: T=539 positions=16 loss=0.2408 ce=0.9138 tv=0.1660 conf=0.7225 grad_norm=5.1994 tensors_with_grad=69/72
[train] step 329: T=553 positions=16 loss=0.2419 ce=0.9485 tv=0.1634 conf=0.5033 grad_norm=2.6436 tensors_with_grad=69/72
[train] step 330: T=546 positions=16 loss=0.7656 ce=2.6331 tv=0.5581 conf=3.0350 grad_norm=3.7199 tensors_with_grad=69/72
[train] step 331: T=597 positions=16 loss=0.4055 ce=1.5850 tv=0.2745 conf=0.9486 grad_norm=11.0356 tensors_with_grad=69/72
[train] step 332: T=942 positions=16 loss=0.6572 ce=3.0205 tv=0.3946 conf=1.4819 grad_norm=3.7507 tensors_with_grad=69/72
[train] step 333: T=672 positions=16 loss=0.6243 ce=2.3808 tv=0.4292 conf=1.2979 grad_norm=5.1440 tensors_with_grad=69/72
[train] step 334: T=527 positions=16 loss=0.5130 ce=1.7762 tv=0.3727 conf=1.9139 grad_norm=3.7165 tensors_with_grad=69/72
[train] step 335: T=589 positions=16 loss=0.1260 ce=0.2545 tv=0.1117 conf=0.5878 grad_norm=1.9195 tensors_with_grad=69/72
[train] step 336: T=541 positions=16 loss=0.4949 ce=1.5732 tv=0.3750 conf=1.7884 grad_norm=2.8100 tensors_with_grad=69/72
[train] step 337: T=581 positions=16 loss=0.1611 ce=0.5278 tv=0.1204 conf=0.8096 grad_norm=5.2109 tensors_with_grad=69/72
[train] step 338: T=678 positions=16 loss=0.4212 ce=1.4566 tv=0.3062 conf=1.1878 grad_norm=2.2052 tensors_with_grad=69/72
[train] step 339: T=673 positions=16 loss=0.8547 ce=3.3323 tv=0.5794 conf=1.5163 grad_norm=4.2962 tensors_with_grad=69/72
[train] step 340: T=628 positions=16 loss=0.2257 ce=0.7326 tv=0.1694 conf=1.2494 grad_norm=1.8351 tensors_with_grad=69/72
[train] step 341: T=661 positions=16 loss=0.6527 ce=2.4110 tv=0.4573 conf=1.5107 grad_norm=1.7736 tensors_with_grad=69/72
[train] step 342: T=544 positions=16 loss=0.3162 ce=0.8331 tv=0.2587 conf=0.7614 grad_norm=4.2498 tensors_with_grad=69/72
[train] step 343: T=538 positions=16 loss=0.1335 ce=0.3971 tv=0.1043 conf=0.3124 grad_norm=1.5196 tensors_with_grad=69/72
[train] step 344: T=539 positions=16 loss=0.1250 ce=0.3342 tv=0.1018 conf=0.7602 grad_norm=2.7704 tensors_with_grad=69/72
[train] step 345: T=1009 positions=16 loss=0.8096 ce=3.9943 tv=0.4558 conf=1.2886 grad_norm=2.6970 tensors_with_grad=69/72
[train] step 346: T=531 positions=16 loss=0.3781 ce=1.7079 tv=0.2304 conf=1.1199 grad_norm=3.2737 tensors_with_grad=69/72
[train] step 347: T=537 positions=16 loss=0.0560 ce=0.1752 tv=0.0428 conf=0.3679 grad_norm=1.2054 tensors_with_grad=69/72
[train] step 348: T=531 positions=16 loss=0.5518 ce=2.2441 tv=0.3638 conf=0.6602 grad_norm=3.3304 tensors_with_grad=69/72
[train] step 349: T=629 positions=16 loss=0.4951 ce=1.6872 tv=0.3626 conf=1.5446 grad_norm=3.6527 tensors_with_grad=69/72
[train] step 350: T=674 positions=16 loss=0.6062 ce=2.3289 tv=0.4148 conf=1.6220 grad_norm=3.2317 tensors_with_grad=69/72
[train] step 351: T=674 positions=16 loss=0.2013 ce=0.5038 tv=0.1677 conf=0.8172 grad_norm=3.2424 tensors_with_grad=69/72
[train] step 352: T=548 positions=16 loss=0.1853 ce=0.4627 tv=0.1545 conf=0.7332 grad_norm=4.6627 tensors_with_grad=69/72
[train] step 353: T=539 positions=16 loss=0.2861 ce=0.8486 tv=0.2236 conf=1.0481 grad_norm=2.2394 tensors_with_grad=69/72
[train] step 354: T=672 positions=16 loss=0.7929 ce=2.9466 tv=0.5536 conf=1.6775 grad_norm=3.5302 tensors_with_grad=69/72
[train] step 355: T=639 positions=16 loss=0.3340 ce=0.9017 tv=0.2709 conf=1.3222 grad_norm=25.7568 tensors_with_grad=69/72
[train] step 356: T=672 positions=16 loss=0.6112 ce=1.8342 tv=0.4753 conf=1.7892 grad_norm=4.7725 tensors_with_grad=69/72
[train] step 357: T=539 positions=16 loss=0.2466 ce=0.8561 tv=0.1789 conf=0.4850 grad_norm=2.9597 tensors_with_grad=69/72
[train] step 358: T=591 positions=16 loss=0.7292 ce=2.6873 tv=0.5116 conf=1.3909 grad_norm=2.4595 tensors_with_grad=69/72
[train] step 359: T=584 positions=16 loss=0.3227 ce=1.2945 tv=0.2147 conf=1.2342 grad_norm=3.8971 tensors_with_grad=69/72
[train] step 360: T=591 positions=16 loss=0.2728 ce=0.6504 tv=0.2308 conf=1.3662 grad_norm=3.4523 tensors_with_grad=69/72
[train] step 361: T=568 positions=16 loss=0.7515 ce=3.0625 tv=0.4947 conf=1.4436 grad_norm=4.7870 tensors_with_grad=69/72
[train] step 362: T=538 positions=16 loss=0.4063 ce=1.4809 tv=0.2869 conf=1.9651 grad_norm=2.6405 tensors_with_grad=69/72
[train] step 363: T=598 positions=16 loss=0.1951 ce=0.7190 tv=0.1369 conf=0.4892 grad_norm=1.8875 tensors_with_grad=69/72
[train] step 364: T=528 positions=16 loss=0.2441 ce=0.9583 tv=0.1647 conf=0.5574 grad_norm=1.1044 tensors_with_grad=69/72
[train] step 365: T=527 positions=16 loss=0.3774 ce=1.1507 tv=0.2914 conf=2.4529 grad_norm=3.4586 tensors_with_grad=69/72
[train] step 366: T=559 positions=16 loss=0.4297 ce=2.1861 tv=0.2346 conf=0.5563 grad_norm=4.2464 tensors_with_grad=69/72
[train] step 367: T=525 positions=16 loss=0.3102 ce=1.0893 tv=0.2236 conf=1.5702 grad_norm=5.3321 tensors_with_grad=69/72
[train] step 368: T=539 positions=16 loss=0.3674 ce=1.2849 tv=0.2654 conf=0.8371 grad_norm=4.0111 tensors_with_grad=69/72
[train] step 369: T=1627 positions=16 loss=0.7437 ce=2.9444 tv=0.4992 conf=2.3984 grad_norm=4.4375 tensors_with_grad=69/72
[train] step 370: T=565 positions=16 loss=0.3415 ce=1.1945 tv=0.2468 conf=1.1797 grad_norm=2.5974 tensors_with_grad=69/72
[train] step 371: T=613 positions=16 loss=0.2574 ce=0.8074 tv=0.1963 conf=1.2266 grad_norm=3.5142 tensors_with_grad=69/72
[train] step 372: T=573 positions=16 loss=0.1031 ce=0.1724 tv=0.0954 conf=1.9024 grad_norm=1.8329 tensors_with_grad=69/72
[train] step 373: T=676 positions=16 loss=0.3874 ce=1.2478 tv=0.2918 conf=2.2770 grad_norm=2.8289 tensors_with_grad=69/72
[train] step 374: T=870 positions=16 loss=0.4945 ce=2.3179 tv=0.2919 conf=2.7457 grad_norm=2.3311 tensors_with_grad=69/72
[train] step 375: T=640 positions=16 loss=0.6914 ce=2.5885 tv=0.4806 conf=1.3059 grad_norm=2.9565 tensors_with_grad=69/72
[train] step 376: T=659 positions=16 loss=0.6045 ce=1.9893 tv=0.4506 conf=2.8713 grad_norm=2.0844 tensors_with_grad=69/72
[train] step 377: T=615 positions=16 loss=0.3692 ce=1.3446 tv=0.2609 conf=1.4846 grad_norm=4.4471 tensors_with_grad=69/72
[train] step 378: T=526 positions=16 loss=0.6827 ce=2.5160 tv=0.4790 conf=1.5843 grad_norm=2.4336 tensors_with_grad=69/72
[train] step 379: T=1042 positions=16 loss=0.5749 ce=2.6684 tv=0.3423 conf=1.0216 grad_norm=1.9135 tensors_with_grad=69/72
[train] step 380: T=581 positions=16 loss=0.4250 ce=1.8549 tv=0.2661 conf=0.9348 grad_norm=6.4742 tensors_with_grad=69/72
[train] step 381: T=946 positions=16 loss=0.6331 ce=2.7432 tv=0.3987 conf=2.2119 grad_norm=4.5015 tensors_with_grad=69/72
[train] step 382: T=669 positions=16 loss=0.5440 ce=2.0148 tv=0.3806 conf=1.3836 grad_norm=4.0841 tensors_with_grad=69/72
[train] step 383: T=959 positions=16 loss=0.6544 ce=2.5002 tv=0.4493 conf=2.3216 grad_norm=5.2761 tensors_with_grad=69/72
[train] step 384: T=538 positions=16 loss=0.5753 ce=2.0366 tv=0.4129 conf=1.2017 grad_norm=3.2638 tensors_with_grad=69/72
[train] step 385: T=538 positions=16 loss=0.0919 ce=0.2620 tv=0.0730 conf=0.4565 grad_norm=4.7358 tensors_with_grad=69/72
[train] step 386: T=564 positions=16 loss=0.8184 ce=3.2264 tv=0.5508 conf=1.9032 grad_norm=4.9770 tensors_with_grad=69/72
[train] step 387: T=581 positions=16 loss=0.1397 ce=0.4540 tv=0.1048 conf=0.8152 grad_norm=1.3968 tensors_with_grad=69/72
[train] step 388: T=545 positions=16 loss=0.6030 ce=1.9358 tv=0.4550 conf=2.1095 grad_norm=2.9014 tensors_with_grad=69/72
[train] step 389: T=525 positions=16 loss=0.7804 ce=2.9256 tv=0.5421 conf=2.0492 grad_norm=1.8955 tensors_with_grad=69/72
[train] step 390: T=565 positions=16 loss=0.3953 ce=1.9563 tv=0.2218 conf=0.9765 grad_norm=2.2313 tensors_with_grad=69/72
[train] step 391: T=554 positions=16 loss=0.2166 ce=0.7130 tv=0.1614 conf=0.5719 grad_norm=1.9014 tensors_with_grad=69/72
[train] step 392: T=1014 positions=16 loss=0.5257 ce=2.2456 tv=0.3346 conf=1.8749 grad_norm=2.1928 tensors_with_grad=69/72
[train] step 393: T=541 positions=16 loss=0.1860 ce=0.7405 tv=0.1244 conf=0.2214 grad_norm=1.7073 tensors_with_grad=69/72
[train] step 394: T=538 positions=16 loss=0.1675 ce=0.4524 tv=0.1358 conf=0.7115 grad_norm=3.8864 tensors_with_grad=69/72
[train] step 395: T=585 positions=16 loss=0.5110 ce=1.9340 tv=0.3529 conf=2.1906 grad_norm=4.7704 tensors_with_grad=69/72
[train] step 396: T=535 positions=16 loss=0.3488 ce=1.2754 tv=0.2459 conf=0.8077 grad_norm=4.5539 tensors_with_grad=69/72
[train] step 397: T=534 positions=16 loss=0.3080 ce=1.0990 tv=0.2201 conf=0.6873 grad_norm=3.3278 tensors_with_grad=69/72
[train] step 398: T=674 positions=16 loss=0.7225 ce=2.6728 tv=0.5058 conf=2.0209 grad_norm=2.7211 tensors_with_grad=69/72
[train] step 399: T=1629 positions=16 loss=0.7203 ce=3.7069 tv=0.3884 conf=1.6267 grad_norm=1.6647 tensors_with_grad=69/72
[train] step 400: T=529 positions=16 loss=0.5281 ce=1.6323 tv=0.4054 conf=1.2267 grad_norm=1.6785 tensors_with_grad=69/72
[train] step 401: T=604 positions=16 loss=0.2696 ce=0.8433 tv=0.2058 conf=1.1400 grad_norm=2.6136 tensors_with_grad=69/72
[train] step 402: T=615 positions=16 loss=0.2522 ce=0.8691 tv=0.1836 conf=1.2697 grad_norm=2.0906 tensors_with_grad=69/72
[train] step 403: T=563 positions=16 loss=0.1945 ce=0.7495 tv=0.1329 conf=0.3624 grad_norm=1.1664 tensors_with_grad=69/72
[train] step 404: T=572 positions=16 loss=0.3233 ce=1.1132 tv=0.2356 conf=1.0263 grad_norm=3.7966 tensors_with_grad=69/72
[train] step 405: T=591 positions=16 loss=0.2735 ce=0.7870 tv=0.2165 conf=1.2535 grad_norm=4.5017 tensors_with_grad=69/72
[train] step 406: T=595 positions=16 loss=0.3110 ce=1.0865 tv=0.2249 conf=0.7440 grad_norm=5.9516 tensors_with_grad=69/72
[train] step 407: T=541 positions=16 loss=0.3920 ce=1.1412 tv=0.3088 conf=0.9266 grad_norm=2.5123 tensors_with_grad=69/72
[train] step 408: T=543 positions=16 loss=0.5046 ce=1.6013 tv=0.3827 conf=1.3550 grad_norm=4.2365 tensors_with_grad=69/72
[train] step 409: T=678 positions=16 loss=0.5679 ce=2.3211 tv=0.3731 conf=1.3288 grad_norm=2.3940 tensors_with_grad=69/72
[train] step 410: T=592 positions=16 loss=0.1150 ce=0.2939 tv=0.0952 conf=1.1048 grad_norm=1.2399 tensors_with_grad=69/72
[train] step 411: T=633 positions=16 loss=0.6111 ce=2.2249 tv=0.4318 conf=1.2708 grad_norm=2.8712 tensors_with_grad=69/72
[train] step 412: T=531 positions=16 loss=0.2564 ce=0.6506 tv=0.2126 conf=0.4206 grad_norm=1.2578 tensors_with_grad=69/72
[train] step 413: T=576 positions=16 loss=0.3022 ce=0.8767 tv=0.2384 conf=1.5785 grad_norm=2.5285 tensors_with_grad=69/72
[train] step 414: T=535 positions=16 loss=0.3719 ce=1.6019 tv=0.2352 conf=0.5381 grad_norm=4.3141 tensors_with_grad=69/72
[train] step 415: T=606 positions=16 loss=0.6059 ce=2.3063 tv=0.4170 conf=1.3898 grad_norm=2.6062 tensors_with_grad=69/72
[train] step 416: T=577 positions=16 loss=0.2466 ce=0.5349 tv=0.2146 conf=1.6784 grad_norm=4.8782 tensors_with_grad=69/72
[train] step 417: T=531 positions=16 loss=0.3277 ce=1.2383 tv=0.2265 conf=1.7479 grad_norm=6.3205 tensors_with_grad=69/72
[train] step 418: T=667 positions=16 loss=0.3003 ce=1.0468 tv=0.2173 conf=0.6540 grad_norm=3.4161 tensors_with_grad=69/72
[train] step 419: T=639 positions=16 loss=0.6928 ce=2.6098 tv=0.4798 conf=1.3141 grad_norm=3.3234 tensors_with_grad=69/72
[train] step 420: T=527 positions=16 loss=0.6639 ce=2.3783 tv=0.4734 conf=1.5673 grad_norm=2.3083 tensors_with_grad=69/72
[train] step 421: T=673 positions=16 loss=0.8849 ce=3.4638 tv=0.5984 conf=0.9493 grad_norm=2.5934 tensors_with_grad=69/72
[train] step 422: T=599 positions=16 loss=0.1495 ce=0.4117 tv=0.1204 conf=0.4869 grad_norm=1.4570 tensors_with_grad=69/72
[train] step 423: T=533 positions=16 loss=0.1713 ce=0.5856 tv=0.1253 conf=0.2485 grad_norm=0.8127 tensors_with_grad=69/72
[train] step 424: T=535 positions=16 loss=0.3316 ce=0.8995 tv=0.2685 conf=0.6441 grad_norm=1.8813 tensors_with_grad=69/72
[train] step 425: T=584 positions=16 loss=0.6317 ce=2.4581 tv=0.4287 conf=1.9709 grad_norm=8.1170 tensors_with_grad=69/72
[train] step 426: T=568 positions=16 loss=0.5398 ce=1.9978 tv=0.3778 conf=1.4573 grad_norm=2.8458 tensors_with_grad=69/72
[train] step 427: T=1111 positions=16 loss=0.5030 ce=1.8094 tv=0.3578 conf=1.8986 grad_norm=2.7284 tensors_with_grad=69/72
[train] step 428: T=673 positions=16 loss=0.5786 ce=2.1021 tv=0.4094 conf=1.5127 grad_norm=4.9149 tensors_with_grad=69/72
[train] step 429: T=614 positions=16 loss=0.5050 ce=1.8423 tv=0.3564 conf=1.8322 grad_norm=2.9350 tensors_with_grad=69/72
[train] step 430: T=526 positions=16 loss=0.4562 ce=1.3767 tv=0.3540 conf=2.2370 grad_norm=4.8647 tensors_with_grad=69/72
[train] step 431: T=532 positions=16 loss=0.1301 ce=0.5182 tv=0.0870 conf=0.8315 grad_norm=1.7003 tensors_with_grad=69/72
[train] step 432: T=624 positions=16 loss=0.4083 ce=1.1649 tv=0.3242 conf=1.5359 grad_norm=5.5387 tensors_with_grad=69/72
[train] step 433: T=530 positions=16 loss=0.5753 ce=2.1538 tv=0.3999 conf=1.0464 grad_norm=2.8598 tensors_with_grad=69/72
[train] step 434: T=546 positions=16 loss=0.3250 ce=1.1206 tv=0.2366 conf=0.6879 grad_norm=1.5331 tensors_with_grad=69/72
[train] step 435: T=672 positions=16 loss=0.6559 ce=2.7820 tv=0.4196 conf=2.8280 grad_norm=3.3563 tensors_with_grad=69/72
[train] step 436: T=528 positions=16 loss=0.6503 ce=2.2744 tv=0.4698 conf=1.2013 grad_norm=3.9432 tensors_with_grad=69/72
[train] step 437: T=536 positions=16 loss=0.0990 ce=0.2877 tv=0.0780 conf=0.1971 grad_norm=0.5874 tensors_with_grad=69/72
[train] step 438: T=1543 positions=16 loss=0.8214 ce=3.7959 tv=0.4909 conf=1.0963 grad_norm=2.8783 tensors_with_grad=69/72
[train] step 439: T=673 positions=16 loss=0.7307 ce=3.0053 tv=0.4779 conf=1.0997 grad_norm=5.0023 tensors_with_grad=69/72
[train] step 440: T=587 positions=16 loss=0.1645 ce=0.4353 tv=0.1345 conf=1.0770 grad_norm=2.4541 tensors_with_grad=69/72
[train] step 441: T=529 positions=16 loss=0.3244 ce=0.8933 tv=0.2612 conf=1.1262 grad_norm=5.3218 tensors_with_grad=69/72
[train] step 442: T=981 positions=16 loss=0.8853 ce=3.6291 tv=0.5804 conf=2.3523 grad_norm=3.0665 tensors_with_grad=69/72
[train] step 443: T=557 positions=16 loss=0.3559 ce=1.3291 tv=0.2477 conf=0.8059 grad_norm=3.0726 tensors_with_grad=69/72
[train] step 444: T=543 positions=16 loss=0.4010 ce=1.3720 tv=0.2931 conf=1.0554 grad_norm=5.3285 tensors_with_grad=69/72
[train] step 445: T=955 positions=16 loss=0.4830 ce=1.8717 tv=0.3287 conf=1.8748 grad_norm=2.2540 tensors_with_grad=69/72
[train] step 446: T=536 positions=16 loss=0.2270 ce=0.5677 tv=0.1891 conf=1.1531 grad_norm=2.6247 tensors_with_grad=69/72
[train] step 447: T=952 positions=16 loss=0.6685 ce=2.8804 tv=0.4227 conf=1.1413 grad_norm=2.3386 tensors_with_grad=69/72
[train] step 448: T=960 positions=16 loss=0.7265 ce=3.2486 tv=0.4463 conf=1.8140 grad_norm=2.4141 tensors_with_grad=69/72
[train] step 449: T=525 positions=16 loss=0.7714 ce=3.1151 tv=0.5110 conf=2.1074 grad_norm=3.4804 tensors_with_grad=69/72
[train] step 450: T=1031 positions=16 loss=0.7650 ce=3.2406 tv=0.4899 conf=1.5120 grad_norm=2.1789 tensors_with_grad=69/72
[train] step 451: T=674 positions=16 loss=0.5134 ce=1.6064 tv=0.3920 conf=1.7414 grad_norm=3.0482 tensors_with_grad=69/72
[train] step 452: T=1015 positions=16 loss=0.7654 ce=3.0157 tv=0.5154 conf=2.1117 grad_norm=2.9472 tensors_with_grad=69/72
[train] step 453: T=540 positions=16 loss=0.6632 ce=2.0346 tv=0.5108 conf=1.5671 grad_norm=2.0521 tensors_with_grad=69/72
[train] step 454: T=557 positions=16 loss=0.5702 ce=2.1366 tv=0.3962 conf=1.0799 grad_norm=2.3197 tensors_with_grad=69/72
[train] step 455: T=672 positions=16 loss=0.5208 ce=2.0402 tv=0.3520 conf=1.6350 grad_norm=2.9299 tensors_with_grad=69/72
[train] step 456: T=531 positions=16 loss=0.6710 ce=2.1633 tv=0.5052 conf=1.5065 grad_norm=2.5627 tensors_with_grad=69/72
[train] step 457: T=536 positions=16 loss=0.1910 ce=0.5523 tv=0.1508 conf=0.4596 grad_norm=3.0080 tensors_with_grad=69/72
[train] step 458: T=532 positions=16 loss=0.9068 ce=3.7884 tv=0.5866 conf=1.3416 grad_norm=4.2125 tensors_with_grad=69/72
[train] step 459: T=536 positions=16 loss=0.2026 ce=0.5866 tv=0.1600 conf=0.6678 grad_norm=2.6388 tensors_with_grad=69/72
[train] step 460: T=554 positions=16 loss=0.4439 ce=1.3403 tv=0.3443 conf=1.5695 grad_norm=2.7253 tensors_with_grad=69/72
[train] step 461: T=673 positions=16 loss=0.6723 ce=2.7110 tv=0.4458 conf=1.1670 grad_norm=7.0565 tensors_with_grad=69/72
[train] step 462: T=630 positions=16 loss=0.3195 ce=1.1778 tv=0.2242 conf=1.8349 grad_norm=2.0132 tensors_with_grad=69/72
[train] step 463: T=636 positions=16 loss=0.4227 ce=1.9197 tv=0.2564 conf=0.8461 grad_norm=5.2192 tensors_with_grad=69/72
[train] step 464: T=673 positions=16 loss=0.7432 ce=3.1329 tv=0.4777 conf=1.6992 grad_norm=2.6501 tensors_with_grad=69/72
[train] step 465: T=677 positions=16 loss=0.4331 ce=1.8433 tv=0.2764 conf=0.9348 grad_norm=7.4778 tensors_with_grad=69/72
[train] step 466: T=576 positions=16 loss=0.3956 ce=1.3622 tv=0.2882 conf=1.5752 grad_norm=2.4393 tensors_with_grad=69/72
[train] step 467: T=541 positions=16 loss=0.6862 ce=2.2323 tv=0.5144 conf=2.1332 grad_norm=4.6402 tensors_with_grad=69/72
[train] step 468: T=612 positions=16 loss=0.1470 ce=0.3457 tv=0.1249 conf=1.0428 grad_norm=4.2055 tensors_with_grad=69/72
[train] step 469: T=566 positions=16 loss=0.8682 ce=4.0399 tv=0.5158 conf=1.3492 grad_norm=3.2643 tensors_with_grad=69/72
[train] step 470: T=528 positions=16 loss=0.7886 ce=3.0019 tv=0.5427 conf=2.2499 grad_norm=2.5340 tensors_with_grad=69/72
[train] step 471: T=548 positions=16 loss=0.2607 ce=0.8057 tv=0.2001 conf=1.0661 grad_norm=3.0362 tensors_with_grad=69/72
[train] step 472: T=576 positions=16 loss=0.7236 ce=3.1836 tv=0.4503 conf=1.0525 grad_norm=4.9558 tensors_with_grad=69/72
[train] step 473: T=1222 positions=16 loss=0.6458 ce=3.0534 tv=0.3783 conf=2.2616 grad_norm=3.1735 tensors_with_grad=69/72
[train] step 474: T=869 positions=16 loss=0.7008 ce=3.0699 tv=0.4376 conf=1.4758 grad_norm=2.5706 tensors_with_grad=69/72
[train] step 475: T=526 positions=16 loss=0.5705 ce=1.8952 tv=0.4233 conf=2.4575 grad_norm=2.5458 tensors_with_grad=69/72
[train] step 476: T=850 positions=16 loss=0.5919 ce=2.5558 tv=0.3737 conf=0.9011 grad_norm=1.9133 tensors_with_grad=69/72
[train] step 477: T=907 positions=16 loss=0.4883 ce=1.9709 tv=0.3235 conf=1.1586 grad_norm=3.0861 tensors_with_grad=69/72
[train] step 478: T=1184 positions=16 loss=0.8071 ce=3.6390 tv=0.4925 conf=1.5611 grad_norm=3.5688 tensors_with_grad=69/72
[train] step 479: T=592 positions=16 loss=0.3391 ce=1.1527 tv=0.2487 conf=1.0168 grad_norm=3.8457 tensors_with_grad=69/72
[train] step 480: T=531 positions=16 loss=0.3516 ce=1.3776 tv=0.2376 conf=1.8701 grad_norm=2.0926 tensors_with_grad=69/72
[train] step 481: T=599 positions=16 loss=0.2029 ce=0.6253 tv=0.1559 conf=1.3620 grad_norm=4.1524 tensors_with_grad=69/72
[train] step 482: T=527 positions=16 loss=0.5531 ce=1.8345 tv=0.4107 conf=1.6060 grad_norm=2.0642 tensors_with_grad=69/72
[train] step 483: T=616 positions=16 loss=0.4957 ce=1.9305 tv=0.3363 conf=1.6632 grad_norm=7.1719 tensors_with_grad=69/72
[train] step 484: T=533 positions=16 loss=0.4518 ce=1.9363 tv=0.2869 conf=0.8372 grad_norm=2.0193 tensors_with_grad=69/72
[train] step 485: T=626 positions=16 loss=0.2762 ce=0.8710 tv=0.2101 conf=1.4933 grad_norm=2.7978 tensors_with_grad=69/72
[train] step 486: T=638 positions=16 loss=0.3145 ce=1.1360 tv=0.2232 conf=1.2670 grad_norm=3.8211 tensors_with_grad=69/72
[train] step 487: T=535 positions=16 loss=0.3198 ce=1.3102 tv=0.2097 conf=0.5940 grad_norm=3.3618 tensors_with_grad=69/72
[train] step 488: T=1429 positions=16 loss=0.7211 ce=3.1248 tv=0.4541 conf=2.2206 grad_norm=1.7808 tensors_with_grad=69/72
[train] step 489: T=675 positions=16 loss=0.3896 ce=1.2848 tv=0.2901 conf=1.8011 grad_norm=2.8156 tensors_with_grad=69/72
[train] step 490: T=529 positions=16 loss=0.8280 ce=3.9840 tv=0.4773 conf=1.1858 grad_norm=2.5108 tensors_with_grad=69/72
[train] step 491: T=673 positions=16 loss=0.5888 ce=2.3622 tv=0.3918 conf=1.1642 grad_norm=3.1816 tensors_with_grad=69/72
[train] step 492: T=622 positions=16 loss=0.2283 ce=0.7696 tv=0.1682 conf=1.4437 grad_norm=2.9758 tensors_with_grad=69/72
[train] step 493: T=630 positions=16 loss=0.5812 ce=2.3688 tv=0.3826 conf=2.3523 grad_norm=3.4930 tensors_with_grad=69/72
[train] step 494: T=586 positions=16 loss=0.5132 ce=1.7137 tv=0.3798 conf=2.5666 grad_norm=3.6324 tensors_with_grad=69/72
[train] step 495: T=535 positions=16 loss=0.7720 ce=2.8631 tv=0.5396 conf=2.0151 grad_norm=2.4801 tensors_with_grad=69/72
[train] step 496: T=625 positions=16 loss=0.4200 ce=1.7231 tv=0.2752 conf=1.7344 grad_norm=2.8351 tensors_with_grad=69/72
[train] step 497: T=535 positions=16 loss=0.3227 ce=1.1221 tv=0.2339 conf=0.9936 grad_norm=4.8722 tensors_with_grad=69/72
[train] step 498: T=553 positions=16 loss=0.4712 ce=1.7586 tv=0.3281 conf=2.7644 grad_norm=4.1316 tensors_with_grad=69/72
[train] step 499: T=532 positions=16 loss=0.2149 ce=0.7382 tv=0.1568 conf=1.0715 grad_norm=1.0922 tensors_with_grad=69/72
[diag] draft-argmax == TARGET-argmax : 67.0%  | == ground-truth token: 66.4%
[diag] mean top-1 prob  target 0.839  draft 0.756   (TV near 1 with a PEAKED draft => misalignment; with a FLAT draft => genuine)
[train] saved 72 trained tensors -> /cap/s3/c1/trained/mtp_trained.safetensors
[train] saved AdamW state -> /cap/s3/c1/trained/opt_state.pt (needed for --resume to be equivalent to one continuous run)
[train] metrics -> /cap/s3/c1/train_metrics.json  (loss 0.9036 -> 0.2149, tail mean 0.5167)
[train] TRAIN OK
