[train] device=cuda torch=2.10.0
  loading model-00046-of-00048.safetensors ...
  loading model-00047-of-00048.safetensors ...
  loading model-00048-of-00048.safetensors ...
  dequantised 1512 tensors, 12.60 B params, 23.5 GiB bf16
[train] weights ready in 8.8s
[train] trainable 517.3 M in 72 tensors | frozen experts 12.08 B
[train] capture: 490 sample(s)
[Gloo] Rank 0 is connected to 0 peer ranks. Expected number of connected peer ranks is : 0
[train] ModelArgs: n_mtp=3 block=5 taps=[40, 41, 42] markov_rank=256
[train] built 3 DSparkBlock(s) on meta
[train] re-materialised freqs_cis on 3 attention module(s) (persistent=False buffers are NOT in state_dict and to_empty() zapped them)
[train] load_state_dict: 0 missing, 0 unexpected
[train] GATE1 model construction OK
[train] aux: embed.weight(129280, 4096), head.weight(129280, 4096)
[train] trainable tensors in graph: 72 / 517.3 M
[train] resumed 72/72 trained tensors from /cap/s3recap-deficit/c1/trained/mtp_trained.safetensors
[train] resumed AdamW state: 69/72 tensors carry moments (3 never received a gradient, expected), indices aligned
[train] lr schedule: linear warmup 73 step(s) -> cosine over 1472 session step(s), peak 5e-05; this chunk is steps 982..1471
/work/train/train_head.py:115: UserWarning: Converting a tensor with requires_grad=True to a scalar may lead to unexpected behavior.
Consider using tensor.detach() first. (Triggered internally at /opt/pytorch/torch/csrc/autograd/generated/python_variable_methods.cpp:836.)
  parts = {"ce": float((w * ce).sum()), "tv": float((w * tv).sum()), "conf": 0.0}
[train] step 0: T=527 positions=16 loss=0.5731 ce=1.4977 tv=0.3781 conf=1.9825 grad_norm=2.6719 tensors_with_grad=69/72
[train] step 1: T=616 positions=16 loss=0.6537 ce=1.6396 tv=0.3178 conf=1.8862 grad_norm=3.9995 tensors_with_grad=69/72
[train] step 2: T=533 positions=16 loss=0.5050 ce=1.5454 tv=0.3082 conf=1.3544 grad_norm=3.9829 tensors_with_grad=69/72
[train] step 3: T=626 positions=16 loss=0.2872 ce=0.7578 tv=0.2067 conf=1.5353 grad_norm=3.1779 tensors_with_grad=69/72
[train] step 4: T=638 positions=16 loss=0.6231 ce=1.2114 tv=0.2218 conf=1.6095 grad_norm=5.0382 tensors_with_grad=69/72
[train] step 5: T=535 positions=16 loss=0.4427 ce=1.1457 tv=0.1965 conf=1.0171 grad_norm=4.7264 tensors_with_grad=69/72
[train] step 6: T=1429 positions=16 loss=1.9586 ce=3.3159 tv=0.4581 conf=2.4338 grad_norm=7.2574 tensors_with_grad=69/72
[train] step 7: T=675 positions=16 loss=0.6121 ce=1.2067 tv=0.2902 conf=2.2619 grad_norm=4.4034 tensors_with_grad=69/72
[train] step 8: T=529 positions=16 loss=1.6214 ce=3.0464 tv=0.4507 conf=1.3672 grad_norm=6.3650 tensors_with_grad=69/72
[train] step 9: T=673 positions=16 loss=1.1434 ce=2.2174 tv=0.3716 conf=1.2072 grad_norm=6.4484 tensors_with_grad=69/72
[train] step 10: T=622 positions=16 loss=0.2979 ce=0.7157 tv=0.1718 conf=1.2607 grad_norm=2.6324 tensors_with_grad=69/72
[train] step 11: T=630 positions=16 loss=1.0100 ce=2.1589 tv=0.3892 conf=2.5592 grad_norm=5.8230 tensors_with_grad=69/72
[train] step 12: T=586 positions=16 loss=0.7683 ce=1.5894 tv=0.3623 conf=2.7244 grad_norm=4.1823 tensors_with_grad=69/72
[train] step 13: T=535 positions=16 loss=1.3903 ce=2.5894 tv=0.5079 conf=2.5896 grad_norm=5.5152 tensors_with_grad=69/72
[train] step 14: T=625 positions=16 loss=0.7121 ce=1.9931 tv=0.3157 conf=1.9868 grad_norm=6.6790 tensors_with_grad=69/72
[train] step 15: T=535 positions=16 loss=0.5440 ce=0.9643 tv=0.2241 conf=1.9082 grad_norm=4.0301 tensors_with_grad=69/72
[train] step 16: T=553 positions=16 loss=0.8678 ce=1.5597 tv=0.3111 conf=2.9264 grad_norm=5.2170 tensors_with_grad=69/72
[train] step 17: T=532 positions=16 loss=0.3045 ce=0.6662 tv=0.1653 conf=1.3738 grad_norm=1.4622 tensors_with_grad=69/72
[train] step 18: T=536 positions=16 loss=0.1456 ce=0.2863 tv=0.0668 conf=0.9587 grad_norm=1.8351 tensors_with_grad=69/72
[train] step 19: T=896 positions=16 loss=1.1954 ce=2.2871 tv=0.3565 conf=1.2430 grad_norm=5.1330 tensors_with_grad=69/72
[train] step 20: T=544 positions=16 loss=0.6351 ce=1.4661 tv=0.2520 conf=1.9841 grad_norm=9.4854 tensors_with_grad=69/72
[train] step 21: T=581 positions=16 loss=0.5261 ce=1.4558 tv=0.2736 conf=1.7851 grad_norm=2.8653 tensors_with_grad=69/72
[train] step 22: T=672 positions=16 loss=1.3877 ce=2.6617 tv=0.5014 conf=2.1516 grad_norm=5.9095 tensors_with_grad=69/72
[train] step 23: T=587 positions=16 loss=0.2492 ce=0.4682 tv=0.1878 conf=2.1536 grad_norm=4.8546 tensors_with_grad=69/72
[train] step 24: T=674 positions=16 loss=0.6887 ce=1.6243 tv=0.3404 conf=2.5599 grad_norm=4.6015 tensors_with_grad=69/72
[train] step 25: T=563 positions=16 loss=0.3547 ce=0.6453 tv=0.1622 conf=0.7954 grad_norm=3.4367 tensors_with_grad=69/72
[train] step 26: T=566 positions=16 loss=1.2218 ce=2.1252 tv=0.3745 conf=1.2045 grad_norm=5.6474 tensors_with_grad=69/72
[train] step 27: T=612 positions=16 loss=0.5186 ce=1.2457 tv=0.3036 conf=1.9038 grad_norm=3.1297 tensors_with_grad=69/72
[train] step 28: T=673 positions=16 loss=0.1723 ce=0.6056 tv=0.1973 conf=2.7402 grad_norm=1.3030 tensors_with_grad=69/72
[train] step 29: T=537 positions=16 loss=1.4718 ce=2.5344 tv=0.4942 conf=1.8953 grad_norm=11.3101 tensors_with_grad=69/72
[train] step 30: T=657 positions=16 loss=0.1852 ce=0.6180 tv=0.1817 conf=1.7466 grad_norm=2.3233 tensors_with_grad=69/72
[train] step 31: T=595 positions=16 loss=0.2927 ce=0.7482 tv=0.1399 conf=2.8284 grad_norm=3.4304 tensors_with_grad=69/72
[train] step 32: T=970 positions=16 loss=1.5943 ce=2.7877 tv=0.4137 conf=2.0543 grad_norm=10.2494 tensors_with_grad=69/72
[train] step 33: T=1741 positions=16 loss=2.2689 ce=4.4315 tv=0.5550 conf=2.9381 grad_norm=8.9832 tensors_with_grad=69/72
[train] step 34: T=574 positions=16 loss=1.4422 ce=2.7046 tv=0.4830 conf=1.9303 grad_norm=5.7543 tensors_with_grad=69/72
[train] step 35: T=581 positions=16 loss=0.8989 ce=1.4075 tv=0.3100 conf=1.0319 grad_norm=6.0699 tensors_with_grad=69/72
[train] step 36: T=563 positions=16 loss=0.5897 ce=1.6138 tv=0.2583 conf=2.1771 grad_norm=2.9208 tensors_with_grad=69/72
[train] step 37: T=534 positions=16 loss=0.1280 ce=0.3109 tv=0.1128 conf=1.3698 grad_norm=0.5410 tensors_with_grad=69/72
[train] step 38: T=645 positions=16 loss=1.7532 ce=3.0139 tv=0.5421 conf=2.7778 grad_norm=5.8617 tensors_with_grad=69/72
[train] step 39: T=672 positions=16 loss=1.1063 ce=2.2809 tv=0.3772 conf=1.9999 grad_norm=7.7884 tensors_with_grad=69/72
[train] step 40: T=578 positions=16 loss=0.7203 ce=1.4490 tv=0.2779 conf=2.6762 grad_norm=4.2758 tensors_with_grad=69/72
[train] step 41: T=527 positions=16 loss=0.8067 ce=1.8685 tv=0.3323 conf=2.1719 grad_norm=4.5642 tensors_with_grad=69/72
[train] step 42: T=645 positions=16 loss=0.6773 ce=1.3489 tv=0.2861 conf=2.0905 grad_norm=6.4325 tensors_with_grad=69/72
[train] step 43: T=1008 positions=16 loss=1.1061 ce=2.2415 tv=0.3261 conf=1.7355 grad_norm=3.0060 tensors_with_grad=69/72
[train] step 44: T=676 positions=16 loss=0.5922 ce=1.1782 tv=0.2929 conf=1.3153 grad_norm=5.4813 tensors_with_grad=69/72
[train] step 45: T=674 positions=16 loss=1.0621 ce=2.2255 tv=0.4091 conf=1.1711 grad_norm=3.4014 tensors_with_grad=69/72
[train] step 46: T=528 positions=16 loss=1.1001 ce=2.0067 tv=0.4458 conf=1.9207 grad_norm=6.9749 tensors_with_grad=69/72
[train] step 47: T=538 positions=16 loss=0.9164 ce=1.6187 tv=0.3678 conf=1.7112 grad_norm=5.6056 tensors_with_grad=69/72
[train] step 48: T=572 positions=16 loss=1.0698 ce=2.1815 tv=0.3991 conf=1.7351 grad_norm=4.6905 tensors_with_grad=69/72
[train] step 49: T=536 positions=16 loss=0.2368 ce=0.6596 tv=0.2425 conf=2.1860 grad_norm=5.1542 tensors_with_grad=69/72
[train] step 50: T=673 positions=16 loss=1.4483 ce=2.5992 tv=0.4799 conf=1.4201 grad_norm=5.4440 tensors_with_grad=69/72
[train] step 51: T=603 positions=16 loss=0.2327 ce=0.7006 tv=0.1499 conf=0.8910 grad_norm=1.6811 tensors_with_grad=69/72
[train] step 52: T=532 positions=16 loss=0.6314 ce=1.2804 tv=0.2599 conf=0.6205 grad_norm=6.3306 tensors_with_grad=69/72
[train] step 53: T=618 positions=16 loss=0.3240 ce=1.0172 tv=0.2749 conf=2.6094 grad_norm=4.0528 tensors_with_grad=69/72
[train] step 54: T=539 positions=16 loss=0.3890 ce=0.8231 tv=0.1931 conf=1.9010 grad_norm=5.5568 tensors_with_grad=69/72
[train] step 55: T=569 positions=16 loss=0.6923 ce=1.4555 tv=0.2869 conf=1.7815 grad_norm=3.8465 tensors_with_grad=69/72
[train] step 56: T=589 positions=16 loss=1.1923 ce=2.3608 tv=0.4866 conf=1.9110 grad_norm=6.7721 tensors_with_grad=69/72
[train] step 57: T=653 positions=16 loss=1.2506 ce=2.4831 tv=0.4623 conf=1.7507 grad_norm=10.6884 tensors_with_grad=69/72
[train] step 58: T=675 positions=16 loss=0.9801 ce=1.9630 tv=0.3920 conf=2.4023 grad_norm=4.6697 tensors_with_grad=69/72
[train] step 59: T=599 positions=16 loss=1.2245 ce=2.8625 tv=0.4481 conf=1.3132 grad_norm=5.9250 tensors_with_grad=69/72
[train] step 60: T=901 positions=16 loss=1.0812 ce=2.2679 tv=0.3465 conf=2.0265 grad_norm=3.5355 tensors_with_grad=69/72
[train] step 61: T=597 positions=16 loss=0.0651 ce=0.2473 tv=0.1093 conf=0.8930 grad_norm=1.4303 tensors_with_grad=69/72
[train] step 62: T=613 positions=16 loss=0.0390 ce=0.3264 tv=0.1283 conf=2.5914 grad_norm=2.3416 tensors_with_grad=69/72
[train] step 63: T=546 positions=16 loss=0.2974 ce=0.6845 tv=0.2341 conf=1.6354 grad_norm=2.1336 tensors_with_grad=69/72
[train] step 64: T=535 positions=16 loss=0.1070 ce=0.2238 tv=0.0984 conf=0.3782 grad_norm=2.3932 tensors_with_grad=69/72
[train] step 65: T=527 positions=16 loss=1.2358 ce=2.1219 tv=0.4845 conf=1.7192 grad_norm=4.3870 tensors_with_grad=69/72
[train] step 66: T=672 positions=16 loss=1.3812 ce=2.4102 tv=0.5025 conf=2.1326 grad_norm=7.3132 tensors_with_grad=69/72
[train] step 67: T=535 positions=16 loss=1.4577 ce=2.7094 tv=0.5263 conf=2.0427 grad_norm=8.1663 tensors_with_grad=69/72
[train] step 68: T=629 positions=16 loss=0.8505 ce=1.4213 tv=0.3856 conf=1.9940 grad_norm=6.6774 tensors_with_grad=69/72
[train] step 69: T=529 positions=16 loss=0.8287 ce=1.7371 tv=0.2868 conf=2.3222 grad_norm=4.4283 tensors_with_grad=69/72
[train] step 70: T=544 positions=16 loss=0.2027 ce=0.5121 tv=0.0987 conf=0.4651 grad_norm=3.0919 tensors_with_grad=69/72
[train] step 71: T=1433 positions=16 loss=1.9674 ce=4.0122 tv=0.4862 conf=2.4090 grad_norm=5.3511 tensors_with_grad=69/72
[train] step 72: T=528 positions=16 loss=1.0490 ce=2.3497 tv=0.3286 conf=1.7954 grad_norm=4.2432 tensors_with_grad=69/72
[train] step 73: T=674 positions=16 loss=1.0483 ce=2.2907 tv=0.4108 conf=1.3655 grad_norm=7.9719 tensors_with_grad=69/72
[train] step 74: T=527 positions=16 loss=0.5142 ce=1.1814 tv=0.2773 conf=2.2434 grad_norm=5.0149 tensors_with_grad=69/72
[train] step 75: T=642 positions=16 loss=0.9019 ce=1.9538 tv=0.3873 conf=2.5752 grad_norm=4.2783 tensors_with_grad=69/72
[train] step 76: T=598 positions=16 loss=0.3657 ce=0.7494 tv=0.1594 conf=1.1851 grad_norm=2.3140 tensors_with_grad=69/72
[train] step 77: T=933 positions=16 loss=1.0709 ce=2.2273 tv=0.3806 conf=1.8642 grad_norm=4.2262 tensors_with_grad=69/72
[train] step 78: T=653 positions=16 loss=1.5025 ce=3.0396 tv=0.5351 conf=2.6274 grad_norm=20.2003 tensors_with_grad=69/72
[train] step 79: T=655 positions=16 loss=0.5327 ce=1.7237 tv=0.3332 conf=1.3711 grad_norm=3.5192 tensors_with_grad=69/72
[train] step 80: T=585 positions=16 loss=0.2754 ce=0.5742 tv=0.1581 conf=1.8244 grad_norm=1.6207 tensors_with_grad=69/72
[train] step 81: T=641 positions=16 loss=1.4429 ce=2.6855 tv=0.5179 conf=1.6209 grad_norm=5.9882 tensors_with_grad=69/72
[train] step 82: T=532 positions=16 loss=0.8305 ce=1.4333 tv=0.2860 conf=0.7677 grad_norm=7.3617 tensors_with_grad=69/72
[train] step 83: T=526 positions=16 loss=1.3052 ce=2.2347 tv=0.4880 conf=1.7016 grad_norm=6.2618 tensors_with_grad=69/72
[train] step 84: T=590 positions=16 loss=0.3590 ce=0.8608 tv=0.2425 conf=1.8144 grad_norm=6.4130 tensors_with_grad=69/72
[train] step 85: T=527 positions=16 loss=0.7153 ce=1.6403 tv=0.3860 conf=2.1279 grad_norm=3.1966 tensors_with_grad=69/72
[train] step 86: T=838 positions=16 loss=0.9884 ce=2.1291 tv=0.4224 conf=2.5740 grad_norm=5.2823 tensors_with_grad=69/72
[train] step 87: T=528 positions=16 loss=0.4472 ce=0.9892 tv=0.2134 conf=0.3733 grad_norm=2.2109 tensors_with_grad=69/72
[train] step 88: T=594 positions=16 loss=0.2230 ce=0.5119 tv=0.1923 conf=1.1930 grad_norm=2.8393 tensors_with_grad=69/72
[train] step 89: T=634 positions=16 loss=0.3605 ce=0.7214 tv=0.2171 conf=1.8662 grad_norm=3.3804 tensors_with_grad=69/72
[train] step 90: T=558 positions=16 loss=0.8244 ce=1.7130 tv=0.3709 conf=2.2450 grad_norm=7.6581 tensors_with_grad=69/72
[train] step 91: T=649 positions=16 loss=0.4019 ce=1.0427 tv=0.2527 conf=1.9879 grad_norm=2.8296 tensors_with_grad=69/72
[train] step 92: T=1085 positions=16 loss=1.2186 ce=2.4471 tv=0.3485 conf=1.5473 grad_norm=5.4897 tensors_with_grad=69/72
[train] step 93: T=575 positions=16 loss=0.5822 ce=1.3696 tv=0.2249 conf=1.3990 grad_norm=3.3951 tensors_with_grad=69/72
[train] step 94: T=611 positions=16 loss=0.2929 ce=0.7893 tv=0.1971 conf=1.5198 grad_norm=1.4241 tensors_with_grad=69/72
[train] step 95: T=529 positions=16 loss=1.4366 ce=2.4043 tv=0.5162 conf=1.6523 grad_norm=4.0482 tensors_with_grad=69/72
[train] step 96: T=526 positions=16 loss=0.7897 ce=1.5483 tv=0.3307 conf=0.9828 grad_norm=4.7567 tensors_with_grad=69/72
[train] step 97: T=576 positions=16 loss=0.2636 ce=0.9857 tv=0.2339 conf=2.0529 grad_norm=2.7611 tensors_with_grad=69/72
[train] step 98: T=674 positions=16 loss=1.2007 ce=2.1899 tv=0.4252 conf=1.5923 grad_norm=7.9909 tensors_with_grad=69/72
[train] step 99: T=535 positions=16 loss=0.3411 ce=0.6640 tv=0.2442 conf=0.9233 grad_norm=1.7525 tensors_with_grad=69/72
[train] step 100: T=975 positions=16 loss=1.5108 ce=3.1070 tv=0.4296 conf=1.7574 grad_norm=4.1146 tensors_with_grad=69/72
[train] step 101: T=1794 positions=16 loss=1.8950 ce=3.4608 tv=0.5081 conf=2.0853 grad_norm=5.7534 tensors_with_grad=69/72
[train] step 102: T=532 positions=16 loss=0.9209 ce=1.6252 tv=0.4138 conf=1.2298 grad_norm=6.7979 tensors_with_grad=69/72
[train] step 103: T=552 positions=16 loss=0.6828 ce=2.1523 tv=0.2848 conf=0.9680 grad_norm=3.0992 tensors_with_grad=69/72
[train] step 104: T=541 positions=16 loss=0.9229 ce=1.9329 tv=0.3652 conf=2.0233 grad_norm=8.7462 tensors_with_grad=69/72
[train] step 105: T=678 positions=16 loss=0.5869 ce=1.2117 tv=0.2679 conf=1.1887 grad_norm=7.6185 tensors_with_grad=69/72
[train] step 106: T=527 positions=16 loss=1.4678 ce=3.0951 tv=0.4959 conf=1.8742 grad_norm=5.5503 tensors_with_grad=69/72
[train] step 107: T=648 positions=16 loss=1.1018 ce=2.3899 tv=0.4250 conf=2.1177 grad_norm=2.8509 tensors_with_grad=69/72
[train] step 108: T=543 positions=16 loss=0.1224 ce=0.3074 tv=0.1117 conf=0.9466 grad_norm=2.7658 tensors_with_grad=69/72
[train] step 109: T=920 positions=16 loss=1.5384 ce=3.4156 tv=0.4744 conf=1.7349 grad_norm=6.6947 tensors_with_grad=69/72
[train] step 110: T=672 positions=16 loss=0.6896 ce=1.5221 tv=0.3263 conf=1.5389 grad_norm=4.2427 tensors_with_grad=69/72
[train] step 111: T=882 positions=16 loss=1.1919 ce=2.3720 tv=0.3783 conf=0.8305 grad_norm=4.2702 tensors_with_grad=69/72
[train] step 112: T=528 positions=16 loss=0.3103 ce=0.6771 tv=0.1907 conf=1.5557 grad_norm=4.2669 tensors_with_grad=69/72
[train] step 113: T=674 positions=16 loss=0.9516 ce=2.3244 tv=0.3817 conf=1.8935 grad_norm=4.8523 tensors_with_grad=69/72
[train] step 114: T=533 positions=16 loss=0.2670 ce=0.5750 tv=0.1627 conf=1.1540 grad_norm=4.4663 tensors_with_grad=69/72
[train] step 115: T=623 positions=16 loss=0.8660 ce=1.5520 tv=0.3507 conf=2.2238 grad_norm=4.2956 tensors_with_grad=69/72
[train] step 116: T=1190 positions=16 loss=1.4264 ce=2.7749 tv=0.3742 conf=1.7426 grad_norm=6.3309 tensors_with_grad=69/72
[train] step 117: T=627 positions=16 loss=0.6710 ce=1.2661 tv=0.2895 conf=1.4972 grad_norm=4.2975 tensors_with_grad=69/72
[train] step 118: T=638 positions=16 loss=1.0323 ce=2.0864 tv=0.4723 conf=1.3632 grad_norm=3.8048 tensors_with_grad=69/72
[train] step 119: T=605 positions=16 loss=1.0370 ce=2.2397 tv=0.4055 conf=1.8346 grad_norm=4.0509 tensors_with_grad=69/72
[train] step 120: T=664 positions=16 loss=0.1072 ce=0.3184 tv=0.1506 conf=1.7322 grad_norm=1.5596 tensors_with_grad=69/72
[train] step 121: T=530 positions=16 loss=0.9998 ce=2.1861 tv=0.3367 conf=0.7355 grad_norm=4.3999 tensors_with_grad=69/72
[train] step 122: T=541 positions=16 loss=0.2505 ce=0.5264 tv=0.1362 conf=0.5662 grad_norm=1.7623 tensors_with_grad=69/72
[train] step 123: T=533 positions=16 loss=0.8065 ce=1.5255 tv=0.2632 conf=0.9329 grad_norm=4.8857 tensors_with_grad=69/72
[train] step 124: T=616 positions=16 loss=0.8778 ce=1.8736 tv=0.3401 conf=1.1317 grad_norm=4.0103 tensors_with_grad=69/72
[train] step 125: T=672 positions=16 loss=1.5501 ce=3.0359 tv=0.5329 conf=2.6380 grad_norm=7.9919 tensors_with_grad=69/72
[train] step 126: T=524 positions=16 loss=1.1827 ce=2.1692 tv=0.4491 conf=1.2245 grad_norm=6.1515 tensors_with_grad=69/72
[train] step 127: T=1177 positions=16 loss=1.5341 ce=2.9781 tv=0.4500 conf=1.6826 grad_norm=6.3606 tensors_with_grad=69/72
[train] step 128: T=543 positions=16 loss=0.4591 ce=1.0040 tv=0.2468 conf=1.6538 grad_norm=3.6229 tensors_with_grad=69/72
[train] step 129: T=537 positions=16 loss=0.5988 ce=1.0702 tv=0.2793 conf=2.4350 grad_norm=6.5568 tensors_with_grad=69/72
[train] step 130: T=533 positions=16 loss=0.5841 ce=1.2110 tv=0.1829 conf=2.3434 grad_norm=5.5791 tensors_with_grad=69/72
[train] step 131: T=532 positions=16 loss=0.9248 ce=2.2867 tv=0.4259 conf=2.2801 grad_norm=3.6810 tensors_with_grad=69/72
[train] step 132: T=572 positions=16 loss=0.2022 ce=0.4343 tv=0.1056 conf=0.7906 grad_norm=0.7964 tensors_with_grad=69/72
[train] step 133: T=531 positions=16 loss=1.6777 ce=3.0902 tv=0.5311 conf=1.1384 grad_norm=5.7187 tensors_with_grad=69/72
[train] step 134: T=553 positions=16 loss=0.4636 ce=1.0060 tv=0.1667 conf=0.4556 grad_norm=5.0928 tensors_with_grad=69/72
[train] step 135: T=540 positions=16 loss=0.5334 ce=1.0309 tv=0.2419 conf=0.7266 grad_norm=5.9747 tensors_with_grad=69/72
[train] step 136: T=532 positions=16 loss=0.6948 ce=1.7641 tv=0.2525 conf=2.3176 grad_norm=2.4078 tensors_with_grad=69/72
[train] step 137: T=552 positions=16 loss=0.7872 ce=1.7261 tv=0.2703 conf=1.1254 grad_norm=3.6046 tensors_with_grad=69/72
[train] step 138: T=565 positions=16 loss=0.4352 ce=0.9021 tv=0.1777 conf=2.1098 grad_norm=2.8235 tensors_with_grad=69/72
[train] step 139: T=534 positions=16 loss=0.4460 ce=0.9605 tv=0.2275 conf=1.8811 grad_norm=3.3193 tensors_with_grad=69/72
[train] step 140: T=1720 positions=16 loss=1.6012 ce=2.9893 tv=0.5509 conf=1.6639 grad_norm=7.6675 tensors_with_grad=69/72
[train] step 141: T=539 positions=16 loss=0.7677 ce=1.8681 tv=0.3438 conf=1.3951 grad_norm=9.9497 tensors_with_grad=69/72
[train] step 142: T=1793 positions=16 loss=2.3619 ce=5.2476 tv=0.5457 conf=2.2273 grad_norm=9.1253 tensors_with_grad=69/72
[train] step 143: T=581 positions=16 loss=0.4136 ce=1.1307 tv=0.2405 conf=2.2993 grad_norm=4.4164 tensors_with_grad=69/72
[train] step 144: T=1033 positions=16 loss=2.4239 ce=4.6036 tv=0.5707 conf=1.7473 grad_norm=9.7187 tensors_with_grad=69/72
[train] step 145: T=544 positions=16 loss=0.4339 ce=0.8282 tv=0.1981 conf=0.8402 grad_norm=2.5204 tensors_with_grad=69/72
[train] step 146: T=1570 positions=16 loss=1.5424 ce=3.3588 tv=0.4679 conf=1.9577 grad_norm=5.9178 tensors_with_grad=69/72
[train] step 147: T=1007 positions=16 loss=1.5412 ce=3.1453 tv=0.4219 conf=2.3133 grad_norm=4.1220 tensors_with_grad=69/72
[train] step 148: T=656 positions=16 loss=0.5792 ce=1.6510 tv=0.2305 conf=1.7316 grad_norm=3.2815 tensors_with_grad=69/72
[train] step 149: T=605 positions=16 loss=0.3400 ce=0.9700 tv=0.2141 conf=1.3540 grad_norm=2.8249 tensors_with_grad=69/72
[train] step 150: T=1792 positions=16 loss=2.3590 ce=4.8360 tv=0.5350 conf=1.4521 grad_norm=5.2155 tensors_with_grad=69/72
[train] step 151: T=535 positions=16 loss=0.3166 ce=0.5837 tv=0.1006 conf=4.4578 grad_norm=2.2877 tensors_with_grad=69/72
[train] step 152: T=550 positions=16 loss=0.8284 ce=1.6168 tv=0.3410 conf=1.4952 grad_norm=3.6493 tensors_with_grad=69/72
[train] step 153: T=608 positions=16 loss=0.5246 ce=1.4684 tv=0.3103 conf=2.2250 grad_norm=5.6795 tensors_with_grad=69/72
[train] step 154: T=901 positions=16 loss=0.9615 ce=1.8666 tv=0.3312 conf=2.0059 grad_norm=5.1119 tensors_with_grad=69/72
[train] step 155: T=527 positions=16 loss=1.2773 ce=2.6388 tv=0.4804 conf=2.4176 grad_norm=5.4798 tensors_with_grad=69/72
[train] step 156: T=1058 positions=16 loss=1.2523 ce=2.7615 tv=0.3995 conf=2.3236 grad_norm=2.7741 tensors_with_grad=69/72
[train] step 157: T=629 positions=16 loss=0.2500 ce=0.5727 tv=0.1918 conf=1.6923 grad_norm=1.6880 tensors_with_grad=69/72
[train] step 158: T=532 positions=16 loss=0.5363 ce=1.0742 tv=0.2055 conf=1.4153 grad_norm=6.5064 tensors_with_grad=69/72
[train] step 159: T=674 positions=16 loss=1.0129 ce=1.9785 tv=0.4101 conf=1.0212 grad_norm=3.7411 tensors_with_grad=69/72
[train] step 160: T=546 positions=16 loss=0.1270 ce=0.3480 tv=0.1288 conf=0.8448 grad_norm=1.3842 tensors_with_grad=69/72
[train] step 161: T=574 positions=16 loss=0.6870 ce=1.4117 tv=0.2724 conf=2.7479 grad_norm=4.1418 tensors_with_grad=69/72
[train] step 162: T=675 positions=16 loss=0.6505 ce=1.5943 tv=0.3067 conf=1.6908 grad_norm=6.3784 tensors_with_grad=69/72
[train] step 163: T=549 positions=16 loss=0.5742 ce=1.1593 tv=0.2820 conf=1.3455 grad_norm=4.1305 tensors_with_grad=69/72
[train] step 164: T=671 positions=16 loss=1.0648 ce=2.0494 tv=0.4565 conf=1.4070 grad_norm=5.0632 tensors_with_grad=69/72
[train] step 165: T=609 positions=16 loss=0.4598 ce=0.9636 tv=0.3145 conf=2.3778 grad_norm=4.1625 tensors_with_grad=69/72
[train] step 166: T=570 positions=16 loss=1.5115 ce=3.4851 tv=0.4180 conf=2.2839 grad_norm=8.5725 tensors_with_grad=69/72
[train] step 167: T=540 positions=16 loss=0.4791 ce=0.9952 tv=0.2340 conf=1.6627 grad_norm=2.0026 tensors_with_grad=69/72
[train] step 168: T=618 positions=16 loss=0.4967 ce=1.2674 tv=0.2778 conf=1.8610 grad_norm=3.2525 tensors_with_grad=69/72
[train] step 169: T=524 positions=16 loss=1.3384 ce=2.6820 tv=0.5034 conf=1.9579 grad_norm=7.4698 tensors_with_grad=69/72
[train] step 170: T=673 positions=16 loss=1.2035 ce=2.4034 tv=0.4605 conf=1.6848 grad_norm=4.5452 tensors_with_grad=69/72
[train] step 171: T=526 positions=16 loss=0.3751 ce=0.7117 tv=0.1926 conf=1.9782 grad_norm=2.8099 tensors_with_grad=69/72
[train] step 172: T=531 positions=16 loss=0.7769 ce=1.4292 tv=0.2634 conf=0.7086 grad_norm=5.5795 tensors_with_grad=69/72
[train] step 173: T=536 positions=16 loss=0.5789 ce=1.2236 tv=0.2433 conf=1.0679 grad_norm=5.1794 tensors_with_grad=69/72
[train] step 174: T=601 positions=16 loss=0.3599 ce=0.7804 tv=0.1873 conf=1.2443 grad_norm=5.7830 tensors_with_grad=69/72
[train] step 175: T=647 positions=16 loss=1.1419 ce=2.3121 tv=0.4537 conf=1.5589 grad_norm=4.5610 tensors_with_grad=69/72
[train] step 176: T=532 positions=16 loss=0.5263 ce=1.0193 tv=0.2605 conf=0.7689 grad_norm=3.7376 tensors_with_grad=69/72
[train] step 177: T=544 positions=16 loss=0.5779 ce=1.2001 tv=0.2180 conf=1.2785 grad_norm=6.2497 tensors_with_grad=69/72
[train] step 178: T=673 positions=16 loss=1.3511 ce=2.6605 tv=0.4910 conf=1.7434 grad_norm=3.4641 tensors_with_grad=69/72
[train] step 179: T=593 positions=16 loss=0.3288 ce=0.6206 tv=0.1745 conf=1.0392 grad_norm=4.7520 tensors_with_grad=69/72
[train] step 180: T=568 positions=16 loss=0.0636 ce=0.4046 tv=0.1094 conf=1.6199 grad_norm=0.9682 tensors_with_grad=69/72
[train] step 181: T=589 positions=16 loss=0.0970 ce=0.3869 tv=0.1481 conf=0.8218 grad_norm=2.2327 tensors_with_grad=69/72
[train] step 182: T=526 positions=16 loss=0.3208 ce=1.0049 tv=0.2222 conf=2.2522 grad_norm=1.9628 tensors_with_grad=69/72
[train] step 183: T=538 positions=16 loss=0.1568 ce=0.4963 tv=0.0939 conf=0.3932 grad_norm=0.8305 tensors_with_grad=69/72
[train] step 184: T=1365 positions=16 loss=1.9906 ce=4.3743 tv=0.5019 conf=2.2748 grad_norm=9.3547 tensors_with_grad=69/72
[train] step 185: T=533 positions=16 loss=0.4391 ce=0.9190 tv=0.2300 conf=1.0201 grad_norm=8.7511 tensors_with_grad=69/72
[train] step 186: T=526 positions=16 loss=1.0348 ce=2.0961 tv=0.5022 conf=2.7286 grad_norm=5.9465 tensors_with_grad=69/72
[train] step 187: T=625 positions=16 loss=0.0373 ce=0.1796 tv=0.1095 conf=1.4851 grad_norm=0.5995 tensors_with_grad=69/72
[train] step 188: T=544 positions=16 loss=1.2864 ce=2.2531 tv=0.4403 conf=1.5653 grad_norm=6.1946 tensors_with_grad=69/72
[train] step 189: T=531 positions=16 loss=1.1497 ce=2.4504 tv=0.4648 conf=1.4502 grad_norm=4.6589 tensors_with_grad=69/72
[train] step 190: T=1057 positions=16 loss=1.3244 ce=2.8001 tv=0.3858 conf=1.3751 grad_norm=5.0009 tensors_with_grad=69/72
[train] step 191: T=1004 positions=16 loss=1.3089 ce=2.7174 tv=0.4470 conf=1.4907 grad_norm=4.8334 tensors_with_grad=69/72
[train] step 192: T=673 positions=16 loss=1.1260 ce=2.1133 tv=0.4310 conf=1.8132 grad_norm=7.3168 tensors_with_grad=69/72
[train] step 193: T=541 positions=16 loss=0.1026 ce=0.4335 tv=0.1097 conf=1.0685 grad_norm=0.8597 tensors_with_grad=69/72
[train] step 194: T=531 positions=16 loss=0.2804 ce=0.6401 tv=0.1560 conf=1.8962 grad_norm=2.6945 tensors_with_grad=69/72
[train] step 195: T=561 positions=16 loss=0.3592 ce=0.6416 tv=0.1792 conf=0.8979 grad_norm=7.8064 tensors_with_grad=69/72
[train] step 196: T=535 positions=16 loss=0.2419 ce=0.6503 tv=0.1967 conf=1.4060 grad_norm=2.3239 tensors_with_grad=69/72
[train] step 197: T=571 positions=16 loss=0.3597 ce=0.9924 tv=0.2645 conf=1.8843 grad_norm=4.6033 tensors_with_grad=69/72
[train] step 198: T=672 positions=16 loss=1.5603 ce=2.7296 tv=0.5396 conf=2.0108 grad_norm=6.5511 tensors_with_grad=69/72
[train] step 199: T=540 positions=16 loss=0.2235 ce=0.4037 tv=0.1103 conf=0.6843 grad_norm=5.0675 tensors_with_grad=69/72
[train] step 200: T=532 positions=16 loss=0.0756 ce=0.1962 tv=0.0601 conf=0.2477 grad_norm=0.7895 tensors_with_grad=69/72
[train] step 201: T=676 positions=16 loss=1.1774 ce=2.2697 tv=0.4443 conf=1.2926 grad_norm=6.2935 tensors_with_grad=69/72
[train] step 202: T=838 positions=16 loss=0.8856 ce=1.7316 tv=0.3311 conf=2.0251 grad_norm=4.0537 tensors_with_grad=69/72
[train] step 203: T=583 positions=16 loss=0.7503 ce=1.7114 tv=0.3345 conf=1.2638 grad_norm=4.4303 tensors_with_grad=69/72
[train] step 204: T=527 positions=16 loss=0.3024 ce=0.8158 tv=0.2145 conf=2.3065 grad_norm=2.1199 tensors_with_grad=69/72
[train] step 205: T=675 positions=16 loss=1.0891 ce=2.2820 tv=0.3516 conf=1.4387 grad_norm=5.4857 tensors_with_grad=69/72
[train] step 206: T=542 positions=16 loss=0.6705 ce=1.3113 tv=0.2809 conf=2.1703 grad_norm=8.0815 tensors_with_grad=69/72
[train] step 207: T=1211 positions=16 loss=1.5325 ce=3.0757 tv=0.4064 conf=1.5551 grad_norm=5.1145 tensors_with_grad=69/72
[train] step 208: T=527 positions=16 loss=0.2205 ce=0.4396 tv=0.0781 conf=0.7179 grad_norm=1.4947 tensors_with_grad=69/72
[train] step 209: T=1106 positions=16 loss=2.1372 ce=4.1554 tv=0.5072 conf=1.4246 grad_norm=6.4574 tensors_with_grad=69/72
[train] step 210: T=533 positions=16 loss=0.2474 ce=0.6092 tv=0.1655 conf=0.8289 grad_norm=3.4202 tensors_with_grad=69/72
[train] step 211: T=1721 positions=16 loss=1.6706 ce=3.3977 tv=0.4888 conf=3.0918 grad_norm=6.1096 tensors_with_grad=69/72
[train] step 212: T=616 positions=16 loss=0.2153 ce=0.4217 tv=0.1530 conf=1.3344 grad_norm=3.1414 tensors_with_grad=69/72
[train] step 213: T=672 positions=16 loss=0.8903 ce=2.0296 tv=0.3891 conf=1.8688 grad_norm=6.3555 tensors_with_grad=69/72
[train] step 214: T=529 positions=16 loss=1.0768 ce=2.1010 tv=0.4539 conf=2.2609 grad_norm=4.7228 tensors_with_grad=69/72
[train] step 215: T=536 positions=16 loss=0.2168 ce=0.8280 tv=0.1536 conf=2.5612 grad_norm=2.5104 tensors_with_grad=69/72
[train] step 216: T=550 positions=16 loss=0.6519 ce=1.3119 tv=0.3114 conf=1.2887 grad_norm=5.0474 tensors_with_grad=69/72
[train] step 217: T=1223 positions=16 loss=2.0513 ce=4.2028 tv=0.5260 conf=2.3651 grad_norm=7.4509 tensors_with_grad=69/72
[train] step 218: T=528 positions=16 loss=0.8447 ce=1.7838 tv=0.3486 conf=1.7226 grad_norm=12.5537 tensors_with_grad=69/72
[train] step 219: T=535 positions=16 loss=0.2787 ce=0.5111 tv=0.1849 conf=1.4420 grad_norm=5.5336 tensors_with_grad=69/72
[train] step 220: T=580 positions=16 loss=0.4789 ce=0.9272 tv=0.2875 conf=1.4769 grad_norm=4.6255 tensors_with_grad=69/72
[train] step 221: T=533 positions=16 loss=0.1034 ce=0.2330 tv=0.0513 conf=0.1358 grad_norm=3.2271 tensors_with_grad=69/72
[train] step 222: T=531 positions=16 loss=0.5382 ce=1.0608 tv=0.2476 conf=1.8198 grad_norm=3.6991 tensors_with_grad=69/72
[train] step 223: T=577 positions=16 loss=0.7779 ce=1.6647 tv=0.3629 conf=1.9480 grad_norm=3.4344 tensors_with_grad=69/72
[train] step 224: T=583 positions=16 loss=0.9613 ce=2.2406 tv=0.3611 conf=2.2087 grad_norm=6.6480 tensors_with_grad=69/72
[train] step 225: T=673 positions=16 loss=1.3540 ce=2.9348 tv=0.4775 conf=1.2847 grad_norm=4.4171 tensors_with_grad=69/72
[train] step 226: T=672 positions=16 loss=0.4469 ce=1.2162 tv=0.2688 conf=2.3264 grad_norm=4.2060 tensors_with_grad=69/72
[train] step 227: T=1189 positions=16 loss=1.4439 ce=2.9148 tv=0.4516 conf=2.6860 grad_norm=6.2617 tensors_with_grad=69/72
[train] step 228: T=534 positions=16 loss=1.3966 ce=2.8335 tv=0.4776 conf=1.3721 grad_norm=7.4003 tensors_with_grad=69/72
[train] step 229: T=531 positions=16 loss=0.4694 ce=1.2471 tv=0.2308 conf=1.0995 grad_norm=6.3097 tensors_with_grad=69/72
[train] step 230: T=678 positions=16 loss=0.7049 ce=1.5083 tv=0.3515 conf=1.7767 grad_norm=3.5287 tensors_with_grad=69/72
[train] step 231: T=525 positions=16 loss=1.0512 ce=2.0022 tv=0.4085 conf=1.5956 grad_norm=3.6401 tensors_with_grad=69/72
[train] step 232: T=674 positions=16 loss=0.3397 ce=0.7597 tv=0.1992 conf=1.9929 grad_norm=4.7491 tensors_with_grad=69/72
[train] step 233: T=550 positions=16 loss=0.1544 ce=0.3848 tv=0.1668 conf=1.2004 grad_norm=4.4382 tensors_with_grad=69/72
[train] step 234: T=534 positions=16 loss=0.6995 ce=1.4691 tv=0.3468 conf=1.6227 grad_norm=4.2027 tensors_with_grad=69/72
[train] step 235: T=607 positions=16 loss=0.5094 ce=1.6477 tv=0.2486 conf=2.0487 grad_norm=6.0771 tensors_with_grad=69/72
[train] step 236: T=529 positions=16 loss=1.3822 ce=3.3955 tv=0.5035 conf=1.5191 grad_norm=6.6807 tensors_with_grad=69/72
[train] step 237: T=538 positions=16 loss=1.2957 ce=2.2227 tv=0.4894 conf=1.6471 grad_norm=4.5593 tensors_with_grad=69/72
[train] step 238: T=538 positions=16 loss=0.4553 ce=0.9021 tv=0.2210 conf=0.7872 grad_norm=6.6972 tensors_with_grad=69/72
[train] step 239: T=538 positions=16 loss=0.3952 ce=0.8577 tv=0.1331 conf=0.3763 grad_norm=2.6104 tensors_with_grad=69/72
[train] step 240: T=851 positions=16 loss=1.8264 ce=3.5204 tv=0.5671 conf=2.0405 grad_norm=6.7377 tensors_with_grad=69/72
[train] step 241: T=533 positions=16 loss=0.5131 ce=1.5110 tv=0.2839 conf=2.3430 grad_norm=5.8275 tensors_with_grad=69/72
[train] step 242: T=1623 positions=16 loss=1.8489 ce=3.8286 tv=0.4714 conf=1.0325 grad_norm=5.7079 tensors_with_grad=69/72
[train] step 243: T=547 positions=16 loss=0.6314 ce=1.2548 tv=0.2865 conf=1.1923 grad_norm=2.7209 tensors_with_grad=69/72
[train] step 244: T=876 positions=16 loss=1.7249 ce=3.5808 tv=0.4183 conf=1.3544 grad_norm=4.1425 tensors_with_grad=69/72
[train] step 245: T=528 positions=16 loss=1.1474 ce=2.1552 tv=0.2762 conf=0.5516 grad_norm=5.0322 tensors_with_grad=69/72
[train] step 246: T=652 positions=16 loss=1.2161 ce=2.7004 tv=0.4828 conf=2.2204 grad_norm=4.4507 tensors_with_grad=69/72
[train] step 247: T=611 positions=16 loss=0.1783 ce=0.6210 tv=0.2064 conf=1.3861 grad_norm=5.2162 tensors_with_grad=69/72
[train] step 248: T=588 positions=16 loss=0.1871 ce=0.5603 tv=0.1165 conf=1.7015 grad_norm=1.9585 tensors_with_grad=69/72
[train] step 249: T=554 positions=16 loss=0.6022 ce=1.2370 tv=0.2418 conf=2.2242 grad_norm=3.8190 tensors_with_grad=69/72
[train] step 250: T=592 positions=16 loss=0.9159 ce=1.8117 tv=0.3432 conf=1.2770 grad_norm=4.8741 tensors_with_grad=69/72
[train] step 251: T=540 positions=16 loss=0.2675 ce=1.4232 tv=0.1918 conf=0.8439 grad_norm=2.3253 tensors_with_grad=69/72
[train] step 252: T=537 positions=16 loss=0.3599 ce=0.9055 tv=0.2634 conf=1.2321 grad_norm=2.6441 tensors_with_grad=69/72
[train] step 253: T=673 positions=16 loss=0.3947 ce=0.8937 tv=0.2389 conf=1.0388 grad_norm=4.3081 tensors_with_grad=69/72
[train] step 254: T=575 positions=16 loss=0.1796 ce=0.4176 tv=0.1409 conf=0.8894 grad_norm=1.4053 tensors_with_grad=69/72
[train] step 255: T=545 positions=16 loss=1.2116 ce=2.3979 tv=0.4067 conf=1.4874 grad_norm=4.4536 tensors_with_grad=69/72
[train] step 256: T=540 positions=16 loss=0.4662 ce=0.9560 tv=0.2362 conf=1.1204 grad_norm=3.7996 tensors_with_grad=69/72
[train] step 257: T=525 positions=16 loss=0.7717 ce=1.6005 tv=0.3244 conf=1.0844 grad_norm=5.2554 tensors_with_grad=69/72
[train] step 258: T=1002 positions=16 loss=1.7282 ce=3.6917 tv=0.5293 conf=1.3136 grad_norm=6.4418 tensors_with_grad=69/72
[train] step 259: T=599 positions=16 loss=0.7335 ce=1.3062 tv=0.2091 conf=0.6622 grad_norm=5.5868 tensors_with_grad=69/72
[train] step 260: T=566 positions=16 loss=0.3460 ce=0.8034 tv=0.2125 conf=1.3940 grad_norm=3.7450 tensors_with_grad=69/72
[train] step 261: T=542 positions=16 loss=0.6025 ce=1.5256 tv=0.3308 conf=1.6264 grad_norm=2.4772 tensors_with_grad=69/72
[train] step 262: T=571 positions=16 loss=1.5249 ce=3.0304 tv=0.4337 conf=1.0942 grad_norm=5.7798 tensors_with_grad=69/72
[train] step 263: T=551 positions=16 loss=1.6041 ce=3.0610 tv=0.3902 conf=2.1842 grad_norm=5.9379 tensors_with_grad=69/72
[train] step 264: T=557 positions=16 loss=0.7300 ce=1.6148 tv=0.3370 conf=1.8365 grad_norm=5.0996 tensors_with_grad=69/72
[train] step 265: T=1795 positions=16 loss=2.1629 ce=4.0254 tv=0.5427 conf=2.4715 grad_norm=13.9252 tensors_with_grad=69/72
[train] step 266: T=654 positions=16 loss=0.9124 ce=1.6347 tv=0.3745 conf=1.3875 grad_norm=5.8239 tensors_with_grad=69/72
[train] step 267: T=1011 positions=16 loss=1.4642 ce=2.7097 tv=0.4102 conf=1.3967 grad_norm=4.1058 tensors_with_grad=69/72
[train] step 268: T=673 positions=16 loss=0.6932 ce=1.7649 tv=0.3950 conf=2.0320 grad_norm=4.2311 tensors_with_grad=69/72
[train] step 269: T=588 positions=16 loss=1.1060 ce=2.3534 tv=0.3369 conf=1.7227 grad_norm=5.8033 tensors_with_grad=69/72
[train] step 270: T=540 positions=16 loss=0.5967 ce=1.3771 tv=0.3130 conf=2.6487 grad_norm=6.6802 tensors_with_grad=69/72
[train] step 271: T=667 positions=16 loss=0.1863 ce=0.5141 tv=0.1698 conf=0.9678 grad_norm=1.3924 tensors_with_grad=69/72
[train] step 272: T=952 positions=16 loss=1.2884 ce=2.4304 tv=0.4415 conf=2.2079 grad_norm=4.1411 tensors_with_grad=69/72
[train] step 273: T=862 positions=16 loss=1.2425 ce=2.2019 tv=0.4330 conf=1.8085 grad_norm=5.6173 tensors_with_grad=69/72
[train] step 274: T=945 positions=16 loss=2.0459 ce=4.2571 tv=0.5229 conf=2.0813 grad_norm=9.2720 tensors_with_grad=69/72
[train] step 275: T=545 positions=16 loss=0.9767 ce=1.9701 tv=0.4034 conf=1.2554 grad_norm=3.8301 tensors_with_grad=69/72
[train] step 276: T=677 positions=16 loss=0.7114 ce=1.5737 tv=0.2627 conf=1.2976 grad_norm=4.8389 tensors_with_grad=69/72
[train] step 277: T=659 positions=16 loss=1.2425 ce=2.4023 tv=0.3582 conf=0.9107 grad_norm=5.7476 tensors_with_grad=69/72
[train] step 278: T=676 positions=16 loss=0.6013 ce=1.2395 tv=0.2691 conf=1.8709 grad_norm=10.0428 tensors_with_grad=69/72
[train] step 279: T=525 positions=16 loss=1.0400 ce=1.8905 tv=0.4564 conf=2.0706 grad_norm=5.7259 tensors_with_grad=69/72
[train] step 280: T=568 positions=16 loss=0.5497 ce=1.3821 tv=0.2859 conf=1.8248 grad_norm=5.4875 tensors_with_grad=69/72
[train] step 281: T=613 positions=16 loss=0.2491 ce=0.8390 tv=0.2177 conf=1.6593 grad_norm=3.2559 tensors_with_grad=69/72
[train] step 282: T=535 positions=16 loss=0.5926 ce=0.8727 tv=0.2316 conf=2.2912 grad_norm=4.1109 tensors_with_grad=69/72
[train] step 283: T=524 positions=16 loss=0.6766 ce=1.3360 tv=0.3124 conf=1.5617 grad_norm=7.0860 tensors_with_grad=69/72
[train] step 284: T=529 positions=16 loss=0.7560 ce=1.5264 tv=0.3490 conf=1.7498 grad_norm=4.6310 tensors_with_grad=69/72
[train] step 285: T=549 positions=16 loss=0.5459 ce=1.0549 tv=0.2294 conf=1.0222 grad_norm=2.4037 tensors_with_grad=69/72
[train] step 286: T=878 positions=16 loss=1.3104 ce=2.4346 tv=0.4345 conf=1.8539 grad_norm=6.2773 tensors_with_grad=69/72
[train] step 287: T=570 positions=16 loss=0.5738 ce=1.1694 tv=0.2701 conf=1.4397 grad_norm=5.0258 tensors_with_grad=69/72
[train] step 288: T=675 positions=16 loss=0.7227 ce=1.5266 tv=0.3122 conf=1.0180 grad_norm=9.7109 tensors_with_grad=69/72
[train] step 289: T=590 positions=16 loss=0.8261 ce=1.5348 tv=0.3883 conf=2.2554 grad_norm=4.6100 tensors_with_grad=69/72
[train] step 290: T=619 positions=16 loss=0.2866 ce=0.6450 tv=0.1921 conf=1.4243 grad_norm=1.9616 tensors_with_grad=69/72
[train] step 291: T=540 positions=16 loss=0.3539 ce=0.7379 tv=0.1544 conf=0.4633 grad_norm=3.9017 tensors_with_grad=69/72
[train] step 292: T=557 positions=16 loss=1.5634 ce=2.4365 tv=0.4366 conf=1.6106 grad_norm=8.7308 tensors_with_grad=69/72
[train] step 293: T=674 positions=16 loss=1.3578 ce=2.3571 tv=0.4743 conf=1.2970 grad_norm=4.7695 tensors_with_grad=69/72
[train] step 294: T=551 positions=16 loss=0.5824 ce=1.4941 tv=0.2054 conf=0.8939 grad_norm=4.4385 tensors_with_grad=69/72
[train] step 295: T=536 positions=16 loss=0.7612 ce=1.5167 tv=0.3460 conf=1.8802 grad_norm=4.9925 tensors_with_grad=69/72
[train] step 296: T=562 positions=16 loss=0.3832 ce=0.7196 tv=0.2194 conf=1.3281 grad_norm=3.0972 tensors_with_grad=69/72
[train] step 297: T=914 positions=16 loss=1.6153 ce=2.9864 tv=0.4228 conf=1.5675 grad_norm=6.8652 tensors_with_grad=69/72
[train] step 298: T=603 positions=16 loss=0.6198 ce=1.3612 tv=0.2773 conf=1.6377 grad_norm=3.7429 tensors_with_grad=69/72
[train] step 299: T=637 positions=16 loss=0.5539 ce=1.6728 tv=0.2806 conf=1.8928 grad_norm=3.4922 tensors_with_grad=69/72
[train] step 300: T=678 positions=16 loss=1.1726 ce=2.0141 tv=0.4094 conf=1.4181 grad_norm=5.1511 tensors_with_grad=69/72
[train] step 301: T=1167 positions=16 loss=1.6245 ce=3.4050 tv=0.4926 conf=2.0493 grad_norm=4.4937 tensors_with_grad=69/72
[train] step 302: T=590 positions=16 loss=0.1073 ce=0.3151 tv=0.1111 conf=0.5602 grad_norm=1.7806 tensors_with_grad=69/72
[train] step 303: T=539 positions=16 loss=0.2461 ce=0.9219 tv=0.1921 conf=1.1170 grad_norm=1.8781 tensors_with_grad=69/72
[train] step 304: T=1006 positions=16 loss=1.0784 ce=2.2878 tv=0.3860 conf=2.3404 grad_norm=7.4132 tensors_with_grad=69/72
[train] step 305: T=528 positions=16 loss=1.9539 ce=3.5826 tv=0.5834 conf=1.2242 grad_norm=8.7607 tensors_with_grad=69/72
[train] step 306: T=535 positions=16 loss=0.6000 ce=1.4971 tv=0.3474 conf=1.5299 grad_norm=2.1327 tensors_with_grad=69/72
[train] step 307: T=607 positions=16 loss=0.5335 ce=1.0266 tv=0.2537 conf=1.6246 grad_norm=4.4531 tensors_with_grad=69/72
[train] step 308: T=540 positions=16 loss=0.0951 ce=0.2977 tv=0.1115 conf=1.0121 grad_norm=1.2529 tensors_with_grad=69/72
[train] step 309: T=1532 positions=16 loss=1.3898 ce=2.9593 tv=0.4075 conf=1.2942 grad_norm=9.0326 tensors_with_grad=69/72
[train] step 310: T=532 positions=16 loss=0.7080 ce=1.5515 tv=0.2484 conf=1.0565 grad_norm=6.8377 tensors_with_grad=69/72
[train] step 311: T=1716 positions=16 loss=1.8585 ce=3.7292 tv=0.4907 conf=1.9217 grad_norm=4.4493 tensors_with_grad=69/72
[train] step 312: T=545 positions=16 loss=0.7019 ce=1.5738 tv=0.3010 conf=2.4041 grad_norm=3.6823 tensors_with_grad=69/72
[train] step 313: T=606 positions=16 loss=0.6740 ce=1.6377 tv=0.3268 conf=1.6620 grad_norm=5.7853 tensors_with_grad=69/72
[train] step 314: T=582 positions=16 loss=0.2888 ce=0.7204 tv=0.2071 conf=1.0235 grad_norm=3.1314 tensors_with_grad=69/72
[train] step 315: T=615 positions=16 loss=1.0635 ce=2.1121 tv=0.3594 conf=1.4146 grad_norm=7.2487 tensors_with_grad=69/72
[train] step 316: T=534 positions=16 loss=0.6781 ce=1.3706 tv=0.3045 conf=1.2300 grad_norm=5.3888 tensors_with_grad=69/72
[train] step 317: T=542 positions=16 loss=0.5149 ce=1.0659 tv=0.2482 conf=1.3723 grad_norm=7.3082 tensors_with_grad=69/72
[train] step 318: T=626 positions=16 loss=0.4444 ce=0.9617 tv=0.2502 conf=1.4995 grad_norm=3.3577 tensors_with_grad=69/72
[train] step 319: T=525 positions=16 loss=0.8601 ce=1.7271 tv=0.3763 conf=1.4039 grad_norm=5.7535 tensors_with_grad=69/72
[train] step 320: T=627 positions=16 loss=0.0833 ce=0.3300 tv=0.1937 conf=3.3000 grad_norm=0.9078 tensors_with_grad=69/72
[train] step 321: T=641 positions=16 loss=0.6197 ce=1.4852 tv=0.2645 conf=1.1810 grad_norm=3.4949 tensors_with_grad=69/72
[train] step 322: T=605 positions=16 loss=0.3681 ce=0.7897 tv=0.2311 conf=1.8107 grad_norm=3.0852 tensors_with_grad=69/72
[train] step 323: T=532 positions=16 loss=0.7434 ce=1.2465 tv=0.2213 conf=1.1049 grad_norm=3.0736 tensors_with_grad=69/72
[train] step 324: T=526 positions=16 loss=1.2129 ce=2.3929 tv=0.4670 conf=1.5136 grad_norm=3.7812 tensors_with_grad=69/72
[train] step 325: T=545 positions=16 loss=0.2893 ce=0.5896 tv=0.1720 conf=1.0933 grad_norm=3.5260 tensors_with_grad=69/72
[train] step 326: T=561 positions=16 loss=0.8740 ce=2.1071 tv=0.3161 conf=2.3369 grad_norm=4.1672 tensors_with_grad=69/72
[train] step 327: T=540 positions=16 loss=0.4834 ce=0.9040 tv=0.2252 conf=1.1165 grad_norm=6.2177 tensors_with_grad=69/72
[train] step 328: T=1025 positions=16 loss=1.7077 ce=3.4843 tv=0.5078 conf=2.4007 grad_norm=3.8421 tensors_with_grad=69/72
[train] step 329: T=1316 positions=16 loss=1.5491 ce=2.9207 tv=0.3969 conf=1.1840 grad_norm=3.9519 tensors_with_grad=69/72
[train] step 330: T=593 positions=16 loss=1.2228 ce=3.1192 tv=0.4722 conf=2.7061 grad_norm=4.8178 tensors_with_grad=69/72
[train] step 331: T=1364 positions=16 loss=2.1906 ce=3.9870 tv=0.5127 conf=0.8538 grad_norm=8.5175 tensors_with_grad=69/72
[train] step 332: T=563 positions=16 loss=1.2452 ce=2.1247 tv=0.3323 conf=1.2645 grad_norm=4.4010 tensors_with_grad=69/72
[train] step 333: T=621 positions=16 loss=0.8873 ce=2.0836 tv=0.3620 conf=1.4360 grad_norm=4.2721 tensors_with_grad=69/72
[train] step 334: T=1798 positions=16 loss=1.3465 ce=2.8841 tv=0.4242 conf=2.9919 grad_norm=4.0343 tensors_with_grad=69/72
[train] step 335: T=565 positions=16 loss=1.2546 ce=2.1387 tv=0.4333 conf=1.8271 grad_norm=10.0190 tensors_with_grad=69/72
[train] step 336: T=592 positions=16 loss=0.4435 ce=0.9421 tv=0.2751 conf=1.6503 grad_norm=6.7360 tensors_with_grad=69/72
[train] step 337: T=559 positions=16 loss=0.2730 ce=0.6228 tv=0.1225 conf=0.8756 grad_norm=2.8527 tensors_with_grad=69/72
[train] step 338: T=538 positions=16 loss=0.0533 ce=0.2674 tv=0.0997 conf=0.3585 grad_norm=0.9233 tensors_with_grad=69/72
[train] step 339: T=554 positions=16 loss=0.8970 ce=1.9255 tv=0.3287 conf=1.7111 grad_norm=4.3800 tensors_with_grad=69/72
[train] step 340: T=577 positions=16 loss=1.4013 ce=2.7120 tv=0.4869 conf=1.6968 grad_norm=6.0539 tensors_with_grad=69/72
[train] step 341: T=630 positions=16 loss=0.2609 ce=0.6169 tv=0.1460 conf=0.8047 grad_norm=5.2863 tensors_with_grad=69/72
[train] step 342: T=672 positions=16 loss=1.0307 ce=1.7704 tv=0.3573 conf=0.9668 grad_norm=8.2513 tensors_with_grad=69/72
[train] step 343: T=536 positions=16 loss=0.2074 ce=0.5307 tv=0.1382 conf=1.4143 grad_norm=2.6067 tensors_with_grad=69/72
[train] step 344: T=528 positions=16 loss=0.4520 ce=1.1322 tv=0.2293 conf=1.6922 grad_norm=2.2358 tensors_with_grad=69/72
[train] step 345: T=547 positions=16 loss=0.7995 ce=1.5135 tv=0.3311 conf=1.3148 grad_norm=4.3680 tensors_with_grad=69/72
[train] step 346: T=639 positions=16 loss=0.2257 ce=0.6051 tv=0.1547 conf=0.9627 grad_norm=2.2034 tensors_with_grad=69/72
[train] step 347: T=602 positions=16 loss=0.5531 ce=1.6257 tv=0.2549 conf=1.3437 grad_norm=7.4979 tensors_with_grad=69/72
[train] step 348: T=665 positions=16 loss=0.1548 ce=0.5796 tv=0.1533 conf=1.0564 grad_norm=1.0130 tensors_with_grad=69/72
[train] step 349: T=600 positions=16 loss=1.2264 ce=2.3370 tv=0.4138 conf=1.4677 grad_norm=27.3519 tensors_with_grad=69/72
[train] step 350: T=1649 positions=16 loss=2.3952 ce=4.4078 tv=0.5404 conf=1.5205 grad_norm=8.5892 tensors_with_grad=69/72
[train] step 351: T=1232 positions=16 loss=1.5252 ce=2.8200 tv=0.5418 conf=2.2058 grad_norm=4.2831 tensors_with_grad=69/72
[train] step 352: T=528 positions=16 loss=1.1270 ce=1.7358 tv=0.4245 conf=0.9532 grad_norm=6.2934 tensors_with_grad=69/72
[train] step 353: T=1067 positions=16 loss=1.5900 ce=3.3072 tv=0.5132 conf=2.1366 grad_norm=6.6335 tensors_with_grad=69/72
[train] step 354: T=524 positions=16 loss=1.6305 ce=3.1956 tv=0.4946 conf=1.7125 grad_norm=6.0480 tensors_with_grad=69/72
[train] step 355: T=634 positions=16 loss=0.3457 ce=0.9417 tv=0.3019 conf=2.0146 grad_norm=2.5008 tensors_with_grad=69/72
[train] step 356: T=593 positions=16 loss=0.3789 ce=1.0811 tv=0.2233 conf=1.8299 grad_norm=4.7009 tensors_with_grad=69/72
[train] step 357: T=524 positions=16 loss=0.8712 ce=1.6475 tv=0.3971 conf=1.8150 grad_norm=7.1335 tensors_with_grad=69/72
[train] step 358: T=574 positions=16 loss=0.5533 ce=1.3343 tv=0.3118 conf=1.4057 grad_norm=6.6229 tensors_with_grad=69/72
[train] step 359: T=602 positions=16 loss=0.5329 ce=0.9600 tv=0.2808 conf=1.3788 grad_norm=3.7781 tensors_with_grad=69/72
[train] step 360: T=573 positions=16 loss=0.3364 ce=0.7615 tv=0.1483 conf=0.5191 grad_norm=5.1429 tensors_with_grad=69/72
[train] step 361: T=677 positions=16 loss=0.8905 ce=1.5997 tv=0.3244 conf=1.8420 grad_norm=5.1913 tensors_with_grad=69/72
[train] step 362: T=568 positions=16 loss=1.5651 ce=2.8928 tv=0.5456 conf=1.8808 grad_norm=6.0096 tensors_with_grad=69/72
[train] step 363: T=961 positions=16 loss=1.0132 ce=2.2070 tv=0.4047 conf=2.6177 grad_norm=6.1151 tensors_with_grad=69/72
[train] step 364: T=569 positions=16 loss=1.1365 ce=2.3320 tv=0.4525 conf=1.3898 grad_norm=6.0701 tensors_with_grad=69/72
[train] step 365: T=533 positions=16 loss=0.6671 ce=1.3995 tv=0.3100 conf=2.6650 grad_norm=7.5860 tensors_with_grad=69/72
[train] step 366: T=539 positions=16 loss=0.6915 ce=1.3542 tv=0.3681 conf=1.2640 grad_norm=3.0944 tensors_with_grad=69/72
[train] step 367: T=562 positions=16 loss=0.4815 ce=1.0797 tv=0.2239 conf=0.9507 grad_norm=3.8006 tensors_with_grad=69/72
[train] step 368: T=531 positions=16 loss=0.4776 ce=0.8387 tv=0.1718 conf=0.3150 grad_norm=3.1202 tensors_with_grad=69/72
[train] step 369: T=539 positions=16 loss=1.0554 ce=2.2627 tv=0.3974 conf=1.0119 grad_norm=10.1570 tensors_with_grad=69/72
[train] step 370: T=618 positions=16 loss=0.7106 ce=1.4725 tv=0.3104 conf=1.5546 grad_norm=5.5105 tensors_with_grad=69/72
[train] step 371: T=535 positions=16 loss=0.0605 ce=0.2199 tv=0.0668 conf=0.5594 grad_norm=0.7887 tensors_with_grad=69/72
[train] step 372: T=675 positions=16 loss=1.2555 ce=2.4006 tv=0.4692 conf=2.1643 grad_norm=6.4601 tensors_with_grad=69/72
[train] step 373: T=606 positions=16 loss=0.1028 ce=0.4093 tv=0.0945 conf=0.6645 grad_norm=2.9046 tensors_with_grad=69/72
[train] step 374: T=529 positions=16 loss=0.9896 ce=1.8333 tv=0.3881 conf=1.2310 grad_norm=5.9230 tensors_with_grad=69/72
[train] step 375: T=529 positions=16 loss=1.7881 ce=3.3456 tv=0.5930 conf=2.1306 grad_norm=5.2803 tensors_with_grad=69/72
[train] step 376: T=530 positions=16 loss=1.0749 ce=1.9071 tv=0.4162 conf=1.6385 grad_norm=3.8656 tensors_with_grad=69/72
[train] step 377: T=1003 positions=16 loss=1.1242 ce=2.1727 tv=0.3260 conf=1.1249 grad_norm=4.5780 tensors_with_grad=69/72
[train] step 378: T=551 positions=16 loss=0.6693 ce=2.1127 tv=0.2945 conf=1.8641 grad_norm=3.8076 tensors_with_grad=69/72
[train] step 379: T=810 positions=16 loss=0.8603 ce=1.7455 tv=0.2701 conf=1.3956 grad_norm=3.3052 tensors_with_grad=69/72
[train] step 380: T=533 positions=16 loss=0.4040 ce=0.8111 tv=0.2135 conf=1.5775 grad_norm=3.9686 tensors_with_grad=69/72
[train] step 381: T=672 positions=16 loss=1.0610 ce=2.1425 tv=0.4869 conf=1.5631 grad_norm=5.0215 tensors_with_grad=69/72
[train] step 382: T=1041 positions=16 loss=1.6685 ce=3.7700 tv=0.4007 conf=1.7722 grad_norm=10.2777 tensors_with_grad=69/72
[train] step 383: T=599 positions=16 loss=0.6558 ce=1.0218 tv=0.2559 conf=1.2642 grad_norm=5.0932 tensors_with_grad=69/72
[train] step 384: T=678 positions=16 loss=0.2199 ce=0.5907 tv=0.1973 conf=1.3201 grad_norm=2.9262 tensors_with_grad=69/72
[train] step 385: T=672 positions=16 loss=1.1815 ce=2.3296 tv=0.4073 conf=1.7521 grad_norm=8.0546 tensors_with_grad=69/72
[train] step 386: T=570 positions=16 loss=1.7365 ce=3.0314 tv=0.5368 conf=1.1857 grad_norm=11.1775 tensors_with_grad=69/72
[train] step 387: T=1218 positions=16 loss=1.8561 ce=4.1092 tv=0.5357 conf=2.6246 grad_norm=8.2980 tensors_with_grad=69/72
[train] step 388: T=529 positions=16 loss=0.4725 ce=0.9710 tv=0.2340 conf=0.8107 grad_norm=3.9202 tensors_with_grad=69/72
[train] step 389: T=532 positions=16 loss=0.4340 ce=1.0887 tv=0.2561 conf=1.5972 grad_norm=3.7301 tensors_with_grad=69/72
[train] step 390: T=541 positions=16 loss=0.2979 ce=0.7763 tv=0.1578 conf=0.8741 grad_norm=1.8671 tensors_with_grad=69/72
[train] step 391: T=531 positions=16 loss=0.6647 ce=1.2775 tv=0.2812 conf=1.3581 grad_norm=4.7673 tensors_with_grad=69/72
[train] step 392: T=630 positions=16 loss=0.5547 ce=1.1602 tv=0.1923 conf=1.1095 grad_norm=3.1488 tensors_with_grad=69/72
[train] step 393: T=1225 positions=16 loss=1.7109 ce=3.3499 tv=0.4906 conf=2.6485 grad_norm=4.1844 tensors_with_grad=69/72
[train] step 394: T=622 positions=16 loss=1.0537 ce=1.7783 tv=0.3613 conf=1.2564 grad_norm=7.3934 tensors_with_grad=69/72
[train] step 395: T=950 positions=16 loss=1.1952 ce=2.2241 tv=0.3864 conf=2.0083 grad_norm=3.9864 tensors_with_grad=69/72
[train] step 396: T=537 positions=16 loss=0.2076 ce=0.5358 tv=0.0979 conf=0.3652 grad_norm=1.3792 tensors_with_grad=69/72
[train] step 397: T=616 positions=16 loss=0.1542 ce=0.4177 tv=0.1271 conf=0.7618 grad_norm=1.9278 tensors_with_grad=69/72
[train] step 398: T=532 positions=16 loss=0.1054 ce=0.2759 tv=0.1109 conf=1.5134 grad_norm=2.0569 tensors_with_grad=69/72
[train] step 399: T=587 positions=16 loss=0.2365 ce=0.5044 tv=0.1633 conf=0.9077 grad_norm=2.0270 tensors_with_grad=69/72
[train] step 400: T=611 positions=16 loss=0.9363 ce=2.0491 tv=0.3438 conf=1.8761 grad_norm=4.5390 tensors_with_grad=69/72
[train] step 401: T=534 positions=16 loss=0.2735 ce=0.5887 tv=0.1639 conf=0.6404 grad_norm=1.8569 tensors_with_grad=69/72
[train] step 402: T=532 positions=16 loss=0.0620 ce=0.1665 tv=0.0846 conf=0.5607 grad_norm=0.6054 tensors_with_grad=69/72
[train] step 403: T=525 positions=16 loss=0.5396 ce=1.1931 tv=0.1897 conf=1.7365 grad_norm=2.5723 tensors_with_grad=69/72
[train] step 404: T=628 positions=16 loss=0.6766 ce=1.6316 tv=0.3143 conf=1.9046 grad_norm=2.9923 tensors_with_grad=69/72
[train] step 405: T=940 positions=16 loss=1.4682 ce=3.1794 tv=0.4253 conf=2.3103 grad_norm=8.0173 tensors_with_grad=69/72
[train] step 406: T=672 positions=16 loss=0.2617 ce=0.8903 tv=0.2437 conf=1.2443 grad_norm=3.3868 tensors_with_grad=69/72
[train] step 407: T=642 positions=16 loss=1.2236 ce=2.4025 tv=0.4483 conf=2.1909 grad_norm=5.5978 tensors_with_grad=69/72
[train] step 408: T=673 positions=16 loss=0.8080 ce=1.6824 tv=0.4377 conf=2.6593 grad_norm=5.7219 tensors_with_grad=69/72
[train] step 409: T=532 positions=16 loss=0.5733 ce=1.2941 tv=0.2552 conf=1.9036 grad_norm=2.9454 tensors_with_grad=69/72
[train] step 410: T=528 positions=16 loss=1.2376 ce=2.4471 tv=0.4756 conf=1.8655 grad_norm=9.4648 tensors_with_grad=69/72
[train] step 411: T=585 positions=16 loss=0.9123 ce=1.7900 tv=0.3831 conf=1.6556 grad_norm=3.5914 tensors_with_grad=69/72
[train] step 412: T=544 positions=16 loss=0.1753 ce=0.4843 tv=0.1339 conf=0.9298 grad_norm=3.2025 tensors_with_grad=69/72
[train] step 413: T=544 positions=16 loss=0.1441 ce=0.5304 tv=0.1615 conf=1.0788 grad_norm=1.2451 tensors_with_grad=69/72
[train] step 414: T=674 positions=16 loss=0.9705 ce=2.1012 tv=0.4050 conf=1.5650 grad_norm=6.2632 tensors_with_grad=69/72
[train] step 415: T=558 positions=16 loss=0.2757 ce=0.6511 tv=0.1988 conf=1.3125 grad_norm=5.7090 tensors_with_grad=69/72
[train] step 416: T=596 positions=16 loss=0.5441 ce=1.0571 tv=0.3064 conf=2.0393 grad_norm=5.9479 tensors_with_grad=69/72
[train] step 417: T=644 positions=16 loss=0.7559 ce=1.5712 tv=0.4033 conf=2.1151 grad_norm=3.5764 tensors_with_grad=69/72
[train] step 418: T=676 positions=16 loss=0.5484 ce=1.2110 tv=0.2717 conf=1.2652 grad_norm=6.8797 tensors_with_grad=69/72
[train] step 419: T=643 positions=16 loss=0.7812 ce=1.6145 tv=0.4031 conf=1.8078 grad_norm=3.4248 tensors_with_grad=69/72
[train] step 420: T=526 positions=16 loss=0.3307 ce=0.4816 tv=0.1042 conf=0.1898 grad_norm=2.0960 tensors_with_grad=69/72
[train] step 421: T=540 positions=16 loss=0.1651 ce=0.3416 tv=0.1012 conf=0.9462 grad_norm=1.2678 tensors_with_grad=69/72
[train] step 422: T=665 positions=16 loss=1.3496 ce=2.7101 tv=0.4642 conf=2.0138 grad_norm=7.2857 tensors_with_grad=69/72
[train] step 423: T=530 positions=16 loss=1.0724 ce=1.7840 tv=0.3702 conf=2.6292 grad_norm=8.7881 tensors_with_grad=69/72
[train] step 424: T=526 positions=16 loss=0.9573 ce=1.9768 tv=0.2954 conf=0.6872 grad_norm=8.3266 tensors_with_grad=69/72
[train] step 425: T=539 positions=16 loss=0.1665 ce=0.5948 tv=0.1636 conf=0.9222 grad_norm=2.2015 tensors_with_grad=69/72
[train] step 426: T=548 positions=16 loss=0.7539 ce=1.9478 tv=0.3336 conf=1.6211 grad_norm=6.4620 tensors_with_grad=69/72
[train] step 427: T=545 positions=16 loss=0.6330 ce=1.7612 tv=0.2265 conf=0.8122 grad_norm=3.9384 tensors_with_grad=69/72
[train] step 428: T=889 positions=16 loss=1.5652 ce=3.1455 tv=0.4665 conf=1.2137 grad_norm=7.9280 tensors_with_grad=69/72
[train] step 429: T=673 positions=16 loss=0.8411 ce=1.7565 tv=0.3007 conf=0.9257 grad_norm=3.3551 tensors_with_grad=69/72
[train] step 430: T=597 positions=16 loss=0.1094 ce=0.3266 tv=0.1458 conf=0.9511 grad_norm=2.2980 tensors_with_grad=69/72
[train] step 431: T=601 positions=16 loss=0.5064 ce=1.5415 tv=0.2666 conf=1.2539 grad_norm=4.0946 tensors_with_grad=69/72
[train] step 432: T=525 positions=16 loss=0.9839 ce=2.3052 tv=0.4801 conf=2.1475 grad_norm=4.9526 tensors_with_grad=69/72
[train] step 433: T=541 positions=16 loss=0.1477 ce=0.2873 tv=0.1267 conf=0.6726 grad_norm=1.5034 tensors_with_grad=69/72
[train] step 434: T=561 positions=16 loss=0.4731 ce=0.9094 tv=0.2301 conf=1.5308 grad_norm=4.6649 tensors_with_grad=69/72
[train] step 435: T=556 positions=16 loss=0.5030 ce=1.2931 tv=0.1981 conf=0.7504 grad_norm=2.8136 tensors_with_grad=69/72
[train] step 436: T=541 positions=16 loss=0.1297 ce=0.3796 tv=0.1254 conf=1.1339 grad_norm=2.1929 tensors_with_grad=69/72
[train] step 437: T=582 positions=16 loss=1.2935 ce=2.2034 tv=0.4056 conf=1.0821 grad_norm=7.1558 tensors_with_grad=69/72
[train] step 438: T=543 positions=16 loss=0.7531 ce=1.8828 tv=0.2816 conf=1.1727 grad_norm=5.1808 tensors_with_grad=69/72
[train] step 439: T=636 positions=16 loss=0.5696 ce=1.0747 tv=0.3424 conf=1.2030 grad_norm=2.7829 tensors_with_grad=69/72
[train] step 440: T=530 positions=16 loss=0.9010 ce=1.9197 tv=0.4408 conf=2.1078 grad_norm=3.0702 tensors_with_grad=69/72
[train] step 441: T=581 positions=16 loss=0.7588 ce=1.1707 tv=0.3173 conf=0.9600 grad_norm=6.2670 tensors_with_grad=69/72
[train] step 442: T=569 positions=16 loss=0.5772 ce=1.2751 tv=0.2535 conf=1.0201 grad_norm=3.8275 tensors_with_grad=69/72
[train] step 443: T=573 positions=16 loss=0.8631 ce=1.6019 tv=0.2765 conf=2.0517 grad_norm=4.3559 tensors_with_grad=69/72
[train] step 444: T=543 positions=16 loss=1.2537 ce=2.7418 tv=0.4332 conf=1.7795 grad_norm=8.5679 tensors_with_grad=69/72
[train] step 445: T=546 positions=16 loss=0.2827 ce=0.6832 tv=0.1393 conf=0.9298 grad_norm=3.9316 tensors_with_grad=69/72
[train] step 446: T=672 positions=16 loss=1.1909 ce=2.3338 tv=0.5152 conf=2.6652 grad_norm=5.7202 tensors_with_grad=69/72
[train] step 447: T=604 positions=16 loss=1.4392 ce=3.1457 tv=0.4417 conf=1.1241 grad_norm=9.8995 tensors_with_grad=69/72
[train] step 448: T=622 positions=16 loss=0.8424 ce=1.5002 tv=0.2991 conf=1.0372 grad_norm=3.8855 tensors_with_grad=69/72
[train] step 449: T=542 positions=16 loss=0.5533 ce=2.0966 tv=0.3075 conf=1.5030 grad_norm=4.5617 tensors_with_grad=69/72
[train] step 450: T=539 positions=16 loss=0.2981 ce=0.5950 tv=0.1952 conf=2.9072 grad_norm=2.8629 tensors_with_grad=69/72
[train] step 451: T=636 positions=16 loss=0.3651 ce=0.9584 tv=0.2491 conf=1.6743 grad_norm=3.9796 tensors_with_grad=69/72
[train] step 452: T=587 positions=16 loss=0.2379 ce=0.7919 tv=0.1104 conf=0.9607 grad_norm=1.7020 tensors_with_grad=69/72
[train] step 453: T=633 positions=16 loss=0.8018 ce=1.6145 tv=0.3398 conf=2.0901 grad_norm=9.1752 tensors_with_grad=69/72
[train] step 454: T=536 positions=16 loss=0.1011 ce=0.3401 tv=0.0787 conf=0.9612 grad_norm=1.0875 tensors_with_grad=69/72
[train] step 455: T=529 positions=16 loss=0.3472 ce=0.8640 tv=0.1902 conf=3.0614 grad_norm=3.1341 tensors_with_grad=69/72
[train] step 456: T=580 positions=16 loss=0.0422 ce=0.4066 tv=0.1384 conf=1.1330 grad_norm=0.6848 tensors_with_grad=69/72
[train] step 457: T=1549 positions=16 loss=1.5819 ce=3.1447 tv=0.4561 conf=2.8576 grad_norm=6.7853 tensors_with_grad=69/72
[train] step 458: T=636 positions=16 loss=0.2471 ce=0.8157 tv=0.2398 conf=2.3939 grad_norm=3.9446 tensors_with_grad=69/72
[train] step 459: T=899 positions=16 loss=0.9181 ce=1.8156 tv=0.2695 conf=1.2283 grad_norm=2.7037 tensors_with_grad=69/72
[train] step 460: T=611 positions=16 loss=0.1016 ce=0.3602 tv=0.1034 conf=0.7747 grad_norm=1.6914 tensors_with_grad=69/72
[train] step 461: T=533 positions=16 loss=0.4439 ce=0.8104 tv=0.1856 conf=0.7064 grad_norm=3.7730 tensors_with_grad=69/72
[train] step 462: T=567 positions=16 loss=1.1595 ce=2.3866 tv=0.4129 conf=2.1656 grad_norm=6.0716 tensors_with_grad=69/72
[train] step 463: T=539 positions=16 loss=0.1395 ce=0.2908 tv=0.0855 conf=0.5515 grad_norm=1.5794 tensors_with_grad=69/72
[train] step 464: T=539 positions=16 loss=0.0780 ce=0.1865 tv=0.0858 conf=0.7643 grad_norm=2.8442 tensors_with_grad=69/72
[train] step 465: T=663 positions=16 loss=0.6595 ce=1.0653 tv=0.2778 conf=1.3046 grad_norm=5.7094 tensors_with_grad=69/72
[train] step 466: T=601 positions=16 loss=0.6785 ce=1.5866 tv=0.3101 conf=1.2484 grad_norm=3.3267 tensors_with_grad=69/72
[train] step 467: T=532 positions=16 loss=0.3710 ce=0.6673 tv=0.1478 conf=0.4510 grad_norm=3.3544 tensors_with_grad=69/72
[train] step 468: T=575 positions=16 loss=0.7852 ce=1.5975 tv=0.3859 conf=1.5691 grad_norm=3.2128 tensors_with_grad=69/72
[train] step 469: T=542 positions=16 loss=0.1838 ce=0.4653 tv=0.1603 conf=1.6172 grad_norm=3.3225 tensors_with_grad=69/72
[train] step 470: T=1125 positions=16 loss=0.8882 ce=1.9196 tv=0.3277 conf=3.0084 grad_norm=5.3742 tensors_with_grad=69/72
[train] step 471: T=586 positions=16 loss=0.5696 ce=1.7466 tv=0.3256 conf=1.1615 grad_norm=3.9416 tensors_with_grad=69/72
[train] step 472: T=576 positions=16 loss=0.2998 ce=0.7139 tv=0.2126 conf=1.4776 grad_norm=3.1872 tensors_with_grad=69/72
[train] step 473: T=534 positions=16 loss=0.3453 ce=0.7960 tv=0.2230 conf=2.3818 grad_norm=2.4975 tensors_with_grad=69/72
[train] step 474: T=535 positions=16 loss=0.6257 ce=1.4728 tv=0.2620 conf=0.9390 grad_norm=4.0190 tensors_with_grad=69/72
[train] step 475: T=663 positions=16 loss=0.9877 ce=1.7523 tv=0.4679 conf=2.2647 grad_norm=5.2360 tensors_with_grad=69/72
[train] step 476: T=593 positions=16 loss=1.1856 ce=2.5533 tv=0.3376 conf=1.2893 grad_norm=13.2605 tensors_with_grad=69/72
[train] step 477: T=672 positions=16 loss=1.6166 ce=2.9428 tv=0.5119 conf=1.5847 grad_norm=6.0799 tensors_with_grad=69/72
[train] step 478: T=572 positions=16 loss=1.3615 ce=2.2176 tv=0.4207 conf=1.4938 grad_norm=7.1693 tensors_with_grad=69/72
[train] step 479: T=672 positions=16 loss=1.0481 ce=1.8231 tv=0.4031 conf=1.8195 grad_norm=4.9226 tensors_with_grad=69/72
[train] step 480: T=557 positions=16 loss=0.4560 ce=0.7917 tv=0.1894 conf=1.1891 grad_norm=3.9863 tensors_with_grad=69/72
[train] step 481: T=676 positions=16 loss=1.0234 ce=2.0342 tv=0.3788 conf=1.5478 grad_norm=3.9698 tensors_with_grad=69/72
[train] step 482: T=676 positions=16 loss=1.1801 ce=2.2099 tv=0.4345 conf=1.7066 grad_norm=3.3980 tensors_with_grad=69/72
[train] step 483: T=526 positions=16 loss=1.3053 ce=2.1316 tv=0.4865 conf=1.6350 grad_norm=9.3336 tensors_with_grad=69/72
[train] step 484: T=585 positions=16 loss=0.7437 ce=1.2180 tv=0.2440 conf=0.8160 grad_norm=5.3283 tensors_with_grad=69/72
[train] step 485: T=542 positions=16 loss=0.4375 ce=1.0127 tv=0.2908 conf=1.1961 grad_norm=5.7327 tensors_with_grad=69/72
[train] step 486: T=572 positions=16 loss=0.7125 ce=1.3677 tv=0.2579 conf=1.2968 grad_norm=4.4393 tensors_with_grad=69/72
[train] step 487: T=567 positions=16 loss=1.1490 ce=2.3313 tv=0.4256 conf=2.1371 grad_norm=6.5062 tensors_with_grad=69/72
[train] step 488: T=591 positions=16 loss=0.3718 ce=1.4355 tv=0.2439 conf=1.9072 grad_norm=7.3691 tensors_with_grad=69/72
[train] step 489: T=536 positions=16 loss=0.0375 ce=0.0889 tv=0.0275 conf=0.2533 grad_norm=0.3998 tensors_with_grad=69/72
[diag] draft-argmax == TARGET-argmax : 68.6%  | == ground-truth token: 67.8%
[diag] mean top-1 prob  target 0.840  draft 0.752   (TV near 1 with a PEAKED draft => misalignment; with a FLAT draft => genuine)
[train] saved 72 trained tensors -> /cap/s3recap-deficit/c2/trained/mtp_trained.safetensors
[train] saved AdamW state -> /cap/s3recap-deficit/c2/trained/opt_state.pt (needed for --resume to be equivalent to one continuous run)
[train] metrics -> /cap/s3recap-deficit/c2/train_metrics.json  (loss 0.5731 -> 0.0375, tail mean 0.6867)
[train] TRAIN OK
