[train] device=cuda torch=2.10.0
  loading model-00046-of-00048.safetensors ...
  loading model-00047-of-00048.safetensors ...
  loading model-00048-of-00048.safetensors ...
  dequantised 1512 tensors, 12.60 B params, 23.5 GiB bf16
[train] weights ready in 10.0s
[train] trainable 517.3 M in 72 tensors | frozen experts 12.08 B
[train] capture: 490 sample(s)
[Gloo] Rank 0 is connected to 0 peer ranks. Expected number of connected peer ranks is : 0
[train] ModelArgs: n_mtp=3 block=5 taps=[40, 41, 42] markov_rank=256
[train] built 3 DSparkBlock(s) on meta
[train] re-materialised freqs_cis on 3 attention module(s) (persistent=False buffers are NOT in state_dict and to_empty() zapped them)
[train] load_state_dict: 0 missing, 0 unexpected
[train] GATE1 model construction OK
[train] aux: embed.weight(129280, 4096), head.weight(129280, 4096)
[train] trainable tensors in graph: 72 / 517.3 M
[train] resumed 72/72 trained tensors from /cap/s3recap-p25-b0.5/c1/trained/mtp_trained.safetensors
[train] resumed AdamW state: 69/72 tensors carry moments (3 never received a gradient, expected), indices aligned
[train] P2.5 anchor: frozen copy of 3 block(s), beta=0.5
[train] lr schedule: linear warmup 73 step(s) -> cosine over 1472 session step(s), peak 5e-05; this chunk is steps 982..1471
/work/train/train_head.py:115: UserWarning: Converting a tensor with requires_grad=True to a scalar may lead to unexpected behavior.
Consider using tensor.detach() first. (Triggered internally at /opt/pytorch/torch/csrc/autograd/generated/python_variable_methods.cpp:836.)
  parts = {"ce": float((w * ce).sum()), "tv": float((w * tv).sum()), "conf": 0.0}
[train] step 0: T=527 positions=16 loss=0.7163 ce=1.7401 tv=0.4327 conf=1.5254 grad_norm=2.8905 tensors_with_grad=69/72
[train] step 1: T=616 positions=16 loss=0.8203 ce=2.0305 tv=0.4093 conf=1.8981 grad_norm=5.7313 tensors_with_grad=69/72
[train] step 2: T=533 positions=16 loss=0.5821 ce=1.9146 tv=0.3638 conf=0.9168 grad_norm=3.7889 tensors_with_grad=69/72
[train] step 3: T=626 positions=16 loss=0.3358 ce=0.9468 tv=0.2313 conf=1.5614 grad_norm=3.1937 tensors_with_grad=69/72
[train] step 4: T=638 positions=16 loss=0.5776 ce=1.1564 tv=0.2463 conf=1.4253 grad_norm=3.9136 tensors_with_grad=69/72
[train] step 5: T=535 positions=16 loss=0.7940 ce=1.9098 tv=0.3277 conf=1.6244 grad_norm=8.7200 tensors_with_grad=69/72
[train] step 6: T=1429 positions=16 loss=1.6700 ce=3.3230 tv=0.4647 conf=1.9029 grad_norm=4.9778 tensors_with_grad=69/72
[train] step 7: T=675 positions=16 loss=0.5600 ce=1.3526 tv=0.3217 conf=1.9740 grad_norm=2.8874 tensors_with_grad=69/72
[train] step 8: T=529 positions=16 loss=1.4568 ce=3.2122 tv=0.4671 conf=0.8547 grad_norm=3.9638 tensors_with_grad=69/72
[train] step 9: T=673 positions=16 loss=1.0133 ce=2.5384 tv=0.4334 conf=1.6742 grad_norm=3.0131 tensors_with_grad=69/72
[train] step 10: T=622 positions=16 loss=0.3062 ce=0.8531 tv=0.2133 conf=1.4253 grad_norm=1.8410 tensors_with_grad=69/72
[train] step 11: T=630 positions=16 loss=0.9356 ce=2.4526 tv=0.4383 conf=1.9457 grad_norm=4.7188 tensors_with_grad=69/72
[train] step 12: T=586 positions=16 loss=0.7825 ce=1.7722 tv=0.4412 conf=2.3139 grad_norm=4.8490 tensors_with_grad=69/72
[train] step 13: T=535 positions=16 loss=1.2725 ce=2.8331 tv=0.5404 conf=1.9878 grad_norm=4.8227 tensors_with_grad=69/72
[train] step 14: T=625 positions=16 loss=0.6824 ce=2.2533 tv=0.3589 conf=1.9835 grad_norm=3.2086 tensors_with_grad=69/72
[train] step 15: T=535 positions=16 loss=0.6702 ce=1.2723 tv=0.3040 conf=1.4200 grad_norm=5.4485 tensors_with_grad=69/72
[train] step 16: T=553 positions=16 loss=0.8895 ce=1.8176 tv=0.4132 conf=3.1955 grad_norm=7.2127 tensors_with_grad=69/72
[train] step 17: T=532 positions=16 loss=0.4185 ce=1.0458 tv=0.2163 conf=1.7725 grad_norm=4.3058 tensors_with_grad=69/72
[train] step 18: T=536 positions=16 loss=0.1585 ce=0.4124 tv=0.1345 conf=1.1678 grad_norm=1.8846 tensors_with_grad=69/72
[train] step 19: T=896 positions=16 loss=1.1863 ce=2.6424 tv=0.4174 conf=1.7189 grad_norm=9.6995 tensors_with_grad=69/72
[train] step 20: T=544 positions=16 loss=0.5891 ce=1.5938 tv=0.3244 conf=2.0426 grad_norm=2.9319 tensors_with_grad=69/72
[train] step 21: T=581 positions=16 loss=0.4727 ce=1.7498 tv=0.3126 conf=2.2033 grad_norm=3.0738 tensors_with_grad=69/72
[train] step 22: T=672 positions=16 loss=1.3406 ce=2.9131 tv=0.5457 conf=2.0469 grad_norm=4.2831 tensors_with_grad=69/72
[train] step 23: T=587 positions=16 loss=0.3461 ce=0.6838 tv=0.2889 conf=1.2137 grad_norm=4.2808 tensors_with_grad=69/72
[train] step 24: T=674 positions=16 loss=0.8457 ce=1.8334 tv=0.4103 conf=1.9375 grad_norm=5.5796 tensors_with_grad=69/72
[train] step 25: T=563 positions=16 loss=0.3350 ce=0.6893 tv=0.1730 conf=0.9924 grad_norm=1.2825 tensors_with_grad=69/72
[train] step 26: T=566 positions=16 loss=1.3514 ce=2.5617 tv=0.4430 conf=1.7800 grad_norm=6.7302 tensors_with_grad=69/72
[train] step 27: T=612 positions=16 loss=0.5430 ce=1.4408 tv=0.3142 conf=1.5611 grad_norm=3.0576 tensors_with_grad=69/72
[train] step 28: T=673 positions=16 loss=0.2816 ce=0.9214 tv=0.2433 conf=1.8547 grad_norm=1.8621 tensors_with_grad=69/72
[train] step 29: T=537 positions=16 loss=1.4927 ce=2.6419 tv=0.5434 conf=1.5265 grad_norm=5.7795 tensors_with_grad=69/72
[train] step 30: T=657 positions=16 loss=0.2620 ce=0.8693 tv=0.2405 conf=1.9926 grad_norm=3.9496 tensors_with_grad=69/72
[train] step 31: T=595 positions=16 loss=0.3083 ce=0.7956 tv=0.1612 conf=1.7607 grad_norm=3.8899 tensors_with_grad=69/72
[train] step 32: T=970 positions=16 loss=1.5216 ce=3.1768 tv=0.4535 conf=2.0951 grad_norm=6.3461 tensors_with_grad=69/72
[train] step 33: T=1741 positions=16 loss=2.0666 ce=4.6258 tv=0.5926 conf=2.2776 grad_norm=7.3829 tensors_with_grad=69/72
[train] step 34: T=574 positions=16 loss=1.4539 ce=3.1147 tv=0.5743 conf=2.1501 grad_norm=5.2659 tensors_with_grad=69/72
[train] step 35: T=581 positions=16 loss=0.8346 ce=1.7980 tv=0.3681 conf=1.6145 grad_norm=5.7290 tensors_with_grad=69/72
[train] step 36: T=563 positions=16 loss=0.8590 ce=2.2065 tv=0.3492 conf=1.4851 grad_norm=4.2804 tensors_with_grad=69/72
[train] step 37: T=534 positions=16 loss=0.1808 ce=0.3894 tv=0.1205 conf=0.4755 grad_norm=1.7846 tensors_with_grad=69/72
[train] step 38: T=645 positions=16 loss=1.6666 ce=3.2006 tv=0.5922 conf=2.5452 grad_norm=4.9460 tensors_with_grad=69/72
[train] step 39: T=672 positions=16 loss=1.1073 ce=2.4964 tv=0.4078 conf=1.2459 grad_norm=4.4897 tensors_with_grad=69/72
[train] step 40: T=578 positions=16 loss=0.8531 ce=1.9528 tv=0.4454 conf=2.6579 grad_norm=5.1163 tensors_with_grad=69/72
[train] step 41: T=527 positions=16 loss=0.7705 ce=2.0674 tv=0.3546 conf=1.6902 grad_norm=3.4843 tensors_with_grad=69/72
[train] step 42: T=645 positions=16 loss=0.6876 ce=1.6599 tv=0.3440 conf=1.9185 grad_norm=5.4926 tensors_with_grad=69/72
[train] step 43: T=1008 positions=16 loss=1.0259 ce=2.4472 tv=0.3411 conf=1.7010 grad_norm=2.6276 tensors_with_grad=69/72
[train] step 44: T=676 positions=16 loss=0.7529 ce=1.6388 tv=0.3716 conf=1.3035 grad_norm=4.7932 tensors_with_grad=69/72
[train] step 45: T=674 positions=16 loss=1.0257 ce=2.3857 tv=0.4554 conf=1.3966 grad_norm=4.4301 tensors_with_grad=69/72
[train] step 46: T=528 positions=16 loss=1.0299 ce=2.2375 tv=0.4721 conf=1.8571 grad_norm=4.3078 tensors_with_grad=69/72
[train] step 47: T=538 positions=16 loss=1.0122 ce=1.8887 tv=0.4287 conf=1.3264 grad_norm=4.8804 tensors_with_grad=69/72
[train] step 48: T=572 positions=16 loss=1.1612 ce=2.5987 tv=0.4917 conf=1.8037 grad_norm=6.6079 tensors_with_grad=69/72
[train] step 49: T=536 positions=16 loss=0.3834 ce=0.8802 tv=0.3093 conf=1.6220 grad_norm=5.2686 tensors_with_grad=69/72
[train] step 50: T=673 positions=16 loss=1.3752 ce=2.7471 tv=0.5301 conf=1.1753 grad_norm=4.5835 tensors_with_grad=69/72
[train] step 51: T=603 positions=16 loss=0.1942 ce=0.5299 tv=0.1410 conf=0.6363 grad_norm=1.4184 tensors_with_grad=69/72
[train] step 52: T=532 positions=16 loss=0.6630 ce=1.4127 tv=0.3291 conf=0.8756 grad_norm=5.0900 tensors_with_grad=69/72
[train] step 53: T=618 positions=16 loss=0.3645 ce=1.2050 tv=0.3330 conf=2.6994 grad_norm=2.2572 tensors_with_grad=69/72
[train] step 54: T=539 positions=16 loss=0.5402 ce=1.1048 tv=0.2786 conf=1.2727 grad_norm=5.4653 tensors_with_grad=69/72
[train] step 55: T=569 positions=16 loss=0.7871 ce=1.8959 tv=0.3194 conf=1.4742 grad_norm=3.0858 tensors_with_grad=69/72
[train] step 56: T=589 positions=16 loss=1.4439 ce=3.1031 tv=0.5605 conf=1.5439 grad_norm=8.3527 tensors_with_grad=69/72
[train] step 57: T=653 positions=16 loss=1.4612 ce=3.1600 tv=0.5276 conf=1.6210 grad_norm=4.6930 tensors_with_grad=69/72
[train] step 58: T=675 positions=16 loss=1.0907 ce=2.3559 tv=0.4585 conf=1.8745 grad_norm=7.8404 tensors_with_grad=69/72
[train] step 59: T=599 positions=16 loss=1.3976 ce=3.4994 tv=0.4872 conf=1.4874 grad_norm=5.3535 tensors_with_grad=69/72
[train] step 60: T=901 positions=16 loss=0.9964 ce=2.4639 tv=0.3676 conf=2.1229 grad_norm=2.2602 tensors_with_grad=69/72
[train] step 61: T=597 positions=16 loss=0.1064 ce=0.3036 tv=0.1189 conf=0.6448 grad_norm=1.1230 tensors_with_grad=69/72
[train] step 62: T=613 positions=16 loss=0.1388 ce=0.3515 tv=0.1455 conf=2.4125 grad_norm=2.3680 tensors_with_grad=69/72
[train] step 63: T=546 positions=16 loss=0.3941 ce=0.9052 tv=0.2882 conf=1.2650 grad_norm=2.4133 tensors_with_grad=69/72
[train] step 64: T=535 positions=16 loss=0.1438 ce=0.4256 tv=0.1630 conf=0.7022 grad_norm=2.2946 tensors_with_grad=69/72
[train] step 65: T=527 positions=16 loss=1.3035 ce=2.4037 tv=0.5521 conf=1.9469 grad_norm=6.2519 tensors_with_grad=69/72
[train] step 66: T=672 positions=16 loss=1.2990 ce=2.5668 tv=0.5310 conf=1.6093 grad_norm=4.4675 tensors_with_grad=69/72
[train] step 67: T=535 positions=16 loss=1.6086 ce=3.2953 tv=0.5821 conf=1.2813 grad_norm=6.5393 tensors_with_grad=69/72
[train] step 68: T=629 positions=16 loss=0.8143 ce=1.6623 tv=0.3961 conf=1.5306 grad_norm=4.7611 tensors_with_grad=69/72
[train] step 69: T=529 positions=16 loss=0.8164 ce=1.9835 tv=0.3452 conf=1.8139 grad_norm=7.7826 tensors_with_grad=69/72
[train] step 70: T=544 positions=16 loss=0.3338 ce=0.9133 tv=0.2038 conf=1.6456 grad_norm=3.8786 tensors_with_grad=69/72
[train] step 71: T=1433 positions=16 loss=1.6801 ce=4.0766 tv=0.4906 conf=2.2366 grad_norm=4.6748 tensors_with_grad=69/72
[train] step 72: T=528 positions=16 loss=0.9793 ce=2.4380 tv=0.3714 conf=1.6836 grad_norm=4.2880 tensors_with_grad=69/72
[train] step 73: T=674 positions=16 loss=1.0925 ce=2.5825 tv=0.4796 conf=0.9398 grad_norm=6.0184 tensors_with_grad=69/72
[train] step 74: T=527 positions=16 loss=0.6086 ce=1.3384 tv=0.3149 conf=1.8560 grad_norm=5.0166 tensors_with_grad=69/72
[train] step 75: T=642 positions=16 loss=0.8571 ce=2.0812 tv=0.4177 conf=2.0957 grad_norm=3.3966 tensors_with_grad=69/72
[train] step 76: T=598 positions=16 loss=0.3665 ce=0.9029 tv=0.1976 conf=1.1616 grad_norm=1.4712 tensors_with_grad=69/72
[train] step 77: T=933 positions=16 loss=1.0836 ce=2.4746 tv=0.4038 conf=1.5322 grad_norm=3.7547 tensors_with_grad=69/72
[train] step 78: T=653 positions=16 loss=1.5569 ce=3.8256 tv=0.5761 conf=1.7523 grad_norm=9.3916 tensors_with_grad=69/72
[train] step 79: T=655 positions=16 loss=0.5507 ce=2.2416 tv=0.3543 conf=1.6400 grad_norm=2.9791 tensors_with_grad=69/72
[train] step 80: T=585 positions=16 loss=0.2828 ce=0.6805 tv=0.1691 conf=2.0249 grad_norm=1.5207 tensors_with_grad=69/72
[train] step 81: T=641 positions=16 loss=1.5360 ce=2.9737 tv=0.5675 conf=1.2777 grad_norm=7.9065 tensors_with_grad=69/72
[train] step 82: T=532 positions=16 loss=0.7014 ce=1.4732 tv=0.3448 conf=1.4305 grad_norm=3.7587 tensors_with_grad=69/72
[train] step 83: T=526 positions=16 loss=1.2050 ce=2.5260 tv=0.5147 conf=1.6340 grad_norm=6.9235 tensors_with_grad=69/72
[train] step 84: T=590 positions=16 loss=0.3422 ce=1.0710 tv=0.2817 conf=1.8187 grad_norm=3.4447 tensors_with_grad=69/72
[train] step 85: T=527 positions=16 loss=0.8436 ce=2.0263 tv=0.4464 conf=2.0399 grad_norm=2.6450 tensors_with_grad=69/72
[train] step 86: T=838 positions=16 loss=1.0305 ce=2.1989 tv=0.4434 conf=1.3912 grad_norm=4.0610 tensors_with_grad=69/72
[train] step 87: T=528 positions=16 loss=0.4825 ce=1.1544 tv=0.2336 conf=0.5597 grad_norm=2.5236 tensors_with_grad=69/72
[train] step 88: T=594 positions=16 loss=0.3336 ce=0.8602 tv=0.2586 conf=1.3028 grad_norm=2.9236 tensors_with_grad=69/72
[train] step 89: T=634 positions=16 loss=0.4102 ce=0.9343 tv=0.2954 conf=2.2745 grad_norm=2.6151 tensors_with_grad=69/72
[train] step 90: T=558 positions=16 loss=1.0372 ce=2.3078 tv=0.4999 conf=3.3155 grad_norm=10.2259 tensors_with_grad=69/72
[train] step 91: T=649 positions=16 loss=0.4300 ce=1.3016 tv=0.2872 conf=1.9391 grad_norm=2.0899 tensors_with_grad=69/72
[train] step 92: T=1085 positions=16 loss=1.1682 ce=2.6191 tv=0.3815 conf=1.7985 grad_norm=5.0431 tensors_with_grad=69/72
[train] step 93: T=575 positions=16 loss=0.9013 ce=2.1133 tv=0.3631 conf=1.4203 grad_norm=7.2039 tensors_with_grad=69/72
[train] step 94: T=611 positions=16 loss=0.3243 ce=0.9796 tv=0.1912 conf=1.6636 grad_norm=1.7208 tensors_with_grad=69/72
[train] step 95: T=529 positions=16 loss=1.3156 ce=2.5072 tv=0.5502 conf=1.6950 grad_norm=4.4457 tensors_with_grad=69/72
[train] step 96: T=526 positions=16 loss=0.8159 ce=1.8278 tv=0.3958 conf=0.7905 grad_norm=5.3796 tensors_with_grad=69/72
[train] step 97: T=576 positions=16 loss=0.3413 ce=1.2879 tv=0.2833 conf=1.3686 grad_norm=3.1177 tensors_with_grad=69/72
[train] step 98: T=674 positions=16 loss=1.1211 ce=2.4449 tv=0.4529 conf=1.1349 grad_norm=5.6190 tensors_with_grad=69/72
[train] step 99: T=535 positions=16 loss=0.4934 ce=1.0023 tv=0.3321 conf=1.2086 grad_norm=2.8720 tensors_with_grad=69/72
[train] step 100: T=975 positions=16 loss=1.3632 ce=3.2272 tv=0.4452 conf=1.5914 grad_norm=3.5201 tensors_with_grad=69/72
[train] step 101: T=1794 positions=16 loss=1.5482 ce=3.3773 tv=0.5374 conf=2.0652 grad_norm=5.1440 tensors_with_grad=69/72
[train] step 102: T=532 positions=16 loss=0.8703 ce=2.0606 tv=0.4619 conf=1.2596 grad_norm=5.7201 tensors_with_grad=69/72
[train] step 103: T=552 positions=16 loss=0.6716 ce=2.4679 tv=0.3319 conf=1.3308 grad_norm=4.2812 tensors_with_grad=69/72
[train] step 104: T=541 positions=16 loss=0.9644 ce=2.2667 tv=0.4324 conf=1.5933 grad_norm=9.3709 tensors_with_grad=69/72
[train] step 105: T=678 positions=16 loss=0.6079 ce=1.5987 tv=0.3072 conf=1.0424 grad_norm=5.1771 tensors_with_grad=69/72
[train] step 106: T=527 positions=16 loss=1.3908 ce=3.3665 tv=0.5205 conf=1.6540 grad_norm=3.8758 tensors_with_grad=69/72
[train] step 107: T=648 positions=16 loss=1.1211 ce=2.6056 tv=0.4723 conf=1.2320 grad_norm=3.6049 tensors_with_grad=69/72
[train] step 108: T=543 positions=16 loss=0.2369 ce=0.5874 tv=0.2226 conf=1.2934 grad_norm=3.2176 tensors_with_grad=69/72
[train] step 109: T=920 positions=16 loss=1.4605 ce=3.6632 tv=0.5025 conf=1.3379 grad_norm=3.7060 tensors_with_grad=69/72
[train] step 110: T=672 positions=16 loss=0.7937 ce=1.7881 tv=0.3912 conf=1.7965 grad_norm=5.5457 tensors_with_grad=69/72
[train] step 111: T=882 positions=16 loss=1.1142 ce=2.5966 tv=0.3915 conf=0.8939 grad_norm=3.6383 tensors_with_grad=69/72
[train] step 112: T=528 positions=16 loss=0.3813 ce=1.0903 tv=0.2698 conf=1.8798 grad_norm=2.5998 tensors_with_grad=69/72
[train] step 113: T=674 positions=16 loss=1.1001 ce=2.7534 tv=0.4456 conf=1.5955 grad_norm=6.1221 tensors_with_grad=69/72
[train] step 114: T=533 positions=16 loss=0.3227 ce=0.8971 tv=0.2261 conf=1.0623 grad_norm=4.1100 tensors_with_grad=69/72
[train] step 115: T=623 positions=16 loss=0.8422 ce=1.6464 tv=0.4367 conf=2.1799 grad_norm=4.2250 tensors_with_grad=69/72
[train] step 116: T=1190 positions=16 loss=1.2875 ce=2.8801 tv=0.4143 conf=1.5071 grad_norm=5.9820 tensors_with_grad=69/72
[train] step 117: T=627 positions=16 loss=0.6065 ce=1.2839 tv=0.3021 conf=1.6981 grad_norm=3.9053 tensors_with_grad=69/72
[train] step 118: T=638 positions=16 loss=1.0619 ce=2.5434 tv=0.4985 conf=1.2273 grad_norm=3.6958 tensors_with_grad=69/72
[train] step 119: T=605 positions=16 loss=1.0228 ce=2.4939 tv=0.4610 conf=2.2358 grad_norm=6.2823 tensors_with_grad=69/72
[train] step 120: T=664 positions=16 loss=0.2372 ce=0.5544 tv=0.2298 conf=1.7246 grad_norm=2.6621 tensors_with_grad=69/72
[train] step 121: T=530 positions=16 loss=0.9211 ce=2.2685 tv=0.3978 conf=1.4693 grad_norm=4.3787 tensors_with_grad=69/72
[train] step 122: T=541 positions=16 loss=0.3112 ce=0.6991 tv=0.2065 conf=0.9513 grad_norm=2.1258 tensors_with_grad=69/72
[train] step 123: T=533 positions=16 loss=0.7755 ce=1.7570 tv=0.2811 conf=0.6824 grad_norm=3.7983 tensors_with_grad=69/72
[train] step 124: T=616 positions=16 loss=0.9299 ce=2.2578 tv=0.3997 conf=1.7232 grad_norm=2.8352 tensors_with_grad=69/72
[train] step 125: T=672 positions=16 loss=1.4976 ce=3.2334 tv=0.5694 conf=1.8162 grad_norm=5.9782 tensors_with_grad=69/72
[train] step 126: T=524 positions=16 loss=1.0525 ce=2.2813 tv=0.4774 conf=1.6048 grad_norm=7.1452 tensors_with_grad=69/72
[train] step 127: T=1177 positions=16 loss=1.4047 ce=2.9579 tv=0.4892 conf=1.6793 grad_norm=7.4364 tensors_with_grad=69/72
[train] step 128: T=543 positions=16 loss=0.4237 ce=1.0631 tv=0.2786 conf=2.0735 grad_norm=2.6865 tensors_with_grad=69/72
[train] step 129: T=537 positions=16 loss=0.7197 ce=1.3575 tv=0.3610 conf=2.9993 grad_norm=4.7836 tensors_with_grad=69/72
[train] step 130: T=533 positions=16 loss=0.5164 ce=1.2459 tv=0.2217 conf=2.9508 grad_norm=6.5100 tensors_with_grad=69/72
[train] step 131: T=532 positions=16 loss=0.9740 ce=2.3858 tv=0.4580 conf=2.1977 grad_norm=4.0442 tensors_with_grad=69/72
[train] step 132: T=572 positions=16 loss=0.2116 ce=0.5965 tv=0.1811 conf=0.9372 grad_norm=1.7331 tensors_with_grad=69/72
[train] step 133: T=531 positions=16 loss=1.4846 ce=3.1368 tv=0.5703 conf=1.4258 grad_norm=3.4203 tensors_with_grad=69/72
[train] step 134: T=553 positions=16 loss=0.6116 ce=1.4987 tv=0.2624 conf=1.7195 grad_norm=4.4768 tensors_with_grad=69/72
[train] step 135: T=540 positions=16 loss=0.5193 ce=1.1750 tv=0.2551 conf=0.5768 grad_norm=2.4739 tensors_with_grad=69/72
[train] step 136: T=532 positions=16 loss=0.6045 ce=1.7331 tv=0.2487 conf=1.7036 grad_norm=2.3024 tensors_with_grad=69/72
[train] step 137: T=552 positions=16 loss=0.7457 ce=1.9891 tv=0.3136 conf=1.4801 grad_norm=3.5337 tensors_with_grad=69/72
[train] step 138: T=565 positions=16 loss=0.6932 ce=1.4563 tv=0.3406 conf=2.2956 grad_norm=4.9462 tensors_with_grad=69/72
[train] step 139: T=534 positions=16 loss=0.5731 ce=1.4264 tv=0.3131 conf=0.9199 grad_norm=3.5488 tensors_with_grad=69/72
[train] step 140: T=1720 positions=16 loss=1.5294 ce=3.1989 tv=0.5799 conf=1.5797 grad_norm=4.9046 tensors_with_grad=69/72
[train] step 141: T=539 positions=16 loss=1.2257 ce=2.8222 tv=0.4747 conf=1.2829 grad_norm=15.5503 tensors_with_grad=69/72
[train] step 142: T=1793 positions=16 loss=2.1439 ce=5.3366 tv=0.5702 conf=2.0546 grad_norm=7.7658 tensors_with_grad=69/72
[train] step 143: T=581 positions=16 loss=0.5617 ce=1.5008 tv=0.3207 conf=2.3282 grad_norm=3.6984 tensors_with_grad=69/72
[train] step 144: T=1033 positions=16 loss=2.2257 ce=4.8874 tv=0.6028 conf=1.5624 grad_norm=6.3429 tensors_with_grad=69/72
[train] step 145: T=544 positions=16 loss=0.5840 ce=1.1173 tv=0.2523 conf=1.0242 grad_norm=3.2981 tensors_with_grad=69/72
[train] step 146: T=1570 positions=16 loss=1.5919 ce=3.7798 tv=0.5136 conf=1.3189 grad_norm=4.9781 tensors_with_grad=69/72
[train] step 147: T=1007 positions=16 loss=1.3539 ce=3.1520 tv=0.4529 conf=1.9135 grad_norm=3.9809 tensors_with_grad=69/72
[train] step 148: T=656 positions=16 loss=0.6303 ce=2.1348 tv=0.2902 conf=1.4815 grad_norm=2.3268 tensors_with_grad=69/72
[train] step 149: T=605 positions=16 loss=0.3802 ce=1.2273 tv=0.2556 conf=1.3063 grad_norm=3.6610 tensors_with_grad=69/72
[train] step 150: T=1792 positions=16 loss=2.1539 ce=4.9062 tv=0.5660 conf=1.4433 grad_norm=5.8581 tensors_with_grad=69/72
[train] step 151: T=535 positions=16 loss=0.2718 ce=0.5694 tv=0.0934 conf=2.3925 grad_norm=1.7342 tensors_with_grad=69/72
[train] step 152: T=550 positions=16 loss=0.7441 ce=2.0168 tv=0.3758 conf=2.0596 grad_norm=6.9596 tensors_with_grad=69/72
[train] step 153: T=608 positions=16 loss=0.4672 ce=1.6802 tv=0.3449 conf=2.1115 grad_norm=5.0008 tensors_with_grad=69/72
[train] step 154: T=901 positions=16 loss=0.8485 ce=2.0472 tv=0.3789 conf=2.0165 grad_norm=3.5454 tensors_with_grad=69/72
[train] step 155: T=527 positions=16 loss=1.2223 ce=2.8276 tv=0.5150 conf=2.5853 grad_norm=4.9063 tensors_with_grad=69/72
[train] step 156: T=1058 positions=16 loss=1.1218 ce=2.8635 tv=0.4124 conf=1.5921 grad_norm=3.1440 tensors_with_grad=69/72
[train] step 157: T=629 positions=16 loss=0.3404 ce=0.9251 tv=0.3077 conf=1.9277 grad_norm=2.5673 tensors_with_grad=69/72
[train] step 158: T=532 positions=16 loss=0.4242 ce=1.1471 tv=0.1922 conf=0.9285 grad_norm=3.9193 tensors_with_grad=69/72
[train] step 159: T=674 positions=16 loss=0.9543 ce=2.1225 tv=0.4489 conf=0.8778 grad_norm=4.5529 tensors_with_grad=69/72
[train] step 160: T=546 positions=16 loss=0.1826 ce=0.4992 tv=0.1841 conf=0.9726 grad_norm=3.2823 tensors_with_grad=69/72
[train] step 161: T=574 positions=16 loss=0.7354 ce=1.5470 tv=0.3272 conf=2.4312 grad_norm=3.2777 tensors_with_grad=69/72
[train] step 162: T=675 positions=16 loss=0.7093 ce=1.9985 tv=0.3776 conf=1.7259 grad_norm=8.7878 tensors_with_grad=69/72
[train] step 163: T=549 positions=16 loss=0.5546 ce=1.4658 tv=0.3370 conf=1.6356 grad_norm=4.0479 tensors_with_grad=69/72
[train] step 164: T=671 positions=16 loss=0.9550 ce=2.1882 tv=0.4869 conf=1.7228 grad_norm=4.1601 tensors_with_grad=69/72
[train] step 165: T=609 positions=16 loss=0.4419 ce=1.0442 tv=0.3436 conf=2.2393 grad_norm=3.9222 tensors_with_grad=69/72
[train] step 166: T=570 positions=16 loss=1.4978 ce=3.4967 tv=0.4712 conf=2.4140 grad_norm=6.9024 tensors_with_grad=69/72
[train] step 167: T=540 positions=16 loss=0.5638 ce=1.2510 tv=0.3303 conf=1.4854 grad_norm=2.7352 tensors_with_grad=69/72
[train] step 168: T=618 positions=16 loss=0.5399 ce=1.6655 tv=0.2920 conf=1.3954 grad_norm=3.6892 tensors_with_grad=69/72
[train] step 169: T=524 positions=16 loss=1.4554 ce=3.1070 tv=0.5656 conf=1.3122 grad_norm=8.2971 tensors_with_grad=69/72
[train] step 170: T=673 positions=16 loss=1.1628 ce=2.6717 tv=0.4855 conf=1.4837 grad_norm=3.7486 tensors_with_grad=69/72
[train] step 171: T=526 positions=16 loss=0.4031 ce=1.0247 tv=0.3076 conf=1.7263 grad_norm=2.3775 tensors_with_grad=69/72
[train] step 172: T=531 positions=16 loss=0.8010 ce=1.7577 tv=0.3611 conf=0.8160 grad_norm=3.8422 tensors_with_grad=69/72
[train] step 173: T=536 positions=16 loss=0.6022 ce=1.4859 tv=0.2960 conf=1.5085 grad_norm=4.5703 tensors_with_grad=69/72
[train] step 174: T=601 positions=16 loss=0.3653 ce=0.9798 tv=0.2053 conf=1.4159 grad_norm=3.7329 tensors_with_grad=69/72
[train] step 175: T=647 positions=16 loss=1.2951 ce=2.7055 tv=0.5088 conf=1.2181 grad_norm=5.6096 tensors_with_grad=69/72
[train] step 176: T=532 positions=16 loss=0.4773 ce=1.3328 tv=0.3352 conf=1.1146 grad_norm=4.1180 tensors_with_grad=69/72
[train] step 177: T=544 positions=16 loss=0.6515 ce=1.6133 tv=0.2804 conf=1.1489 grad_norm=8.9792 tensors_with_grad=69/72
[train] step 178: T=673 positions=16 loss=1.1728 ce=2.6840 tv=0.5060 conf=2.1790 grad_norm=4.0100 tensors_with_grad=69/72
[train] step 179: T=593 positions=16 loss=0.3985 ce=0.8234 tv=0.2235 conf=1.2460 grad_norm=5.3854 tensors_with_grad=69/72
[train] step 180: T=568 positions=16 loss=0.2045 ce=0.6978 tv=0.1601 conf=0.8172 grad_norm=2.7864 tensors_with_grad=69/72
[train] step 181: T=589 positions=16 loss=0.1889 ce=0.5018 tv=0.1768 conf=1.0840 grad_norm=3.1084 tensors_with_grad=69/72
[train] step 182: T=526 positions=16 loss=0.3400 ce=1.1625 tv=0.2497 conf=1.3339 grad_norm=2.3157 tensors_with_grad=69/72
[train] step 183: T=538 positions=16 loss=0.1780 ce=0.5979 tv=0.0990 conf=0.5841 grad_norm=1.0481 tensors_with_grad=69/72
[train] step 184: T=1365 positions=16 loss=1.6182 ce=4.0877 tv=0.5100 conf=2.7440 grad_norm=6.3529 tensors_with_grad=69/72
[train] step 185: T=533 positions=16 loss=0.4015 ce=1.1305 tv=0.2692 conf=1.3743 grad_norm=5.5877 tensors_with_grad=69/72
[train] step 186: T=526 positions=16 loss=1.1609 ce=2.3414 tv=0.5577 conf=2.4339 grad_norm=5.1799 tensors_with_grad=69/72
[train] step 187: T=625 positions=16 loss=0.1110 ce=0.3571 tv=0.1644 conf=1.2148 grad_norm=0.9972 tensors_with_grad=69/72
[train] step 188: T=544 positions=16 loss=1.1713 ce=2.4655 tv=0.4807 conf=1.5147 grad_norm=4.8112 tensors_with_grad=69/72
[train] step 189: T=531 positions=16 loss=1.0127 ce=2.5066 tv=0.4843 conf=1.4852 grad_norm=2.7251 tensors_with_grad=69/72
[train] step 190: T=1057 positions=16 loss=1.2200 ce=2.9237 tv=0.3948 conf=1.1957 grad_norm=3.4774 tensors_with_grad=69/72
[train] step 191: T=1004 positions=16 loss=1.1887 ce=2.9527 tv=0.4783 conf=1.5127 grad_norm=2.8604 tensors_with_grad=69/72
[train] step 192: T=673 positions=16 loss=0.9770 ce=2.2025 tv=0.4456 conf=2.1102 grad_norm=7.4393 tensors_with_grad=69/72
[train] step 193: T=541 positions=16 loss=0.1889 ce=0.7362 tv=0.2085 conf=2.2658 grad_norm=2.2103 tensors_with_grad=69/72
[train] step 194: T=531 positions=16 loss=0.2492 ce=0.6576 tv=0.1734 conf=0.7731 grad_norm=1.4455 tensors_with_grad=69/72
[train] step 195: T=561 positions=16 loss=0.4570 ce=1.0032 tv=0.2929 conf=1.0985 grad_norm=3.7731 tensors_with_grad=69/72
[train] step 196: T=535 positions=16 loss=0.3642 ce=0.7889 tv=0.2587 conf=1.1297 grad_norm=3.0550 tensors_with_grad=69/72
[train] step 197: T=571 positions=16 loss=0.3938 ce=1.4255 tv=0.2904 conf=1.8766 grad_norm=4.1696 tensors_with_grad=69/72
[train] step 198: T=672 positions=16 loss=1.4333 ce=2.8189 tv=0.5703 conf=1.9147 grad_norm=4.5303 tensors_with_grad=69/72
[train] step 199: T=540 positions=16 loss=0.2428 ce=0.4616 tv=0.1473 conf=1.0044 grad_norm=3.5447 tensors_with_grad=69/72
[train] step 200: T=532 positions=16 loss=0.1238 ce=0.3454 tv=0.1318 conf=1.0349 grad_norm=2.1383 tensors_with_grad=69/72
[train] step 201: T=676 positions=16 loss=1.1229 ce=2.6273 tv=0.4815 conf=1.4301 grad_norm=3.1761 tensors_with_grad=69/72
[train] step 202: T=838 positions=16 loss=0.9436 ce=1.9813 tv=0.3803 conf=1.7224 grad_norm=2.9295 tensors_with_grad=69/72
[train] step 203: T=583 positions=16 loss=0.8703 ce=1.9286 tv=0.3889 conf=1.0727 grad_norm=4.5218 tensors_with_grad=69/72
[train] step 204: T=527 positions=16 loss=0.3862 ce=1.0714 tv=0.2681 conf=2.1338 grad_norm=1.9654 tensors_with_grad=69/72
[train] step 205: T=675 positions=16 loss=1.2039 ce=2.5902 tv=0.4189 conf=1.5532 grad_norm=6.9807 tensors_with_grad=69/72
[train] step 206: T=542 positions=16 loss=0.6182 ce=1.3928 tv=0.3297 conf=2.0039 grad_norm=5.4171 tensors_with_grad=69/72
[train] step 207: T=1211 positions=16 loss=1.2900 ce=3.1232 tv=0.4406 conf=2.2452 grad_norm=4.8152 tensors_with_grad=69/72
[train] step 208: T=527 positions=16 loss=0.1908 ce=0.5158 tv=0.1110 conf=0.4017 grad_norm=1.1255 tensors_with_grad=69/72
[train] step 209: T=1106 positions=16 loss=1.9978 ce=4.1928 tv=0.5512 conf=1.4902 grad_norm=8.3566 tensors_with_grad=69/72
[train] step 210: T=533 positions=16 loss=0.3122 ce=0.7587 tv=0.1921 conf=0.5899 grad_norm=2.4939 tensors_with_grad=69/72
[train] step 211: T=1721 positions=16 loss=1.5222 ce=3.6133 tv=0.5241 conf=2.5616 grad_norm=5.7206 tensors_with_grad=69/72
[train] step 212: T=616 positions=16 loss=0.1723 ce=0.4837 tv=0.1832 conf=1.2869 grad_norm=2.2612 tensors_with_grad=69/72
[train] step 213: T=672 positions=16 loss=1.1732 ce=2.5051 tv=0.4718 conf=1.8653 grad_norm=12.3771 tensors_with_grad=69/72
[train] step 214: T=529 positions=16 loss=0.9984 ce=2.2977 tv=0.4852 conf=1.9361 grad_norm=4.1826 tensors_with_grad=69/72
[train] step 215: T=536 positions=16 loss=0.2333 ce=0.8173 tv=0.1416 conf=1.2584 grad_norm=1.4001 tensors_with_grad=69/72
[train] step 216: T=550 positions=16 loss=0.5924 ce=1.4535 tv=0.3392 conf=1.1389 grad_norm=4.8482 tensors_with_grad=69/72
[train] step 217: T=1223 positions=16 loss=2.1821 ce=4.7833 tv=0.5936 conf=1.7787 grad_norm=6.3904 tensors_with_grad=69/72
[train] step 218: T=528 positions=16 loss=0.9302 ce=2.3740 tv=0.4020 conf=1.6110 grad_norm=11.5463 tensors_with_grad=69/72
[train] step 219: T=535 positions=16 loss=0.2670 ce=0.6578 tv=0.2065 conf=1.2969 grad_norm=2.4829 tensors_with_grad=69/72
[train] step 220: T=580 positions=16 loss=0.5864 ce=1.2806 tv=0.3509 conf=1.7427 grad_norm=4.9577 tensors_with_grad=69/72
[train] step 221: T=533 positions=16 loss=0.2114 ce=0.5233 tv=0.1478 conf=1.1750 grad_norm=2.5096 tensors_with_grad=69/72
[train] step 222: T=531 positions=16 loss=0.5789 ce=1.2921 tv=0.2960 conf=1.5726 grad_norm=3.9866 tensors_with_grad=69/72
[train] step 223: T=577 positions=16 loss=0.8177 ce=1.8710 tv=0.4089 conf=1.9013 grad_norm=3.0733 tensors_with_grad=69/72
[train] step 224: T=583 positions=16 loss=0.9323 ce=2.5970 tv=0.3965 conf=1.4244 grad_norm=4.1234 tensors_with_grad=69/72
[train] step 225: T=673 positions=16 loss=1.3317 ce=3.0870 tv=0.4987 conf=1.0218 grad_norm=5.6362 tensors_with_grad=69/72
[train] step 226: T=672 positions=16 loss=0.4890 ce=1.4148 tv=0.3084 conf=2.3813 grad_norm=3.6301 tensors_with_grad=69/72
[train] step 227: T=1189 positions=16 loss=1.4046 ce=2.9866 tv=0.4914 conf=1.7503 grad_norm=7.5531 tensors_with_grad=69/72
[train] step 228: T=534 positions=16 loss=1.3306 ce=3.1450 tv=0.5219 conf=2.0344 grad_norm=5.3474 tensors_with_grad=69/72
[train] step 229: T=531 positions=16 loss=0.5731 ce=1.5857 tv=0.3182 conf=1.0766 grad_norm=3.5548 tensors_with_grad=69/72
[train] step 230: T=678 positions=16 loss=0.6860 ce=1.6666 tv=0.3567 conf=1.4477 grad_norm=3.2453 tensors_with_grad=69/72
[train] step 231: T=525 positions=16 loss=1.0141 ce=2.4038 tv=0.4636 conf=1.7944 grad_norm=2.9617 tensors_with_grad=69/72
[train] step 232: T=674 positions=16 loss=0.5110 ce=1.0995 tv=0.2847 conf=1.5706 grad_norm=2.9655 tensors_with_grad=69/72
[train] step 233: T=550 positions=16 loss=0.1446 ce=0.5022 tv=0.1927 conf=1.1891 grad_norm=0.9785 tensors_with_grad=69/72
[train] step 234: T=534 positions=16 loss=0.7210 ce=1.6057 tv=0.4158 conf=1.3952 grad_norm=3.9374 tensors_with_grad=69/72
[train] step 235: T=607 positions=16 loss=0.6875 ce=2.0309 tv=0.3250 conf=2.1197 grad_norm=6.0023 tensors_with_grad=69/72
[train] step 236: T=529 positions=16 loss=1.4415 ce=4.1831 tv=0.5819 conf=1.9839 grad_norm=5.3243 tensors_with_grad=69/72
[train] step 237: T=538 positions=16 loss=1.2224 ce=2.2952 tv=0.5261 conf=1.6909 grad_norm=4.3789 tensors_with_grad=69/72
[train] step 238: T=538 positions=16 loss=0.5326 ce=1.1112 tv=0.2813 conf=0.9880 grad_norm=7.7604 tensors_with_grad=69/72
[train] step 239: T=538 positions=16 loss=0.5029 ce=1.1411 tv=0.2221 conf=0.5381 grad_norm=3.4589 tensors_with_grad=69/72
[train] step 240: T=851 positions=16 loss=1.8039 ce=3.8543 tv=0.6077 conf=1.6136 grad_norm=5.3397 tensors_with_grad=69/72
[train] step 241: T=533 positions=16 loss=0.6074 ce=1.6498 tv=0.3216 conf=1.5858 grad_norm=6.3023 tensors_with_grad=69/72
[train] step 242: T=1623 positions=16 loss=1.5419 ce=3.8393 tv=0.4772 conf=1.4378 grad_norm=3.3807 tensors_with_grad=69/72
[train] step 243: T=547 positions=16 loss=0.7449 ce=1.5000 tv=0.3795 conf=1.6817 grad_norm=5.6847 tensors_with_grad=69/72
[train] step 244: T=876 positions=16 loss=1.6814 ce=3.8422 tv=0.4867 conf=1.4837 grad_norm=4.6155 tensors_with_grad=69/72
[train] step 245: T=528 positions=16 loss=1.0945 ce=2.4641 tv=0.3350 conf=1.0531 grad_norm=5.8221 tensors_with_grad=69/72
[train] step 246: T=652 positions=16 loss=1.3135 ce=3.0053 tv=0.5118 conf=1.7298 grad_norm=4.1834 tensors_with_grad=69/72
[train] step 247: T=611 positions=16 loss=0.2082 ce=0.9085 tv=0.2383 conf=1.6302 grad_norm=3.0626 tensors_with_grad=69/72
[train] step 248: T=588 positions=16 loss=0.2357 ce=0.6354 tv=0.1142 conf=1.2128 grad_norm=1.6809 tensors_with_grad=69/72
[train] step 249: T=554 positions=16 loss=0.6352 ce=1.3814 tv=0.3295 conf=2.0148 grad_norm=3.1329 tensors_with_grad=69/72
[train] step 250: T=592 positions=16 loss=0.8839 ce=1.9122 tv=0.3847 conf=1.5981 grad_norm=8.4075 tensors_with_grad=69/72
[train] step 251: T=540 positions=16 loss=0.3601 ce=1.9411 tv=0.2524 conf=0.9047 grad_norm=2.2785 tensors_with_grad=69/72
[train] step 252: T=537 positions=16 loss=0.6260 ce=1.2727 tv=0.3909 conf=1.1003 grad_norm=3.7136 tensors_with_grad=69/72
[train] step 253: T=673 positions=16 loss=0.5143 ce=1.2420 tv=0.2892 conf=1.4489 grad_norm=7.0585 tensors_with_grad=69/72
[train] step 254: T=575 positions=16 loss=0.2086 ce=0.5026 tv=0.1450 conf=0.6437 grad_norm=1.5468 tensors_with_grad=69/72
[train] step 255: T=545 positions=16 loss=1.2600 ce=2.8176 tv=0.4535 conf=1.6512 grad_norm=4.2116 tensors_with_grad=69/72
[train] step 256: T=540 positions=16 loss=0.3985 ce=0.9410 tv=0.2199 conf=1.1511 grad_norm=2.9121 tensors_with_grad=69/72
[train] step 257: T=525 positions=16 loss=0.8677 ce=1.9782 tv=0.4268 conf=1.6952 grad_norm=6.5681 tensors_with_grad=69/72
[train] step 258: T=1002 positions=16 loss=1.7561 ce=4.0721 tv=0.5794 conf=1.3365 grad_norm=4.4291 tensors_with_grad=69/72
[train] step 259: T=599 positions=16 loss=0.7107 ce=1.5868 tv=0.2701 conf=1.4970 grad_norm=4.8701 tensors_with_grad=69/72
[train] step 260: T=566 positions=16 loss=0.3584 ce=0.9957 tv=0.2998 conf=2.1301 grad_norm=5.0157 tensors_with_grad=69/72
[train] step 261: T=542 positions=16 loss=0.6898 ce=1.8146 tv=0.3845 conf=2.1529 grad_norm=3.8944 tensors_with_grad=69/72
[train] step 262: T=571 positions=16 loss=1.4428 ce=3.2373 tv=0.4799 conf=1.5667 grad_norm=6.9615 tensors_with_grad=69/72
[train] step 263: T=551 positions=16 loss=1.4055 ce=3.0878 tv=0.3869 conf=1.3541 grad_norm=3.7129 tensors_with_grad=69/72
[train] step 264: T=557 positions=16 loss=0.8692 ce=1.8905 tv=0.4046 conf=1.4994 grad_norm=3.6669 tensors_with_grad=69/72
[train] step 265: T=1795 positions=16 loss=1.9082 ce=4.0039 tv=0.5690 conf=2.5949 grad_norm=11.5888 tensors_with_grad=69/72
[train] step 266: T=654 positions=16 loss=0.8989 ce=1.9221 tv=0.4102 conf=1.4621 grad_norm=5.0420 tensors_with_grad=69/72
[train] step 267: T=1011 positions=16 loss=1.2916 ce=2.8111 tv=0.4394 conf=1.5030 grad_norm=3.7552 tensors_with_grad=69/72
[train] step 268: T=673 positions=16 loss=1.0822 ce=2.4189 tv=0.4853 conf=1.5252 grad_norm=7.7645 tensors_with_grad=69/72
[train] step 269: T=588 positions=16 loss=1.0839 ce=2.6703 tv=0.4053 conf=1.6373 grad_norm=4.7560 tensors_with_grad=69/72
[train] step 270: T=540 positions=16 loss=0.6294 ce=1.4920 tv=0.3428 conf=2.1571 grad_norm=4.7533 tensors_with_grad=69/72
[train] step 271: T=667 positions=16 loss=0.2173 ce=0.6621 tv=0.2162 conf=1.0135 grad_norm=1.3397 tensors_with_grad=69/72
[train] step 272: T=952 positions=16 loss=1.1759 ce=2.5286 tv=0.4961 conf=2.4090 grad_norm=6.5364 tensors_with_grad=69/72
[train] step 273: T=862 positions=16 loss=1.3160 ce=2.6606 tv=0.4861 conf=1.7405 grad_norm=3.2811 tensors_with_grad=69/72
[train] step 274: T=945 positions=16 loss=1.8289 ce=4.4060 tv=0.5686 conf=2.5432 grad_norm=6.9405 tensors_with_grad=69/72
[train] step 275: T=545 positions=16 loss=0.9864 ce=2.1313 tv=0.4565 conf=1.4519 grad_norm=3.4625 tensors_with_grad=69/72
[train] step 276: T=677 positions=16 loss=0.7461 ce=1.7206 tv=0.3361 conf=1.8140 grad_norm=3.3391 tensors_with_grad=69/72
[train] step 277: T=659 positions=16 loss=1.1628 ce=2.5642 tv=0.4015 conf=1.3706 grad_norm=3.8800 tensors_with_grad=69/72
[train] step 278: T=676 positions=16 loss=0.7326 ce=1.5321 tv=0.3724 conf=1.5428 grad_norm=5.9003 tensors_with_grad=69/72
[train] step 279: T=525 positions=16 loss=0.9659 ce=2.0403 tv=0.4804 conf=2.0409 grad_norm=6.1331 tensors_with_grad=69/72
[train] step 280: T=568 positions=16 loss=0.6290 ce=1.5609 tv=0.3719 conf=2.4555 grad_norm=5.2214 tensors_with_grad=69/72
[train] step 281: T=613 positions=16 loss=0.2786 ce=1.0812 tv=0.2274 conf=1.7937 grad_norm=2.5144 tensors_with_grad=69/72
[train] step 282: T=535 positions=16 loss=0.5932 ce=1.0388 tv=0.2749 conf=1.7713 grad_norm=3.9592 tensors_with_grad=69/72
[train] step 283: T=524 positions=16 loss=0.6476 ce=1.5025 tv=0.3524 conf=1.4454 grad_norm=6.2673 tensors_with_grad=69/72
[train] step 284: T=529 positions=16 loss=0.7092 ce=1.6915 tv=0.4184 conf=2.5866 grad_norm=4.5808 tensors_with_grad=69/72
[train] step 285: T=549 positions=16 loss=0.5687 ce=1.2057 tv=0.2943 conf=1.6780 grad_norm=2.9009 tensors_with_grad=69/72
[train] step 286: T=878 positions=16 loss=1.2080 ce=2.6448 tv=0.4906 conf=1.9971 grad_norm=5.3085 tensors_with_grad=69/72
[train] step 287: T=570 positions=16 loss=0.9403 ce=1.8978 tv=0.4127 conf=1.6896 grad_norm=5.5305 tensors_with_grad=69/72
[train] step 288: T=675 positions=16 loss=0.7669 ce=1.9606 tv=0.3359 conf=1.3038 grad_norm=8.5665 tensors_with_grad=69/72
[train] step 289: T=590 positions=16 loss=0.8321 ce=1.7693 tv=0.4169 conf=1.6747 grad_norm=4.5820 tensors_with_grad=69/72
[train] step 290: T=619 positions=16 loss=0.3834 ce=0.8417 tv=0.2239 conf=1.2750 grad_norm=2.2658 tensors_with_grad=69/72
[train] step 291: T=540 positions=16 loss=0.4196 ce=1.0168 tv=0.2568 conf=1.3767 grad_norm=4.7779 tensors_with_grad=69/72
[train] step 292: T=557 positions=16 loss=1.4088 ce=2.5913 tv=0.4846 conf=2.1913 grad_norm=6.6509 tensors_with_grad=69/72
[train] step 293: T=674 positions=16 loss=1.1792 ce=2.4557 tv=0.4831 conf=1.3857 grad_norm=2.4209 tensors_with_grad=69/72
[train] step 294: T=551 positions=16 loss=0.6481 ce=1.7737 tv=0.3042 conf=1.2221 grad_norm=3.8512 tensors_with_grad=69/72
[train] step 295: T=536 positions=16 loss=0.8240 ce=1.7847 tv=0.3950 conf=1.4094 grad_norm=3.1535 tensors_with_grad=69/72
[train] step 296: T=562 positions=16 loss=0.4397 ce=0.9148 tv=0.2526 conf=1.0283 grad_norm=2.5942 tensors_with_grad=69/72
[train] step 297: T=914 positions=16 loss=1.4405 ce=3.2110 tv=0.4940 conf=2.2415 grad_norm=5.0214 tensors_with_grad=69/72
[train] step 298: T=603 positions=16 loss=0.6292 ce=1.5418 tv=0.3315 conf=1.5319 grad_norm=3.1423 tensors_with_grad=69/72
[train] step 299: T=637 positions=16 loss=0.6538 ce=2.1673 tv=0.3405 conf=2.0764 grad_norm=2.4408 tensors_with_grad=69/72
[train] step 300: T=678 positions=16 loss=1.0383 ce=2.1015 tv=0.4172 conf=1.2786 grad_norm=3.7291 tensors_with_grad=69/72
[train] step 301: T=1167 positions=16 loss=1.6661 ce=4.0011 tv=0.5344 conf=1.7842 grad_norm=4.5317 tensors_with_grad=69/72
[train] step 302: T=590 positions=16 loss=0.1396 ce=0.4299 tv=0.1376 conf=0.7904 grad_norm=1.7247 tensors_with_grad=69/72
[train] step 303: T=539 positions=16 loss=0.3055 ce=1.1512 tv=0.2583 conf=0.8462 grad_norm=1.9198 tensors_with_grad=69/72
[train] step 304: T=1006 positions=16 loss=1.0288 ce=2.2859 tv=0.4004 conf=2.8388 grad_norm=3.8190 tensors_with_grad=69/72
[train] step 305: T=528 positions=16 loss=1.9319 ce=4.0785 tv=0.6323 conf=1.0008 grad_norm=7.2301 tensors_with_grad=69/72
[train] step 306: T=535 positions=16 loss=0.6761 ce=1.6984 tv=0.3959 conf=1.4907 grad_norm=2.2035 tensors_with_grad=69/72
[train] step 307: T=607 positions=16 loss=0.5906 ce=1.3494 tv=0.3028 conf=1.6064 grad_norm=2.2115 tensors_with_grad=69/72
[train] step 308: T=540 positions=16 loss=0.2000 ce=0.5403 tv=0.2015 conf=1.3279 grad_norm=2.3649 tensors_with_grad=69/72
[train] step 309: T=1532 positions=16 loss=1.2731 ce=3.0689 tv=0.4102 conf=0.8008 grad_norm=8.7409 tensors_with_grad=69/72
[train] step 310: T=532 positions=16 loss=0.6167 ce=1.6421 tv=0.3151 conf=2.2514 grad_norm=4.9830 tensors_with_grad=69/72
[train] step 311: T=1716 positions=16 loss=1.7592 ce=3.7963 tv=0.5292 conf=1.6376 grad_norm=4.3937 tensors_with_grad=69/72
[train] step 312: T=545 positions=16 loss=0.7108 ce=2.0172 tv=0.3706 conf=1.9884 grad_norm=3.2487 tensors_with_grad=69/72
[train] step 313: T=606 positions=16 loss=0.9161 ce=2.2028 tv=0.4423 conf=1.7448 grad_norm=7.0426 tensors_with_grad=69/72
[train] step 314: T=582 positions=16 loss=0.3097 ce=0.8498 tv=0.2147 conf=0.6726 grad_norm=2.5604 tensors_with_grad=69/72
[train] step 315: T=615 positions=16 loss=1.0855 ce=2.4773 tv=0.3982 conf=1.1847 grad_norm=9.1182 tensors_with_grad=69/72
[train] step 316: T=534 positions=16 loss=0.8327 ce=1.6669 tv=0.3938 conf=1.3573 grad_norm=4.3008 tensors_with_grad=69/72
[train] step 317: T=542 positions=16 loss=0.5946 ce=1.2492 tv=0.3039 conf=1.1612 grad_norm=8.2206 tensors_with_grad=69/72
[train] step 318: T=626 positions=16 loss=0.5418 ce=1.3479 tv=0.3085 conf=1.4600 grad_norm=3.3422 tensors_with_grad=69/72
[train] step 319: T=525 positions=16 loss=0.8278 ce=1.8305 tv=0.4171 conf=1.2318 grad_norm=3.7852 tensors_with_grad=69/72
[train] step 320: T=627 positions=16 loss=0.2501 ce=0.6353 tv=0.2441 conf=2.1451 grad_norm=2.8438 tensors_with_grad=69/72
[train] step 321: T=641 positions=16 loss=0.5337 ce=1.4617 tv=0.2862 conf=1.2328 grad_norm=2.5240 tensors_with_grad=69/72
[train] step 322: T=605 positions=16 loss=0.4574 ce=1.0744 tv=0.2836 conf=1.2063 grad_norm=2.7649 tensors_with_grad=69/72
[train] step 323: T=532 positions=16 loss=0.6999 ce=1.3328 tv=0.2559 conf=0.7790 grad_norm=2.7022 tensors_with_grad=69/72
[train] step 324: T=526 positions=16 loss=1.2181 ce=2.7498 tv=0.5178 conf=1.6378 grad_norm=3.9142 tensors_with_grad=69/72
[train] step 325: T=545 positions=16 loss=0.2832 ce=0.8160 tv=0.2075 conf=1.6945 grad_norm=3.6030 tensors_with_grad=69/72
[train] step 326: T=561 positions=16 loss=0.8954 ce=2.2538 tv=0.3664 conf=2.5146 grad_norm=2.9543 tensors_with_grad=69/72
[train] step 327: T=540 positions=16 loss=0.6721 ce=1.5299 tv=0.2890 conf=1.0277 grad_norm=2.6649 tensors_with_grad=69/72
[train] step 328: T=1025 positions=16 loss=1.6296 ce=3.6506 tv=0.5521 conf=2.2517 grad_norm=6.1440 tensors_with_grad=69/72
[train] step 329: T=1316 positions=16 loss=1.4194 ce=3.0658 tv=0.4132 conf=0.8797 grad_norm=3.8384 tensors_with_grad=69/72
[train] step 330: T=593 positions=16 loss=1.3616 ce=3.8390 tv=0.5341 conf=2.2007 grad_norm=3.7784 tensors_with_grad=69/72
[train] step 331: T=1364 positions=16 loss=1.8905 ce=4.0122 tv=0.5228 conf=0.9472 grad_norm=7.6691 tensors_with_grad=69/72
[train] step 332: T=563 positions=16 loss=1.0487 ce=2.1800 tv=0.3973 conf=2.1241 grad_norm=3.6456 tensors_with_grad=69/72
[train] step 333: T=621 positions=16 loss=0.8422 ce=2.5288 tv=0.3884 conf=1.5852 grad_norm=3.8377 tensors_with_grad=69/72
[train] step 334: T=1798 positions=16 loss=1.3467 ce=3.0779 tv=0.4617 conf=2.6378 grad_norm=5.0264 tensors_with_grad=69/72
[train] step 335: T=565 positions=16 loss=1.3996 ce=2.5987 tv=0.5160 conf=1.8612 grad_norm=9.4256 tensors_with_grad=69/72
[train] step 336: T=592 positions=16 loss=0.5400 ce=1.1686 tv=0.3163 conf=1.3236 grad_norm=4.3566 tensors_with_grad=69/72
[train] step 337: T=559 positions=16 loss=0.3228 ce=0.8223 tv=0.1905 conf=1.1019 grad_norm=1.9679 tensors_with_grad=69/72
[train] step 338: T=538 positions=16 loss=0.0691 ce=0.2522 tv=0.0728 conf=0.2387 grad_norm=1.0192 tensors_with_grad=69/72
[train] step 339: T=554 positions=16 loss=0.8299 ce=1.9770 tv=0.3800 conf=2.7631 grad_norm=2.7945 tensors_with_grad=69/72
[train] step 340: T=577 positions=16 loss=1.4017 ce=3.2688 tv=0.5566 conf=2.0987 grad_norm=4.7830 tensors_with_grad=69/72
[train] step 341: T=630 positions=16 loss=0.3064 ce=0.7737 tv=0.1968 conf=1.0801 grad_norm=3.5042 tensors_with_grad=69/72
[train] step 342: T=672 positions=16 loss=0.9924 ce=2.0954 tv=0.4481 conf=1.1673 grad_norm=5.0661 tensors_with_grad=69/72
[train] step 343: T=536 positions=16 loss=0.3363 ce=0.8439 tv=0.2293 conf=1.3160 grad_norm=3.4481 tensors_with_grad=69/72
[train] step 344: T=528 positions=16 loss=0.4800 ce=1.4063 tv=0.2606 conf=1.3665 grad_norm=2.0012 tensors_with_grad=69/72
[train] step 345: T=547 positions=16 loss=0.8535 ce=1.6441 tv=0.3809 conf=1.2122 grad_norm=5.6486 tensors_with_grad=69/72
[train] step 346: T=639 positions=16 loss=0.2995 ce=0.7550 tv=0.1937 conf=0.8645 grad_norm=2.1530 tensors_with_grad=69/72
[train] step 347: T=602 positions=16 loss=0.5618 ce=1.8210 tv=0.3101 conf=1.0283 grad_norm=4.3905 tensors_with_grad=69/72
[train] step 348: T=665 positions=16 loss=0.2598 ce=0.7744 tv=0.1586 conf=0.8278 grad_norm=2.8493 tensors_with_grad=69/72
[train] step 349: T=600 positions=16 loss=1.1713 ce=2.6503 tv=0.5176 conf=2.1030 grad_norm=5.5548 tensors_with_grad=69/72
[train] step 350: T=1649 positions=16 loss=2.1834 ce=4.5468 tv=0.5691 conf=1.4325 grad_norm=6.3648 tensors_with_grad=69/72
[train] step 351: T=1232 positions=16 loss=1.4002 ce=2.9470 tv=0.5665 conf=1.6429 grad_norm=3.0478 tensors_with_grad=69/72
[train] step 352: T=528 positions=16 loss=1.0645 ce=2.0157 tv=0.4373 conf=0.8198 grad_norm=5.8634 tensors_with_grad=69/72
[train] step 353: T=1067 positions=16 loss=1.6441 ce=3.6772 tv=0.5656 conf=1.6527 grad_norm=4.4642 tensors_with_grad=69/72
[train] step 354: T=524 positions=16 loss=1.4497 ce=3.2666 tv=0.5050 conf=1.2959 grad_norm=4.0666 tensors_with_grad=69/72
[train] step 355: T=634 positions=16 loss=0.4822 ce=1.4132 tv=0.3659 conf=1.7002 grad_norm=2.5638 tensors_with_grad=69/72
[train] step 356: T=593 positions=16 loss=0.4228 ce=1.5874 tv=0.3019 conf=1.8283 grad_norm=4.2521 tensors_with_grad=69/72
[train] step 357: T=524 positions=16 loss=0.8861 ce=1.9720 tv=0.4822 conf=1.7548 grad_norm=3.7927 tensors_with_grad=69/72
[train] step 358: T=574 positions=16 loss=0.5058 ce=1.4453 tv=0.3385 conf=1.6056 grad_norm=3.4831 tensors_with_grad=69/72
[train] step 359: T=602 positions=16 loss=0.5427 ce=1.1938 tv=0.3300 conf=1.3807 grad_norm=3.2173 tensors_with_grad=69/72
[train] step 360: T=573 positions=16 loss=0.3301 ce=0.9109 tv=0.2050 conf=1.1772 grad_norm=3.9800 tensors_with_grad=69/72
[train] step 361: T=677 positions=16 loss=1.0204 ce=2.2952 tv=0.4012 conf=1.7431 grad_norm=4.5993 tensors_with_grad=69/72
[train] step 362: T=568 positions=16 loss=1.5363 ce=3.2903 tv=0.5733 conf=1.6600 grad_norm=6.4585 tensors_with_grad=69/72
[train] step 363: T=961 positions=16 loss=1.0162 ce=2.5360 tv=0.4696 conf=2.5983 grad_norm=9.2946 tensors_with_grad=69/72
[train] step 364: T=569 positions=16 loss=1.1417 ce=2.6286 tv=0.4895 conf=1.3724 grad_norm=5.2431 tensors_with_grad=69/72
[train] step 365: T=533 positions=16 loss=0.6697 ce=1.5947 tv=0.3911 conf=2.6077 grad_norm=6.2721 tensors_with_grad=69/72
[train] step 366: T=539 positions=16 loss=0.6900 ce=1.6499 tv=0.4124 conf=1.1550 grad_norm=2.3671 tensors_with_grad=69/72
[train] step 367: T=562 positions=16 loss=0.5823 ce=1.4056 tv=0.3008 conf=1.1938 grad_norm=2.4781 tensors_with_grad=69/72
[train] step 368: T=531 positions=16 loss=0.3904 ce=0.9138 tv=0.1693 conf=0.4580 grad_norm=1.5415 tensors_with_grad=69/72
[train] step 369: T=539 positions=16 loss=1.1906 ce=3.3487 tv=0.4536 conf=1.2638 grad_norm=8.9831 tensors_with_grad=69/72
[train] step 370: T=618 positions=16 loss=0.7629 ce=2.0263 tv=0.3888 conf=1.5983 grad_norm=5.2433 tensors_with_grad=69/72
[train] step 371: T=535 positions=16 loss=0.1586 ce=0.4550 tv=0.1582 conf=0.8932 grad_norm=1.2904 tensors_with_grad=69/72
[train] step 372: T=675 positions=16 loss=1.3175 ce=2.6158 tv=0.5225 conf=1.5398 grad_norm=5.8116 tensors_with_grad=69/72
[train] step 373: T=606 positions=16 loss=0.1239 ce=0.4255 tv=0.0960 conf=0.5235 grad_norm=2.0717 tensors_with_grad=69/72
[train] step 374: T=529 positions=16 loss=0.9656 ce=2.0707 tv=0.4233 conf=1.0841 grad_norm=4.6386 tensors_with_grad=69/72
[train] step 375: T=529 positions=16 loss=1.5850 ce=3.5234 tv=0.6097 conf=1.7710 grad_norm=3.4150 tensors_with_grad=69/72
[train] step 376: T=530 positions=16 loss=1.0858 ce=2.1710 tv=0.4837 conf=1.4420 grad_norm=4.4612 tensors_with_grad=69/72
[train] step 377: T=1003 positions=16 loss=1.0926 ce=2.4121 tv=0.3642 conf=0.7973 grad_norm=2.9244 tensors_with_grad=69/72
[train] step 378: T=551 positions=16 loss=0.6180 ce=2.1986 tv=0.2959 conf=1.4882 grad_norm=3.7830 tensors_with_grad=69/72
[train] step 379: T=810 positions=16 loss=0.7678 ce=1.8422 tv=0.2862 conf=1.5647 grad_norm=2.7749 tensors_with_grad=69/72
[train] step 380: T=533 positions=16 loss=0.4962 ce=1.0350 tv=0.2635 conf=1.5484 grad_norm=2.6090 tensors_with_grad=69/72
[train] step 381: T=672 positions=16 loss=1.1080 ce=2.5123 tv=0.5204 conf=1.5364 grad_norm=5.3909 tensors_with_grad=69/72
[train] step 382: T=1041 positions=16 loss=1.6170 ce=3.8389 tv=0.4290 conf=1.5953 grad_norm=10.1093 tensors_with_grad=69/72
[train] step 383: T=599 positions=16 loss=0.6266 ce=1.4180 tv=0.3179 conf=1.9594 grad_norm=3.5851 tensors_with_grad=69/72
[train] step 384: T=678 positions=16 loss=0.2450 ce=0.7169 tv=0.2400 conf=1.7964 grad_norm=1.7015 tensors_with_grad=69/72
[train] step 385: T=672 positions=16 loss=1.0640 ce=2.6019 tv=0.4782 conf=1.9793 grad_norm=7.2300 tensors_with_grad=69/72
[train] step 386: T=570 positions=16 loss=1.6310 ce=3.3147 tv=0.5788 conf=1.7431 grad_norm=10.3743 tensors_with_grad=69/72
[train] step 387: T=1218 positions=16 loss=2.0355 ce=4.4334 tv=0.5997 conf=1.7095 grad_norm=6.6106 tensors_with_grad=69/72
[train] step 388: T=529 positions=16 loss=0.5013 ce=1.2620 tv=0.3391 conf=1.2422 grad_norm=4.2495 tensors_with_grad=69/72
[train] step 389: T=532 positions=16 loss=0.4844 ce=1.2239 tv=0.3238 conf=1.8058 grad_norm=3.8039 tensors_with_grad=69/72
[train] step 390: T=541 positions=16 loss=0.2985 ce=0.8911 tv=0.1985 conf=1.1318 grad_norm=1.6337 tensors_with_grad=69/72
[train] step 391: T=531 positions=16 loss=0.6850 ce=1.5305 tv=0.3455 conf=1.5444 grad_norm=4.0210 tensors_with_grad=69/72
[train] step 392: T=630 positions=16 loss=0.5723 ce=1.5277 tv=0.2459 conf=1.1520 grad_norm=3.4237 tensors_with_grad=69/72
[train] step 393: T=1225 positions=16 loss=1.6109 ce=3.7708 tv=0.5322 conf=2.9005 grad_norm=3.9525 tensors_with_grad=69/72
[train] step 394: T=622 positions=16 loss=0.9250 ce=1.8889 tv=0.3776 conf=1.1155 grad_norm=3.2777 tensors_with_grad=69/72
[train] step 395: T=950 positions=16 loss=1.1933 ce=2.4636 tv=0.4577 conf=1.9721 grad_norm=7.0509 tensors_with_grad=69/72
[train] step 396: T=537 positions=16 loss=0.2410 ce=0.8284 tv=0.1676 conf=1.0911 grad_norm=1.6248 tensors_with_grad=69/72
[train] step 397: T=616 positions=16 loss=0.2741 ce=0.5120 tv=0.1363 conf=0.5833 grad_norm=2.1127 tensors_with_grad=69/72
[train] step 398: T=532 positions=16 loss=0.1205 ce=0.3011 tv=0.1182 conf=1.2307 grad_norm=1.5990 tensors_with_grad=69/72
[train] step 399: T=587 positions=16 loss=0.1535 ce=0.5311 tv=0.1659 conf=1.2113 grad_norm=1.1476 tensors_with_grad=69/72
[train] step 400: T=611 positions=16 loss=0.9763 ce=2.4639 tv=0.4187 conf=2.0266 grad_norm=4.1725 tensors_with_grad=69/72
[train] step 401: T=534 positions=16 loss=0.3382 ce=0.8509 tv=0.2184 conf=0.5391 grad_norm=2.7033 tensors_with_grad=69/72
[train] step 402: T=532 positions=16 loss=0.1470 ce=0.3133 tv=0.1553 conf=0.9219 grad_norm=2.8760 tensors_with_grad=69/72
[train] step 403: T=525 positions=16 loss=0.6760 ce=1.7317 tv=0.3202 conf=1.9254 grad_norm=6.9418 tensors_with_grad=69/72
[train] step 404: T=628 positions=16 loss=0.6431 ce=1.8353 tv=0.3680 conf=2.1391 grad_norm=2.1528 tensors_with_grad=69/72
[train] step 405: T=940 positions=16 loss=1.2360 ce=3.2221 tv=0.4367 conf=2.2519 grad_norm=5.0944 tensors_with_grad=69/72
[train] step 406: T=672 positions=16 loss=0.5329 ce=1.2720 tv=0.3101 conf=1.2964 grad_norm=4.1405 tensors_with_grad=69/72
[train] step 407: T=642 positions=16 loss=1.2736 ce=2.7942 tv=0.4831 conf=1.7195 grad_norm=5.3225 tensors_with_grad=69/72
[train] step 408: T=673 positions=16 loss=0.9351 ce=2.0946 tv=0.4877 conf=2.0951 grad_norm=4.6125 tensors_with_grad=69/72
[train] step 409: T=532 positions=16 loss=0.5646 ce=1.4860 tv=0.2926 conf=1.8333 grad_norm=2.9074 tensors_with_grad=69/72
[train] step 410: T=528 positions=16 loss=1.1600 ce=2.7996 tv=0.4964 conf=1.7279 grad_norm=5.2361 tensors_with_grad=69/72
[train] step 411: T=585 positions=16 loss=0.9394 ce=2.1421 tv=0.4489 conf=1.6938 grad_norm=3.2912 tensors_with_grad=69/72
[train] step 412: T=544 positions=16 loss=0.2166 ce=0.8361 tv=0.2025 conf=1.2877 grad_norm=2.2820 tensors_with_grad=69/72
[train] step 413: T=544 positions=16 loss=0.2647 ce=0.6880 tv=0.2142 conf=1.1227 grad_norm=1.9459 tensors_with_grad=69/72
[train] step 414: T=674 positions=16 loss=0.9781 ce=2.2600 tv=0.4409 conf=1.6390 grad_norm=3.5642 tensors_with_grad=69/72
[train] step 415: T=558 positions=16 loss=0.3664 ce=0.9135 tv=0.2821 conf=2.0209 grad_norm=2.3387 tensors_with_grad=69/72
[train] step 416: T=596 positions=16 loss=0.5319 ce=1.1814 tv=0.3322 conf=1.8998 grad_norm=5.9790 tensors_with_grad=69/72
[train] step 417: T=644 positions=16 loss=0.8124 ce=1.7008 tv=0.4320 conf=2.1745 grad_norm=5.2879 tensors_with_grad=69/72
[train] step 418: T=676 positions=16 loss=0.6282 ce=1.5181 tv=0.3553 conf=1.3255 grad_norm=5.5780 tensors_with_grad=69/72
[train] step 419: T=643 positions=16 loss=0.8649 ce=1.9325 tv=0.4377 conf=1.9529 grad_norm=4.7359 tensors_with_grad=69/72
[train] step 420: T=526 positions=16 loss=0.4026 ce=0.7383 tv=0.2237 conf=1.2174 grad_norm=2.4317 tensors_with_grad=69/72
[train] step 421: T=540 positions=16 loss=0.2202 ce=0.4658 tv=0.1144 conf=0.3752 grad_norm=2.5985 tensors_with_grad=69/72
[train] step 422: T=665 positions=16 loss=1.3279 ce=2.9354 tv=0.5207 conf=1.6975 grad_norm=7.1345 tensors_with_grad=69/72
[train] step 423: T=530 positions=16 loss=1.0090 ce=1.9971 tv=0.4277 conf=1.7936 grad_norm=7.2839 tensors_with_grad=69/72
[train] step 424: T=526 positions=16 loss=0.8650 ce=2.3442 tv=0.3133 conf=0.9942 grad_norm=4.3790 tensors_with_grad=69/72
[train] step 425: T=539 positions=16 loss=0.3328 ce=1.0777 tv=0.2492 conf=1.0453 grad_norm=4.0225 tensors_with_grad=69/72
[train] step 426: T=548 positions=16 loss=0.6909 ce=1.9924 tv=0.3751 conf=1.7253 grad_norm=3.4027 tensors_with_grad=69/72
[train] step 427: T=545 positions=16 loss=0.6335 ce=2.0611 tv=0.2560 conf=0.8700 grad_norm=3.1148 tensors_with_grad=69/72
[train] step 428: T=889 positions=16 loss=1.6677 ce=3.6775 tv=0.5378 conf=1.2111 grad_norm=6.1452 tensors_with_grad=69/72
[train] step 429: T=673 positions=16 loss=0.8123 ce=1.9282 tv=0.3655 conf=1.2024 grad_norm=3.1166 tensors_with_grad=69/72
[train] step 430: T=597 positions=16 loss=0.2019 ce=0.3807 tv=0.1451 conf=0.6323 grad_norm=1.0572 tensors_with_grad=69/72
[train] step 431: T=601 positions=16 loss=0.5271 ce=1.9050 tv=0.2819 conf=1.4530 grad_norm=3.2103 tensors_with_grad=69/72
[train] step 432: T=525 positions=16 loss=1.0745 ce=2.6289 tv=0.5124 conf=1.7093 grad_norm=5.5346 tensors_with_grad=69/72
[train] step 433: T=541 positions=16 loss=0.2207 ce=0.4470 tv=0.1501 conf=0.5402 grad_norm=1.8010 tensors_with_grad=69/72
[train] step 434: T=561 positions=16 loss=0.3647 ce=1.2501 tv=0.2698 conf=1.8728 grad_norm=1.9498 tensors_with_grad=69/72
[train] step 435: T=556 positions=16 loss=0.4470 ce=1.5394 tv=0.2136 conf=0.8588 grad_norm=2.7150 tensors_with_grad=69/72
[train] step 436: T=541 positions=16 loss=0.3291 ce=0.7551 tv=0.2378 conf=1.2580 grad_norm=4.4657 tensors_with_grad=69/72
[train] step 437: T=582 positions=16 loss=1.3109 ce=2.4909 tv=0.4780 conf=1.5214 grad_norm=5.3528 tensors_with_grad=69/72
[train] step 438: T=543 positions=16 loss=0.6528 ce=1.7196 tv=0.2958 conf=1.1243 grad_norm=3.1971 tensors_with_grad=69/72
[train] step 439: T=636 positions=16 loss=0.6687 ce=1.4641 tv=0.4003 conf=1.3922 grad_norm=3.2255 tensors_with_grad=69/72
[train] step 440: T=530 positions=16 loss=1.0143 ce=2.1380 tv=0.4881 conf=1.6405 grad_norm=6.0656 tensors_with_grad=69/72
[train] step 441: T=581 positions=16 loss=0.8398 ce=1.6125 tv=0.3979 conf=2.0810 grad_norm=2.8584 tensors_with_grad=69/72
[train] step 442: T=569 positions=16 loss=0.6443 ce=1.5780 tv=0.3022 conf=1.2007 grad_norm=3.2644 tensors_with_grad=69/72
[train] step 443: T=573 positions=16 loss=0.8620 ce=1.8866 tv=0.3339 conf=1.7318 grad_norm=4.6792 tensors_with_grad=69/72
[train] step 444: T=543 positions=16 loss=1.1269 ce=3.0213 tv=0.4671 conf=2.0870 grad_norm=6.9650 tensors_with_grad=69/72
[train] step 445: T=546 positions=16 loss=0.2479 ce=0.8305 tv=0.1644 conf=1.3943 grad_norm=2.3875 tensors_with_grad=69/72
[train] step 446: T=672 positions=16 loss=1.3337 ce=2.7015 tv=0.5840 conf=1.9282 grad_norm=7.1479 tensors_with_grad=69/72
[train] step 447: T=604 positions=16 loss=1.6881 ce=4.6785 tv=0.5002 conf=1.1999 grad_norm=9.4612 tensors_with_grad=69/72
[train] step 448: T=622 positions=16 loss=0.8873 ce=1.7815 tv=0.3846 conf=1.4070 grad_norm=3.9656 tensors_with_grad=69/72
[train] step 449: T=542 positions=16 loss=0.5949 ce=2.2480 tv=0.3506 conf=1.2652 grad_norm=3.2699 tensors_with_grad=69/72
[train] step 450: T=539 positions=16 loss=0.3139 ce=0.7734 tv=0.2139 conf=2.2065 grad_norm=1.9875 tensors_with_grad=69/72
[train] step 451: T=636 positions=16 loss=0.4202 ce=1.1645 tv=0.3060 conf=2.2409 grad_norm=3.1828 tensors_with_grad=69/72
[train] step 452: T=587 positions=16 loss=0.2838 ce=0.9336 tv=0.1461 conf=0.8245 grad_norm=2.4364 tensors_with_grad=69/72
[train] step 453: T=633 positions=16 loss=0.9001 ce=1.7690 tv=0.3988 conf=2.0189 grad_norm=8.0922 tensors_with_grad=69/72
[train] step 454: T=536 positions=16 loss=0.1820 ce=0.5859 tv=0.1659 conf=1.3746 grad_norm=2.6429 tensors_with_grad=69/72
[train] step 455: T=529 positions=16 loss=0.4977 ce=1.1602 tv=0.2729 conf=1.5868 grad_norm=4.2788 tensors_with_grad=69/72
[train] step 456: T=580 positions=16 loss=0.2314 ce=0.6074 tv=0.1956 conf=1.0357 grad_norm=1.4701 tensors_with_grad=69/72
[train] step 457: T=1549 positions=16 loss=1.3646 ce=3.1475 tv=0.4596 conf=2.6215 grad_norm=4.8706 tensors_with_grad=69/72
[train] step 458: T=636 positions=16 loss=0.5927 ce=1.5808 tv=0.3309 conf=1.4126 grad_norm=3.9295 tensors_with_grad=69/72
[train] step 459: T=899 positions=16 loss=0.8290 ce=1.9115 tv=0.2767 conf=1.0323 grad_norm=2.6111 tensors_with_grad=69/72
[train] step 460: T=611 positions=16 loss=0.1491 ce=0.4839 tv=0.1159 conf=0.5232 grad_norm=1.4600 tensors_with_grad=69/72
[train] step 461: T=533 positions=16 loss=0.3970 ce=0.9029 tv=0.2141 conf=0.8316 grad_norm=2.8511 tensors_with_grad=69/72
[train] step 462: T=567 positions=16 loss=1.0861 ce=2.8006 tv=0.4633 conf=2.4457 grad_norm=3.7917 tensors_with_grad=69/72
[train] step 463: T=539 positions=16 loss=0.1691 ce=0.3911 tv=0.1332 conf=0.9694 grad_norm=1.4347 tensors_with_grad=69/72
[train] step 464: T=539 positions=16 loss=0.1289 ce=0.3073 tv=0.1221 conf=1.0401 grad_norm=1.9749 tensors_with_grad=69/72
[train] step 465: T=663 positions=16 loss=0.5745 ce=1.2143 tv=0.3166 conf=1.5635 grad_norm=3.8354 tensors_with_grad=69/72
[train] step 466: T=601 positions=16 loss=0.7104 ce=1.6578 tv=0.3302 conf=1.3017 grad_norm=4.8806 tensors_with_grad=69/72
[train] step 467: T=532 positions=16 loss=0.4851 ce=0.8752 tv=0.2118 conf=0.5627 grad_norm=4.1088 tensors_with_grad=69/72
[train] step 468: T=575 positions=16 loss=0.8628 ce=1.9461 tv=0.4463 conf=1.6005 grad_norm=2.9497 tensors_with_grad=69/72
[train] step 469: T=542 positions=16 loss=0.2377 ce=0.6586 tv=0.1917 conf=1.1779 grad_norm=2.5021 tensors_with_grad=69/72
[train] step 470: T=1125 positions=16 loss=0.7840 ce=2.0555 tv=0.3405 conf=2.1087 grad_norm=3.1135 tensors_with_grad=69/72
[train] step 471: T=586 positions=16 loss=0.7292 ce=2.8322 tv=0.4137 conf=1.6895 grad_norm=5.5992 tensors_with_grad=69/72
[train] step 472: T=576 positions=16 loss=0.4091 ce=1.0369 tv=0.2760 conf=1.6136 grad_norm=5.3648 tensors_with_grad=69/72
[train] step 473: T=534 positions=16 loss=0.3166 ce=0.8548 tv=0.2503 conf=1.9504 grad_norm=2.3252 tensors_with_grad=69/72
[train] step 474: T=535 positions=16 loss=0.5928 ce=1.5861 tv=0.2844 conf=0.6608 grad_norm=4.0182 tensors_with_grad=69/72
[train] step 475: T=663 positions=16 loss=1.0417 ce=2.1593 tv=0.4979 conf=1.9398 grad_norm=4.9190 tensors_with_grad=69/72
[train] step 476: T=593 positions=16 loss=1.2039 ce=2.6875 tv=0.3701 conf=1.1593 grad_norm=6.9841 tensors_with_grad=69/72
[train] step 477: T=672 positions=16 loss=1.4406 ce=3.0738 tv=0.5266 conf=1.5501 grad_norm=4.6533 tensors_with_grad=69/72
[train] step 478: T=572 positions=16 loss=1.2355 ce=2.6563 tv=0.4328 conf=1.4001 grad_norm=5.6545 tensors_with_grad=69/72
[train] step 479: T=672 positions=16 loss=0.9287 ce=1.9993 tv=0.4282 conf=2.0008 grad_norm=3.7884 tensors_with_grad=69/72
[train] step 480: T=557 positions=16 loss=0.3930 ce=0.8833 tv=0.2380 conf=1.3503 grad_norm=3.3904 tensors_with_grad=69/72
[train] step 481: T=676 positions=16 loss=1.0473 ce=2.3714 tv=0.4315 conf=1.6620 grad_norm=3.2964 tensors_with_grad=69/72
[train] step 482: T=676 positions=16 loss=1.0928 ce=2.3672 tv=0.4665 conf=1.5926 grad_norm=3.3532 tensors_with_grad=69/72
[train] step 483: T=526 positions=16 loss=1.2532 ce=2.5940 tv=0.5328 conf=1.3883 grad_norm=8.2432 tensors_with_grad=69/72
[train] step 484: T=585 positions=16 loss=0.7434 ce=1.4436 tv=0.2792 conf=1.5839 grad_norm=4.4356 tensors_with_grad=69/72
[train] step 485: T=542 positions=16 loss=0.5030 ce=1.2630 tv=0.3207 conf=0.9581 grad_norm=2.9755 tensors_with_grad=69/72
[train] step 486: T=572 positions=16 loss=0.6993 ce=1.5513 tv=0.3049 conf=1.4458 grad_norm=3.3075 tensors_with_grad=69/72
[train] step 487: T=567 positions=16 loss=1.1745 ce=2.6203 tv=0.4746 conf=1.7273 grad_norm=5.3652 tensors_with_grad=69/72
[train] step 488: T=591 positions=16 loss=0.5393 ce=2.3478 tv=0.3158 conf=1.6433 grad_norm=3.7789 tensors_with_grad=69/72
[train] step 489: T=536 positions=16 loss=0.0886 ce=0.3076 tv=0.1246 conf=1.6722 grad_norm=1.5106 tensors_with_grad=69/72
[diag] draft-argmax == TARGET-argmax : 63.7%  | == ground-truth token: 62.7%
[diag] mean top-1 prob  target 0.840  draft 0.717   (TV near 1 with a PEAKED draft => misalignment; with a FLAT draft => genuine)
[train] saved 72 trained tensors -> /cap/s3recap-p25-b0.5/c2/trained/mtp_trained.safetensors
[train] saved AdamW state -> /cap/s3recap-p25-b0.5/c2/trained/opt_state.pt (needed for --resume to be equivalent to one continuous run)
[train] metrics -> /cap/s3recap-p25-b0.5/c2/train_metrics.json  (loss 0.7163 -> 0.0886, tail mean 0.7114)
[train] TRAIN OK
