[train] device=cuda torch=2.10.0
  loading model-00046-of-00048.safetensors ...
  loading model-00047-of-00048.safetensors ...
  loading model-00048-of-00048.safetensors ...
  dequantised 1512 tensors, 12.60 B params, 23.5 GiB bf16
[train] weights ready in 8.8s
[train] trainable 517.3 M in 72 tensors | frozen experts 12.08 B
[train] capture: 491 sample(s)
[Gloo] Rank 0 is connected to 0 peer ranks. Expected number of connected peer ranks is : 0
[train] ModelArgs: n_mtp=3 block=5 taps=[40, 41, 42] markov_rank=256
[train] built 3 DSparkBlock(s) on meta
[train] re-materialised freqs_cis on 3 attention module(s) (persistent=False buffers are NOT in state_dict and to_empty() zapped them)
[train] load_state_dict: 0 missing, 0 unexpected
[train] GATE1 model construction OK
[train] aux: embed.weight(129280, 4096), head.weight(129280, 4096)
[train] trainable tensors in graph: 72 / 517.3 M
[train] P2.5 anchor: frozen copy of 3 block(s), beta=0.1
[train] lr schedule: linear warmup 73 step(s) -> cosine over 1472 session step(s), peak 5e-05; this chunk is steps 0..490
/work/train/train_head.py:115: UserWarning: Converting a tensor with requires_grad=True to a scalar may lead to unexpected behavior.
Consider using tensor.detach() first. (Triggered internally at /opt/pytorch/torch/csrc/autograd/generated/python_variable_methods.cpp:836.)
  parts = {"ce": float((w * ce).sum()), "tv": float((w * tv).sum()), "conf": 0.0}
[train] step 0: T=541 positions=16 loss=3.6429 ce=5.6107 tv=0.6384 conf=0.7463 grad_norm=37.4638 tensors_with_grad=69/72
[train] step 1: T=645 positions=16 loss=4.5643 ce=8.7046 tv=0.8622 conf=0.4605 grad_norm=52.9311 tensors_with_grad=69/72
[train] step 2: T=527 positions=16 loss=1.9117 ce=7.7178 tv=0.6205 conf=0.6578 grad_norm=15.5463 tensors_with_grad=69/72
[train] step 3: T=848 positions=16 loss=1.6495 ce=6.0219 tv=0.5333 conf=0.4111 grad_norm=29.7054 tensors_with_grad=69/72
[train] step 4: T=675 positions=16 loss=1.8875 ce=5.3594 tv=0.3936 conf=0.6505 grad_norm=36.1940 tensors_with_grad=69/72
[train] step 5: T=536 positions=16 loss=0.9101 ce=2.9603 tv=0.2582 conf=0.3656 grad_norm=6.1595 tensors_with_grad=69/72
[train] step 6: T=619 positions=16 loss=0.7032 ce=1.8139 tv=0.1657 conf=0.2655 grad_norm=8.8463 tensors_with_grad=69/72
[train] step 7: T=632 positions=16 loss=3.0976 ce=6.9812 tv=0.8201 conf=0.5311 grad_norm=29.5534 tensors_with_grad=69/72
[train] step 8: T=529 positions=16 loss=1.8164 ce=3.7949 tv=0.5285 conf=0.6816 grad_norm=17.1159 tensors_with_grad=69/72
[train] step 9: T=530 positions=16 loss=1.9655 ce=4.3127 tv=0.5149 conf=0.5192 grad_norm=24.4976 tensors_with_grad=69/72
[train] step 10: T=660 positions=16 loss=2.7225 ce=7.1513 tv=0.7743 conf=0.4186 grad_norm=25.9931 tensors_with_grad=69/72
[train] step 11: T=1056 positions=16 loss=2.8189 ce=7.1805 tv=0.6423 conf=0.6374 grad_norm=28.1025 tensors_with_grad=69/72
[train] step 12: T=537 positions=16 loss=2.0765 ce=4.2357 tv=0.4342 conf=0.7246 grad_norm=38.4511 tensors_with_grad=69/72
[train] step 13: T=539 positions=16 loss=3.2837 ce=7.6476 tv=0.6760 conf=0.8325 grad_norm=57.9308 tensors_with_grad=69/72
[train] step 14: T=627 positions=16 loss=1.0665 ce=3.3037 tv=0.2527 conf=0.3714 grad_norm=10.8088 tensors_with_grad=69/72
[train] step 15: T=526 positions=16 loss=3.0961 ce=7.9756 tv=0.7930 conf=0.5087 grad_norm=17.0242 tensors_with_grad=69/72
[train] step 16: T=1697 positions=16 loss=3.2618 ce=8.9837 tv=0.8609 conf=0.3711 grad_norm=30.1900 tensors_with_grad=69/72
[train] step 17: T=608 positions=16 loss=2.4702 ce=5.9031 tv=0.6499 conf=0.6472 grad_norm=25.1582 tensors_with_grad=69/72
[train] step 18: T=541 positions=16 loss=0.9672 ce=2.3260 tv=0.3141 conf=0.4589 grad_norm=16.5302 tensors_with_grad=69/72
[train] step 19: T=528 positions=16 loss=2.6417 ce=7.3523 tv=0.7368 conf=0.3936 grad_norm=24.3633 tensors_with_grad=69/72
[train] step 20: T=531 positions=16 loss=1.6341 ce=4.4949 tv=0.4843 conf=0.4646 grad_norm=9.7697 tensors_with_grad=69/72
[train] step 21: T=531 positions=16 loss=2.0501 ce=4.5830 tv=0.5582 conf=0.7758 grad_norm=30.6731 tensors_with_grad=69/72
[train] step 22: T=536 positions=16 loss=3.0183 ce=7.8330 tv=0.7159 conf=0.6854 grad_norm=25.2728 tensors_with_grad=69/72
[train] step 23: T=571 positions=16 loss=3.1864 ce=8.6126 tv=0.8286 conf=0.4726 grad_norm=43.6311 tensors_with_grad=69/72
[train] step 24: T=524 positions=16 loss=0.9476 ce=2.9106 tv=0.2333 conf=0.2435 grad_norm=10.2951 tensors_with_grad=69/72
[train] step 25: T=675 positions=16 loss=2.6304 ce=7.6334 tv=0.7515 conf=0.4763 grad_norm=28.4689 tensors_with_grad=69/72
[train] step 26: T=615 positions=16 loss=1.3427 ce=2.7047 tv=0.3858 conf=0.6615 grad_norm=30.2782 tensors_with_grad=69/72
[train] step 27: T=677 positions=16 loss=2.4631 ce=5.9741 tv=0.6856 conf=0.6585 grad_norm=35.7198 tensors_with_grad=69/72
[train] step 28: T=537 positions=16 loss=2.1343 ce=6.2573 tv=0.5938 conf=0.6336 grad_norm=17.6571 tensors_with_grad=69/72
[train] step 29: T=652 positions=16 loss=2.5235 ce=6.9912 tv=0.7718 conf=0.5122 grad_norm=21.6095 tensors_with_grad=69/72
[train] step 30: T=553 positions=16 loss=1.0891 ce=2.7252 tv=0.3701 conf=0.5449 grad_norm=8.5484 tensors_with_grad=69/72
[train] step 31: T=528 positions=16 loss=1.6182 ce=4.7203 tv=0.4961 conf=0.7233 grad_norm=19.4590 tensors_with_grad=69/72
[train] step 32: T=591 positions=16 loss=1.0454 ce=2.3841 tv=0.2984 conf=1.1859 grad_norm=21.4736 tensors_with_grad=69/72
[train] step 33: T=528 positions=16 loss=0.9326 ce=2.2186 tv=0.2848 conf=0.6519 grad_norm=18.0549 tensors_with_grad=69/72
[train] step 34: T=539 positions=16 loss=0.8524 ce=2.5576 tv=0.2566 conf=0.8283 grad_norm=22.5444 tensors_with_grad=69/72
[train] step 35: T=608 positions=16 loss=2.2297 ce=5.9108 tv=0.5140 conf=0.7267 grad_norm=39.5025 tensors_with_grad=69/72
[train] step 36: T=538 positions=16 loss=2.0343 ce=4.8074 tv=0.5724 conf=0.6767 grad_norm=12.6095 tensors_with_grad=69/72
[train] step 37: T=542 positions=16 loss=2.2790 ce=4.6538 tv=0.6431 conf=0.7866 grad_norm=24.4508 tensors_with_grad=69/72
[train] step 38: T=672 positions=16 loss=2.9967 ce=8.4325 tv=0.8357 conf=0.4321 grad_norm=14.3180 tensors_with_grad=69/72
[train] step 39: T=672 positions=16 loss=1.4217 ce=4.1916 tv=0.3922 conf=0.3188 grad_norm=11.9327 tensors_with_grad=69/72
[train] step 40: T=823 positions=16 loss=3.1360 ce=9.6890 tv=0.7109 conf=0.4375 grad_norm=33.2089 tensors_with_grad=69/72
[train] step 41: T=542 positions=16 loss=2.5101 ce=6.7066 tv=0.6481 conf=0.6810 grad_norm=15.2651 tensors_with_grad=69/72
[train] step 42: T=528 positions=16 loss=3.0024 ce=9.9743 tv=0.7788 conf=0.4839 grad_norm=22.9604 tensors_with_grad=69/72
[train] step 43: T=892 positions=16 loss=1.7473 ce=5.6413 tv=0.4043 conf=0.4971 grad_norm=13.1438 tensors_with_grad=69/72
[train] step 44: T=641 positions=16 loss=2.7418 ce=7.1674 tv=0.8140 conf=0.3927 grad_norm=14.9232 tensors_with_grad=69/72
[train] step 45: T=527 positions=16 loss=1.5953 ce=4.1673 tv=0.4944 conf=0.8628 grad_norm=15.9995 tensors_with_grad=69/72
[train] step 46: T=527 positions=16 loss=1.3922 ce=4.6137 tv=0.3784 conf=0.7917 grad_norm=21.0322 tensors_with_grad=69/72
[train] step 47: T=989 positions=16 loss=2.4559 ce=6.9091 tv=0.5907 conf=0.5196 grad_norm=19.9519 tensors_with_grad=69/72
[train] step 48: T=611 positions=16 loss=2.6032 ce=6.4580 tv=0.7446 conf=0.5249 grad_norm=19.6091 tensors_with_grad=69/72
[train] step 49: T=558 positions=16 loss=3.3714 ce=9.0218 tv=0.7458 conf=0.6867 grad_norm=33.9276 tensors_with_grad=69/72
[train] step 50: T=542 positions=16 loss=0.8065 ce=2.2205 tv=0.2135 conf=0.1281 grad_norm=8.4090 tensors_with_grad=69/72
[train] step 51: T=527 positions=16 loss=2.1849 ce=6.7103 tv=0.5798 conf=0.5923 grad_norm=13.4523 tensors_with_grad=69/72
[train] step 52: T=540 positions=16 loss=0.8439 ce=2.7343 tv=0.2246 conf=0.9572 grad_norm=7.7641 tensors_with_grad=69/72
[train] step 53: T=673 positions=16 loss=2.6728 ce=7.0710 tv=0.7773 conf=0.5808 grad_norm=22.1799 tensors_with_grad=69/72
[train] step 54: T=613 positions=16 loss=2.7375 ce=7.1719 tv=0.7772 conf=0.4067 grad_norm=11.9720 tensors_with_grad=69/72
[train] step 55: T=608 positions=16 loss=2.3750 ce=6.2401 tv=0.6717 conf=0.6362 grad_norm=20.9055 tensors_with_grad=69/72
[train] step 56: T=535 positions=16 loss=1.6319 ce=3.6358 tv=0.5115 conf=0.9500 grad_norm=29.9720 tensors_with_grad=69/72
[train] step 57: T=531 positions=16 loss=2.0096 ce=6.3165 tv=0.5388 conf=0.8647 grad_norm=52.3036 tensors_with_grad=69/72
[train] step 58: T=668 positions=16 loss=1.2428 ce=4.0979 tv=0.3280 conf=0.9272 grad_norm=10.3939 tensors_with_grad=69/72
[train] step 59: T=677 positions=16 loss=2.6314 ce=7.6897 tv=0.7190 conf=0.4784 grad_norm=14.6955 tensors_with_grad=69/72
[train] step 60: T=531 positions=16 loss=2.4930 ce=5.7275 tv=0.7062 conf=0.6422 grad_norm=25.3195 tensors_with_grad=69/72
[train] step 61: T=672 positions=16 loss=2.8051 ce=8.3166 tv=0.7630 conf=0.2873 grad_norm=22.4111 tensors_with_grad=69/72
[train] step 62: T=582 positions=16 loss=2.5518 ce=6.0927 tv=0.6239 conf=1.0375 grad_norm=81.7937 tensors_with_grad=69/72
[train] step 63: T=583 positions=16 loss=0.6527 ce=1.7557 tv=0.1962 conf=0.9469 grad_norm=6.8650 tensors_with_grad=69/72
[train] step 64: T=1047 positions=16 loss=2.4598 ce=7.2566 tv=0.6528 conf=0.8632 grad_norm=12.8226 tensors_with_grad=69/72
[train] step 65: T=673 positions=16 loss=2.7366 ce=7.4715 tv=0.7610 conf=0.5245 grad_norm=18.5143 tensors_with_grad=69/72
[train] step 66: T=600 positions=16 loss=2.1804 ce=6.0561 tv=0.5907 conf=0.6345 grad_norm=13.4903 tensors_with_grad=69/72
[train] step 67: T=672 positions=16 loss=2.9780 ce=9.0506 tv=0.7481 conf=0.3378 grad_norm=32.4286 tensors_with_grad=69/72
[train] step 68: T=622 positions=16 loss=0.4652 ce=1.0744 tv=0.1548 conf=1.0221 grad_norm=5.3427 tensors_with_grad=69/72
[train] step 69: T=531 positions=16 loss=2.8144 ce=7.8978 tv=0.7672 conf=0.3748 grad_norm=15.5510 tensors_with_grad=69/72
[train] step 70: T=531 positions=16 loss=2.1260 ce=5.8981 tv=0.5021 conf=0.6965 grad_norm=10.8790 tensors_with_grad=69/72
[train] step 71: T=527 positions=16 loss=3.0785 ce=7.8074 tv=0.8747 conf=0.4298 grad_norm=17.2857 tensors_with_grad=69/72
[train] step 72: T=542 positions=16 loss=2.5355 ce=6.5803 tv=0.7173 conf=0.4141 grad_norm=19.2434 tensors_with_grad=69/72
[train] step 73: T=527 positions=16 loss=2.5949 ce=6.7360 tv=0.7973 conf=0.5328 grad_norm=12.4381 tensors_with_grad=69/72
[train] step 74: T=629 positions=16 loss=2.5568 ce=7.8313 tv=0.7089 conf=0.4711 grad_norm=10.9724 tensors_with_grad=69/72
[train] step 75: T=646 positions=16 loss=2.3009 ce=5.9045 tv=0.6510 conf=0.9211 grad_norm=28.5529 tensors_with_grad=69/72
[train] step 76: T=527 positions=16 loss=2.8091 ce=6.6634 tv=0.8015 conf=0.6197 grad_norm=28.0555 tensors_with_grad=69/72
[train] step 77: T=581 positions=16 loss=2.8037 ce=8.2355 tv=0.7709 conf=0.4533 grad_norm=12.5649 tensors_with_grad=69/72
[train] step 78: T=528 positions=16 loss=1.7045 ce=4.6747 tv=0.4718 conf=0.6771 grad_norm=9.5216 tensors_with_grad=69/72
[train] step 79: T=534 positions=16 loss=2.7749 ce=8.1210 tv=0.7879 conf=0.5999 grad_norm=17.6164 tensors_with_grad=69/72
[train] step 80: T=532 positions=16 loss=2.5341 ce=7.0182 tv=0.7837 conf=0.3683 grad_norm=10.7269 tensors_with_grad=69/72
[train] step 81: T=533 positions=16 loss=2.2018 ce=6.5233 tv=0.5693 conf=0.6034 grad_norm=14.0109 tensors_with_grad=69/72
[train] step 82: T=527 positions=16 loss=2.9129 ce=8.4078 tv=0.7799 conf=0.4385 grad_norm=16.9279 tensors_with_grad=69/72
[train] step 83: T=580 positions=16 loss=2.8359 ce=8.7649 tv=0.7169 conf=0.5099 grad_norm=20.0310 tensors_with_grad=69/72
[train] step 84: T=1391 positions=16 loss=2.1936 ce=5.7702 tv=0.6512 conf=0.6670 grad_norm=13.1569 tensors_with_grad=69/72
[train] step 85: T=527 positions=16 loss=2.7464 ce=8.0336 tv=0.7486 conf=0.5905 grad_norm=11.9801 tensors_with_grad=69/72
[train] step 86: T=538 positions=16 loss=1.0276 ce=1.6821 tv=0.4006 conf=0.9354 grad_norm=30.9944 tensors_with_grad=69/72
[train] step 87: T=648 positions=16 loss=1.7698 ce=4.2076 tv=0.4935 conf=0.5890 grad_norm=12.7500 tensors_with_grad=69/72
[train] step 88: T=672 positions=16 loss=3.2074 ce=11.0452 tv=0.7411 conf=0.4697 grad_norm=24.8236 tensors_with_grad=69/72
[train] step 89: T=599 positions=16 loss=2.5655 ce=7.1167 tv=0.7509 conf=0.4959 grad_norm=14.7639 tensors_with_grad=69/72
[train] step 90: T=655 positions=16 loss=2.3136 ce=7.0256 tv=0.6291 conf=0.6598 grad_norm=17.2420 tensors_with_grad=69/72
[train] step 91: T=646 positions=16 loss=2.4012 ce=6.8304 tv=0.7090 conf=0.4877 grad_norm=14.7261 tensors_with_grad=69/72
[train] step 92: T=606 positions=16 loss=1.8447 ce=5.2939 tv=0.4661 conf=0.5706 grad_norm=10.4174 tensors_with_grad=69/72
[train] step 93: T=526 positions=16 loss=1.1041 ce=2.7656 tv=0.4028 conf=1.1246 grad_norm=16.3948 tensors_with_grad=69/72
[train] step 94: T=541 positions=16 loss=1.7287 ce=4.1575 tv=0.5222 conf=0.7843 grad_norm=20.4150 tensors_with_grad=69/72
[train] step 95: T=546 positions=16 loss=2.5193 ce=6.3806 tv=0.6836 conf=0.6631 grad_norm=14.6155 tensors_with_grad=69/72
[train] step 96: T=532 positions=16 loss=1.3542 ce=3.4610 tv=0.4339 conf=0.7008 grad_norm=8.4171 tensors_with_grad=69/72
[train] step 97: T=527 positions=16 loss=3.0939 ce=9.7882 tv=0.8408 conf=0.4241 grad_norm=15.1376 tensors_with_grad=69/72
[train] step 98: T=678 positions=16 loss=1.2308 ce=3.6574 tv=0.4380 conf=0.8135 grad_norm=8.8295 tensors_with_grad=69/72
[train] step 99: T=542 positions=16 loss=1.8194 ce=4.8287 tv=0.5652 conf=0.7392 grad_norm=27.0619 tensors_with_grad=69/72
[train] step 100: T=536 positions=16 loss=0.6031 ce=1.4320 tv=0.2298 conf=0.5089 grad_norm=3.6591 tensors_with_grad=69/72
[train] step 101: T=540 positions=16 loss=2.4450 ce=6.6488 tv=0.7148 conf=0.5247 grad_norm=10.7097 tensors_with_grad=69/72
[train] step 102: T=628 positions=16 loss=1.1772 ce=3.8778 tv=0.2911 conf=1.2235 grad_norm=7.8455 tensors_with_grad=69/72
[train] step 103: T=599 positions=16 loss=1.8150 ce=5.2182 tv=0.5700 conf=0.5858 grad_norm=13.5411 tensors_with_grad=69/72
[train] step 104: T=608 positions=16 loss=1.1042 ce=2.8218 tv=0.4004 conf=0.6965 grad_norm=7.6454 tensors_with_grad=69/72
[train] step 105: T=618 positions=16 loss=2.1394 ce=5.1646 tv=0.6565 conf=0.6218 grad_norm=14.3907 tensors_with_grad=69/72
[train] step 106: T=673 positions=16 loss=2.7458 ce=7.9840 tv=0.7264 conf=0.4779 grad_norm=26.5309 tensors_with_grad=69/72
[train] step 107: T=607 positions=16 loss=1.9169 ce=4.4681 tv=0.5126 conf=0.6807 grad_norm=15.9112 tensors_with_grad=69/72
[train] step 108: T=580 positions=16 loss=1.9273 ce=5.5267 tv=0.5016 conf=0.6313 grad_norm=13.0041 tensors_with_grad=69/72
[train] step 109: T=565 positions=16 loss=1.5444 ce=4.8858 tv=0.4470 conf=0.5540 grad_norm=10.8664 tensors_with_grad=69/72
[train] step 110: T=533 positions=16 loss=2.1152 ce=6.6070 tv=0.5746 conf=0.5564 grad_norm=20.4725 tensors_with_grad=69/72
[train] step 111: T=610 positions=16 loss=2.0257 ce=5.5328 tv=0.5468 conf=0.6126 grad_norm=8.0784 tensors_with_grad=69/72
[train] step 112: T=1026 positions=16 loss=1.3199 ce=3.3627 tv=0.4550 conf=0.5660 grad_norm=10.0160 tensors_with_grad=69/72
[train] step 113: T=613 positions=16 loss=2.0339 ce=5.1683 tv=0.5481 conf=0.7145 grad_norm=20.2210 tensors_with_grad=69/72
[train] step 114: T=675 positions=16 loss=1.9820 ce=5.1500 tv=0.6537 conf=0.6448 grad_norm=13.7586 tensors_with_grad=69/72
[train] step 115: T=1001 positions=16 loss=2.0763 ce=5.7797 tv=0.5851 conf=0.7102 grad_norm=15.7978 tensors_with_grad=69/72
[train] step 116: T=553 positions=16 loss=2.3352 ce=7.3858 tv=0.6226 conf=0.7274 grad_norm=19.6017 tensors_with_grad=69/72
[train] step 117: T=676 positions=16 loss=0.8950 ce=1.9991 tv=0.2452 conf=1.4376 grad_norm=19.7981 tensors_with_grad=69/72
[train] step 118: T=530 positions=16 loss=1.3903 ce=4.5979 tv=0.3682 conf=0.5756 grad_norm=10.1187 tensors_with_grad=69/72
[train] step 119: T=531 positions=16 loss=0.6056 ce=1.3776 tv=0.2186 conf=0.3529 grad_norm=9.0985 tensors_with_grad=69/72
[train] step 120: T=560 positions=16 loss=2.2683 ce=5.5729 tv=0.6702 conf=0.6255 grad_norm=19.0783 tensors_with_grad=69/72
[train] step 121: T=1390 positions=16 loss=2.7844 ce=8.5567 tv=0.7610 conf=0.4006 grad_norm=14.0255 tensors_with_grad=69/72
[train] step 122: T=536 positions=16 loss=1.3569 ce=3.4252 tv=0.4510 conf=0.6491 grad_norm=14.3142 tensors_with_grad=69/72
[train] step 123: T=622 positions=16 loss=2.2325 ce=5.6038 tv=0.7037 conf=0.5730 grad_norm=13.6680 tensors_with_grad=69/72
[train] step 124: T=557 positions=16 loss=2.4319 ce=6.1540 tv=0.6445 conf=0.6003 grad_norm=14.6481 tensors_with_grad=69/72
[train] step 125: T=563 positions=16 loss=1.7075 ce=4.3238 tv=0.4973 conf=0.6617 grad_norm=7.7742 tensors_with_grad=69/72
[train] step 126: T=653 positions=16 loss=1.8655 ce=4.3809 tv=0.5238 conf=0.5530 grad_norm=17.1456 tensors_with_grad=69/72
[train] step 127: T=554 positions=16 loss=2.1442 ce=6.1710 tv=0.6202 conf=0.5322 grad_norm=10.8941 tensors_with_grad=69/72
[train] step 128: T=672 positions=16 loss=1.9884 ce=5.1827 tv=0.5850 conf=0.3915 grad_norm=11.4185 tensors_with_grad=69/72
[train] step 129: T=609 positions=16 loss=1.5318 ce=3.5039 tv=0.3844 conf=0.6768 grad_norm=16.8979 tensors_with_grad=69/72
[train] step 130: T=571 positions=16 loss=1.7408 ce=4.2846 tv=0.5417 conf=0.6418 grad_norm=10.2538 tensors_with_grad=69/72
[train] step 131: T=561 positions=16 loss=1.6083 ce=4.1003 tv=0.4145 conf=0.5613 grad_norm=6.8547 tensors_with_grad=69/72
[train] step 132: T=531 positions=16 loss=2.9006 ce=7.9810 tv=0.7510 conf=0.5040 grad_norm=18.2692 tensors_with_grad=69/72
[train] step 133: T=591 positions=16 loss=1.6497 ce=4.5713 tv=0.4165 conf=0.5544 grad_norm=8.5407 tensors_with_grad=69/72
[train] step 134: T=560 positions=16 loss=1.9748 ce=5.2669 tv=0.5913 conf=0.5224 grad_norm=8.7035 tensors_with_grad=69/72
[train] step 135: T=626 positions=16 loss=1.4117 ce=3.9082 tv=0.4543 conf=0.5028 grad_norm=9.4456 tensors_with_grad=69/72
[train] step 136: T=1018 positions=16 loss=2.2378 ce=6.7527 tv=0.5860 conf=0.5017 grad_norm=17.0376 tensors_with_grad=69/72
[train] step 137: T=527 positions=16 loss=2.4544 ce=6.1811 tv=0.6693 conf=0.6819 grad_norm=24.1383 tensors_with_grad=69/72
[train] step 138: T=673 positions=16 loss=3.8558 ce=11.5265 tv=0.8626 conf=0.6415 grad_norm=19.9725 tensors_with_grad=69/72
[train] step 139: T=936 positions=16 loss=2.0202 ce=5.4974 tv=0.5434 conf=0.7460 grad_norm=11.8926 tensors_with_grad=69/72
[train] step 140: T=593 positions=16 loss=2.1011 ce=3.7932 tv=0.5633 conf=0.7449 grad_norm=25.9899 tensors_with_grad=69/72
[train] step 141: T=531 positions=16 loss=2.0363 ce=5.0221 tv=0.5783 conf=0.7004 grad_norm=16.7228 tensors_with_grad=69/72
[train] step 142: T=540 positions=16 loss=0.8096 ce=1.7039 tv=0.2684 conf=0.6323 grad_norm=5.9975 tensors_with_grad=69/72
[train] step 143: T=543 positions=16 loss=0.8320 ce=1.9341 tv=0.2576 conf=0.5094 grad_norm=3.8729 tensors_with_grad=69/72
[train] step 144: T=573 positions=16 loss=1.0377 ce=2.3845 tv=0.2335 conf=0.5854 grad_norm=12.1504 tensors_with_grad=69/72
[train] step 145: T=535 positions=16 loss=1.1701 ce=2.2854 tv=0.3610 conf=0.5729 grad_norm=11.2051 tensors_with_grad=69/72
[train] step 146: T=1001 positions=16 loss=2.5075 ce=8.3706 tv=0.6236 conf=0.3967 grad_norm=24.9177 tensors_with_grad=69/72
[train] step 147: T=620 positions=16 loss=1.5162 ce=2.9719 tv=0.4492 conf=0.7363 grad_norm=8.5242 tensors_with_grad=69/72
[train] step 148: T=630 positions=16 loss=1.7598 ce=3.8734 tv=0.5512 conf=0.6128 grad_norm=9.3519 tensors_with_grad=69/72
[train] step 149: T=1178 positions=16 loss=3.0923 ce=9.7484 tv=0.7411 conf=0.3797 grad_norm=21.6607 tensors_with_grad=69/72
[train] step 150: T=614 positions=16 loss=1.9256 ce=4.4371 tv=0.5385 conf=0.5418 grad_norm=13.1137 tensors_with_grad=69/72
[train] step 151: T=676 positions=16 loss=1.0053 ce=2.3981 tv=0.2763 conf=0.5278 grad_norm=9.5206 tensors_with_grad=69/72
[train] step 152: T=677 positions=16 loss=2.2072 ce=6.3448 tv=0.5858 conf=0.5438 grad_norm=11.2314 tensors_with_grad=69/72
[train] step 153: T=538 positions=16 loss=1.0480 ce=1.9235 tv=0.3046 conf=0.5083 grad_norm=7.8365 tensors_with_grad=69/72
[train] step 154: T=544 positions=16 loss=1.1361 ce=1.8522 tv=0.3552 conf=0.5205 grad_norm=11.4661 tensors_with_grad=69/72
[train] step 155: T=539 positions=16 loss=1.8925 ce=4.2638 tv=0.4367 conf=0.5506 grad_norm=11.0322 tensors_with_grad=69/72
[train] step 156: T=541 positions=16 loss=1.7884 ce=4.0431 tv=0.5028 conf=0.8716 grad_norm=14.1801 tensors_with_grad=69/72
[train] step 157: T=902 positions=16 loss=2.3594 ce=6.9623 tv=0.6137 conf=0.3783 grad_norm=17.9460 tensors_with_grad=69/72
[train] step 158: T=648 positions=16 loss=0.8102 ce=1.5725 tv=0.2736 conf=1.0397 grad_norm=14.7641 tensors_with_grad=69/72
[train] step 159: T=672 positions=16 loss=2.4768 ce=6.3297 tv=0.6870 conf=0.5129 grad_norm=9.2538 tensors_with_grad=69/72
[train] step 160: T=1629 positions=16 loss=2.5692 ce=8.1893 tv=0.6066 conf=0.3183 grad_norm=13.5964 tensors_with_grad=69/72
[train] step 161: T=594 positions=16 loss=1.0408 ce=2.4015 tv=0.3441 conf=0.4829 grad_norm=7.0315 tensors_with_grad=69/72
[train] step 162: T=672 positions=16 loss=2.4862 ce=6.3546 tv=0.7391 conf=0.4219 grad_norm=16.8906 tensors_with_grad=69/72
[train] step 163: T=538 positions=16 loss=1.8395 ce=4.2391 tv=0.4543 conf=0.6650 grad_norm=16.6893 tensors_with_grad=69/72
[train] step 164: T=563 positions=16 loss=2.0827 ce=4.9848 tv=0.5382 conf=0.7550 grad_norm=58.2852 tensors_with_grad=69/72
[train] step 165: T=555 positions=16 loss=1.1212 ce=2.9134 tv=0.3037 conf=0.6798 grad_norm=6.7565 tensors_with_grad=69/72
[train] step 166: T=539 positions=16 loss=1.1161 ce=2.6240 tv=0.3408 conf=0.5367 grad_norm=6.8742 tensors_with_grad=69/72
[train] step 167: T=528 positions=16 loss=2.7944 ce=6.6721 tv=0.7317 conf=0.6561 grad_norm=31.7175 tensors_with_grad=69/72
[train] step 168: T=568 positions=16 loss=0.7832 ce=1.8731 tv=0.2938 conf=0.4698 grad_norm=6.1171 tensors_with_grad=69/72
[train] step 169: T=638 positions=16 loss=0.6691 ce=1.3950 tv=0.1986 conf=1.1453 grad_norm=12.9476 tensors_with_grad=69/72
[train] step 170: T=541 positions=16 loss=0.4556 ce=1.0812 tv=0.1398 conf=1.5302 grad_norm=8.1077 tensors_with_grad=69/72
[train] step 171: T=546 positions=16 loss=2.6304 ce=6.5220 tv=0.7161 conf=0.5932 grad_norm=17.1747 tensors_with_grad=69/72
[train] step 172: T=960 positions=16 loss=2.1755 ce=5.7737 tv=0.6230 conf=0.3957 grad_norm=11.4397 tensors_with_grad=69/72
[train] step 173: T=645 positions=16 loss=2.0206 ce=5.4026 tv=0.6146 conf=0.5103 grad_norm=8.9067 tensors_with_grad=69/72
[train] step 174: T=595 positions=16 loss=1.8595 ce=4.5015 tv=0.5135 conf=0.4252 grad_norm=11.8828 tensors_with_grad=69/72
[train] step 175: T=535 positions=16 loss=0.9488 ce=1.7910 tv=0.3788 conf=0.5513 grad_norm=11.2139 tensors_with_grad=69/72
[train] step 176: T=672 positions=16 loss=2.4437 ce=5.8356 tv=0.7190 conf=0.3821 grad_norm=16.8859 tensors_with_grad=69/72
[train] step 177: T=526 positions=16 loss=2.8624 ce=7.6217 tv=0.7841 conf=0.4409 grad_norm=13.1068 tensors_with_grad=69/72
[train] step 178: T=588 positions=16 loss=1.2171 ce=2.9489 tv=0.2974 conf=0.4848 grad_norm=7.8595 tensors_with_grad=69/72
[train] step 179: T=634 positions=16 loss=2.4729 ce=6.4073 tv=0.7008 conf=0.4491 grad_norm=8.3654 tensors_with_grad=69/72
[train] step 180: T=608 positions=16 loss=0.7889 ce=2.1095 tv=0.2663 conf=0.3895 grad_norm=6.0825 tensors_with_grad=69/72
[train] step 181: T=675 positions=16 loss=2.2841 ce=5.0311 tv=0.6893 conf=0.5801 grad_norm=10.0080 tensors_with_grad=69/72
[train] step 182: T=667 positions=16 loss=3.2907 ce=10.1550 tv=0.7116 conf=0.4644 grad_norm=30.9103 tensors_with_grad=69/72
[train] step 183: T=576 positions=16 loss=1.2862 ce=2.3537 tv=0.3144 conf=0.6064 grad_norm=13.6830 tensors_with_grad=69/72
[train] step 184: T=534 positions=16 loss=1.6180 ce=4.0928 tv=0.4050 conf=0.5341 grad_norm=10.5337 tensors_with_grad=69/72
[train] step 185: T=543 positions=16 loss=2.0858 ce=6.0106 tv=0.5411 conf=0.5473 grad_norm=21.0586 tensors_with_grad=69/72
[train] step 186: T=524 positions=16 loss=2.6897 ce=7.2508 tv=0.6910 conf=0.5771 grad_norm=14.1787 tensors_with_grad=69/72
[train] step 187: T=674 positions=16 loss=2.7330 ce=6.3199 tv=0.5293 conf=0.8853 grad_norm=23.7304 tensors_with_grad=69/72
[train] step 188: T=542 positions=16 loss=1.3848 ce=2.9147 tv=0.3915 conf=0.6268 grad_norm=8.7481 tensors_with_grad=69/72
[train] step 189: T=672 positions=16 loss=2.1664 ce=5.5398 tv=0.5535 conf=0.6049 grad_norm=12.5634 tensors_with_grad=69/72
[train] step 190: T=528 positions=16 loss=1.9118 ce=4.8210 tv=0.4712 conf=0.6069 grad_norm=16.6998 tensors_with_grad=69/72
[train] step 191: T=542 positions=16 loss=0.8569 ce=2.3267 tv=0.2642 conf=0.5820 grad_norm=7.3805 tensors_with_grad=69/72
[train] step 192: T=584 positions=16 loss=2.6545 ce=6.2298 tv=0.7172 conf=0.4752 grad_norm=35.0220 tensors_with_grad=69/72
[train] step 193: T=650 positions=16 loss=2.7210 ce=6.4747 tv=0.7044 conf=0.5112 grad_norm=12.3386 tensors_with_grad=69/72
[train] step 194: T=1710 positions=16 loss=2.4287 ce=7.0460 tv=0.5868 conf=0.4468 grad_norm=9.4162 tensors_with_grad=69/72
[train] step 195: T=672 positions=16 loss=2.0876 ce=5.8278 tv=0.5180 conf=0.4442 grad_norm=16.8438 tensors_with_grad=69/72
[train] step 196: T=534 positions=16 loss=1.8880 ce=4.1871 tv=0.5039 conf=0.4686 grad_norm=15.8559 tensors_with_grad=69/72
[train] step 197: T=541 positions=16 loss=1.7218 ce=4.3147 tv=0.3949 conf=0.9416 grad_norm=29.5918 tensors_with_grad=69/72
[train] step 198: T=915 positions=16 loss=1.9709 ce=4.8497 tv=0.4871 conf=0.4614 grad_norm=14.6058 tensors_with_grad=69/72
[train] step 199: T=1176 positions=16 loss=1.9310 ce=5.7438 tv=0.4955 conf=0.3897 grad_norm=9.0889 tensors_with_grad=69/72
[train] step 200: T=621 positions=16 loss=2.4270 ce=6.2537 tv=0.7429 conf=0.3384 grad_norm=13.9019 tensors_with_grad=69/72
[train] step 201: T=672 positions=16 loss=2.3256 ce=5.7035 tv=0.6237 conf=0.6937 grad_norm=37.0392 tensors_with_grad=69/72
[train] step 202: T=600 positions=16 loss=1.1932 ce=3.3950 tv=0.3628 conf=0.7263 grad_norm=15.5226 tensors_with_grad=69/72
[train] step 203: T=537 positions=16 loss=1.7380 ce=3.6704 tv=0.4988 conf=0.5700 grad_norm=17.5957 tensors_with_grad=69/72
[train] step 204: T=540 positions=16 loss=3.1498 ce=9.5134 tv=0.7669 conf=0.3788 grad_norm=12.3169 tensors_with_grad=69/72
[train] step 205: T=538 positions=16 loss=1.0813 ce=1.4430 tv=0.2842 conf=0.4901 grad_norm=5.4829 tensors_with_grad=69/72
[train] step 206: T=543 positions=16 loss=0.8710 ce=1.9383 tv=0.1800 conf=0.5617 grad_norm=10.2185 tensors_with_grad=69/72
[train] step 207: T=532 positions=16 loss=2.2097 ce=5.9579 tv=0.5409 conf=0.5939 grad_norm=22.6641 tensors_with_grad=69/72
[train] step 208: T=672 positions=16 loss=2.0218 ce=5.2050 tv=0.5414 conf=0.5419 grad_norm=15.8750 tensors_with_grad=69/72
[train] step 209: T=621 positions=16 loss=1.8209 ce=5.0324 tv=0.4575 conf=0.5619 grad_norm=12.0282 tensors_with_grad=69/72
[train] step 210: T=678 positions=16 loss=2.1315 ce=5.8540 tv=0.5072 conf=0.5163 grad_norm=8.0311 tensors_with_grad=69/72
[train] step 211: T=658 positions=16 loss=1.5848 ce=2.7877 tv=0.4563 conf=0.6728 grad_norm=12.6752 tensors_with_grad=69/72
[train] step 212: T=954 positions=16 loss=2.5437 ce=8.1581 tv=0.6053 conf=0.4847 grad_norm=14.0321 tensors_with_grad=69/72
[train] step 213: T=534 positions=16 loss=1.8182 ce=4.0442 tv=0.5223 conf=0.5614 grad_norm=15.8276 tensors_with_grad=69/72
[train] step 214: T=538 positions=16 loss=1.9820 ce=5.0929 tv=0.4554 conf=0.5629 grad_norm=13.2415 tensors_with_grad=69/72
[train] step 215: T=674 positions=16 loss=2.1045 ce=4.5139 tv=0.5802 conf=0.8396 grad_norm=20.8902 tensors_with_grad=69/72
[train] step 216: T=623 positions=16 loss=2.2733 ce=5.1869 tv=0.6418 conf=0.5268 grad_norm=12.2999 tensors_with_grad=69/72
[train] step 217: T=577 positions=16 loss=1.9344 ce=5.1036 tv=0.5049 conf=0.5193 grad_norm=9.7161 tensors_with_grad=69/72
[train] step 218: T=597 positions=16 loss=1.5827 ce=3.4895 tv=0.4645 conf=0.5117 grad_norm=8.8817 tensors_with_grad=69/72
[train] step 219: T=569 positions=16 loss=2.2444 ce=5.6607 tv=0.5929 conf=0.5579 grad_norm=23.5103 tensors_with_grad=69/72
[train] step 220: T=527 positions=16 loss=1.2809 ce=2.5401 tv=0.2887 conf=0.7077 grad_norm=13.8619 tensors_with_grad=69/72
[train] step 221: T=532 positions=16 loss=1.7575 ce=4.5605 tv=0.4638 conf=0.6675 grad_norm=9.9129 tensors_with_grad=69/72
[train] step 222: T=532 positions=16 loss=3.0049 ce=8.5814 tv=0.7577 conf=0.6501 grad_norm=15.4442 tensors_with_grad=69/72
[train] step 223: T=673 positions=16 loss=2.3965 ce=6.2872 tv=0.6842 conf=0.4383 grad_norm=10.5503 tensors_with_grad=69/72
[train] step 224: T=584 positions=16 loss=1.4273 ce=3.4899 tv=0.4066 conf=0.3924 grad_norm=10.1462 tensors_with_grad=69/72
[train] step 225: T=538 positions=16 loss=2.1869 ce=5.4793 tv=0.6653 conf=0.4933 grad_norm=12.8475 tensors_with_grad=69/72
[train] step 226: T=548 positions=16 loss=1.6582 ce=3.9814 tv=0.4237 conf=0.4827 grad_norm=7.9823 tensors_with_grad=69/72
[train] step 227: T=541 positions=16 loss=1.0889 ce=2.5583 tv=0.2907 conf=0.5394 grad_norm=8.2291 tensors_with_grad=69/72
[train] step 228: T=607 positions=16 loss=0.5660 ce=1.2767 tv=0.1804 conf=0.4995 grad_norm=13.9355 tensors_with_grad=69/72
[train] step 229: T=530 positions=16 loss=1.0899 ce=2.1530 tv=0.2802 conf=0.5253 grad_norm=9.2687 tensors_with_grad=69/72
[train] step 230: T=561 positions=16 loss=0.9287 ce=2.5590 tv=0.2558 conf=1.1643 grad_norm=20.2648 tensors_with_grad=69/72
[train] step 231: T=976 positions=16 loss=3.0055 ce=8.1111 tv=0.6804 conf=0.3769 grad_norm=21.9570 tensors_with_grad=69/72
[train] step 232: T=557 positions=16 loss=2.0693 ce=5.5926 tv=0.5859 conf=0.5157 grad_norm=13.8635 tensors_with_grad=69/72
[train] step 233: T=648 positions=16 loss=1.6248 ce=3.9341 tv=0.4014 conf=0.8601 grad_norm=15.7768 tensors_with_grad=69/72
[train] step 234: T=542 positions=16 loss=0.8934 ce=2.5107 tv=0.2565 conf=0.4903 grad_norm=5.6839 tensors_with_grad=69/72
[train] step 235: T=644 positions=16 loss=1.4890 ce=3.7510 tv=0.4110 conf=0.4134 grad_norm=8.4877 tensors_with_grad=69/72
[train] step 236: T=534 positions=16 loss=2.3892 ce=5.6725 tv=0.6247 conf=0.4236 grad_norm=9.2548 tensors_with_grad=69/72
[train] step 237: T=1054 positions=16 loss=2.2876 ce=6.5060 tv=0.5870 conf=0.6153 grad_norm=13.3439 tensors_with_grad=69/72
[train] step 238: T=675 positions=16 loss=1.4822 ce=4.1953 tv=0.3638 conf=0.5982 grad_norm=8.6285 tensors_with_grad=69/72
[train] step 239: T=619 positions=16 loss=2.2861 ce=5.2677 tv=0.5487 conf=0.6242 grad_norm=13.3343 tensors_with_grad=69/72
[train] step 240: T=552 positions=16 loss=2.8803 ce=8.0997 tv=0.7200 conf=0.4179 grad_norm=19.8601 tensors_with_grad=69/72
[train] step 241: T=542 positions=16 loss=2.2637 ce=5.5751 tv=0.5864 conf=0.4892 grad_norm=15.7067 tensors_with_grad=69/72
[train] step 242: T=927 positions=16 loss=1.8577 ce=4.6381 tv=0.4795 conf=0.6506 grad_norm=16.5805 tensors_with_grad=69/72
[train] step 243: T=581 positions=16 loss=1.0534 ce=2.4661 tv=0.3006 conf=0.5107 grad_norm=7.2444 tensors_with_grad=69/72
[train] step 244: T=541 positions=16 loss=2.1756 ce=4.9839 tv=0.5327 conf=0.5922 grad_norm=21.4526 tensors_with_grad=69/72
[train] step 245: T=531 positions=16 loss=2.7078 ce=6.8978 tv=0.6999 conf=0.5379 grad_norm=18.7196 tensors_with_grad=69/72
[train] step 246: T=577 positions=16 loss=1.5817 ce=3.0720 tv=0.4840 conf=0.6373 grad_norm=16.0576 tensors_with_grad=69/72
[train] step 247: T=827 positions=16 loss=2.2327 ce=6.1762 tv=0.5893 conf=0.4149 grad_norm=13.4490 tensors_with_grad=69/72
[train] step 248: T=532 positions=16 loss=1.1632 ce=1.7135 tv=0.3257 conf=0.7223 grad_norm=13.2947 tensors_with_grad=69/72
[train] step 249: T=532 positions=16 loss=1.2829 ce=2.3708 tv=0.3565 conf=0.5527 grad_norm=8.8265 tensors_with_grad=69/72
[train] step 250: T=587 positions=16 loss=1.7960 ce=4.5372 tv=0.4566 conf=0.5293 grad_norm=14.1404 tensors_with_grad=69/72
[train] step 251: T=620 positions=16 loss=0.8276 ce=2.0138 tv=0.2334 conf=0.6202 grad_norm=5.7514 tensors_with_grad=69/72
[train] step 252: T=535 positions=16 loss=2.5054 ce=6.3580 tv=0.6735 conf=0.3663 grad_norm=19.9754 tensors_with_grad=69/72
[train] step 253: T=532 positions=16 loss=2.3221 ce=6.6194 tv=0.5341 conf=0.4330 grad_norm=12.9518 tensors_with_grad=69/72
[train] step 254: T=553 positions=16 loss=0.9294 ce=2.4907 tv=0.2741 conf=0.4815 grad_norm=4.3969 tensors_with_grad=69/72
[train] step 255: T=567 positions=16 loss=0.4857 ce=0.8841 tv=0.1610 conf=0.6240 grad_norm=7.3926 tensors_with_grad=69/72
[train] step 256: T=676 positions=16 loss=1.3135 ce=2.8440 tv=0.3562 conf=0.6185 grad_norm=14.2779 tensors_with_grad=69/72
[train] step 257: T=571 positions=16 loss=2.4523 ce=6.4694 tv=0.6124 conf=0.4134 grad_norm=16.0683 tensors_with_grad=69/72
[train] step 258: T=675 positions=16 loss=1.7723 ce=4.2409 tv=0.4408 conf=0.6084 grad_norm=17.1329 tensors_with_grad=69/72
[train] step 259: T=631 positions=16 loss=0.8762 ce=2.2007 tv=0.2764 conf=0.4514 grad_norm=5.9047 tensors_with_grad=69/72
[train] step 260: T=625 positions=16 loss=1.5761 ce=4.3240 tv=0.4558 conf=0.5920 grad_norm=12.4473 tensors_with_grad=69/72
[train] step 261: T=621 positions=16 loss=2.1187 ce=4.2244 tv=0.5859 conf=0.5948 grad_norm=12.2375 tensors_with_grad=69/72
[train] step 262: T=551 positions=16 loss=1.9886 ce=5.4794 tv=0.5187 conf=0.4311 grad_norm=8.7947 tensors_with_grad=69/72
[train] step 263: T=600 positions=16 loss=2.4635 ce=6.0171 tv=0.6216 conf=0.4950 grad_norm=10.7613 tensors_with_grad=69/72
[train] step 264: T=540 positions=16 loss=0.6771 ce=1.5593 tv=0.2077 conf=0.4629 grad_norm=4.4188 tensors_with_grad=69/72
[train] step 265: T=542 positions=16 loss=0.5817 ce=1.4200 tv=0.1747 conf=0.3612 grad_norm=4.1903 tensors_with_grad=69/72
[train] step 266: T=915 positions=16 loss=2.0611 ce=5.4203 tv=0.4816 conf=0.5096 grad_norm=14.4551 tensors_with_grad=69/72
[train] step 267: T=620 positions=16 loss=3.0940 ce=7.8446 tv=0.7158 conf=0.5780 grad_norm=24.8417 tensors_with_grad=69/72
[train] step 268: T=673 positions=16 loss=2.4848 ce=5.9799 tv=0.5994 conf=0.7855 grad_norm=33.6556 tensors_with_grad=69/72
[train] step 269: T=621 positions=16 loss=1.8685 ce=5.1374 tv=0.4842 conf=0.8428 grad_norm=11.2818 tensors_with_grad=69/72
[train] step 270: T=529 positions=16 loss=1.2979 ce=3.1609 tv=0.3755 conf=0.5570 grad_norm=8.4521 tensors_with_grad=69/72
[train] step 271: T=1196 positions=16 loss=2.6772 ce=7.0137 tv=0.6582 conf=0.4214 grad_norm=13.2697 tensors_with_grad=69/72
[train] step 272: T=1273 positions=16 loss=2.4157 ce=6.1602 tv=0.5970 conf=0.5978 grad_norm=21.6794 tensors_with_grad=69/72
[train] step 273: T=524 positions=16 loss=2.4938 ce=4.8721 tv=0.6268 conf=0.9191 grad_norm=47.5936 tensors_with_grad=69/72
[train] step 274: T=624 positions=16 loss=1.7030 ce=3.7324 tv=0.4954 conf=0.8004 grad_norm=25.8084 tensors_with_grad=69/72
[train] step 275: T=525 positions=16 loss=2.1034 ce=4.9803 tv=0.5913 conf=0.5532 grad_norm=15.8588 tensors_with_grad=69/72
[train] step 276: T=535 positions=16 loss=1.5069 ce=2.8961 tv=0.3767 conf=0.6651 grad_norm=16.6691 tensors_with_grad=69/72
[train] step 277: T=631 positions=16 loss=0.7145 ce=1.6691 tv=0.2017 conf=0.7898 grad_norm=11.2587 tensors_with_grad=69/72
[train] step 278: T=872 positions=16 loss=2.4080 ce=6.4602 tv=0.6336 conf=0.4904 grad_norm=12.5935 tensors_with_grad=69/72
[train] step 279: T=1563 positions=16 loss=2.3988 ce=6.3430 tv=0.6347 conf=0.4147 grad_norm=9.2624 tensors_with_grad=69/72
[train] step 280: T=675 positions=16 loss=1.8890 ce=3.6893 tv=0.4799 conf=0.6078 grad_norm=14.1693 tensors_with_grad=69/72
[train] step 281: T=534 positions=16 loss=0.9433 ce=1.8434 tv=0.2241 conf=0.5742 grad_norm=5.1546 tensors_with_grad=69/72
[train] step 282: T=673 positions=16 loss=1.3033 ce=2.9790 tv=0.3931 conf=0.6703 grad_norm=10.5761 tensors_with_grad=69/72
[train] step 283: T=672 positions=16 loss=2.0398 ce=5.0274 tv=0.5623 conf=0.3912 grad_norm=14.6327 tensors_with_grad=69/72
[train] step 284: T=532 positions=16 loss=2.6744 ce=6.8814 tv=0.6033 conf=0.4895 grad_norm=18.2362 tensors_with_grad=69/72
[train] step 285: T=594 positions=16 loss=0.5148 ce=1.2844 tv=0.1837 conf=0.6416 grad_norm=6.3972 tensors_with_grad=69/72
[train] step 286: T=539 positions=16 loss=1.1062 ce=2.7709 tv=0.3138 conf=0.3821 grad_norm=11.9796 tensors_with_grad=69/72
[train] step 287: T=540 positions=16 loss=0.4201 ce=1.0465 tv=0.2207 conf=0.4477 grad_norm=10.6061 tensors_with_grad=69/72
[train] step 288: T=531 positions=16 loss=2.1168 ce=4.8464 tv=0.5399 conf=0.7201 grad_norm=16.5497 tensors_with_grad=69/72
[train] step 289: T=530 positions=16 loss=1.7762 ce=3.6934 tv=0.4588 conf=0.5754 grad_norm=10.3968 tensors_with_grad=69/72
[train] step 290: T=676 positions=16 loss=1.5949 ce=3.9630 tv=0.4575 conf=0.5002 grad_norm=11.0167 tensors_with_grad=69/72
[train] step 291: T=529 positions=16 loss=1.6878 ce=3.7103 tv=0.4509 conf=0.5234 grad_norm=11.2769 tensors_with_grad=69/72
[train] step 292: T=626 positions=16 loss=1.5416 ce=3.0382 tv=0.4761 conf=0.5599 grad_norm=11.6554 tensors_with_grad=69/72
[train] step 293: T=569 positions=16 loss=2.1452 ce=5.5713 tv=0.6005 conf=0.5044 grad_norm=10.9805 tensors_with_grad=69/72
[train] step 294: T=957 positions=16 loss=2.9552 ce=8.0393 tv=0.7405 conf=0.3460 grad_norm=19.2841 tensors_with_grad=69/72
[train] step 295: T=630 positions=16 loss=1.4608 ce=3.2738 tv=0.3795 conf=0.5869 grad_norm=16.8085 tensors_with_grad=69/72
[train] step 296: T=672 positions=16 loss=2.5492 ce=5.9775 tv=0.6892 conf=0.4439 grad_norm=8.9098 tensors_with_grad=69/72
[train] step 297: T=659 positions=16 loss=1.8617 ce=3.6420 tv=0.4707 conf=0.6979 grad_norm=10.4417 tensors_with_grad=69/72
[train] step 298: T=559 positions=16 loss=1.1366 ce=2.7777 tv=0.3151 conf=0.9522 grad_norm=10.9639 tensors_with_grad=69/72
[train] step 299: T=674 positions=16 loss=2.1584 ce=5.0719 tv=0.6193 conf=0.5066 grad_norm=20.5212 tensors_with_grad=69/72
[train] step 300: T=525 positions=16 loss=2.1749 ce=4.8760 tv=0.4999 conf=0.8236 grad_norm=26.0273 tensors_with_grad=69/72
[train] step 301: T=535 positions=16 loss=1.7389 ce=3.8490 tv=0.4344 conf=0.5878 grad_norm=17.6850 tensors_with_grad=69/72
[train] step 302: T=533 positions=16 loss=1.5653 ce=3.4760 tv=0.4245 conf=0.5168 grad_norm=7.0713 tensors_with_grad=69/72
[train] step 303: T=603 positions=16 loss=1.6923 ce=3.7267 tv=0.4577 conf=0.4758 grad_norm=15.2232 tensors_with_grad=69/72
[train] step 304: T=600 positions=16 loss=1.0334 ce=2.6252 tv=0.3101 conf=0.5921 grad_norm=7.8732 tensors_with_grad=69/72
[train] step 305: T=594 positions=16 loss=1.2781 ce=2.9833 tv=0.3947 conf=0.5756 grad_norm=6.0716 tensors_with_grad=69/72
[train] step 306: T=533 positions=16 loss=1.8919 ce=3.9240 tv=0.5248 conf=0.7121 grad_norm=9.3409 tensors_with_grad=69/72
[train] step 307: T=533 positions=16 loss=1.5059 ce=4.0399 tv=0.3627 conf=0.8096 grad_norm=14.6804 tensors_with_grad=69/72
[train] step 308: T=602 positions=16 loss=1.5165 ce=3.9122 tv=0.3700 conf=0.7517 grad_norm=12.8592 tensors_with_grad=69/72
[train] step 309: T=647 positions=16 loss=0.9957 ce=2.2981 tv=0.2244 conf=1.0577 grad_norm=18.6976 tensors_with_grad=69/72
[train] step 310: T=576 positions=16 loss=0.6743 ce=1.2934 tv=0.2026 conf=0.5299 grad_norm=4.6802 tensors_with_grad=69/72
[train] step 311: T=531 positions=16 loss=1.2372 ce=3.3384 tv=0.3143 conf=0.4788 grad_norm=6.7712 tensors_with_grad=69/72
[train] step 312: T=643 positions=16 loss=1.4997 ce=3.7161 tv=0.3780 conf=0.5320 grad_norm=13.9027 tensors_with_grad=69/72
[train] step 313: T=1335 positions=16 loss=2.4105 ce=6.2831 tv=0.6113 conf=0.4507 grad_norm=20.2609 tensors_with_grad=69/72
[train] step 314: T=538 positions=16 loss=1.6727 ce=3.7262 tv=0.3660 conf=0.6553 grad_norm=10.4468 tensors_with_grad=69/72
[train] step 315: T=605 positions=16 loss=0.7770 ce=1.7713 tv=0.2016 conf=0.6365 grad_norm=7.6261 tensors_with_grad=69/72
[train] step 316: T=554 positions=16 loss=2.2543 ce=5.0464 tv=0.5274 conf=0.5879 grad_norm=13.0385 tensors_with_grad=69/72
[train] step 317: T=912 positions=16 loss=1.8729 ce=4.5285 tv=0.5022 conf=0.4345 grad_norm=8.6243 tensors_with_grad=69/72
[train] step 318: T=525 positions=16 loss=2.5576 ce=6.4921 tv=0.6712 conf=0.5554 grad_norm=16.9881 tensors_with_grad=69/72
[train] step 319: T=530 positions=16 loss=1.5758 ce=3.8263 tv=0.3987 conf=0.5727 grad_norm=14.1323 tensors_with_grad=69/72
[train] step 320: T=638 positions=16 loss=1.8608 ce=4.1589 tv=0.5175 conf=0.6441 grad_norm=15.4782 tensors_with_grad=69/72
[train] step 321: T=547 positions=16 loss=2.4837 ce=5.5795 tv=0.6865 conf=0.5991 grad_norm=12.7127 tensors_with_grad=69/72
[train] step 322: T=675 positions=16 loss=2.3832 ce=5.4670 tv=0.6129 conf=0.4540 grad_norm=13.1393 tensors_with_grad=69/72
[train] step 323: T=563 positions=16 loss=1.9397 ce=4.3986 tv=0.5005 conf=0.5426 grad_norm=14.8987 tensors_with_grad=69/72
[train] step 324: T=626 positions=16 loss=2.0886 ce=4.2819 tv=0.5087 conf=0.5215 grad_norm=9.2399 tensors_with_grad=69/72
[train] step 325: T=673 positions=16 loss=1.9481 ce=5.4987 tv=0.5001 conf=0.4424 grad_norm=9.1378 tensors_with_grad=69/72
[train] step 326: T=535 positions=16 loss=0.8383 ce=1.2644 tv=0.1685 conf=0.3893 grad_norm=3.6183 tensors_with_grad=69/72
[train] step 327: T=534 positions=16 loss=0.5719 ce=1.4100 tv=0.1704 conf=0.2109 grad_norm=3.4088 tensors_with_grad=69/72
[train] step 328: T=546 positions=16 loss=1.5853 ce=3.0085 tv=0.3736 conf=0.4602 grad_norm=10.0414 tensors_with_grad=69/72
[train] step 329: T=539 positions=16 loss=1.0978 ce=2.2114 tv=0.3503 conf=0.5191 grad_norm=4.6236 tensors_with_grad=69/72
[train] step 330: T=608 positions=16 loss=2.1458 ce=4.8918 tv=0.4770 conf=0.6674 grad_norm=8.1015 tensors_with_grad=69/72
[train] step 331: T=648 positions=16 loss=1.5074 ce=3.3646 tv=0.4348 conf=0.5375 grad_norm=7.5749 tensors_with_grad=69/72
[train] step 332: T=529 positions=16 loss=1.6379 ce=3.0482 tv=0.4054 conf=0.8696 grad_norm=11.5579 tensors_with_grad=69/72
[train] step 333: T=580 positions=16 loss=1.9544 ce=4.4477 tv=0.5391 conf=0.4752 grad_norm=9.5746 tensors_with_grad=69/72
[train] step 334: T=544 positions=16 loss=1.4866 ce=3.6613 tv=0.3791 conf=0.4677 grad_norm=10.9798 tensors_with_grad=69/72
[train] step 335: T=527 positions=16 loss=2.6161 ce=6.0111 tv=0.6773 conf=0.4175 grad_norm=23.8304 tensors_with_grad=69/72
[train] step 336: T=567 positions=16 loss=1.1732 ce=3.2575 tv=0.3057 conf=0.6275 grad_norm=13.2236 tensors_with_grad=69/72
[train] step 337: T=672 positions=16 loss=2.0629 ce=4.3990 tv=0.5439 conf=0.6021 grad_norm=12.8598 tensors_with_grad=69/72
[train] step 338: T=589 positions=16 loss=2.0805 ce=4.8634 tv=0.5069 conf=0.6736 grad_norm=18.2389 tensors_with_grad=69/72
[train] step 339: T=620 positions=16 loss=1.5530 ce=3.6136 tv=0.4611 conf=0.5800 grad_norm=8.2725 tensors_with_grad=69/72
[train] step 340: T=533 positions=16 loss=1.0210 ce=2.2136 tv=0.2818 conf=0.8092 grad_norm=10.1465 tensors_with_grad=69/72
[train] step 341: T=1060 positions=16 loss=2.1042 ce=5.3092 tv=0.5036 conf=0.4575 grad_norm=12.2453 tensors_with_grad=69/72
[train] step 342: T=538 positions=16 loss=1.6476 ce=3.6793 tv=0.4642 conf=0.6119 grad_norm=9.0454 tensors_with_grad=69/72
[train] step 343: T=529 positions=16 loss=0.5287 ce=1.1543 tv=0.1673 conf=0.9241 grad_norm=3.9590 tensors_with_grad=69/72
[train] step 344: T=635 positions=16 loss=1.9521 ce=3.7869 tv=0.5516 conf=0.5410 grad_norm=7.4867 tensors_with_grad=69/72
[train] step 345: T=628 positions=16 loss=1.1122 ce=2.1246 tv=0.2875 conf=0.5262 grad_norm=10.2862 tensors_with_grad=69/72
[train] step 346: T=538 positions=16 loss=1.7687 ce=3.9305 tv=0.4121 conf=0.5522 grad_norm=12.3433 tensors_with_grad=69/72
[train] step 347: T=574 positions=16 loss=1.8616 ce=3.9896 tv=0.4611 conf=0.5959 grad_norm=10.1933 tensors_with_grad=69/72
[train] step 348: T=595 positions=16 loss=1.4272 ce=2.6716 tv=0.4637 conf=0.5484 grad_norm=7.9829 tensors_with_grad=69/72
[train] step 349: T=640 positions=16 loss=1.5324 ce=3.7531 tv=0.4522 conf=0.4516 grad_norm=9.8501 tensors_with_grad=69/72
[train] step 350: T=588 positions=16 loss=0.5487 ce=0.8376 tv=0.1661 conf=0.6561 grad_norm=8.1148 tensors_with_grad=69/72
[train] step 351: T=533 positions=16 loss=0.6407 ce=1.6998 tv=0.1795 conf=0.7047 grad_norm=4.4281 tensors_with_grad=69/72
[train] step 352: T=675 positions=16 loss=2.3847 ce=5.8269 tv=0.6207 conf=0.5001 grad_norm=10.6935 tensors_with_grad=69/72
[train] step 353: T=532 positions=16 loss=1.1571 ce=2.8293 tv=0.3312 conf=0.6128 grad_norm=7.2560 tensors_with_grad=69/72
[train] step 354: T=586 positions=16 loss=2.0689 ce=5.4203 tv=0.4315 conf=0.4679 grad_norm=11.9178 tensors_with_grad=69/72
[train] step 355: T=1048 positions=16 loss=1.9902 ce=5.3589 tv=0.4718 conf=0.5779 grad_norm=12.6316 tensors_with_grad=69/72
[train] step 356: T=615 positions=16 loss=1.2140 ce=2.8150 tv=0.3140 conf=0.5375 grad_norm=8.6348 tensors_with_grad=69/72
[train] step 357: T=672 positions=16 loss=1.5713 ce=3.7394 tv=0.4093 conf=0.5338 grad_norm=8.1778 tensors_with_grad=69/72
[train] step 358: T=579 positions=16 loss=1.7728 ce=3.8044 tv=0.4643 conf=0.5678 grad_norm=12.9435 tensors_with_grad=69/72
[train] step 359: T=588 positions=16 loss=2.1187 ce=4.7089 tv=0.5354 conf=0.6535 grad_norm=12.3651 tensors_with_grad=69/72
[train] step 360: T=527 positions=16 loss=0.9899 ce=2.1297 tv=0.2122 conf=0.6161 grad_norm=8.2704 tensors_with_grad=69/72
[train] step 361: T=1060 positions=16 loss=2.4476 ce=5.0970 tv=0.5868 conf=0.5741 grad_norm=24.1708 tensors_with_grad=69/72
[train] step 362: T=629 positions=16 loss=1.3127 ce=2.4036 tv=0.3731 conf=0.5840 grad_norm=6.9417 tensors_with_grad=69/72
[train] step 363: T=529 positions=16 loss=1.5544 ce=3.3154 tv=0.4020 conf=0.5003 grad_norm=10.8248 tensors_with_grad=69/72
[train] step 364: T=629 positions=16 loss=0.5817 ce=1.2368 tv=0.1551 conf=0.7698 grad_norm=6.1707 tensors_with_grad=69/72
[train] step 365: T=621 positions=16 loss=0.9286 ce=1.8799 tv=0.2943 conf=0.6132 grad_norm=15.5398 tensors_with_grad=69/72
[train] step 366: T=591 positions=16 loss=0.9708 ce=1.8506 tv=0.3126 conf=0.4131 grad_norm=7.0941 tensors_with_grad=69/72
[train] step 367: T=604 positions=16 loss=1.4638 ce=2.8233 tv=0.3353 conf=0.5014 grad_norm=6.9570 tensors_with_grad=69/72
[train] step 368: T=673 positions=16 loss=1.0175 ce=2.4353 tv=0.2558 conf=0.7741 grad_norm=13.0270 tensors_with_grad=69/72
[train] step 369: T=531 positions=16 loss=1.8984 ce=3.7724 tv=0.4907 conf=0.6140 grad_norm=13.7992 tensors_with_grad=69/72
[train] step 370: T=539 positions=16 loss=0.5621 ce=0.9831 tv=0.1762 conf=0.6884 grad_norm=5.2367 tensors_with_grad=69/72
[train] step 371: T=676 positions=16 loss=1.8969 ce=4.4365 tv=0.4994 conf=0.5112 grad_norm=9.7738 tensors_with_grad=69/72
[train] step 372: T=966 positions=16 loss=2.9720 ce=8.0502 tv=0.6354 conf=0.5202 grad_norm=21.5381 tensors_with_grad=69/72
[train] step 373: T=638 positions=16 loss=1.4144 ce=2.5629 tv=0.3546 conf=0.5187 grad_norm=6.1693 tensors_with_grad=69/72
[train] step 374: T=539 positions=16 loss=2.3593 ce=5.3114 tv=0.5839 conf=0.6505 grad_norm=15.5641 tensors_with_grad=69/72
[train] step 375: T=543 positions=16 loss=1.1264 ce=2.0329 tv=0.3071 conf=0.6497 grad_norm=11.4477 tensors_with_grad=69/72
[train] step 376: T=544 positions=16 loss=0.9319 ce=1.3418 tv=0.2388 conf=0.5424 grad_norm=5.5080 tensors_with_grad=69/72
[train] step 377: T=532 positions=16 loss=0.6667 ce=1.5426 tv=0.2001 conf=0.8525 grad_norm=7.7041 tensors_with_grad=69/72
[train] step 378: T=536 positions=16 loss=0.8975 ce=1.3919 tv=0.1726 conf=0.4528 grad_norm=11.3578 tensors_with_grad=69/72
[train] step 379: T=553 positions=16 loss=1.5593 ce=2.9275 tv=0.3397 conf=0.5314 grad_norm=9.5176 tensors_with_grad=69/72
[train] step 380: T=651 positions=16 loss=1.5782 ce=3.0349 tv=0.4394 conf=0.5142 grad_norm=9.9776 tensors_with_grad=69/72
[train] step 381: T=573 positions=16 loss=2.6417 ce=6.7080 tv=0.6445 conf=0.5309 grad_norm=17.0828 tensors_with_grad=69/72
[train] step 382: T=549 positions=16 loss=1.6097 ce=3.0910 tv=0.3916 conf=0.3841 grad_norm=9.1862 tensors_with_grad=69/72
[train] step 383: T=573 positions=16 loss=2.0223 ce=4.1839 tv=0.4769 conf=0.5889 grad_norm=10.5315 tensors_with_grad=69/72
[train] step 384: T=534 positions=16 loss=2.3427 ce=5.1802 tv=0.6572 conf=0.4504 grad_norm=13.5059 tensors_with_grad=69/72
[train] step 385: T=548 positions=16 loss=1.7621 ce=3.6759 tv=0.3868 conf=0.5222 grad_norm=14.0981 tensors_with_grad=69/72
[train] step 386: T=588 positions=16 loss=1.7627 ce=3.7829 tv=0.4352 conf=0.7626 grad_norm=13.0709 tensors_with_grad=69/72
[train] step 387: T=654 positions=16 loss=2.0340 ce=4.6564 tv=0.4720 conf=0.5335 grad_norm=11.8757 tensors_with_grad=69/72
[train] step 388: T=536 positions=16 loss=1.8007 ce=4.3291 tv=0.4550 conf=0.5162 grad_norm=19.8169 tensors_with_grad=69/72
[train] step 389: T=959 positions=16 loss=2.9917 ce=7.1607 tv=0.6637 conf=0.6386 grad_norm=30.7884 tensors_with_grad=69/72
[train] step 390: T=532 positions=16 loss=1.1116 ce=1.7164 tv=0.2771 conf=0.7093 grad_norm=9.4099 tensors_with_grad=69/72
[train] step 391: T=654 positions=16 loss=1.6109 ce=3.0769 tv=0.4755 conf=0.6290 grad_norm=7.9144 tensors_with_grad=69/72
[train] step 392: T=627 positions=16 loss=1.4198 ce=3.0229 tv=0.2688 conf=0.4999 grad_norm=15.9266 tensors_with_grad=69/72
[train] step 393: T=531 positions=16 loss=1.7837 ce=3.6392 tv=0.4530 conf=0.5587 grad_norm=7.5590 tensors_with_grad=69/72
[train] step 394: T=614 positions=16 loss=1.2240 ce=2.6312 tv=0.3744 conf=0.6284 grad_norm=6.9334 tensors_with_grad=69/72
[train] step 395: T=530 positions=16 loss=2.2305 ce=4.5769 tv=0.5242 conf=0.5552 grad_norm=23.4166 tensors_with_grad=69/72
[train] step 396: T=545 positions=16 loss=1.4099 ce=2.7869 tv=0.3398 conf=0.4525 grad_norm=15.4109 tensors_with_grad=69/72
[train] step 397: T=605 positions=16 loss=1.7956 ce=3.5274 tv=0.4571 conf=0.6146 grad_norm=12.5015 tensors_with_grad=69/72
[train] step 398: T=529 positions=16 loss=1.8833 ce=4.7093 tv=0.5392 conf=0.4993 grad_norm=7.2506 tensors_with_grad=69/72
[train] step 399: T=1075 positions=16 loss=2.1309 ce=5.5126 tv=0.4312 conf=0.4496 grad_norm=7.9049 tensors_with_grad=69/72
[train] step 400: T=1443 positions=16 loss=2.7537 ce=7.3563 tv=0.5945 conf=0.4729 grad_norm=13.2591 tensors_with_grad=69/72
[train] step 401: T=535 positions=16 loss=2.4547 ce=5.3898 tv=0.6442 conf=0.5238 grad_norm=9.6761 tensors_with_grad=69/72
[train] step 402: T=594 positions=16 loss=1.0548 ce=1.1685 tv=0.2176 conf=0.6765 grad_norm=9.1719 tensors_with_grad=69/72
[train] step 403: T=886 positions=16 loss=2.0200 ce=5.4230 tv=0.4494 conf=0.2810 grad_norm=11.5248 tensors_with_grad=69/72
[train] step 404: T=532 positions=16 loss=1.6921 ce=3.4126 tv=0.4670 conf=0.5480 grad_norm=10.8996 tensors_with_grad=69/72
[train] step 405: T=560 positions=16 loss=1.6042 ce=3.2677 tv=0.4168 conf=0.6001 grad_norm=8.7557 tensors_with_grad=69/72
[train] step 406: T=597 positions=16 loss=1.6903 ce=3.3231 tv=0.4435 conf=0.5885 grad_norm=12.7933 tensors_with_grad=69/72
[train] step 407: T=536 positions=16 loss=0.5179 ce=1.1379 tv=0.1586 conf=0.6059 grad_norm=5.1439 tensors_with_grad=69/72
[train] step 408: T=578 positions=16 loss=0.7197 ce=1.0922 tv=0.2237 conf=0.6132 grad_norm=11.8729 tensors_with_grad=69/72
[train] step 409: T=675 positions=16 loss=0.7791 ce=1.5257 tv=0.2404 conf=0.4095 grad_norm=7.1470 tensors_with_grad=69/72
[train] step 410: T=672 positions=16 loss=2.7537 ce=6.3143 tv=0.7241 conf=0.3807 grad_norm=13.4773 tensors_with_grad=69/72
[train] step 411: T=529 positions=16 loss=1.0880 ce=1.7607 tv=0.2774 conf=0.6744 grad_norm=7.3831 tensors_with_grad=69/72
[train] step 412: T=676 positions=16 loss=1.7252 ce=3.4549 tv=0.3775 conf=0.5182 grad_norm=13.3052 tensors_with_grad=69/72
[train] step 413: T=555 positions=16 loss=0.8126 ce=2.0827 tv=0.2212 conf=0.5512 grad_norm=4.7087 tensors_with_grad=69/72
[train] step 414: T=1244 positions=16 loss=2.1800 ce=5.8734 tv=0.4815 conf=0.4013 grad_norm=9.8800 tensors_with_grad=69/72
[train] step 415: T=549 positions=16 loss=2.4769 ce=4.5558 tv=0.5919 conf=0.4642 grad_norm=17.9262 tensors_with_grad=69/72
[train] step 416: T=599 positions=16 loss=1.1225 ce=2.5759 tv=0.3473 conf=0.5301 grad_norm=8.1017 tensors_with_grad=69/72
[train] step 417: T=526 positions=16 loss=1.4348 ce=3.1651 tv=0.3938 conf=0.4694 grad_norm=10.3043 tensors_with_grad=69/72
[train] step 418: T=576 positions=16 loss=2.3374 ce=5.4660 tv=0.5634 conf=0.4844 grad_norm=10.2158 tensors_with_grad=69/72
[train] step 419: T=542 positions=16 loss=1.2711 ce=2.7352 tv=0.3469 conf=0.3905 grad_norm=6.8132 tensors_with_grad=69/72
[train] step 420: T=537 positions=16 loss=0.2641 ce=0.4262 tv=0.0790 conf=0.4129 grad_norm=2.3107 tensors_with_grad=69/72
[train] step 421: T=536 positions=16 loss=0.7626 ce=2.0982 tv=0.1746 conf=0.3602 grad_norm=8.1537 tensors_with_grad=69/72
[train] step 422: T=543 positions=16 loss=0.7676 ce=1.9856 tv=0.2412 conf=0.2505 grad_norm=6.3482 tensors_with_grad=69/72
[train] step 423: T=573 positions=16 loss=1.9992 ce=4.4062 tv=0.4428 conf=0.4523 grad_norm=8.1231 tensors_with_grad=69/72
[train] step 424: T=928 positions=16 loss=1.9358 ce=4.6341 tv=0.4634 conf=0.3962 grad_norm=9.0019 tensors_with_grad=69/72
[train] step 425: T=979 positions=16 loss=2.6393 ce=6.7197 tv=0.6102 conf=0.2901 grad_norm=12.1753 tensors_with_grad=69/72
[train] step 426: T=542 positions=16 loss=0.7545 ce=1.0777 tv=0.1631 conf=0.5782 grad_norm=9.4687 tensors_with_grad=69/72
[train] step 427: T=525 positions=16 loss=1.3245 ce=2.4883 tv=0.3293 conf=0.4864 grad_norm=9.1589 tensors_with_grad=69/72
[train] step 428: T=1286 positions=16 loss=1.7225 ce=3.7217 tv=0.4314 conf=0.5993 grad_norm=19.8841 tensors_with_grad=69/72
[train] step 429: T=538 positions=16 loss=0.6647 ce=0.8672 tv=0.1685 conf=0.8880 grad_norm=17.9569 tensors_with_grad=69/72
[train] step 430: T=541 positions=16 loss=1.5300 ce=2.8669 tv=0.3604 conf=0.7108 grad_norm=16.4363 tensors_with_grad=69/72
[train] step 431: T=537 positions=16 loss=1.9480 ce=4.0066 tv=0.4461 conf=0.5472 grad_norm=18.8632 tensors_with_grad=69/72
[train] step 432: T=550 positions=16 loss=1.0267 ce=1.9798 tv=0.2870 conf=0.5493 grad_norm=6.3477 tensors_with_grad=69/72
[train] step 433: T=568 positions=16 loss=2.2726 ce=5.9811 tv=0.5113 conf=0.5431 grad_norm=14.1686 tensors_with_grad=69/72
[train] step 434: T=524 positions=16 loss=2.5276 ce=5.5168 tv=0.6053 conf=0.4401 grad_norm=11.9206 tensors_with_grad=69/72
[train] step 435: T=601 positions=16 loss=0.9994 ce=1.5530 tv=0.2125 conf=0.5662 grad_norm=10.1621 tensors_with_grad=69/72
[train] step 436: T=530 positions=16 loss=0.9809 ce=1.8528 tv=0.2923 conf=0.3627 grad_norm=7.8566 tensors_with_grad=69/72
[train] step 437: T=525 positions=16 loss=1.3632 ce=3.2160 tv=0.4026 conf=0.4345 grad_norm=6.5334 tensors_with_grad=69/72
[train] step 438: T=526 positions=16 loss=2.5865 ce=5.5797 tv=0.5593 conf=0.6391 grad_norm=18.3493 tensors_with_grad=69/72
[train] step 439: T=584 positions=16 loss=0.7440 ce=1.3620 tv=0.1822 conf=0.7324 grad_norm=10.9944 tensors_with_grad=69/72
[train] step 440: T=1681 positions=16 loss=2.7486 ce=7.2898 tv=0.6176 conf=0.4607 grad_norm=15.6013 tensors_with_grad=69/72
[train] step 441: T=532 positions=16 loss=1.0822 ce=2.1978 tv=0.3147 conf=0.5017 grad_norm=5.9256 tensors_with_grad=69/72
[train] step 442: T=535 positions=16 loss=1.1387 ce=2.8997 tv=0.2850 conf=0.3688 grad_norm=10.1918 tensors_with_grad=69/72
[train] step 443: T=1305 positions=16 loss=3.1148 ce=8.1308 tv=0.6649 conf=0.3828 grad_norm=16.6644 tensors_with_grad=69/72
[train] step 444: T=545 positions=16 loss=1.4048 ce=2.1694 tv=0.3331 conf=0.5456 grad_norm=10.2402 tensors_with_grad=69/72
[train] step 445: T=537 positions=16 loss=1.6373 ce=3.3539 tv=0.3598 conf=0.5739 grad_norm=8.0230 tensors_with_grad=69/72
[train] step 446: T=963 positions=16 loss=2.2204 ce=5.4684 tv=0.4881 conf=0.3582 grad_norm=11.3405 tensors_with_grad=69/72
[train] step 447: T=539 positions=16 loss=0.9245 ce=1.5404 tv=0.2076 conf=0.4041 grad_norm=3.8178 tensors_with_grad=69/72
[train] step 448: T=653 positions=16 loss=2.3676 ce=5.4446 tv=0.6691 conf=0.3104 grad_norm=17.1913 tensors_with_grad=69/72
[train] step 449: T=528 positions=16 loss=1.0352 ce=2.3540 tv=0.2950 conf=0.4648 grad_norm=8.0614 tensors_with_grad=69/72
[train] step 450: T=599 positions=16 loss=1.6637 ce=3.3159 tv=0.3954 conf=0.4766 grad_norm=7.6765 tensors_with_grad=69/72
[train] step 451: T=543 positions=16 loss=0.8808 ce=1.6775 tv=0.2159 conf=0.5062 grad_norm=7.2035 tensors_with_grad=69/72
[train] step 452: T=532 positions=16 loss=1.1950 ce=2.7006 tv=0.2736 conf=0.4082 grad_norm=7.7991 tensors_with_grad=69/72
[train] step 453: T=1026 positions=16 loss=2.7408 ce=6.1586 tv=0.6368 conf=0.6357 grad_norm=30.7301 tensors_with_grad=69/72
[train] step 454: T=577 positions=16 loss=2.0923 ce=4.2886 tv=0.5080 conf=0.5442 grad_norm=11.7837 tensors_with_grad=69/72
[train] step 455: T=1744 positions=16 loss=3.0752 ce=7.8593 tv=0.7048 conf=0.3747 grad_norm=13.5930 tensors_with_grad=69/72
[train] step 456: T=643 positions=16 loss=0.9742 ce=1.3761 tv=0.1892 conf=0.7371 grad_norm=24.8227 tensors_with_grad=69/72
[train] step 457: T=678 positions=16 loss=1.6854 ce=3.6395 tv=0.4729 conf=0.7124 grad_norm=9.8527 tensors_with_grad=69/72
[train] step 458: T=534 positions=16 loss=2.1087 ce=4.4889 tv=0.5495 conf=0.4896 grad_norm=10.8343 tensors_with_grad=69/72
[train] step 459: T=561 positions=16 loss=1.1089 ce=2.5048 tv=0.2731 conf=0.6416 grad_norm=11.5541 tensors_with_grad=69/72
[train] step 460: T=529 positions=16 loss=1.6663 ce=3.3879 tv=0.5127 conf=0.5150 grad_norm=18.0651 tensors_with_grad=69/72
[train] step 461: T=618 positions=16 loss=0.8563 ce=1.3418 tv=0.1894 conf=0.6121 grad_norm=15.4528 tensors_with_grad=69/72
[train] step 462: T=592 positions=16 loss=2.1820 ce=4.2167 tv=0.5068 conf=0.5227 grad_norm=17.4995 tensors_with_grad=69/72
[train] step 463: T=538 positions=16 loss=1.1391 ce=1.6195 tv=0.2510 conf=0.4486 grad_norm=5.8497 tensors_with_grad=69/72
[train] step 464: T=524 positions=16 loss=1.7832 ce=3.5699 tv=0.4687 conf=0.4016 grad_norm=10.4952 tensors_with_grad=69/72
[train] step 465: T=639 positions=16 loss=1.6819 ce=3.8698 tv=0.3992 conf=0.4654 grad_norm=8.6367 tensors_with_grad=69/72
[train] step 466: T=574 positions=16 loss=1.4667 ce=2.7650 tv=0.3584 conf=0.4396 grad_norm=12.8127 tensors_with_grad=69/72
[train] step 467: T=595 positions=16 loss=1.1016 ce=2.2834 tv=0.2734 conf=0.3825 grad_norm=10.9291 tensors_with_grad=69/72
[train] step 468: T=529 positions=16 loss=1.8892 ce=4.4133 tv=0.4103 conf=0.5775 grad_norm=12.0213 tensors_with_grad=69/72
[train] step 469: T=530 positions=16 loss=1.6331 ce=3.7137 tv=0.4069 conf=0.4265 grad_norm=14.4654 tensors_with_grad=69/72
[train] step 470: T=526 positions=16 loss=1.8884 ce=3.6191 tv=0.5109 conf=0.4277 grad_norm=11.2523 tensors_with_grad=69/72
[train] step 471: T=541 positions=16 loss=1.2931 ce=2.9681 tv=0.3141 conf=0.5400 grad_norm=17.5569 tensors_with_grad=69/72
[train] step 472: T=672 positions=16 loss=1.8999 ce=4.0048 tv=0.4099 conf=0.4396 grad_norm=8.6653 tensors_with_grad=69/72
[train] step 473: T=1079 positions=16 loss=2.2380 ce=5.2925 tv=0.5035 conf=0.4529 grad_norm=12.6127 tensors_with_grad=69/72
[train] step 474: T=529 positions=16 loss=2.0222 ce=3.9848 tv=0.5041 conf=0.5141 grad_norm=15.6191 tensors_with_grad=69/72
[train] step 475: T=544 positions=16 loss=1.4442 ce=2.8546 tv=0.3538 conf=0.5181 grad_norm=9.8720 tensors_with_grad=69/72
[train] step 476: T=1567 positions=16 loss=2.2778 ce=5.9956 tv=0.5568 conf=0.3327 grad_norm=10.2571 tensors_with_grad=69/72
[train] step 477: T=533 positions=16 loss=2.7256 ce=6.3805 tv=0.6421 conf=0.4285 grad_norm=10.9826 tensors_with_grad=69/72
[train] step 478: T=1190 positions=16 loss=2.4112 ce=6.3689 tv=0.5287 conf=0.3735 grad_norm=7.5095 tensors_with_grad=69/72
[train] step 479: T=541 positions=16 loss=0.3033 ce=0.6033 tv=0.1189 conf=0.2632 grad_norm=3.6787 tensors_with_grad=69/72
[train] step 480: T=1679 positions=16 loss=2.8514 ce=6.8138 tv=0.5866 conf=0.7374 grad_norm=45.7542 tensors_with_grad=69/72
[train] step 481: T=526 positions=16 loss=1.9991 ce=4.0494 tv=0.5386 conf=0.5320 grad_norm=13.8015 tensors_with_grad=69/72
[train] step 482: T=636 positions=16 loss=2.1234 ce=3.2533 tv=0.5135 conf=0.7234 grad_norm=25.8184 tensors_with_grad=69/72
[train] step 483: T=545 positions=16 loss=1.3194 ce=2.8545 tv=0.3572 conf=0.2630 grad_norm=5.3841 tensors_with_grad=69/72
[train] step 484: T=531 positions=16 loss=1.1473 ce=2.2352 tv=0.3030 conf=0.3823 grad_norm=23.9848 tensors_with_grad=69/72
[train] step 485: T=528 positions=16 loss=0.9810 ce=2.1406 tv=0.2564 conf=0.6357 grad_norm=9.5596 tensors_with_grad=69/72
[train] step 486: T=605 positions=16 loss=1.8183 ce=4.3672 tv=0.4096 conf=0.5021 grad_norm=10.2999 tensors_with_grad=69/72
[train] step 487: T=527 positions=16 loss=0.8954 ce=2.2967 tv=0.2232 conf=0.3027 grad_norm=5.4675 tensors_with_grad=69/72
[train] step 488: T=545 positions=16 loss=0.5625 ce=1.0651 tv=0.1287 conf=0.4644 grad_norm=2.9957 tensors_with_grad=69/72
[train] step 489: T=595 positions=16 loss=2.0164 ce=4.3973 tv=0.5234 conf=0.5203 grad_norm=14.8029 tensors_with_grad=69/72
[train] step 490: T=525 positions=16 loss=1.7134 ce=3.5956 tv=0.4888 conf=0.4331 grad_norm=9.1886 tensors_with_grad=69/72
[diag] draft-argmax == TARGET-argmax : 50.1%  | == ground-truth token: 49.6%
[diag] mean top-1 prob  target 0.842  draft 0.714   (TV near 1 with a PEAKED draft => misalignment; with a FLAT draft => genuine)
[train] saved 72 trained tensors -> /cap/s3recap-conf1.0/c0/trained/mtp_trained.safetensors
[train] saved AdamW state -> /cap/s3recap-conf1.0/c0/trained/opt_state.pt (needed for --resume to be equivalent to one continuous run)
[train] metrics -> /cap/s3recap-conf1.0/c0/train_metrics.json  (loss 3.6429 -> 1.7134, tail mean 1.6877)
[train] TRAIN OK
