[train] device=cuda torch=2.10.0
  loading model-00046-of-00048.safetensors ...
  loading model-00047-of-00048.safetensors ...
  loading model-00048-of-00048.safetensors ...
  dequantised 1512 tensors, 12.60 B params, 23.5 GiB bf16
[train] weights ready in 8.7s
[train] trainable 517.3 M in 72 tensors | frozen experts 12.08 B
[train] capture: 491 sample(s)
[Gloo] Rank 0 is connected to 0 peer ranks. Expected number of connected peer ranks is : 0
[train] ModelArgs: n_mtp=3 block=5 taps=[40, 41, 42] markov_rank=256
[train] built 3 DSparkBlock(s) on meta
[train] re-materialised freqs_cis on 3 attention module(s) (persistent=False buffers are NOT in state_dict and to_empty() zapped them)
[train] load_state_dict: 0 missing, 0 unexpected
[train] GATE1 model construction OK
[train] aux: embed.weight(129280, 4096), head.weight(129280, 4096)
[train] trainable tensors in graph: 72 / 517.3 M
[train] resumed 72/72 trained tensors from /cap/s3recap-deficit/c0/trained/mtp_trained.safetensors
[train] resumed AdamW state: 69/72 tensors carry moments (3 never received a gradient, expected), indices aligned
[train] lr schedule: linear warmup 73 step(s) -> cosine over 1472 session step(s), peak 5e-05; this chunk is steps 491..981
/work/train/train_head.py:115: UserWarning: Converting a tensor with requires_grad=True to a scalar may lead to unexpected behavior.
Consider using tensor.detach() first. (Triggered internally at /opt/pytorch/torch/csrc/autograd/generated/python_variable_methods.cpp:836.)
  parts = {"ce": float((w * ce).sum()), "tv": float((w * tv).sum()), "conf": 0.0}
[train] step 0: T=675 positions=16 loss=0.7308 ce=1.5905 tv=0.3896 conf=0.6998 grad_norm=3.4872 tensors_with_grad=69/72
[train] step 1: T=593 positions=16 loss=0.2735 ce=1.0314 tv=0.1682 conf=0.7349 grad_norm=5.9068 tensors_with_grad=69/72
[train] step 2: T=984 positions=16 loss=1.5068 ce=3.3661 tv=0.4047 conf=0.8235 grad_norm=3.6628 tensors_with_grad=69/72
[train] step 3: T=672 positions=16 loss=0.5006 ce=1.2240 tv=0.2961 conf=0.9663 grad_norm=3.0837 tensors_with_grad=69/72
[train] step 4: T=675 positions=16 loss=0.8592 ce=1.7045 tv=0.3408 conf=0.8820 grad_norm=5.8950 tensors_with_grad=69/72
[train] step 5: T=1257 positions=16 loss=1.8652 ce=4.1453 tv=0.4943 conf=0.7452 grad_norm=6.4810 tensors_with_grad=69/72
[train] step 6: T=673 positions=16 loss=1.1097 ce=2.6853 tv=0.5177 conf=0.9784 grad_norm=3.2557 tensors_with_grad=69/72
[train] step 7: T=535 positions=16 loss=0.3425 ce=0.9569 tv=0.2268 conf=0.4200 grad_norm=1.6224 tensors_with_grad=69/72
[train] step 8: T=608 positions=16 loss=0.7104 ce=1.6863 tv=0.3876 conf=1.0860 grad_norm=3.2831 tensors_with_grad=69/72
[train] step 9: T=524 positions=16 loss=1.6936 ce=3.2710 tv=0.6185 conf=0.8229 grad_norm=5.5740 tensors_with_grad=69/72
[train] step 10: T=629 positions=16 loss=0.5594 ce=1.2954 tv=0.3002 conf=0.5682 grad_norm=4.0236 tensors_with_grad=69/72
[train] step 11: T=533 positions=16 loss=0.4833 ce=1.2463 tv=0.3040 conf=0.5420 grad_norm=3.2606 tensors_with_grad=69/72
[train] step 12: T=524 positions=16 loss=1.1128 ce=2.5960 tv=0.5452 conf=1.0007 grad_norm=6.1522 tensors_with_grad=69/72
[train] step 13: T=672 positions=16 loss=0.9070 ce=2.3788 tv=0.4801 conf=0.6505 grad_norm=4.9604 tensors_with_grad=69/72
[train] step 14: T=597 positions=16 loss=0.4571 ce=1.1736 tv=0.2709 conf=0.7918 grad_norm=4.7758 tensors_with_grad=69/72
[train] step 15: T=605 positions=16 loss=0.7957 ce=1.7005 tv=0.4230 conf=0.9830 grad_norm=3.3545 tensors_with_grad=69/72
[train] step 16: T=672 positions=16 loss=1.4622 ce=3.1899 tv=0.5231 conf=0.9367 grad_norm=5.0491 tensors_with_grad=69/72
[train] step 17: T=524 positions=16 loss=0.9704 ce=2.3958 tv=0.4897 conf=1.2469 grad_norm=5.8592 tensors_with_grad=69/72
[train] step 18: T=533 positions=16 loss=0.2409 ce=0.5701 tv=0.1466 conf=0.4294 grad_norm=1.9420 tensors_with_grad=69/72
[train] step 19: T=609 positions=16 loss=0.6568 ce=1.4670 tv=0.3741 conf=0.8130 grad_norm=3.1947 tensors_with_grad=69/72
[train] step 20: T=622 positions=16 loss=0.8591 ce=1.9214 tv=0.3962 conf=1.0954 grad_norm=3.9532 tensors_with_grad=69/72
[train] step 21: T=932 positions=16 loss=1.1774 ce=2.3661 tv=0.4355 conf=0.8356 grad_norm=6.3990 tensors_with_grad=69/72
[train] step 22: T=529 positions=16 loss=1.2105 ce=2.7525 tv=0.4045 conf=0.9462 grad_norm=4.8058 tensors_with_grad=69/72
[train] step 23: T=677 positions=16 loss=1.0317 ce=2.8123 tv=0.4615 conf=1.4778 grad_norm=4.4535 tensors_with_grad=69/72
[train] step 24: T=1210 positions=16 loss=1.6691 ce=4.5205 tv=0.4827 conf=1.2232 grad_norm=7.6122 tensors_with_grad=69/72
[train] step 25: T=533 positions=16 loss=0.4242 ce=1.0435 tv=0.1830 conf=1.0670 grad_norm=2.9304 tensors_with_grad=69/72
[train] step 26: T=618 positions=16 loss=0.4660 ce=1.6447 tv=0.3195 conf=1.7104 grad_norm=5.0885 tensors_with_grad=69/72
[train] step 27: T=530 positions=16 loss=0.6720 ce=1.8742 tv=0.3072 conf=1.1598 grad_norm=3.8754 tensors_with_grad=69/72
[train] step 28: T=527 positions=16 loss=0.6904 ce=1.7366 tv=0.4066 conf=1.5637 grad_norm=2.8607 tensors_with_grad=69/72
[train] step 29: T=924 positions=16 loss=1.1553 ce=2.5991 tv=0.4275 conf=1.3527 grad_norm=4.9636 tensors_with_grad=69/72
[train] step 30: T=550 positions=16 loss=1.0365 ce=2.7181 tv=0.4983 conf=2.0311 grad_norm=3.6991 tensors_with_grad=69/72
[train] step 31: T=653 positions=16 loss=1.2921 ce=3.2599 tv=0.5142 conf=2.2214 grad_norm=4.2621 tensors_with_grad=69/72
[train] step 32: T=659 positions=16 loss=0.8824 ce=2.2217 tv=0.3751 conf=0.7851 grad_norm=2.5137 tensors_with_grad=69/72
[train] step 33: T=535 positions=16 loss=0.3690 ce=0.9851 tv=0.1913 conf=1.0501 grad_norm=3.0797 tensors_with_grad=69/72
[train] step 34: T=675 positions=16 loss=0.9179 ce=2.3213 tv=0.4934 conf=1.3224 grad_norm=3.7256 tensors_with_grad=69/72
[train] step 35: T=624 positions=16 loss=0.3539 ce=1.1470 tv=0.2838 conf=2.0278 grad_norm=4.4464 tensors_with_grad=69/72
[train] step 36: T=634 positions=16 loss=0.8887 ce=2.3563 tv=0.4391 conf=1.1409 grad_norm=8.1425 tensors_with_grad=69/72
[train] step 37: T=547 positions=16 loss=0.6544 ce=1.7557 tv=0.3703 conf=1.5572 grad_norm=6.0970 tensors_with_grad=69/72
[train] step 38: T=536 positions=16 loss=0.7803 ce=1.7930 tv=0.3358 conf=2.0104 grad_norm=3.5156 tensors_with_grad=69/72
[train] step 39: T=672 positions=16 loss=0.2048 ce=0.6095 tv=0.1675 conf=0.8074 grad_norm=2.3197 tensors_with_grad=69/72
[train] step 40: T=673 positions=16 loss=0.3427 ce=1.2320 tv=0.2650 conf=1.7082 grad_norm=2.4596 tensors_with_grad=69/72
[train] step 41: T=574 positions=16 loss=1.0210 ce=2.8231 tv=0.4492 conf=1.1561 grad_norm=3.2221 tensors_with_grad=69/72
[train] step 42: T=673 positions=16 loss=0.9617 ce=2.0072 tv=0.4641 conf=1.6326 grad_norm=6.5506 tensors_with_grad=69/72
[train] step 43: T=1093 positions=16 loss=1.4341 ce=3.2759 tv=0.4770 conf=1.3957 grad_norm=5.0017 tensors_with_grad=69/72
[train] step 44: T=572 positions=16 loss=1.2095 ce=3.1605 tv=0.5001 conf=1.5922 grad_norm=3.3568 tensors_with_grad=69/72
[train] step 45: T=607 positions=16 loss=0.8872 ce=2.2567 tv=0.3739 conf=0.7397 grad_norm=10.5518 tensors_with_grad=69/72
[train] step 46: T=604 positions=16 loss=0.4882 ce=1.0076 tv=0.2733 conf=1.2143 grad_norm=8.3036 tensors_with_grad=69/72
[train] step 47: T=674 positions=16 loss=0.8306 ce=2.2450 tv=0.3312 conf=1.4005 grad_norm=2.9598 tensors_with_grad=69/72
[train] step 48: T=529 positions=16 loss=0.7218 ce=1.8702 tv=0.4048 conf=1.7325 grad_norm=5.7707 tensors_with_grad=69/72
[train] step 49: T=674 positions=16 loss=0.2686 ce=0.9018 tv=0.2174 conf=1.1523 grad_norm=2.4883 tensors_with_grad=69/72
[train] step 50: T=983 positions=16 loss=1.2835 ce=2.9864 tv=0.3649 conf=0.7081 grad_norm=4.4563 tensors_with_grad=69/72
[train] step 51: T=531 positions=16 loss=0.1758 ce=0.7893 tv=0.1664 conf=0.8493 grad_norm=1.9783 tensors_with_grad=69/72
[train] step 52: T=643 positions=16 loss=1.1759 ce=2.6662 tv=0.5211 conf=1.1291 grad_norm=7.4463 tensors_with_grad=69/72
[train] step 53: T=672 positions=16 loss=0.6624 ce=1.7903 tv=0.3137 conf=0.7927 grad_norm=4.2608 tensors_with_grad=69/72
[train] step 54: T=577 positions=16 loss=0.3751 ce=1.2001 tv=0.2804 conf=0.7160 grad_norm=3.9132 tensors_with_grad=69/72
[train] step 55: T=540 positions=16 loss=0.3487 ce=1.0120 tv=0.2430 conf=0.7590 grad_norm=2.5449 tensors_with_grad=69/72
[train] step 56: T=1793 positions=16 loss=1.5104 ce=3.4162 tv=0.4824 conf=1.0346 grad_norm=5.3173 tensors_with_grad=69/72
[train] step 57: T=1349 positions=16 loss=1.3883 ce=3.3897 tv=0.4991 conf=0.7762 grad_norm=6.1336 tensors_with_grad=69/72
[train] step 58: T=658 positions=16 loss=1.0131 ce=2.4183 tv=0.4655 conf=0.8005 grad_norm=6.0710 tensors_with_grad=69/72
[train] step 59: T=537 positions=16 loss=1.0019 ce=3.1030 tv=0.4180 conf=0.9546 grad_norm=3.8421 tensors_with_grad=69/72
[train] step 60: T=532 positions=16 loss=0.4352 ce=1.0899 tv=0.2878 conf=0.8009 grad_norm=4.6229 tensors_with_grad=69/72
[train] step 61: T=591 positions=16 loss=0.6735 ce=1.6590 tv=0.2476 conf=0.4163 grad_norm=4.5268 tensors_with_grad=69/72
[train] step 62: T=525 positions=16 loss=1.1359 ce=2.6698 tv=0.4411 conf=0.6712 grad_norm=5.8089 tensors_with_grad=69/72
[train] step 63: T=526 positions=16 loss=0.3924 ce=0.9691 tv=0.2539 conf=0.7129 grad_norm=3.8275 tensors_with_grad=69/72
[train] step 64: T=588 positions=16 loss=0.1592 ce=0.6797 tv=0.1474 conf=0.6276 grad_norm=2.1210 tensors_with_grad=69/72
[train] step 65: T=605 positions=16 loss=0.2744 ce=1.3148 tv=0.1537 conf=0.4737 grad_norm=2.7249 tensors_with_grad=69/72
[train] step 66: T=532 positions=16 loss=0.4856 ce=0.8509 tv=0.2040 conf=0.5749 grad_norm=2.3146 tensors_with_grad=69/72
[train] step 67: T=980 positions=16 loss=1.4055 ce=2.9691 tv=0.4977 conf=1.1039 grad_norm=6.3059 tensors_with_grad=69/72
[train] step 68: T=533 positions=16 loss=1.4502 ce=3.1452 tv=0.5173 conf=0.5950 grad_norm=8.9450 tensors_with_grad=69/72
[train] step 69: T=563 positions=16 loss=0.3404 ce=0.9675 tv=0.1810 conf=0.4709 grad_norm=2.6502 tensors_with_grad=69/72
[train] step 70: T=532 positions=16 loss=0.5248 ce=1.2847 tv=0.2570 conf=0.7727 grad_norm=4.6144 tensors_with_grad=69/72
[train] step 71: T=584 positions=16 loss=0.8035 ce=1.8966 tv=0.3860 conf=1.2151 grad_norm=4.6502 tensors_with_grad=69/72
[train] step 72: T=534 positions=16 loss=0.8828 ce=2.5240 tv=0.2804 conf=0.5665 grad_norm=6.4342 tensors_with_grad=69/72
[train] step 73: T=528 positions=16 loss=0.7858 ce=1.9392 tv=0.4217 conf=0.8980 grad_norm=5.1124 tensors_with_grad=69/72
[train] step 74: T=539 positions=16 loss=0.2168 ce=0.8496 tv=0.1434 conf=0.7986 grad_norm=2.3086 tensors_with_grad=69/72
[train] step 75: T=650 positions=16 loss=0.2383 ce=0.9614 tv=0.1245 conf=0.8712 grad_norm=2.9034 tensors_with_grad=69/72
[train] step 76: T=550 positions=16 loss=0.5157 ce=1.2517 tv=0.3142 conf=1.2641 grad_norm=5.8113 tensors_with_grad=69/72
[train] step 77: T=676 positions=16 loss=0.8000 ce=2.1283 tv=0.3657 conf=1.2652 grad_norm=6.6960 tensors_with_grad=69/72
[train] step 78: T=676 positions=16 loss=0.9386 ce=2.0951 tv=0.3846 conf=1.0734 grad_norm=4.2043 tensors_with_grad=69/72
[train] step 79: T=530 positions=16 loss=1.2810 ce=2.6794 tv=0.4832 conf=0.6734 grad_norm=7.0704 tensors_with_grad=69/72
[train] step 80: T=576 positions=16 loss=1.3937 ce=2.8449 tv=0.5202 conf=1.4262 grad_norm=6.8771 tensors_with_grad=69/72
[train] step 81: T=598 positions=16 loss=0.4674 ce=1.7322 tv=0.3338 conf=1.7750 grad_norm=7.0610 tensors_with_grad=69/72
[train] step 82: T=531 positions=16 loss=0.3862 ce=0.9500 tv=0.2327 conf=1.1959 grad_norm=2.9346 tensors_with_grad=69/72
[train] step 83: T=1060 positions=16 loss=1.5982 ce=3.4614 tv=0.4665 conf=1.2270 grad_norm=5.3291 tensors_with_grad=69/72
[train] step 84: T=563 positions=16 loss=0.5803 ce=1.4985 tv=0.3289 conf=1.3001 grad_norm=4.7013 tensors_with_grad=69/72
[train] step 85: T=644 positions=16 loss=0.1629 ce=0.4355 tv=0.1101 conf=0.4916 grad_norm=1.2945 tensors_with_grad=69/72
[train] step 86: T=621 positions=16 loss=0.2403 ce=0.8166 tv=0.1600 conf=0.7772 grad_norm=2.3879 tensors_with_grad=69/72
[train] step 87: T=641 positions=16 loss=0.6803 ce=1.5963 tv=0.2854 conf=1.4008 grad_norm=5.8178 tensors_with_grad=69/72
[train] step 88: T=528 positions=16 loss=0.4073 ce=0.8138 tv=0.1196 conf=1.2412 grad_norm=2.9387 tensors_with_grad=69/72
[train] step 89: T=602 positions=16 loss=0.8855 ce=1.8093 tv=0.3810 conf=1.1058 grad_norm=3.4319 tensors_with_grad=69/72
[train] step 90: T=538 positions=16 loss=0.8463 ce=2.6041 tv=0.3542 conf=0.9314 grad_norm=5.9528 tensors_with_grad=69/72
[train] step 91: T=538 positions=16 loss=0.0927 ce=0.2226 tv=0.0730 conf=0.4415 grad_norm=0.8673 tensors_with_grad=69/72
[train] step 92: T=542 positions=16 loss=0.1641 ce=0.4100 tv=0.1755 conf=0.8143 grad_norm=2.5552 tensors_with_grad=69/72
[train] step 93: T=673 positions=16 loss=0.9370 ce=2.2452 tv=0.4558 conf=1.2766 grad_norm=6.9796 tensors_with_grad=69/72
[train] step 94: T=597 positions=16 loss=0.6668 ce=1.6740 tv=0.3093 conf=0.8582 grad_norm=3.6140 tensors_with_grad=69/72
[train] step 95: T=537 positions=16 loss=0.4046 ce=0.7880 tv=0.2267 conf=0.5480 grad_norm=3.7289 tensors_with_grad=69/72
[train] step 96: T=533 positions=16 loss=0.0628 ce=0.2832 tv=0.0919 conf=0.4521 grad_norm=1.4953 tensors_with_grad=69/72
[train] step 97: T=674 positions=16 loss=0.8821 ce=1.8293 tv=0.3932 conf=1.1870 grad_norm=8.1443 tensors_with_grad=69/72
[train] step 98: T=550 positions=16 loss=0.0765 ce=0.1931 tv=0.0659 conf=0.4314 grad_norm=1.4089 tensors_with_grad=69/72
[train] step 99: T=621 positions=16 loss=0.6882 ce=1.2629 tv=0.2546 conf=0.7344 grad_norm=5.2573 tensors_with_grad=69/72
[train] step 100: T=535 positions=16 loss=0.9081 ce=1.8029 tv=0.4280 conf=0.9570 grad_norm=4.6064 tensors_with_grad=69/72
[train] step 101: T=526 positions=16 loss=0.8662 ce=2.2264 tv=0.2956 conf=0.6342 grad_norm=8.2969 tensors_with_grad=69/72
[train] step 102: T=987 positions=16 loss=1.3911 ce=2.7405 tv=0.4245 conf=0.7647 grad_norm=4.0978 tensors_with_grad=69/72
[train] step 103: T=673 positions=16 loss=1.1951 ce=2.4474 tv=0.5523 conf=1.2468 grad_norm=3.7289 tensors_with_grad=69/72
[train] step 104: T=532 positions=16 loss=0.8162 ce=2.2010 tv=0.3240 conf=1.4302 grad_norm=4.4581 tensors_with_grad=69/72
[train] step 105: T=675 positions=16 loss=1.0857 ce=2.8241 tv=0.4020 conf=0.9068 grad_norm=6.6177 tensors_with_grad=69/72
[train] step 106: T=553 positions=16 loss=0.7547 ce=1.5633 tv=0.2964 conf=1.1215 grad_norm=6.3543 tensors_with_grad=69/72
[train] step 107: T=673 positions=16 loss=0.8594 ce=2.8602 tv=0.4049 conf=0.8696 grad_norm=9.1212 tensors_with_grad=69/72
[train] step 108: T=526 positions=16 loss=0.5827 ce=1.2643 tv=0.3469 conf=0.5982 grad_norm=5.0258 tensors_with_grad=69/72
[train] step 109: T=533 positions=16 loss=0.5147 ce=1.3799 tv=0.2695 conf=0.6189 grad_norm=4.2116 tensors_with_grad=69/72
[train] step 110: T=1795 positions=16 loss=1.8083 ce=3.5900 tv=0.4908 conf=1.0183 grad_norm=5.6069 tensors_with_grad=69/72
[train] step 111: T=536 positions=16 loss=0.2948 ce=0.7373 tv=0.1831 conf=1.0712 grad_norm=3.0565 tensors_with_grad=69/72
[train] step 112: T=676 positions=16 loss=1.0832 ce=2.3662 tv=0.4362 conf=0.8565 grad_norm=6.4201 tensors_with_grad=69/72
[train] step 113: T=586 positions=16 loss=0.1400 ce=0.6196 tv=0.1327 conf=1.3406 grad_norm=0.8471 tensors_with_grad=69/72
[train] step 114: T=553 positions=16 loss=0.7756 ce=1.7360 tv=0.3467 conf=0.9538 grad_norm=5.4476 tensors_with_grad=69/72
[train] step 115: T=614 positions=16 loss=0.3210 ce=0.7615 tv=0.1643 conf=0.4430 grad_norm=5.6807 tensors_with_grad=69/72
[train] step 116: T=530 positions=16 loss=0.4176 ce=1.0880 tv=0.2532 conf=1.7557 grad_norm=2.3395 tensors_with_grad=69/72
[train] step 117: T=597 positions=16 loss=0.0348 ce=0.1321 tv=0.1096 conf=1.0666 grad_norm=0.2910 tensors_with_grad=69/72
[train] step 118: T=628 positions=16 loss=0.4897 ce=1.3075 tv=0.2865 conf=1.3652 grad_norm=3.9081 tensors_with_grad=69/72
[train] step 119: T=672 positions=16 loss=1.7047 ce=3.2861 tv=0.5770 conf=1.0461 grad_norm=7.8543 tensors_with_grad=69/72
[train] step 120: T=672 positions=16 loss=1.6856 ce=3.3732 tv=0.5426 conf=1.4800 grad_norm=5.8627 tensors_with_grad=69/72
[train] step 121: T=593 positions=16 loss=0.1756 ce=0.5501 tv=0.1290 conf=1.1062 grad_norm=2.4445 tensors_with_grad=69/72
[train] step 122: T=576 positions=16 loss=1.0521 ce=2.3591 tv=0.4400 conf=1.3776 grad_norm=5.4793 tensors_with_grad=69/72
[train] step 123: T=669 positions=16 loss=0.3061 ce=0.7978 tv=0.1616 conf=1.0398 grad_norm=3.1066 tensors_with_grad=69/72
[train] step 124: T=530 positions=16 loss=1.4774 ce=2.9199 tv=0.5781 conf=1.6116 grad_norm=5.0165 tensors_with_grad=69/72
[train] step 125: T=678 positions=16 loss=0.7474 ce=1.3288 tv=0.3566 conf=1.0553 grad_norm=8.0502 tensors_with_grad=69/72
[train] step 126: T=675 positions=16 loss=0.9170 ce=1.9298 tv=0.3366 conf=1.2177 grad_norm=4.1097 tensors_with_grad=69/72
[train] step 127: T=537 positions=16 loss=0.3503 ce=1.1378 tv=0.2008 conf=0.9435 grad_norm=2.3577 tensors_with_grad=69/72
[train] step 128: T=577 positions=16 loss=0.7075 ce=1.3675 tv=0.3090 conf=1.0673 grad_norm=3.5745 tensors_with_grad=69/72
[train] step 129: T=613 positions=16 loss=0.5977 ce=0.9978 tv=0.2075 conf=0.4680 grad_norm=4.0439 tensors_with_grad=69/72
[train] step 130: T=548 positions=16 loss=0.5669 ce=1.1168 tv=0.2008 conf=0.6140 grad_norm=3.9560 tensors_with_grad=69/72
[train] step 131: T=526 positions=16 loss=1.5330 ce=2.6228 tv=0.5539 conf=1.4021 grad_norm=6.8458 tensors_with_grad=69/72
[train] step 132: T=607 positions=16 loss=0.1523 ce=0.6292 tv=0.0951 conf=0.6473 grad_norm=2.8698 tensors_with_grad=69/72
[train] step 133: T=674 positions=16 loss=0.6584 ce=1.5151 tv=0.2698 conf=0.9455 grad_norm=6.3206 tensors_with_grad=69/72
[train] step 134: T=1001 positions=16 loss=1.1894 ce=2.8692 tv=0.4389 conf=2.0264 grad_norm=5.1282 tensors_with_grad=69/72
[train] step 135: T=537 positions=16 loss=1.1310 ce=2.1606 tv=0.3017 conf=0.3995 grad_norm=3.5253 tensors_with_grad=69/72
[train] step 136: T=534 positions=16 loss=0.0707 ce=0.2103 tv=0.0792 conf=0.1923 grad_norm=0.5852 tensors_with_grad=69/72
[train] step 137: T=542 positions=16 loss=0.5309 ce=1.1630 tv=0.2745 conf=0.9509 grad_norm=7.2593 tensors_with_grad=69/72
[train] step 138: T=676 positions=16 loss=1.5654 ce=2.5104 tv=0.5867 conf=1.3731 grad_norm=6.8889 tensors_with_grad=69/72
[train] step 139: T=536 positions=16 loss=0.5316 ce=1.1173 tv=0.1610 conf=0.9787 grad_norm=4.9097 tensors_with_grad=69/72
[train] step 140: T=524 positions=16 loss=1.1974 ce=2.6016 tv=0.4354 conf=0.8764 grad_norm=5.6643 tensors_with_grad=69/72
[train] step 141: T=563 positions=16 loss=0.6962 ce=1.3631 tv=0.2368 conf=0.7354 grad_norm=5.8784 tensors_with_grad=69/72
[train] step 142: T=617 positions=16 loss=0.5243 ce=1.2513 tv=0.2894 conf=1.2763 grad_norm=4.5172 tensors_with_grad=69/72
[train] step 143: T=537 positions=16 loss=0.4282 ce=0.8763 tv=0.2769 conf=1.7609 grad_norm=7.0161 tensors_with_grad=69/72
[train] step 144: T=621 positions=16 loss=0.3785 ce=0.8195 tv=0.2792 conf=1.2469 grad_norm=3.7223 tensors_with_grad=69/72
[train] step 145: T=672 positions=16 loss=0.7908 ce=2.0455 tv=0.3976 conf=2.2056 grad_norm=3.5489 tensors_with_grad=69/72
[train] step 146: T=631 positions=16 loss=0.2763 ce=0.5407 tv=0.1779 conf=1.1821 grad_norm=3.3642 tensors_with_grad=69/72
[train] step 147: T=528 positions=16 loss=0.6580 ce=1.4186 tv=0.2562 conf=2.1460 grad_norm=5.1258 tensors_with_grad=69/72
[train] step 148: T=1043 positions=16 loss=1.5944 ce=3.3843 tv=0.4765 conf=2.0911 grad_norm=8.1596 tensors_with_grad=69/72
[train] step 149: T=584 positions=16 loss=0.5872 ce=1.2947 tv=0.2133 conf=1.0868 grad_norm=3.5534 tensors_with_grad=69/72
[train] step 150: T=656 positions=16 loss=0.7784 ce=1.7340 tv=0.3884 conf=1.6738 grad_norm=4.3600 tensors_with_grad=69/72
[train] step 151: T=673 positions=16 loss=0.9695 ce=2.1452 tv=0.4114 conf=1.1892 grad_norm=3.9507 tensors_with_grad=69/72
[train] step 152: T=532 positions=16 loss=0.3601 ce=1.0461 tv=0.1384 conf=1.0835 grad_norm=4.4584 tensors_with_grad=69/72
[train] step 153: T=629 positions=16 loss=0.2976 ce=0.6449 tv=0.1759 conf=0.9095 grad_norm=2.1721 tensors_with_grad=69/72
[train] step 154: T=546 positions=16 loss=0.8955 ce=2.0323 tv=0.4000 conf=0.7254 grad_norm=5.1026 tensors_with_grad=69/72
[train] step 155: T=576 positions=16 loss=0.5326 ce=1.7180 tv=0.3360 conf=1.2821 grad_norm=4.2490 tensors_with_grad=69/72
[train] step 156: T=607 positions=16 loss=0.4231 ce=1.0597 tv=0.2140 conf=1.2332 grad_norm=5.0540 tensors_with_grad=69/72
[train] step 157: T=582 positions=16 loss=1.0955 ce=2.0336 tv=0.3891 conf=1.2708 grad_norm=7.7199 tensors_with_grad=69/72
[train] step 158: T=919 positions=16 loss=1.3077 ce=2.3181 tv=0.4263 conf=0.8330 grad_norm=4.7109 tensors_with_grad=69/72
[train] step 159: T=531 positions=16 loss=0.3308 ce=0.8626 tv=0.1426 conf=0.4992 grad_norm=3.9930 tensors_with_grad=69/72
[train] step 160: T=650 positions=16 loss=0.2390 ce=0.5487 tv=0.1898 conf=0.6513 grad_norm=2.1366 tensors_with_grad=69/72
[train] step 161: T=1101 positions=16 loss=1.5870 ce=3.2400 tv=0.4942 conf=1.5238 grad_norm=7.5736 tensors_with_grad=69/72
[train] step 162: T=618 positions=16 loss=0.3804 ce=1.0376 tv=0.2645 conf=1.0381 grad_norm=3.2181 tensors_with_grad=69/72
[train] step 163: T=1573 positions=16 loss=1.6971 ce=3.6001 tv=0.4156 conf=0.8197 grad_norm=6.0789 tensors_with_grad=69/72
[train] step 164: T=675 positions=16 loss=0.5429 ce=1.5073 tv=0.2565 conf=0.9204 grad_norm=3.4026 tensors_with_grad=69/72
[train] step 165: T=677 positions=16 loss=0.5231 ce=0.9434 tv=0.2356 conf=0.5511 grad_norm=5.9789 tensors_with_grad=69/72
[train] step 166: T=678 positions=16 loss=1.7488 ce=2.9530 tv=0.5354 conf=0.9684 grad_norm=12.3762 tensors_with_grad=69/72
[train] step 167: T=618 positions=16 loss=0.0769 ce=0.2243 tv=0.1431 conf=0.6724 grad_norm=1.0659 tensors_with_grad=69/72
[train] step 168: T=540 positions=16 loss=0.3243 ce=0.5923 tv=0.1703 conf=0.3746 grad_norm=2.6042 tensors_with_grad=69/72
[train] step 169: T=537 positions=16 loss=0.3006 ce=0.8877 tv=0.1789 conf=0.7342 grad_norm=3.4409 tensors_with_grad=69/72
[train] step 170: T=637 positions=16 loss=0.2903 ce=0.5178 tv=0.1444 conf=0.3852 grad_norm=5.2641 tensors_with_grad=69/72
[train] step 171: T=675 positions=16 loss=0.5772 ce=1.1066 tv=0.2681 conf=0.9041 grad_norm=4.6406 tensors_with_grad=69/72
[train] step 172: T=670 positions=16 loss=0.5867 ce=1.8718 tv=0.3025 conf=1.0607 grad_norm=7.4514 tensors_with_grad=69/72
[train] step 173: T=529 positions=16 loss=0.8847 ce=1.4793 tv=0.3409 conf=0.8801 grad_norm=7.2049 tensors_with_grad=69/72
[train] step 174: T=615 positions=16 loss=0.4916 ce=1.0174 tv=0.1971 conf=0.9936 grad_norm=4.3134 tensors_with_grad=69/72
[train] step 175: T=529 positions=16 loss=1.3562 ce=2.7871 tv=0.5431 conf=1.2638 grad_norm=7.5456 tensors_with_grad=69/72
[train] step 176: T=889 positions=16 loss=0.7656 ce=1.6635 tv=0.2985 conf=1.0697 grad_norm=3.3584 tensors_with_grad=69/72
[train] step 177: T=676 positions=16 loss=0.6546 ce=1.4275 tv=0.3366 conf=1.9846 grad_norm=3.5983 tensors_with_grad=69/72
[train] step 178: T=545 positions=16 loss=0.2820 ce=0.7216 tv=0.1126 conf=0.4490 grad_norm=1.9314 tensors_with_grad=69/72
[train] step 179: T=669 positions=16 loss=0.8034 ce=1.7642 tv=0.3669 conf=1.0643 grad_norm=4.2943 tensors_with_grad=69/72
[train] step 180: T=672 positions=16 loss=0.5209 ce=1.0276 tv=0.2545 conf=1.5090 grad_norm=5.5450 tensors_with_grad=69/72
[train] step 181: T=546 positions=16 loss=0.5670 ce=1.0375 tv=0.3253 conf=0.6809 grad_norm=4.2590 tensors_with_grad=69/72
[train] step 182: T=532 positions=16 loss=0.9133 ce=1.9403 tv=0.3542 conf=0.3800 grad_norm=6.6206 tensors_with_grad=69/72
[train] step 183: T=1190 positions=16 loss=1.5326 ce=3.1190 tv=0.4297 conf=1.9643 grad_norm=5.5378 tensors_with_grad=69/72
[train] step 184: T=611 positions=16 loss=0.7004 ce=1.0661 tv=0.3036 conf=1.1622 grad_norm=5.0348 tensors_with_grad=69/72
[train] step 185: T=526 positions=16 loss=0.2912 ce=0.6008 tv=0.1572 conf=0.7694 grad_norm=2.7017 tensors_with_grad=69/72
[train] step 186: T=673 positions=16 loss=1.8506 ce=3.5489 tv=0.5955 conf=2.0703 grad_norm=7.3625 tensors_with_grad=69/72
[train] step 187: T=539 positions=16 loss=0.2557 ce=0.5528 tv=0.1495 conf=0.5184 grad_norm=1.6569 tensors_with_grad=69/72
[train] step 188: T=526 positions=16 loss=0.6860 ce=2.1962 tv=0.2795 conf=1.6203 grad_norm=5.7760 tensors_with_grad=69/72
[train] step 189: T=675 positions=16 loss=0.5626 ce=1.1894 tv=0.2942 conf=2.1570 grad_norm=3.8373 tensors_with_grad=69/72
[train] step 190: T=552 positions=16 loss=0.8145 ce=2.3225 tv=0.1563 conf=0.8255 grad_norm=2.7687 tensors_with_grad=69/72
[train] step 191: T=616 positions=16 loss=1.0772 ce=1.9704 tv=0.4111 conf=1.6480 grad_norm=17.7939 tensors_with_grad=69/72
[train] step 192: T=528 positions=16 loss=1.3030 ce=2.4370 tv=0.4675 conf=1.5017 grad_norm=6.0032 tensors_with_grad=69/72
[train] step 193: T=525 positions=16 loss=1.8644 ce=3.5233 tv=0.5829 conf=1.8637 grad_norm=6.3817 tensors_with_grad=69/72
[train] step 194: T=675 positions=16 loss=0.8299 ce=1.8491 tv=0.3708 conf=1.3999 grad_norm=3.4902 tensors_with_grad=69/72
[train] step 195: T=611 positions=16 loss=0.7121 ce=1.6344 tv=0.2764 conf=1.0150 grad_norm=8.1674 tensors_with_grad=69/72
[train] step 196: T=594 positions=16 loss=1.6219 ce=3.2181 tv=0.4909 conf=1.6563 grad_norm=8.3493 tensors_with_grad=69/72
[train] step 197: T=654 positions=16 loss=1.0429 ce=2.0281 tv=0.3620 conf=1.1055 grad_norm=6.6046 tensors_with_grad=69/72
[train] step 198: T=539 positions=16 loss=0.2811 ce=0.6011 tv=0.1225 conf=0.5924 grad_norm=3.6844 tensors_with_grad=69/72
[train] step 199: T=529 positions=16 loss=0.7769 ce=2.3074 tv=0.2993 conf=1.6777 grad_norm=5.4064 tensors_with_grad=69/72
[train] step 200: T=631 positions=16 loss=0.8506 ce=2.6452 tv=0.3130 conf=1.2990 grad_norm=8.3445 tensors_with_grad=69/72
[train] step 201: T=533 positions=16 loss=0.4454 ce=0.7848 tv=0.1835 conf=0.9548 grad_norm=3.3816 tensors_with_grad=69/72
[train] step 202: T=537 positions=16 loss=0.4244 ce=0.9366 tv=0.1548 conf=0.6299 grad_norm=4.4714 tensors_with_grad=69/72
[train] step 203: T=525 positions=16 loss=1.8163 ce=3.5073 tv=0.6135 conf=2.7513 grad_norm=10.3510 tensors_with_grad=69/72
[train] step 204: T=851 positions=16 loss=0.9864 ce=2.1121 tv=0.4228 conf=1.8201 grad_norm=8.3049 tensors_with_grad=69/72
[train] step 205: T=551 positions=16 loss=0.6987 ce=1.2807 tv=0.2932 conf=1.7155 grad_norm=5.8661 tensors_with_grad=69/72
[train] step 206: T=897 positions=16 loss=1.3666 ce=3.3515 tv=0.4250 conf=2.1958 grad_norm=5.6502 tensors_with_grad=69/72
[train] step 207: T=603 positions=16 loss=0.0798 ce=0.3227 tv=0.1180 conf=1.1572 grad_norm=1.9988 tensors_with_grad=69/72
[train] step 208: T=578 positions=16 loss=1.5182 ce=3.3644 tv=0.5051 conf=1.3093 grad_norm=7.7666 tensors_with_grad=69/72
[train] step 209: T=532 positions=16 loss=0.3762 ce=0.9023 tv=0.2036 conf=1.9583 grad_norm=2.7049 tensors_with_grad=69/72
[train] step 210: T=675 positions=16 loss=0.3767 ce=0.9701 tv=0.2203 conf=1.4713 grad_norm=3.4783 tensors_with_grad=69/72
[train] step 211: T=536 positions=16 loss=0.5787 ce=1.1216 tv=0.1783 conf=0.3912 grad_norm=3.9692 tensors_with_grad=69/72
[train] step 212: T=526 positions=16 loss=1.0579 ce=1.9640 tv=0.3971 conf=1.8453 grad_norm=4.3172 tensors_with_grad=69/72
[train] step 213: T=530 positions=16 loss=0.6517 ce=1.2335 tv=0.3238 conf=3.4014 grad_norm=7.7372 tensors_with_grad=69/72
[train] step 214: T=527 positions=16 loss=1.6954 ce=3.4282 tv=0.5131 conf=2.1344 grad_norm=8.1138 tensors_with_grad=69/72
[train] step 215: T=535 positions=16 loss=0.2763 ce=0.3840 tv=0.1114 conf=0.5340 grad_norm=5.9049 tensors_with_grad=69/72
[train] step 216: T=531 positions=16 loss=0.9659 ce=2.0878 tv=0.4293 conf=1.7672 grad_norm=5.0720 tensors_with_grad=69/72
[train] step 217: T=536 positions=16 loss=0.2953 ce=0.4836 tv=0.1369 conf=0.3192 grad_norm=5.5698 tensors_with_grad=69/72
[train] step 218: T=585 positions=16 loss=0.4506 ce=1.1179 tv=0.2763 conf=1.5468 grad_norm=5.4792 tensors_with_grad=69/72
[train] step 219: T=524 positions=16 loss=1.1488 ce=2.2418 tv=0.4831 conf=1.6021 grad_norm=3.8869 tensors_with_grad=69/72
[train] step 220: T=562 positions=16 loss=0.4824 ce=0.9622 tv=0.2668 conf=2.3449 grad_norm=7.0130 tensors_with_grad=69/72
[train] step 221: T=1482 positions=16 loss=1.6459 ce=3.3397 tv=0.4490 conf=3.0704 grad_norm=5.9512 tensors_with_grad=69/72
[train] step 222: T=669 positions=16 loss=0.7488 ce=1.4651 tv=0.3740 conf=0.9863 grad_norm=4.4647 tensors_with_grad=69/72
[train] step 223: T=591 positions=16 loss=0.1503 ce=0.5299 tv=0.1687 conf=2.2562 grad_norm=2.2282 tensors_with_grad=69/72
[train] step 224: T=524 positions=16 loss=0.9419 ce=2.1264 tv=0.4348 conf=2.9070 grad_norm=4.9660 tensors_with_grad=69/72
[train] step 225: T=532 positions=16 loss=0.4981 ce=1.0181 tv=0.2725 conf=1.5849 grad_norm=3.0132 tensors_with_grad=69/72
[train] step 226: T=672 positions=16 loss=0.8527 ce=1.7223 tv=0.3851 conf=2.0838 grad_norm=5.6344 tensors_with_grad=69/72
[train] step 227: T=534 positions=16 loss=0.6663 ce=1.4613 tv=0.3609 conf=1.9286 grad_norm=4.9645 tensors_with_grad=69/72
[train] step 228: T=1014 positions=16 loss=1.1538 ce=2.5420 tv=0.4199 conf=2.0609 grad_norm=4.0020 tensors_with_grad=69/72
[train] step 229: T=675 positions=16 loss=0.6048 ce=1.5739 tv=0.2677 conf=1.2985 grad_norm=7.5190 tensors_with_grad=69/72
[train] step 230: T=647 positions=16 loss=0.8485 ce=2.0820 tv=0.4134 conf=2.3560 grad_norm=12.1293 tensors_with_grad=69/72
[train] step 231: T=596 positions=16 loss=0.3366 ce=0.6623 tv=0.2179 conf=1.1960 grad_norm=3.0529 tensors_with_grad=69/72
[train] step 232: T=674 positions=16 loss=1.0419 ce=2.4534 tv=0.4441 conf=1.5428 grad_norm=6.3882 tensors_with_grad=69/72
[train] step 233: T=858 positions=16 loss=0.5958 ce=1.3755 tv=0.2869 conf=0.8828 grad_norm=2.8001 tensors_with_grad=69/72
[train] step 234: T=597 positions=16 loss=0.3541 ce=0.9088 tv=0.2515 conf=0.9277 grad_norm=6.4367 tensors_with_grad=69/72
[train] step 235: T=604 positions=16 loss=0.5034 ce=1.2208 tv=0.2689 conf=1.1679 grad_norm=4.2608 tensors_with_grad=69/72
[train] step 236: T=589 positions=16 loss=0.2054 ce=0.3572 tv=0.1383 conf=0.5819 grad_norm=5.4964 tensors_with_grad=69/72
[train] step 237: T=623 positions=16 loss=0.2606 ce=0.8703 tv=0.1867 conf=2.4119 grad_norm=2.6499 tensors_with_grad=69/72
[train] step 238: T=884 positions=16 loss=1.6872 ce=3.3402 tv=0.4335 conf=0.9866 grad_norm=11.5014 tensors_with_grad=69/72
[train] step 239: T=673 positions=16 loss=0.7504 ce=1.8259 tv=0.3416 conf=0.9950 grad_norm=3.4310 tensors_with_grad=69/72
[train] step 240: T=540 positions=16 loss=0.1471 ce=0.3580 tv=0.0904 conf=0.7386 grad_norm=2.4788 tensors_with_grad=69/72
[train] step 241: T=1324 positions=16 loss=1.9943 ce=3.7747 tv=0.4449 conf=0.7685 grad_norm=6.3685 tensors_with_grad=69/72
[train] step 242: T=677 positions=16 loss=1.0153 ce=2.0141 tv=0.3946 conf=1.3744 grad_norm=4.2536 tensors_with_grad=69/72
[train] step 243: T=615 positions=16 loss=1.0071 ce=2.1681 tv=0.4212 conf=1.4301 grad_norm=6.6219 tensors_with_grad=69/72
[train] step 244: T=1500 positions=16 loss=1.3054 ce=2.9011 tv=0.4350 conf=0.8190 grad_norm=7.2386 tensors_with_grad=69/72
[train] step 245: T=672 positions=16 loss=1.6914 ce=3.1062 tv=0.5522 conf=1.1826 grad_norm=4.3229 tensors_with_grad=69/72
[train] step 246: T=561 positions=16 loss=0.4518 ce=0.8128 tv=0.1733 conf=0.8619 grad_norm=2.5546 tensors_with_grad=69/72
[train] step 247: T=610 positions=16 loss=0.7387 ce=1.4497 tv=0.3296 conf=0.9807 grad_norm=3.5961 tensors_with_grad=69/72
[train] step 248: T=535 positions=16 loss=0.4300 ce=1.4683 tv=0.2343 conf=0.6751 grad_norm=2.1058 tensors_with_grad=69/72
[train] step 249: T=587 positions=16 loss=0.1008 ce=0.4572 tv=0.1587 conf=0.7945 grad_norm=1.6811 tensors_with_grad=69/72
[train] step 250: T=633 positions=16 loss=0.1301 ce=0.2462 tv=0.1270 conf=0.5534 grad_norm=1.6371 tensors_with_grad=69/72
[train] step 251: T=677 positions=16 loss=0.5587 ce=1.5976 tv=0.3196 conf=1.4017 grad_norm=9.4926 tensors_with_grad=69/72
[train] step 252: T=598 positions=16 loss=0.3075 ce=0.5666 tv=0.2333 conf=1.4096 grad_norm=4.9012 tensors_with_grad=69/72
[train] step 253: T=654 positions=16 loss=1.3300 ce=2.3121 tv=0.4697 conf=1.0937 grad_norm=6.4007 tensors_with_grad=69/72
[train] step 254: T=546 positions=16 loss=0.4352 ce=1.0181 tv=0.0905 conf=1.3016 grad_norm=2.9113 tensors_with_grad=69/72
[train] step 255: T=617 positions=16 loss=0.3272 ce=0.8929 tv=0.2589 conf=1.0629 grad_norm=5.6862 tensors_with_grad=69/72
[train] step 256: T=537 positions=16 loss=0.0508 ce=0.2201 tv=0.0873 conf=0.5367 grad_norm=0.2962 tensors_with_grad=69/72
[train] step 257: T=649 positions=16 loss=1.0246 ce=2.1003 tv=0.4646 conf=1.2121 grad_norm=4.5209 tensors_with_grad=69/72
[train] step 258: T=676 positions=16 loss=0.9197 ce=1.7484 tv=0.3290 conf=1.0604 grad_norm=9.9967 tensors_with_grad=69/72
[train] step 259: T=672 positions=16 loss=1.2354 ce=2.4350 tv=0.4825 conf=1.7724 grad_norm=5.0753 tensors_with_grad=69/72
[train] step 260: T=665 positions=16 loss=0.2801 ce=0.7204 tv=0.1842 conf=0.7008 grad_norm=2.4828 tensors_with_grad=69/72
[train] step 261: T=542 positions=16 loss=0.4366 ce=0.9116 tv=0.1576 conf=0.8800 grad_norm=2.3922 tensors_with_grad=69/72
[train] step 262: T=526 positions=16 loss=1.2938 ce=2.3995 tv=0.4287 conf=1.0498 grad_norm=5.5684 tensors_with_grad=69/72
[train] step 263: T=570 positions=16 loss=0.3427 ce=0.7458 tv=0.1270 conf=0.9441 grad_norm=3.8142 tensors_with_grad=69/72
[train] step 264: T=673 positions=16 loss=0.1849 ce=0.9630 tv=0.1996 conf=1.3482 grad_norm=1.8452 tensors_with_grad=69/72
[train] step 265: T=1148 positions=16 loss=1.3584 ce=2.8122 tv=0.3982 conf=1.1860 grad_norm=5.9745 tensors_with_grad=69/72
[train] step 266: T=675 positions=16 loss=0.7937 ce=1.4601 tv=0.3113 conf=0.7547 grad_norm=9.9701 tensors_with_grad=69/72
[train] step 267: T=609 positions=16 loss=0.4332 ce=0.8079 tv=0.2402 conf=1.5546 grad_norm=2.7738 tensors_with_grad=69/72
[train] step 268: T=528 positions=16 loss=1.1802 ce=2.1421 tv=0.3917 conf=0.8333 grad_norm=11.5529 tensors_with_grad=69/72
[train] step 269: T=547 positions=16 loss=0.3651 ce=0.7423 tv=0.2184 conf=0.9820 grad_norm=3.8853 tensors_with_grad=69/72
[train] step 270: T=529 positions=16 loss=0.4512 ce=0.7932 tv=0.1585 conf=0.9458 grad_norm=2.1781 tensors_with_grad=69/72
[train] step 271: T=550 positions=16 loss=0.9504 ce=1.4431 tv=0.3243 conf=0.5739 grad_norm=11.0278 tensors_with_grad=69/72
[train] step 272: T=639 positions=16 loss=0.7419 ce=1.6223 tv=0.3565 conf=1.1854 grad_norm=6.4511 tensors_with_grad=69/72
[train] step 273: T=615 positions=16 loss=0.5129 ce=1.1789 tv=0.2208 conf=1.2421 grad_norm=2.7156 tensors_with_grad=69/72
[train] step 274: T=536 positions=16 loss=0.0426 ce=0.1326 tv=0.0479 conf=0.2862 grad_norm=0.6918 tensors_with_grad=69/72
[train] step 275: T=534 positions=16 loss=0.3368 ce=0.8154 tv=0.1525 conf=1.2584 grad_norm=3.0243 tensors_with_grad=69/72
[train] step 276: T=538 positions=16 loss=1.4960 ce=2.5628 tv=0.5445 conf=1.2553 grad_norm=6.7229 tensors_with_grad=69/72
[train] step 277: T=525 positions=16 loss=0.7462 ce=1.3927 tv=0.2992 conf=0.8235 grad_norm=4.2780 tensors_with_grad=69/72
[train] step 278: T=671 positions=16 loss=1.8517 ce=3.4542 tv=0.5813 conf=1.5562 grad_norm=5.7498 tensors_with_grad=69/72
[train] step 279: T=536 positions=16 loss=0.2799 ce=0.9676 tv=0.1909 conf=0.9120 grad_norm=4.8656 tensors_with_grad=69/72
[train] step 280: T=532 positions=16 loss=0.3336 ce=0.6717 tv=0.2222 conf=1.7538 grad_norm=4.1110 tensors_with_grad=69/72
[train] step 281: T=553 positions=16 loss=0.7024 ce=1.1213 tv=0.2014 conf=0.6991 grad_norm=4.4273 tensors_with_grad=69/72
[train] step 282: T=673 positions=16 loss=1.7010 ce=3.2259 tv=0.5138 conf=0.8671 grad_norm=8.6698 tensors_with_grad=69/72
[train] step 283: T=1324 positions=16 loss=2.0915 ce=4.1913 tv=0.5073 conf=1.8118 grad_norm=4.7298 tensors_with_grad=69/72
[train] step 284: T=642 positions=16 loss=0.7935 ce=1.4101 tv=0.3080 conf=1.8192 grad_norm=6.4116 tensors_with_grad=69/72
[train] step 285: T=548 positions=16 loss=0.5344 ce=1.2184 tv=0.1607 conf=1.0356 grad_norm=2.5248 tensors_with_grad=69/72
[train] step 286: T=642 positions=16 loss=1.0762 ce=1.9369 tv=0.4379 conf=1.3091 grad_norm=8.9167 tensors_with_grad=69/72
[train] step 287: T=528 positions=16 loss=1.2033 ce=2.2323 tv=0.4775 conf=1.7847 grad_norm=3.0703 tensors_with_grad=69/72
[train] step 288: T=537 positions=16 loss=0.2168 ce=0.7886 tv=0.1526 conf=1.0628 grad_norm=1.4605 tensors_with_grad=69/72
[train] step 289: T=672 positions=16 loss=0.9397 ce=1.6106 tv=0.3254 conf=1.1196 grad_norm=5.4741 tensors_with_grad=69/72
[train] step 290: T=526 positions=16 loss=0.3801 ce=0.7970 tv=0.1871 conf=0.7797 grad_norm=4.5855 tensors_with_grad=69/72
[train] step 291: T=538 positions=16 loss=0.6524 ce=1.4127 tv=0.3636 conf=2.9515 grad_norm=4.5859 tensors_with_grad=69/72
[train] step 292: T=527 positions=16 loss=0.5716 ce=1.2765 tv=0.3262 conf=2.3469 grad_norm=4.3448 tensors_with_grad=69/72
[train] step 293: T=526 positions=16 loss=0.5946 ce=1.1099 tv=0.2145 conf=2.0541 grad_norm=3.8555 tensors_with_grad=69/72
[train] step 294: T=529 positions=16 loss=0.2712 ce=0.6860 tv=0.1544 conf=1.0889 grad_norm=1.5930 tensors_with_grad=69/72
[train] step 295: T=968 positions=16 loss=1.4229 ce=2.9342 tv=0.4860 conf=2.2118 grad_norm=4.6799 tensors_with_grad=69/72
[train] step 296: T=1360 positions=16 loss=2.2517 ce=4.3934 tv=0.5206 conf=1.9412 grad_norm=7.9258 tensors_with_grad=69/72
[train] step 297: T=672 positions=16 loss=1.6440 ce=2.8993 tv=0.5224 conf=2.1768 grad_norm=4.0400 tensors_with_grad=69/72
[train] step 298: T=582 positions=16 loss=1.1633 ce=2.5583 tv=0.3789 conf=1.7828 grad_norm=4.0433 tensors_with_grad=69/72
[train] step 299: T=613 positions=16 loss=0.6830 ce=1.4138 tv=0.3834 conf=2.4015 grad_norm=6.3623 tensors_with_grad=69/72
[train] step 300: T=646 positions=16 loss=1.1985 ce=2.1817 tv=0.4754 conf=2.1219 grad_norm=5.7045 tensors_with_grad=69/72
[train] step 301: T=672 positions=16 loss=1.2580 ce=2.6982 tv=0.5162 conf=3.1044 grad_norm=4.2487 tensors_with_grad=69/72
[train] step 302: T=535 positions=16 loss=1.0453 ce=2.5974 tv=0.3779 conf=3.0074 grad_norm=5.0281 tensors_with_grad=69/72
[train] step 303: T=537 positions=16 loss=0.5291 ce=1.3356 tv=0.2677 conf=1.3474 grad_norm=7.5550 tensors_with_grad=69/72
[train] step 304: T=1797 positions=16 loss=1.5997 ce=3.3268 tv=0.4621 conf=2.6534 grad_norm=10.2553 tensors_with_grad=69/72
[train] step 305: T=527 positions=16 loss=1.1266 ce=2.0372 tv=0.4753 conf=1.4205 grad_norm=4.9803 tensors_with_grad=69/72
[train] step 306: T=544 positions=16 loss=0.1065 ce=0.4113 tv=0.0940 conf=0.8210 grad_norm=1.7659 tensors_with_grad=69/72
[train] step 307: T=675 positions=16 loss=0.4486 ce=1.1739 tv=0.2229 conf=1.7317 grad_norm=6.6377 tensors_with_grad=69/72
[train] step 308: T=525 positions=16 loss=1.1954 ce=1.9662 tv=0.4820 conf=1.7692 grad_norm=4.2989 tensors_with_grad=69/72
[train] step 309: T=583 positions=16 loss=0.1111 ce=0.3975 tv=0.0985 conf=0.6396 grad_norm=2.3740 tensors_with_grad=69/72
[train] step 310: T=620 positions=16 loss=0.6443 ce=1.3733 tv=0.2807 conf=1.8044 grad_norm=5.4843 tensors_with_grad=69/72
[train] step 311: T=538 positions=16 loss=0.3002 ce=0.5634 tv=0.1262 conf=0.3355 grad_norm=4.8020 tensors_with_grad=69/72
[train] step 312: T=637 positions=16 loss=0.0777 ce=0.2079 tv=0.1280 conf=1.1089 grad_norm=2.0136 tensors_with_grad=69/72
[train] step 313: T=658 positions=16 loss=0.6950 ce=1.5388 tv=0.3807 conf=2.3242 grad_norm=3.8623 tensors_with_grad=69/72
[train] step 314: T=609 positions=16 loss=0.3745 ce=1.1801 tv=0.2326 conf=1.3991 grad_norm=2.8370 tensors_with_grad=69/72
[train] step 315: T=903 positions=16 loss=1.8582 ce=3.7638 tv=0.4914 conf=2.2363 grad_norm=7.2681 tensors_with_grad=69/72
[train] step 316: T=524 positions=16 loss=1.0666 ce=1.9674 tv=0.4399 conf=1.3064 grad_norm=6.6114 tensors_with_grad=69/72
[train] step 317: T=829 positions=16 loss=1.1937 ce=2.1959 tv=0.3073 conf=0.6086 grad_norm=3.7077 tensors_with_grad=69/72
[train] step 318: T=875 positions=16 loss=1.1763 ce=2.3017 tv=0.3309 conf=1.0944 grad_norm=4.1531 tensors_with_grad=69/72
[train] step 319: T=533 positions=16 loss=1.1690 ce=2.0537 tv=0.3492 conf=0.4407 grad_norm=4.2740 tensors_with_grad=69/72
[train] step 320: T=675 positions=16 loss=0.5256 ce=1.4905 tv=0.3099 conf=2.4293 grad_norm=3.0563 tensors_with_grad=69/72
[train] step 321: T=672 positions=16 loss=0.9851 ce=1.9349 tv=0.3070 conf=1.6182 grad_norm=3.7662 tensors_with_grad=69/72
[train] step 322: T=672 positions=16 loss=0.1887 ce=0.4352 tv=0.1744 conf=1.8285 grad_norm=3.3260 tensors_with_grad=69/72
[train] step 323: T=1087 positions=16 loss=0.8937 ce=1.6004 tv=0.3408 conf=1.4343 grad_norm=5.8806 tensors_with_grad=69/72
[train] step 324: T=672 positions=16 loss=1.2022 ce=2.5493 tv=0.3545 conf=1.3284 grad_norm=11.0854 tensors_with_grad=69/72
[train] step 325: T=854 positions=16 loss=1.9102 ce=3.9484 tv=0.4895 conf=1.9456 grad_norm=9.7165 tensors_with_grad=69/72
[train] step 326: T=609 positions=16 loss=0.3035 ce=0.6802 tv=0.2091 conf=1.1881 grad_norm=2.9135 tensors_with_grad=69/72
[train] step 327: T=545 positions=16 loss=0.5298 ce=1.2194 tv=0.2528 conf=1.4965 grad_norm=3.8310 tensors_with_grad=69/72
[train] step 328: T=634 positions=16 loss=0.4934 ce=1.3433 tv=0.4006 conf=1.6136 grad_norm=3.0688 tensors_with_grad=69/72
[train] step 329: T=649 positions=16 loss=0.7988 ce=1.5608 tv=0.3175 conf=1.3594 grad_norm=6.2962 tensors_with_grad=69/72
[train] step 330: T=675 positions=16 loss=0.6653 ce=1.5793 tv=0.3078 conf=2.9100 grad_norm=4.4340 tensors_with_grad=69/72
[train] step 331: T=560 positions=16 loss=0.1848 ce=0.5302 tv=0.1276 conf=0.8135 grad_norm=2.0037 tensors_with_grad=69/72
[train] step 332: T=535 positions=16 loss=0.1033 ce=0.2461 tv=0.0845 conf=0.4800 grad_norm=1.2149 tensors_with_grad=69/72
[train] step 333: T=532 positions=16 loss=0.3437 ce=0.7085 tv=0.1545 conf=0.3222 grad_norm=1.0825 tensors_with_grad=69/72
[train] step 334: T=903 positions=16 loss=0.7998 ce=1.5464 tv=0.3263 conf=1.1254 grad_norm=6.0115 tensors_with_grad=69/72
[train] step 335: T=621 positions=16 loss=0.4194 ce=0.9758 tv=0.2406 conf=1.2395 grad_norm=4.4848 tensors_with_grad=69/72
[train] step 336: T=903 positions=16 loss=1.2160 ce=2.4575 tv=0.3098 conf=0.9955 grad_norm=6.7013 tensors_with_grad=69/72
[train] step 337: T=539 positions=16 loss=0.3107 ce=0.7329 tv=0.1547 conf=1.1509 grad_norm=8.2362 tensors_with_grad=69/72
[train] step 338: T=553 positions=16 loss=0.5526 ce=0.9436 tv=0.1604 conf=0.6983 grad_norm=3.5542 tensors_with_grad=69/72
[train] step 339: T=546 positions=16 loss=1.2619 ce=2.5759 tv=0.5430 conf=3.3574 grad_norm=5.5994 tensors_with_grad=69/72
[train] step 340: T=597 positions=16 loss=0.3601 ce=0.9884 tv=0.2153 conf=1.1417 grad_norm=2.0782 tensors_with_grad=69/72
[train] step 341: T=942 positions=16 loss=1.2964 ce=2.7535 tv=0.3744 conf=1.6630 grad_norm=6.0573 tensors_with_grad=69/72
[train] step 342: T=672 positions=16 loss=1.0166 ce=2.2498 tv=0.4332 conf=0.9930 grad_norm=4.9584 tensors_with_grad=69/72
[train] step 343: T=527 positions=16 loss=0.7525 ce=1.7096 tv=0.3756 conf=2.0163 grad_norm=5.5701 tensors_with_grad=69/72
[train] step 344: T=589 positions=16 loss=0.0856 ce=0.2923 tv=0.1090 conf=0.4535 grad_norm=0.7236 tensors_with_grad=69/72
[train] step 345: T=541 positions=16 loss=0.6776 ce=1.4121 tv=0.3471 conf=2.3798 grad_norm=4.4408 tensors_with_grad=69/72
[train] step 346: T=581 positions=16 loss=0.1612 ce=0.4113 tv=0.1520 conf=1.4021 grad_norm=1.5472 tensors_with_grad=69/72
[train] step 347: T=678 positions=16 loss=0.4519 ce=1.1948 tv=0.2711 conf=1.5697 grad_norm=2.3892 tensors_with_grad=69/72
[train] step 348: T=673 positions=16 loss=1.7898 ce=3.1807 tv=0.5629 conf=1.6100 grad_norm=8.3863 tensors_with_grad=69/72
[train] step 349: T=628 positions=16 loss=0.2789 ce=0.6368 tv=0.1604 conf=1.3420 grad_norm=2.9173 tensors_with_grad=69/72
[train] step 350: T=661 positions=16 loss=0.9270 ce=2.0019 tv=0.3874 conf=1.6753 grad_norm=4.5367 tensors_with_grad=69/72
[train] step 351: T=544 positions=16 loss=0.2877 ce=0.8409 tv=0.2480 conf=1.1782 grad_norm=3.4200 tensors_with_grad=69/72
[train] step 352: T=538 positions=16 loss=0.1786 ce=0.4179 tv=0.1126 conf=0.7163 grad_norm=3.7343 tensors_with_grad=69/72
[train] step 353: T=539 positions=16 loss=0.0728 ce=0.2709 tv=0.0832 conf=0.8394 grad_norm=0.9133 tensors_with_grad=69/72
[train] step 354: T=1009 positions=16 loss=2.1255 ce=4.0258 tv=0.4662 conf=1.4033 grad_norm=6.2960 tensors_with_grad=69/72
[train] step 355: T=531 positions=16 loss=0.9045 ce=1.7226 tv=0.2886 conf=1.3947 grad_norm=6.9471 tensors_with_grad=69/72
[train] step 356: T=537 positions=16 loss=0.0475 ce=0.1738 tv=0.0529 conf=0.5633 grad_norm=0.6924 tensors_with_grad=69/72
[train] step 357: T=531 positions=16 loss=1.1114 ce=2.0247 tv=0.3381 conf=0.5534 grad_norm=5.6071 tensors_with_grad=69/72
[train] step 358: T=629 positions=16 loss=0.8268 ce=1.4155 tv=0.3752 conf=1.3283 grad_norm=7.7470 tensors_with_grad=69/72
[train] step 359: T=674 positions=16 loss=0.9987 ce=2.0253 tv=0.3933 conf=1.8659 grad_norm=4.9294 tensors_with_grad=69/72
[train] step 360: T=674 positions=16 loss=0.2123 ce=0.4587 tv=0.1872 conf=1.0917 grad_norm=2.4650 tensors_with_grad=69/72
[train] step 361: T=548 positions=16 loss=0.1416 ce=0.3702 tv=0.1625 conf=1.8532 grad_norm=3.6922 tensors_with_grad=69/72
[train] step 362: T=539 positions=16 loss=0.3100 ce=0.7304 tv=0.2319 conf=1.7552 grad_norm=3.1964 tensors_with_grad=69/72
[train] step 363: T=672 positions=16 loss=1.4151 ce=2.7479 tv=0.5169 conf=1.7183 grad_norm=5.0617 tensors_with_grad=69/72
[train] step 364: T=639 positions=16 loss=0.4375 ce=0.8477 tv=0.2868 conf=1.3058 grad_norm=6.9589 tensors_with_grad=69/72
[train] step 365: T=672 positions=16 loss=1.1502 ce=1.7190 tv=0.4936 conf=1.7357 grad_norm=11.2380 tensors_with_grad=69/72
[train] step 366: T=539 positions=16 loss=0.3173 ce=0.8179 tv=0.1896 conf=0.8121 grad_norm=5.0370 tensors_with_grad=69/72
[train] step 367: T=591 positions=16 loss=1.3315 ce=2.4913 tv=0.4919 conf=1.5603 grad_norm=5.0520 tensors_with_grad=69/72
[train] step 368: T=584 positions=16 loss=0.2296 ce=0.6782 tv=0.1874 conf=1.0898 grad_norm=1.5963 tensors_with_grad=69/72
[train] step 369: T=591 positions=16 loss=0.4225 ce=0.6472 tv=0.2498 conf=1.2452 grad_norm=6.4660 tensors_with_grad=69/72
[train] step 370: T=568 positions=16 loss=1.5594 ce=2.9225 tv=0.4754 conf=1.9762 grad_norm=7.4679 tensors_with_grad=69/72
[train] step 371: T=538 positions=16 loss=0.6719 ce=1.4487 tv=0.2873 conf=2.0661 grad_norm=4.3556 tensors_with_grad=69/72
[train] step 372: T=598 positions=16 loss=0.3540 ce=0.7195 tv=0.1465 conf=0.4509 grad_norm=3.2001 tensors_with_grad=69/72
[train] step 373: T=528 positions=16 loss=0.5102 ce=0.8708 tv=0.1657 conf=0.5166 grad_norm=2.5206 tensors_with_grad=69/72
[train] step 374: T=527 positions=16 loss=0.3615 ce=0.9259 tv=0.2585 conf=2.5864 grad_norm=4.5066 tensors_with_grad=69/72
[train] step 375: T=559 positions=16 loss=0.8923 ce=1.9454 tv=0.2242 conf=0.6897 grad_norm=11.8187 tensors_with_grad=69/72
[train] step 376: T=525 positions=16 loss=0.4205 ce=0.9905 tv=0.2048 conf=2.3873 grad_norm=3.3291 tensors_with_grad=69/72
[train] step 377: T=539 positions=16 loss=0.7590 ce=1.2302 tv=0.2427 conf=0.9997 grad_norm=5.8561 tensors_with_grad=69/72
[train] step 378: T=1627 positions=16 loss=1.3458 ce=2.7607 tv=0.4715 conf=2.5836 grad_norm=7.2017 tensors_with_grad=69/72
[train] step 379: T=565 positions=16 loss=0.5635 ce=1.1066 tv=0.2739 conf=2.0979 grad_norm=5.8585 tensors_with_grad=69/72
[train] step 380: T=613 positions=16 loss=0.2461 ce=0.8719 tv=0.2342 conf=1.1578 grad_norm=3.8689 tensors_with_grad=69/72
[train] step 381: T=573 positions=16 loss=0.0570 ce=0.2032 tv=0.1022 conf=2.0790 grad_norm=1.6355 tensors_with_grad=69/72
[train] step 382: T=676 positions=16 loss=0.5546 ce=1.1318 tv=0.2754 conf=3.1067 grad_norm=3.5179 tensors_with_grad=69/72
[train] step 383: T=870 positions=16 loss=1.0070 ce=2.2019 tv=0.2851 conf=3.6053 grad_norm=3.8955 tensors_with_grad=69/72
[train] step 384: T=640 positions=16 loss=1.3046 ce=2.4643 tv=0.4638 conf=2.1047 grad_norm=3.9574 tensors_with_grad=69/72
[train] step 385: T=659 positions=16 loss=1.0126 ce=1.8030 tv=0.4439 conf=3.0829 grad_norm=5.0780 tensors_with_grad=69/72
[train] step 386: T=615 positions=16 loss=0.3511 ce=1.1515 tv=0.2393 conf=1.5375 grad_norm=4.9891 tensors_with_grad=69/72
[train] step 387: T=526 positions=16 loss=1.1264 ce=2.3142 tv=0.4669 conf=1.6112 grad_norm=3.8116 tensors_with_grad=69/72
[train] step 388: T=1042 positions=16 loss=1.2531 ce=2.5241 tv=0.3098 conf=1.2415 grad_norm=3.8656 tensors_with_grad=69/72
[train] step 389: T=581 positions=16 loss=0.5696 ce=1.7862 tv=0.2269 conf=2.3033 grad_norm=6.2590 tensors_with_grad=69/72
[train] step 390: T=946 positions=16 loss=1.3598 ce=2.5823 tv=0.3997 conf=2.4848 grad_norm=4.8738 tensors_with_grad=69/72
[train] step 391: T=669 positions=16 loss=0.8766 ce=1.6226 tv=0.3921 conf=2.3879 grad_norm=5.4511 tensors_with_grad=69/72
[train] step 392: T=959 positions=16 loss=1.1025 ce=2.1334 tv=0.4092 conf=3.0558 grad_norm=4.5419 tensors_with_grad=69/72
[train] step 393: T=538 positions=16 loss=1.1081 ce=1.8879 tv=0.4258 conf=2.1210 grad_norm=8.4508 tensors_with_grad=69/72
[train] step 394: T=538 positions=16 loss=0.0760 ce=0.2762 tv=0.0927 conf=0.4776 grad_norm=2.9154 tensors_with_grad=69/72
[train] step 395: T=564 positions=16 loss=1.6798 ce=3.0168 tv=0.5413 conf=2.6483 grad_norm=10.2028 tensors_with_grad=69/72
[train] step 396: T=581 positions=16 loss=0.2247 ce=0.6069 tv=0.1336 conf=1.0138 grad_norm=2.3476 tensors_with_grad=69/72
[train] step 397: T=545 positions=16 loss=1.0612 ce=1.7523 tv=0.4380 conf=1.7740 grad_norm=8.7665 tensors_with_grad=69/72
[train] step 398: T=525 positions=16 loss=1.3688 ce=2.7037 tv=0.5277 conf=3.1523 grad_norm=5.5536 tensors_with_grad=69/72
[train] step 399: T=565 positions=16 loss=0.9409 ce=2.2888 tv=0.2870 conf=3.0661 grad_norm=8.2386 tensors_with_grad=69/72
[train] step 400: T=554 positions=16 loss=0.2846 ce=0.5834 tv=0.1618 conf=1.0930 grad_norm=1.8350 tensors_with_grad=69/72
[train] step 401: T=1014 positions=16 loss=1.1863 ce=2.1737 tv=0.3161 conf=2.5861 grad_norm=5.7888 tensors_with_grad=69/72
[train] step 402: T=541 positions=16 loss=0.3538 ce=0.7690 tv=0.1203 conf=0.2847 grad_norm=2.4000 tensors_with_grad=69/72
[train] step 403: T=538 positions=16 loss=0.1297 ce=0.3538 tv=0.1331 conf=1.7007 grad_norm=2.8409 tensors_with_grad=69/72
[train] step 404: T=585 positions=16 loss=0.9125 ce=1.7784 tv=0.3307 conf=2.5475 grad_norm=4.5652 tensors_with_grad=69/72
[train] step 405: T=535 positions=16 loss=0.4692 ce=1.1360 tv=0.2524 conf=1.8013 grad_norm=10.1162 tensors_with_grad=69/72
[train] step 406: T=534 positions=16 loss=0.3257 ce=0.9249 tv=0.2256 conf=2.0784 grad_norm=6.6157 tensors_with_grad=69/72
[train] step 407: T=674 positions=16 loss=1.3500 ce=2.3723 tv=0.4810 conf=2.6569 grad_norm=7.2875 tensors_with_grad=69/72
[train] step 408: T=1629 positions=16 loss=1.5026 ce=3.4487 tv=0.3662 conf=2.3349 grad_norm=3.4185 tensors_with_grad=69/72
[train] step 409: T=529 positions=16 loss=0.7963 ce=1.4776 tv=0.3900 conf=1.9156 grad_norm=3.2219 tensors_with_grad=69/72
[train] step 410: T=604 positions=16 loss=0.2244 ce=0.6274 tv=0.1955 conf=1.8196 grad_norm=4.4330 tensors_with_grad=69/72
[train] step 411: T=615 positions=16 loss=0.2713 ce=0.6182 tv=0.1749 conf=2.4348 grad_norm=2.7781 tensors_with_grad=69/72
[train] step 412: T=563 positions=16 loss=0.2265 ce=0.5537 tv=0.1176 conf=0.8670 grad_norm=1.2794 tensors_with_grad=69/72
[train] step 413: T=572 positions=16 loss=0.3376 ce=0.7537 tv=0.2048 conf=1.4916 grad_norm=3.0380 tensors_with_grad=69/72
[train] step 414: T=591 positions=16 loss=0.4553 ce=0.7720 tv=0.2459 conf=1.6991 grad_norm=6.9438 tensors_with_grad=69/72
[train] step 415: T=595 positions=16 loss=0.4920 ce=1.4601 tv=0.2932 conf=1.0874 grad_norm=5.0770 tensors_with_grad=69/72
[train] step 416: T=541 positions=16 loss=0.5784 ce=1.1505 tv=0.2993 conf=1.4394 grad_norm=4.9293 tensors_with_grad=69/72
[train] step 417: T=543 positions=16 loss=0.9204 ce=1.5448 tv=0.3910 conf=1.7422 grad_norm=5.8116 tensors_with_grad=69/72
[train] step 418: T=678 positions=16 loss=1.0824 ce=2.0982 tv=0.3711 conf=2.1511 grad_norm=4.4728 tensors_with_grad=69/72
[train] step 419: T=592 positions=16 loss=0.0675 ce=0.2487 tv=0.0983 conf=1.6650 grad_norm=1.1733 tensors_with_grad=69/72
[train] step 420: T=633 positions=16 loss=1.0484 ce=1.8496 tv=0.4063 conf=2.1465 grad_norm=7.3757 tensors_with_grad=69/72
[train] step 421: T=531 positions=16 loss=0.3224 ce=0.6004 tv=0.2403 conf=0.8023 grad_norm=4.8115 tensors_with_grad=69/72
[train] step 422: T=576 positions=16 loss=0.4006 ce=0.8416 tv=0.2712 conf=2.4188 grad_norm=4.2515 tensors_with_grad=69/72
[train] step 423: T=535 positions=16 loss=0.5549 ce=1.3730 tv=0.2223 conf=1.1151 grad_norm=10.0012 tensors_with_grad=69/72
[train] step 424: T=606 positions=16 loss=0.7796 ce=1.9181 tv=0.3989 conf=2.4598 grad_norm=2.7377 tensors_with_grad=69/72
[train] step 425: T=577 positions=16 loss=0.1271 ce=0.4951 tv=0.2243 conf=2.6269 grad_norm=2.1351 tensors_with_grad=69/72
[train] step 426: T=531 positions=16 loss=0.3813 ce=1.1380 tv=0.2395 conf=2.7191 grad_norm=6.7115 tensors_with_grad=69/72
[train] step 427: T=667 positions=16 loss=0.5036 ce=0.8767 tv=0.2166 conf=1.5503 grad_norm=7.1617 tensors_with_grad=69/72
[train] step 428: T=639 positions=16 loss=1.1620 ce=2.3562 tv=0.4430 conf=1.4902 grad_norm=4.4432 tensors_with_grad=69/72
[train] step 429: T=527 positions=16 loss=1.1452 ce=2.1490 tv=0.4566 conf=1.7477 grad_norm=4.9423 tensors_with_grad=69/72
[train] step 430: T=673 positions=16 loss=1.8366 ce=3.1202 tv=0.5828 conf=0.7872 grad_norm=6.6847 tensors_with_grad=69/72
[train] step 431: T=599 positions=16 loss=0.1479 ce=0.2539 tv=0.1159 conf=0.8524 grad_norm=2.5248 tensors_with_grad=69/72
[train] step 432: T=533 positions=16 loss=0.1660 ce=0.4050 tv=0.1128 conf=0.3948 grad_norm=2.6609 tensors_with_grad=69/72
[train] step 433: T=535 positions=16 loss=0.5566 ce=0.8341 tv=0.2781 conf=1.0770 grad_norm=2.7012 tensors_with_grad=69/72
[train] step 434: T=584 positions=16 loss=1.0620 ce=2.4194 tv=0.4189 conf=1.7101 grad_norm=12.1478 tensors_with_grad=69/72
[train] step 435: T=568 positions=16 loss=0.8203 ce=1.8484 tv=0.3689 conf=1.7970 grad_norm=4.3328 tensors_with_grad=69/72
[train] step 436: T=1111 positions=16 loss=1.0309 ce=1.7401 tv=0.3413 conf=1.4636 grad_norm=5.2359 tensors_with_grad=69/72
[train] step 437: T=673 positions=16 loss=0.9664 ce=1.9538 tv=0.3975 conf=1.3612 grad_norm=6.5654 tensors_with_grad=69/72
[train] step 438: T=614 positions=16 loss=0.7693 ce=1.8557 tv=0.3526 conf=1.8514 grad_norm=4.2480 tensors_with_grad=69/72
[train] step 439: T=526 positions=16 loss=0.5343 ce=1.1667 tv=0.3315 conf=2.0914 grad_norm=4.1471 tensors_with_grad=69/72
[train] step 440: T=532 positions=16 loss=0.2416 ce=0.5531 tv=0.0991 conf=1.2951 grad_norm=2.1066 tensors_with_grad=69/72
[train] step 441: T=624 positions=16 loss=0.6739 ce=1.1983 tv=0.3260 conf=1.5333 grad_norm=9.7702 tensors_with_grad=69/72
[train] step 442: T=530 positions=16 loss=0.9855 ce=1.9990 tv=0.3752 conf=1.2885 grad_norm=4.4636 tensors_with_grad=69/72
[train] step 443: T=546 positions=16 loss=0.5761 ce=1.0219 tv=0.2313 conf=0.8011 grad_norm=3.1793 tensors_with_grad=69/72
[train] step 444: T=672 positions=16 loss=0.9448 ce=2.4398 tv=0.3962 conf=3.2513 grad_norm=6.6652 tensors_with_grad=69/72
[train] step 445: T=528 positions=16 loss=1.2568 ce=2.1910 tv=0.4720 conf=0.9608 grad_norm=6.0800 tensors_with_grad=69/72
[train] step 446: T=536 positions=16 loss=0.0628 ce=0.2738 tv=0.0648 conf=0.2763 grad_norm=0.3786 tensors_with_grad=69/72
[train] step 447: T=1543 positions=16 loss=1.8794 ce=3.6509 tv=0.4551 conf=1.0698 grad_norm=6.9655 tensors_with_grad=69/72
[train] step 448: T=673 positions=16 loss=1.3919 ce=2.7591 tv=0.4263 conf=1.1374 grad_norm=4.5495 tensors_with_grad=69/72
[train] step 449: T=587 positions=16 loss=0.1616 ce=0.3154 tv=0.1527 conf=1.5491 grad_norm=3.0464 tensors_with_grad=69/72
[train] step 450: T=529 positions=16 loss=0.4789 ce=0.6707 tv=0.2404 conf=1.4068 grad_norm=5.5737 tensors_with_grad=69/72
[train] step 451: T=981 positions=16 loss=1.2793 ce=2.4515 tv=0.4218 conf=1.8089 grad_norm=5.1644 tensors_with_grad=69/72
[train] step 452: T=557 positions=16 loss=0.5209 ce=1.0621 tv=0.2203 conf=1.1690 grad_norm=5.3015 tensors_with_grad=69/72
[train] step 453: T=543 positions=16 loss=0.5177 ce=1.1784 tv=0.2512 conf=1.1642 grad_norm=5.5321 tensors_with_grad=69/72
[train] step 454: T=955 positions=16 loss=0.8793 ce=1.7711 tv=0.3367 conf=1.5130 grad_norm=3.2095 tensors_with_grad=69/72
[train] step 455: T=536 positions=16 loss=0.2955 ce=0.7226 tv=0.2138 conf=1.8990 grad_norm=2.8096 tensors_with_grad=69/72
[train] step 456: T=952 positions=16 loss=1.4993 ce=2.5911 tv=0.4104 conf=1.2667 grad_norm=5.5778 tensors_with_grad=69/72
[train] step 457: T=960 positions=16 loss=1.4807 ce=3.2079 tv=0.4100 conf=2.0968 grad_norm=3.6786 tensors_with_grad=69/72
[train] step 458: T=525 positions=16 loss=1.4141 ce=2.8659 tv=0.4790 conf=2.0007 grad_norm=5.1874 tensors_with_grad=69/72
[train] step 459: T=1031 positions=16 loss=1.4527 ce=3.0080 tv=0.4602 conf=1.6656 grad_norm=3.8464 tensors_with_grad=69/72
[train] step 460: T=674 positions=16 loss=0.7582 ce=1.4191 tv=0.3810 conf=1.9448 grad_norm=7.5414 tensors_with_grad=69/72
[train] step 461: T=1015 positions=16 loss=1.5989 ce=2.8586 tv=0.4938 conf=1.7241 grad_norm=4.7143 tensors_with_grad=69/72
[train] step 462: T=540 positions=16 loss=1.1065 ce=1.8992 tv=0.4873 conf=1.4276 grad_norm=4.6876 tensors_with_grad=69/72
[train] step 463: T=557 positions=16 loss=0.9025 ce=1.9786 tv=0.3605 conf=1.5995 grad_norm=3.9724 tensors_with_grad=69/72
[train] step 464: T=672 positions=16 loss=0.7125 ce=1.7391 tv=0.3198 conf=1.9838 grad_norm=3.3378 tensors_with_grad=69/72
[train] step 465: T=531 positions=16 loss=0.9484 ce=1.9059 tv=0.4780 conf=1.7372 grad_norm=4.9717 tensors_with_grad=69/72
[train] step 466: T=536 positions=16 loss=0.2513 ce=0.4702 tv=0.1478 conf=0.4383 grad_norm=6.3503 tensors_with_grad=69/72
[train] step 467: T=532 positions=16 loss=1.9347 ce=3.5195 tv=0.5863 conf=1.2866 grad_norm=9.7354 tensors_with_grad=69/72
[train] step 468: T=536 positions=16 loss=0.1984 ce=0.6728 tv=0.1748 conf=0.9719 grad_norm=3.9373 tensors_with_grad=69/72
[train] step 469: T=554 positions=16 loss=0.5291 ce=1.1613 tv=0.3255 conf=1.9106 grad_norm=2.2151 tensors_with_grad=69/72
[train] step 470: T=673 positions=16 loss=1.2987 ce=2.6828 tv=0.4398 conf=1.0642 grad_norm=7.7541 tensors_with_grad=69/72
[train] step 471: T=630 positions=16 loss=0.3935 ce=0.9815 tv=0.2266 conf=2.2144 grad_norm=2.2224 tensors_with_grad=69/72
[train] step 472: T=636 positions=16 loss=0.7375 ce=1.9291 tv=0.2589 conf=1.5915 grad_norm=6.2605 tensors_with_grad=69/72
[train] step 473: T=673 positions=16 loss=1.4251 ce=2.8064 tv=0.4469 conf=1.8633 grad_norm=4.4986 tensors_with_grad=69/72
[train] step 474: T=677 positions=16 loss=1.0414 ce=1.9183 tv=0.2568 conf=1.1774 grad_norm=6.8007 tensors_with_grad=69/72
[train] step 475: T=576 positions=16 loss=0.4662 ce=1.0082 tv=0.2517 conf=2.0453 grad_norm=3.1547 tensors_with_grad=69/72
[train] step 476: T=541 positions=16 loss=1.1515 ce=2.1239 tv=0.4923 conf=2.3168 grad_norm=4.3332 tensors_with_grad=69/72
[train] step 477: T=612 positions=16 loss=0.0963 ce=0.3076 tv=0.1539 conf=1.4017 grad_norm=2.4068 tensors_with_grad=69/72
[train] step 478: T=566 positions=16 loss=1.7175 ce=3.8741 tv=0.5223 conf=1.6326 grad_norm=10.4445 tensors_with_grad=69/72
[train] step 479: T=528 positions=16 loss=1.5276 ce=2.7982 tv=0.5484 conf=3.0573 grad_norm=5.8517 tensors_with_grad=69/72
[train] step 480: T=548 positions=16 loss=0.3164 ce=0.6356 tv=0.1637 conf=0.9530 grad_norm=3.1840 tensors_with_grad=69/72
[train] step 481: T=576 positions=16 loss=1.5165 ce=3.0346 tv=0.4389 conf=1.8946 grad_norm=5.8384 tensors_with_grad=69/72
[train] step 482: T=1222 positions=16 loss=1.1857 ce=2.6520 tv=0.3635 conf=2.6956 grad_norm=9.1180 tensors_with_grad=69/72
[train] step 483: T=869 positions=16 loss=1.5277 ce=2.8365 tv=0.3983 conf=1.1600 grad_norm=7.7576 tensors_with_grad=69/72
[train] step 484: T=526 positions=16 loss=0.7269 ce=1.6164 tv=0.3915 conf=2.7377 grad_norm=4.1453 tensors_with_grad=69/72
[train] step 485: T=850 positions=16 loss=1.0819 ce=2.3469 tv=0.3484 conf=1.2220 grad_norm=3.4392 tensors_with_grad=69/72
[train] step 486: T=907 positions=16 loss=0.9599 ce=1.9663 tv=0.3152 conf=2.6259 grad_norm=3.8394 tensors_with_grad=69/72
[train] step 487: T=1184 positions=16 loss=1.9231 ce=3.5753 tv=0.4747 conf=1.5662 grad_norm=5.7755 tensors_with_grad=69/72
[train] step 488: T=592 positions=16 loss=0.6010 ce=1.4511 tv=0.3060 conf=0.8655 grad_norm=6.8490 tensors_with_grad=69/72
[train] step 489: T=531 positions=16 loss=0.6619 ce=1.4677 tv=0.2580 conf=1.5646 grad_norm=4.6634 tensors_with_grad=69/72
[train] step 490: T=599 positions=16 loss=0.3157 ce=0.7154 tv=0.1907 conf=1.9505 grad_norm=2.3752 tensors_with_grad=69/72
[diag] draft-argmax == TARGET-argmax : 68.3%  | == ground-truth token: 67.7%
[diag] mean top-1 prob  target 0.836  draft 0.752   (TV near 1 with a PEAKED draft => misalignment; with a FLAT draft => genuine)
[train] saved 72 trained tensors -> /cap/s3recap-deficit/c1/trained/mtp_trained.safetensors
[train] saved AdamW state -> /cap/s3recap-deficit/c1/trained/opt_state.pt (needed for --resume to be equivalent to one continuous run)
[train] metrics -> /cap/s3recap-deficit/c1/train_metrics.json  (loss 0.7308 -> 0.3157, tail mean 0.9529)
[train] TRAIN OK
