[train] device=cuda torch=2.10.0
  loading model-00046-of-00048.safetensors ...
  loading model-00047-of-00048.safetensors ...
  loading model-00048-of-00048.safetensors ...
  dequantised 1512 tensors, 12.60 B params, 23.5 GiB bf16
[train] weights ready in 8.7s
[train] trainable 517.3 M in 72 tensors | frozen experts 12.08 B
[train] capture: 490 sample(s)
[Gloo] Rank 0 is connected to 0 peer ranks. Expected number of connected peer ranks is : 0
[train] ModelArgs: n_mtp=3 block=5 taps=[40, 41, 42] markov_rank=256
[train] built 3 DSparkBlock(s) on meta
[train] re-materialised freqs_cis on 3 attention module(s) (persistent=False buffers are NOT in state_dict and to_empty() zapped them)
[train] load_state_dict: 0 missing, 0 unexpected
[train] GATE1 model construction OK
[train] aux: embed.weight(129280, 4096), head.weight(129280, 4096)
[train] trainable tensors in graph: 72 / 517.3 M
[train] resumed 72/72 trained tensors from /cap/s3recap-ce1.0/c1/trained/mtp_trained.safetensors
[train] resumed AdamW state: 69/72 tensors carry moments (3 never received a gradient, expected), indices aligned
[train] lr schedule: linear warmup 73 step(s) -> cosine over 1472 session step(s), peak 5e-05; this chunk is steps 982..1471
/work/train/train_head.py:115: UserWarning: Converting a tensor with requires_grad=True to a scalar may lead to unexpected behavior.
Consider using tensor.detach() first. (Triggered internally at /opt/pytorch/torch/csrc/autograd/generated/python_variable_methods.cpp:836.)
  parts = {"ce": float((w * ce).sum()), "tv": float((w * tv).sum()), "conf": 0.0}
[train] step 0: T=527 positions=16 loss=1.4608 ce=1.4608 tv=0.3808 conf=2.5203 grad_norm=7.9014 tensors_with_grad=69/72
[train] step 1: T=616 positions=16 loss=1.5834 ce=1.5834 tv=0.3155 conf=2.4222 grad_norm=19.3527 tensors_with_grad=69/72
[train] step 2: T=533 positions=16 loss=1.5621 ce=1.5621 tv=0.3274 conf=1.2438 grad_norm=20.5668 tensors_with_grad=69/72
[train] step 3: T=626 positions=16 loss=0.6786 ce=0.6786 tv=0.2297 conf=1.7150 grad_norm=7.9348 tensors_with_grad=69/72
[train] step 4: T=638 positions=16 loss=1.1767 ce=1.1767 tv=0.2385 conf=1.4251 grad_norm=22.2454 tensors_with_grad=69/72
[train] step 5: T=535 positions=16 loss=1.0475 ce=1.0475 tv=0.2130 conf=0.8938 grad_norm=15.0015 tensors_with_grad=69/72
[train] step 6: T=1429 positions=16 loss=3.3140 ce=3.3140 tv=0.4642 conf=2.6464 grad_norm=17.4112 tensors_with_grad=69/72
[train] step 7: T=675 positions=16 loss=1.0604 ce=1.0604 tv=0.3012 conf=2.4585 grad_norm=14.1410 tensors_with_grad=69/72
[train] step 8: T=529 positions=16 loss=3.0712 ce=3.0712 tv=0.4659 conf=2.1837 grad_norm=17.5037 tensors_with_grad=69/72
[train] step 9: T=673 positions=16 loss=2.1894 ce=2.1894 tv=0.3931 conf=1.4327 grad_norm=10.9625 tensors_with_grad=69/72
[train] step 10: T=622 positions=16 loss=0.5963 ce=0.5963 tv=0.1854 conf=1.3968 grad_norm=8.0814 tensors_with_grad=69/72
[train] step 11: T=630 positions=16 loss=2.0117 ce=2.0117 tv=0.4176 conf=2.8983 grad_norm=13.3531 tensors_with_grad=69/72
[train] step 12: T=586 positions=16 loss=1.5534 ce=1.5534 tv=0.3768 conf=3.0590 grad_norm=14.2311 tensors_with_grad=69/72
[train] step 13: T=535 positions=16 loss=2.5494 ce=2.5494 tv=0.5423 conf=3.2133 grad_norm=16.3439 tensors_with_grad=69/72
[train] step 14: T=625 positions=16 loss=1.8116 ce=1.8116 tv=0.3325 conf=2.6366 grad_norm=29.0313 tensors_with_grad=69/72
[train] step 15: T=535 positions=16 loss=0.8547 ce=0.8547 tv=0.2293 conf=2.3232 grad_norm=9.0537 tensors_with_grad=69/72
[train] step 16: T=553 positions=16 loss=1.5223 ce=1.5223 tv=0.3253 conf=3.7337 grad_norm=16.5287 tensors_with_grad=69/72
[train] step 17: T=532 positions=16 loss=0.6157 ce=0.6157 tv=0.1739 conf=1.4974 grad_norm=6.0681 tensors_with_grad=69/72
[train] step 18: T=536 positions=16 loss=0.1833 ce=0.1833 tv=0.0841 conf=0.9536 grad_norm=5.2245 tensors_with_grad=69/72
[train] step 19: T=896 positions=16 loss=2.3790 ce=2.3790 tv=0.3741 conf=1.4062 grad_norm=16.7799 tensors_with_grad=69/72
[train] step 20: T=544 positions=16 loss=1.3136 ce=1.3136 tv=0.2339 conf=2.6173 grad_norm=18.1581 tensors_with_grad=69/72
[train] step 21: T=581 positions=16 loss=1.1766 ce=1.1766 tv=0.2648 conf=2.4616 grad_norm=16.6547 tensors_with_grad=69/72
[train] step 22: T=672 positions=16 loss=2.5444 ce=2.5444 tv=0.5279 conf=3.2258 grad_norm=11.0246 tensors_with_grad=69/72
[train] step 23: T=587 positions=16 loss=0.4146 ce=0.4146 tv=0.2099 conf=2.3356 grad_norm=12.2500 tensors_with_grad=69/72
[train] step 24: T=674 positions=16 loss=1.5531 ce=1.5531 tv=0.3859 conf=3.2266 grad_norm=14.0440 tensors_with_grad=69/72
[train] step 25: T=563 positions=16 loss=0.6405 ce=0.6405 tv=0.1756 conf=0.5246 grad_norm=9.6295 tensors_with_grad=69/72
[train] step 26: T=566 positions=16 loss=1.9847 ce=1.9847 tv=0.3807 conf=2.0687 grad_norm=12.6688 tensors_with_grad=69/72
[train] step 27: T=612 positions=16 loss=1.0433 ce=1.0433 tv=0.3078 conf=2.3659 grad_norm=8.9303 tensors_with_grad=69/72
[train] step 28: T=673 positions=16 loss=0.5504 ce=0.5504 tv=0.2174 conf=2.8940 grad_norm=7.3964 tensors_with_grad=69/72
[train] step 29: T=537 positions=16 loss=2.5881 ce=2.5881 tv=0.5200 conf=3.1581 grad_norm=17.9786 tensors_with_grad=69/72
[train] step 30: T=657 positions=16 loss=0.5223 ce=0.5223 tv=0.1950 conf=2.6004 grad_norm=9.9717 tensors_with_grad=69/72
[train] step 31: T=595 positions=16 loss=0.5794 ce=0.5794 tv=0.1598 conf=4.1411 grad_norm=14.6507 tensors_with_grad=69/72
[train] step 32: T=970 positions=16 loss=2.8187 ce=2.8187 tv=0.4247 conf=1.6589 grad_norm=12.9827 tensors_with_grad=69/72
[train] step 33: T=1741 positions=16 loss=4.2560 ce=4.2560 tv=0.5753 conf=3.8956 grad_norm=21.3499 tensors_with_grad=69/72
[train] step 34: T=574 positions=16 loss=2.5057 ce=2.5057 tv=0.4834 conf=2.8787 grad_norm=14.8660 tensors_with_grad=69/72
[train] step 35: T=581 positions=16 loss=1.2373 ce=1.2373 tv=0.3026 conf=1.3920 grad_norm=9.7506 tensors_with_grad=69/72
[train] step 36: T=563 positions=16 loss=1.3648 ce=1.3648 tv=0.2572 conf=2.3003 grad_norm=35.2541 tensors_with_grad=69/72
[train] step 37: T=534 positions=16 loss=0.2655 ce=0.2655 tv=0.1179 conf=1.7311 grad_norm=2.5504 tensors_with_grad=69/72
[train] step 38: T=645 positions=16 loss=2.9273 ce=2.9273 tv=0.5693 conf=3.7460 grad_norm=16.7542 tensors_with_grad=69/72
[train] step 39: T=672 positions=16 loss=2.2261 ce=2.2261 tv=0.3948 conf=3.1272 grad_norm=11.9258 tensors_with_grad=69/72
[train] step 40: T=578 positions=16 loss=1.5019 ce=1.5019 tv=0.3102 conf=2.7181 grad_norm=15.0433 tensors_with_grad=69/72
[train] step 41: T=527 positions=16 loss=1.8013 ce=1.8013 tv=0.3355 conf=2.2823 grad_norm=18.0257 tensors_with_grad=69/72
[train] step 42: T=645 positions=16 loss=1.1068 ce=1.1068 tv=0.2669 conf=1.8827 grad_norm=15.7277 tensors_with_grad=69/72
[train] step 43: T=1008 positions=16 loss=2.1678 ce=2.1678 tv=0.3304 conf=2.1317 grad_norm=10.9321 tensors_with_grad=69/72
[train] step 44: T=676 positions=16 loss=1.1432 ce=1.1432 tv=0.3217 conf=1.9792 grad_norm=15.4116 tensors_with_grad=69/72
[train] step 45: T=674 positions=16 loss=2.1880 ce=2.1880 tv=0.4352 conf=1.8343 grad_norm=9.4025 tensors_with_grad=69/72
[train] step 46: T=528 positions=16 loss=1.9717 ce=1.9717 tv=0.4632 conf=2.5442 grad_norm=12.9834 tensors_with_grad=69/72
[train] step 47: T=538 positions=16 loss=1.4723 ce=1.4723 tv=0.3689 conf=2.6495 grad_norm=15.1574 tensors_with_grad=69/72
[train] step 48: T=572 positions=16 loss=2.1567 ce=2.1567 tv=0.4112 conf=2.7761 grad_norm=12.6266 tensors_with_grad=69/72
[train] step 49: T=536 positions=16 loss=0.6169 ce=0.6169 tv=0.2809 conf=2.5099 grad_norm=13.9970 tensors_with_grad=69/72
[train] step 50: T=673 positions=16 loss=2.4263 ce=2.4263 tv=0.4918 conf=1.6817 grad_norm=11.5693 tensors_with_grad=69/72
[train] step 51: T=603 positions=16 loss=0.6056 ce=0.6056 tv=0.1568 conf=1.2162 grad_norm=10.0636 tensors_with_grad=69/72
[train] step 52: T=532 positions=16 loss=1.1832 ce=1.1832 tv=0.3011 conf=1.0115 grad_norm=21.6283 tensors_with_grad=69/72
[train] step 53: T=618 positions=16 loss=0.8509 ce=0.8509 tv=0.2801 conf=3.2732 grad_norm=10.5272 tensors_with_grad=69/72
[train] step 54: T=539 positions=16 loss=0.7841 ce=0.7841 tv=0.2247 conf=2.3275 grad_norm=14.7270 tensors_with_grad=69/72
[train] step 55: T=569 positions=16 loss=1.4861 ce=1.4861 tv=0.2845 conf=2.1285 grad_norm=8.9799 tensors_with_grad=69/72
[train] step 56: T=589 positions=16 loss=2.0754 ce=2.0754 tv=0.4949 conf=2.4759 grad_norm=28.7157 tensors_with_grad=69/72
[train] step 57: T=653 positions=16 loss=2.3893 ce=2.3893 tv=0.4902 conf=2.6983 grad_norm=19.0796 tensors_with_grad=69/72
[train] step 58: T=675 positions=16 loss=1.8996 ce=1.8996 tv=0.3970 conf=3.1936 grad_norm=15.4290 tensors_with_grad=69/72
[train] step 59: T=599 positions=16 loss=2.7809 ce=2.7809 tv=0.4625 conf=1.5301 grad_norm=17.4779 tensors_with_grad=69/72
[train] step 60: T=901 positions=16 loss=2.2372 ce=2.2372 tv=0.3572 conf=1.9745 grad_norm=12.7670 tensors_with_grad=69/72
[train] step 61: T=597 positions=16 loss=0.1936 ce=0.1936 tv=0.1286 conf=1.0008 grad_norm=6.6761 tensors_with_grad=69/72
[train] step 62: T=613 positions=16 loss=0.1496 ce=0.1496 tv=0.1158 conf=3.3178 grad_norm=5.6331 tensors_with_grad=69/72
[train] step 63: T=546 positions=16 loss=0.7057 ce=0.7057 tv=0.2658 conf=1.8099 grad_norm=12.0513 tensors_with_grad=69/72
[train] step 64: T=535 positions=16 loss=0.1423 ce=0.1423 tv=0.1196 conf=0.6547 grad_norm=7.1519 tensors_with_grad=69/72
[train] step 65: T=527 positions=16 loss=2.1605 ce=2.1605 tv=0.5009 conf=2.2855 grad_norm=9.0984 tensors_with_grad=69/72
[train] step 66: T=672 positions=16 loss=2.2936 ce=2.2936 tv=0.5234 conf=2.4821 grad_norm=22.8814 tensors_with_grad=69/72
[train] step 67: T=535 positions=16 loss=2.5542 ce=2.5542 tv=0.5262 conf=2.7588 grad_norm=18.0833 tensors_with_grad=69/72
[train] step 68: T=629 positions=16 loss=1.3739 ce=1.3739 tv=0.3970 conf=2.7611 grad_norm=14.1249 tensors_with_grad=69/72
[train] step 69: T=529 positions=16 loss=1.6223 ce=1.6223 tv=0.2904 conf=2.2055 grad_norm=18.4955 tensors_with_grad=69/72
[train] step 70: T=544 positions=16 loss=0.4146 ce=0.4146 tv=0.1182 conf=0.5259 grad_norm=6.7103 tensors_with_grad=69/72
[train] step 71: T=1433 positions=16 loss=3.9813 ce=3.9813 tv=0.5011 conf=2.9363 grad_norm=17.5094 tensors_with_grad=69/72
[train] step 72: T=528 positions=16 loss=2.1599 ce=2.1599 tv=0.3153 conf=2.0286 grad_norm=19.6188 tensors_with_grad=69/72
[train] step 73: T=674 positions=16 loss=2.0535 ce=2.0535 tv=0.4334 conf=2.0675 grad_norm=17.4803 tensors_with_grad=69/72
[train] step 74: T=527 positions=16 loss=1.1019 ce=1.1019 tv=0.3015 conf=2.4977 grad_norm=15.4680 tensors_with_grad=69/72
[train] step 75: T=642 positions=16 loss=1.8910 ce=1.8910 tv=0.4208 conf=2.7657 grad_norm=11.3907 tensors_with_grad=69/72
[train] step 76: T=598 positions=16 loss=0.6500 ce=0.6500 tv=0.1735 conf=1.2434 grad_norm=6.7096 tensors_with_grad=69/72
[train] step 77: T=933 positions=16 loss=2.1099 ce=2.1099 tv=0.3896 conf=2.5563 grad_norm=14.8926 tensors_with_grad=69/72
[train] step 78: T=653 positions=16 loss=2.7200 ce=2.7200 tv=0.5389 conf=3.3470 grad_norm=41.8382 tensors_with_grad=69/72
[train] step 79: T=655 positions=16 loss=1.4395 ce=1.4395 tv=0.3528 conf=1.8665 grad_norm=14.3848 tensors_with_grad=69/72
[train] step 80: T=585 positions=16 loss=0.5508 ce=0.5508 tv=0.1594 conf=2.4510 grad_norm=4.4763 tensors_with_grad=69/72
[train] step 81: T=641 positions=16 loss=2.4522 ce=2.4522 tv=0.5175 conf=2.9278 grad_norm=14.7272 tensors_with_grad=69/72
[train] step 82: T=532 positions=16 loss=1.3783 ce=1.3783 tv=0.2951 conf=1.2279 grad_norm=19.0124 tensors_with_grad=69/72
[train] step 83: T=526 positions=16 loss=2.1437 ce=2.1437 tv=0.5063 conf=2.2429 grad_norm=19.6308 tensors_with_grad=69/72
[train] step 84: T=590 positions=16 loss=0.6388 ce=0.6388 tv=0.2376 conf=2.9788 grad_norm=16.4170 tensors_with_grad=69/72
[train] step 85: T=527 positions=16 loss=1.5862 ce=1.5862 tv=0.3874 conf=3.1561 grad_norm=9.8375 tensors_with_grad=69/72
[train] step 86: T=838 positions=16 loss=2.1423 ce=2.1423 tv=0.4391 conf=3.9866 grad_norm=19.2665 tensors_with_grad=69/72
[train] step 87: T=528 positions=16 loss=0.9622 ce=0.9622 tv=0.2286 conf=0.5463 grad_norm=13.4608 tensors_with_grad=69/72
[train] step 88: T=594 positions=16 loss=0.3958 ce=0.3958 tv=0.2013 conf=1.5156 grad_norm=9.3563 tensors_with_grad=69/72
[train] step 89: T=634 positions=16 loss=0.6668 ce=0.6668 tv=0.2266 conf=2.4826 grad_norm=12.7290 tensors_with_grad=69/72
[train] step 90: T=558 positions=16 loss=1.7826 ce=1.7826 tv=0.4023 conf=3.0523 grad_norm=22.5223 tensors_with_grad=69/72
[train] step 91: T=649 positions=16 loss=0.9555 ce=0.9555 tv=0.2715 conf=2.4840 grad_norm=6.2322 tensors_with_grad=69/72
[train] step 92: T=1085 positions=16 loss=2.3952 ce=2.3952 tv=0.3615 conf=2.3169 grad_norm=16.4956 tensors_with_grad=69/72
[train] step 93: T=575 positions=16 loss=1.2957 ce=1.2957 tv=0.2319 conf=2.4074 grad_norm=13.4540 tensors_with_grad=69/72
[train] step 94: T=611 positions=16 loss=0.6883 ce=0.6883 tv=0.2037 conf=1.8392 grad_norm=5.8951 tensors_with_grad=69/72
[train] step 95: T=529 positions=16 loss=2.4084 ce=2.4084 tv=0.5334 conf=2.8596 grad_norm=9.3016 tensors_with_grad=69/72
[train] step 96: T=526 positions=16 loss=1.4917 ce=1.4917 tv=0.3429 conf=1.4055 grad_norm=14.6305 tensors_with_grad=69/72
[train] step 97: T=576 positions=16 loss=0.7875 ce=0.7875 tv=0.2430 conf=3.1704 grad_norm=16.3708 tensors_with_grad=69/72
[train] step 98: T=674 positions=16 loss=2.0727 ce=2.0727 tv=0.4387 conf=1.9177 grad_norm=17.4205 tensors_with_grad=69/72
[train] step 99: T=535 positions=16 loss=0.5736 ce=0.5736 tv=0.2447 conf=1.6641 grad_norm=7.8507 tensors_with_grad=69/72
[train] step 100: T=975 positions=16 loss=3.0250 ce=3.0250 tv=0.4504 conf=2.5597 grad_norm=8.9805 tensors_with_grad=69/72
[train] step 101: T=1794 positions=16 loss=3.3751 ce=3.3751 tv=0.5166 conf=2.8111 grad_norm=16.6065 tensors_with_grad=69/72
[train] step 102: T=532 positions=16 loss=1.5879 ce=1.5879 tv=0.4190 conf=1.7196 grad_norm=33.6573 tensors_with_grad=69/72
[train] step 103: T=552 positions=16 loss=2.0303 ce=2.0303 tv=0.2958 conf=1.5440 grad_norm=20.8901 tensors_with_grad=69/72
[train] step 104: T=541 positions=16 loss=1.8712 ce=1.8712 tv=0.3832 conf=3.2145 grad_norm=15.7503 tensors_with_grad=69/72
[train] step 105: T=678 positions=16 loss=1.0305 ce=1.0305 tv=0.2816 conf=2.1286 grad_norm=15.3631 tensors_with_grad=69/72
[train] step 106: T=527 positions=16 loss=3.1089 ce=3.1089 tv=0.5243 conf=2.8811 grad_norm=14.0292 tensors_with_grad=69/72
[train] step 107: T=648 positions=16 loss=2.3347 ce=2.3347 tv=0.4508 conf=3.2342 grad_norm=9.1004 tensors_with_grad=69/72
[train] step 108: T=543 positions=16 loss=0.2440 ce=0.2440 tv=0.1345 conf=1.0617 grad_norm=10.5800 tensors_with_grad=69/72
[train] step 109: T=920 positions=16 loss=3.2510 ce=3.2510 tv=0.4800 conf=2.1820 grad_norm=25.6403 tensors_with_grad=69/72
[train] step 110: T=672 positions=16 loss=1.4267 ce=1.4267 tv=0.3320 conf=1.9950 grad_norm=10.7328 tensors_with_grad=69/72
[train] step 111: T=882 positions=16 loss=2.2667 ce=2.2667 tv=0.3938 conf=1.2593 grad_norm=17.6957 tensors_with_grad=69/72
[train] step 112: T=528 positions=16 loss=0.5977 ce=0.5977 tv=0.1729 conf=1.4048 grad_norm=13.0397 tensors_with_grad=69/72
[train] step 113: T=674 positions=16 loss=2.1151 ce=2.1151 tv=0.3992 conf=2.9296 grad_norm=15.5283 tensors_with_grad=69/72
[train] step 114: T=533 positions=16 loss=0.4086 ce=0.4086 tv=0.1745 conf=1.5119 grad_norm=13.9584 tensors_with_grad=69/72
[train] step 115: T=623 positions=16 loss=1.5764 ce=1.5764 tv=0.3861 conf=2.9850 grad_norm=10.1918 tensors_with_grad=69/72
[train] step 116: T=1190 positions=16 loss=2.6535 ce=2.6535 tv=0.3907 conf=2.1557 grad_norm=15.3096 tensors_with_grad=69/72
[train] step 117: T=627 positions=16 loss=1.2041 ce=1.2041 tv=0.2990 conf=1.7752 grad_norm=15.5027 tensors_with_grad=69/72
[train] step 118: T=638 positions=16 loss=2.0091 ce=2.0091 tv=0.4983 conf=2.0147 grad_norm=10.1610 tensors_with_grad=69/72
[train] step 119: T=605 positions=16 loss=2.1715 ce=2.1715 tv=0.4090 conf=3.0332 grad_norm=13.7648 tensors_with_grad=69/72
[train] step 120: T=664 positions=16 loss=0.2516 ce=0.2516 tv=0.1575 conf=2.0936 grad_norm=7.0647 tensors_with_grad=69/72
[train] step 121: T=530 positions=16 loss=2.0670 ce=2.0670 tv=0.3381 conf=1.4069 grad_norm=16.8451 tensors_with_grad=69/72
[train] step 122: T=541 positions=16 loss=0.4815 ce=0.4815 tv=0.1446 conf=1.0873 grad_norm=5.0607 tensors_with_grad=69/72
[train] step 123: T=533 positions=16 loss=1.4380 ce=1.4380 tv=0.2778 conf=1.7347 grad_norm=11.7549 tensors_with_grad=69/72
[train] step 124: T=616 positions=16 loss=1.9109 ce=1.9109 tv=0.3513 conf=1.6585 grad_norm=12.5123 tensors_with_grad=69/72
[train] step 125: T=672 positions=16 loss=2.8955 ce=2.8955 tv=0.5775 conf=2.9164 grad_norm=14.5603 tensors_with_grad=69/72
[train] step 126: T=524 positions=16 loss=2.1237 ce=2.1237 tv=0.4600 conf=2.3550 grad_norm=11.4150 tensors_with_grad=69/72
[train] step 127: T=1177 positions=16 loss=3.0375 ce=3.0375 tv=0.4660 conf=2.6786 grad_norm=13.7638 tensors_with_grad=69/72
[train] step 128: T=543 positions=16 loss=1.0328 ce=1.0328 tv=0.2630 conf=2.4518 grad_norm=12.6278 tensors_with_grad=69/72
[train] step 129: T=537 positions=16 loss=0.9667 ce=0.9667 tv=0.2849 conf=3.5504 grad_norm=9.8776 tensors_with_grad=69/72
[train] step 130: T=533 positions=16 loss=1.1660 ce=1.1660 tv=0.2378 conf=3.0457 grad_norm=35.2488 tensors_with_grad=69/72
[train] step 131: T=532 positions=16 loss=2.1999 ce=2.1999 tv=0.4375 conf=3.8028 grad_norm=15.0355 tensors_with_grad=69/72
[train] step 132: T=572 positions=16 loss=0.4049 ce=0.4049 tv=0.1134 conf=1.4999 grad_norm=6.6912 tensors_with_grad=69/72
[train] step 133: T=531 positions=16 loss=2.9497 ce=2.9497 tv=0.5498 conf=1.8521 grad_norm=14.6201 tensors_with_grad=69/72
[train] step 134: T=553 positions=16 loss=0.9223 ce=0.9223 tv=0.1811 conf=0.7155 grad_norm=17.2910 tensors_with_grad=69/72
[train] step 135: T=540 positions=16 loss=0.9362 ce=0.9362 tv=0.2655 conf=0.6748 grad_norm=9.5999 tensors_with_grad=69/72
[train] step 136: T=532 positions=16 loss=1.7372 ce=1.7372 tv=0.2546 conf=3.0795 grad_norm=10.8594 tensors_with_grad=69/72
[train] step 137: T=552 positions=16 loss=1.5823 ce=1.5823 tv=0.2679 conf=1.4004 grad_norm=9.9734 tensors_with_grad=69/72
[train] step 138: T=565 positions=16 loss=0.8563 ce=0.8563 tv=0.1664 conf=2.8846 grad_norm=7.8205 tensors_with_grad=69/72
[train] step 139: T=534 positions=16 loss=0.9366 ce=0.9366 tv=0.2193 conf=1.7620 grad_norm=12.9518 tensors_with_grad=69/72
[train] step 140: T=1720 positions=16 loss=2.8844 ce=2.8844 tv=0.5553 conf=1.9092 grad_norm=15.4387 tensors_with_grad=69/72
[train] step 141: T=539 positions=16 loss=1.7466 ce=1.7466 tv=0.3678 conf=2.2666 grad_norm=20.8675 tensors_with_grad=69/72
[train] step 142: T=1793 positions=16 loss=5.1961 ce=5.1961 tv=0.5701 conf=2.6566 grad_norm=20.0753 tensors_with_grad=69/72
[train] step 143: T=581 positions=16 loss=1.0800 ce=1.0800 tv=0.2418 conf=2.8099 grad_norm=19.1419 tensors_with_grad=69/72
[train] step 144: T=1033 positions=16 loss=4.5725 ce=4.5725 tv=0.5958 conf=2.9345 grad_norm=18.7613 tensors_with_grad=69/72
[train] step 145: T=544 positions=16 loss=0.8377 ce=0.8377 tv=0.2049 conf=1.5142 grad_norm=6.8587 tensors_with_grad=69/72
[train] step 146: T=1570 positions=16 loss=3.2402 ce=3.2402 tv=0.4972 conf=2.6594 grad_norm=21.1528 tensors_with_grad=69/72
[train] step 147: T=1007 positions=16 loss=3.1270 ce=3.1270 tv=0.4375 conf=3.0170 grad_norm=12.6460 tensors_with_grad=69/72
[train] step 148: T=656 positions=16 loss=1.5835 ce=1.5835 tv=0.2529 conf=3.0004 grad_norm=13.2375 tensors_with_grad=69/72
[train] step 149: T=605 positions=16 loss=0.8213 ce=0.8213 tv=0.2225 conf=1.5474 grad_norm=12.1329 tensors_with_grad=69/72
[train] step 150: T=1792 positions=16 loss=4.7131 ce=4.7131 tv=0.5474 conf=1.8958 grad_norm=16.9054 tensors_with_grad=69/72
[train] step 151: T=535 positions=16 loss=0.5871 ce=0.5871 tv=0.1034 conf=4.9473 grad_norm=6.7954 tensors_with_grad=69/72
[train] step 152: T=550 positions=16 loss=1.7052 ce=1.7052 tv=0.3603 conf=1.9472 grad_norm=15.6819 tensors_with_grad=69/72
[train] step 153: T=608 positions=16 loss=1.2927 ce=1.2927 tv=0.3173 conf=2.6490 grad_norm=14.4560 tensors_with_grad=69/72
[train] step 154: T=901 positions=16 loss=1.9090 ce=1.9090 tv=0.3437 conf=2.2102 grad_norm=14.5261 tensors_with_grad=69/72
[train] step 155: T=527 positions=16 loss=2.5029 ce=2.5029 tv=0.4916 conf=3.4605 grad_norm=12.4472 tensors_with_grad=69/72
[train] step 156: T=1058 positions=16 loss=2.6555 ce=2.6555 tv=0.4166 conf=3.1176 grad_norm=14.1851 tensors_with_grad=69/72
[train] step 157: T=629 positions=16 loss=0.5872 ce=0.5872 tv=0.2095 conf=1.9448 grad_norm=6.2864 tensors_with_grad=69/72
[train] step 158: T=532 positions=16 loss=0.9812 ce=0.9812 tv=0.2167 conf=2.3503 grad_norm=31.1477 tensors_with_grad=69/72
[train] step 159: T=674 positions=16 loss=1.9131 ce=1.9131 tv=0.4214 conf=0.9581 grad_norm=12.8676 tensors_with_grad=69/72
[train] step 160: T=546 positions=16 loss=0.3187 ce=0.3187 tv=0.1617 conf=1.0125 grad_norm=7.8252 tensors_with_grad=69/72
[train] step 161: T=574 positions=16 loss=1.4095 ce=1.4095 tv=0.2884 conf=3.2309 grad_norm=13.9104 tensors_with_grad=69/72
[train] step 162: T=675 positions=16 loss=1.3820 ce=1.3820 tv=0.3277 conf=2.8133 grad_norm=25.2397 tensors_with_grad=69/72
[train] step 163: T=549 positions=16 loss=1.1202 ce=1.1202 tv=0.2859 conf=1.4224 grad_norm=9.0141 tensors_with_grad=69/72
[train] step 164: T=671 positions=16 loss=1.9451 ce=1.9451 tv=0.4694 conf=2.3723 grad_norm=10.2311 tensors_with_grad=69/72
[train] step 165: T=609 positions=16 loss=0.8684 ce=0.8684 tv=0.3073 conf=3.3233 grad_norm=13.3817 tensors_with_grad=69/72
[train] step 166: T=570 positions=16 loss=3.3276 ce=3.3276 tv=0.4225 conf=2.7346 grad_norm=21.8763 tensors_with_grad=69/72
[train] step 167: T=540 positions=16 loss=0.9194 ce=0.9194 tv=0.2276 conf=2.4061 grad_norm=7.8740 tensors_with_grad=69/72
[train] step 168: T=618 positions=16 loss=1.0964 ce=1.0964 tv=0.2751 conf=2.3125 grad_norm=9.6738 tensors_with_grad=69/72
[train] step 169: T=524 positions=16 loss=2.6528 ce=2.6528 tv=0.5374 conf=2.8048 grad_norm=13.8170 tensors_with_grad=69/72
[train] step 170: T=673 positions=16 loss=2.3614 ce=2.3614 tv=0.4904 conf=1.8314 grad_norm=13.6061 tensors_with_grad=69/72
[train] step 171: T=526 positions=16 loss=0.6609 ce=0.6609 tv=0.1925 conf=2.0724 grad_norm=10.7431 tensors_with_grad=69/72
[train] step 172: T=531 positions=16 loss=1.3637 ce=1.3637 tv=0.2654 conf=1.1074 grad_norm=14.2861 tensors_with_grad=69/72
[train] step 173: T=536 positions=16 loss=1.0920 ce=1.0920 tv=0.2627 conf=1.7443 grad_norm=19.4346 tensors_with_grad=69/72
[train] step 174: T=601 positions=16 loss=0.6561 ce=0.6561 tv=0.1888 conf=1.3174 grad_norm=16.0302 tensors_with_grad=69/72
[train] step 175: T=647 positions=16 loss=2.3475 ce=2.3475 tv=0.4716 conf=1.9846 grad_norm=15.9543 tensors_with_grad=69/72
[train] step 176: T=532 positions=16 loss=1.0311 ce=1.0311 tv=0.2640 conf=1.2352 grad_norm=6.3561 tensors_with_grad=69/72
[train] step 177: T=544 positions=16 loss=1.1703 ce=1.1703 tv=0.2185 conf=1.7059 grad_norm=20.6669 tensors_with_grad=69/72
[train] step 178: T=673 positions=16 loss=2.5514 ce=2.5514 tv=0.5113 conf=2.3181 grad_norm=11.3804 tensors_with_grad=69/72
[train] step 179: T=593 positions=16 loss=0.6089 ce=0.6089 tv=0.1941 conf=0.8080 grad_norm=13.4528 tensors_with_grad=69/72
[train] step 180: T=568 positions=16 loss=0.3310 ce=0.3310 tv=0.1230 conf=2.2657 grad_norm=9.7663 tensors_with_grad=69/72
[train] step 181: T=589 positions=16 loss=0.3298 ce=0.3298 tv=0.1688 conf=1.3794 grad_norm=16.7346 tensors_with_grad=69/72
[train] step 182: T=526 positions=16 loss=1.0295 ce=1.0295 tv=0.2281 conf=2.1981 grad_norm=10.8849 tensors_with_grad=69/72
[train] step 183: T=538 positions=16 loss=0.4287 ce=0.4287 tv=0.1170 conf=0.6352 grad_norm=4.2933 tensors_with_grad=69/72
[train] step 184: T=1365 positions=16 loss=4.1739 ce=4.1739 tv=0.5018 conf=3.6549 grad_norm=35.5859 tensors_with_grad=69/72
[train] step 185: T=533 positions=16 loss=0.7600 ce=0.7600 tv=0.2364 conf=1.6187 grad_norm=14.5632 tensors_with_grad=69/72
[train] step 186: T=526 positions=16 loss=2.0320 ce=2.0320 tv=0.5117 conf=3.8503 grad_norm=15.4218 tensors_with_grad=69/72
[train] step 187: T=625 positions=16 loss=0.1764 ce=0.1764 tv=0.1340 conf=1.2821 grad_norm=5.6810 tensors_with_grad=69/72
[train] step 188: T=544 positions=16 loss=2.0977 ce=2.0977 tv=0.4459 conf=1.7177 grad_norm=13.5000 tensors_with_grad=69/72
[train] step 189: T=531 positions=16 loss=2.3349 ce=2.3349 tv=0.4716 conf=2.1815 grad_norm=14.2163 tensors_with_grad=69/72
[train] step 190: T=1057 positions=16 loss=2.6752 ce=2.6752 tv=0.4049 conf=2.0201 grad_norm=13.5685 tensors_with_grad=69/72
[train] step 191: T=1004 positions=16 loss=2.6841 ce=2.6841 tv=0.4561 conf=2.0188 grad_norm=16.4822 tensors_with_grad=69/72
[train] step 192: T=673 positions=16 loss=2.0562 ce=2.0562 tv=0.4539 conf=2.2513 grad_norm=20.8362 tensors_with_grad=69/72
[train] step 193: T=541 positions=16 loss=0.3709 ce=0.3709 tv=0.1393 conf=1.2402 grad_norm=5.7986 tensors_with_grad=69/72
[train] step 194: T=531 positions=16 loss=0.5172 ce=0.5172 tv=0.1390 conf=1.7223 grad_norm=18.4998 tensors_with_grad=69/72
[train] step 195: T=561 positions=16 loss=0.5447 ce=0.5447 tv=0.1718 conf=1.3140 grad_norm=9.4248 tensors_with_grad=69/72
[train] step 196: T=535 positions=16 loss=0.5278 ce=0.5278 tv=0.2278 conf=2.1124 grad_norm=7.0791 tensors_with_grad=69/72
[train] step 197: T=571 positions=16 loss=0.7844 ce=0.7844 tv=0.2530 conf=2.0707 grad_norm=16.1504 tensors_with_grad=69/72
[train] step 198: T=672 positions=16 loss=2.5759 ce=2.5759 tv=0.5631 conf=2.4770 grad_norm=15.8678 tensors_with_grad=69/72
[train] step 199: T=540 positions=16 loss=0.4085 ce=0.4085 tv=0.1522 conf=1.0541 grad_norm=8.2179 tensors_with_grad=69/72
[train] step 200: T=532 positions=16 loss=0.1119 ce=0.1119 tv=0.0738 conf=0.3545 grad_norm=3.0495 tensors_with_grad=69/72
[train] step 201: T=676 positions=16 loss=2.1729 ce=2.1729 tv=0.4673 conf=2.0352 grad_norm=10.9384 tensors_with_grad=69/72
[train] step 202: T=838 positions=16 loss=1.6292 ce=1.6292 tv=0.3523 conf=3.5024 grad_norm=10.9870 tensors_with_grad=69/72
[train] step 203: T=583 positions=16 loss=1.6904 ce=1.6904 tv=0.3428 conf=1.5409 grad_norm=20.8933 tensors_with_grad=69/72
[train] step 204: T=527 positions=16 loss=0.7699 ce=0.7699 tv=0.2110 conf=2.5164 grad_norm=7.1223 tensors_with_grad=69/72
[train] step 205: T=675 positions=16 loss=2.3002 ce=2.3002 tv=0.3921 conf=1.3528 grad_norm=18.1173 tensors_with_grad=69/72
[train] step 206: T=542 positions=16 loss=1.2641 ce=1.2641 tv=0.2823 conf=3.3255 grad_norm=18.5484 tensors_with_grad=69/72
[train] step 207: T=1211 positions=16 loss=3.0576 ce=3.0576 tv=0.4097 conf=2.1260 grad_norm=13.8444 tensors_with_grad=69/72
[train] step 208: T=527 positions=16 loss=0.3656 ce=0.3656 tv=0.0694 conf=0.5986 grad_norm=4.4901 tensors_with_grad=69/72
[train] step 209: T=1106 positions=16 loss=4.1329 ce=4.1329 tv=0.5293 conf=2.0534 grad_norm=24.7224 tensors_with_grad=69/72
[train] step 210: T=533 positions=16 loss=0.4555 ce=0.4555 tv=0.1804 conf=1.2854 grad_norm=11.3270 tensors_with_grad=69/72
[train] step 211: T=1721 positions=16 loss=3.3177 ce=3.3177 tv=0.5051 conf=3.9353 grad_norm=16.3212 tensors_with_grad=69/72
[train] step 212: T=616 positions=16 loss=0.3494 ce=0.3494 tv=0.1658 conf=1.4568 grad_norm=8.3398 tensors_with_grad=69/72
[train] step 213: T=672 positions=16 loss=1.8404 ce=1.8404 tv=0.4157 conf=2.7521 grad_norm=15.4443 tensors_with_grad=69/72
[train] step 214: T=529 positions=16 loss=2.0705 ce=2.0705 tv=0.4593 conf=3.6958 grad_norm=10.3440 tensors_with_grad=69/72
[train] step 215: T=536 positions=16 loss=0.7507 ce=0.7507 tv=0.1791 conf=2.3896 grad_norm=22.9719 tensors_with_grad=69/72
[train] step 216: T=550 positions=16 loss=1.2288 ce=1.2288 tv=0.3171 conf=1.7165 grad_norm=17.1759 tensors_with_grad=69/72
[train] step 217: T=1223 positions=16 loss=4.1932 ce=4.1932 tv=0.5408 conf=3.4728 grad_norm=25.3750 tensors_with_grad=69/72
[train] step 218: T=528 positions=16 loss=1.6119 ce=1.6119 tv=0.3304 conf=2.6565 grad_norm=29.7926 tensors_with_grad=69/72
[train] step 219: T=535 positions=16 loss=0.4615 ce=0.4615 tv=0.2151 conf=1.4141 grad_norm=10.7768 tensors_with_grad=69/72
[train] step 220: T=580 positions=16 loss=0.7903 ce=0.7903 tv=0.3035 conf=1.6701 grad_norm=9.0180 tensors_with_grad=69/72
[train] step 221: T=533 positions=16 loss=0.1768 ce=0.1768 tv=0.0750 conf=0.2184 grad_norm=7.9232 tensors_with_grad=69/72
[train] step 222: T=531 positions=16 loss=1.1070 ce=1.1070 tv=0.2434 conf=2.0195 grad_norm=18.4966 tensors_with_grad=69/72
[train] step 223: T=577 positions=16 loss=1.6376 ce=1.6376 tv=0.3767 conf=2.5847 grad_norm=12.6221 tensors_with_grad=69/72
[train] step 224: T=583 positions=16 loss=2.1485 ce=2.1485 tv=0.3978 conf=3.0380 grad_norm=29.0146 tensors_with_grad=69/72
[train] step 225: T=673 positions=16 loss=2.8550 ce=2.8550 tv=0.5000 conf=1.7043 grad_norm=14.0421 tensors_with_grad=69/72
[train] step 226: T=672 positions=16 loss=1.1750 ce=1.1750 tv=0.2926 conf=2.8930 grad_norm=10.7883 tensors_with_grad=69/72
[train] step 227: T=1189 positions=16 loss=2.8325 ce=2.8325 tv=0.4841 conf=3.0741 grad_norm=17.5947 tensors_with_grad=69/72
[train] step 228: T=534 positions=16 loss=2.6529 ce=2.6529 tv=0.4785 conf=2.7506 grad_norm=17.4229 tensors_with_grad=69/72
[train] step 229: T=531 positions=16 loss=1.1614 ce=1.1614 tv=0.2327 conf=1.2084 grad_norm=11.9016 tensors_with_grad=69/72
[train] step 230: T=678 positions=16 loss=1.4814 ce=1.4814 tv=0.3842 conf=2.1659 grad_norm=11.5451 tensors_with_grad=69/72
[train] step 231: T=525 positions=16 loss=1.8817 ce=1.8817 tv=0.4149 conf=2.9612 grad_norm=11.3597 tensors_with_grad=69/72
[train] step 232: T=674 positions=16 loss=0.6561 ce=0.6561 tv=0.2175 conf=2.8838 grad_norm=15.6649 tensors_with_grad=69/72
[train] step 233: T=550 positions=16 loss=0.2872 ce=0.2872 tv=0.1902 conf=2.0476 grad_norm=6.6893 tensors_with_grad=69/72
[train] step 234: T=534 positions=16 loss=1.4471 ce=1.4471 tv=0.3605 conf=2.1207 grad_norm=17.4561 tensors_with_grad=69/72
[train] step 235: T=607 positions=16 loss=1.4247 ce=1.4247 tv=0.2515 conf=2.6815 grad_norm=26.8139 tensors_with_grad=69/72
[train] step 236: T=529 positions=16 loss=3.0868 ce=3.0868 tv=0.5055 conf=2.0063 grad_norm=30.4306 tensors_with_grad=69/72
[train] step 237: T=538 positions=16 loss=2.2006 ce=2.2006 tv=0.4928 conf=2.6211 grad_norm=8.9911 tensors_with_grad=69/72
[train] step 238: T=538 positions=16 loss=0.7424 ce=0.7424 tv=0.2360 conf=1.0471 grad_norm=14.2701 tensors_with_grad=69/72
[train] step 239: T=538 positions=16 loss=0.7259 ce=0.7259 tv=0.1500 conf=0.3810 grad_norm=9.6585 tensors_with_grad=69/72
[train] step 240: T=851 positions=16 loss=3.4671 ce=3.4671 tv=0.5917 conf=2.1084 grad_norm=12.3250 tensors_with_grad=69/72
[train] step 241: T=533 positions=16 loss=1.3741 ce=1.3741 tv=0.2968 conf=3.2594 grad_norm=16.6791 tensors_with_grad=69/72
[train] step 242: T=1623 positions=16 loss=3.7087 ce=3.7087 tv=0.4801 conf=1.7965 grad_norm=21.0717 tensors_with_grad=69/72
[train] step 243: T=547 positions=16 loss=1.2014 ce=1.2014 tv=0.2868 conf=2.3407 grad_norm=7.8664 tensors_with_grad=69/72
[train] step 244: T=876 positions=16 loss=3.4961 ce=3.4961 tv=0.4192 conf=1.8258 grad_norm=16.3040 tensors_with_grad=69/72
[train] step 245: T=528 positions=16 loss=2.0381 ce=2.0381 tv=0.2784 conf=0.9415 grad_norm=16.3319 tensors_with_grad=69/72
[train] step 246: T=652 positions=16 loss=2.5634 ce=2.5634 tv=0.5015 conf=2.9781 grad_norm=11.4029 tensors_with_grad=69/72
[train] step 247: T=611 positions=16 loss=0.4948 ce=0.4948 tv=0.2052 conf=1.7756 grad_norm=11.3855 tensors_with_grad=69/72
[train] step 248: T=588 positions=16 loss=0.4396 ce=0.4396 tv=0.1264 conf=2.0001 grad_norm=10.3229 tensors_with_grad=69/72
[train] step 249: T=554 positions=16 loss=1.1638 ce=1.1638 tv=0.2487 conf=2.5786 grad_norm=13.0271 tensors_with_grad=69/72
[train] step 250: T=592 positions=16 loss=1.7397 ce=1.7397 tv=0.3487 conf=1.4018 grad_norm=12.2406 tensors_with_grad=69/72
[train] step 251: T=540 positions=16 loss=1.2404 ce=1.2404 tv=0.2066 conf=1.1322 grad_norm=16.5499 tensors_with_grad=69/72
[train] step 252: T=537 positions=16 loss=0.8297 ce=0.8297 tv=0.2851 conf=1.4673 grad_norm=11.1173 tensors_with_grad=69/72
[train] step 253: T=673 positions=16 loss=0.8358 ce=0.8358 tv=0.2660 conf=1.9236 grad_norm=8.7422 tensors_with_grad=69/72
[train] step 254: T=575 positions=16 loss=0.3341 ce=0.3341 tv=0.1592 conf=1.2625 grad_norm=4.9360 tensors_with_grad=69/72
[train] step 255: T=545 positions=16 loss=2.3771 ce=2.3771 tv=0.4336 conf=2.3978 grad_norm=15.1749 tensors_with_grad=69/72
[train] step 256: T=540 positions=16 loss=0.9096 ce=0.9096 tv=0.2428 conf=1.7220 grad_norm=5.5427 tensors_with_grad=69/72
[train] step 257: T=525 positions=16 loss=1.5480 ce=1.5480 tv=0.3360 conf=1.5956 grad_norm=11.5296 tensors_with_grad=69/72
[train] step 258: T=1002 positions=16 loss=3.6394 ce=3.6394 tv=0.5507 conf=2.4218 grad_norm=19.4549 tensors_with_grad=69/72
[train] step 259: T=599 positions=16 loss=1.2434 ce=1.2434 tv=0.2122 conf=1.0914 grad_norm=13.7069 tensors_with_grad=69/72
[train] step 260: T=566 positions=16 loss=0.6983 ce=0.6983 tv=0.1924 conf=1.6629 grad_norm=13.3111 tensors_with_grad=69/72
[train] step 261: T=542 positions=16 loss=1.4931 ce=1.4931 tv=0.3498 conf=2.4972 grad_norm=14.4888 tensors_with_grad=69/72
[train] step 262: T=571 positions=16 loss=2.8947 ce=2.8947 tv=0.4469 conf=1.8579 grad_norm=13.1882 tensors_with_grad=69/72
[train] step 263: T=551 positions=16 loss=3.1103 ce=3.1103 tv=0.3891 conf=1.7261 grad_norm=18.8632 tensors_with_grad=69/72
[train] step 264: T=557 positions=16 loss=1.5451 ce=1.5451 tv=0.3528 conf=2.4338 grad_norm=14.3131 tensors_with_grad=69/72
[train] step 265: T=1795 positions=16 loss=4.0131 ce=4.0131 tv=0.5683 conf=2.9643 grad_norm=29.3353 tensors_with_grad=69/72
[train] step 266: T=654 positions=16 loss=1.5234 ce=1.5234 tv=0.3815 conf=1.5724 grad_norm=14.8311 tensors_with_grad=69/72
[train] step 267: T=1011 positions=16 loss=2.5903 ce=2.5903 tv=0.4278 conf=1.7435 grad_norm=10.4850 tensors_with_grad=69/72
[train] step 268: T=673 positions=16 loss=1.5479 ce=1.5479 tv=0.4238 conf=3.4755 grad_norm=14.3455 tensors_with_grad=69/72
[train] step 269: T=588 positions=16 loss=2.2230 ce=2.2230 tv=0.3528 conf=2.4805 grad_norm=18.0962 tensors_with_grad=69/72
[train] step 270: T=540 positions=16 loss=1.1788 ce=1.1788 tv=0.3035 conf=3.9385 grad_norm=17.6654 tensors_with_grad=69/72
[train] step 271: T=667 positions=16 loss=0.3989 ce=0.3989 tv=0.1854 conf=1.4269 grad_norm=4.9940 tensors_with_grad=69/72
[train] step 272: T=952 positions=16 loss=2.3198 ce=2.3198 tv=0.4525 conf=2.8523 grad_norm=21.1580 tensors_with_grad=69/72
[train] step 273: T=862 positions=16 loss=2.2315 ce=2.2315 tv=0.4460 conf=2.0018 grad_norm=10.7395 tensors_with_grad=69/72
[train] step 274: T=945 positions=16 loss=4.0707 ce=4.0707 tv=0.5358 conf=3.1810 grad_norm=25.6273 tensors_with_grad=69/72
[train] step 275: T=545 positions=16 loss=1.8152 ce=1.8152 tv=0.4304 conf=1.8423 grad_norm=9.7476 tensors_with_grad=69/72
[train] step 276: T=677 positions=16 loss=1.4516 ce=1.4516 tv=0.2768 conf=2.2961 grad_norm=10.5695 tensors_with_grad=69/72
[train] step 277: T=659 positions=16 loss=2.2892 ce=2.2892 tv=0.3761 conf=1.2880 grad_norm=14.7360 tensors_with_grad=69/72
[train] step 278: T=676 positions=16 loss=1.1090 ce=1.1090 tv=0.2925 conf=2.3653 grad_norm=15.6898 tensors_with_grad=69/72
[train] step 279: T=525 positions=16 loss=1.7911 ce=1.7911 tv=0.4662 conf=3.5412 grad_norm=14.7171 tensors_with_grad=69/72
[train] step 280: T=568 positions=16 loss=1.3105 ce=1.3105 tv=0.2831 conf=2.6268 grad_norm=15.3962 tensors_with_grad=69/72
[train] step 281: T=613 positions=16 loss=0.5883 ce=0.5883 tv=0.2205 conf=1.4116 grad_norm=13.7245 tensors_with_grad=69/72
[train] step 282: T=535 positions=16 loss=0.8418 ce=0.8418 tv=0.2356 conf=2.7797 grad_norm=11.3054 tensors_with_grad=69/72
[train] step 283: T=524 positions=16 loss=1.2548 ce=1.2548 tv=0.3062 conf=2.2902 grad_norm=14.3010 tensors_with_grad=69/72
[train] step 284: T=529 positions=16 loss=1.3962 ce=1.3962 tv=0.3603 conf=2.5929 grad_norm=13.2472 tensors_with_grad=69/72
[train] step 285: T=549 positions=16 loss=1.0220 ce=1.0220 tv=0.2356 conf=1.5500 grad_norm=7.0946 tensors_with_grad=69/72
[train] step 286: T=878 positions=16 loss=2.3555 ce=2.3555 tv=0.4374 conf=3.1045 grad_norm=14.3289 tensors_with_grad=69/72
[train] step 287: T=570 positions=16 loss=1.1754 ce=1.1754 tv=0.2869 conf=2.2225 grad_norm=10.7229 tensors_with_grad=69/72
[train] step 288: T=675 positions=16 loss=1.5994 ce=1.5994 tv=0.3307 conf=1.7806 grad_norm=37.9438 tensors_with_grad=69/72
[train] step 289: T=590 positions=16 loss=1.4151 ce=1.4151 tv=0.4184 conf=2.9581 grad_norm=15.1302 tensors_with_grad=69/72
[train] step 290: T=619 positions=16 loss=0.5293 ce=0.5293 tv=0.2098 conf=1.7412 grad_norm=7.0171 tensors_with_grad=69/72
[train] step 291: T=540 positions=16 loss=0.6673 ce=0.6673 tv=0.1680 conf=1.0317 grad_norm=14.3104 tensors_with_grad=69/72
[train] step 292: T=557 positions=16 loss=2.2889 ce=2.2889 tv=0.4333 conf=1.9013 grad_norm=17.2722 tensors_with_grad=69/72
[train] step 293: T=674 positions=16 loss=2.3244 ce=2.3244 tv=0.4906 conf=2.0533 grad_norm=9.3948 tensors_with_grad=69/72
[train] step 294: T=551 positions=16 loss=1.4620 ce=1.4620 tv=0.2197 conf=1.9637 grad_norm=11.6199 tensors_with_grad=69/72
[train] step 295: T=536 positions=16 loss=1.5564 ce=1.5564 tv=0.3735 conf=2.8128 grad_norm=12.9009 tensors_with_grad=69/72
[train] step 296: T=562 positions=16 loss=0.7219 ce=0.7219 tv=0.2288 conf=1.5601 grad_norm=10.0622 tensors_with_grad=69/72
[train] step 297: T=914 positions=16 loss=2.8964 ce=2.8964 tv=0.4262 conf=1.8481 grad_norm=16.3435 tensors_with_grad=69/72
[train] step 298: T=603 positions=16 loss=1.2632 ce=1.2632 tv=0.3060 conf=2.5324 grad_norm=15.9504 tensors_with_grad=69/72
[train] step 299: T=637 positions=16 loss=1.3768 ce=1.3768 tv=0.3111 conf=2.2511 grad_norm=28.1352 tensors_with_grad=69/72
[train] step 300: T=678 positions=16 loss=1.9893 ce=1.9893 tv=0.4383 conf=2.3675 grad_norm=13.6373 tensors_with_grad=69/72
[train] step 301: T=1167 positions=16 loss=3.1951 ce=3.1951 tv=0.5070 conf=3.1564 grad_norm=14.6168 tensors_with_grad=69/72
[train] step 302: T=590 positions=16 loss=0.2003 ce=0.2003 tv=0.1276 conf=1.0788 grad_norm=9.4139 tensors_with_grad=69/72
[train] step 303: T=539 positions=16 loss=0.9981 ce=0.9981 tv=0.2283 conf=1.5507 grad_norm=9.9535 tensors_with_grad=69/72
[train] step 304: T=1006 positions=16 loss=2.3005 ce=2.3005 tv=0.4112 conf=3.8523 grad_norm=16.4791 tensors_with_grad=69/72
[train] step 305: T=528 positions=16 loss=3.4913 ce=3.4913 tv=0.5896 conf=1.9676 grad_norm=24.2741 tensors_with_grad=69/72
[train] step 306: T=535 positions=16 loss=1.4434 ce=1.4434 tv=0.3615 conf=2.2704 grad_norm=11.2394 tensors_with_grad=69/72
[train] step 307: T=607 positions=16 loss=0.8619 ce=0.8619 tv=0.2541 conf=2.1103 grad_norm=9.2136 tensors_with_grad=69/72
[train] step 308: T=540 positions=16 loss=0.2484 ce=0.2484 tv=0.1334 conf=1.3643 grad_norm=4.3167 tensors_with_grad=69/72
[train] step 309: T=1532 positions=16 loss=2.9485 ce=2.9485 tv=0.4206 conf=1.4594 grad_norm=14.5745 tensors_with_grad=69/72
[train] step 310: T=532 positions=16 loss=1.4237 ce=1.4237 tv=0.2355 conf=1.5395 grad_norm=21.4828 tensors_with_grad=69/72
[train] step 311: T=1716 positions=16 loss=3.6633 ce=3.6633 tv=0.5106 conf=2.5626 grad_norm=12.9785 tensors_with_grad=69/72
[train] step 312: T=545 positions=16 loss=1.5226 ce=1.5226 tv=0.3260 conf=2.7972 grad_norm=13.7671 tensors_with_grad=69/72
[train] step 313: T=606 positions=16 loss=1.5148 ce=1.5148 tv=0.3580 conf=2.3904 grad_norm=25.0925 tensors_with_grad=69/72
[train] step 314: T=582 positions=16 loss=0.6831 ce=0.6831 tv=0.2265 conf=1.6091 grad_norm=8.7323 tensors_with_grad=69/72
[train] step 315: T=615 positions=16 loss=2.0447 ce=2.0447 tv=0.3817 conf=2.1347 grad_norm=14.7213 tensors_with_grad=69/72
[train] step 316: T=534 positions=16 loss=1.2880 ce=1.2880 tv=0.3132 conf=1.5999 grad_norm=21.2646 tensors_with_grad=69/72
[train] step 317: T=542 positions=16 loss=1.0447 ce=1.0447 tv=0.2658 conf=1.8782 grad_norm=17.9684 tensors_with_grad=69/72
[train] step 318: T=626 positions=16 loss=0.8491 ce=0.8491 tv=0.2659 conf=1.6817 grad_norm=13.9495 tensors_with_grad=69/72
[train] step 319: T=525 positions=16 loss=1.6657 ce=1.6657 tv=0.3876 conf=2.0036 grad_norm=13.0182 tensors_with_grad=69/72
[train] step 320: T=627 positions=16 loss=0.2219 ce=0.2219 tv=0.2065 conf=5.4025 grad_norm=6.6571 tensors_with_grad=69/72
[train] step 321: T=641 positions=16 loss=1.3337 ce=1.3337 tv=0.2818 conf=1.6245 grad_norm=9.9233 tensors_with_grad=69/72
[train] step 322: T=605 positions=16 loss=0.7109 ce=0.7109 tv=0.2357 conf=2.1732 grad_norm=9.6891 tensors_with_grad=69/72
[train] step 323: T=532 positions=16 loss=1.1436 ce=1.1436 tv=0.2313 conf=1.5518 grad_norm=7.9076 tensors_with_grad=69/72
[train] step 324: T=526 positions=16 loss=2.3526 ce=2.3526 tv=0.4834 conf=2.3705 grad_norm=8.7218 tensors_with_grad=69/72
[train] step 325: T=545 positions=16 loss=0.5153 ce=0.5153 tv=0.1789 conf=1.9254 grad_norm=8.5317 tensors_with_grad=69/72
[train] step 326: T=561 positions=16 loss=2.0280 ce=2.0280 tv=0.3411 conf=2.7459 grad_norm=15.7101 tensors_with_grad=69/72
[train] step 327: T=540 positions=16 loss=0.8341 ce=0.8341 tv=0.2473 conf=1.4100 grad_norm=15.0810 tensors_with_grad=69/72
[train] step 328: T=1025 positions=16 loss=3.3932 ce=3.3932 tv=0.5337 conf=3.2136 grad_norm=12.3062 tensors_with_grad=69/72
[train] step 329: T=1316 positions=16 loss=2.8985 ce=2.8985 tv=0.4193 conf=1.6584 grad_norm=9.9860 tensors_with_grad=69/72
[train] step 330: T=593 positions=16 loss=3.0033 ce=3.0033 tv=0.4975 conf=3.8619 grad_norm=16.3997 tensors_with_grad=69/72
[train] step 331: T=1364 positions=16 loss=3.8821 ce=3.8821 tv=0.5219 conf=1.4870 grad_norm=14.8473 tensors_with_grad=69/72
[train] step 332: T=563 positions=16 loss=1.9912 ce=1.9912 tv=0.3309 conf=2.2538 grad_norm=11.8438 tensors_with_grad=69/72
[train] step 333: T=621 positions=16 loss=1.8105 ce=1.8105 tv=0.3786 conf=1.6154 grad_norm=17.3297 tensors_with_grad=69/72
[train] step 334: T=1798 positions=16 loss=2.9060 ce=2.9060 tv=0.4415 conf=3.3267 grad_norm=11.4030 tensors_with_grad=69/72
[train] step 335: T=565 positions=16 loss=2.1813 ce=2.1813 tv=0.4353 conf=2.8602 grad_norm=19.3884 tensors_with_grad=69/72
[train] step 336: T=592 positions=16 loss=0.8297 ce=0.8297 tv=0.2937 conf=2.1552 grad_norm=13.0435 tensors_with_grad=69/72
[train] step 337: T=559 positions=16 loss=0.5712 ce=0.5712 tv=0.1341 conf=1.1310 grad_norm=7.5561 tensors_with_grad=69/72
[train] step 338: T=538 positions=16 loss=0.1965 ce=0.1965 tv=0.0987 conf=0.4112 grad_norm=7.6711 tensors_with_grad=69/72
[train] step 339: T=554 positions=16 loss=1.9482 ce=1.9482 tv=0.3403 conf=2.7918 grad_norm=15.0419 tensors_with_grad=69/72
[train] step 340: T=577 positions=16 loss=2.6599 ce=2.6599 tv=0.5012 conf=2.8622 grad_norm=16.9899 tensors_with_grad=69/72
[train] step 341: T=630 positions=16 loss=0.4859 ce=0.4859 tv=0.1516 conf=1.0914 grad_norm=12.0513 tensors_with_grad=69/72
[train] step 342: T=672 positions=16 loss=1.6923 ce=1.6923 tv=0.3879 conf=1.2944 grad_norm=15.5415 tensors_with_grad=69/72
[train] step 343: T=536 positions=16 loss=0.4099 ce=0.4099 tv=0.1527 conf=1.4843 grad_norm=10.0075 tensors_with_grad=69/72
[train] step 344: T=528 positions=16 loss=1.0361 ce=1.0361 tv=0.2256 conf=2.6888 grad_norm=11.7364 tensors_with_grad=69/72
[train] step 345: T=547 positions=16 loss=1.3477 ce=1.3477 tv=0.3119 conf=1.4698 grad_norm=14.0471 tensors_with_grad=69/72
[train] step 346: T=639 positions=16 loss=0.5013 ce=0.5013 tv=0.1748 conf=1.3919 grad_norm=8.3254 tensors_with_grad=69/72
[train] step 347: T=602 positions=16 loss=1.5407 ce=1.5407 tv=0.2684 conf=2.1886 grad_norm=36.9942 tensors_with_grad=69/72
[train] step 348: T=665 positions=16 loss=0.4507 ce=0.4507 tv=0.1670 conf=1.8488 grad_norm=6.4581 tensors_with_grad=69/72
[train] step 349: T=600 positions=16 loss=2.2318 ce=2.2318 tv=0.4215 conf=2.6259 grad_norm=51.1846 tensors_with_grad=69/72
[train] step 350: T=1649 positions=16 loss=4.3716 ce=4.3716 tv=0.5585 conf=1.8299 grad_norm=21.4728 tensors_with_grad=69/72
[train] step 351: T=1232 positions=16 loss=2.7935 ce=2.7935 tv=0.5555 conf=3.1532 grad_norm=12.0460 tensors_with_grad=69/72
[train] step 352: T=528 positions=16 loss=1.7255 ce=1.7255 tv=0.4411 conf=1.2994 grad_norm=14.8154 tensors_with_grad=69/72
[train] step 353: T=1067 positions=16 loss=3.2253 ce=3.2253 tv=0.5303 conf=2.4184 grad_norm=17.0005 tensors_with_grad=69/72
[train] step 354: T=524 positions=16 loss=3.0764 ce=3.0764 tv=0.4929 conf=2.1231 grad_norm=13.8474 tensors_with_grad=69/72
[train] step 355: T=634 positions=16 loss=0.8298 ce=0.8298 tv=0.3344 conf=2.9895 grad_norm=12.1853 tensors_with_grad=69/72
[train] step 356: T=593 positions=16 loss=0.9856 ce=0.9856 tv=0.2294 conf=2.5325 grad_norm=18.5734 tensors_with_grad=69/72
[train] step 357: T=524 positions=16 loss=1.6385 ce=1.6385 tv=0.4155 conf=2.7180 grad_norm=14.6439 tensors_with_grad=69/72
[train] step 358: T=574 positions=16 loss=1.0066 ce=1.0066 tv=0.2734 conf=2.2519 grad_norm=21.5179 tensors_with_grad=69/72
[train] step 359: T=602 positions=16 loss=0.8923 ce=0.8923 tv=0.3052 conf=1.7751 grad_norm=8.1067 tensors_with_grad=69/72
[train] step 360: T=573 positions=16 loss=0.7241 ce=0.7241 tv=0.1487 conf=0.7775 grad_norm=11.6115 tensors_with_grad=69/72
[train] step 361: T=677 positions=16 loss=1.5547 ce=1.5547 tv=0.3453 conf=2.4445 grad_norm=14.0376 tensors_with_grad=69/72
[train] step 362: T=568 positions=16 loss=2.8156 ce=2.8156 tv=0.5553 conf=3.1942 grad_norm=17.3890 tensors_with_grad=69/72
[train] step 363: T=961 positions=16 loss=2.2715 ce=2.2715 tv=0.4293 conf=3.2047 grad_norm=22.6432 tensors_with_grad=69/72
[train] step 364: T=569 positions=16 loss=2.2913 ce=2.2913 tv=0.4596 conf=2.6113 grad_norm=24.5520 tensors_with_grad=69/72
[train] step 365: T=533 positions=16 loss=1.4011 ce=1.4011 tv=0.3258 conf=3.7590 grad_norm=19.2900 tensors_with_grad=69/72
[train] step 366: T=539 positions=16 loss=1.2305 ce=1.2305 tv=0.3861 conf=2.1344 grad_norm=7.5683 tensors_with_grad=69/72
[train] step 367: T=562 positions=16 loss=1.0702 ce=1.0702 tv=0.2427 conf=1.1676 grad_norm=17.8345 tensors_with_grad=69/72
[train] step 368: T=531 positions=16 loss=0.7843 ce=0.7843 tv=0.1714 conf=0.4704 grad_norm=7.8309 tensors_with_grad=69/72
[train] step 369: T=539 positions=16 loss=2.1258 ce=2.1258 tv=0.4021 conf=1.5402 grad_norm=32.7686 tensors_with_grad=69/72
[train] step 370: T=618 positions=16 loss=1.2876 ce=1.2876 tv=0.3343 conf=1.7023 grad_norm=20.0588 tensors_with_grad=69/72
[train] step 371: T=535 positions=16 loss=0.1308 ce=0.1308 tv=0.0750 conf=0.6310 grad_norm=6.2209 tensors_with_grad=69/72
[train] step 372: T=675 positions=16 loss=2.3372 ce=2.3372 tv=0.4844 conf=3.2172 grad_norm=11.9468 tensors_with_grad=69/72
[train] step 373: T=606 positions=16 loss=0.3981 ce=0.3981 tv=0.1092 conf=0.8845 grad_norm=12.3686 tensors_with_grad=69/72
[train] step 374: T=529 positions=16 loss=1.8414 ce=1.8414 tv=0.4102 conf=2.1689 grad_norm=10.1339 tensors_with_grad=69/72
[train] step 375: T=529 positions=16 loss=3.3242 ce=3.3242 tv=0.6113 conf=3.3179 grad_norm=18.9555 tensors_with_grad=69/72
[train] step 376: T=530 positions=16 loss=1.8971 ce=1.8971 tv=0.4017 conf=2.1686 grad_norm=8.3301 tensors_with_grad=69/72
[train] step 377: T=1003 positions=16 loss=2.1854 ce=2.1854 tv=0.3441 conf=1.4224 grad_norm=9.1012 tensors_with_grad=69/72
[train] step 378: T=551 positions=16 loss=2.0381 ce=2.0381 tv=0.3011 conf=1.5907 grad_norm=12.6303 tensors_with_grad=69/72
[train] step 379: T=810 positions=16 loss=1.7298 ce=1.7298 tv=0.2657 conf=1.8944 grad_norm=8.6591 tensors_with_grad=69/72
[train] step 380: T=533 positions=16 loss=0.7477 ce=0.7477 tv=0.2322 conf=2.5861 grad_norm=9.8324 tensors_with_grad=69/72
[train] step 381: T=672 positions=16 loss=2.1025 ce=2.1025 tv=0.5243 conf=2.0369 grad_norm=10.7061 tensors_with_grad=69/72
[train] step 382: T=1041 positions=16 loss=3.7602 ce=3.7602 tv=0.4317 conf=1.9719 grad_norm=21.0300 tensors_with_grad=69/72
[train] step 383: T=599 positions=16 loss=0.7970 ce=0.7970 tv=0.2677 conf=1.5705 grad_norm=11.5773 tensors_with_grad=69/72
[train] step 384: T=678 positions=16 loss=0.4468 ce=0.4468 tv=0.2109 conf=2.1707 grad_norm=9.7474 tensors_with_grad=69/72
[train] step 385: T=672 positions=16 loss=2.3122 ce=2.3122 tv=0.4378 conf=2.3345 grad_norm=17.3131 tensors_with_grad=69/72
[train] step 386: T=570 positions=16 loss=2.9207 ce=2.9207 tv=0.5357 conf=2.5141 grad_norm=23.5714 tensors_with_grad=69/72
[train] step 387: T=1218 positions=16 loss=4.0757 ce=4.0757 tv=0.5728 conf=2.5809 grad_norm=18.1411 tensors_with_grad=69/72
[train] step 388: T=529 positions=16 loss=0.8161 ce=0.8161 tv=0.2508 conf=1.2000 grad_norm=13.6003 tensors_with_grad=69/72
[train] step 389: T=532 positions=16 loss=1.0296 ce=1.0296 tv=0.2580 conf=2.1797 grad_norm=12.3660 tensors_with_grad=69/72
[train] step 390: T=541 positions=16 loss=0.6891 ce=0.6891 tv=0.1764 conf=1.0378 grad_norm=10.4209 tensors_with_grad=69/72
[train] step 391: T=531 positions=16 loss=1.2181 ce=1.2181 tv=0.2848 conf=2.5626 grad_norm=13.4353 tensors_with_grad=69/72
[train] step 392: T=630 positions=16 loss=1.0936 ce=1.0936 tv=0.2107 conf=1.3745 grad_norm=7.6093 tensors_with_grad=69/72
[train] step 393: T=1225 positions=16 loss=3.3105 ce=3.3105 tv=0.5064 conf=3.6548 grad_norm=12.6920 tensors_with_grad=69/72
[train] step 394: T=622 positions=16 loss=1.6949 ce=1.6949 tv=0.3831 conf=1.5317 grad_norm=12.4427 tensors_with_grad=69/72
[train] step 395: T=950 positions=16 loss=2.1498 ce=2.1498 tv=0.3992 conf=3.4106 grad_norm=10.2992 tensors_with_grad=69/72
[train] step 396: T=537 positions=16 loss=0.4389 ce=0.4389 tv=0.1178 conf=0.4786 grad_norm=8.6493 tensors_with_grad=69/72
[train] step 397: T=616 positions=16 loss=0.3320 ce=0.3320 tv=0.1418 conf=1.1370 grad_norm=7.4409 tensors_with_grad=69/72
[train] step 398: T=532 positions=16 loss=0.2093 ce=0.2093 tv=0.1077 conf=1.5382 grad_norm=4.3836 tensors_with_grad=69/72
[train] step 399: T=587 positions=16 loss=0.4688 ce=0.4688 tv=0.1742 conf=1.1473 grad_norm=9.3279 tensors_with_grad=69/72
[train] step 400: T=611 positions=16 loss=2.0113 ce=2.0113 tv=0.3603 conf=2.5269 grad_norm=12.3932 tensors_with_grad=69/72
[train] step 401: T=534 positions=16 loss=0.5282 ce=0.5282 tv=0.1925 conf=0.6327 grad_norm=8.7497 tensors_with_grad=69/72
[train] step 402: T=532 positions=16 loss=0.0800 ce=0.0800 tv=0.1040 conf=0.3935 grad_norm=2.9007 tensors_with_grad=69/72
[train] step 403: T=525 positions=16 loss=1.0919 ce=1.0919 tv=0.1704 conf=1.8064 grad_norm=11.0418 tensors_with_grad=69/72
[train] step 404: T=628 positions=16 loss=1.5056 ce=1.5056 tv=0.3176 conf=2.0786 grad_norm=13.5911 tensors_with_grad=69/72
[train] step 405: T=940 positions=16 loss=3.0813 ce=3.0813 tv=0.4336 conf=2.9309 grad_norm=13.8740 tensors_with_grad=69/72
[train] step 406: T=672 positions=16 loss=0.8097 ce=0.8097 tv=0.2722 conf=1.3963 grad_norm=21.2495 tensors_with_grad=69/72
[train] step 407: T=642 positions=16 loss=2.3436 ce=2.3436 tv=0.4747 conf=2.9863 grad_norm=15.6500 tensors_with_grad=69/72
[train] step 408: T=673 positions=16 loss=1.5847 ce=1.5847 tv=0.4531 conf=3.3768 grad_norm=11.9936 tensors_with_grad=69/72
[train] step 409: T=532 positions=16 loss=1.2323 ce=1.2323 tv=0.2745 conf=2.7358 grad_norm=10.1095 tensors_with_grad=69/72
[train] step 410: T=528 positions=16 loss=2.3846 ce=2.3846 tv=0.4806 conf=2.3867 grad_norm=13.7648 tensors_with_grad=69/72
[train] step 411: T=585 positions=16 loss=1.7639 ce=1.7639 tv=0.3880 conf=1.8458 grad_norm=16.9182 tensors_with_grad=69/72
[train] step 412: T=544 positions=16 loss=0.3829 ce=0.3829 tv=0.1549 conf=1.4853 grad_norm=14.3697 tensors_with_grad=69/72
[train] step 413: T=544 positions=16 loss=0.4638 ce=0.4638 tv=0.1989 conf=1.9130 grad_norm=9.1391 tensors_with_grad=69/72
[train] step 414: T=674 positions=16 loss=1.9299 ce=1.9299 tv=0.4372 conf=1.8870 grad_norm=15.5124 tensors_with_grad=69/72
[train] step 415: T=558 positions=16 loss=0.5604 ce=0.5604 tv=0.2003 conf=1.7838 grad_norm=9.3972 tensors_with_grad=69/72
[train] step 416: T=596 positions=16 loss=0.8829 ce=0.8829 tv=0.3093 conf=2.0752 grad_norm=17.7934 tensors_with_grad=69/72
[train] step 417: T=644 positions=16 loss=1.5744 ce=1.5744 tv=0.4364 conf=3.2571 grad_norm=12.5801 tensors_with_grad=69/72
[train] step 418: T=676 positions=16 loss=1.1448 ce=1.1448 tv=0.2980 conf=2.0279 grad_norm=17.8175 tensors_with_grad=69/72
[train] step 419: T=643 positions=16 loss=1.5852 ce=1.5852 tv=0.4105 conf=2.3398 grad_norm=10.7752 tensors_with_grad=69/72
[train] step 420: T=526 positions=16 loss=0.5129 ce=0.5129 tv=0.1076 conf=0.2083 grad_norm=5.5273 tensors_with_grad=69/72
[train] step 421: T=540 positions=16 loss=0.1988 ce=0.1988 tv=0.1207 conf=1.4017 grad_norm=6.9228 tensors_with_grad=69/72
[train] step 422: T=665 positions=16 loss=2.6424 ce=2.6424 tv=0.4854 conf=2.6411 grad_norm=12.0479 tensors_with_grad=69/72
[train] step 423: T=530 positions=16 loss=1.6913 ce=1.6913 tv=0.3550 conf=4.4210 grad_norm=17.2666 tensors_with_grad=69/72
[train] step 424: T=526 positions=16 loss=1.9038 ce=1.9038 tv=0.2860 conf=0.9672 grad_norm=21.0399 tensors_with_grad=69/72
[train] step 425: T=539 positions=16 loss=0.4588 ce=0.4588 tv=0.1814 conf=1.4425 grad_norm=10.2552 tensors_with_grad=69/72
[train] step 426: T=548 positions=16 loss=1.9224 ce=1.9224 tv=0.3532 conf=2.1853 grad_norm=11.5966 tensors_with_grad=69/72
[train] step 427: T=545 positions=16 loss=1.7073 ce=1.7073 tv=0.2231 conf=1.3456 grad_norm=16.3381 tensors_with_grad=69/72
[train] step 428: T=889 positions=16 loss=3.0394 ce=3.0394 tv=0.4875 conf=1.5723 grad_norm=23.7393 tensors_with_grad=69/72
[train] step 429: T=673 positions=16 loss=1.6672 ce=1.6672 tv=0.3255 conf=1.5083 grad_norm=12.4847 tensors_with_grad=69/72
[train] step 430: T=597 positions=16 loss=0.1950 ce=0.1950 tv=0.1528 conf=1.4304 grad_norm=3.3690 tensors_with_grad=69/72
[train] step 431: T=601 positions=16 loss=1.3581 ce=1.3581 tv=0.2883 conf=1.4281 grad_norm=21.2197 tensors_with_grad=69/72
[train] step 432: T=525 positions=16 loss=2.2554 ce=2.2554 tv=0.5076 conf=2.6861 grad_norm=19.7057 tensors_with_grad=69/72
[train] step 433: T=541 positions=16 loss=0.1855 ce=0.1855 tv=0.1545 conf=0.8375 grad_norm=9.8310 tensors_with_grad=69/72
[train] step 434: T=561 positions=16 loss=0.7819 ce=0.7819 tv=0.2332 conf=2.1722 grad_norm=14.1932 tensors_with_grad=69/72
[train] step 435: T=556 positions=16 loss=1.1271 ce=1.1271 tv=0.1953 conf=1.0171 grad_norm=14.9436 tensors_with_grad=69/72
[train] step 436: T=541 positions=16 loss=0.2821 ce=0.2821 tv=0.1476 conf=0.9898 grad_norm=5.9501 tensors_with_grad=69/72
[train] step 437: T=582 positions=16 loss=2.2616 ce=2.2616 tv=0.4285 conf=1.1284 grad_norm=19.1105 tensors_with_grad=69/72
[train] step 438: T=543 positions=16 loss=1.8627 ce=1.8627 tv=0.2880 conf=1.6903 grad_norm=18.2755 tensors_with_grad=69/72
[train] step 439: T=636 positions=16 loss=1.0526 ce=1.0526 tv=0.3609 conf=1.4639 grad_norm=14.7042 tensors_with_grad=69/72
[train] step 440: T=530 positions=16 loss=1.9437 ce=1.9437 tv=0.4571 conf=2.3973 grad_norm=9.7320 tensors_with_grad=69/72
[train] step 441: T=581 positions=16 loss=1.0595 ce=1.0595 tv=0.3238 conf=1.9026 grad_norm=12.3027 tensors_with_grad=69/72
[train] step 442: T=569 positions=16 loss=1.1445 ce=1.1445 tv=0.2427 conf=1.2706 grad_norm=9.6729 tensors_with_grad=69/72
[train] step 443: T=573 positions=16 loss=1.4762 ce=1.4762 tv=0.2830 conf=3.0480 grad_norm=15.4607 tensors_with_grad=69/72
[train] step 444: T=543 positions=16 loss=2.7074 ce=2.7074 tv=0.4441 conf=2.4596 grad_norm=19.6997 tensors_with_grad=69/72
[train] step 445: T=546 positions=16 loss=0.5408 ce=0.5408 tv=0.1469 conf=1.5571 grad_norm=11.0214 tensors_with_grad=69/72
[train] step 446: T=672 positions=16 loss=2.3281 ce=2.3281 tv=0.5432 conf=3.5506 grad_norm=11.3317 tensors_with_grad=69/72
[train] step 447: T=604 positions=16 loss=2.6721 ce=2.6721 tv=0.4215 conf=1.3780 grad_norm=26.0646 tensors_with_grad=69/72
[train] step 448: T=622 positions=16 loss=1.3611 ce=1.3611 tv=0.3154 conf=1.4221 grad_norm=10.4720 tensors_with_grad=69/72
[train] step 449: T=542 positions=16 loss=1.9008 ce=1.9008 tv=0.3488 conf=1.6150 grad_norm=27.4705 tensors_with_grad=69/72
[train] step 450: T=539 positions=16 loss=0.5479 ce=0.5479 tv=0.2214 conf=3.3921 grad_norm=12.0308 tensors_with_grad=69/72
[train] step 451: T=636 positions=16 loss=0.9004 ce=0.9004 tv=0.2752 conf=2.3422 grad_norm=11.5487 tensors_with_grad=69/72
[train] step 452: T=587 positions=16 loss=0.6468 ce=0.6468 tv=0.1272 conf=1.3509 grad_norm=9.8649 tensors_with_grad=69/72
[train] step 453: T=633 positions=16 loss=1.5891 ce=1.5891 tv=0.3509 conf=2.0072 grad_norm=17.4170 tensors_with_grad=69/72
[train] step 454: T=536 positions=16 loss=0.2655 ce=0.2655 tv=0.0962 conf=0.9725 grad_norm=6.3624 tensors_with_grad=69/72
[train] step 455: T=529 positions=16 loss=0.7599 ce=0.7599 tv=0.1699 conf=3.3719 grad_norm=10.2251 tensors_with_grad=69/72
[train] step 456: T=580 positions=16 loss=0.3582 ce=0.3582 tv=0.1614 conf=1.6947 grad_norm=5.5114 tensors_with_grad=69/72
[train] step 457: T=1549 positions=16 loss=3.0572 ce=3.0572 tv=0.4696 conf=3.5021 grad_norm=13.0433 tensors_with_grad=69/72
[train] step 458: T=636 positions=16 loss=0.6958 ce=0.6958 tv=0.2681 conf=3.5144 grad_norm=27.2129 tensors_with_grad=69/72
[train] step 459: T=899 positions=16 loss=1.7454 ce=1.7454 tv=0.2811 conf=1.7989 grad_norm=6.8836 tensors_with_grad=69/72
[train] step 460: T=611 positions=16 loss=0.2787 ce=0.2787 tv=0.1189 conf=1.0875 grad_norm=9.3662 tensors_with_grad=69/72
[train] step 461: T=533 positions=16 loss=0.7751 ce=0.7751 tv=0.1886 conf=0.8358 grad_norm=7.1248 tensors_with_grad=69/72
[train] step 462: T=567 positions=16 loss=2.3026 ce=2.3026 tv=0.4092 conf=2.9042 grad_norm=9.8135 tensors_with_grad=69/72
[train] step 463: T=539 positions=16 loss=0.2127 ce=0.2127 tv=0.0957 conf=0.9499 grad_norm=3.8865 tensors_with_grad=69/72
[train] step 464: T=539 positions=16 loss=0.1250 ce=0.1250 tv=0.0941 conf=0.8511 grad_norm=5.6517 tensors_with_grad=69/72
[train] step 465: T=663 positions=16 loss=0.9827 ce=0.9827 tv=0.2985 conf=1.5947 grad_norm=13.1892 tensors_with_grad=69/72
[train] step 466: T=601 positions=16 loss=1.5656 ce=1.5656 tv=0.3303 conf=1.6304 grad_norm=10.9465 tensors_with_grad=69/72
[train] step 467: T=532 positions=16 loss=0.5501 ce=0.5501 tv=0.1610 conf=0.7804 grad_norm=8.3442 tensors_with_grad=69/72
[train] step 468: T=575 positions=16 loss=1.6200 ce=1.6200 tv=0.4064 conf=2.3037 grad_norm=9.5306 tensors_with_grad=69/72
[train] step 469: T=542 positions=16 loss=0.4857 ce=0.4857 tv=0.2006 conf=1.7316 grad_norm=10.0312 tensors_with_grad=69/72
[train] step 470: T=1125 positions=16 loss=1.9283 ce=1.9283 tv=0.3271 conf=3.5164 grad_norm=13.1836 tensors_with_grad=69/72
[train] step 471: T=586 positions=16 loss=1.5157 ce=1.5157 tv=0.3453 conf=1.5189 grad_norm=23.1526 tensors_with_grad=69/72
[train] step 472: T=576 positions=16 loss=0.6488 ce=0.6488 tv=0.2269 conf=1.9267 grad_norm=9.7789 tensors_with_grad=69/72
[train] step 473: T=534 positions=16 loss=0.6679 ce=0.6679 tv=0.2311 conf=2.9972 grad_norm=11.6476 tensors_with_grad=69/72
[train] step 474: T=535 positions=16 loss=1.3201 ce=1.3201 tv=0.2497 conf=0.9227 grad_norm=11.1151 tensors_with_grad=69/72
[train] step 475: T=663 positions=16 loss=1.7268 ce=1.7268 tv=0.4999 conf=2.9875 grad_norm=12.8412 tensors_with_grad=69/72
[train] step 476: T=593 positions=16 loss=2.3452 ce=2.3452 tv=0.3568 conf=1.8114 grad_norm=29.6336 tensors_with_grad=69/72
[train] step 477: T=672 positions=16 loss=2.7470 ce=2.7470 tv=0.5330 conf=2.4480 grad_norm=15.5972 tensors_with_grad=69/72
[train] step 478: T=572 positions=16 loss=2.1154 ce=2.1154 tv=0.4232 conf=1.7963 grad_norm=21.4989 tensors_with_grad=69/72
[train] step 479: T=672 positions=16 loss=1.7983 ce=1.7983 tv=0.4353 conf=3.0216 grad_norm=12.5745 tensors_with_grad=69/72
[train] step 480: T=557 positions=16 loss=0.6965 ce=0.6965 tv=0.1795 conf=1.4385 grad_norm=10.5192 tensors_with_grad=69/72
[train] step 481: T=676 positions=16 loss=2.0146 ce=2.0146 tv=0.3940 conf=1.7708 grad_norm=9.2292 tensors_with_grad=69/72
[train] step 482: T=676 positions=16 loss=2.1532 ce=2.1532 tv=0.4570 conf=1.8976 grad_norm=12.8968 tensors_with_grad=69/72
[train] step 483: T=526 positions=16 loss=2.1175 ce=2.1175 tv=0.4904 conf=2.8867 grad_norm=21.4445 tensors_with_grad=69/72
[train] step 484: T=585 positions=16 loss=1.0594 ce=1.0594 tv=0.2509 conf=1.5802 grad_norm=12.2448 tensors_with_grad=69/72
[train] step 485: T=542 positions=16 loss=0.9550 ce=0.9550 tv=0.3166 conf=1.3211 grad_norm=13.0474 tensors_with_grad=69/72
[train] step 486: T=572 positions=16 loss=1.3774 ce=1.3774 tv=0.2686 conf=1.4290 grad_norm=13.7122 tensors_with_grad=69/72
[train] step 487: T=567 positions=16 loss=2.2681 ce=2.2681 tv=0.4219 conf=2.8141 grad_norm=18.8803 tensors_with_grad=69/72
[train] step 488: T=591 positions=16 loss=1.2498 ce=1.2498 tv=0.2510 conf=2.1376 grad_norm=26.1921 tensors_with_grad=69/72
[train] step 489: T=536 positions=16 loss=0.0416 ce=0.0416 tv=0.0457 conf=0.3901 grad_norm=1.4989 tensors_with_grad=69/72
[diag] draft-argmax == TARGET-argmax : 68.6%  | == ground-truth token: 68.9%
[diag] mean top-1 prob  target 0.840  draft 0.750   (TV near 1 with a PEAKED draft => misalignment; with a FLAT draft => genuine)
[train] saved 72 trained tensors -> /cap/s3recap-ce1.0/c2/trained/mtp_trained.safetensors
[train] saved AdamW state -> /cap/s3recap-ce1.0/c2/trained/opt_state.pt (needed for --resume to be equivalent to one continuous run)
[train] metrics -> /cap/s3recap-ce1.0/c2/train_metrics.json  (loss 1.4608 -> 0.0416, tail mean 1.3347)
[train] TRAIN OK
