[train] device=cuda torch=2.10.0
  loading model-00046-of-00048.safetensors ...
  loading model-00047-of-00048.safetensors ...
  loading model-00048-of-00048.safetensors ...
  dequantised 1512 tensors, 12.60 B params, 23.5 GiB bf16
[train] weights ready in 9.9s
[train] trainable 517.3 M in 72 tensors | frozen experts 12.08 B
[train] capture: 491 sample(s)
[Gloo] Rank 0 is connected to 0 peer ranks. Expected number of connected peer ranks is : 0
[train] ModelArgs: n_mtp=3 block=5 taps=[40, 41, 42] markov_rank=256
[train] built 3 DSparkBlock(s) on meta
[train] re-materialised freqs_cis on 3 attention module(s) (persistent=False buffers are NOT in state_dict and to_empty() zapped them)
[train] load_state_dict: 0 missing, 0 unexpected
[train] GATE1 model construction OK
[train] aux: embed.weight(129280, 4096), head.weight(129280, 4096)
[train] trainable tensors in graph: 72 / 517.3 M
[train] resumed 72/72 trained tensors from /cap/s3recap-p25-b0.1/c0/trained/mtp_trained.safetensors
[train] resumed AdamW state: 69/72 tensors carry moments (3 never received a gradient, expected), indices aligned
[train] P2.5 anchor: frozen copy of 3 block(s), beta=0.1
[train] lr schedule: linear warmup 73 step(s) -> cosine over 1472 session step(s), peak 5e-05; this chunk is steps 491..981
/work/train/train_head.py:115: UserWarning: Converting a tensor with requires_grad=True to a scalar may lead to unexpected behavior.
Consider using tensor.detach() first. (Triggered internally at /opt/pytorch/torch/csrc/autograd/generated/python_variable_methods.cpp:836.)
  parts = {"ce": float((w * ce).sum()), "tv": float((w * tv).sum()), "conf": 0.0}
[train] step 0: T=675 positions=16 loss=0.7454 ce=1.5969 tv=0.3967 conf=0.8340 grad_norm=3.9847 tensors_with_grad=69/72
[train] step 1: T=593 positions=16 loss=0.3472 ce=0.9841 tv=0.1866 conf=0.7106 grad_norm=7.4207 tensors_with_grad=69/72
[train] step 2: T=984 positions=16 loss=1.5111 ce=3.3111 tv=0.4092 conf=0.8350 grad_norm=4.7482 tensors_with_grad=69/72
[train] step 3: T=672 positions=16 loss=0.5021 ce=1.3864 tv=0.3028 conf=1.0678 grad_norm=2.1859 tensors_with_grad=69/72
[train] step 4: T=675 positions=16 loss=0.8114 ce=1.7224 tv=0.3508 conf=1.1462 grad_norm=5.7566 tensors_with_grad=69/72
[train] step 5: T=1257 positions=16 loss=1.6736 ce=4.0468 tv=0.4824 conf=0.7223 grad_norm=4.9759 tensors_with_grad=69/72
[train] step 6: T=673 positions=16 loss=1.0738 ce=2.7379 tv=0.5384 conf=1.1300 grad_norm=3.6654 tensors_with_grad=69/72
[train] step 7: T=535 positions=16 loss=0.3711 ce=1.0217 tv=0.2428 conf=0.4184 grad_norm=2.6580 tensors_with_grad=69/72
[train] step 8: T=608 positions=16 loss=0.8223 ce=1.7824 tv=0.3912 conf=0.8375 grad_norm=2.8716 tensors_with_grad=69/72
[train] step 9: T=524 positions=16 loss=1.6665 ce=3.3363 tv=0.6256 conf=0.8380 grad_norm=5.1933 tensors_with_grad=69/72
[train] step 10: T=629 positions=16 loss=0.5168 ce=1.3052 tv=0.3143 conf=0.8309 grad_norm=3.4694 tensors_with_grad=69/72
[train] step 11: T=533 positions=16 loss=0.5183 ce=1.4265 tv=0.3501 conf=0.7630 grad_norm=3.3558 tensors_with_grad=69/72
[train] step 12: T=524 positions=16 loss=1.1047 ce=2.6223 tv=0.5560 conf=1.1240 grad_norm=6.2861 tensors_with_grad=69/72
[train] step 13: T=672 positions=16 loss=0.9171 ce=2.4396 tv=0.4923 conf=0.8201 grad_norm=4.4362 tensors_with_grad=69/72
[train] step 14: T=597 positions=16 loss=0.4476 ce=1.3189 tv=0.2631 conf=1.1730 grad_norm=3.2203 tensors_with_grad=69/72
[train] step 15: T=605 positions=16 loss=0.7285 ce=1.7422 tv=0.4388 conf=1.1009 grad_norm=3.6298 tensors_with_grad=69/72
[train] step 16: T=672 positions=16 loss=1.4263 ce=3.2558 tv=0.5374 conf=1.1355 grad_norm=4.4619 tensors_with_grad=69/72
[train] step 17: T=524 positions=16 loss=0.9541 ce=2.4805 tv=0.4934 conf=1.5490 grad_norm=5.4848 tensors_with_grad=69/72
[train] step 18: T=533 positions=16 loss=0.2807 ce=0.6294 tv=0.1429 conf=0.2449 grad_norm=1.6786 tensors_with_grad=69/72
[train] step 19: T=609 positions=16 loss=0.6956 ce=1.5725 tv=0.3894 conf=0.8331 grad_norm=2.8560 tensors_with_grad=69/72
[train] step 20: T=622 positions=16 loss=0.8703 ce=2.0451 tv=0.4099 conf=1.3229 grad_norm=3.5677 tensors_with_grad=69/72
[train] step 21: T=932 positions=16 loss=1.1904 ce=2.5102 tv=0.4549 conf=1.0296 grad_norm=7.9102 tensors_with_grad=69/72
[train] step 22: T=529 positions=16 loss=1.1875 ce=2.7179 tv=0.4227 conf=1.1882 grad_norm=4.8682 tensors_with_grad=69/72
[train] step 23: T=677 positions=16 loss=1.0624 ce=2.9246 tv=0.4889 conf=1.6587 grad_norm=3.6928 tensors_with_grad=69/72
[train] step 24: T=1210 positions=16 loss=1.6657 ce=4.4445 tv=0.4766 conf=1.0842 grad_norm=5.2025 tensors_with_grad=69/72
[train] step 25: T=533 positions=16 loss=0.3679 ce=1.0118 tv=0.1772 conf=0.9854 grad_norm=2.0812 tensors_with_grad=69/72
[train] step 26: T=618 positions=16 loss=0.5405 ce=1.7330 tv=0.3322 conf=1.5329 grad_norm=7.1264 tensors_with_grad=69/72
[train] step 27: T=530 positions=16 loss=0.7709 ce=1.9935 tv=0.3446 conf=1.0390 grad_norm=5.1537 tensors_with_grad=69/72
[train] step 28: T=527 positions=16 loss=0.7130 ce=1.8236 tv=0.4164 conf=1.4843 grad_norm=3.4824 tensors_with_grad=69/72
[train] step 29: T=924 positions=16 loss=1.0918 ce=2.6446 tv=0.4355 conf=1.6308 grad_norm=5.2028 tensors_with_grad=69/72
[train] step 30: T=550 positions=16 loss=1.0552 ce=2.7491 tv=0.5128 conf=1.8777 grad_norm=4.2895 tensors_with_grad=69/72
[train] step 31: T=653 positions=16 loss=1.2710 ce=3.3417 tv=0.5160 conf=2.1678 grad_norm=4.3901 tensors_with_grad=69/72
[train] step 32: T=659 positions=16 loss=0.8980 ce=2.2386 tv=0.3867 conf=0.5228 grad_norm=2.8042 tensors_with_grad=69/72
[train] step 33: T=535 positions=16 loss=0.4125 ce=1.1618 tv=0.2122 conf=1.1744 grad_norm=3.3172 tensors_with_grad=69/72
[train] step 34: T=675 positions=16 loss=0.9291 ce=2.3173 tv=0.5024 conf=1.3320 grad_norm=3.7677 tensors_with_grad=69/72
[train] step 35: T=624 positions=16 loss=0.3481 ce=1.2728 tv=0.2860 conf=2.3464 grad_norm=2.9301 tensors_with_grad=69/72
[train] step 36: T=634 positions=16 loss=0.8228 ce=2.3875 tv=0.4408 conf=0.9656 grad_norm=4.9985 tensors_with_grad=69/72
[train] step 37: T=547 positions=16 loss=0.7482 ce=1.8657 tv=0.3863 conf=1.6077 grad_norm=5.4840 tensors_with_grad=69/72
[train] step 38: T=536 positions=16 loss=0.7706 ce=1.8913 tv=0.3572 conf=2.2811 grad_norm=3.3440 tensors_with_grad=69/72
[train] step 39: T=672 positions=16 loss=0.2217 ce=0.6736 tv=0.1728 conf=0.8479 grad_norm=2.1395 tensors_with_grad=69/72
[train] step 40: T=673 positions=16 loss=0.3084 ce=1.2318 tv=0.2672 conf=1.7579 grad_norm=2.4594 tensors_with_grad=69/72
[train] step 41: T=574 positions=16 loss=1.1633 ce=2.9833 tv=0.4890 conf=1.2240 grad_norm=4.0016 tensors_with_grad=69/72
[train] step 42: T=673 positions=16 loss=0.9436 ce=2.0476 tv=0.4753 conf=1.6695 grad_norm=6.4538 tensors_with_grad=69/72
[train] step 43: T=1093 positions=16 loss=1.3667 ce=3.2814 tv=0.4839 conf=1.4184 grad_norm=4.6114 tensors_with_grad=69/72
[train] step 44: T=572 positions=16 loss=1.1874 ce=3.2070 tv=0.5208 conf=1.7326 grad_norm=4.5293 tensors_with_grad=69/72
[train] step 45: T=607 positions=16 loss=0.9745 ce=2.3835 tv=0.4049 conf=0.8484 grad_norm=11.8152 tensors_with_grad=69/72
[train] step 46: T=604 positions=16 loss=0.4320 ce=1.0607 tv=0.2730 conf=1.5500 grad_norm=8.1123 tensors_with_grad=69/72
[train] step 47: T=674 positions=16 loss=0.7695 ce=2.2301 tv=0.3266 conf=1.3773 grad_norm=2.2116 tensors_with_grad=69/72
[train] step 48: T=529 positions=16 loss=0.7714 ce=1.9764 tv=0.4198 conf=2.0818 grad_norm=4.9049 tensors_with_grad=69/72
[train] step 49: T=674 positions=16 loss=0.2507 ce=0.9412 tv=0.2182 conf=1.5054 grad_norm=2.0384 tensors_with_grad=69/72
[train] step 50: T=983 positions=16 loss=1.2498 ce=2.9175 tv=0.3642 conf=0.8302 grad_norm=3.4098 tensors_with_grad=69/72
[train] step 51: T=531 positions=16 loss=0.2337 ce=1.0231 tv=0.1926 conf=1.0673 grad_norm=2.5770 tensors_with_grad=69/72
[train] step 52: T=643 positions=16 loss=1.2014 ce=2.7611 tv=0.5262 conf=1.3402 grad_norm=5.1389 tensors_with_grad=69/72
[train] step 53: T=672 positions=16 loss=0.6969 ce=1.9244 tv=0.3469 conf=0.8200 grad_norm=3.2755 tensors_with_grad=69/72
[train] step 54: T=577 positions=16 loss=0.3672 ce=1.3381 tv=0.2909 conf=0.8340 grad_norm=4.3989 tensors_with_grad=69/72
[train] step 55: T=540 positions=16 loss=0.3659 ce=1.0266 tv=0.2571 conf=0.7794 grad_norm=3.7355 tensors_with_grad=69/72
[train] step 56: T=1793 positions=16 loss=1.4735 ce=3.4239 tv=0.4951 conf=1.2801 grad_norm=4.5073 tensors_with_grad=69/72
[train] step 57: T=1349 positions=16 loss=1.3570 ce=3.4151 tv=0.5368 conf=0.9449 grad_norm=6.6756 tensors_with_grad=69/72
[train] step 58: T=658 positions=16 loss=1.0243 ce=2.5085 tv=0.4702 conf=0.8971 grad_norm=5.0425 tensors_with_grad=69/72
[train] step 59: T=537 positions=16 loss=1.0140 ce=3.1727 tv=0.4379 conf=1.2717 grad_norm=3.9294 tensors_with_grad=69/72
[train] step 60: T=532 positions=16 loss=0.4518 ce=1.1408 tv=0.3063 conf=1.0221 grad_norm=3.1889 tensors_with_grad=69/72
[train] step 61: T=591 positions=16 loss=0.6853 ce=1.6482 tv=0.2572 conf=0.4012 grad_norm=3.1621 tensors_with_grad=69/72
[train] step 62: T=525 positions=16 loss=1.0371 ce=2.7188 tv=0.4523 conf=0.7668 grad_norm=4.1645 tensors_with_grad=69/72
[train] step 63: T=526 positions=16 loss=0.4052 ce=1.0979 tv=0.2767 conf=0.8609 grad_norm=3.3724 tensors_with_grad=69/72
[train] step 64: T=588 positions=16 loss=0.1989 ce=0.7991 tv=0.1569 conf=0.8234 grad_norm=3.5578 tensors_with_grad=69/72
[train] step 65: T=605 positions=16 loss=0.3256 ce=1.3547 tv=0.1646 conf=0.4904 grad_norm=2.8517 tensors_with_grad=69/72
[train] step 66: T=532 positions=16 loss=0.4828 ce=0.8952 tv=0.2308 conf=0.9045 grad_norm=2.4074 tensors_with_grad=69/72
[train] step 67: T=980 positions=16 loss=1.4101 ce=2.9032 tv=0.5073 conf=1.4243 grad_norm=5.3303 tensors_with_grad=69/72
[train] step 68: T=533 positions=16 loss=1.4374 ce=3.1885 tv=0.5350 conf=0.6474 grad_norm=9.6674 tensors_with_grad=69/72
[train] step 69: T=563 positions=16 loss=0.3571 ce=0.9714 tv=0.1899 conf=0.6027 grad_norm=2.1581 tensors_with_grad=69/72
[train] step 70: T=532 positions=16 loss=0.5582 ce=1.3486 tv=0.2714 conf=1.2167 grad_norm=4.0333 tensors_with_grad=69/72
[train] step 71: T=584 positions=16 loss=0.7836 ce=1.8941 tv=0.3865 conf=1.5134 grad_norm=4.6522 tensors_with_grad=69/72
[train] step 72: T=534 positions=16 loss=0.8871 ce=2.5299 tv=0.2995 conf=0.6426 grad_norm=4.2353 tensors_with_grad=69/72
[train] step 73: T=528 positions=16 loss=0.9311 ce=2.1638 tv=0.4888 conf=1.4602 grad_norm=6.3016 tensors_with_grad=69/72
[train] step 74: T=539 positions=16 loss=0.2254 ce=0.8068 tv=0.1614 conf=1.2074 grad_norm=2.0709 tensors_with_grad=69/72
[train] step 75: T=650 positions=16 loss=0.1449 ce=0.7819 tv=0.1185 conf=1.0647 grad_norm=2.5280 tensors_with_grad=69/72
[train] step 76: T=550 positions=16 loss=0.6140 ce=1.3782 tv=0.3262 conf=1.1849 grad_norm=4.2348 tensors_with_grad=69/72
[train] step 77: T=676 positions=16 loss=0.7519 ce=1.9242 tv=0.3714 conf=1.6266 grad_norm=7.3648 tensors_with_grad=69/72
[train] step 78: T=676 positions=16 loss=0.9834 ce=2.2079 tv=0.4013 conf=1.0714 grad_norm=4.1076 tensors_with_grad=69/72
[train] step 79: T=530 positions=16 loss=1.1996 ce=2.6766 tv=0.4809 conf=0.7491 grad_norm=6.6418 tensors_with_grad=69/72
[train] step 80: T=576 positions=16 loss=1.4139 ce=2.9662 tv=0.5380 conf=1.4994 grad_norm=4.8397 tensors_with_grad=69/72
[train] step 81: T=598 positions=16 loss=0.5656 ce=1.8586 tv=0.3549 conf=1.5820 grad_norm=6.4126 tensors_with_grad=69/72
[train] step 82: T=531 positions=16 loss=0.3695 ce=0.9856 tv=0.2427 conf=1.4085 grad_norm=1.9662 tensors_with_grad=69/72
[train] step 83: T=1060 positions=16 loss=1.5758 ce=3.4311 tv=0.4694 conf=1.1207 grad_norm=5.8571 tensors_with_grad=69/72
[train] step 84: T=563 positions=16 loss=0.6123 ce=1.5333 tv=0.3338 conf=1.3546 grad_norm=4.0788 tensors_with_grad=69/72
[train] step 85: T=644 positions=16 loss=0.1408 ce=0.4484 tv=0.1106 conf=0.5186 grad_norm=1.0224 tensors_with_grad=69/72
[train] step 86: T=621 positions=16 loss=0.2273 ce=0.7963 tv=0.1613 conf=0.9995 grad_norm=2.5007 tensors_with_grad=69/72
[train] step 87: T=641 positions=16 loss=0.6785 ce=1.6973 tv=0.2894 conf=1.2162 grad_norm=3.9332 tensors_with_grad=69/72
[train] step 88: T=528 positions=16 loss=0.3939 ce=0.8167 tv=0.1117 conf=1.1126 grad_norm=2.4677 tensors_with_grad=69/72
[train] step 89: T=602 positions=16 loss=0.9298 ce=1.8904 tv=0.3850 conf=1.0073 grad_norm=3.6872 tensors_with_grad=69/72
[train] step 90: T=538 positions=16 loss=0.8391 ce=2.6184 tv=0.3767 conf=1.0864 grad_norm=5.3802 tensors_with_grad=69/72
[train] step 91: T=538 positions=16 loss=0.0917 ce=0.2300 tv=0.0775 conf=0.6196 grad_norm=0.9315 tensors_with_grad=69/72
[train] step 92: T=542 positions=16 loss=0.1539 ce=0.4416 tv=0.1869 conf=0.7754 grad_norm=2.3493 tensors_with_grad=69/72
[train] step 93: T=673 positions=16 loss=0.8819 ce=2.2579 tv=0.4566 conf=1.4808 grad_norm=5.1787 tensors_with_grad=69/72
[train] step 94: T=597 positions=16 loss=0.6753 ce=1.8126 tv=0.3093 conf=0.9485 grad_norm=4.8605 tensors_with_grad=69/72
[train] step 95: T=537 positions=16 loss=0.5870 ce=1.2539 tv=0.3050 conf=0.9084 grad_norm=6.5491 tensors_with_grad=69/72
[train] step 96: T=533 positions=16 loss=0.0950 ce=0.2860 tv=0.0792 conf=0.4710 grad_norm=1.7006 tensors_with_grad=69/72
[train] step 97: T=674 positions=16 loss=0.8204 ce=1.8246 tv=0.3921 conf=1.4351 grad_norm=5.7418 tensors_with_grad=69/72
[train] step 98: T=550 positions=16 loss=0.0936 ce=0.2003 tv=0.0695 conf=0.4160 grad_norm=1.1693 tensors_with_grad=69/72
[train] step 99: T=621 positions=16 loss=0.6023 ce=1.2665 tv=0.2449 conf=0.7332 grad_norm=3.5036 tensors_with_grad=69/72
[train] step 100: T=535 positions=16 loss=0.9498 ce=1.8766 tv=0.4461 conf=0.7531 grad_norm=4.0024 tensors_with_grad=69/72
[train] step 101: T=526 positions=16 loss=0.8734 ce=2.3736 tv=0.3210 conf=0.6634 grad_norm=7.0400 tensors_with_grad=69/72
[train] step 102: T=987 positions=16 loss=1.2406 ce=2.7259 tv=0.4164 conf=1.0789 grad_norm=4.0336 tensors_with_grad=69/72
[train] step 103: T=673 positions=16 loss=1.2056 ce=2.4735 tv=0.5577 conf=1.0771 grad_norm=3.5534 tensors_with_grad=69/72
[train] step 104: T=532 positions=16 loss=0.8836 ce=2.4147 tv=0.3563 conf=1.5441 grad_norm=4.7584 tensors_with_grad=69/72
[train] step 105: T=675 positions=16 loss=1.0083 ce=2.6149 tv=0.4071 conf=0.8731 grad_norm=5.5275 tensors_with_grad=69/72
[train] step 106: T=553 positions=16 loss=0.6859 ce=1.5078 tv=0.2911 conf=1.4028 grad_norm=5.5758 tensors_with_grad=69/72
[train] step 107: T=673 positions=16 loss=0.9698 ce=3.1633 tv=0.4355 conf=1.1316 grad_norm=11.2227 tensors_with_grad=69/72
[train] step 108: T=526 positions=16 loss=0.5571 ce=1.2882 tv=0.3656 conf=0.6485 grad_norm=3.8556 tensors_with_grad=69/72
[train] step 109: T=533 positions=16 loss=0.5788 ce=1.5795 tv=0.2925 conf=0.8407 grad_norm=3.8765 tensors_with_grad=69/72
[train] step 110: T=1795 positions=16 loss=1.6993 ce=3.5943 tv=0.4996 conf=1.3026 grad_norm=4.8409 tensors_with_grad=69/72
[train] step 111: T=536 positions=16 loss=0.2971 ce=0.6924 tv=0.1845 conf=1.0883 grad_norm=2.2345 tensors_with_grad=69/72
[train] step 112: T=676 positions=16 loss=1.0194 ce=2.3460 tv=0.4413 conf=0.8397 grad_norm=6.0291 tensors_with_grad=69/72
[train] step 113: T=586 positions=16 loss=0.1955 ce=0.6784 tv=0.1476 conf=1.7301 grad_norm=1.3622 tensors_with_grad=69/72
[train] step 114: T=553 positions=16 loss=0.8284 ce=1.7801 tv=0.3508 conf=0.9244 grad_norm=6.0167 tensors_with_grad=69/72
[train] step 115: T=614 positions=16 loss=0.3036 ce=0.7718 tv=0.1723 conf=0.5351 grad_norm=3.5412 tensors_with_grad=69/72
[train] step 116: T=530 positions=16 loss=0.3918 ce=1.1456 tv=0.2745 conf=1.8790 grad_norm=2.0433 tensors_with_grad=69/72
[train] step 117: T=597 positions=16 loss=0.0225 ce=0.1205 tv=0.1143 conf=1.4968 grad_norm=0.6802 tensors_with_grad=69/72
[train] step 118: T=628 positions=16 loss=0.4455 ce=1.4051 tv=0.2933 conf=1.3582 grad_norm=3.2255 tensors_with_grad=69/72
[train] step 119: T=672 positions=16 loss=1.5860 ce=3.2301 tv=0.5734 conf=1.0035 grad_norm=6.2895 tensors_with_grad=69/72
[train] step 120: T=672 positions=16 loss=1.6335 ce=3.3744 tv=0.5420 conf=1.5126 grad_norm=5.0596 tensors_with_grad=69/72
[train] step 121: T=593 positions=16 loss=0.1948 ce=0.5897 tv=0.1350 conf=1.6180 grad_norm=2.4445 tensors_with_grad=69/72
[train] step 122: T=576 positions=16 loss=1.1580 ce=2.5137 tv=0.4635 conf=1.1422 grad_norm=6.1611 tensors_with_grad=69/72
[train] step 123: T=669 positions=16 loss=0.3804 ce=0.7740 tv=0.1780 conf=1.2691 grad_norm=3.7903 tensors_with_grad=69/72
[train] step 124: T=530 positions=16 loss=1.5259 ce=2.9714 tv=0.5851 conf=1.5081 grad_norm=5.4710 tensors_with_grad=69/72
[train] step 125: T=678 positions=16 loss=0.7871 ce=1.4827 tv=0.3682 conf=1.3350 grad_norm=6.6341 tensors_with_grad=69/72
[train] step 126: T=675 positions=16 loss=0.9098 ce=2.0326 tv=0.3408 conf=1.2771 grad_norm=3.6068 tensors_with_grad=69/72
[train] step 127: T=537 positions=16 loss=0.4389 ce=1.2106 tv=0.2209 conf=0.8384 grad_norm=2.4127 tensors_with_grad=69/72
[train] step 128: T=577 positions=16 loss=0.7011 ce=1.3864 tv=0.3133 conf=1.0008 grad_norm=3.8736 tensors_with_grad=69/72
[train] step 129: T=613 positions=16 loss=0.5648 ce=1.0490 tv=0.2288 conf=0.6204 grad_norm=3.3150 tensors_with_grad=69/72
[train] step 130: T=548 positions=16 loss=0.5662 ce=1.2663 tv=0.2196 conf=0.8012 grad_norm=3.5079 tensors_with_grad=69/72
[train] step 131: T=526 positions=16 loss=1.4572 ce=2.5503 tv=0.5604 conf=1.4286 grad_norm=6.2446 tensors_with_grad=69/72
[train] step 132: T=607 positions=16 loss=0.1004 ce=0.5980 tv=0.0903 conf=0.6215 grad_norm=1.9329 tensors_with_grad=69/72
[train] step 133: T=674 positions=16 loss=0.6489 ce=1.5584 tv=0.2826 conf=0.9769 grad_norm=6.7448 tensors_with_grad=69/72
[train] step 134: T=1001 positions=16 loss=1.1553 ce=2.8887 tv=0.4442 conf=1.7215 grad_norm=3.6176 tensors_with_grad=69/72
[train] step 135: T=537 positions=16 loss=1.0985 ce=2.1796 tv=0.3015 conf=0.3597 grad_norm=2.6204 tensors_with_grad=69/72
[train] step 136: T=534 positions=16 loss=0.0898 ce=0.2462 tv=0.0883 conf=0.2119 grad_norm=0.4682 tensors_with_grad=69/72
[train] step 137: T=542 positions=16 loss=0.4444 ce=1.1544 tv=0.2937 conf=1.0921 grad_norm=5.2635 tensors_with_grad=69/72
[train] step 138: T=676 positions=16 loss=1.5947 ce=2.6310 tv=0.5896 conf=1.3157 grad_norm=8.7109 tensors_with_grad=69/72
[train] step 139: T=536 positions=16 loss=0.4868 ce=1.1415 tv=0.1729 conf=1.0694 grad_norm=4.0498 tensors_with_grad=69/72
[train] step 140: T=524 positions=16 loss=1.1939 ce=2.6541 tv=0.4506 conf=0.9763 grad_norm=5.6115 tensors_with_grad=69/72
[train] step 141: T=563 positions=16 loss=0.6536 ce=1.3624 tv=0.2464 conf=0.6576 grad_norm=5.8146 tensors_with_grad=69/72
[train] step 142: T=617 positions=16 loss=0.5303 ce=1.2383 tv=0.2901 conf=1.2579 grad_norm=4.1368 tensors_with_grad=69/72
[train] step 143: T=537 positions=16 loss=0.3763 ce=0.9719 tv=0.2940 conf=1.8776 grad_norm=5.1694 tensors_with_grad=69/72
[train] step 144: T=621 positions=16 loss=0.3848 ce=0.9400 tv=0.2978 conf=1.3785 grad_norm=2.6177 tensors_with_grad=69/72
[train] step 145: T=672 positions=16 loss=0.7728 ce=2.0715 tv=0.4110 conf=2.0664 grad_norm=3.4705 tensors_with_grad=69/72
[train] step 146: T=631 positions=16 loss=0.2641 ce=0.5905 tv=0.1898 conf=1.3069 grad_norm=2.4423 tensors_with_grad=69/72
[train] step 147: T=528 positions=16 loss=0.6610 ce=1.4975 tv=0.2910 conf=2.5997 grad_norm=5.2954 tensors_with_grad=69/72
[train] step 148: T=1043 positions=16 loss=1.4677 ce=3.4048 tv=0.4772 conf=2.5083 grad_norm=7.8414 tensors_with_grad=69/72
[train] step 149: T=584 positions=16 loss=0.6086 ce=1.4659 tv=0.2212 conf=0.8044 grad_norm=3.3777 tensors_with_grad=69/72
[train] step 150: T=656 positions=16 loss=0.7788 ce=1.7629 tv=0.3883 conf=1.6599 grad_norm=4.2548 tensors_with_grad=69/72
[train] step 151: T=673 positions=16 loss=0.9659 ce=2.2532 tv=0.4188 conf=1.2665 grad_norm=4.3023 tensors_with_grad=69/72
[train] step 152: T=532 positions=16 loss=0.3011 ce=1.0139 tv=0.1374 conf=1.4124 grad_norm=4.4763 tensors_with_grad=69/72
[train] step 153: T=629 positions=16 loss=0.3088 ce=0.7296 tv=0.1734 conf=0.7503 grad_norm=2.6036 tensors_with_grad=69/72
[train] step 154: T=546 positions=16 loss=0.8638 ce=2.1489 tv=0.4261 conf=0.7449 grad_norm=5.6615 tensors_with_grad=69/72
[train] step 155: T=576 positions=16 loss=0.4688 ce=1.7051 tv=0.3314 conf=1.2478 grad_norm=3.6456 tensors_with_grad=69/72
[train] step 156: T=607 positions=16 loss=0.4493 ce=1.2504 tv=0.2202 conf=1.2804 grad_norm=4.6848 tensors_with_grad=69/72
[train] step 157: T=582 positions=16 loss=1.0643 ce=2.0814 tv=0.3888 conf=1.0618 grad_norm=6.9609 tensors_with_grad=69/72
[train] step 158: T=919 positions=16 loss=1.1872 ce=2.2866 tv=0.4191 conf=0.8919 grad_norm=3.2548 tensors_with_grad=69/72
[train] step 159: T=531 positions=16 loss=0.3271 ce=0.8726 tv=0.1442 conf=0.3971 grad_norm=3.5376 tensors_with_grad=69/72
[train] step 160: T=650 positions=16 loss=0.2091 ce=0.5449 tv=0.1881 conf=0.5534 grad_norm=1.9044 tensors_with_grad=69/72
[train] step 161: T=1101 positions=16 loss=1.5535 ce=3.3175 tv=0.4873 conf=1.2705 grad_norm=7.8337 tensors_with_grad=69/72
[train] step 162: T=618 positions=16 loss=0.4485 ce=1.1396 tv=0.2816 conf=0.8862 grad_norm=2.9189 tensors_with_grad=69/72
[train] step 163: T=1573 positions=16 loss=1.6477 ce=3.5984 tv=0.4071 conf=0.6685 grad_norm=7.2127 tensors_with_grad=69/72
[train] step 164: T=675 positions=16 loss=0.5807 ce=1.5263 tv=0.2631 conf=0.7291 grad_norm=3.2312 tensors_with_grad=69/72
[train] step 165: T=677 positions=16 loss=0.4917 ce=0.9431 tv=0.2254 conf=0.5181 grad_norm=7.9587 tensors_with_grad=69/72
[train] step 166: T=678 positions=16 loss=1.8134 ce=3.1129 tv=0.5455 conf=0.8726 grad_norm=10.3756 tensors_with_grad=69/72
[train] step 167: T=618 positions=16 loss=0.1262 ce=0.3414 tv=0.1590 conf=0.6859 grad_norm=1.5919 tensors_with_grad=69/72
[train] step 168: T=540 positions=16 loss=0.3344 ce=0.6640 tv=0.1760 conf=0.4321 grad_norm=2.1860 tensors_with_grad=69/72
[train] step 169: T=537 positions=16 loss=0.3414 ce=1.0151 tv=0.1947 conf=0.7186 grad_norm=3.2425 tensors_with_grad=69/72
[train] step 170: T=637 positions=16 loss=0.2662 ce=0.5319 tv=0.1397 conf=0.3698 grad_norm=5.5036 tensors_with_grad=69/72
[train] step 171: T=675 positions=16 loss=0.5424 ce=1.1347 tv=0.2792 conf=0.9084 grad_norm=4.6967 tensors_with_grad=69/72
[train] step 172: T=670 positions=16 loss=0.5526 ce=1.8342 tv=0.2927 conf=1.3867 grad_norm=4.5417 tensors_with_grad=69/72
[train] step 173: T=529 positions=16 loss=0.8283 ce=1.5090 tv=0.3532 conf=0.9840 grad_norm=5.5710 tensors_with_grad=69/72
[train] step 174: T=615 positions=16 loss=0.5007 ce=1.0717 tv=0.2076 conf=0.8785 grad_norm=3.9794 tensors_with_grad=69/72
[train] step 175: T=529 positions=16 loss=1.3651 ce=2.7998 tv=0.5496 conf=1.0937 grad_norm=7.7914 tensors_with_grad=69/72
[train] step 176: T=889 positions=16 loss=0.7942 ce=1.7093 tv=0.3160 conf=1.0691 grad_norm=3.2754 tensors_with_grad=69/72
[train] step 177: T=676 positions=16 loss=0.6817 ce=1.4519 tv=0.3390 conf=1.5197 grad_norm=3.8794 tensors_with_grad=69/72
[train] step 178: T=545 positions=16 loss=0.3318 ce=0.7475 tv=0.1155 conf=0.3387 grad_norm=2.3439 tensors_with_grad=69/72
[train] step 179: T=669 positions=16 loss=0.8058 ce=1.7234 tv=0.3770 conf=0.8885 grad_norm=4.0322 tensors_with_grad=69/72
[train] step 180: T=672 positions=16 loss=0.4723 ce=1.0304 tv=0.2594 conf=1.4966 grad_norm=4.8829 tensors_with_grad=69/72
[train] step 181: T=546 positions=16 loss=0.6181 ce=1.1282 tv=0.3394 conf=0.7932 grad_norm=2.1054 tensors_with_grad=69/72
[train] step 182: T=532 positions=16 loss=1.0535 ce=2.2625 tv=0.3993 conf=0.6545 grad_norm=7.0303 tensors_with_grad=69/72
[train] step 183: T=1190 positions=16 loss=1.4603 ce=3.1068 tv=0.4310 conf=1.7430 grad_norm=4.8192 tensors_with_grad=69/72
[train] step 184: T=611 positions=16 loss=0.7011 ce=1.0364 tv=0.2973 conf=1.1117 grad_norm=5.0360 tensors_with_grad=69/72
[train] step 185: T=526 positions=16 loss=0.2812 ce=0.5625 tv=0.1531 conf=0.7336 grad_norm=3.2357 tensors_with_grad=69/72
[train] step 186: T=673 positions=16 loss=1.7885 ce=3.5584 tv=0.5978 conf=1.8169 grad_norm=6.0972 tensors_with_grad=69/72
[train] step 187: T=539 positions=16 loss=0.2277 ce=0.6742 tv=0.1746 conf=0.6755 grad_norm=2.6554 tensors_with_grad=69/72
[train] step 188: T=526 positions=16 loss=0.6982 ce=2.2218 tv=0.2907 conf=1.8217 grad_norm=4.3270 tensors_with_grad=69/72
[train] step 189: T=675 positions=16 loss=0.5433 ce=1.1651 tv=0.2890 conf=2.3311 grad_norm=3.9393 tensors_with_grad=69/72
[train] step 190: T=552 positions=16 loss=0.7914 ce=2.3611 tv=0.1552 conf=1.2522 grad_norm=2.4530 tensors_with_grad=69/72
[train] step 191: T=616 positions=16 loss=1.0504 ce=2.0011 tv=0.4261 conf=1.6270 grad_norm=24.3753 tensors_with_grad=69/72
[train] step 192: T=528 positions=16 loss=1.2759 ce=2.5857 tv=0.4776 conf=1.3857 grad_norm=7.2052 tensors_with_grad=69/72
[train] step 193: T=525 positions=16 loss=1.7524 ce=3.5274 tv=0.5900 conf=1.8111 grad_norm=6.4119 tensors_with_grad=69/72
[train] step 194: T=675 positions=16 loss=0.9305 ce=1.9375 tv=0.3910 conf=1.1626 grad_norm=3.3961 tensors_with_grad=69/72
[train] step 195: T=611 positions=16 loss=0.7223 ce=1.6928 tv=0.2765 conf=0.9753 grad_norm=7.0562 tensors_with_grad=69/72
[train] step 196: T=594 positions=16 loss=1.5465 ce=3.2753 tv=0.4964 conf=1.5476 grad_norm=6.7523 tensors_with_grad=69/72
[train] step 197: T=654 positions=16 loss=1.0169 ce=2.0502 tv=0.3645 conf=0.9648 grad_norm=6.9231 tensors_with_grad=69/72
[train] step 198: T=539 positions=16 loss=0.3006 ce=0.6892 tv=0.1513 conf=0.6800 grad_norm=4.3742 tensors_with_grad=69/72
[train] step 199: T=529 positions=16 loss=0.7646 ce=2.3640 tv=0.2984 conf=1.9583 grad_norm=4.7280 tensors_with_grad=69/72
[train] step 200: T=631 positions=16 loss=0.8945 ce=2.7048 tv=0.3211 conf=1.1844 grad_norm=5.3489 tensors_with_grad=69/72
[train] step 201: T=533 positions=16 loss=0.4338 ce=0.7876 tv=0.1860 conf=0.7951 grad_norm=2.4170 tensors_with_grad=69/72
[train] step 202: T=537 positions=16 loss=0.4159 ce=0.9406 tv=0.1568 conf=0.4808 grad_norm=2.4340 tensors_with_grad=69/72
[train] step 203: T=525 positions=16 loss=1.8420 ce=3.5109 tv=0.6163 conf=1.8629 grad_norm=8.7306 tensors_with_grad=69/72
[train] step 204: T=851 positions=16 loss=0.9472 ce=2.0604 tv=0.4229 conf=1.8390 grad_norm=9.3188 tensors_with_grad=69/72
[train] step 205: T=551 positions=16 loss=0.7290 ce=1.3297 tv=0.2956 conf=1.2357 grad_norm=7.3360 tensors_with_grad=69/72
[train] step 206: T=897 positions=16 loss=1.3013 ce=3.3632 tv=0.4216 conf=1.7418 grad_norm=4.6602 tensors_with_grad=69/72
[train] step 207: T=603 positions=16 loss=0.0872 ce=0.2757 tv=0.1156 conf=0.9892 grad_norm=2.7867 tensors_with_grad=69/72
[train] step 208: T=578 positions=16 loss=1.5184 ce=3.5062 tv=0.5156 conf=1.3241 grad_norm=7.7077 tensors_with_grad=69/72
[train] step 209: T=532 positions=16 loss=0.3325 ce=0.8415 tv=0.2007 conf=1.7465 grad_norm=2.8685 tensors_with_grad=69/72
[train] step 210: T=675 positions=16 loss=0.3985 ce=1.0383 tv=0.2318 conf=1.4856 grad_norm=3.1829 tensors_with_grad=69/72
[train] step 211: T=536 positions=16 loss=0.6159 ce=1.1257 tv=0.1698 conf=0.2742 grad_norm=3.5395 tensors_with_grad=69/72
[train] step 212: T=526 positions=16 loss=0.9387 ce=2.0285 tv=0.4041 conf=1.7036 grad_norm=3.7710 tensors_with_grad=69/72
[train] step 213: T=530 positions=16 loss=0.6744 ce=1.3547 tv=0.3400 conf=2.9374 grad_norm=5.4392 tensors_with_grad=69/72
[train] step 214: T=527 positions=16 loss=1.7361 ce=3.6134 tv=0.5301 conf=1.8970 grad_norm=6.5729 tensors_with_grad=69/72
[train] step 215: T=535 positions=16 loss=0.2697 ce=0.4225 tv=0.1163 conf=0.4952 grad_norm=4.2176 tensors_with_grad=69/72
[train] step 216: T=531 positions=16 loss=0.9862 ce=2.1020 tv=0.4430 conf=1.3764 grad_norm=5.4566 tensors_with_grad=69/72
[train] step 217: T=536 positions=16 loss=0.2560 ce=0.4931 tv=0.1447 conf=0.5520 grad_norm=3.6041 tensors_with_grad=69/72
[train] step 218: T=585 positions=16 loss=0.4560 ce=1.2013 tv=0.2898 conf=1.5573 grad_norm=5.8583 tensors_with_grad=69/72
[train] step 219: T=524 positions=16 loss=1.1008 ce=2.2354 tv=0.4804 conf=1.4801 grad_norm=4.9477 tensors_with_grad=69/72
[train] step 220: T=562 positions=16 loss=0.4101 ce=0.8834 tv=0.2442 conf=1.8123 grad_norm=5.4019 tensors_with_grad=69/72
[train] step 221: T=1482 positions=16 loss=1.5975 ce=3.3196 tv=0.4482 conf=2.3092 grad_norm=5.3543 tensors_with_grad=69/72
[train] step 222: T=669 positions=16 loss=0.7850 ce=1.5376 tv=0.3799 conf=0.7210 grad_norm=3.2601 tensors_with_grad=69/72
[train] step 223: T=591 positions=16 loss=0.1811 ce=0.4903 tv=0.1547 conf=1.5444 grad_norm=3.6559 tensors_with_grad=69/72
[train] step 224: T=524 positions=16 loss=0.9888 ce=2.1821 tv=0.4398 conf=2.4006 grad_norm=5.3639 tensors_with_grad=69/72
[train] step 225: T=532 positions=16 loss=0.4548 ce=1.0281 tv=0.2703 conf=1.2036 grad_norm=3.0041 tensors_with_grad=69/72
[train] step 226: T=672 positions=16 loss=0.8888 ce=1.6940 tv=0.3928 conf=1.6214 grad_norm=5.6676 tensors_with_grad=69/72
[train] step 227: T=534 positions=16 loss=0.6795 ce=1.4772 tv=0.3717 conf=1.4212 grad_norm=5.5865 tensors_with_grad=69/72
[train] step 228: T=1014 positions=16 loss=1.1254 ce=2.5450 tv=0.4184 conf=1.7808 grad_norm=3.0431 tensors_with_grad=69/72
[train] step 229: T=675 positions=16 loss=0.5525 ce=1.6111 tv=0.2715 conf=1.1248 grad_norm=3.9822 tensors_with_grad=69/72
[train] step 230: T=647 positions=16 loss=0.9976 ce=2.3252 tv=0.4227 conf=2.2942 grad_norm=11.5970 tensors_with_grad=69/72
[train] step 231: T=596 positions=16 loss=0.3925 ce=0.7115 tv=0.2365 conf=0.8734 grad_norm=2.6643 tensors_with_grad=69/72
[train] step 232: T=674 positions=16 loss=1.1050 ce=2.4828 tv=0.4552 conf=1.0941 grad_norm=6.6970 tensors_with_grad=69/72
[train] step 233: T=858 positions=16 loss=0.6353 ce=1.4237 tv=0.2986 conf=0.5615 grad_norm=2.3867 tensors_with_grad=69/72
[train] step 234: T=597 positions=16 loss=0.3892 ce=1.0183 tv=0.2675 conf=1.0006 grad_norm=3.2676 tensors_with_grad=69/72
[train] step 235: T=604 positions=16 loss=0.5791 ce=1.3927 tv=0.2829 conf=0.9288 grad_norm=3.1470 tensors_with_grad=69/72
[train] step 236: T=589 positions=16 loss=0.1728 ce=0.3681 tv=0.1327 conf=0.4232 grad_norm=4.8037 tensors_with_grad=69/72
[train] step 237: T=623 positions=16 loss=0.2812 ce=0.8801 tv=0.1868 conf=2.6334 grad_norm=2.5290 tensors_with_grad=69/72
[train] step 238: T=884 positions=16 loss=1.5907 ce=3.3649 tv=0.4410 conf=1.0914 grad_norm=10.5144 tensors_with_grad=69/72
[train] step 239: T=673 positions=16 loss=0.8041 ce=1.8637 tv=0.3441 conf=0.9428 grad_norm=4.2357 tensors_with_grad=69/72
[train] step 240: T=540 positions=16 loss=0.1811 ce=0.3856 tv=0.1016 conf=0.5942 grad_norm=3.2213 tensors_with_grad=69/72
[train] step 241: T=1324 positions=16 loss=1.9369 ce=3.7723 tv=0.4505 conf=0.8698 grad_norm=4.4223 tensors_with_grad=69/72
[train] step 242: T=677 positions=16 loss=0.9987 ce=2.0152 tv=0.3996 conf=1.3624 grad_norm=4.1704 tensors_with_grad=69/72
[train] step 243: T=615 positions=16 loss=1.0115 ce=2.1795 tv=0.4136 conf=1.1423 grad_norm=6.8016 tensors_with_grad=69/72
[train] step 244: T=1500 positions=16 loss=1.2916 ce=2.8228 tv=0.4312 conf=0.8549 grad_norm=7.3233 tensors_with_grad=69/72
[train] step 245: T=672 positions=16 loss=1.7099 ce=3.1353 tv=0.5629 conf=1.0980 grad_norm=7.2507 tensors_with_grad=69/72
[train] step 246: T=561 positions=16 loss=0.4768 ce=0.8660 tv=0.1977 conf=0.6814 grad_norm=2.4420 tensors_with_grad=69/72
[train] step 247: T=610 positions=16 loss=0.8078 ce=1.5395 tv=0.3482 conf=0.7496 grad_norm=4.7825 tensors_with_grad=69/72
[train] step 248: T=535 positions=16 loss=0.4334 ce=1.4949 tv=0.2261 conf=0.5823 grad_norm=1.8680 tensors_with_grad=69/72
[train] step 249: T=587 positions=16 loss=0.1307 ce=0.5376 tv=0.1743 conf=0.7082 grad_norm=1.7500 tensors_with_grad=69/72
[train] step 250: T=633 positions=16 loss=0.1434 ce=0.3084 tv=0.1292 conf=0.4339 grad_norm=1.6887 tensors_with_grad=69/72
[train] step 251: T=677 positions=16 loss=0.5616 ce=1.7214 tv=0.3364 conf=1.3899 grad_norm=11.6323 tensors_with_grad=69/72
[train] step 252: T=598 positions=16 loss=0.3658 ce=0.6046 tv=0.2354 conf=1.4533 grad_norm=3.3701 tensors_with_grad=69/72
[train] step 253: T=654 positions=16 loss=1.3163 ce=2.3369 tv=0.4831 conf=0.9866 grad_norm=5.4410 tensors_with_grad=69/72
[train] step 254: T=546 positions=16 loss=0.4648 ce=1.1006 tv=0.0949 conf=1.3344 grad_norm=3.0329 tensors_with_grad=69/72
[train] step 255: T=617 positions=16 loss=0.3749 ce=0.8684 tv=0.2607 conf=0.8795 grad_norm=7.0741 tensors_with_grad=69/72
[train] step 256: T=537 positions=16 loss=0.0938 ce=0.2255 tv=0.0810 conf=0.3226 grad_norm=0.7411 tensors_with_grad=69/72
[train] step 257: T=649 positions=16 loss=0.9268 ce=2.0285 tv=0.4529 conf=1.1337 grad_norm=4.5773 tensors_with_grad=69/72
[train] step 258: T=676 positions=16 loss=0.9029 ce=1.7628 tv=0.3300 conf=0.9135 grad_norm=9.8307 tensors_with_grad=69/72
[train] step 259: T=672 positions=16 loss=1.2349 ce=2.4994 tv=0.4897 conf=1.4665 grad_norm=4.7445 tensors_with_grad=69/72
[train] step 260: T=665 positions=16 loss=0.3051 ce=0.7714 tv=0.1825 conf=0.6050 grad_norm=2.1053 tensors_with_grad=69/72
[train] step 261: T=542 positions=16 loss=0.4241 ce=0.9315 tv=0.1570 conf=0.7958 grad_norm=2.1652 tensors_with_grad=69/72
[train] step 262: T=526 positions=16 loss=1.3081 ce=2.4381 tv=0.4504 conf=0.8614 grad_norm=5.8256 tensors_with_grad=69/72
[train] step 263: T=570 positions=16 loss=0.3419 ce=0.7760 tv=0.1283 conf=0.6467 grad_norm=2.5478 tensors_with_grad=69/72
[train] step 264: T=673 positions=16 loss=0.2302 ce=1.0865 tv=0.2197 conf=1.0723 grad_norm=1.8474 tensors_with_grad=69/72
[train] step 265: T=1148 positions=16 loss=1.3791 ce=2.8260 tv=0.4026 conf=1.1327 grad_norm=6.1877 tensors_with_grad=69/72
[train] step 266: T=675 positions=16 loss=0.7837 ce=1.4864 tv=0.3143 conf=0.8598 grad_norm=8.5039 tensors_with_grad=69/72
[train] step 267: T=609 positions=16 loss=0.4184 ce=0.8356 tv=0.2380 conf=1.5093 grad_norm=2.4097 tensors_with_grad=69/72
[train] step 268: T=528 positions=16 loss=1.1549 ce=2.0751 tv=0.3989 conf=1.1393 grad_norm=7.7263 tensors_with_grad=69/72
[train] step 269: T=547 positions=16 loss=0.4116 ce=0.7857 tv=0.2261 conf=0.7147 grad_norm=4.7578 tensors_with_grad=69/72
[train] step 270: T=529 positions=16 loss=0.4701 ce=0.8628 tv=0.1877 conf=0.8350 grad_norm=1.7574 tensors_with_grad=69/72
[train] step 271: T=550 positions=16 loss=0.8934 ce=1.4163 tv=0.3316 conf=0.4460 grad_norm=6.9853 tensors_with_grad=69/72
[train] step 272: T=639 positions=16 loss=0.7690 ce=1.7708 tv=0.3550 conf=1.3589 grad_norm=5.7910 tensors_with_grad=69/72
[train] step 273: T=615 positions=16 loss=0.5815 ce=1.2637 tv=0.2285 conf=1.3784 grad_norm=3.6639 tensors_with_grad=69/72
[train] step 274: T=536 positions=16 loss=0.0310 ce=0.1396 tv=0.0542 conf=0.3094 grad_norm=0.4805 tensors_with_grad=69/72
[train] step 275: T=534 positions=16 loss=0.3217 ce=0.7802 tv=0.1518 conf=1.1217 grad_norm=2.1842 tensors_with_grad=69/72
[train] step 276: T=538 positions=16 loss=1.4757 ce=2.6073 tv=0.5525 conf=1.1918 grad_norm=6.5682 tensors_with_grad=69/72
[train] step 277: T=525 positions=16 loss=0.7576 ce=1.4198 tv=0.3184 conf=1.0482 grad_norm=4.7601 tensors_with_grad=69/72
[train] step 278: T=671 positions=16 loss=1.7604 ce=3.4561 tv=0.5787 conf=1.5010 grad_norm=5.1732 tensors_with_grad=69/72
[train] step 279: T=536 positions=16 loss=0.3247 ce=0.9504 tv=0.1986 conf=0.8323 grad_norm=4.2322 tensors_with_grad=69/72
[train] step 280: T=532 positions=16 loss=0.3294 ce=0.6812 tv=0.2267 conf=1.2033 grad_norm=5.1052 tensors_with_grad=69/72
[train] step 281: T=553 positions=16 loss=0.7614 ce=1.1918 tv=0.2038 conf=0.5499 grad_norm=3.6196 tensors_with_grad=69/72
[train] step 282: T=673 positions=16 loss=1.6879 ce=3.2811 tv=0.5225 conf=0.7907 grad_norm=6.9027 tensors_with_grad=69/72
[train] step 283: T=1324 positions=16 loss=2.0366 ce=4.2487 tv=0.5127 conf=1.5258 grad_norm=4.1293 tensors_with_grad=69/72
[train] step 284: T=642 positions=16 loss=0.8015 ce=1.4677 tv=0.3067 conf=1.6524 grad_norm=5.5695 tensors_with_grad=69/72
[train] step 285: T=548 positions=16 loss=0.5950 ce=1.2585 tv=0.1824 conf=0.8801 grad_norm=3.5904 tensors_with_grad=69/72
[train] step 286: T=642 positions=16 loss=1.1039 ce=2.0339 tv=0.4551 conf=1.1222 grad_norm=7.9385 tensors_with_grad=69/72
[train] step 287: T=528 positions=16 loss=1.2469 ce=2.3282 tv=0.4891 conf=1.4376 grad_norm=3.5746 tensors_with_grad=69/72
[train] step 288: T=537 positions=16 loss=0.2328 ce=0.8422 tv=0.1684 conf=1.0140 grad_norm=2.9097 tensors_with_grad=69/72
[train] step 289: T=672 positions=16 loss=0.9000 ce=1.6161 tv=0.3269 conf=1.1893 grad_norm=4.3978 tensors_with_grad=69/72
[train] step 290: T=526 positions=16 loss=0.3389 ce=0.7998 tv=0.2023 conf=1.0201 grad_norm=4.2870 tensors_with_grad=69/72
[train] step 291: T=538 positions=16 loss=0.7015 ce=1.5020 tv=0.3950 conf=2.5374 grad_norm=4.8244 tensors_with_grad=69/72
[train] step 292: T=527 positions=16 loss=0.5765 ce=1.3623 tv=0.3353 conf=2.4853 grad_norm=3.5386 tensors_with_grad=69/72
[train] step 293: T=526 positions=16 loss=0.6349 ce=1.2159 tv=0.2473 conf=1.6926 grad_norm=3.4810 tensors_with_grad=69/72
[train] step 294: T=529 positions=16 loss=0.2802 ce=0.7410 tv=0.1610 conf=1.0282 grad_norm=1.8860 tensors_with_grad=69/72
[train] step 295: T=968 positions=16 loss=1.3242 ce=2.9945 tv=0.4885 conf=2.3924 grad_norm=5.3248 tensors_with_grad=69/72
[train] step 296: T=1360 positions=16 loss=2.2908 ce=4.5403 tv=0.5570 conf=2.2992 grad_norm=8.1097 tensors_with_grad=69/72
[train] step 297: T=672 positions=16 loss=1.5904 ce=2.9319 tv=0.5350 conf=2.0517 grad_norm=3.3816 tensors_with_grad=69/72
[train] step 298: T=582 positions=16 loss=1.1657 ce=2.5667 tv=0.3937 conf=1.6300 grad_norm=4.3698 tensors_with_grad=69/72
[train] step 299: T=613 positions=16 loss=0.7727 ce=1.5460 tv=0.3922 conf=1.9429 grad_norm=7.7561 tensors_with_grad=69/72
[train] step 300: T=646 positions=16 loss=1.0959 ce=2.1800 tv=0.4818 conf=1.8168 grad_norm=3.9398 tensors_with_grad=69/72
[train] step 301: T=672 positions=16 loss=1.2333 ce=2.7204 tv=0.5160 conf=2.6388 grad_norm=3.9126 tensors_with_grad=69/72
[train] step 302: T=535 positions=16 loss=1.0584 ce=2.7030 tv=0.4110 conf=2.5988 grad_norm=3.9588 tensors_with_grad=69/72
[train] step 303: T=537 positions=16 loss=0.5619 ce=1.2901 tv=0.2619 conf=0.7683 grad_norm=7.0806 tensors_with_grad=69/72
[train] step 304: T=1797 positions=16 loss=1.6136 ce=3.3464 tv=0.4791 conf=2.6062 grad_norm=7.8455 tensors_with_grad=69/72
[train] step 305: T=527 positions=16 loss=1.1967 ce=2.2373 tv=0.5016 conf=1.3644 grad_norm=6.2338 tensors_with_grad=69/72
[train] step 306: T=544 positions=16 loss=0.1327 ce=0.4037 tv=0.1049 conf=1.2611 grad_norm=3.8293 tensors_with_grad=69/72
[train] step 307: T=675 positions=16 loss=0.4211 ce=1.1801 tv=0.2353 conf=1.6100 grad_norm=4.7332 tensors_with_grad=69/72
[train] step 308: T=525 positions=16 loss=1.1414 ce=1.9789 tv=0.4779 conf=1.6687 grad_norm=5.6839 tensors_with_grad=69/72
[train] step 309: T=583 positions=16 loss=0.1360 ce=0.4501 tv=0.1002 conf=0.5501 grad_norm=2.2272 tensors_with_grad=69/72
[train] step 310: T=620 positions=16 loss=0.5905 ce=1.4068 tv=0.2765 conf=2.0717 grad_norm=5.1194 tensors_with_grad=69/72
[train] step 311: T=538 positions=16 loss=0.2751 ce=0.5722 tv=0.1302 conf=0.4693 grad_norm=4.3368 tensors_with_grad=69/72
[train] step 312: T=637 positions=16 loss=0.1101 ce=0.2691 tv=0.1479 conf=0.9783 grad_norm=1.3846 tensors_with_grad=69/72
[train] step 313: T=658 positions=16 loss=0.7376 ce=1.6899 tv=0.4030 conf=1.8375 grad_norm=4.4679 tensors_with_grad=69/72
[train] step 314: T=609 positions=16 loss=0.4064 ce=1.1988 tv=0.2376 conf=1.2532 grad_norm=3.0304 tensors_with_grad=69/72
[train] step 315: T=903 positions=16 loss=1.8329 ce=3.7455 tv=0.4987 conf=2.0295 grad_norm=6.9563 tensors_with_grad=69/72
[train] step 316: T=524 positions=16 loss=1.0354 ce=1.9489 tv=0.4401 conf=1.0409 grad_norm=7.0146 tensors_with_grad=69/72
[train] step 317: T=829 positions=16 loss=1.1615 ce=2.2258 tv=0.3159 conf=0.7096 grad_norm=4.1391 tensors_with_grad=69/72
[train] step 318: T=875 positions=16 loss=1.1859 ce=2.3244 tv=0.3514 conf=0.9477 grad_norm=5.0886 tensors_with_grad=69/72
[train] step 319: T=533 positions=16 loss=1.1402 ce=2.0555 tv=0.3550 conf=0.3995 grad_norm=4.1394 tensors_with_grad=69/72
[train] step 320: T=675 positions=16 loss=0.5794 ce=1.4922 tv=0.3117 conf=1.5949 grad_norm=2.8419 tensors_with_grad=69/72
[train] step 321: T=672 positions=16 loss=0.9577 ce=1.9753 tv=0.3164 conf=1.1385 grad_norm=3.2083 tensors_with_grad=69/72
[train] step 322: T=672 positions=16 loss=0.1763 ce=0.4182 tv=0.1770 conf=1.4681 grad_norm=3.7329 tensors_with_grad=69/72
[train] step 323: T=1087 positions=16 loss=0.9013 ce=1.6248 tv=0.3505 conf=1.0973 grad_norm=5.6992 tensors_with_grad=69/72
[train] step 324: T=672 positions=16 loss=1.1621 ce=2.5063 tv=0.3548 conf=1.0246 grad_norm=8.4073 tensors_with_grad=69/72
[train] step 325: T=854 positions=16 loss=1.8021 ce=3.9848 tv=0.4885 conf=1.4965 grad_norm=6.7927 tensors_with_grad=69/72
[train] step 326: T=609 positions=16 loss=0.3230 ce=0.7581 tv=0.2154 conf=1.2390 grad_norm=3.1112 tensors_with_grad=69/72
[train] step 327: T=545 positions=16 loss=0.4799 ce=1.2073 tv=0.2548 conf=1.3183 grad_norm=2.8057 tensors_with_grad=69/72
[train] step 328: T=634 positions=16 loss=0.6370 ce=1.5409 tv=0.4199 conf=1.3116 grad_norm=3.3901 tensors_with_grad=69/72
[train] step 329: T=649 positions=16 loss=0.8156 ce=1.5343 tv=0.3223 conf=0.9090 grad_norm=6.0710 tensors_with_grad=69/72
[train] step 330: T=675 positions=16 loss=0.6696 ce=1.6411 tv=0.3257 conf=1.9593 grad_norm=5.9938 tensors_with_grad=69/72
[train] step 331: T=560 positions=16 loss=0.1864 ce=0.5211 tv=0.1274 conf=0.8073 grad_norm=1.6228 tensors_with_grad=69/72
[train] step 332: T=535 positions=16 loss=0.0940 ce=0.2598 tv=0.0846 conf=0.3999 grad_norm=0.9702 tensors_with_grad=69/72
[train] step 333: T=532 positions=16 loss=0.3425 ce=0.6946 tv=0.1556 conf=0.2848 grad_norm=1.3592 tensors_with_grad=69/72
[train] step 334: T=903 positions=16 loss=0.8122 ce=1.6358 tv=0.3532 conf=0.9878 grad_norm=5.1954 tensors_with_grad=69/72
[train] step 335: T=621 positions=16 loss=0.4652 ce=1.0562 tv=0.2600 conf=1.1424 grad_norm=6.0210 tensors_with_grad=69/72
[train] step 336: T=903 positions=16 loss=1.1181 ce=2.4331 tv=0.3127 conf=1.1071 grad_norm=4.7442 tensors_with_grad=69/72
[train] step 337: T=539 positions=16 loss=0.4162 ce=0.9115 tv=0.1825 conf=0.9177 grad_norm=8.7953 tensors_with_grad=69/72
[train] step 338: T=553 positions=16 loss=0.5673 ce=1.0003 tv=0.1819 conf=0.7148 grad_norm=3.3426 tensors_with_grad=69/72
[train] step 339: T=546 positions=16 loss=1.2621 ce=2.6081 tv=0.5455 conf=2.6826 grad_norm=6.0353 tensors_with_grad=69/72
[train] step 340: T=597 positions=16 loss=0.3942 ce=1.0462 tv=0.2223 conf=1.1600 grad_norm=2.7231 tensors_with_grad=69/72
[train] step 341: T=942 positions=16 loss=1.3387 ce=2.7968 tv=0.3799 conf=1.0851 grad_norm=5.7827 tensors_with_grad=69/72
[train] step 342: T=672 positions=16 loss=1.0568 ce=2.4140 tv=0.4655 conf=1.2362 grad_norm=4.3129 tensors_with_grad=69/72
[train] step 343: T=527 positions=16 loss=0.7966 ce=1.6898 tv=0.3770 conf=1.4594 grad_norm=6.2114 tensors_with_grad=69/72
[train] step 344: T=589 positions=16 loss=0.1103 ce=0.3261 tv=0.1153 conf=0.3818 grad_norm=1.0010 tensors_with_grad=69/72
[train] step 345: T=541 positions=16 loss=0.7134 ce=1.4446 tv=0.3581 conf=2.3110 grad_norm=4.0147 tensors_with_grad=69/72
[train] step 346: T=581 positions=16 loss=0.1575 ce=0.4423 tv=0.1387 conf=1.2951 grad_norm=1.8594 tensors_with_grad=69/72
[train] step 347: T=678 positions=16 loss=0.5324 ce=1.2827 tv=0.2968 conf=1.3668 grad_norm=2.4692 tensors_with_grad=69/72
[train] step 348: T=673 positions=16 loss=1.6594 ce=3.1533 tv=0.5495 conf=1.4627 grad_norm=6.4094 tensors_with_grad=69/72
[train] step 349: T=628 positions=16 loss=0.3307 ce=0.7221 tv=0.1599 conf=1.1866 grad_norm=3.5422 tensors_with_grad=69/72
[train] step 350: T=661 positions=16 loss=0.9133 ce=2.0063 tv=0.3914 conf=1.3541 grad_norm=4.9558 tensors_with_grad=69/72
[train] step 351: T=544 positions=16 loss=0.3780 ce=0.9340 tv=0.2563 conf=0.9189 grad_norm=4.9664 tensors_with_grad=69/72
[train] step 352: T=538 positions=16 loss=0.1556 ce=0.4071 tv=0.1105 conf=0.5415 grad_norm=2.3451 tensors_with_grad=69/72
[train] step 353: T=539 positions=16 loss=0.1159 ce=0.2984 tv=0.0904 conf=0.6379 grad_norm=1.1296 tensors_with_grad=69/72
[train] step 354: T=1009 positions=16 loss=2.0881 ce=4.1007 tv=0.4714 conf=1.3890 grad_norm=5.8624 tensors_with_grad=69/72
[train] step 355: T=531 positions=16 loss=1.0002 ce=2.0082 tv=0.3280 conf=1.3764 grad_norm=9.6673 tensors_with_grad=69/72
[train] step 356: T=537 positions=16 loss=0.0407 ce=0.1714 tv=0.0707 conf=0.7331 grad_norm=0.7482 tensors_with_grad=69/72
[train] step 357: T=531 positions=16 loss=1.0511 ce=1.8923 tv=0.3468 conf=0.5774 grad_norm=4.9928 tensors_with_grad=69/72
[train] step 358: T=629 positions=16 loss=0.8144 ce=1.4898 tv=0.3721 conf=1.2685 grad_norm=6.1793 tensors_with_grad=69/72
[train] step 359: T=674 positions=16 loss=0.9875 ce=2.0286 tv=0.3964 conf=1.6728 grad_norm=4.7728 tensors_with_grad=69/72
[train] step 360: T=674 positions=16 loss=0.2196 ce=0.4782 tv=0.1899 conf=0.9782 grad_norm=2.5252 tensors_with_grad=69/72
[train] step 361: T=548 positions=16 loss=0.1470 ce=0.4229 tv=0.1578 conf=1.5550 grad_norm=2.3384 tensors_with_grad=69/72
[train] step 362: T=539 positions=16 loss=0.3312 ce=0.7464 tv=0.2328 conf=1.3073 grad_norm=2.4756 tensors_with_grad=69/72
[train] step 363: T=672 positions=16 loss=1.3954 ce=2.7713 tv=0.5216 conf=1.6353 grad_norm=4.0618 tensors_with_grad=69/72
[train] step 364: T=639 positions=16 loss=0.3950 ce=0.9205 tv=0.3061 conf=1.5541 grad_norm=10.4486 tensors_with_grad=69/72
[train] step 365: T=672 positions=16 loss=1.1606 ce=1.7884 tv=0.4918 conf=1.7348 grad_norm=10.3012 tensors_with_grad=69/72
[train] step 366: T=539 positions=16 loss=0.2893 ce=0.9031 tv=0.1959 conf=0.8308 grad_norm=4.1082 tensors_with_grad=69/72
[train] step 367: T=591 positions=16 loss=1.3945 ce=2.6015 tv=0.5101 conf=1.3175 grad_norm=4.7916 tensors_with_grad=69/72
[train] step 368: T=584 positions=16 loss=0.2255 ce=0.7039 tv=0.2056 conf=1.4722 grad_norm=1.9259 tensors_with_grad=69/72
[train] step 369: T=591 positions=16 loss=0.4350 ce=0.7216 tv=0.2502 conf=1.2724 grad_norm=6.0876 tensors_with_grad=69/72
[train] step 370: T=568 positions=16 loss=1.5557 ce=3.0222 tv=0.4984 conf=2.4125 grad_norm=7.0174 tensors_with_grad=69/72
[train] step 371: T=538 positions=16 loss=0.7626 ce=1.5873 tv=0.3183 conf=1.8416 grad_norm=4.5814 tensors_with_grad=69/72
[train] step 372: T=598 positions=16 loss=0.3821 ce=0.7636 tv=0.1522 conf=0.3620 grad_norm=3.5653 tensors_with_grad=69/72
[train] step 373: T=528 positions=16 loss=0.4755 ce=0.9347 tv=0.1848 conf=0.5672 grad_norm=2.3440 tensors_with_grad=69/72
[train] step 374: T=527 positions=16 loss=0.4199 ce=0.9549 tv=0.2723 conf=2.7100 grad_norm=5.2026 tensors_with_grad=69/72
[train] step 375: T=559 positions=16 loss=0.8598 ce=1.9255 tv=0.2168 conf=0.7200 grad_norm=7.4684 tensors_with_grad=69/72
[train] step 376: T=525 positions=16 loss=0.4485 ce=0.9571 tv=0.2064 conf=1.7551 grad_norm=3.9681 tensors_with_grad=69/72
[train] step 377: T=539 positions=16 loss=0.7985 ce=1.2424 tv=0.2661 conf=0.9851 grad_norm=5.9116 tensors_with_grad=69/72
[train] step 378: T=1627 positions=16 loss=1.3708 ce=2.8023 tv=0.4883 conf=2.3483 grad_norm=7.3926 tensors_with_grad=69/72
[train] step 379: T=565 positions=16 loss=0.5896 ce=1.1939 tv=0.2819 conf=1.9146 grad_norm=3.9821 tensors_with_grad=69/72
[train] step 380: T=613 positions=16 loss=0.4069 ce=0.8631 tv=0.2505 conf=1.0378 grad_norm=4.8069 tensors_with_grad=69/72
[train] step 381: T=573 positions=16 loss=0.0656 ce=0.2195 tv=0.1218 conf=2.8854 grad_norm=2.2279 tensors_with_grad=69/72
[train] step 382: T=676 positions=16 loss=0.5709 ce=1.1363 tv=0.2887 conf=2.9853 grad_norm=4.1886 tensors_with_grad=69/72
[train] step 383: T=870 positions=16 loss=1.0000 ce=2.2555 tv=0.2866 conf=3.4423 grad_norm=4.7002 tensors_with_grad=69/72
[train] step 384: T=640 positions=16 loss=1.3144 ce=2.5328 tv=0.4724 conf=2.2439 grad_norm=4.2323 tensors_with_grad=69/72
[train] step 385: T=659 positions=16 loss=0.9504 ce=1.8131 tv=0.4401 conf=3.0609 grad_norm=3.9932 tensors_with_grad=69/72
[train] step 386: T=615 positions=16 loss=0.3640 ce=1.1947 tv=0.2549 conf=1.4495 grad_norm=4.5558 tensors_with_grad=69/72
[train] step 387: T=526 positions=16 loss=1.1693 ce=2.3950 tv=0.4799 conf=1.5216 grad_norm=4.8743 tensors_with_grad=69/72
[train] step 388: T=1042 positions=16 loss=1.2011 ce=2.5359 tv=0.3063 conf=1.2720 grad_norm=5.3278 tensors_with_grad=69/72
[train] step 389: T=581 positions=16 loss=0.5991 ce=1.7563 tv=0.2343 conf=2.7311 grad_norm=4.8781 tensors_with_grad=69/72
[train] step 390: T=946 positions=16 loss=1.5002 ce=2.7310 tv=0.4186 conf=1.7688 grad_norm=6.3234 tensors_with_grad=69/72
[train] step 391: T=669 positions=16 loss=0.8380 ce=1.7127 tv=0.3961 conf=2.4066 grad_norm=6.0324 tensors_with_grad=69/72
[train] step 392: T=959 positions=16 loss=1.1493 ce=2.1876 tv=0.4213 conf=2.7263 grad_norm=4.9212 tensors_with_grad=69/72
[train] step 393: T=538 positions=16 loss=1.0478 ce=1.9975 tv=0.4418 conf=2.8618 grad_norm=6.5393 tensors_with_grad=69/72
[train] step 394: T=538 positions=16 loss=0.1664 ce=0.4173 tv=0.1339 conf=0.7056 grad_norm=3.2260 tensors_with_grad=69/72
[train] step 395: T=564 positions=16 loss=1.7509 ce=3.1155 tv=0.5472 conf=2.7170 grad_norm=11.8371 tensors_with_grad=69/72
[train] step 396: T=581 positions=16 loss=0.2149 ce=0.6007 tv=0.1329 conf=1.3360 grad_norm=2.1463 tensors_with_grad=69/72
[train] step 397: T=545 positions=16 loss=1.0306 ce=1.7722 tv=0.4381 conf=1.9909 grad_norm=10.3349 tensors_with_grad=69/72
[train] step 398: T=525 positions=16 loss=1.4473 ce=2.7579 tv=0.5419 conf=2.6150 grad_norm=6.5020 tensors_with_grad=69/72
[train] step 399: T=565 positions=16 loss=0.9628 ce=2.2847 tv=0.3058 conf=2.6632 grad_norm=8.0214 tensors_with_grad=69/72
[train] step 400: T=554 positions=16 loss=0.2986 ce=0.5794 tv=0.1633 conf=0.8832 grad_norm=2.4857 tensors_with_grad=69/72
[train] step 401: T=1014 positions=16 loss=1.1567 ce=2.2119 tv=0.3194 conf=2.1529 grad_norm=4.7907 tensors_with_grad=69/72
[train] step 402: T=541 positions=16 loss=0.3506 ce=0.7860 tv=0.1224 conf=0.2877 grad_norm=1.7484 tensors_with_grad=69/72
[train] step 403: T=538 positions=16 loss=0.2063 ce=0.4595 tv=0.1818 conf=1.4711 grad_norm=2.9774 tensors_with_grad=69/72
[train] step 404: T=585 positions=16 loss=0.9022 ce=1.8088 tv=0.3330 conf=2.3222 grad_norm=4.5542 tensors_with_grad=69/72
[train] step 405: T=535 positions=16 loss=0.5481 ce=1.2099 tv=0.2677 conf=0.9386 grad_norm=17.4335 tensors_with_grad=69/72
[train] step 406: T=534 positions=16 loss=0.3550 ce=1.0166 tv=0.2422 conf=1.7772 grad_norm=2.8888 tensors_with_grad=69/72
[train] step 407: T=674 positions=16 loss=1.4201 ce=2.4705 tv=0.5033 conf=2.2361 grad_norm=5.9086 tensors_with_grad=69/72
[train] step 408: T=1629 positions=16 loss=1.4782 ce=3.4613 tv=0.3709 conf=1.8772 grad_norm=3.6741 tensors_with_grad=69/72
[train] step 409: T=529 positions=16 loss=0.8866 ce=1.6070 tv=0.4167 conf=1.4254 grad_norm=5.4358 tensors_with_grad=69/72
[train] step 410: T=604 positions=16 loss=0.2288 ce=0.6839 tv=0.1917 conf=1.6022 grad_norm=3.2073 tensors_with_grad=69/72
[train] step 411: T=615 positions=16 loss=0.3209 ce=0.6713 tv=0.1923 conf=2.3150 grad_norm=3.5510 tensors_with_grad=69/72
[train] step 412: T=563 positions=16 loss=0.2217 ce=0.5834 tv=0.1170 conf=0.7599 grad_norm=1.3275 tensors_with_grad=69/72
[train] step 413: T=572 positions=16 loss=0.3221 ce=0.7261 tv=0.2057 conf=1.3786 grad_norm=2.5880 tensors_with_grad=69/72
[train] step 414: T=591 positions=16 loss=0.4732 ce=0.8327 tv=0.2621 conf=1.4727 grad_norm=6.2468 tensors_with_grad=69/72
[train] step 415: T=595 positions=16 loss=0.5214 ce=1.5427 tv=0.3099 conf=1.0066 grad_norm=3.0939 tensors_with_grad=69/72
[train] step 416: T=541 positions=16 loss=0.7216 ce=1.2323 tv=0.3173 conf=0.8475 grad_norm=5.2859 tensors_with_grad=69/72
[train] step 417: T=543 positions=16 loss=0.8165 ce=1.6661 tv=0.4038 conf=1.3277 grad_norm=4.0061 tensors_with_grad=69/72
[train] step 418: T=678 positions=16 loss=1.0502 ce=2.0705 tv=0.3727 conf=1.9253 grad_norm=3.5424 tensors_with_grad=69/72
[train] step 419: T=592 positions=16 loss=0.0527 ce=0.2672 tv=0.1016 conf=1.0970 grad_norm=1.4742 tensors_with_grad=69/72
[train] step 420: T=633 positions=16 loss=1.0542 ce=1.8832 tv=0.4058 conf=1.6475 grad_norm=5.8910 tensors_with_grad=69/72
[train] step 421: T=531 positions=16 loss=0.5012 ce=0.8617 tv=0.2883 conf=1.1197 grad_norm=8.2338 tensors_with_grad=69/72
[train] step 422: T=576 positions=16 loss=0.4951 ce=0.9359 tv=0.2770 conf=1.8450 grad_norm=6.9267 tensors_with_grad=69/72
[train] step 423: T=535 positions=16 loss=0.6135 ce=1.4319 tv=0.2258 conf=0.7624 grad_norm=7.5827 tensors_with_grad=69/72
[train] step 424: T=606 positions=16 loss=0.8205 ce=2.1165 tv=0.4154 conf=2.2795 grad_norm=3.1298 tensors_with_grad=69/72
[train] step 425: T=577 positions=16 loss=0.2012 ce=0.5471 tv=0.2357 conf=1.7464 grad_norm=2.4086 tensors_with_grad=69/72
[train] step 426: T=531 positions=16 loss=0.3688 ce=1.0901 tv=0.2398 conf=1.8480 grad_norm=5.8459 tensors_with_grad=69/72
[train] step 427: T=667 positions=16 loss=0.4691 ce=0.8768 tv=0.2252 conf=1.6519 grad_norm=4.9112 tensors_with_grad=69/72
[train] step 428: T=639 positions=16 loss=1.1817 ce=2.4250 tv=0.4544 conf=1.5254 grad_norm=5.0773 tensors_with_grad=69/72
[train] step 429: T=527 positions=16 loss=1.1183 ce=2.1596 tv=0.4617 conf=1.5935 grad_norm=4.7374 tensors_with_grad=69/72
[train] step 430: T=673 positions=16 loss=1.8294 ce=3.1052 tv=0.5779 conf=0.9193 grad_norm=8.5827 tensors_with_grad=69/72
[train] step 431: T=599 positions=16 loss=0.1312 ce=0.3075 tv=0.1214 conf=0.6870 grad_norm=1.8872 tensors_with_grad=69/72
[train] step 432: T=533 positions=16 loss=0.2082 ce=0.5277 tv=0.1140 conf=0.3224 grad_norm=2.5487 tensors_with_grad=69/72
[train] step 433: T=535 positions=16 loss=0.7478 ce=1.1888 tv=0.3434 conf=1.0366 grad_norm=9.0989 tensors_with_grad=69/72
[train] step 434: T=584 positions=16 loss=1.2042 ce=2.4224 tv=0.4294 conf=1.5730 grad_norm=10.5828 tensors_with_grad=69/72
[train] step 435: T=568 positions=16 loss=0.8841 ce=1.9465 tv=0.3902 conf=1.6593 grad_norm=6.2370 tensors_with_grad=69/72
[train] step 436: T=1111 positions=16 loss=0.9893 ce=1.7362 tv=0.3414 conf=1.5234 grad_norm=5.2943 tensors_with_grad=69/72
[train] step 437: T=673 positions=16 loss=0.8541 ce=2.0016 tv=0.3923 conf=1.2974 grad_norm=5.3151 tensors_with_grad=69/72
[train] step 438: T=614 positions=16 loss=0.8045 ce=1.9563 tv=0.3597 conf=1.5680 grad_norm=3.4516 tensors_with_grad=69/72
[train] step 439: T=526 positions=16 loss=0.5993 ce=1.2884 tv=0.3516 conf=2.0496 grad_norm=5.1995 tensors_with_grad=69/72
[train] step 440: T=532 positions=16 loss=0.2446 ce=0.5447 tv=0.0964 conf=1.4036 grad_norm=1.7955 tensors_with_grad=69/72
[train] step 441: T=624 positions=16 loss=0.5719 ce=1.2448 tv=0.3275 conf=1.6227 grad_norm=6.5131 tensors_with_grad=69/72
[train] step 442: T=530 positions=16 loss=1.0792 ce=2.0737 tv=0.3912 conf=1.2790 grad_norm=6.7253 tensors_with_grad=69/72
[train] step 443: T=546 positions=16 loss=0.5164 ce=1.0397 tv=0.2300 conf=1.0498 grad_norm=2.8946 tensors_with_grad=69/72
[train] step 444: T=672 positions=16 loss=0.9519 ce=2.5074 tv=0.4051 conf=3.0831 grad_norm=5.4309 tensors_with_grad=69/72
[train] step 445: T=528 positions=16 loss=1.1843 ce=2.2142 tv=0.4780 conf=1.0937 grad_norm=6.7669 tensors_with_grad=69/72
[train] step 446: T=536 positions=16 loss=0.1573 ce=0.3496 tv=0.0770 conf=0.1612 grad_norm=1.5000 tensors_with_grad=69/72
[train] step 447: T=1543 positions=16 loss=1.8261 ce=3.6233 tv=0.4621 conf=1.1534 grad_norm=5.9539 tensors_with_grad=69/72
[train] step 448: T=673 positions=16 loss=1.4106 ce=2.8324 tv=0.4482 conf=1.1958 grad_norm=4.8203 tensors_with_grad=69/72
[train] step 449: T=587 positions=16 loss=0.1909 ce=0.3513 tv=0.1368 conf=1.7269 grad_norm=2.6338 tensors_with_grad=69/72
[train] step 450: T=529 positions=16 loss=0.4735 ce=0.7390 tv=0.2421 conf=1.0914 grad_norm=5.3137 tensors_with_grad=69/72
[train] step 451: T=981 positions=16 loss=1.2907 ce=2.4780 tv=0.4331 conf=1.7139 grad_norm=4.3886 tensors_with_grad=69/72
[train] step 452: T=557 positions=16 loss=0.4865 ce=1.0614 tv=0.2256 conf=0.8907 grad_norm=4.5086 tensors_with_grad=69/72
[train] step 453: T=543 positions=16 loss=0.5004 ce=1.2090 tv=0.2670 conf=1.0476 grad_norm=4.8131 tensors_with_grad=69/72
[train] step 454: T=955 positions=16 loss=0.9005 ce=1.8089 tv=0.3344 conf=1.2602 grad_norm=3.4883 tensors_with_grad=69/72
[train] step 455: T=536 positions=16 loss=0.3213 ce=0.6963 tv=0.2341 conf=1.2112 grad_norm=3.1774 tensors_with_grad=69/72
[train] step 456: T=952 positions=16 loss=1.5924 ce=2.5979 tv=0.4300 conf=0.9757 grad_norm=7.0435 tensors_with_grad=69/72
[train] step 457: T=960 positions=16 loss=1.5117 ce=3.2420 tv=0.4168 conf=2.0612 grad_norm=3.8613 tensors_with_grad=69/72
[train] step 458: T=525 positions=16 loss=1.5178 ce=2.9636 tv=0.5100 conf=1.6379 grad_norm=4.8789 tensors_with_grad=69/72
[train] step 459: T=1031 positions=16 loss=1.4084 ce=3.0502 tv=0.4626 conf=1.6156 grad_norm=3.6625 tensors_with_grad=69/72
[train] step 460: T=674 positions=16 loss=0.8461 ce=1.4756 tv=0.3972 conf=1.4887 grad_norm=6.8427 tensors_with_grad=69/72
[train] step 461: T=1015 positions=16 loss=1.4836 ce=2.9364 tv=0.4929 conf=1.5923 grad_norm=4.3951 tensors_with_grad=69/72
[train] step 462: T=540 positions=16 loss=1.1462 ce=1.9665 tv=0.4887 conf=1.2753 grad_norm=4.0769 tensors_with_grad=69/72
[train] step 463: T=557 positions=16 loss=0.9287 ce=2.0393 tv=0.3796 conf=1.3027 grad_norm=4.4653 tensors_with_grad=69/72
[train] step 464: T=672 positions=16 loss=0.7246 ce=1.7265 tv=0.3272 conf=1.7922 grad_norm=2.9495 tensors_with_grad=69/72
[train] step 465: T=531 positions=16 loss=0.9818 ce=2.0071 tv=0.4912 conf=1.8323 grad_norm=4.4713 tensors_with_grad=69/72
[train] step 466: T=536 positions=16 loss=0.2638 ce=0.5845 tv=0.1507 conf=0.4041 grad_norm=3.9989 tensors_with_grad=69/72
[train] step 467: T=532 positions=16 loss=1.9632 ce=3.7098 tv=0.5991 conf=1.2055 grad_norm=8.1431 tensors_with_grad=69/72
[train] step 468: T=536 positions=16 loss=0.2790 ce=0.7999 tv=0.1901 conf=0.9902 grad_norm=3.2441 tensors_with_grad=69/72
[train] step 469: T=554 positions=16 loss=0.4934 ce=1.1071 tv=0.3268 conf=1.6794 grad_norm=2.1967 tensors_with_grad=69/72
[train] step 470: T=673 positions=16 loss=1.2956 ce=2.7489 tv=0.4407 conf=0.8757 grad_norm=7.2877 tensors_with_grad=69/72
[train] step 471: T=630 positions=16 loss=0.4142 ce=1.0125 tv=0.2370 conf=1.8675 grad_norm=2.5818 tensors_with_grad=69/72
[train] step 472: T=636 positions=16 loss=0.6223 ce=1.9137 tv=0.2625 conf=1.4423 grad_norm=7.3084 tensors_with_grad=69/72
[train] step 473: T=673 positions=16 loss=1.4192 ce=2.8341 tv=0.4514 conf=1.5951 grad_norm=4.2839 tensors_with_grad=69/72
[train] step 474: T=677 positions=16 loss=1.0393 ce=1.9345 tv=0.2607 conf=1.3720 grad_norm=5.7144 tensors_with_grad=69/72
[train] step 475: T=576 positions=16 loss=0.4518 ce=0.9908 tv=0.2606 conf=1.9709 grad_norm=2.5757 tensors_with_grad=69/72
[train] step 476: T=541 positions=16 loss=1.1613 ce=2.1842 tv=0.5045 conf=2.1092 grad_norm=3.9378 tensors_with_grad=69/72
[train] step 477: T=612 positions=16 loss=0.0630 ce=0.2762 tv=0.1291 conf=1.4152 grad_norm=1.0012 tensors_with_grad=69/72
[train] step 478: T=566 positions=16 loss=1.7629 ce=3.8779 tv=0.5393 conf=1.2570 grad_norm=8.5684 tensors_with_grad=69/72
[train] step 479: T=528 positions=16 loss=1.4816 ce=2.8393 tv=0.5508 conf=2.5553 grad_norm=5.4580 tensors_with_grad=69/72
[train] step 480: T=548 positions=16 loss=0.3133 ce=0.6541 tv=0.1655 conf=0.8642 grad_norm=3.1538 tensors_with_grad=69/72
[train] step 481: T=576 positions=16 loss=1.5189 ce=3.0676 tv=0.4573 conf=1.9279 grad_norm=6.2244 tensors_with_grad=69/72
[train] step 482: T=1222 positions=16 loss=1.1523 ce=2.6668 tv=0.3577 conf=2.0119 grad_norm=8.4146 tensors_with_grad=69/72
[train] step 483: T=869 positions=16 loss=1.4890 ce=2.8428 tv=0.4037 conf=1.0938 grad_norm=7.3576 tensors_with_grad=69/72
[train] step 484: T=526 positions=16 loss=0.6764 ce=1.6440 tv=0.3924 conf=2.3634 grad_norm=3.6388 tensors_with_grad=69/72
[train] step 485: T=850 positions=16 loss=1.2068 ce=2.4040 tv=0.3600 conf=0.6805 grad_norm=4.7029 tensors_with_grad=69/72
[train] step 486: T=907 positions=16 loss=0.9678 ce=2.0235 tv=0.3261 conf=1.9885 grad_norm=4.4650 tensors_with_grad=69/72
[train] step 487: T=1184 positions=16 loss=1.8765 ce=3.6498 tv=0.4728 conf=1.1202 grad_norm=6.0779 tensors_with_grad=69/72
[train] step 488: T=592 positions=16 loss=0.7185 ce=1.6068 tv=0.3318 conf=0.8616 grad_norm=6.9120 tensors_with_grad=69/72
[train] step 489: T=531 positions=16 loss=0.6661 ce=1.4677 tv=0.2604 conf=1.2133 grad_norm=3.6962 tensors_with_grad=69/72
[train] step 490: T=599 positions=16 loss=0.3428 ce=0.7461 tv=0.1948 conf=1.4822 grad_norm=3.0133 tensors_with_grad=69/72
[diag] draft-argmax == TARGET-argmax : 67.3%  | == ground-truth token: 66.6%
[diag] mean top-1 prob  target 0.836  draft 0.742   (TV near 1 with a PEAKED draft => misalignment; with a FLAT draft => genuine)
[train] saved 72 trained tensors -> /cap/s3recap-p25-b0.1/c1/trained/mtp_trained.safetensors
[train] saved AdamW state -> /cap/s3recap-p25-b0.1/c1/trained/opt_state.pt (needed for --resume to be equivalent to one continuous run)
[train] metrics -> /cap/s3recap-p25-b0.1/c1/train_metrics.json  (loss 0.7454 -> 0.3428, tail mean 0.9606)
[train] TRAIN OK
