[train] device=cuda torch=2.10.0
  loading model-00046-of-00048.safetensors ...
  loading model-00047-of-00048.safetensors ...
  loading model-00048-of-00048.safetensors ...
  dequantised 1512 tensors, 12.60 B params, 23.5 GiB bf16
[train] weights ready in 10.3s
[train] trainable 517.3 M in 72 tensors | frozen experts 12.08 B
[train] capture: 490 sample(s)
[Gloo] Rank 0 is connected to 0 peer ranks. Expected number of connected peer ranks is : 0
[train] ModelArgs: n_mtp=3 block=5 taps=[40, 41, 42] markov_rank=256
[train] built 3 DSparkBlock(s) on meta
[train] re-materialised freqs_cis on 3 attention module(s) (persistent=False buffers are NOT in state_dict and to_empty() zapped them)
[train] load_state_dict: 0 missing, 0 unexpected
[train] GATE1 model construction OK
[train] aux: embed.weight(129280, 4096), head.weight(129280, 4096)
[train] trainable tensors in graph: 72 / 517.3 M
[train] resumed 72/72 trained tensors from /cap/s3recap-conf1.0/c1/trained/mtp_trained.safetensors
[train] resumed AdamW state: 69/72 tensors carry moments (3 never received a gradient, expected), indices aligned
[train] P2.5 anchor: frozen copy of 3 block(s), beta=0.1
[train] lr schedule: linear warmup 73 step(s) -> cosine over 1472 session step(s), peak 5e-05; this chunk is steps 982..1471
/work/train/train_head.py:115: UserWarning: Converting a tensor with requires_grad=True to a scalar may lead to unexpected behavior.
Consider using tensor.detach() first. (Triggered internally at /opt/pytorch/torch/csrc/autograd/generated/python_variable_methods.cpp:836.)
  parts = {"ce": float((w * ce).sum()), "tv": float((w * tv).sum()), "conf": 0.0}
[train] step 0: T=527 positions=16 loss=1.6047 ce=3.2722 tv=0.4515 conf=0.5252 grad_norm=10.2556 tensors_with_grad=69/72
[train] step 1: T=616 positions=16 loss=1.5466 ce=3.3064 tv=0.3849 conf=0.4390 grad_norm=11.3127 tensors_with_grad=69/72
[train] step 2: T=533 positions=16 loss=1.6334 ce=3.2086 tv=0.4202 conf=0.4618 grad_norm=12.9040 tensors_with_grad=69/72
[train] step 3: T=626 positions=16 loss=0.8667 ce=1.9108 tv=0.2575 conf=0.3547 grad_norm=9.9047 tensors_with_grad=69/72
[train] step 4: T=638 positions=16 loss=1.1262 ce=3.0067 tv=0.2607 conf=0.4350 grad_norm=6.6496 tensors_with_grad=69/72
[train] step 5: T=535 positions=16 loss=1.0881 ce=2.5537 tv=0.2692 conf=0.5214 grad_norm=11.8407 tensors_with_grad=69/72
[train] step 6: T=1429 positions=16 loss=2.9724 ce=5.6564 tv=0.5324 conf=0.5489 grad_norm=15.6495 tensors_with_grad=69/72
[train] step 7: T=675 positions=16 loss=1.9065 ce=3.7986 tv=0.4102 conf=0.3868 grad_norm=12.3848 tensors_with_grad=69/72
[train] step 8: T=529 positions=16 loss=2.6360 ce=6.1030 tv=0.5381 conf=0.4601 grad_norm=14.2650 tensors_with_grad=69/72
[train] step 9: T=673 positions=16 loss=1.5261 ce=2.9718 tv=0.4048 conf=0.5096 grad_norm=13.7158 tensors_with_grad=69/72
[train] step 10: T=622 positions=16 loss=0.4711 ce=0.6873 tv=0.1904 conf=0.3831 grad_norm=3.8609 tensors_with_grad=69/72
[train] step 11: T=630 positions=16 loss=2.4235 ce=4.4706 tv=0.5299 conf=0.3824 grad_norm=19.2289 tensors_with_grad=69/72
[train] step 12: T=586 positions=16 loss=2.2347 ce=4.1031 tv=0.4825 conf=0.6420 grad_norm=21.2847 tensors_with_grad=69/72
[train] step 13: T=535 positions=16 loss=2.3582 ce=4.3852 tv=0.5844 conf=0.5697 grad_norm=15.9608 tensors_with_grad=69/72
[train] step 14: T=625 positions=16 loss=1.3367 ce=3.2550 tv=0.4143 conf=0.3980 grad_norm=12.2776 tensors_with_grad=69/72
[train] step 15: T=535 positions=16 loss=0.7439 ce=1.4490 tv=0.2532 conf=0.4315 grad_norm=6.6194 tensors_with_grad=69/72
[train] step 16: T=553 positions=16 loss=1.4376 ce=3.0986 tv=0.3428 conf=0.5331 grad_norm=13.5398 tensors_with_grad=69/72
[train] step 17: T=532 positions=16 loss=0.6704 ce=1.2007 tv=0.2135 conf=0.4990 grad_norm=8.7105 tensors_with_grad=69/72
[train] step 18: T=536 positions=16 loss=0.2220 ce=0.5047 tv=0.0896 conf=0.4350 grad_norm=2.3319 tensors_with_grad=69/72
[train] step 19: T=896 positions=16 loss=2.3293 ce=4.9168 tv=0.4725 conf=0.4066 grad_norm=10.8223 tensors_with_grad=69/72
[train] step 20: T=544 positions=16 loss=1.8096 ce=3.3003 tv=0.3085 conf=0.5980 grad_norm=29.2343 tensors_with_grad=69/72
[train] step 21: T=581 positions=16 loss=1.2812 ce=2.7175 tv=0.3463 conf=0.4560 grad_norm=15.2031 tensors_with_grad=69/72
[train] step 22: T=672 positions=16 loss=2.2855 ce=4.0303 tv=0.5390 conf=0.5893 grad_norm=16.7080 tensors_with_grad=69/72
[train] step 23: T=587 positions=16 loss=0.6226 ce=1.4772 tv=0.1915 conf=0.5390 grad_norm=5.9051 tensors_with_grad=69/72
[train] step 24: T=674 positions=16 loss=1.8386 ce=3.4158 tv=0.4787 conf=0.3890 grad_norm=11.3658 tensors_with_grad=69/72
[train] step 25: T=563 positions=16 loss=0.8259 ce=1.6153 tv=0.2160 conf=0.2116 grad_norm=8.9607 tensors_with_grad=69/72
[train] step 26: T=566 positions=16 loss=2.1349 ce=4.5251 tv=0.4405 conf=0.3500 grad_norm=14.0776 tensors_with_grad=69/72
[train] step 27: T=612 positions=16 loss=1.2719 ce=1.9695 tv=0.3296 conf=0.5401 grad_norm=30.3695 tensors_with_grad=69/72
[train] step 28: T=673 positions=16 loss=1.0071 ce=2.0118 tv=0.2987 conf=0.5169 grad_norm=5.3922 tensors_with_grad=69/72
[train] step 29: T=537 positions=16 loss=2.6941 ce=4.3776 tv=0.5857 conf=0.5454 grad_norm=13.4920 tensors_with_grad=69/72
[train] step 30: T=657 positions=16 loss=0.5149 ce=0.9640 tv=0.2321 conf=0.5040 grad_norm=8.3652 tensors_with_grad=69/72
[train] step 31: T=595 positions=16 loss=0.8024 ce=1.3450 tv=0.1784 conf=0.6487 grad_norm=14.0736 tensors_with_grad=69/72
[train] step 32: T=970 positions=16 loss=2.4817 ce=4.7902 tv=0.4917 conf=0.3029 grad_norm=15.9665 tensors_with_grad=69/72
[train] step 33: T=1741 positions=16 loss=3.8350 ce=7.8527 tv=0.6798 conf=0.3245 grad_norm=25.8124 tensors_with_grad=69/72
[train] step 34: T=574 positions=16 loss=2.7131 ce=5.4728 tv=0.5910 conf=0.3318 grad_norm=20.0589 tensors_with_grad=69/72
[train] step 35: T=581 positions=16 loss=1.6029 ce=3.2535 tv=0.3630 conf=0.3730 grad_norm=12.2203 tensors_with_grad=69/72
[train] step 36: T=563 positions=16 loss=1.5342 ce=3.0159 tv=0.3728 conf=0.4003 grad_norm=12.2292 tensors_with_grad=69/72
[train] step 37: T=534 positions=16 loss=0.1704 ce=0.4337 tv=0.1229 conf=0.5033 grad_norm=2.2137 tensors_with_grad=69/72
[train] step 38: T=645 positions=16 loss=2.7249 ce=5.2351 tv=0.6217 conf=0.7003 grad_norm=12.7686 tensors_with_grad=69/72
[train] step 39: T=672 positions=16 loss=2.1795 ce=3.9477 tv=0.4601 conf=0.6147 grad_norm=26.6879 tensors_with_grad=69/72
[train] step 40: T=578 positions=16 loss=1.3923 ce=2.5308 tv=0.3454 conf=0.5920 grad_norm=10.2807 tensors_with_grad=69/72
[train] step 41: T=527 positions=16 loss=2.1818 ce=4.5667 tv=0.4557 conf=0.5271 grad_norm=12.0439 tensors_with_grad=69/72
[train] step 42: T=645 positions=16 loss=1.1713 ce=2.4413 tv=0.3218 conf=0.3613 grad_norm=12.8031 tensors_with_grad=69/72
[train] step 43: T=1008 positions=16 loss=2.0084 ce=4.7618 tv=0.3813 conf=0.4334 grad_norm=15.4667 tensors_with_grad=69/72
[train] step 44: T=676 positions=16 loss=1.2454 ce=2.6244 tv=0.3360 conf=0.4583 grad_norm=11.6534 tensors_with_grad=69/72
[train] step 45: T=674 positions=16 loss=1.9603 ce=3.8026 tv=0.4928 conf=0.4618 grad_norm=9.0119 tensors_with_grad=69/72
[train] step 46: T=528 positions=16 loss=2.3076 ce=3.8415 tv=0.5404 conf=0.5798 grad_norm=23.7273 tensors_with_grad=69/72
[train] step 47: T=538 positions=16 loss=2.2032 ce=3.9329 tv=0.4671 conf=0.4423 grad_norm=10.6839 tensors_with_grad=69/72
[train] step 48: T=572 positions=16 loss=2.0792 ce=4.1687 tv=0.4765 conf=0.5445 grad_norm=21.5955 tensors_with_grad=69/72
[train] step 49: T=536 positions=16 loss=1.0736 ce=2.0645 tv=0.2842 conf=0.7345 grad_norm=15.7981 tensors_with_grad=69/72
[train] step 50: T=673 positions=16 loss=2.5055 ce=4.5930 tv=0.5840 conf=0.4333 grad_norm=13.5322 tensors_with_grad=69/72
[train] step 51: T=603 positions=16 loss=0.5698 ce=1.7988 tv=0.1615 conf=0.4463 grad_norm=4.0773 tensors_with_grad=69/72
[train] step 52: T=532 positions=16 loss=1.2970 ce=2.4503 tv=0.3202 conf=0.3775 grad_norm=13.0272 tensors_with_grad=69/72
[train] step 53: T=618 positions=16 loss=1.0852 ce=2.1331 tv=0.3456 conf=0.6144 grad_norm=9.7300 tensors_with_grad=69/72
[train] step 54: T=539 positions=16 loss=0.7262 ce=1.3150 tv=0.2274 conf=0.7423 grad_norm=17.0338 tensors_with_grad=69/72
[train] step 55: T=569 positions=16 loss=1.9554 ce=3.6068 tv=0.4138 conf=0.5162 grad_norm=12.4856 tensors_with_grad=69/72
[train] step 56: T=589 positions=16 loss=2.1400 ce=4.2012 tv=0.5692 conf=0.5828 grad_norm=11.7838 tensors_with_grad=69/72
[train] step 57: T=653 positions=16 loss=2.8884 ce=6.2484 tv=0.5637 conf=0.4971 grad_norm=13.5452 tensors_with_grad=69/72
[train] step 58: T=675 positions=16 loss=1.9652 ce=4.0960 tv=0.4782 conf=0.5648 grad_norm=15.0292 tensors_with_grad=69/72
[train] step 59: T=599 positions=16 loss=2.8973 ce=7.2931 tv=0.5549 conf=0.4315 grad_norm=12.8904 tensors_with_grad=69/72
[train] step 60: T=901 positions=16 loss=1.7492 ce=4.0043 tv=0.4172 conf=0.3652 grad_norm=7.8677 tensors_with_grad=69/72
[train] step 61: T=597 positions=16 loss=0.6827 ce=1.1825 tv=0.1660 conf=0.5313 grad_norm=15.7320 tensors_with_grad=69/72
[train] step 62: T=613 positions=16 loss=0.2384 ce=0.4464 tv=0.1463 conf=0.6080 grad_norm=4.0004 tensors_with_grad=69/72
[train] step 63: T=546 positions=16 loss=1.0570 ce=1.8461 tv=0.2908 conf=0.5188 grad_norm=7.7017 tensors_with_grad=69/72
[train] step 64: T=535 positions=16 loss=0.1206 ce=0.3116 tv=0.1179 conf=0.4488 grad_norm=2.8697 tensors_with_grad=69/72
[train] step 65: T=527 positions=16 loss=2.5791 ce=4.2226 tv=0.6320 conf=0.4239 grad_norm=11.5441 tensors_with_grad=69/72
[train] step 66: T=672 positions=16 loss=2.7127 ce=4.9234 tv=0.6156 conf=0.4330 grad_norm=17.8885 tensors_with_grad=69/72
[train] step 67: T=535 positions=16 loss=2.3032 ce=4.6040 tv=0.5786 conf=0.6465 grad_norm=18.7236 tensors_with_grad=69/72
[train] step 68: T=629 positions=16 loss=1.8585 ce=3.2475 tv=0.4717 conf=0.5413 grad_norm=12.8436 tensors_with_grad=69/72
[train] step 69: T=529 positions=16 loss=1.6079 ce=3.0125 tv=0.3615 conf=0.6487 grad_norm=22.3570 tensors_with_grad=69/72
[train] step 70: T=544 positions=16 loss=0.4071 ce=0.8613 tv=0.1245 conf=0.4287 grad_norm=13.6393 tensors_with_grad=69/72
[train] step 71: T=1433 positions=16 loss=3.1416 ce=6.2012 tv=0.5882 conf=0.5848 grad_norm=24.8196 tensors_with_grad=69/72
[train] step 72: T=528 positions=16 loss=2.0720 ce=3.9430 tv=0.4296 conf=0.4138 grad_norm=14.7188 tensors_with_grad=69/72
[train] step 73: T=674 positions=16 loss=1.9243 ce=3.9113 tv=0.5048 conf=0.4067 grad_norm=10.7563 tensors_with_grad=69/72
[train] step 74: T=527 positions=16 loss=1.1685 ce=2.2859 tv=0.3312 conf=0.6588 grad_norm=8.1903 tensors_with_grad=69/72
[train] step 75: T=642 positions=16 loss=2.0488 ce=4.2845 tv=0.5001 conf=0.5745 grad_norm=10.6189 tensors_with_grad=69/72
[train] step 76: T=598 positions=16 loss=0.6097 ce=1.3081 tv=0.1815 conf=0.4258 grad_norm=4.2092 tensors_with_grad=69/72
[train] step 77: T=933 positions=16 loss=1.9469 ce=3.7433 tv=0.4683 conf=0.4449 grad_norm=9.8539 tensors_with_grad=69/72
[train] step 78: T=653 positions=16 loss=2.7196 ce=5.6345 tv=0.6007 conf=0.6257 grad_norm=26.9977 tensors_with_grad=69/72
[train] step 79: T=655 positions=16 loss=1.5992 ce=3.5289 tv=0.4214 conf=0.5142 grad_norm=11.8936 tensors_with_grad=69/72
[train] step 80: T=585 positions=16 loss=0.7120 ce=1.5269 tv=0.2085 conf=0.5148 grad_norm=7.0163 tensors_with_grad=69/72
[train] step 81: T=641 positions=16 loss=2.5677 ce=4.8724 tv=0.6073 conf=0.4766 grad_norm=16.1151 tensors_with_grad=69/72
[train] step 82: T=532 positions=16 loss=1.3489 ce=2.6119 tv=0.3154 conf=0.4092 grad_norm=12.9891 tensors_with_grad=69/72
[train] step 83: T=526 positions=16 loss=2.6444 ce=4.7475 tv=0.5938 conf=0.4862 grad_norm=13.2938 tensors_with_grad=69/72
[train] step 84: T=590 positions=16 loss=1.0068 ce=1.8710 tv=0.3144 conf=0.5207 grad_norm=9.2326 tensors_with_grad=69/72
[train] step 85: T=527 positions=16 loss=2.0961 ce=4.1262 tv=0.5067 conf=0.6339 grad_norm=11.2014 tensors_with_grad=69/72
[train] step 86: T=838 positions=16 loss=1.8549 ce=3.4351 tv=0.5057 conf=0.4609 grad_norm=10.6780 tensors_with_grad=69/72
[train] step 87: T=528 positions=16 loss=0.7835 ce=1.6618 tv=0.2316 conf=0.3748 grad_norm=6.8042 tensors_with_grad=69/72
[train] step 88: T=594 positions=16 loss=1.2918 ce=2.3679 tv=0.2851 conf=0.4737 grad_norm=12.0687 tensors_with_grad=69/72
[train] step 89: T=634 positions=16 loss=1.1558 ce=2.3397 tv=0.3106 conf=0.5832 grad_norm=10.9692 tensors_with_grad=69/72
[train] step 90: T=558 positions=16 loss=1.6909 ce=3.0830 tv=0.4176 conf=0.5624 grad_norm=17.8302 tensors_with_grad=69/72
[train] step 91: T=649 positions=16 loss=1.3757 ce=2.9487 tv=0.3487 conf=0.5039 grad_norm=5.1416 tensors_with_grad=69/72
[train] step 92: T=1085 positions=16 loss=1.9762 ce=4.0608 tv=0.3960 conf=0.3822 grad_norm=12.0732 tensors_with_grad=69/72
[train] step 93: T=575 positions=16 loss=1.0221 ce=2.0240 tv=0.2893 conf=0.5434 grad_norm=7.8435 tensors_with_grad=69/72
[train] step 94: T=611 positions=16 loss=0.6697 ce=1.3880 tv=0.2423 conf=0.4331 grad_norm=3.9967 tensors_with_grad=69/72
[train] step 95: T=529 positions=16 loss=2.5169 ce=4.6465 tv=0.6288 conf=0.3808 grad_norm=14.2687 tensors_with_grad=69/72
[train] step 96: T=526 positions=16 loss=1.8784 ce=4.1314 tv=0.4125 conf=0.3888 grad_norm=11.0608 tensors_with_grad=69/72
[train] step 97: T=576 positions=16 loss=1.3192 ce=2.6560 tv=0.3504 conf=0.4673 grad_norm=8.3349 tensors_with_grad=69/72
[train] step 98: T=674 positions=16 loss=2.7932 ce=4.9836 tv=0.5558 conf=0.4322 grad_norm=18.3255 tensors_with_grad=69/72
[train] step 99: T=535 positions=16 loss=0.8528 ce=1.5862 tv=0.3004 conf=0.5152 grad_norm=10.6707 tensors_with_grad=69/72
[train] step 100: T=975 positions=16 loss=2.4519 ce=5.6519 tv=0.4897 conf=0.4645 grad_norm=8.7652 tensors_with_grad=69/72
[train] step 101: T=1794 positions=16 loss=3.1187 ce=6.2779 tv=0.6354 conf=0.3729 grad_norm=17.6891 tensors_with_grad=69/72
[train] step 102: T=532 positions=16 loss=1.7209 ce=2.6982 tv=0.4751 conf=0.6304 grad_norm=26.4741 tensors_with_grad=69/72
[train] step 103: T=552 positions=16 loss=1.4861 ce=3.4048 tv=0.3689 conf=0.4753 grad_norm=12.0129 tensors_with_grad=69/72
[train] step 104: T=541 positions=16 loss=1.7059 ce=3.7542 tv=0.4133 conf=0.4461 grad_norm=12.8487 tensors_with_grad=69/72
[train] step 105: T=678 positions=16 loss=1.2919 ce=2.7033 tv=0.3189 conf=0.4547 grad_norm=19.4565 tensors_with_grad=69/72
[train] step 106: T=527 positions=16 loss=2.5154 ce=5.9189 tv=0.5719 conf=0.4962 grad_norm=15.6305 tensors_with_grad=69/72
[train] step 107: T=648 positions=16 loss=2.0684 ce=4.3377 tv=0.5271 conf=0.6108 grad_norm=8.4581 tensors_with_grad=69/72
[train] step 108: T=543 positions=16 loss=0.8386 ce=1.3316 tv=0.1922 conf=0.4079 grad_norm=21.3519 tensors_with_grad=69/72
[train] step 109: T=920 positions=16 loss=2.7740 ce=6.1752 tv=0.5841 conf=0.4649 grad_norm=11.5520 tensors_with_grad=69/72
[train] step 110: T=672 positions=16 loss=1.5796 ce=3.5501 tv=0.4251 conf=0.3999 grad_norm=9.7131 tensors_with_grad=69/72
[train] step 111: T=882 positions=16 loss=1.7704 ce=3.8610 tv=0.4309 conf=0.3448 grad_norm=11.2470 tensors_with_grad=69/72
[train] step 112: T=528 positions=16 loss=0.7684 ce=1.0877 tv=0.2506 conf=0.5338 grad_norm=13.4026 tensors_with_grad=69/72
[train] step 113: T=674 positions=16 loss=2.6393 ce=5.8692 tv=0.5601 conf=0.4139 grad_norm=22.9576 tensors_with_grad=69/72
[train] step 114: T=533 positions=16 loss=0.7543 ce=1.2539 tv=0.2034 conf=0.3859 grad_norm=12.5969 tensors_with_grad=69/72
[train] step 115: T=623 positions=16 loss=2.2518 ce=4.9815 tv=0.4533 conf=0.7790 grad_norm=16.2174 tensors_with_grad=69/72
[train] step 116: T=1190 positions=16 loss=2.4601 ce=4.9292 tv=0.4797 conf=0.4079 grad_norm=12.2627 tensors_with_grad=69/72
[train] step 117: T=627 positions=16 loss=1.4366 ce=2.9870 tv=0.3504 conf=0.3980 grad_norm=8.6729 tensors_with_grad=69/72
[train] step 118: T=638 positions=16 loss=1.9196 ce=3.7343 tv=0.5413 conf=0.4238 grad_norm=8.8813 tensors_with_grad=69/72
[train] step 119: T=605 positions=16 loss=1.6678 ce=3.6024 tv=0.4541 conf=0.4159 grad_norm=12.8676 tensors_with_grad=69/72
[train] step 120: T=664 positions=16 loss=0.8864 ce=1.6046 tv=0.2344 conf=0.3696 grad_norm=13.4419 tensors_with_grad=69/72
[train] step 121: T=530 positions=16 loss=1.9069 ce=4.3532 tv=0.4116 conf=0.3626 grad_norm=11.4657 tensors_with_grad=69/72
[train] step 122: T=541 positions=16 loss=0.4532 ce=0.9081 tv=0.1514 conf=0.3730 grad_norm=13.0144 tensors_with_grad=69/72
[train] step 123: T=533 positions=16 loss=1.0411 ce=2.4169 tv=0.2810 conf=0.3299 grad_norm=7.2398 tensors_with_grad=69/72
[train] step 124: T=616 positions=16 loss=1.4713 ce=3.2370 tv=0.3889 conf=0.4949 grad_norm=8.9390 tensors_with_grad=69/72
[train] step 125: T=672 positions=16 loss=2.8630 ce=4.9352 tv=0.6715 conf=0.4516 grad_norm=11.7445 tensors_with_grad=69/72
[train] step 126: T=524 positions=16 loss=2.1716 ce=4.2103 tv=0.5146 conf=0.4289 grad_norm=12.2775 tensors_with_grad=69/72
[train] step 127: T=1177 positions=16 loss=2.4956 ce=5.1616 tv=0.5415 conf=0.5068 grad_norm=20.2256 tensors_with_grad=69/72
[train] step 128: T=543 positions=16 loss=1.2626 ce=2.4832 tv=0.3545 conf=0.4266 grad_norm=9.2792 tensors_with_grad=69/72
[train] step 129: T=537 positions=16 loss=1.2193 ce=2.0775 tv=0.3178 conf=0.4978 grad_norm=12.8662 tensors_with_grad=69/72
[train] step 130: T=533 positions=16 loss=1.6766 ce=5.0842 tv=0.3947 conf=0.4250 grad_norm=33.4610 tensors_with_grad=69/72
[train] step 131: T=532 positions=16 loss=1.9036 ce=3.9656 tv=0.4896 conf=0.5049 grad_norm=15.2723 tensors_with_grad=69/72
[train] step 132: T=572 positions=16 loss=0.4630 ce=0.7359 tv=0.1503 conf=0.3534 grad_norm=13.1502 tensors_with_grad=69/72
[train] step 133: T=531 positions=16 loss=2.4971 ce=4.6546 tv=0.6059 conf=0.4703 grad_norm=10.7712 tensors_with_grad=69/72
[train] step 134: T=553 positions=16 loss=1.0132 ce=2.1860 tv=0.2353 conf=0.2769 grad_norm=9.6949 tensors_with_grad=69/72
[train] step 135: T=540 positions=16 loss=1.0740 ce=2.2489 tv=0.2911 conf=0.3170 grad_norm=10.4604 tensors_with_grad=69/72
[train] step 136: T=532 positions=16 loss=1.3820 ce=2.9933 tv=0.3237 conf=0.6251 grad_norm=8.8990 tensors_with_grad=69/72
[train] step 137: T=552 positions=16 loss=1.3145 ce=2.3752 tv=0.3051 conf=0.3502 grad_norm=13.2682 tensors_with_grad=69/72
[train] step 138: T=565 positions=16 loss=0.6410 ce=1.2398 tv=0.2039 conf=0.5491 grad_norm=12.1611 tensors_with_grad=69/72
[train] step 139: T=534 positions=16 loss=0.9207 ce=2.0935 tv=0.2876 conf=0.3809 grad_norm=8.6359 tensors_with_grad=69/72
[train] step 140: T=1720 positions=16 loss=2.9167 ce=5.3953 tv=0.6707 conf=0.5143 grad_norm=13.8224 tensors_with_grad=69/72
[train] step 141: T=539 positions=16 loss=1.9013 ce=3.7861 tv=0.4449 conf=0.5896 grad_norm=14.3493 tensors_with_grad=69/72
[train] step 142: T=1793 positions=16 loss=3.1507 ce=7.0960 tv=0.6461 conf=0.4002 grad_norm=16.8389 tensors_with_grad=69/72
[train] step 143: T=581 positions=16 loss=1.8000 ce=2.9675 tv=0.4023 conf=0.4143 grad_norm=18.1012 tensors_with_grad=69/72
[train] step 144: T=1033 positions=16 loss=3.5155 ce=8.2236 tv=0.6522 conf=0.3298 grad_norm=31.8456 tensors_with_grad=69/72
[train] step 145: T=544 positions=16 loss=0.8991 ce=1.8434 tv=0.2431 conf=0.3587 grad_norm=11.1617 tensors_with_grad=69/72
[train] step 146: T=1570 positions=16 loss=3.2304 ce=6.7009 tv=0.6523 conf=0.3745 grad_norm=22.3917 tensors_with_grad=69/72
[train] step 147: T=1007 positions=16 loss=2.1348 ce=4.3143 tv=0.4789 conf=0.4650 grad_norm=11.3991 tensors_with_grad=69/72
[train] step 148: T=656 positions=16 loss=0.9341 ce=2.4193 tv=0.2810 conf=0.4579 grad_norm=9.8915 tensors_with_grad=69/72
[train] step 149: T=605 positions=16 loss=0.7784 ce=2.0614 tv=0.2576 conf=0.4335 grad_norm=8.3182 tensors_with_grad=69/72
[train] step 150: T=1792 positions=16 loss=3.2773 ce=7.3809 tv=0.6333 conf=0.2533 grad_norm=33.9716 tensors_with_grad=69/72
[train] step 151: T=535 positions=16 loss=0.5875 ce=1.2288 tv=0.1179 conf=0.7641 grad_norm=6.9318 tensors_with_grad=69/72
[train] step 152: T=550 positions=16 loss=1.9847 ce=4.1737 tv=0.4351 conf=0.4879 grad_norm=10.5570 tensors_with_grad=69/72
[train] step 153: T=608 positions=16 loss=1.5589 ce=2.9067 tv=0.4085 conf=0.5097 grad_norm=13.8000 tensors_with_grad=69/72
[train] step 154: T=901 positions=16 loss=1.8297 ce=3.1825 tv=0.3968 conf=0.3769 grad_norm=11.8462 tensors_with_grad=69/72
[train] step 155: T=527 positions=16 loss=2.3259 ce=4.2720 tv=0.5553 conf=0.6547 grad_norm=14.6425 tensors_with_grad=69/72
[train] step 156: T=1058 positions=16 loss=1.9120 ce=3.9949 tv=0.4655 conf=0.5726 grad_norm=25.1098 tensors_with_grad=69/72
[train] step 157: T=629 positions=16 loss=0.7921 ce=1.7588 tv=0.2677 conf=0.3940 grad_norm=7.6940 tensors_with_grad=69/72
[train] step 158: T=532 positions=16 loss=0.9036 ce=1.7419 tv=0.2332 conf=0.4200 grad_norm=10.4185 tensors_with_grad=69/72
[train] step 159: T=674 positions=16 loss=1.9242 ce=3.5772 tv=0.4934 conf=0.4879 grad_norm=10.3916 tensors_with_grad=69/72
[train] step 160: T=546 positions=16 loss=0.7434 ce=1.0443 tv=0.2194 conf=0.4379 grad_norm=10.2219 tensors_with_grad=69/72
[train] step 161: T=574 positions=16 loss=1.4343 ce=2.3841 tv=0.3260 conf=0.6143 grad_norm=8.8758 tensors_with_grad=69/72
[train] step 162: T=675 positions=16 loss=1.9071 ce=4.1388 tv=0.4403 conf=0.4794 grad_norm=17.2164 tensors_with_grad=69/72
[train] step 163: T=549 positions=16 loss=1.2894 ce=2.2784 tv=0.3443 conf=0.4449 grad_norm=7.9241 tensors_with_grad=69/72
[train] step 164: T=671 positions=16 loss=1.9502 ce=3.7647 tv=0.5147 conf=0.5707 grad_norm=11.4508 tensors_with_grad=69/72
[train] step 165: T=609 positions=16 loss=1.3073 ce=2.0214 tv=0.4097 conf=0.5215 grad_norm=9.8421 tensors_with_grad=69/72
[train] step 166: T=570 positions=16 loss=2.4672 ce=5.2228 tv=0.5022 conf=0.4423 grad_norm=16.4001 tensors_with_grad=69/72
[train] step 167: T=540 positions=16 loss=0.9452 ce=1.9153 tv=0.2757 conf=0.3944 grad_norm=6.3317 tensors_with_grad=69/72
[train] step 168: T=618 positions=16 loss=1.4213 ce=3.0206 tv=0.3318 conf=0.5081 grad_norm=8.9007 tensors_with_grad=69/72
[train] step 169: T=524 positions=16 loss=2.6066 ce=5.2783 tv=0.6035 conf=0.4778 grad_norm=21.8325 tensors_with_grad=69/72
[train] step 170: T=673 positions=16 loss=2.1435 ce=4.4306 tv=0.5025 conf=0.6785 grad_norm=17.0347 tensors_with_grad=69/72
[train] step 171: T=526 positions=16 loss=0.8301 ce=1.4304 tv=0.2652 conf=0.4896 grad_norm=8.8879 tensors_with_grad=69/72
[train] step 172: T=531 positions=16 loss=1.2662 ce=3.0260 tv=0.3175 conf=0.3491 grad_norm=8.0894 tensors_with_grad=69/72
[train] step 173: T=536 positions=16 loss=0.7031 ce=1.3840 tv=0.2472 conf=0.4728 grad_norm=11.6907 tensors_with_grad=69/72
[train] step 174: T=601 positions=16 loss=0.7326 ce=1.5047 tv=0.2366 conf=0.3578 grad_norm=6.8378 tensors_with_grad=69/72
[train] step 175: T=647 positions=16 loss=2.3467 ce=4.4470 tv=0.5495 conf=0.5569 grad_norm=13.8997 tensors_with_grad=69/72
[train] step 176: T=532 positions=16 loss=1.0138 ce=1.9433 tv=0.3357 conf=0.4824 grad_norm=6.1418 tensors_with_grad=69/72
[train] step 177: T=544 positions=16 loss=1.0442 ce=2.1737 tv=0.2511 conf=0.3870 grad_norm=20.8557 tensors_with_grad=69/72
[train] step 178: T=673 positions=16 loss=2.2573 ce=4.0157 tv=0.5630 conf=0.5433 grad_norm=25.5916 tensors_with_grad=69/72
[train] step 179: T=593 positions=16 loss=0.9794 ce=1.4057 tv=0.2575 conf=0.3752 grad_norm=11.6443 tensors_with_grad=69/72
[train] step 180: T=568 positions=16 loss=0.6843 ce=1.5432 tv=0.1742 conf=0.5861 grad_norm=9.6264 tensors_with_grad=69/72
[train] step 181: T=589 positions=16 loss=0.5519 ce=1.2228 tv=0.2052 conf=0.3977 grad_norm=4.8327 tensors_with_grad=69/72
[train] step 182: T=526 positions=16 loss=1.3050 ce=2.3415 tv=0.3028 conf=0.5035 grad_norm=7.9716 tensors_with_grad=69/72
[train] step 183: T=538 positions=16 loss=0.3631 ce=0.8785 tv=0.1154 conf=0.3107 grad_norm=5.3545 tensors_with_grad=69/72
[train] step 184: T=1365 positions=16 loss=2.8914 ce=5.8896 tv=0.5636 conf=0.5036 grad_norm=12.7387 tensors_with_grad=69/72
[train] step 185: T=533 positions=16 loss=0.9300 ce=2.3103 tv=0.2771 conf=0.4487 grad_norm=7.4655 tensors_with_grad=69/72
[train] step 186: T=526 positions=16 loss=2.4571 ce=4.5033 tv=0.6190 conf=0.4795 grad_norm=11.3481 tensors_with_grad=69/72
[train] step 187: T=625 positions=16 loss=0.4245 ce=0.7086 tv=0.1564 conf=0.4337 grad_norm=5.2396 tensors_with_grad=69/72
[train] step 188: T=544 positions=16 loss=2.6342 ce=4.7431 tv=0.5547 conf=0.5372 grad_norm=16.9649 tensors_with_grad=69/72
[train] step 189: T=531 positions=16 loss=2.1846 ce=4.5055 tv=0.5406 conf=0.4702 grad_norm=9.8951 tensors_with_grad=69/72
[train] step 190: T=1057 positions=16 loss=1.8360 ce=4.0683 tv=0.4294 conf=0.4989 grad_norm=8.8124 tensors_with_grad=69/72
[train] step 191: T=1004 positions=16 loss=2.7476 ce=5.5588 tv=0.5936 conf=0.4158 grad_norm=16.0877 tensors_with_grad=69/72
[train] step 192: T=673 positions=16 loss=2.2691 ce=4.3905 tv=0.5394 conf=0.5044 grad_norm=13.2760 tensors_with_grad=69/72
[train] step 193: T=541 positions=16 loss=0.4827 ce=1.2987 tv=0.1638 conf=0.2883 grad_norm=6.3406 tensors_with_grad=69/72
[train] step 194: T=531 positions=16 loss=0.5211 ce=0.5915 tv=0.1837 conf=0.6924 grad_norm=20.6086 tensors_with_grad=69/72
[train] step 195: T=561 positions=16 loss=0.4867 ce=0.6253 tv=0.1822 conf=0.3912 grad_norm=5.4385 tensors_with_grad=69/72
[train] step 196: T=535 positions=16 loss=1.4078 ce=3.1081 tv=0.3247 conf=0.4149 grad_norm=9.7726 tensors_with_grad=69/72
[train] step 197: T=571 positions=16 loss=0.9086 ce=1.9035 tv=0.3184 conf=0.4064 grad_norm=6.8276 tensors_with_grad=69/72
[train] step 198: T=672 positions=16 loss=3.2406 ce=5.8821 tv=0.6854 conf=0.4448 grad_norm=14.1445 tensors_with_grad=69/72
[train] step 199: T=540 positions=16 loss=0.6168 ce=1.1416 tv=0.1580 conf=0.3508 grad_norm=9.4612 tensors_with_grad=69/72
[train] step 200: T=532 positions=16 loss=0.1573 ce=0.3232 tv=0.0811 conf=0.3600 grad_norm=1.9408 tensors_with_grad=69/72
[train] step 201: T=676 positions=16 loss=2.3147 ce=4.5685 tv=0.5763 conf=0.3845 grad_norm=21.4376 tensors_with_grad=69/72
[train] step 202: T=838 positions=16 loss=1.7989 ce=3.7015 tv=0.4253 conf=0.4228 grad_norm=11.8468 tensors_with_grad=69/72
[train] step 203: T=583 positions=16 loss=1.8495 ce=3.6407 tv=0.4394 conf=0.3633 grad_norm=12.6658 tensors_with_grad=69/72
[train] step 204: T=527 positions=16 loss=1.0851 ce=1.8837 tv=0.2792 conf=0.5580 grad_norm=19.6821 tensors_with_grad=69/72
[train] step 205: T=675 positions=16 loss=1.9043 ce=4.1739 tv=0.4273 conf=0.3175 grad_norm=16.6736 tensors_with_grad=69/72
[train] step 206: T=542 positions=16 loss=1.3834 ce=3.1662 tv=0.3342 conf=0.5222 grad_norm=11.5491 tensors_with_grad=69/72
[train] step 207: T=1211 positions=16 loss=2.4256 ce=4.9240 tv=0.4877 conf=0.4931 grad_norm=12.6874 tensors_with_grad=69/72
[train] step 208: T=527 positions=16 loss=0.3200 ce=0.8156 tv=0.1080 conf=0.2939 grad_norm=4.4333 tensors_with_grad=69/72
[train] step 209: T=1106 positions=16 loss=3.0958 ce=6.8930 tv=0.6020 conf=0.4229 grad_norm=15.8107 tensors_with_grad=69/72
[train] step 210: T=533 positions=16 loss=0.5594 ce=1.0285 tv=0.2016 conf=0.5844 grad_norm=5.3777 tensors_with_grad=69/72
[train] step 211: T=1721 positions=16 loss=3.0305 ce=5.9508 tv=0.6264 conf=0.4437 grad_norm=14.7104 tensors_with_grad=69/72
[train] step 212: T=616 positions=16 loss=0.9664 ce=1.9062 tv=0.2355 conf=0.4050 grad_norm=11.8565 tensors_with_grad=69/72
[train] step 213: T=672 positions=16 loss=2.5145 ce=5.9338 tv=0.5472 conf=0.4637 grad_norm=17.9649 tensors_with_grad=69/72
[train] step 214: T=529 positions=16 loss=2.5840 ce=4.4597 tv=0.6006 conf=0.5120 grad_norm=11.4977 tensors_with_grad=69/72
[train] step 215: T=536 positions=16 loss=0.2995 ce=0.6115 tv=0.1523 conf=0.8181 grad_norm=5.7158 tensors_with_grad=69/72
[train] step 216: T=550 positions=16 loss=1.2493 ce=2.4709 tv=0.3774 conf=0.4018 grad_norm=9.6031 tensors_with_grad=69/72
[train] step 217: T=1223 positions=16 loss=3.4200 ce=6.9849 tv=0.6611 conf=0.4819 grad_norm=13.8179 tensors_with_grad=69/72
[train] step 218: T=528 positions=16 loss=1.5675 ce=2.9652 tv=0.3912 conf=0.6893 grad_norm=24.7227 tensors_with_grad=69/72
[train] step 219: T=535 positions=16 loss=0.6196 ce=1.2611 tv=0.1895 conf=0.4018 grad_norm=9.3394 tensors_with_grad=69/72
[train] step 220: T=580 positions=16 loss=1.2176 ce=2.2342 tv=0.3595 conf=0.5708 grad_norm=10.5219 tensors_with_grad=69/72
[train] step 221: T=533 positions=16 loss=0.1688 ce=0.3615 tv=0.0934 conf=0.3030 grad_norm=2.3710 tensors_with_grad=69/72
[train] step 222: T=531 positions=16 loss=1.0734 ce=2.3422 tv=0.3295 conf=0.4586 grad_norm=9.5803 tensors_with_grad=69/72
[train] step 223: T=577 positions=16 loss=2.1506 ce=4.4506 tv=0.4879 conf=0.4853 grad_norm=25.1268 tensors_with_grad=69/72
[train] step 224: T=583 positions=16 loss=1.9110 ce=4.1611 tv=0.4347 conf=0.4621 grad_norm=15.7474 tensors_with_grad=69/72
[train] step 225: T=673 positions=16 loss=2.0238 ce=4.2882 tv=0.5224 conf=0.4591 grad_norm=12.2061 tensors_with_grad=69/72
[train] step 226: T=672 positions=16 loss=1.3198 ce=2.9993 tv=0.3629 conf=0.4577 grad_norm=9.9281 tensors_with_grad=69/72
[train] step 227: T=1189 positions=16 loss=2.5829 ce=5.3968 tv=0.5601 conf=0.3953 grad_norm=12.4930 tensors_with_grad=69/72
[train] step 228: T=534 positions=16 loss=2.5037 ce=5.4229 tv=0.5899 conf=0.4420 grad_norm=13.8993 tensors_with_grad=69/72
[train] step 229: T=531 positions=16 loss=0.9029 ce=1.9888 tv=0.2580 conf=0.4860 grad_norm=5.5146 tensors_with_grad=69/72
[train] step 230: T=678 positions=16 loss=2.0329 ce=3.9089 tv=0.4539 conf=0.5866 grad_norm=16.2224 tensors_with_grad=69/72
[train] step 231: T=525 positions=16 loss=2.3665 ce=4.6806 tv=0.5263 conf=0.5078 grad_norm=10.0367 tensors_with_grad=69/72
[train] step 232: T=674 positions=16 loss=0.9657 ce=1.9838 tv=0.2802 conf=0.4664 grad_norm=10.8618 tensors_with_grad=69/72
[train] step 233: T=550 positions=16 loss=0.5183 ce=1.0837 tv=0.2335 conf=0.5857 grad_norm=6.0800 tensors_with_grad=69/72
[train] step 234: T=534 positions=16 loss=1.8811 ce=3.0951 tv=0.4391 conf=0.6553 grad_norm=21.4206 tensors_with_grad=69/72
[train] step 235: T=607 positions=16 loss=1.3069 ce=2.8948 tv=0.3463 conf=0.5699 grad_norm=14.7157 tensors_with_grad=69/72
[train] step 236: T=529 positions=16 loss=3.1952 ce=6.2505 tv=0.7358 conf=0.6366 grad_norm=41.2182 tensors_with_grad=69/72
[train] step 237: T=538 positions=16 loss=2.0026 ce=3.8162 tv=0.5664 conf=0.4398 grad_norm=10.9372 tensors_with_grad=69/72
[train] step 238: T=538 positions=16 loss=0.6810 ce=1.4526 tv=0.2480 conf=0.5192 grad_norm=7.6842 tensors_with_grad=69/72
[train] step 239: T=538 positions=16 loss=0.6863 ce=1.5138 tv=0.1869 conf=0.3063 grad_norm=7.4036 tensors_with_grad=69/72
[train] step 240: T=851 positions=16 loss=3.0773 ce=7.0908 tv=0.6597 conf=0.3493 grad_norm=12.6198 tensors_with_grad=69/72
[train] step 241: T=533 positions=16 loss=1.4721 ce=2.6523 tv=0.3737 conf=0.5028 grad_norm=13.3836 tensors_with_grad=69/72
[train] step 242: T=1623 positions=16 loss=2.7866 ce=6.5745 tv=0.5399 conf=0.3688 grad_norm=19.2506 tensors_with_grad=69/72
[train] step 243: T=547 positions=16 loss=1.2219 ce=2.3427 tv=0.3251 conf=0.5760 grad_norm=10.3699 tensors_with_grad=69/72
[train] step 244: T=876 positions=16 loss=2.5411 ce=5.9807 tv=0.4907 conf=0.4317 grad_norm=11.7530 tensors_with_grad=69/72
[train] step 245: T=528 positions=16 loss=1.5842 ce=3.3058 tv=0.3139 conf=0.4107 grad_norm=13.6583 tensors_with_grad=69/72
[train] step 246: T=652 positions=16 loss=2.5795 ce=5.4541 tv=0.5762 conf=0.5449 grad_norm=12.0240 tensors_with_grad=69/72
[train] step 247: T=611 positions=16 loss=0.6090 ce=1.3655 tv=0.2558 conf=0.4154 grad_norm=7.9619 tensors_with_grad=69/72
[train] step 248: T=588 positions=16 loss=0.4848 ce=0.7744 tv=0.1467 conf=0.4925 grad_norm=7.4203 tensors_with_grad=69/72
[train] step 249: T=554 positions=16 loss=1.3408 ce=2.8398 tv=0.3201 conf=0.5808 grad_norm=14.4636 tensors_with_grad=69/72
[train] step 250: T=592 positions=16 loss=2.3976 ce=4.5925 tv=0.4747 conf=0.5186 grad_norm=21.3007 tensors_with_grad=69/72
[train] step 251: T=540 positions=16 loss=0.8822 ce=2.0374 tv=0.2644 conf=0.4175 grad_norm=16.5207 tensors_with_grad=69/72
[train] step 252: T=537 positions=16 loss=1.0617 ce=1.7130 tv=0.3253 conf=0.5628 grad_norm=9.0842 tensors_with_grad=69/72
[train] step 253: T=673 positions=16 loss=1.0466 ce=2.4535 tv=0.2867 conf=0.4756 grad_norm=12.3769 tensors_with_grad=69/72
[train] step 254: T=575 positions=16 loss=0.6028 ce=0.9926 tv=0.2162 conf=0.5687 grad_norm=5.4571 tensors_with_grad=69/72
[train] step 255: T=545 positions=16 loss=2.3125 ce=4.7567 tv=0.4969 conf=0.4736 grad_norm=14.3953 tensors_with_grad=69/72
[train] step 256: T=540 positions=16 loss=0.9490 ce=1.7585 tv=0.2601 conf=0.5390 grad_norm=12.9165 tensors_with_grad=69/72
[train] step 257: T=525 positions=16 loss=1.5223 ce=2.7819 tv=0.4054 conf=0.3887 grad_norm=13.6278 tensors_with_grad=69/72
[train] step 258: T=1002 positions=16 loss=2.6121 ce=6.2985 tv=0.5886 conf=0.5803 grad_norm=16.2755 tensors_with_grad=69/72
[train] step 259: T=599 positions=16 loss=1.0790 ce=2.4843 tv=0.2494 conf=0.3084 grad_norm=7.5103 tensors_with_grad=69/72
[train] step 260: T=566 positions=16 loss=0.9710 ce=1.3647 tv=0.2721 conf=0.5765 grad_norm=30.8832 tensors_with_grad=69/72
[train] step 261: T=542 positions=16 loss=1.4208 ce=3.5574 tv=0.3856 conf=0.5528 grad_norm=8.5621 tensors_with_grad=69/72
[train] step 262: T=571 positions=16 loss=2.2807 ce=5.2347 tv=0.5154 conf=0.3702 grad_norm=16.5540 tensors_with_grad=69/72
[train] step 263: T=551 positions=16 loss=2.3381 ce=5.1015 tv=0.4332 conf=0.5469 grad_norm=15.0761 tensors_with_grad=69/72
[train] step 264: T=557 positions=16 loss=1.7455 ce=3.4090 tv=0.4200 conf=0.6084 grad_norm=12.1737 tensors_with_grad=69/72
[train] step 265: T=1795 positions=16 loss=3.4949 ce=7.7375 tv=0.6595 conf=0.5062 grad_norm=18.8503 tensors_with_grad=69/72
[train] step 266: T=654 positions=16 loss=1.5680 ce=3.1015 tv=0.4108 conf=0.6106 grad_norm=10.6448 tensors_with_grad=69/72
[train] step 267: T=1011 positions=16 loss=2.2562 ce=4.5195 tv=0.4843 conf=0.4286 grad_norm=12.5347 tensors_with_grad=69/72
[train] step 268: T=673 positions=16 loss=2.0589 ce=4.2562 tv=0.5287 conf=0.4327 grad_norm=15.9770 tensors_with_grad=69/72
[train] step 269: T=588 positions=16 loss=1.6329 ce=4.0301 tv=0.4084 conf=0.3577 grad_norm=15.6516 tensors_with_grad=69/72
[train] step 270: T=540 positions=16 loss=1.7543 ce=2.7630 tv=0.4309 conf=0.4950 grad_norm=23.5765 tensors_with_grad=69/72
[train] step 271: T=667 positions=16 loss=0.4796 ce=0.8848 tv=0.2021 conf=0.3754 grad_norm=9.9554 tensors_with_grad=69/72
[train] step 272: T=952 positions=16 loss=2.4883 ce=5.3747 tv=0.5474 conf=0.4869 grad_norm=12.0215 tensors_with_grad=69/72
[train] step 273: T=862 positions=16 loss=2.1254 ce=4.3715 tv=0.4856 conf=0.3729 grad_norm=14.5962 tensors_with_grad=69/72
[train] step 274: T=945 positions=16 loss=3.0772 ce=6.8009 tv=0.6091 conf=0.5523 grad_norm=19.6900 tensors_with_grad=69/72
[train] step 275: T=545 positions=16 loss=1.7629 ce=2.9545 tv=0.4506 conf=0.6286 grad_norm=25.3890 tensors_with_grad=69/72
[train] step 276: T=677 positions=16 loss=1.3344 ce=2.9102 tv=0.3552 conf=0.3684 grad_norm=8.8552 tensors_with_grad=69/72
[train] step 277: T=659 positions=16 loss=1.8550 ce=4.1396 tv=0.4241 conf=0.4225 grad_norm=9.8518 tensors_with_grad=69/72
[train] step 278: T=676 positions=16 loss=1.1804 ce=2.4800 tv=0.3590 conf=0.4008 grad_norm=9.5308 tensors_with_grad=69/72
[train] step 279: T=525 positions=16 loss=1.9994 ce=3.5087 tv=0.5362 conf=0.4945 grad_norm=16.3273 tensors_with_grad=69/72
[train] step 280: T=568 positions=16 loss=2.1206 ce=4.1610 tv=0.4551 conf=0.4335 grad_norm=12.4106 tensors_with_grad=69/72
[train] step 281: T=613 positions=16 loss=1.0106 ce=1.5214 tv=0.3004 conf=0.4878 grad_norm=19.5795 tensors_with_grad=69/72
[train] step 282: T=535 positions=16 loss=0.8580 ce=1.2833 tv=0.2577 conf=0.4804 grad_norm=7.6749 tensors_with_grad=69/72
[train] step 283: T=524 positions=16 loss=2.1315 ce=3.6799 tv=0.4684 conf=0.4302 grad_norm=15.4866 tensors_with_grad=69/72
[train] step 284: T=529 positions=16 loss=1.4980 ce=3.0777 tv=0.4151 conf=0.3917 grad_norm=9.2652 tensors_with_grad=69/72
[train] step 285: T=549 positions=16 loss=0.9853 ce=2.0472 tv=0.2722 conf=0.4575 grad_norm=6.1358 tensors_with_grad=69/72
[train] step 286: T=878 positions=16 loss=2.4385 ce=5.1051 tv=0.5108 conf=0.4553 grad_norm=16.5485 tensors_with_grad=69/72
[train] step 287: T=570 positions=16 loss=1.2708 ce=2.4212 tv=0.3542 conf=0.4674 grad_norm=8.9519 tensors_with_grad=69/72
[train] step 288: T=675 positions=16 loss=1.4041 ce=3.0934 tv=0.3605 conf=0.5237 grad_norm=14.5494 tensors_with_grad=69/72
[train] step 289: T=590 positions=16 loss=2.1013 ce=3.3463 tv=0.5018 conf=0.5559 grad_norm=24.0837 tensors_with_grad=69/72
[train] step 290: T=619 positions=16 loss=0.6226 ce=1.7760 tv=0.2301 conf=0.4696 grad_norm=4.5175 tensors_with_grad=69/72
[train] step 291: T=540 positions=16 loss=0.8265 ce=1.9343 tv=0.2164 conf=0.4435 grad_norm=6.1518 tensors_with_grad=69/72
[train] step 292: T=557 positions=16 loss=2.2778 ce=4.1505 tv=0.5121 conf=0.3927 grad_norm=12.7711 tensors_with_grad=69/72
[train] step 293: T=674 positions=16 loss=2.1945 ce=4.3481 tv=0.5699 conf=0.3633 grad_norm=12.9578 tensors_with_grad=69/72
[train] step 294: T=551 positions=16 loss=1.3323 ce=3.0559 tv=0.2816 conf=0.4063 grad_norm=12.7777 tensors_with_grad=69/72
[train] step 295: T=536 positions=16 loss=1.5958 ce=3.0191 tv=0.4139 conf=0.6026 grad_norm=11.6616 tensors_with_grad=69/72
[train] step 296: T=562 positions=16 loss=1.3668 ce=1.8039 tv=0.2903 conf=0.4986 grad_norm=27.8952 tensors_with_grad=69/72
[train] step 297: T=914 positions=16 loss=2.4667 ce=5.7306 tv=0.4973 conf=0.3312 grad_norm=12.9373 tensors_with_grad=69/72
[train] step 298: T=603 positions=16 loss=1.3006 ce=2.5215 tv=0.3426 conf=0.4975 grad_norm=9.3491 tensors_with_grad=69/72
[train] step 299: T=637 positions=16 loss=1.5895 ce=3.1957 tv=0.3825 conf=0.5596 grad_norm=24.9642 tensors_with_grad=69/72
[train] step 300: T=678 positions=16 loss=2.1992 ce=4.3249 tv=0.5034 conf=0.3888 grad_norm=13.9470 tensors_with_grad=69/72
[train] step 301: T=1167 positions=16 loss=2.7476 ce=5.8962 tv=0.5955 conf=0.5173 grad_norm=17.5207 tensors_with_grad=69/72
[train] step 302: T=590 positions=16 loss=0.1878 ce=0.3365 tv=0.1273 conf=0.3728 grad_norm=9.2999 tensors_with_grad=69/72
[train] step 303: T=539 positions=16 loss=1.1417 ce=2.3482 tv=0.2999 conf=0.4919 grad_norm=10.8793 tensors_with_grad=69/72
[train] step 304: T=1006 positions=16 loss=2.3277 ce=4.1309 tv=0.5190 conf=0.4270 grad_norm=12.5774 tensors_with_grad=69/72
[train] step 305: T=528 positions=16 loss=3.0595 ce=6.4418 tv=0.6271 conf=0.5093 grad_norm=18.7511 tensors_with_grad=69/72
[train] step 306: T=535 positions=16 loss=1.0239 ce=1.9324 tv=0.3751 conf=0.5481 grad_norm=15.1939 tensors_with_grad=69/72
[train] step 307: T=607 positions=16 loss=1.6213 ce=3.0872 tv=0.3566 conf=0.4248 grad_norm=10.0381 tensors_with_grad=69/72
[train] step 308: T=540 positions=16 loss=0.3932 ce=0.8918 tv=0.1502 conf=0.4414 grad_norm=5.0201 tensors_with_grad=69/72
[train] step 309: T=1532 positions=16 loss=1.9663 ce=4.7042 tv=0.4508 conf=0.3486 grad_norm=13.5373 tensors_with_grad=69/72
[train] step 310: T=532 positions=16 loss=1.3114 ce=3.8259 tv=0.2885 conf=0.3729 grad_norm=10.5081 tensors_with_grad=69/72
[train] step 311: T=1716 positions=16 loss=2.9502 ce=6.4945 tv=0.5931 conf=0.4198 grad_norm=11.4547 tensors_with_grad=69/72
[train] step 312: T=545 positions=16 loss=1.7000 ce=3.1088 tv=0.4018 conf=0.6697 grad_norm=21.6407 tensors_with_grad=69/72
[train] step 313: T=606 positions=16 loss=1.6671 ce=3.2346 tv=0.4264 conf=0.3729 grad_norm=19.4475 tensors_with_grad=69/72
[train] step 314: T=582 positions=16 loss=0.8818 ce=1.4479 tv=0.2561 conf=0.3675 grad_norm=10.8391 tensors_with_grad=69/72
[train] step 315: T=615 positions=16 loss=1.8934 ce=4.8805 tv=0.4017 conf=0.4926 grad_norm=11.3572 tensors_with_grad=69/72
[train] step 316: T=534 positions=16 loss=1.2993 ce=2.4853 tv=0.3380 conf=0.5624 grad_norm=11.3035 tensors_with_grad=69/72
[train] step 317: T=542 positions=16 loss=1.4107 ce=2.5826 tv=0.3367 conf=0.3622 grad_norm=12.2821 tensors_with_grad=69/72
[train] step 318: T=626 positions=16 loss=1.2629 ce=2.6403 tv=0.3413 conf=0.3403 grad_norm=9.9986 tensors_with_grad=69/72
[train] step 319: T=525 positions=16 loss=1.5177 ce=3.2328 tv=0.4575 conf=0.3992 grad_norm=8.2782 tensors_with_grad=69/72
[train] step 320: T=627 positions=16 loss=0.3837 ce=0.6293 tv=0.2132 conf=0.7106 grad_norm=9.5340 tensors_with_grad=69/72
[train] step 321: T=641 positions=16 loss=1.5932 ce=3.7419 tv=0.3440 conf=0.4737 grad_norm=9.1280 tensors_with_grad=69/72
[train] step 322: T=605 positions=16 loss=1.1002 ce=1.8661 tv=0.3191 conf=0.4194 grad_norm=14.8974 tensors_with_grad=69/72
[train] step 323: T=532 positions=16 loss=0.9212 ce=1.3405 tv=0.2401 conf=0.4030 grad_norm=10.0138 tensors_with_grad=69/72
[train] step 324: T=526 positions=16 loss=2.1809 ce=4.4200 tv=0.5561 conf=0.4261 grad_norm=15.8064 tensors_with_grad=69/72
[train] step 325: T=545 positions=16 loss=0.6413 ce=1.0444 tv=0.2154 conf=0.4387 grad_norm=11.7110 tensors_with_grad=69/72
[train] step 326: T=561 positions=16 loss=1.4669 ce=3.4560 tv=0.3733 conf=0.4730 grad_norm=9.9383 tensors_with_grad=69/72
[train] step 327: T=540 positions=16 loss=1.5258 ce=3.0263 tv=0.3016 conf=0.3564 grad_norm=18.4985 tensors_with_grad=69/72
[train] step 328: T=1025 positions=16 loss=2.7382 ce=5.9493 tv=0.5634 conf=0.4148 grad_norm=12.2613 tensors_with_grad=69/72
[train] step 329: T=1316 positions=16 loss=2.3721 ce=5.5886 tv=0.4846 conf=0.3422 grad_norm=9.0599 tensors_with_grad=69/72
[train] step 330: T=593 positions=16 loss=2.0635 ce=3.9565 tv=0.5318 conf=0.5726 grad_norm=13.0855 tensors_with_grad=69/72
[train] step 331: T=1364 positions=16 loss=3.0255 ce=6.6118 tv=0.6150 conf=0.2623 grad_norm=20.1045 tensors_with_grad=69/72
[train] step 332: T=563 positions=16 loss=1.8235 ce=3.8204 tv=0.3752 conf=0.4945 grad_norm=10.9404 tensors_with_grad=69/72
[train] step 333: T=621 positions=16 loss=1.5330 ce=2.9752 tv=0.4018 conf=0.4430 grad_norm=14.3962 tensors_with_grad=69/72
[train] step 334: T=1798 positions=16 loss=2.4300 ce=5.1931 tv=0.4812 conf=0.6687 grad_norm=13.9679 tensors_with_grad=69/72
[train] step 335: T=565 positions=16 loss=2.1575 ce=3.8554 tv=0.4991 conf=0.4387 grad_norm=18.7959 tensors_with_grad=69/72
[train] step 336: T=592 positions=16 loss=1.5700 ce=2.8213 tv=0.3937 conf=0.4989 grad_norm=11.0163 tensors_with_grad=69/72
[train] step 337: T=559 positions=16 loss=0.6353 ce=1.7037 tv=0.1716 conf=0.3238 grad_norm=8.5949 tensors_with_grad=69/72
[train] step 338: T=538 positions=16 loss=0.2216 ce=0.5130 tv=0.0775 conf=0.3648 grad_norm=3.3737 tensors_with_grad=69/72
[train] step 339: T=554 positions=16 loss=1.6877 ce=3.0992 tv=0.3829 conf=0.6585 grad_norm=26.5818 tensors_with_grad=69/72
[train] step 340: T=577 positions=16 loss=2.4948 ce=5.5072 tv=0.5608 conf=0.4953 grad_norm=14.2107 tensors_with_grad=69/72
[train] step 341: T=630 positions=16 loss=0.7356 ce=1.3069 tv=0.2100 conf=0.2995 grad_norm=8.7557 tensors_with_grad=69/72
[train] step 342: T=672 positions=16 loss=2.1842 ce=4.3610 tv=0.4719 conf=0.4786 grad_norm=15.2119 tensors_with_grad=69/72
[train] step 343: T=536 positions=16 loss=0.5425 ce=0.9389 tv=0.1807 conf=0.4892 grad_norm=6.1475 tensors_with_grad=69/72
[train] step 344: T=528 positions=16 loss=1.1114 ce=2.4628 tv=0.2910 conf=0.3260 grad_norm=6.8752 tensors_with_grad=69/72
[train] step 345: T=547 positions=16 loss=1.8637 ce=3.7030 tv=0.4223 conf=0.4033 grad_norm=12.1267 tensors_with_grad=69/72
[train] step 346: T=639 positions=16 loss=0.7594 ce=1.5512 tv=0.2173 conf=0.4347 grad_norm=7.7129 tensors_with_grad=69/72
[train] step 347: T=602 positions=16 loss=1.2651 ce=3.1051 tv=0.3206 conf=0.5165 grad_norm=14.0281 tensors_with_grad=69/72
[train] step 348: T=665 positions=16 loss=0.4357 ce=0.9420 tv=0.1829 conf=0.4722 grad_norm=6.3970 tensors_with_grad=69/72
[train] step 349: T=600 positions=16 loss=2.2600 ce=4.3650 tv=0.4879 conf=0.5396 grad_norm=17.1867 tensors_with_grad=69/72
[train] step 350: T=1649 positions=16 loss=3.0622 ce=6.1366 tv=0.6352 conf=0.3560 grad_norm=18.2007 tensors_with_grad=69/72
[train] step 351: T=1232 positions=16 loss=2.4691 ce=4.7605 tv=0.6173 conf=0.3947 grad_norm=12.0975 tensors_with_grad=69/72
[train] step 352: T=528 positions=16 loss=1.7286 ce=3.1847 tv=0.4495 conf=0.5305 grad_norm=9.4910 tensors_with_grad=69/72
[train] step 353: T=1067 positions=16 loss=2.8742 ce=5.9013 tv=0.6101 conf=0.5140 grad_norm=13.9913 tensors_with_grad=69/72
[train] step 354: T=524 positions=16 loss=2.8089 ce=6.5163 tv=0.5777 conf=0.4425 grad_norm=13.6180 tensors_with_grad=69/72
[train] step 355: T=634 positions=16 loss=1.5259 ce=3.1439 tv=0.4393 conf=0.4313 grad_norm=9.6221 tensors_with_grad=69/72
[train] step 356: T=593 positions=16 loss=0.9417 ce=2.0711 tv=0.2470 conf=0.4348 grad_norm=5.1619 tensors_with_grad=69/72
[train] step 357: T=524 positions=16 loss=2.0685 ce=3.6274 tv=0.5149 conf=0.5301 grad_norm=13.6592 tensors_with_grad=69/72
[train] step 358: T=574 positions=16 loss=1.3315 ce=2.9644 tv=0.3660 conf=0.4368 grad_norm=10.0332 tensors_with_grad=69/72
[train] step 359: T=602 positions=16 loss=1.3901 ce=2.1875 tv=0.3739 conf=0.4948 grad_norm=25.5864 tensors_with_grad=69/72
[train] step 360: T=573 positions=16 loss=0.8680 ce=1.8747 tv=0.2045 conf=0.3129 grad_norm=8.1054 tensors_with_grad=69/72
[train] step 361: T=677 positions=16 loss=1.9557 ce=3.9460 tv=0.4375 conf=0.4824 grad_norm=17.1098 tensors_with_grad=69/72
[train] step 362: T=568 positions=16 loss=3.1040 ce=5.7928 tv=0.6326 conf=0.6487 grad_norm=22.1686 tensors_with_grad=69/72
[train] step 363: T=961 positions=16 loss=2.8363 ce=5.6044 tv=0.5768 conf=0.5528 grad_norm=19.7619 tensors_with_grad=69/72
[train] step 364: T=569 positions=16 loss=2.3527 ce=4.7090 tv=0.5713 conf=0.5919 grad_norm=13.9120 tensors_with_grad=69/72
[train] step 365: T=533 positions=16 loss=1.6364 ce=2.6104 tv=0.4364 conf=0.4833 grad_norm=14.9280 tensors_with_grad=69/72
[train] step 366: T=539 positions=16 loss=1.6703 ce=3.1205 tv=0.4374 conf=0.6378 grad_norm=17.8549 tensors_with_grad=69/72
[train] step 367: T=562 positions=16 loss=1.1339 ce=1.9355 tv=0.2972 conf=0.5050 grad_norm=18.9412 tensors_with_grad=69/72
[train] step 368: T=531 positions=16 loss=0.8678 ce=1.8051 tv=0.2049 conf=0.3614 grad_norm=6.0458 tensors_with_grad=69/72
[train] step 369: T=539 positions=16 loss=1.9997 ce=4.4558 tv=0.4920 conf=0.3984 grad_norm=11.2982 tensors_with_grad=69/72
[train] step 370: T=618 positions=16 loss=1.8255 ce=3.5555 tv=0.4446 conf=0.3412 grad_norm=17.5393 tensors_with_grad=69/72
[train] step 371: T=535 positions=16 loss=0.2671 ce=0.5806 tv=0.1105 conf=0.2974 grad_norm=3.5250 tensors_with_grad=69/72
[train] step 372: T=675 positions=16 loss=2.4360 ce=4.4837 tv=0.5202 conf=0.6610 grad_norm=17.3344 tensors_with_grad=69/72
[train] step 373: T=606 positions=16 loss=0.5162 ce=1.2532 tv=0.1285 conf=0.4167 grad_norm=7.9402 tensors_with_grad=69/72
[train] step 374: T=529 positions=16 loss=1.7042 ce=3.3412 tv=0.4170 conf=0.5181 grad_norm=8.7509 tensors_with_grad=69/72
[train] step 375: T=529 positions=16 loss=3.1645 ce=5.2892 tv=0.6873 conf=0.6441 grad_norm=32.6174 tensors_with_grad=69/72
[train] step 376: T=530 positions=16 loss=1.8110 ce=3.1451 tv=0.4817 conf=0.4470 grad_norm=16.5553 tensors_with_grad=69/72
[train] step 377: T=1003 positions=16 loss=1.8931 ce=4.3718 tv=0.4077 conf=0.4177 grad_norm=11.0925 tensors_with_grad=69/72
[train] step 378: T=551 positions=16 loss=1.8628 ce=3.7310 tv=0.4276 conf=0.3514 grad_norm=12.3076 tensors_with_grad=69/72
[train] step 379: T=810 positions=16 loss=1.4610 ce=3.2261 tv=0.3280 conf=0.2996 grad_norm=11.3654 tensors_with_grad=69/72
[train] step 380: T=533 positions=16 loss=1.3585 ce=3.0379 tv=0.3017 conf=0.4359 grad_norm=10.9262 tensors_with_grad=69/72
[train] step 381: T=672 positions=16 loss=2.0809 ce=4.0561 tv=0.5804 conf=0.5283 grad_norm=12.8360 tensors_with_grad=69/72
[train] step 382: T=1041 positions=16 loss=2.7277 ce=6.3789 tv=0.5071 conf=0.4142 grad_norm=13.2010 tensors_with_grad=69/72
[train] step 383: T=599 positions=16 loss=1.3601 ce=3.0961 tv=0.3028 conf=0.2990 grad_norm=8.9746 tensors_with_grad=69/72
[train] step 384: T=678 positions=16 loss=0.4678 ce=1.0528 tv=0.2304 conf=0.5193 grad_norm=8.5801 tensors_with_grad=69/72
[train] step 385: T=672 positions=16 loss=2.1145 ce=4.4898 tv=0.5100 conf=0.4052 grad_norm=9.6028 tensors_with_grad=69/72
[train] step 386: T=570 positions=16 loss=2.9103 ce=6.4318 tv=0.6383 conf=0.4419 grad_norm=20.7699 tensors_with_grad=69/72
[train] step 387: T=1218 positions=16 loss=3.0885 ce=6.8933 tv=0.6142 conf=0.5109 grad_norm=12.9224 tensors_with_grad=69/72
[train] step 388: T=529 positions=16 loss=0.9975 ce=2.1154 tv=0.3259 conf=0.3006 grad_norm=10.9861 tensors_with_grad=69/72
[train] step 389: T=532 positions=16 loss=1.0932 ce=1.8608 tv=0.3158 conf=0.4939 grad_norm=11.4994 tensors_with_grad=69/72
[train] step 390: T=541 positions=16 loss=0.9249 ce=2.3339 tv=0.2208 conf=0.3395 grad_norm=5.8148 tensors_with_grad=69/72
[train] step 391: T=531 positions=16 loss=1.1261 ce=2.2353 tv=0.3280 conf=0.4126 grad_norm=6.9771 tensors_with_grad=69/72
[train] step 392: T=630 positions=16 loss=0.5622 ce=1.0251 tv=0.1959 conf=0.5249 grad_norm=8.4891 tensors_with_grad=69/72
[train] step 393: T=1225 positions=16 loss=2.4608 ce=5.5416 tv=0.5372 conf=0.4073 grad_norm=17.7156 tensors_with_grad=69/72
[train] step 394: T=622 positions=16 loss=1.5027 ce=3.2194 tv=0.3971 conf=0.3700 grad_norm=11.6954 tensors_with_grad=69/72
[train] step 395: T=950 positions=16 loss=2.3957 ce=4.8915 tv=0.4906 conf=0.5268 grad_norm=24.2036 tensors_with_grad=69/72
[train] step 396: T=537 positions=16 loss=0.4190 ce=1.0548 tv=0.1385 conf=0.2835 grad_norm=5.1150 tensors_with_grad=69/72
[train] step 397: T=616 positions=16 loss=0.4630 ce=1.0437 tv=0.1603 conf=0.4614 grad_norm=4.5105 tensors_with_grad=69/72
[train] step 398: T=532 positions=16 loss=0.2685 ce=0.4658 tv=0.1167 conf=0.4906 grad_norm=7.2406 tensors_with_grad=69/72
[train] step 399: T=587 positions=16 loss=0.4527 ce=0.8607 tv=0.1754 conf=0.3225 grad_norm=10.1799 tensors_with_grad=69/72
[train] step 400: T=611 positions=16 loss=2.0619 ce=4.0856 tv=0.4642 conf=0.4266 grad_norm=11.1487 tensors_with_grad=69/72
[train] step 401: T=534 positions=16 loss=0.4133 ce=1.0156 tv=0.1802 conf=0.3124 grad_norm=3.2611 tensors_with_grad=69/72
[train] step 402: T=532 positions=16 loss=0.7660 ce=1.2378 tv=0.2222 conf=0.4913 grad_norm=18.8570 tensors_with_grad=69/72
[train] step 403: T=525 positions=16 loss=1.2598 ce=2.4902 tv=0.2864 conf=0.3823 grad_norm=11.9222 tensors_with_grad=69/72
[train] step 404: T=628 positions=16 loss=1.6227 ce=2.9350 tv=0.4301 conf=0.4896 grad_norm=11.7795 tensors_with_grad=69/72
[train] step 405: T=940 positions=16 loss=2.2717 ce=5.1288 tv=0.4912 conf=0.4449 grad_norm=14.7052 tensors_with_grad=69/72
[train] step 406: T=672 positions=16 loss=0.9095 ce=1.6220 tv=0.2873 conf=0.5029 grad_norm=35.4143 tensors_with_grad=69/72
[train] step 407: T=642 positions=16 loss=2.2441 ce=4.3939 tv=0.5190 conf=0.4997 grad_norm=12.5684 tensors_with_grad=69/72
[train] step 408: T=673 positions=16 loss=2.1948 ce=3.8382 tv=0.5522 conf=0.5691 grad_norm=17.5829 tensors_with_grad=69/72
[train] step 409: T=532 positions=16 loss=1.2508 ce=2.4913 tv=0.3362 conf=0.4231 grad_norm=10.0904 tensors_with_grad=69/72
[train] step 410: T=528 positions=16 loss=2.4660 ce=5.4255 tv=0.5704 conf=0.4364 grad_norm=11.0754 tensors_with_grad=69/72
[train] step 411: T=585 positions=16 loss=1.6395 ce=3.0377 tv=0.4413 conf=0.5042 grad_norm=10.8848 tensors_with_grad=69/72
[train] step 412: T=544 positions=16 loss=0.9719 ce=2.0551 tv=0.2474 conf=0.4189 grad_norm=6.9743 tensors_with_grad=69/72
[train] step 413: T=544 positions=16 loss=0.4832 ce=1.1324 tv=0.2112 conf=0.4224 grad_norm=4.5808 tensors_with_grad=69/72
[train] step 414: T=674 positions=16 loss=1.8144 ce=3.7434 tv=0.4763 conf=0.4594 grad_norm=13.9591 tensors_with_grad=69/72
[train] step 415: T=558 positions=16 loss=0.8307 ce=1.5597 tv=0.2554 conf=0.3877 grad_norm=8.2602 tensors_with_grad=69/72
[train] step 416: T=596 positions=16 loss=1.1722 ce=1.9553 tv=0.3731 conf=0.5081 grad_norm=16.0745 tensors_with_grad=69/72
[train] step 417: T=644 positions=16 loss=1.8787 ce=3.4676 tv=0.5083 conf=0.6718 grad_norm=21.0363 tensors_with_grad=69/72
[train] step 418: T=676 positions=16 loss=1.4559 ce=2.7297 tv=0.3829 conf=0.4908 grad_norm=15.6974 tensors_with_grad=69/72
[train] step 419: T=643 positions=16 loss=1.6680 ce=3.5346 tv=0.4747 conf=0.3921 grad_norm=9.1180 tensors_with_grad=69/72
[train] step 420: T=526 positions=16 loss=0.6649 ce=1.3915 tv=0.1949 conf=0.1647 grad_norm=5.4547 tensors_with_grad=69/72
[train] step 421: T=540 positions=16 loss=0.4149 ce=0.7390 tv=0.1268 conf=0.5565 grad_norm=3.5089 tensors_with_grad=69/72
[train] step 422: T=665 positions=16 loss=2.4130 ce=4.5607 tv=0.5509 conf=0.5480 grad_norm=14.2574 tensors_with_grad=69/72
[train] step 423: T=530 positions=16 loss=2.4626 ce=4.0376 tv=0.4228 conf=0.6639 grad_norm=38.0610 tensors_with_grad=69/72
[train] step 424: T=526 positions=16 loss=1.5420 ce=3.4253 tv=0.3400 conf=0.2757 grad_norm=17.1661 tensors_with_grad=69/72
[train] step 425: T=539 positions=16 loss=0.5863 ce=1.2887 tv=0.2232 conf=0.5007 grad_norm=7.2755 tensors_with_grad=69/72
[train] step 426: T=548 positions=16 loss=1.6121 ce=3.5875 tv=0.3917 conf=0.3782 grad_norm=11.0416 tensors_with_grad=69/72
[train] step 427: T=545 positions=16 loss=0.8731 ce=2.1766 tv=0.2623 conf=0.3894 grad_norm=6.6862 tensors_with_grad=69/72
[train] step 428: T=889 positions=16 loss=2.6877 ce=5.4133 tv=0.6001 conf=0.3971 grad_norm=18.2342 tensors_with_grad=69/72
[train] step 429: T=673 positions=16 loss=1.3446 ce=2.8082 tv=0.3665 conf=0.3560 grad_norm=11.4604 tensors_with_grad=69/72
[train] step 430: T=597 positions=16 loss=0.2653 ce=0.4819 tv=0.1629 conf=0.4649 grad_norm=5.2136 tensors_with_grad=69/72
[train] step 431: T=601 positions=16 loss=1.1215 ce=2.5894 tv=0.3124 conf=0.4265 grad_norm=11.6701 tensors_with_grad=69/72
[train] step 432: T=525 positions=16 loss=1.7185 ce=3.7306 tv=0.5074 conf=0.6079 grad_norm=8.7092 tensors_with_grad=69/72
[train] step 433: T=541 positions=16 loss=0.4228 ce=0.4427 tv=0.1492 conf=0.3963 grad_norm=6.8645 tensors_with_grad=69/72
[train] step 434: T=561 positions=16 loss=1.0166 ce=2.1637 tv=0.2800 conf=0.3309 grad_norm=11.0513 tensors_with_grad=69/72
[train] step 435: T=556 positions=16 loss=1.4846 ce=3.3007 tv=0.2881 conf=0.2767 grad_norm=11.2101 tensors_with_grad=69/72
[train] step 436: T=541 positions=16 loss=0.5394 ce=0.8939 tv=0.1863 conf=0.3922 grad_norm=7.6066 tensors_with_grad=69/72
[train] step 437: T=582 positions=16 loss=2.0791 ce=3.9929 tv=0.4479 conf=0.5335 grad_norm=15.1937 tensors_with_grad=69/72
[train] step 438: T=543 positions=16 loss=1.6059 ce=3.8530 tv=0.3378 conf=0.3947 grad_norm=13.3135 tensors_with_grad=69/72
[train] step 439: T=636 positions=16 loss=1.5186 ce=2.7996 tv=0.4203 conf=0.6388 grad_norm=14.7522 tensors_with_grad=69/72
[train] step 440: T=530 positions=16 loss=1.9517 ce=3.1160 tv=0.5185 conf=0.5621 grad_norm=24.4997 tensors_with_grad=69/72
[train] step 441: T=581 positions=16 loss=2.0025 ce=2.8797 tv=0.4464 conf=0.5640 grad_norm=25.5574 tensors_with_grad=69/72
[train] step 442: T=569 positions=16 loss=0.9989 ce=2.3187 tv=0.3010 conf=0.3210 grad_norm=7.8552 tensors_with_grad=69/72
[train] step 443: T=573 positions=16 loss=1.2219 ce=2.3187 tv=0.3221 conf=0.5526 grad_norm=9.1267 tensors_with_grad=69/72
[train] step 444: T=543 positions=16 loss=2.4368 ce=5.0829 tv=0.4927 conf=0.6786 grad_norm=29.3695 tensors_with_grad=69/72
[train] step 445: T=546 positions=16 loss=0.5859 ce=1.0538 tv=0.1679 conf=0.4381 grad_norm=7.0806 tensors_with_grad=69/72
[train] step 446: T=672 positions=16 loss=2.5176 ce=5.2279 tv=0.6112 conf=0.6222 grad_norm=17.0067 tensors_with_grad=69/72
[train] step 447: T=604 positions=16 loss=2.4522 ce=5.1564 tv=0.5222 conf=0.5816 grad_norm=24.1006 tensors_with_grad=69/72
[train] step 448: T=622 positions=16 loss=1.3242 ce=2.7899 tv=0.3391 conf=0.2957 grad_norm=8.1649 tensors_with_grad=69/72
[train] step 449: T=542 positions=16 loss=1.6075 ce=3.4243 tv=0.4105 conf=0.4619 grad_norm=10.3799 tensors_with_grad=69/72
[train] step 450: T=539 positions=16 loss=0.7376 ce=1.9329 tv=0.2244 conf=0.6175 grad_norm=8.3339 tensors_with_grad=69/72
[train] step 451: T=636 positions=16 loss=0.7511 ce=1.4979 tv=0.3022 conf=0.4787 grad_norm=7.0309 tensors_with_grad=69/72
[train] step 452: T=587 positions=16 loss=0.6244 ce=1.3734 tv=0.1396 conf=0.4864 grad_norm=7.6035 tensors_with_grad=69/72
[train] step 453: T=633 positions=16 loss=2.0210 ce=4.2388 tv=0.4380 conf=0.3788 grad_norm=13.0002 tensors_with_grad=69/72
[train] step 454: T=536 positions=16 loss=0.2874 ce=0.6656 tv=0.1119 conf=0.3282 grad_norm=3.2337 tensors_with_grad=69/72
[train] step 455: T=529 positions=16 loss=1.3261 ce=3.2150 tv=0.3227 conf=0.5714 grad_norm=11.8438 tensors_with_grad=69/72
[train] step 456: T=580 positions=16 loss=0.4282 ce=1.0333 tv=0.2186 conf=0.5157 grad_norm=4.4121 tensors_with_grad=69/72
[train] step 457: T=1549 positions=16 loss=2.9531 ce=6.6150 tv=0.6081 conf=0.2151 grad_norm=23.5075 tensors_with_grad=69/72
[train] step 458: T=636 positions=16 loss=1.2070 ce=2.3162 tv=0.3627 conf=0.5146 grad_norm=19.0612 tensors_with_grad=69/72
[train] step 459: T=899 positions=16 loss=1.7765 ce=3.4435 tv=0.3524 conf=0.5314 grad_norm=18.3437 tensors_with_grad=69/72
[train] step 460: T=611 positions=16 loss=0.3803 ce=0.8125 tv=0.1368 conf=0.4388 grad_norm=4.6405 tensors_with_grad=69/72
[train] step 461: T=533 positions=16 loss=0.6830 ce=1.2366 tv=0.2230 conf=0.4204 grad_norm=6.9232 tensors_with_grad=69/72
[train] step 462: T=567 positions=16 loss=2.6676 ce=5.1316 tv=0.5516 conf=0.6408 grad_norm=16.4373 tensors_with_grad=69/72
[train] step 463: T=539 positions=16 loss=0.3734 ce=0.6507 tv=0.1252 conf=0.3235 grad_norm=4.8642 tensors_with_grad=69/72
[train] step 464: T=539 positions=16 loss=0.6600 ce=1.1854 tv=0.1642 conf=0.3628 grad_norm=6.0569 tensors_with_grad=69/72
[train] step 465: T=663 positions=16 loss=1.4065 ce=2.5812 tv=0.3464 conf=0.3971 grad_norm=11.9554 tensors_with_grad=69/72
[train] step 466: T=601 positions=16 loss=1.4052 ce=3.0510 tv=0.3588 conf=0.4219 grad_norm=9.1554 tensors_with_grad=69/72
[train] step 467: T=532 positions=16 loss=0.5857 ce=1.3539 tv=0.1643 conf=0.3157 grad_norm=4.9070 tensors_with_grad=69/72
[train] step 468: T=575 positions=16 loss=1.9676 ce=4.0483 tv=0.5025 conf=0.4803 grad_norm=12.2423 tensors_with_grad=69/72
[train] step 469: T=542 positions=16 loss=0.5934 ce=1.2157 tv=0.2120 conf=0.4510 grad_norm=6.4991 tensors_with_grad=69/72
[train] step 470: T=1125 positions=16 loss=1.5718 ce=3.4152 tv=0.3812 conf=0.3598 grad_norm=10.3669 tensors_with_grad=69/72
[train] step 471: T=586 positions=16 loss=1.2247 ce=3.3740 tv=0.3846 conf=0.4415 grad_norm=13.9524 tensors_with_grad=69/72
[train] step 472: T=576 positions=16 loss=1.0307 ce=1.9025 tv=0.2925 conf=0.4511 grad_norm=9.5795 tensors_with_grad=69/72
[train] step 473: T=534 positions=16 loss=1.1753 ce=1.8841 tv=0.3168 conf=0.6555 grad_norm=18.9204 tensors_with_grad=69/72
[train] step 474: T=535 positions=16 loss=1.5679 ce=2.9333 tv=0.3373 conf=0.4819 grad_norm=21.7933 tensors_with_grad=69/72
[train] step 475: T=663 positions=16 loss=2.0223 ce=3.5734 tv=0.5569 conf=0.4580 grad_norm=10.2060 tensors_with_grad=69/72
[train] step 476: T=593 positions=16 loss=1.8697 ce=4.0217 tv=0.3995 conf=0.2947 grad_norm=16.1854 tensors_with_grad=69/72
[train] step 477: T=672 positions=16 loss=2.7716 ce=5.2536 tv=0.5946 conf=0.4087 grad_norm=14.6558 tensors_with_grad=69/72
[train] step 478: T=572 positions=16 loss=2.4225 ce=4.6919 tv=0.4887 conf=0.5095 grad_norm=21.9819 tensors_with_grad=69/72
[train] step 479: T=672 positions=16 loss=2.1684 ce=4.3484 tv=0.5244 conf=0.4235 grad_norm=9.8097 tensors_with_grad=69/72
[train] step 480: T=557 positions=16 loss=0.8565 ce=1.5212 tv=0.2429 conf=0.3437 grad_norm=6.6360 tensors_with_grad=69/72
[train] step 481: T=676 positions=16 loss=2.0539 ce=3.7661 tv=0.4653 conf=0.4913 grad_norm=17.4834 tensors_with_grad=69/72
[train] step 482: T=676 positions=16 loss=2.1112 ce=3.9890 tv=0.5230 conf=0.4514 grad_norm=9.6948 tensors_with_grad=69/72
[train] step 483: T=526 positions=16 loss=2.3205 ce=3.9360 tv=0.5807 conf=0.6525 grad_norm=14.9314 tensors_with_grad=69/72
[train] step 484: T=585 positions=16 loss=1.3522 ce=2.3402 tv=0.3057 conf=0.3959 grad_norm=10.0679 tensors_with_grad=69/72
[train] step 485: T=542 positions=16 loss=1.0100 ce=2.0680 tv=0.3484 conf=0.4991 grad_norm=8.6273 tensors_with_grad=69/72
[train] step 486: T=572 positions=16 loss=1.0567 ce=1.8431 tv=0.2951 conf=0.5554 grad_norm=11.8946 tensors_with_grad=69/72
[train] step 487: T=567 positions=16 loss=2.2256 ce=3.7818 tv=0.5121 conf=0.6145 grad_norm=23.7417 tensors_with_grad=69/72
[train] step 488: T=591 positions=16 loss=1.2204 ce=2.4347 tv=0.3018 conf=0.6750 grad_norm=18.0623 tensors_with_grad=69/72
[train] step 489: T=536 positions=16 loss=0.1759 ce=0.3225 tv=0.0791 conf=0.2468 grad_norm=2.6367 tensors_with_grad=69/72
[diag] draft-argmax == TARGET-argmax : 59.3%  | == ground-truth token: 59.0%
[diag] mean top-1 prob  target 0.840  draft 0.735   (TV near 1 with a PEAKED draft => misalignment; with a FLAT draft => genuine)
[train] saved 72 trained tensors -> /cap/s3recap-conf1.0/c2/trained/mtp_trained.safetensors
[train] saved AdamW state -> /cap/s3recap-conf1.0/c2/trained/opt_state.pt (needed for --resume to be equivalent to one continuous run)
[train] metrics -> /cap/s3recap-conf1.0/c2/train_metrics.json  (loss 1.6047 -> 0.1759, tail mean 1.4325)
[train] TRAIN OK
