[train] device=cuda torch=2.10.0
  loading model-00046-of-00048.safetensors ...
  loading model-00047-of-00048.safetensors ...
  loading model-00048-of-00048.safetensors ...
  dequantised 1512 tensors, 12.60 B params, 23.5 GiB bf16
[train] weights ready in 9.7s
[train] trainable 517.3 M in 72 tensors | frozen experts 12.08 B
[train] capture: 490 sample(s)
[Gloo] Rank 0 is connected to 0 peer ranks. Expected number of connected peer ranks is : 0
[train] ModelArgs: n_mtp=3 block=5 taps=[40, 41, 42] markov_rank=256
[train] built 3 DSparkBlock(s) on meta
[train] re-materialised freqs_cis on 3 attention module(s) (persistent=False buffers are NOT in state_dict and to_empty() zapped them)
[train] load_state_dict: 0 missing, 0 unexpected
[train] GATE1 model construction OK
[train] aux: embed.weight(129280, 4096), head.weight(129280, 4096)
[train] trainable tensors in graph: 72 / 517.3 M
[train] resumed 72/72 trained tensors from /cap/s3recap-p25-b0.1/c1/trained/mtp_trained.safetensors
[train] resumed AdamW state: 69/72 tensors carry moments (3 never received a gradient, expected), indices aligned
[train] P2.5 anchor: frozen copy of 3 block(s), beta=0.1
[train] lr schedule: linear warmup 73 step(s) -> cosine over 1472 session step(s), peak 5e-05; this chunk is steps 982..1471
/work/train/train_head.py:115: UserWarning: Converting a tensor with requires_grad=True to a scalar may lead to unexpected behavior.
Consider using tensor.detach() first. (Triggered internally at /opt/pytorch/torch/csrc/autograd/generated/python_variable_methods.cpp:836.)
  parts = {"ce": float((w * ce).sum()), "tv": float((w * tv).sum()), "conf": 0.0}
[train] step 0: T=527 positions=16 loss=0.5722 ce=1.4867 tv=0.3780 conf=1.6028 grad_norm=2.2952 tensors_with_grad=69/72
[train] step 1: T=616 positions=16 loss=0.7172 ce=1.8129 tv=0.3597 conf=1.3355 grad_norm=7.2616 tensors_with_grad=69/72
[train] step 2: T=533 positions=16 loss=0.5344 ce=1.5606 tv=0.3135 conf=0.9249 grad_norm=4.6555 tensors_with_grad=69/72
[train] step 3: T=626 positions=16 loss=0.3266 ce=0.8062 tv=0.2159 conf=1.1714 grad_norm=3.4999 tensors_with_grad=69/72
[train] step 4: T=638 positions=16 loss=0.5925 ce=1.2498 tv=0.2250 conf=1.2080 grad_norm=4.8287 tensors_with_grad=69/72
[train] step 5: T=535 positions=16 loss=0.4735 ce=1.3127 tv=0.2193 conf=1.1534 grad_norm=3.9661 tensors_with_grad=69/72
[train] step 6: T=1429 positions=16 loss=1.8093 ce=3.2729 tv=0.4539 conf=2.0529 grad_norm=6.5635 tensors_with_grad=69/72
[train] step 7: T=675 positions=16 loss=0.6604 ce=1.2741 tv=0.3010 conf=1.6860 grad_norm=4.9820 tensors_with_grad=69/72
[train] step 8: T=529 positions=16 loss=1.5777 ce=3.1350 tv=0.4658 conf=1.0967 grad_norm=5.3432 tensors_with_grad=69/72
[train] step 9: T=673 positions=16 loss=1.0607 ce=2.2278 tv=0.3683 conf=1.0721 grad_norm=4.4669 tensors_with_grad=69/72
[train] step 10: T=622 positions=16 loss=0.3172 ce=0.7817 tv=0.1815 conf=0.9533 grad_norm=1.9830 tensors_with_grad=69/72
[train] step 11: T=630 positions=16 loss=0.9965 ce=2.2999 tv=0.3938 conf=1.9637 grad_norm=8.7531 tensors_with_grad=69/72
[train] step 12: T=586 positions=16 loss=0.7161 ce=1.5459 tv=0.3675 conf=2.0167 grad_norm=4.8936 tensors_with_grad=69/72
[train] step 13: T=535 positions=16 loss=1.3215 ce=2.6317 tv=0.5063 conf=2.1437 grad_norm=4.9312 tensors_with_grad=69/72
[train] step 14: T=625 positions=16 loss=0.6318 ce=2.0056 tv=0.3160 conf=1.6173 grad_norm=4.6832 tensors_with_grad=69/72
[train] step 15: T=535 positions=16 loss=0.5333 ce=0.9648 tv=0.2267 conf=1.3454 grad_norm=2.9747 tensors_with_grad=69/72
[train] step 16: T=553 positions=16 loss=0.8467 ce=1.6101 tv=0.3179 conf=2.3986 grad_norm=5.8928 tensors_with_grad=69/72
[train] step 17: T=532 positions=16 loss=0.3615 ce=0.7924 tv=0.1944 conf=1.1009 grad_norm=3.6125 tensors_with_grad=69/72
[train] step 18: T=536 positions=16 loss=0.1310 ce=0.3359 tv=0.0804 conf=0.6306 grad_norm=3.0338 tensors_with_grad=69/72
[train] step 19: T=896 positions=16 loss=1.1533 ce=2.3892 tv=0.3794 conf=1.6626 grad_norm=5.6039 tensors_with_grad=69/72
[train] step 20: T=544 positions=16 loss=0.5877 ce=1.4545 tv=0.2452 conf=1.4692 grad_norm=5.2801 tensors_with_grad=69/72
[train] step 21: T=581 positions=16 loss=0.5431 ce=1.4984 tv=0.2749 conf=1.4950 grad_norm=3.6729 tensors_with_grad=69/72
[train] step 22: T=672 positions=16 loss=1.3677 ce=2.6790 tv=0.4983 conf=1.7589 grad_norm=6.1666 tensors_with_grad=69/72
[train] step 23: T=587 positions=16 loss=0.2159 ce=0.4628 tv=0.1859 conf=1.8134 grad_norm=2.7752 tensors_with_grad=69/72
[train] step 24: T=674 positions=16 loss=0.6981 ce=1.6198 tv=0.3458 conf=1.9643 grad_norm=3.0559 tensors_with_grad=69/72
[train] step 25: T=563 positions=16 loss=0.3647 ce=0.6254 tv=0.1611 conf=0.4415 grad_norm=2.0240 tensors_with_grad=69/72
[train] step 26: T=566 positions=16 loss=1.2190 ce=2.1594 tv=0.3791 conf=1.0003 grad_norm=5.0386 tensors_with_grad=69/72
[train] step 27: T=612 positions=16 loss=0.5323 ce=1.2528 tv=0.2985 conf=1.3908 grad_norm=2.9485 tensors_with_grad=69/72
[train] step 28: T=673 positions=16 loss=0.2093 ce=0.6754 tv=0.2022 conf=2.1218 grad_norm=1.2563 tensors_with_grad=69/72
[train] step 29: T=537 positions=16 loss=1.4863 ce=2.5275 tv=0.4987 conf=1.4340 grad_norm=10.8425 tensors_with_grad=69/72
[train] step 30: T=657 positions=16 loss=0.1828 ce=0.6769 tv=0.2006 conf=1.3520 grad_norm=2.0644 tensors_with_grad=69/72
[train] step 31: T=595 positions=16 loss=0.2715 ce=0.7294 tv=0.1208 conf=2.3421 grad_norm=3.4288 tensors_with_grad=69/72
[train] step 32: T=970 positions=16 loss=1.5816 ce=2.7730 tv=0.4108 conf=1.4477 grad_norm=7.2075 tensors_with_grad=69/72
[train] step 33: T=1741 positions=16 loss=2.1120 ce=4.4203 tv=0.5582 conf=2.4440 grad_norm=8.3000 tensors_with_grad=69/72
[train] step 34: T=574 positions=16 loss=1.3298 ce=2.7103 tv=0.4882 conf=1.7247 grad_norm=5.5589 tensors_with_grad=69/72
[train] step 35: T=581 positions=16 loss=0.9298 ce=1.6698 tv=0.3557 conf=0.9082 grad_norm=4.5092 tensors_with_grad=69/72
[train] step 36: T=563 positions=16 loss=0.7508 ce=1.7411 tv=0.2874 conf=0.9855 grad_norm=6.1975 tensors_with_grad=69/72
[train] step 37: T=534 positions=16 loss=0.1067 ce=0.3040 tv=0.1096 conf=0.7276 grad_norm=0.4725 tensors_with_grad=69/72
[train] step 38: T=645 positions=16 loss=1.6728 ce=3.0581 tv=0.5532 conf=2.2700 grad_norm=6.5088 tensors_with_grad=69/72
[train] step 39: T=672 positions=16 loss=1.0646 ce=2.3139 tv=0.3754 conf=1.7767 grad_norm=5.2637 tensors_with_grad=69/72
[train] step 40: T=578 positions=16 loss=0.7306 ce=1.4522 tv=0.3026 conf=1.7124 grad_norm=5.2478 tensors_with_grad=69/72
[train] step 41: T=527 positions=16 loss=0.7991 ce=1.9620 tv=0.3351 conf=1.5469 grad_norm=4.3713 tensors_with_grad=69/72
[train] step 42: T=645 positions=16 loss=0.7062 ce=1.4533 tv=0.2969 conf=1.4600 grad_norm=6.0937 tensors_with_grad=69/72
[train] step 43: T=1008 positions=16 loss=1.0847 ce=2.2785 tv=0.3238 conf=1.3399 grad_norm=3.0074 tensors_with_grad=69/72
[train] step 44: T=676 positions=16 loss=0.6151 ce=1.2638 tv=0.3054 conf=1.0905 grad_norm=5.2237 tensors_with_grad=69/72
[train] step 45: T=674 positions=16 loss=1.0697 ce=2.2645 tv=0.4139 conf=1.2019 grad_norm=5.2108 tensors_with_grad=69/72
[train] step 46: T=528 positions=16 loss=1.1138 ce=2.0285 tv=0.4466 conf=1.5434 grad_norm=7.0303 tensors_with_grad=69/72
[train] step 47: T=538 positions=16 loss=0.9534 ce=1.6153 tv=0.3733 conf=1.0636 grad_norm=5.7970 tensors_with_grad=69/72
[train] step 48: T=572 positions=16 loss=0.9931 ce=2.1871 tv=0.4083 conf=1.6004 grad_norm=4.9008 tensors_with_grad=69/72
[train] step 49: T=536 positions=16 loss=0.2226 ce=0.6506 tv=0.2396 conf=1.7142 grad_norm=2.6222 tensors_with_grad=69/72
[train] step 50: T=673 positions=16 loss=1.3185 ce=2.5901 tv=0.4772 conf=1.2963 grad_norm=4.3857 tensors_with_grad=69/72
[train] step 51: T=603 positions=16 loss=0.2150 ce=0.6638 tv=0.1449 conf=0.7224 grad_norm=1.4847 tensors_with_grad=69/72
[train] step 52: T=532 positions=16 loss=0.6821 ce=1.3780 tv=0.2803 conf=0.6661 grad_norm=8.6106 tensors_with_grad=69/72
[train] step 53: T=618 positions=16 loss=0.3244 ce=1.0328 tv=0.2854 conf=2.2854 grad_norm=4.6407 tensors_with_grad=69/72
[train] step 54: T=539 positions=16 loss=0.3536 ce=0.8305 tv=0.1924 conf=1.5044 grad_norm=4.3449 tensors_with_grad=69/72
[train] step 55: T=569 positions=16 loss=0.6922 ce=1.5388 tv=0.2812 conf=1.4349 grad_norm=3.8458 tensors_with_grad=69/72
[train] step 56: T=589 positions=16 loss=1.3352 ce=2.5218 tv=0.5105 conf=1.4755 grad_norm=8.1393 tensors_with_grad=69/72
[train] step 57: T=653 positions=16 loss=1.2095 ce=2.5262 tv=0.4597 conf=1.6269 grad_norm=7.8687 tensors_with_grad=69/72
[train] step 58: T=675 positions=16 loss=1.0106 ce=1.9850 tv=0.3953 conf=2.1054 grad_norm=4.0591 tensors_with_grad=69/72
[train] step 59: T=599 positions=16 loss=1.3106 ce=3.1547 tv=0.4608 conf=1.0785 grad_norm=4.9745 tensors_with_grad=69/72
[train] step 60: T=901 positions=16 loss=1.0478 ce=2.2421 tv=0.3456 conf=1.5982 grad_norm=3.5580 tensors_with_grad=69/72
[train] step 61: T=597 positions=16 loss=0.0520 ce=0.2657 tv=0.1111 conf=0.6783 grad_norm=1.2838 tensors_with_grad=69/72
[train] step 62: T=613 positions=16 loss=0.0449 ce=0.2908 tv=0.1123 conf=2.3971 grad_norm=1.3065 tensors_with_grad=69/72
[train] step 63: T=546 positions=16 loss=0.3394 ce=0.7267 tv=0.2381 conf=1.0628 grad_norm=2.2960 tensors_with_grad=69/72
[train] step 64: T=535 positions=16 loss=0.1061 ce=0.2581 tv=0.1041 conf=0.4285 grad_norm=1.5288 tensors_with_grad=69/72
[train] step 65: T=527 positions=16 loss=1.2983 ce=2.1387 tv=0.4994 conf=1.7428 grad_norm=6.0099 tensors_with_grad=69/72
[train] step 66: T=672 positions=16 loss=1.3360 ce=2.3570 tv=0.4965 conf=1.6392 grad_norm=6.2824 tensors_with_grad=69/72
[train] step 67: T=535 positions=16 loss=1.4996 ce=2.7731 tv=0.5367 conf=1.4060 grad_norm=7.2576 tensors_with_grad=69/72
[train] step 68: T=629 positions=16 loss=0.8621 ce=1.4302 tv=0.3809 conf=1.6054 grad_norm=4.6154 tensors_with_grad=69/72
[train] step 69: T=529 positions=16 loss=0.7963 ce=1.7505 tv=0.2953 conf=2.1344 grad_norm=3.8136 tensors_with_grad=69/72
[train] step 70: T=544 positions=16 loss=0.2025 ce=0.5049 tv=0.1041 conf=0.3472 grad_norm=1.7518 tensors_with_grad=69/72
[train] step 71: T=1433 positions=16 loss=1.9183 ce=3.9791 tv=0.4920 conf=1.9236 grad_norm=4.5638 tensors_with_grad=69/72
[train] step 72: T=528 positions=16 loss=1.0262 ce=2.3617 tv=0.3347 conf=1.5569 grad_norm=4.0124 tensors_with_grad=69/72
[train] step 73: T=674 positions=16 loss=1.0370 ce=2.3195 tv=0.4210 conf=1.3354 grad_norm=8.2500 tensors_with_grad=69/72
[train] step 74: T=527 positions=16 loss=0.4716 ce=1.1876 tv=0.2740 conf=1.6504 grad_norm=4.2776 tensors_with_grad=69/72
[train] step 75: T=642 positions=16 loss=0.8894 ce=1.9714 tv=0.3900 conf=2.1585 grad_norm=4.1572 tensors_with_grad=69/72
[train] step 76: T=598 positions=16 loss=0.3939 ce=0.8069 tv=0.1617 conf=0.9189 grad_norm=2.5898 tensors_with_grad=69/72
[train] step 77: T=933 positions=16 loss=1.0471 ce=2.2693 tv=0.3826 conf=1.5650 grad_norm=3.6797 tensors_with_grad=69/72
[train] step 78: T=653 positions=16 loss=1.5179 ce=3.1186 tv=0.5444 conf=2.2826 grad_norm=16.4069 tensors_with_grad=69/72
[train] step 79: T=655 positions=16 loss=0.5072 ce=1.7152 tv=0.3379 conf=1.1864 grad_norm=2.0480 tensors_with_grad=69/72
[train] step 80: T=585 positions=16 loss=0.3118 ce=0.6057 tv=0.1627 conf=1.0107 grad_norm=1.6328 tensors_with_grad=69/72
[train] step 81: T=641 positions=16 loss=1.4426 ce=2.6739 tv=0.5204 conf=1.5894 grad_norm=6.3570 tensors_with_grad=69/72
[train] step 82: T=532 positions=16 loss=0.7323 ce=1.4005 tv=0.2941 conf=0.7813 grad_norm=5.6727 tensors_with_grad=69/72
[train] step 83: T=526 positions=16 loss=1.2719 ce=2.2484 tv=0.4899 conf=1.3997 grad_norm=6.3326 tensors_with_grad=69/72
[train] step 84: T=590 positions=16 loss=0.3043 ce=0.9221 tv=0.2382 conf=1.2960 grad_norm=4.5097 tensors_with_grad=69/72
[train] step 85: T=527 positions=16 loss=0.7855 ce=1.6735 tv=0.4006 conf=1.7734 grad_norm=4.2152 tensors_with_grad=69/72
[train] step 86: T=838 positions=16 loss=0.9756 ce=2.0853 tv=0.4123 conf=1.5764 grad_norm=4.2881 tensors_with_grad=69/72
[train] step 87: T=528 positions=16 loss=0.4708 ce=1.0391 tv=0.2212 conf=0.3341 grad_norm=2.2354 tensors_with_grad=69/72
[train] step 88: T=594 positions=16 loss=0.2607 ce=0.6313 tv=0.2035 conf=1.0345 grad_norm=2.0554 tensors_with_grad=69/72
[train] step 89: T=634 positions=16 loss=0.3571 ce=0.7450 tv=0.2266 conf=1.8814 grad_norm=3.1336 tensors_with_grad=69/72
[train] step 90: T=558 positions=16 loss=0.8156 ce=1.7610 tv=0.3835 conf=1.8344 grad_norm=7.8430 tensors_with_grad=69/72
[train] step 91: T=649 positions=16 loss=0.4423 ce=1.1239 tv=0.2614 conf=1.9851 grad_norm=2.5806 tensors_with_grad=69/72
[train] step 92: T=1085 positions=16 loss=1.1983 ce=2.4792 tv=0.3476 conf=1.3518 grad_norm=5.6835 tensors_with_grad=69/72
[train] step 93: T=575 positions=16 loss=0.6385 ce=1.5193 tv=0.2587 conf=1.1115 grad_norm=3.2465 tensors_with_grad=69/72
[train] step 94: T=611 positions=16 loss=0.3217 ce=0.8281 tv=0.1914 conf=1.3460 grad_norm=1.3851 tensors_with_grad=69/72
[train] step 95: T=529 positions=16 loss=1.4424 ce=2.4441 tv=0.5195 conf=1.2861 grad_norm=4.4389 tensors_with_grad=69/72
[train] step 96: T=526 positions=16 loss=0.7174 ce=1.6190 tv=0.3430 conf=0.8649 grad_norm=3.6227 tensors_with_grad=69/72
[train] step 97: T=576 positions=16 loss=0.2913 ce=0.9947 tv=0.2401 conf=1.4613 grad_norm=3.8243 tensors_with_grad=69/72
[train] step 98: T=674 positions=16 loss=1.1781 ce=2.2776 tv=0.4285 conf=1.5138 grad_norm=7.9124 tensors_with_grad=69/72
[train] step 99: T=535 positions=16 loss=0.3057 ce=0.6962 tv=0.2618 conf=0.9053 grad_norm=2.2405 tensors_with_grad=69/72
[train] step 100: T=975 positions=16 loss=1.4984 ce=3.1605 tv=0.4373 conf=1.5749 grad_norm=3.4011 tensors_with_grad=69/72
[train] step 101: T=1794 positions=16 loss=1.8493 ce=3.4697 tv=0.5216 conf=2.0517 grad_norm=6.5077 tensors_with_grad=69/72
[train] step 102: T=532 positions=16 loss=0.9198 ce=1.7944 tv=0.4361 conf=0.9666 grad_norm=7.2029 tensors_with_grad=69/72
[train] step 103: T=552 positions=16 loss=0.5571 ce=2.0928 tv=0.2829 conf=1.0385 grad_norm=2.3066 tensors_with_grad=69/72
[train] step 104: T=541 positions=16 loss=0.9060 ce=1.9440 tv=0.3704 conf=1.9425 grad_norm=8.3483 tensors_with_grad=69/72
[train] step 105: T=678 positions=16 loss=0.5004 ce=1.2450 tv=0.2509 conf=0.8168 grad_norm=4.5796 tensors_with_grad=69/72
[train] step 106: T=527 positions=16 loss=1.4470 ce=3.1355 tv=0.5123 conf=1.8291 grad_norm=5.8475 tensors_with_grad=69/72
[train] step 107: T=648 positions=16 loss=1.1017 ce=2.4250 tv=0.4283 conf=1.7401 grad_norm=2.3566 tensors_with_grad=69/72
[train] step 108: T=543 positions=16 loss=0.1038 ce=0.3071 tv=0.1107 conf=0.4836 grad_norm=1.8569 tensors_with_grad=69/72
[train] step 109: T=920 positions=16 loss=1.5478 ce=3.4278 tv=0.4813 conf=1.5058 grad_norm=7.5763 tensors_with_grad=69/72
[train] step 110: T=672 positions=16 loss=0.7251 ce=1.5614 tv=0.3354 conf=1.4533 grad_norm=4.1352 tensors_with_grad=69/72
[train] step 111: T=882 positions=16 loss=1.1701 ce=2.3778 tv=0.3801 conf=0.7403 grad_norm=4.7528 tensors_with_grad=69/72
[train] step 112: T=528 positions=16 loss=0.3276 ce=0.7252 tv=0.2044 conf=1.1387 grad_norm=3.8033 tensors_with_grad=69/72
[train] step 113: T=674 positions=16 loss=1.0286 ce=2.4401 tv=0.3958 conf=1.9016 grad_norm=6.0460 tensors_with_grad=69/72
[train] step 114: T=533 positions=16 loss=0.2810 ce=0.7220 tv=0.1804 conf=1.0080 grad_norm=3.1940 tensors_with_grad=69/72
[train] step 115: T=623 positions=16 loss=0.7473 ce=1.4582 tv=0.3569 conf=2.1068 grad_norm=3.2302 tensors_with_grad=69/72
[train] step 116: T=1190 positions=16 loss=1.4065 ce=2.7762 tv=0.3806 conf=1.3246 grad_norm=5.1931 tensors_with_grad=69/72
[train] step 117: T=627 positions=16 loss=0.6239 ce=1.2537 tv=0.2760 conf=1.5288 grad_norm=4.8026 tensors_with_grad=69/72
[train] step 118: T=638 positions=16 loss=1.0259 ce=2.1845 tv=0.4679 conf=1.2424 grad_norm=3.1171 tensors_with_grad=69/72
[train] step 119: T=605 positions=16 loss=1.0362 ce=2.2735 tv=0.4188 conf=1.7878 grad_norm=4.2503 tensors_with_grad=69/72
[train] step 120: T=664 positions=16 loss=0.1023 ce=0.3467 tv=0.1570 conf=1.6310 grad_norm=1.3676 tensors_with_grad=69/72
[train] step 121: T=530 positions=16 loss=0.9218 ce=2.1333 tv=0.3272 conf=0.8231 grad_norm=4.0787 tensors_with_grad=69/72
[train] step 122: T=541 positions=16 loss=0.2497 ce=0.5544 tv=0.1467 conf=0.6347 grad_norm=2.2763 tensors_with_grad=69/72
[train] step 123: T=533 positions=16 loss=0.7607 ce=1.5407 tv=0.2656 conf=0.9525 grad_norm=3.5730 tensors_with_grad=69/72
[train] step 124: T=616 positions=16 loss=0.9117 ce=1.9084 tv=0.3512 conf=0.9464 grad_norm=5.7778 tensors_with_grad=69/72
[train] step 125: T=672 positions=16 loss=1.6076 ce=3.0633 tv=0.5472 conf=2.1258 grad_norm=8.0382 tensors_with_grad=69/72
[train] step 126: T=524 positions=16 loss=1.1378 ce=2.1376 tv=0.4498 conf=1.1839 grad_norm=5.5707 tensors_with_grad=69/72
[train] step 127: T=1177 positions=16 loss=1.5301 ce=2.8884 tv=0.4541 conf=1.5501 grad_norm=7.0841 tensors_with_grad=69/72
[train] step 128: T=543 positions=16 loss=0.4351 ce=1.0517 tv=0.2524 conf=1.7103 grad_norm=3.3868 tensors_with_grad=69/72
[train] step 129: T=537 positions=16 loss=0.5150 ce=1.0703 tv=0.2851 conf=2.4096 grad_norm=5.4446 tensors_with_grad=69/72
[train] step 130: T=533 positions=16 loss=0.5878 ce=1.2810 tv=0.2088 conf=2.0648 grad_norm=5.2708 tensors_with_grad=69/72
[train] step 131: T=532 positions=16 loss=0.9744 ce=2.3139 tv=0.4329 conf=2.2423 grad_norm=4.1305 tensors_with_grad=69/72
[train] step 132: T=572 positions=16 loss=0.1781 ce=0.4585 tv=0.1224 conf=0.8295 grad_norm=1.4734 tensors_with_grad=69/72
[train] step 133: T=531 positions=16 loss=1.6847 ce=3.0768 tv=0.5309 conf=1.1267 grad_norm=5.4409 tensors_with_grad=69/72
[train] step 134: T=553 positions=16 loss=0.4396 ce=1.0525 tv=0.1851 conf=0.5828 grad_norm=3.9100 tensors_with_grad=69/72
[train] step 135: T=540 positions=16 loss=0.5098 ce=1.0198 tv=0.2362 conf=0.5898 grad_norm=3.5337 tensors_with_grad=69/72
[train] step 136: T=532 positions=16 loss=0.6713 ce=1.7147 tv=0.2534 conf=1.9680 grad_norm=2.1543 tensors_with_grad=69/72
[train] step 137: T=552 positions=16 loss=0.8665 ce=1.7361 tv=0.2748 conf=0.7537 grad_norm=3.9776 tensors_with_grad=69/72
[train] step 138: T=565 positions=16 loss=0.4933 ce=0.9800 tv=0.1950 conf=1.6450 grad_norm=2.4132 tensors_with_grad=69/72
[train] step 139: T=534 positions=16 loss=0.4784 ce=1.0576 tv=0.2459 conf=1.4042 grad_norm=2.7913 tensors_with_grad=69/72
[train] step 140: T=1720 positions=16 loss=1.6820 ce=3.0064 tv=0.5591 conf=1.1509 grad_norm=8.4389 tensors_with_grad=69/72
[train] step 141: T=539 positions=16 loss=1.0425 ce=2.1007 tv=0.3998 conf=1.1917 grad_norm=15.7764 tensors_with_grad=69/72
[train] step 142: T=1793 positions=16 loss=2.3183 ce=5.2430 tv=0.5484 conf=2.2473 grad_norm=8.9880 tensors_with_grad=69/72
[train] step 143: T=581 positions=16 loss=0.3879 ce=1.1051 tv=0.2382 conf=1.7942 grad_norm=3.5632 tensors_with_grad=69/72
[train] step 144: T=1033 positions=16 loss=2.4187 ce=4.6083 tv=0.5917 conf=1.5584 grad_norm=9.6421 tensors_with_grad=69/72
[train] step 145: T=544 positions=16 loss=0.4670 ce=0.8789 tv=0.2091 conf=0.7106 grad_norm=3.4074 tensors_with_grad=69/72
[train] step 146: T=1570 positions=16 loss=1.5507 ce=3.4774 tv=0.4724 conf=1.5930 grad_norm=5.9378 tensors_with_grad=69/72
[train] step 147: T=1007 positions=16 loss=1.4750 ce=3.1485 tv=0.4221 conf=2.0967 grad_norm=4.1611 tensors_with_grad=69/72
[train] step 148: T=656 positions=16 loss=0.5453 ce=1.7498 tv=0.2486 conf=1.4536 grad_norm=2.8557 tensors_with_grad=69/72
[train] step 149: T=605 positions=16 loss=0.3394 ce=1.0748 tv=0.2114 conf=1.3344 grad_norm=3.3136 tensors_with_grad=69/72
[train] step 150: T=1792 positions=16 loss=2.3284 ce=4.8939 tv=0.5379 conf=1.2897 grad_norm=5.3327 tensors_with_grad=69/72
[train] step 151: T=535 positions=16 loss=0.3118 ce=0.5840 tv=0.1001 conf=3.0540 grad_norm=2.0782 tensors_with_grad=69/72
[train] step 152: T=550 positions=16 loss=0.7812 ce=1.6905 tv=0.3538 conf=1.7922 grad_norm=3.7161 tensors_with_grad=69/72
[train] step 153: T=608 positions=16 loss=0.4898 ce=1.4989 tv=0.3153 conf=2.0369 grad_norm=4.5024 tensors_with_grad=69/72
[train] step 154: T=901 positions=16 loss=0.9789 ce=1.8662 tv=0.3386 conf=1.8375 grad_norm=5.3639 tensors_with_grad=69/72
[train] step 155: T=527 positions=16 loss=1.2054 ce=2.6473 tv=0.4832 conf=2.3460 grad_norm=5.1914 tensors_with_grad=69/72
[train] step 156: T=1058 positions=16 loss=1.2682 ce=2.7658 tv=0.4083 conf=1.6263 grad_norm=6.9164 tensors_with_grad=69/72
[train] step 157: T=629 positions=16 loss=0.3061 ce=0.6612 tv=0.2103 conf=1.4597 grad_norm=1.9296 tensors_with_grad=69/72
[train] step 158: T=532 positions=16 loss=0.4895 ce=1.1064 tv=0.2067 conf=1.2902 grad_norm=6.3403 tensors_with_grad=69/72
[train] step 159: T=674 positions=16 loss=1.0615 ce=2.0043 tv=0.4177 conf=1.0723 grad_norm=5.2863 tensors_with_grad=69/72
[train] step 160: T=546 positions=16 loss=0.1183 ce=0.3437 tv=0.1331 conf=0.6822 grad_norm=1.1864 tensors_with_grad=69/72
[train] step 161: T=574 positions=16 loss=0.6968 ce=1.4469 tv=0.2856 conf=2.3165 grad_norm=3.9446 tensors_with_grad=69/72
[train] step 162: T=675 positions=16 loss=0.6654 ce=1.5788 tv=0.3301 conf=1.4735 grad_norm=6.7557 tensors_with_grad=69/72
[train] step 163: T=549 positions=16 loss=0.5344 ce=1.2081 tv=0.2840 conf=1.1861 grad_norm=3.8144 tensors_with_grad=69/72
[train] step 164: T=671 positions=16 loss=1.0432 ce=2.0510 tv=0.4565 conf=1.6006 grad_norm=5.8072 tensors_with_grad=69/72
[train] step 165: T=609 positions=16 loss=0.4330 ce=0.9841 tv=0.3165 conf=2.3887 grad_norm=4.0207 tensors_with_grad=69/72
[train] step 166: T=570 positions=16 loss=1.5347 ce=3.4273 tv=0.4321 conf=1.9606 grad_norm=8.7345 tensors_with_grad=69/72
[train] step 167: T=540 positions=16 loss=0.4558 ce=1.0472 tv=0.2554 conf=1.4637 grad_norm=3.5023 tensors_with_grad=69/72
[train] step 168: T=618 positions=16 loss=0.5150 ce=1.3888 tv=0.2676 conf=1.6683 grad_norm=2.7694 tensors_with_grad=69/72
[train] step 169: T=524 positions=16 loss=1.3668 ce=2.7417 tv=0.5096 conf=1.4572 grad_norm=9.3409 tensors_with_grad=69/72
[train] step 170: T=673 positions=16 loss=1.1971 ce=2.4629 tv=0.4659 conf=1.5824 grad_norm=4.0684 tensors_with_grad=69/72
[train] step 171: T=526 positions=16 loss=0.3849 ce=0.7976 tv=0.2241 conf=1.7280 grad_norm=2.6134 tensors_with_grad=69/72
[train] step 172: T=531 positions=16 loss=0.7703 ce=1.4689 tv=0.2750 conf=0.7449 grad_norm=5.4889 tensors_with_grad=69/72
[train] step 173: T=536 positions=16 loss=0.6333 ce=1.2354 tv=0.2589 conf=1.0468 grad_norm=5.8541 tensors_with_grad=69/72
[train] step 174: T=601 positions=16 loss=0.3684 ce=0.8426 tv=0.1843 conf=1.1353 grad_norm=4.6395 tensors_with_grad=69/72
[train] step 175: T=647 positions=16 loss=1.2107 ce=2.3689 tv=0.4602 conf=1.2999 grad_norm=4.3797 tensors_with_grad=69/72
[train] step 176: T=532 positions=16 loss=0.4522 ce=1.0803 tv=0.2856 conf=0.9713 grad_norm=4.5575 tensors_with_grad=69/72
[train] step 177: T=544 positions=16 loss=0.5802 ce=1.3165 tv=0.2342 conf=1.0731 grad_norm=5.4661 tensors_with_grad=69/72
[train] step 178: T=673 positions=16 loss=1.3442 ce=2.7314 tv=0.4966 conf=1.4414 grad_norm=4.4861 tensors_with_grad=69/72
[train] step 179: T=593 positions=16 loss=0.3251 ce=0.6704 tv=0.1756 conf=1.0084 grad_norm=4.0769 tensors_with_grad=69/72
[train] step 180: T=568 positions=16 loss=0.0701 ce=0.4451 tv=0.1169 conf=1.2710 grad_norm=0.9923 tensors_with_grad=69/72
[train] step 181: T=589 positions=16 loss=0.1338 ce=0.4686 tv=0.1687 conf=0.8141 grad_norm=3.0974 tensors_with_grad=69/72
[train] step 182: T=526 positions=16 loss=0.3426 ce=1.0178 tv=0.2236 conf=1.6588 grad_norm=2.0697 tensors_with_grad=69/72
[train] step 183: T=538 positions=16 loss=0.1453 ce=0.5286 tv=0.0957 conf=0.3818 grad_norm=0.7626 tensors_with_grad=69/72
[train] step 184: T=1365 positions=16 loss=1.9331 ce=4.2845 tv=0.5029 conf=1.9591 grad_norm=9.1096 tensors_with_grad=69/72
[train] step 185: T=533 positions=16 loss=0.3850 ce=0.9481 tv=0.2273 conf=0.9678 grad_norm=5.7439 tensors_with_grad=69/72
[train] step 186: T=526 positions=16 loss=1.1865 ce=2.1844 tv=0.5160 conf=2.0296 grad_norm=7.1403 tensors_with_grad=69/72
[train] step 187: T=625 positions=16 loss=0.0506 ce=0.2088 tv=0.1135 conf=1.2850 grad_norm=0.7041 tensors_with_grad=69/72
[train] step 188: T=544 positions=16 loss=1.1438 ce=2.2386 tv=0.4444 conf=1.5669 grad_norm=4.5307 tensors_with_grad=69/72
[train] step 189: T=531 positions=16 loss=1.0856 ce=2.4344 tv=0.4617 conf=1.5369 grad_norm=3.4114 tensors_with_grad=69/72
[train] step 190: T=1057 positions=16 loss=1.3281 ce=2.8421 tv=0.3853 conf=1.1283 grad_norm=4.1651 tensors_with_grad=69/72
[train] step 191: T=1004 positions=16 loss=1.2837 ce=2.7134 tv=0.4530 conf=1.3150 grad_norm=4.4820 tensors_with_grad=69/72
[train] step 192: T=673 positions=16 loss=1.0259 ce=2.1217 tv=0.4277 conf=2.1450 grad_norm=5.5507 tensors_with_grad=69/72
[train] step 193: T=541 positions=16 loss=0.1144 ce=0.4863 tv=0.1315 conf=1.1359 grad_norm=1.0958 tensors_with_grad=69/72
[train] step 194: T=531 positions=16 loss=0.2715 ce=0.6204 tv=0.1572 conf=1.1233 grad_norm=2.3589 tensors_with_grad=69/72
[train] step 195: T=561 positions=16 loss=0.3606 ce=0.6607 tv=0.1809 conf=0.7960 grad_norm=6.4733 tensors_with_grad=69/72
[train] step 196: T=535 positions=16 loss=0.2415 ce=0.6589 tv=0.2002 conf=1.2910 grad_norm=1.8365 tensors_with_grad=69/72
[train] step 197: T=571 positions=16 loss=0.3888 ce=1.1295 tv=0.2658 conf=1.4679 grad_norm=3.4853 tensors_with_grad=69/72
[train] step 198: T=672 positions=16 loss=1.5305 ce=2.7873 tv=0.5430 conf=1.7001 grad_norm=5.8276 tensors_with_grad=69/72
[train] step 199: T=540 positions=16 loss=0.2655 ce=0.4203 tv=0.1147 conf=0.6035 grad_norm=5.6069 tensors_with_grad=69/72
[train] step 200: T=532 positions=16 loss=0.0774 ce=0.2057 tv=0.0540 conf=0.2474 grad_norm=0.6523 tensors_with_grad=69/72
[train] step 201: T=676 positions=16 loss=1.1596 ce=2.3203 tv=0.4574 conf=1.2354 grad_norm=4.2549 tensors_with_grad=69/72
[train] step 202: T=838 positions=16 loss=0.9723 ce=1.8841 tv=0.3800 conf=1.8046 grad_norm=5.4225 tensors_with_grad=69/72
[train] step 203: T=583 positions=16 loss=0.7698 ce=1.7586 tv=0.3403 conf=0.9757 grad_norm=4.1950 tensors_with_grad=69/72
[train] step 204: T=527 positions=16 loss=0.3039 ce=0.8097 tv=0.2170 conf=2.0827 grad_norm=2.1641 tensors_with_grad=69/72
[train] step 205: T=675 positions=16 loss=1.0900 ce=2.3290 tv=0.3524 conf=1.5324 grad_norm=4.0249 tensors_with_grad=69/72
[train] step 206: T=542 positions=16 loss=0.6327 ce=1.2926 tv=0.2807 conf=1.9670 grad_norm=6.4257 tensors_with_grad=69/72
[train] step 207: T=1211 positions=16 loss=1.5058 ce=3.0770 tv=0.4055 conf=1.3235 grad_norm=5.1869 tensors_with_grad=69/72
[train] step 208: T=527 positions=16 loss=0.2246 ce=0.4600 tv=0.0849 conf=0.5589 grad_norm=1.3210 tensors_with_grad=69/72
[train] step 209: T=1106 positions=16 loss=2.1238 ce=4.2086 tv=0.5114 conf=1.2590 grad_norm=6.9307 tensors_with_grad=69/72
[train] step 210: T=533 positions=16 loss=0.2484 ce=0.6149 tv=0.1710 conf=0.6065 grad_norm=3.9866 tensors_with_grad=69/72
[train] step 211: T=1721 positions=16 loss=1.5864 ce=3.4068 tv=0.4903 conf=2.6234 grad_norm=6.1735 tensors_with_grad=69/72
[train] step 212: T=616 positions=16 loss=0.1647 ce=0.4219 tv=0.1484 conf=1.1924 grad_norm=2.0953 tensors_with_grad=69/72
[train] step 213: T=672 positions=16 loss=0.8548 ce=2.0099 tv=0.3904 conf=1.5795 grad_norm=6.9406 tensors_with_grad=69/72
[train] step 214: T=529 positions=16 loss=1.1201 ce=2.1338 tv=0.4658 conf=1.9406 grad_norm=3.9425 tensors_with_grad=69/72
[train] step 215: T=536 positions=16 loss=0.2075 ce=0.7862 tv=0.1430 conf=1.4677 grad_norm=1.7832 tensors_with_grad=69/72
[train] step 216: T=550 positions=16 loss=0.6784 ce=1.3450 tv=0.3254 conf=0.9091 grad_norm=4.5721 tensors_with_grad=69/72
[train] step 217: T=1223 positions=16 loss=2.0434 ce=4.2965 tv=0.5370 conf=1.9831 grad_norm=6.9864 tensors_with_grad=69/72
[train] step 218: T=528 positions=16 loss=0.8648 ce=1.7905 tv=0.3531 conf=1.3380 grad_norm=10.3117 tensors_with_grad=69/72
[train] step 219: T=535 positions=16 loss=0.3127 ce=0.5340 tv=0.1769 conf=1.0609 grad_norm=3.8313 tensors_with_grad=69/72
[train] step 220: T=580 positions=16 loss=0.4889 ce=0.9691 tv=0.2875 conf=1.5183 grad_norm=3.8533 tensors_with_grad=69/72
[train] step 221: T=533 positions=16 loss=0.0861 ce=0.2395 tv=0.0507 conf=0.0978 grad_norm=0.8346 tensors_with_grad=69/72
[train] step 222: T=531 positions=16 loss=0.5407 ce=1.1306 tv=0.2602 conf=1.5971 grad_norm=2.9572 tensors_with_grad=69/72
[train] step 223: T=577 positions=16 loss=0.7696 ce=1.6648 tv=0.3633 conf=1.5094 grad_norm=3.9437 tensors_with_grad=69/72
[train] step 224: T=583 positions=16 loss=1.0597 ce=2.3581 tv=0.3822 conf=1.8268 grad_norm=6.9812 tensors_with_grad=69/72
[train] step 225: T=673 positions=16 loss=1.3946 ce=2.9659 tv=0.4820 conf=0.9590 grad_norm=4.5405 tensors_with_grad=69/72
[train] step 226: T=672 positions=16 loss=0.4370 ce=1.2479 tv=0.2742 conf=2.1197 grad_norm=5.1701 tensors_with_grad=69/72
[train] step 227: T=1189 positions=16 loss=1.4500 ce=2.8669 tv=0.4550 conf=1.9576 grad_norm=6.6792 tensors_with_grad=69/72
[train] step 228: T=534 positions=16 loss=1.2005 ce=2.8582 tv=0.4786 conf=1.7394 grad_norm=5.2599 tensors_with_grad=69/72
[train] step 229: T=531 positions=16 loss=0.4990 ce=1.3534 tv=0.2532 conf=0.9226 grad_norm=5.9058 tensors_with_grad=69/72
[train] step 230: T=678 positions=16 loss=0.6816 ce=1.5194 tv=0.3533 conf=1.7670 grad_norm=3.0329 tensors_with_grad=69/72
[train] step 231: T=525 positions=16 loss=1.0576 ce=2.0429 tv=0.4135 conf=1.5730 grad_norm=3.7233 tensors_with_grad=69/72
[train] step 232: T=674 positions=16 loss=0.3505 ce=0.8057 tv=0.2115 conf=1.6894 grad_norm=3.6779 tensors_with_grad=69/72
[train] step 233: T=550 positions=16 loss=0.1375 ce=0.3968 tv=0.1674 conf=1.0215 grad_norm=2.1618 tensors_with_grad=69/72
[train] step 234: T=534 positions=16 loss=0.7011 ce=1.4806 tv=0.3578 conf=1.4301 grad_norm=4.9576 tensors_with_grad=69/72
[train] step 235: T=607 positions=16 loss=0.5088 ce=1.7630 tv=0.2644 conf=1.8383 grad_norm=5.9170 tensors_with_grad=69/72
[train] step 236: T=529 positions=16 loss=1.4562 ce=3.5097 tv=0.5363 conf=1.5127 grad_norm=5.9222 tensors_with_grad=69/72
[train] step 237: T=538 positions=16 loss=1.2603 ce=2.2456 tv=0.4914 conf=1.5705 grad_norm=4.9086 tensors_with_grad=69/72
[train] step 238: T=538 positions=16 loss=0.4714 ce=0.9370 tv=0.2223 conf=0.4730 grad_norm=5.2394 tensors_with_grad=69/72
[train] step 239: T=538 positions=16 loss=0.3936 ce=0.8699 tv=0.1468 conf=0.3799 grad_norm=2.9819 tensors_with_grad=69/72
[train] step 240: T=851 positions=16 loss=1.8974 ce=3.6173 tv=0.5767 conf=1.5671 grad_norm=7.0973 tensors_with_grad=69/72
[train] step 241: T=533 positions=16 loss=0.5069 ce=1.5120 tv=0.2850 conf=1.8123 grad_norm=5.5176 tensors_with_grad=69/72
[train] step 242: T=1623 positions=16 loss=1.8419 ce=3.8077 tv=0.4752 conf=1.0721 grad_norm=5.2674 tensors_with_grad=69/72
[train] step 243: T=547 positions=16 loss=0.5924 ce=1.2381 tv=0.2920 conf=1.2311 grad_norm=2.9501 tensors_with_grad=69/72
[train] step 244: T=876 positions=16 loss=1.7291 ce=3.5994 tv=0.4320 conf=1.3896 grad_norm=5.3234 tensors_with_grad=69/72
[train] step 245: T=528 positions=16 loss=1.1369 ce=2.1669 tv=0.2861 conf=0.6697 grad_norm=5.2765 tensors_with_grad=69/72
[train] step 246: T=652 positions=16 loss=1.2450 ce=2.7359 tv=0.4886 conf=1.9009 grad_norm=4.5442 tensors_with_grad=69/72
[train] step 247: T=611 positions=16 loss=0.2247 ce=0.7111 tv=0.2105 conf=1.3748 grad_norm=4.0956 tensors_with_grad=69/72
[train] step 248: T=588 positions=16 loss=0.2182 ce=0.5644 tv=0.1201 conf=1.2136 grad_norm=2.7531 tensors_with_grad=69/72
[train] step 249: T=554 positions=16 loss=0.5955 ce=1.1961 tv=0.2562 conf=1.9251 grad_norm=3.5501 tensors_with_grad=69/72
[train] step 250: T=592 positions=16 loss=0.8729 ce=1.8046 tv=0.3400 conf=1.2449 grad_norm=5.9115 tensors_with_grad=69/72
[train] step 251: T=540 positions=16 loss=0.2555 ce=1.4641 tv=0.1964 conf=0.6256 grad_norm=2.0995 tensors_with_grad=69/72
[train] step 252: T=537 positions=16 loss=0.3673 ce=0.9658 tv=0.2912 conf=1.2193 grad_norm=2.2938 tensors_with_grad=69/72
[train] step 253: T=673 positions=16 loss=0.3986 ce=0.9740 tv=0.2402 conf=0.9415 grad_norm=4.0972 tensors_with_grad=69/72
[train] step 254: T=575 positions=16 loss=0.1725 ce=0.4140 tv=0.1328 conf=0.7031 grad_norm=1.4357 tensors_with_grad=69/72
[train] step 255: T=545 positions=16 loss=1.2411 ce=2.4994 tv=0.4287 conf=1.7302 grad_norm=4.5752 tensors_with_grad=69/72
[train] step 256: T=540 positions=16 loss=0.4471 ce=0.9362 tv=0.2333 conf=0.8990 grad_norm=3.3672 tensors_with_grad=69/72
[train] step 257: T=525 positions=16 loss=0.7336 ce=1.6343 tv=0.3374 conf=1.2732 grad_norm=5.1754 tensors_with_grad=69/72
[train] step 258: T=1002 positions=16 loss=1.7201 ce=3.7727 tv=0.5435 conf=1.3020 grad_norm=5.9313 tensors_with_grad=69/72
[train] step 259: T=599 positions=16 loss=0.7307 ce=1.3341 tv=0.2278 conf=0.7755 grad_norm=7.5777 tensors_with_grad=69/72
[train] step 260: T=566 positions=16 loss=0.2827 ce=0.8079 tv=0.2156 conf=1.5320 grad_norm=2.7657 tensors_with_grad=69/72
[train] step 261: T=542 positions=16 loss=0.5775 ce=1.5962 tv=0.3390 conf=1.7419 grad_norm=3.3166 tensors_with_grad=69/72
[train] step 262: T=571 positions=16 loss=1.5103 ce=3.0407 tv=0.4368 conf=1.1695 grad_norm=4.7776 tensors_with_grad=69/72
[train] step 263: T=551 positions=16 loss=1.6503 ce=3.1326 tv=0.3894 conf=1.4908 grad_norm=6.6463 tensors_with_grad=69/72
[train] step 264: T=557 positions=16 loss=0.7141 ce=1.6336 tv=0.3437 conf=1.5066 grad_norm=5.6819 tensors_with_grad=69/72
[train] step 265: T=1795 positions=16 loss=2.0346 ce=3.9359 tv=0.5450 conf=2.4155 grad_norm=14.5865 tensors_with_grad=69/72
[train] step 266: T=654 positions=16 loss=0.9067 ce=1.6185 tv=0.3670 conf=1.3941 grad_norm=5.6250 tensors_with_grad=69/72
[train] step 267: T=1011 positions=16 loss=1.4003 ce=2.6620 tv=0.4118 conf=1.0249 grad_norm=4.2940 tensors_with_grad=69/72
[train] step 268: T=673 positions=16 loss=0.7095 ce=1.8399 tv=0.4016 conf=2.2065 grad_norm=4.0240 tensors_with_grad=69/72
[train] step 269: T=588 positions=16 loss=1.1466 ce=2.4149 tv=0.3517 conf=1.6499 grad_norm=5.1828 tensors_with_grad=69/72
[train] step 270: T=540 positions=16 loss=0.6083 ce=1.4012 tv=0.3286 conf=2.7303 grad_norm=6.2138 tensors_with_grad=69/72
[train] step 271: T=667 positions=16 loss=0.1773 ce=0.5175 tv=0.1730 conf=0.7581 grad_norm=1.0846 tensors_with_grad=69/72
[train] step 272: T=952 positions=16 loss=1.2366 ce=2.3933 tv=0.4489 conf=2.0699 grad_norm=5.9933 tensors_with_grad=69/72
[train] step 273: T=862 positions=16 loss=1.2248 ce=2.2905 tv=0.4299 conf=1.4808 grad_norm=3.2756 tensors_with_grad=69/72
[train] step 274: T=945 positions=16 loss=1.9886 ce=4.2233 tv=0.5225 conf=1.8481 grad_norm=8.6763 tensors_with_grad=69/72
[train] step 275: T=545 positions=16 loss=0.9876 ce=1.9996 tv=0.4073 conf=1.0548 grad_norm=3.8417 tensors_with_grad=69/72
[train] step 276: T=677 positions=16 loss=0.7612 ce=1.6333 tv=0.2749 conf=1.2685 grad_norm=3.6354 tensors_with_grad=69/72
[train] step 277: T=659 positions=16 loss=1.1875 ce=2.4198 tv=0.3608 conf=1.1157 grad_norm=4.8959 tensors_with_grad=69/72
[train] step 278: T=676 positions=16 loss=0.5710 ce=1.2596 tv=0.2879 conf=1.2814 grad_norm=8.5945 tensors_with_grad=69/72
[train] step 279: T=525 positions=16 loss=0.9692 ce=1.8821 tv=0.4566 conf=2.0970 grad_norm=5.6748 tensors_with_grad=69/72
[train] step 280: T=568 positions=16 loss=0.5995 ce=1.4020 tv=0.2950 conf=1.6992 grad_norm=5.4123 tensors_with_grad=69/72
[train] step 281: T=613 positions=16 loss=0.2384 ce=0.8757 tv=0.2091 conf=1.5427 grad_norm=2.6667 tensors_with_grad=69/72
[train] step 282: T=535 positions=16 loss=0.6247 ce=0.8667 tv=0.2319 conf=1.3730 grad_norm=4.1028 tensors_with_grad=69/72
[train] step 283: T=524 positions=16 loss=0.6642 ce=1.3702 tv=0.3191 conf=1.2529 grad_norm=5.2003 tensors_with_grad=69/72
[train] step 284: T=529 positions=16 loss=0.7987 ce=1.5118 tv=0.3666 conf=1.6750 grad_norm=5.8104 tensors_with_grad=69/72
[train] step 285: T=549 positions=16 loss=0.5905 ce=1.0644 tv=0.2334 conf=0.9800 grad_norm=2.4376 tensors_with_grad=69/72
[train] step 286: T=878 positions=16 loss=1.2945 ce=2.5053 tv=0.4532 conf=1.8186 grad_norm=5.3367 tensors_with_grad=69/72
[train] step 287: T=570 positions=16 loss=0.6676 ce=1.3465 tv=0.3139 conf=1.2040 grad_norm=7.1574 tensors_with_grad=69/72
[train] step 288: T=675 positions=16 loss=0.7264 ce=1.6667 tv=0.3175 conf=0.9570 grad_norm=8.8784 tensors_with_grad=69/72
[train] step 289: T=590 positions=16 loss=0.9227 ce=1.5798 tv=0.3916 conf=1.6622 grad_norm=5.8456 tensors_with_grad=69/72
[train] step 290: T=619 positions=16 loss=0.3339 ce=0.7116 tv=0.1983 conf=1.0761 grad_norm=1.7610 tensors_with_grad=69/72
[train] step 291: T=540 positions=16 loss=0.3450 ce=0.7915 tv=0.1627 conf=0.5227 grad_norm=3.9979 tensors_with_grad=69/72
[train] step 292: T=557 positions=16 loss=1.5080 ce=2.4433 tv=0.4402 conf=1.5544 grad_norm=7.7835 tensors_with_grad=69/72
[train] step 293: T=674 positions=16 loss=1.3297 ce=2.3473 tv=0.4716 conf=1.1567 grad_norm=4.9622 tensors_with_grad=69/72
[train] step 294: T=551 positions=16 loss=0.6704 ce=1.6497 tv=0.2252 conf=0.7793 grad_norm=5.8383 tensors_with_grad=69/72
[train] step 295: T=536 positions=16 loss=0.7848 ce=1.5926 tv=0.3574 conf=1.6104 grad_norm=4.7936 tensors_with_grad=69/72
[train] step 296: T=562 positions=16 loss=0.3597 ce=0.7320 tv=0.2188 conf=1.0597 grad_norm=2.8934 tensors_with_grad=69/72
[train] step 297: T=914 positions=16 loss=1.5754 ce=3.0502 tv=0.4441 conf=1.4918 grad_norm=5.7867 tensors_with_grad=69/72
[train] step 298: T=603 positions=16 loss=0.6543 ce=1.4538 tv=0.2944 conf=1.4742 grad_norm=3.8118 tensors_with_grad=69/72
[train] step 299: T=637 positions=16 loss=0.5808 ce=1.7777 tv=0.2889 conf=1.9406 grad_norm=4.1763 tensors_with_grad=69/72
[train] step 300: T=678 positions=16 loss=1.1523 ce=2.0273 tv=0.4067 conf=1.2008 grad_norm=4.9152 tensors_with_grad=69/72
[train] step 301: T=1167 positions=16 loss=1.5660 ce=3.4988 tv=0.5050 conf=2.1428 grad_norm=3.6082 tensors_with_grad=69/72
[train] step 302: T=590 positions=16 loss=0.0828 ce=0.3252 tv=0.1134 conf=0.5223 grad_norm=1.2939 tensors_with_grad=69/72
[train] step 303: T=539 positions=16 loss=0.2437 ce=0.9787 tv=0.1880 conf=0.8208 grad_norm=2.3301 tensors_with_grad=69/72
[train] step 304: T=1006 positions=16 loss=1.1055 ce=2.3021 tv=0.3879 conf=2.1482 grad_norm=5.7431 tensors_with_grad=69/72
[train] step 305: T=528 positions=16 loss=1.9879 ce=3.6643 tv=0.6008 conf=1.1922 grad_norm=6.5905 tensors_with_grad=69/72
[train] step 306: T=535 positions=16 loss=0.5395 ce=1.4690 tv=0.3524 conf=1.5302 grad_norm=2.0761 tensors_with_grad=69/72
[train] step 307: T=607 positions=16 loss=0.6168 ce=1.0924 tv=0.2618 conf=1.4181 grad_norm=4.9008 tensors_with_grad=69/72
[train] step 308: T=540 positions=16 loss=0.1032 ce=0.3160 tv=0.1214 conf=0.7079 grad_norm=1.2105 tensors_with_grad=69/72
[train] step 309: T=1532 positions=16 loss=1.4300 ce=2.9941 tv=0.4042 conf=1.0261 grad_norm=13.8009 tensors_with_grad=69/72
[train] step 310: T=532 positions=16 loss=0.6590 ce=1.5715 tv=0.2578 conf=0.9023 grad_norm=5.8907 tensors_with_grad=69/72
[train] step 311: T=1716 positions=16 loss=1.8696 ce=3.6770 tv=0.4959 conf=1.5987 grad_norm=4.4622 tensors_with_grad=69/72
[train] step 312: T=545 positions=16 loss=0.7212 ce=1.7161 tv=0.3167 conf=1.8602 grad_norm=3.8648 tensors_with_grad=69/72
[train] step 313: T=606 positions=16 loss=0.6905 ce=1.7727 tv=0.3516 conf=1.6563 grad_norm=7.2112 tensors_with_grad=69/72
[train] step 314: T=582 positions=16 loss=0.2828 ce=0.6846 tv=0.2017 conf=0.7582 grad_norm=2.7544 tensors_with_grad=69/72
[train] step 315: T=615 positions=16 loss=1.0377 ce=2.1658 tv=0.3599 conf=1.2736 grad_norm=5.1134 tensors_with_grad=69/72
[train] step 316: T=534 positions=16 loss=0.7358 ce=1.4484 tv=0.3386 conf=1.4711 grad_norm=4.9736 tensors_with_grad=69/72
[train] step 317: T=542 positions=16 loss=0.5316 ce=1.0758 tv=0.2562 conf=1.1337 grad_norm=6.4700 tensors_with_grad=69/72
[train] step 318: T=626 positions=16 loss=0.5031 ce=1.0712 tv=0.2583 conf=1.2993 grad_norm=3.4170 tensors_with_grad=69/72
[train] step 319: T=525 positions=16 loss=0.8247 ce=1.7097 tv=0.3814 conf=1.2440 grad_norm=4.6060 tensors_with_grad=69/72
[train] step 320: T=627 positions=16 loss=0.1132 ce=0.4132 tv=0.2001 conf=2.6431 grad_norm=1.5397 tensors_with_grad=69/72
[train] step 321: T=641 positions=16 loss=0.6362 ce=1.4483 tv=0.2608 conf=0.8502 grad_norm=3.6978 tensors_with_grad=69/72
[train] step 322: T=605 positions=16 loss=0.4364 ce=0.8610 tv=0.2429 conf=1.2330 grad_norm=4.1382 tensors_with_grad=69/72
[train] step 323: T=532 positions=16 loss=0.6650 ce=1.2511 tv=0.2261 conf=1.0201 grad_norm=2.5941 tensors_with_grad=69/72
[train] step 324: T=526 positions=16 loss=1.1666 ce=2.4296 tv=0.4674 conf=1.5140 grad_norm=3.6788 tensors_with_grad=69/72
[train] step 325: T=545 positions=16 loss=0.2639 ce=0.6543 tv=0.1775 conf=1.0980 grad_norm=3.5401 tensors_with_grad=69/72
[train] step 326: T=561 positions=16 loss=0.8373 ce=2.0574 tv=0.3133 conf=1.9971 grad_norm=3.0085 tensors_with_grad=69/72
[train] step 327: T=540 positions=16 loss=0.5755 ce=1.1283 tv=0.2589 conf=1.1432 grad_norm=5.2935 tensors_with_grad=69/72
[train] step 328: T=1025 positions=16 loss=1.5845 ce=3.4323 tv=0.5065 conf=2.4277 grad_norm=4.5400 tensors_with_grad=69/72
[train] step 329: T=1316 positions=16 loss=1.5212 ce=2.8896 tv=0.3993 conf=1.0702 grad_norm=3.8167 tensors_with_grad=69/72
[train] step 330: T=593 positions=16 loss=1.2507 ce=3.3394 tv=0.4726 conf=2.5154 grad_norm=5.4102 tensors_with_grad=69/72
[train] step 331: T=1364 positions=16 loss=2.1246 ce=3.9585 tv=0.5092 conf=0.7223 grad_norm=4.4275 tensors_with_grad=69/72
[train] step 332: T=563 positions=16 loss=1.1457 ce=2.1055 tv=0.3327 conf=1.7710 grad_norm=4.4515 tensors_with_grad=69/72
[train] step 333: T=621 positions=16 loss=0.8300 ce=2.1532 tv=0.3609 conf=1.4921 grad_norm=4.2641 tensors_with_grad=69/72
[train] step 334: T=1798 positions=16 loss=1.3643 ce=2.9073 tv=0.4264 conf=2.7505 grad_norm=5.1638 tensors_with_grad=69/72
[train] step 335: T=565 positions=16 loss=1.2756 ce=2.1404 tv=0.4389 conf=1.5761 grad_norm=10.3327 tensors_with_grad=69/72
[train] step 336: T=592 positions=16 loss=0.4956 ce=1.0530 tv=0.2787 conf=1.0716 grad_norm=5.1788 tensors_with_grad=69/72
[train] step 337: T=559 positions=16 loss=0.2655 ce=0.6449 tv=0.1327 conf=0.8447 grad_norm=1.7495 tensors_with_grad=69/72
[train] step 338: T=538 positions=16 loss=0.0710 ce=0.2342 tv=0.0690 conf=0.1931 grad_norm=1.1755 tensors_with_grad=69/72
[train] step 339: T=554 positions=16 loss=0.9387 ce=1.9527 tv=0.3440 conf=1.5203 grad_norm=5.2669 tensors_with_grad=69/72
[train] step 340: T=577 positions=16 loss=1.3423 ce=2.8558 tv=0.5045 conf=1.8068 grad_norm=4.4444 tensors_with_grad=69/72
[train] step 341: T=630 positions=16 loss=0.2050 ce=0.6491 tv=0.1471 conf=0.7631 grad_norm=2.6085 tensors_with_grad=69/72
[train] step 342: T=672 positions=16 loss=1.0268 ce=1.9315 tv=0.3760 conf=0.8413 grad_norm=6.5031 tensors_with_grad=69/72
[train] step 343: T=536 positions=16 loss=0.2371 ce=0.5824 tv=0.1443 conf=0.8917 grad_norm=2.7796 tensors_with_grad=69/72
[train] step 344: T=528 positions=16 loss=0.4407 ce=1.1897 tv=0.2259 conf=1.4308 grad_norm=1.7646 tensors_with_grad=69/72
[train] step 345: T=547 positions=16 loss=0.8303 ce=1.4734 tv=0.3213 conf=0.7703 grad_norm=5.0332 tensors_with_grad=69/72
[train] step 346: T=639 positions=16 loss=0.2905 ce=0.6092 tv=0.1675 conf=0.6987 grad_norm=2.7471 tensors_with_grad=69/72
[train] step 347: T=602 positions=16 loss=0.5009 ce=1.5235 tv=0.2482 conf=1.1613 grad_norm=5.2990 tensors_with_grad=69/72
[train] step 348: T=665 positions=16 loss=0.1867 ce=0.5681 tv=0.1411 conf=0.7993 grad_norm=1.0573 tensors_with_grad=69/72
[train] step 349: T=600 positions=16 loss=1.2269 ce=2.4026 tv=0.4308 conf=1.7988 grad_norm=21.1490 tensors_with_grad=69/72
[train] step 350: T=1649 positions=16 loss=2.3227 ce=4.4298 tv=0.5433 conf=1.5979 grad_norm=8.0126 tensors_with_grad=69/72
[train] step 351: T=1232 positions=16 loss=1.4646 ce=2.8687 tv=0.5455 conf=2.2407 grad_norm=4.6580 tensors_with_grad=69/72
[train] step 352: T=528 positions=16 loss=1.1363 ce=1.7915 tv=0.4290 conf=0.8013 grad_norm=6.2970 tensors_with_grad=69/72
[train] step 353: T=1067 positions=16 loss=1.5490 ce=3.2799 tv=0.5193 conf=1.8942 grad_norm=6.1244 tensors_with_grad=69/72
[train] step 354: T=524 positions=16 loss=1.6160 ce=3.2057 tv=0.4929 conf=1.3575 grad_norm=5.5825 tensors_with_grad=69/72
[train] step 355: T=634 positions=16 loss=0.3533 ce=1.0629 tv=0.3051 conf=1.9123 grad_norm=2.5582 tensors_with_grad=69/72
[train] step 356: T=593 positions=16 loss=0.3581 ce=1.1633 tv=0.2405 conf=1.6940 grad_norm=5.5319 tensors_with_grad=69/72
[train] step 357: T=524 positions=16 loss=0.8702 ce=1.7097 tv=0.4215 conf=1.7665 grad_norm=6.1823 tensors_with_grad=69/72
[train] step 358: T=574 positions=16 loss=0.5453 ce=1.3374 tv=0.2947 conf=1.2850 grad_norm=4.7909 tensors_with_grad=69/72
[train] step 359: T=602 positions=16 loss=0.5617 ce=1.0229 tv=0.2903 conf=1.2141 grad_norm=3.6509 tensors_with_grad=69/72
[train] step 360: T=573 positions=16 loss=0.3335 ce=0.8109 tv=0.1498 conf=0.5385 grad_norm=4.8344 tensors_with_grad=69/72
[train] step 361: T=677 positions=16 loss=0.9397 ce=1.7249 tv=0.3469 conf=1.5411 grad_norm=6.0251 tensors_with_grad=69/72
[train] step 362: T=568 positions=16 loss=1.5604 ce=2.9228 tv=0.5531 conf=1.9732 grad_norm=5.7181 tensors_with_grad=69/72
[train] step 363: T=961 positions=16 loss=0.9772 ce=2.2465 tv=0.4037 conf=2.3990 grad_norm=7.1676 tensors_with_grad=69/72
[train] step 364: T=569 positions=16 loss=1.0915 ce=2.2746 tv=0.4485 conf=1.5992 grad_norm=6.0232 tensors_with_grad=69/72
[train] step 365: T=533 positions=16 loss=0.6718 ce=1.4939 tv=0.3370 conf=2.3880 grad_norm=6.0295 tensors_with_grad=69/72
[train] step 366: T=539 positions=16 loss=0.6678 ce=1.3795 tv=0.3632 conf=1.2731 grad_norm=4.0234 tensors_with_grad=69/72
[train] step 367: T=562 positions=16 loss=0.4925 ce=1.1092 tv=0.2304 conf=0.8777 grad_norm=3.3083 tensors_with_grad=69/72
[train] step 368: T=531 positions=16 loss=0.4402 ce=0.8449 tv=0.1618 conf=0.3288 grad_norm=1.8505 tensors_with_grad=69/72
[train] step 369: T=539 positions=16 loss=1.0423 ce=2.4217 tv=0.4034 conf=1.1065 grad_norm=11.2615 tensors_with_grad=69/72
[train] step 370: T=618 positions=16 loss=0.7586 ce=1.6378 tv=0.3209 conf=1.4438 grad_norm=5.6872 tensors_with_grad=69/72
[train] step 371: T=535 positions=16 loss=0.0963 ce=0.2967 tv=0.0871 conf=0.3356 grad_norm=1.0462 tensors_with_grad=69/72
[train] step 372: T=675 positions=16 loss=1.2331 ce=2.4106 tv=0.4747 conf=1.8247 grad_norm=6.1229 tensors_with_grad=69/72
[train] step 373: T=606 positions=16 loss=0.1028 ce=0.4220 tv=0.0942 conf=0.5296 grad_norm=2.5382 tensors_with_grad=69/72
[train] step 374: T=529 positions=16 loss=1.0089 ce=1.8659 tv=0.3920 conf=1.1369 grad_norm=6.6463 tensors_with_grad=69/72
[train] step 375: T=529 positions=16 loss=1.7105 ce=3.3712 tv=0.5936 conf=2.0235 grad_norm=4.7040 tensors_with_grad=69/72
[train] step 376: T=530 positions=16 loss=1.1080 ce=1.9389 tv=0.4265 conf=1.3093 grad_norm=3.3123 tensors_with_grad=69/72
[train] step 377: T=1003 positions=16 loss=1.0428 ce=2.1655 tv=0.3248 conf=0.9362 grad_norm=3.7884 tensors_with_grad=69/72
[train] step 378: T=551 positions=16 loss=0.6106 ce=2.1001 tv=0.2847 conf=1.4686 grad_norm=3.4455 tensors_with_grad=69/72
[train] step 379: T=810 positions=16 loss=0.8314 ce=1.7587 tv=0.2681 conf=1.1002 grad_norm=3.6669 tensors_with_grad=69/72
[train] step 380: T=533 positions=16 loss=0.3683 ce=0.7835 tv=0.2168 conf=1.4834 grad_norm=3.6013 tensors_with_grad=69/72
[train] step 381: T=672 positions=16 loss=1.0989 ce=2.2009 tv=0.4867 conf=1.6681 grad_norm=6.6155 tensors_with_grad=69/72
[train] step 382: T=1041 positions=16 loss=1.7203 ce=3.7921 tv=0.4085 conf=1.5047 grad_norm=7.8016 tensors_with_grad=69/72
[train] step 383: T=599 positions=16 loss=0.6671 ce=1.1197 tv=0.2829 conf=1.3447 grad_norm=4.1771 tensors_with_grad=69/72
[train] step 384: T=678 positions=16 loss=0.2073 ce=0.6144 tv=0.1987 conf=1.2019 grad_norm=3.2997 tensors_with_grad=69/72
[train] step 385: T=672 positions=16 loss=1.2202 ce=2.4488 tv=0.4425 conf=1.7418 grad_norm=9.8464 tensors_with_grad=69/72
[train] step 386: T=570 positions=16 loss=1.6472 ce=3.0511 tv=0.5374 conf=1.4149 grad_norm=10.0051 tensors_with_grad=69/72
[train] step 387: T=1218 positions=16 loss=1.8635 ce=4.1597 tv=0.5410 conf=2.4606 grad_norm=7.3812 tensors_with_grad=69/72
[train] step 388: T=529 positions=16 loss=0.5117 ce=1.0827 tv=0.2619 conf=0.5147 grad_norm=4.2628 tensors_with_grad=69/72
[train] step 389: T=532 positions=16 loss=0.4735 ce=1.1689 tv=0.2788 conf=1.4653 grad_norm=3.6865 tensors_with_grad=69/72
[train] step 390: T=541 positions=16 loss=0.3100 ce=0.8532 tv=0.1671 conf=0.5510 grad_norm=2.0096 tensors_with_grad=69/72
[train] step 391: T=531 positions=16 loss=0.6849 ce=1.3118 tv=0.2929 conf=1.1322 grad_norm=5.5152 tensors_with_grad=69/72
[train] step 392: T=630 positions=16 loss=0.5717 ce=1.2575 tv=0.1950 conf=0.9590 grad_norm=2.7702 tensors_with_grad=69/72
[train] step 393: T=1225 positions=16 loss=1.7081 ce=3.4335 tv=0.4945 conf=2.3505 grad_norm=4.4577 tensors_with_grad=69/72
[train] step 394: T=622 positions=16 loss=1.1042 ce=1.8115 tv=0.3671 conf=0.8849 grad_norm=6.4875 tensors_with_grad=69/72
[train] step 395: T=950 positions=16 loss=1.1355 ce=2.2418 tv=0.3888 conf=1.7949 grad_norm=5.2311 tensors_with_grad=69/72
[train] step 396: T=537 positions=16 loss=0.2127 ce=0.6061 tv=0.0961 conf=0.2575 grad_norm=1.3007 tensors_with_grad=69/72
[train] step 397: T=616 positions=16 loss=0.1992 ce=0.4489 tv=0.1258 conf=0.6066 grad_norm=2.2204 tensors_with_grad=69/72
[train] step 398: T=532 positions=16 loss=0.0716 ce=0.2511 tv=0.1024 conf=1.1628 grad_norm=1.1793 tensors_with_grad=69/72
[train] step 399: T=587 positions=16 loss=0.2157 ce=0.5198 tv=0.1639 conf=0.9746 grad_norm=2.0632 tensors_with_grad=69/72
[train] step 400: T=611 positions=16 loss=0.9582 ce=2.1457 tv=0.3538 conf=1.7068 grad_norm=5.1747 tensors_with_grad=69/72
[train] step 401: T=534 positions=16 loss=0.3158 ce=0.6558 tv=0.1732 conf=0.4386 grad_norm=4.2738 tensors_with_grad=69/72
[train] step 402: T=532 positions=16 loss=0.0649 ce=0.1998 tv=0.0981 conf=0.5280 grad_norm=0.6263 tensors_with_grad=69/72
[train] step 403: T=525 positions=16 loss=0.5516 ce=1.3258 tv=0.2184 conf=1.5953 grad_norm=3.1999 tensors_with_grad=69/72
[train] step 404: T=628 positions=16 loss=0.6798 ce=1.6304 tv=0.3197 conf=1.6689 grad_norm=3.0193 tensors_with_grad=69/72
[train] step 405: T=940 positions=16 loss=1.4376 ce=3.1795 tv=0.4217 conf=1.9358 grad_norm=6.7460 tensors_with_grad=69/72
[train] step 406: T=672 positions=16 loss=0.3924 ce=1.0329 tv=0.2570 conf=0.9047 grad_norm=3.7690 tensors_with_grad=69/72
[train] step 407: T=642 positions=16 loss=1.2350 ce=2.4432 tv=0.4471 conf=2.2915 grad_norm=3.9127 tensors_with_grad=69/72
[train] step 408: T=673 positions=16 loss=0.7924 ce=1.7156 tv=0.4362 conf=2.4347 grad_norm=5.0709 tensors_with_grad=69/72
[train] step 409: T=532 positions=16 loss=0.6136 ce=1.3186 tv=0.2667 conf=1.4349 grad_norm=3.1071 tensors_with_grad=69/72
[train] step 410: T=528 positions=16 loss=1.2450 ce=2.5264 tv=0.4764 conf=1.8071 grad_norm=7.8670 tensors_with_grad=69/72
[train] step 411: T=585 positions=16 loss=0.8715 ce=1.7891 tv=0.3881 conf=1.1760 grad_norm=3.6740 tensors_with_grad=69/72
[train] step 412: T=544 positions=16 loss=0.1774 ce=0.5117 tv=0.1389 conf=0.8764 grad_norm=2.5571 tensors_with_grad=69/72
[train] step 413: T=544 positions=16 loss=0.1751 ce=0.5399 tv=0.1643 conf=0.8775 grad_norm=1.5991 tensors_with_grad=69/72
[train] step 414: T=674 positions=16 loss=1.0024 ce=2.1361 tv=0.4102 conf=1.3720 grad_norm=6.1640 tensors_with_grad=69/72
[train] step 415: T=558 positions=16 loss=0.2955 ce=0.7047 tv=0.2150 conf=1.4197 grad_norm=3.6637 tensors_with_grad=69/72
[train] step 416: T=596 positions=16 loss=0.5011 ce=0.9762 tv=0.2948 conf=1.8548 grad_norm=4.6654 tensors_with_grad=69/72
[train] step 417: T=644 positions=16 loss=0.7950 ce=1.5582 tv=0.4137 conf=1.7407 grad_norm=4.7531 tensors_with_grad=69/72
[train] step 418: T=676 positions=16 loss=0.5861 ce=1.2999 tv=0.2914 conf=1.2970 grad_norm=7.7291 tensors_with_grad=69/72
[train] step 419: T=643 positions=16 loss=0.7493 ce=1.5911 tv=0.3982 conf=1.7139 grad_norm=3.3407 tensors_with_grad=69/72
[train] step 420: T=526 positions=16 loss=0.3354 ce=0.4995 tv=0.1161 conf=0.2225 grad_norm=2.4624 tensors_with_grad=69/72
[train] step 421: T=540 positions=16 loss=0.1995 ce=0.3667 tv=0.1033 conf=0.6838 grad_norm=1.5060 tensors_with_grad=69/72
[train] step 422: T=665 positions=16 loss=1.3328 ce=2.7339 tv=0.4671 conf=1.8967 grad_norm=6.4000 tensors_with_grad=69/72
[train] step 423: T=530 positions=16 loss=0.9664 ce=1.8343 tv=0.3605 conf=2.7378 grad_norm=5.8444 tensors_with_grad=69/72
[train] step 424: T=526 positions=16 loss=0.9224 ce=2.0555 tv=0.2991 conf=0.7093 grad_norm=7.6820 tensors_with_grad=69/72
[train] step 425: T=539 positions=16 loss=0.2180 ce=0.6866 tv=0.1790 conf=0.7525 grad_norm=2.0113 tensors_with_grad=69/72
[train] step 426: T=548 positions=16 loss=0.7695 ce=2.0431 tv=0.3533 conf=1.3905 grad_norm=5.3975 tensors_with_grad=69/72
[train] step 427: T=545 positions=16 loss=0.6443 ce=1.8671 tv=0.2257 conf=0.7783 grad_norm=3.0471 tensors_with_grad=69/72
[train] step 428: T=889 positions=16 loss=1.6326 ce=3.2122 tv=0.4893 conf=0.9695 grad_norm=6.1084 tensors_with_grad=69/72
[train] step 429: T=673 positions=16 loss=0.8337 ce=1.7447 tv=0.3101 conf=0.7486 grad_norm=3.7417 tensors_with_grad=69/72
[train] step 430: T=597 positions=16 loss=0.1256 ce=0.3574 tv=0.1405 conf=0.6960 grad_norm=3.5755 tensors_with_grad=69/72
[train] step 431: T=601 positions=16 loss=0.5431 ce=1.6848 tv=0.2683 conf=1.1579 grad_norm=4.0176 tensors_with_grad=69/72
[train] step 432: T=525 positions=16 loss=0.9775 ce=2.2928 tv=0.4751 conf=2.0397 grad_norm=3.9056 tensors_with_grad=69/72
[train] step 433: T=541 positions=16 loss=0.1921 ce=0.3598 tv=0.1341 conf=0.6248 grad_norm=3.4789 tensors_with_grad=69/72
[train] step 434: T=561 positions=16 loss=0.4289 ce=0.9798 tv=0.2373 conf=1.2515 grad_norm=2.4226 tensors_with_grad=69/72
[train] step 435: T=556 positions=16 loss=0.4562 ce=1.3267 tv=0.1938 conf=0.6521 grad_norm=3.2559 tensors_with_grad=69/72
[train] step 436: T=541 positions=16 loss=0.1580 ce=0.4200 tv=0.1363 conf=0.6513 grad_norm=2.0976 tensors_with_grad=69/72
[train] step 437: T=582 positions=16 loss=1.3340 ce=2.2366 tv=0.4134 conf=1.0289 grad_norm=7.2905 tensors_with_grad=69/72
[train] step 438: T=543 positions=16 loss=0.7241 ce=1.8190 tv=0.2803 conf=0.9936 grad_norm=3.8923 tensors_with_grad=69/72
[train] step 439: T=636 positions=16 loss=0.5833 ce=1.1751 tv=0.3529 conf=1.2148 grad_norm=2.9634 tensors_with_grad=69/72
[train] step 440: T=530 positions=16 loss=0.9171 ce=1.8982 tv=0.4377 conf=1.9963 grad_norm=2.8334 tensors_with_grad=69/72
[train] step 441: T=581 positions=16 loss=0.7504 ce=1.2721 tv=0.3446 conf=1.4143 grad_norm=4.7092 tensors_with_grad=69/72
[train] step 442: T=569 positions=16 loss=0.6080 ce=1.3410 tv=0.2597 conf=0.6765 grad_norm=4.7279 tensors_with_grad=69/72
[train] step 443: T=573 positions=16 loss=0.8543 ce=1.6088 tv=0.2814 conf=1.7253 grad_norm=3.6833 tensors_with_grad=69/72
[train] step 444: T=543 positions=16 loss=1.1642 ce=2.7697 tv=0.4291 conf=1.9817 grad_norm=7.4516 tensors_with_grad=69/72
[train] step 445: T=546 positions=16 loss=0.2837 ce=0.7035 tv=0.1355 conf=0.8705 grad_norm=3.9566 tensors_with_grad=69/72
[train] step 446: T=672 positions=16 loss=1.2171 ce=2.3901 tv=0.5351 conf=2.2318 grad_norm=4.4033 tensors_with_grad=69/72
[train] step 447: T=604 positions=16 loss=1.3612 ce=3.2449 tv=0.4482 conf=1.1299 grad_norm=8.9210 tensors_with_grad=69/72
[train] step 448: T=622 positions=16 loss=0.8579 ce=1.5620 tv=0.3137 conf=1.0837 grad_norm=4.2364 tensors_with_grad=69/72
[train] step 449: T=542 positions=16 loss=0.6083 ce=2.1173 tv=0.3157 conf=0.9493 grad_norm=5.4960 tensors_with_grad=69/72
[train] step 450: T=539 positions=16 loss=0.2959 ce=0.6195 tv=0.1999 conf=2.4656 grad_norm=3.2308 tensors_with_grad=69/72
[train] step 451: T=636 positions=16 loss=0.3672 ce=1.0350 tv=0.2713 conf=1.4936 grad_norm=4.2044 tensors_with_grad=69/72
[train] step 452: T=587 positions=16 loss=0.2003 ce=0.8054 tv=0.1122 conf=0.7988 grad_norm=1.1052 tensors_with_grad=69/72
[train] step 453: T=633 positions=16 loss=0.7598 ce=1.5716 tv=0.3330 conf=1.9225 grad_norm=5.8260 tensors_with_grad=69/72
[train] step 454: T=536 positions=16 loss=0.1302 ce=0.4455 tv=0.1015 conf=0.6162 grad_norm=1.5826 tensors_with_grad=69/72
[train] step 455: T=529 positions=16 loss=0.4096 ce=0.9267 tv=0.2134 conf=2.0474 grad_norm=3.5462 tensors_with_grad=69/72
[train] step 456: T=580 positions=16 loss=0.0676 ce=0.4359 tv=0.1540 conf=1.0883 grad_norm=1.0389 tensors_with_grad=69/72
[train] step 457: T=1549 positions=16 loss=1.6098 ce=3.1750 tv=0.4549 conf=2.1753 grad_norm=6.0344 tensors_with_grad=69/72
[train] step 458: T=636 positions=16 loss=0.3815 ce=1.1156 tv=0.2746 conf=2.1123 grad_norm=6.1579 tensors_with_grad=69/72
[train] step 459: T=899 positions=16 loss=0.9414 ce=1.7989 tv=0.2698 conf=1.0027 grad_norm=2.6827 tensors_with_grad=69/72
[train] step 460: T=611 positions=16 loss=0.1053 ce=0.3992 tv=0.1067 conf=0.6125 grad_norm=1.7788 tensors_with_grad=69/72
[train] step 461: T=533 positions=16 loss=0.4097 ce=0.7973 tv=0.1848 conf=0.8248 grad_norm=2.7628 tensors_with_grad=69/72
[train] step 462: T=567 positions=16 loss=1.1303 ce=2.4506 tv=0.4146 conf=1.9383 grad_norm=5.0033 tensors_with_grad=69/72
[train] step 463: T=539 positions=16 loss=0.1301 ce=0.2758 tv=0.0819 conf=0.4459 grad_norm=0.9340 tensors_with_grad=69/72
[train] step 464: T=539 positions=16 loss=0.0779 ce=0.2362 tv=0.0922 conf=0.5376 grad_norm=1.4762 tensors_with_grad=69/72
[train] step 465: T=663 positions=16 loss=0.6118 ce=1.0925 tv=0.2678 conf=1.2406 grad_norm=6.2116 tensors_with_grad=69/72
[train] step 466: T=601 positions=16 loss=0.6698 ce=1.5898 tv=0.3054 conf=1.1926 grad_norm=3.0549 tensors_with_grad=69/72
[train] step 467: T=532 positions=16 loss=0.3888 ce=0.6976 tv=0.1521 conf=0.3372 grad_norm=3.6289 tensors_with_grad=69/72
[train] step 468: T=575 positions=16 loss=0.8145 ce=1.6848 tv=0.4027 conf=1.4477 grad_norm=3.2427 tensors_with_grad=69/72
[train] step 469: T=542 positions=16 loss=0.2115 ce=0.5275 tv=0.1687 conf=1.1679 grad_norm=3.1978 tensors_with_grad=69/72
[train] step 470: T=1125 positions=16 loss=0.8629 ce=1.9973 tv=0.3263 conf=2.5345 grad_norm=4.7360 tensors_with_grad=69/72
[train] step 471: T=586 positions=16 loss=0.6383 ce=1.9478 tv=0.3329 conf=1.2726 grad_norm=3.9801 tensors_with_grad=69/72
[train] step 472: T=576 positions=16 loss=0.2920 ce=0.7335 tv=0.2084 conf=0.9462 grad_norm=3.3208 tensors_with_grad=69/72
[train] step 473: T=534 positions=16 loss=0.3541 ce=0.7945 tv=0.2347 conf=1.9092 grad_norm=3.1194 tensors_with_grad=69/72
[train] step 474: T=535 positions=16 loss=0.5877 ce=1.4310 tv=0.2565 conf=0.8166 grad_norm=3.6227 tensors_with_grad=69/72
[train] step 475: T=663 positions=16 loss=1.0560 ce=1.8553 tv=0.4769 conf=1.8752 grad_norm=5.0971 tensors_with_grad=69/72
[train] step 476: T=593 positions=16 loss=1.0582 ce=2.4923 tv=0.3224 conf=1.3396 grad_norm=9.3805 tensors_with_grad=69/72
[train] step 477: T=672 positions=16 loss=1.5960 ce=2.9691 tv=0.5094 conf=1.5055 grad_norm=6.3699 tensors_with_grad=69/72
[train] step 478: T=572 positions=16 loss=1.3010 ce=2.3092 tv=0.4199 conf=1.3394 grad_norm=6.5829 tensors_with_grad=69/72
[train] step 479: T=672 positions=16 loss=1.0451 ce=1.8365 tv=0.4119 conf=1.6288 grad_norm=4.7596 tensors_with_grad=69/72
[train] step 480: T=557 positions=16 loss=0.4033 ce=0.7933 tv=0.1837 conf=0.9969 grad_norm=4.0837 tensors_with_grad=69/72
[train] step 481: T=676 positions=16 loss=1.0157 ce=2.0944 tv=0.3912 conf=1.4250 grad_norm=3.3656 tensors_with_grad=69/72
[train] step 482: T=676 positions=16 loss=1.1945 ce=2.2125 tv=0.4437 conf=1.4466 grad_norm=3.1786 tensors_with_grad=69/72
[train] step 483: T=526 positions=16 loss=1.2984 ce=2.1660 tv=0.4908 conf=1.4197 grad_norm=9.2246 tensors_with_grad=69/72
[train] step 484: T=585 positions=16 loss=0.7693 ce=1.2551 tv=0.2468 conf=0.8600 grad_norm=5.2337 tensors_with_grad=69/72
[train] step 485: T=542 positions=16 loss=0.4246 ce=1.0532 tv=0.2950 conf=0.8385 grad_norm=3.7571 tensors_with_grad=69/72
[train] step 486: T=572 positions=16 loss=0.7214 ce=1.3848 tv=0.2607 conf=1.1159 grad_norm=7.0565 tensors_with_grad=69/72
[train] step 487: T=567 positions=16 loss=1.2075 ce=2.4122 tv=0.4366 conf=1.6573 grad_norm=6.8515 tensors_with_grad=69/72
[train] step 488: T=591 positions=16 loss=0.4025 ce=1.5194 tv=0.2602 conf=2.0704 grad_norm=6.1453 tensors_with_grad=69/72
[train] step 489: T=536 positions=16 loss=0.0374 ce=0.0966 tv=0.0293 conf=0.1984 grad_norm=0.4585 tensors_with_grad=69/72
[diag] draft-argmax == TARGET-argmax : 68.0%  | == ground-truth token: 67.1%
[diag] mean top-1 prob  target 0.840  draft 0.745   (TV near 1 with a PEAKED draft => misalignment; with a FLAT draft => genuine)
[train] saved 72 trained tensors -> /cap/s3recap-p25-b0.1/c2/trained/mtp_trained.safetensors
[train] saved AdamW state -> /cap/s3recap-p25-b0.1/c2/trained/opt_state.pt (needed for --resume to be equivalent to one continuous run)
[train] metrics -> /cap/s3recap-p25-b0.1/c2/train_metrics.json  (loss 0.5722 -> 0.0374, tail mean 0.6874)
[train] TRAIN OK
