[train] device=cuda torch=2.10.0
  loading model-00046-of-00048.safetensors ...
  loading model-00047-of-00048.safetensors ...
  loading model-00048-of-00048.safetensors ...
  dequantised 1512 tensors, 12.60 B params, 23.5 GiB bf16
[train] weights ready in 10.0s
[train] trainable 517.3 M in 72 tensors | frozen experts 12.08 B
[train] capture: 491 sample(s)
[Gloo] Rank 0 is connected to 0 peer ranks. Expected number of connected peer ranks is : 0
[train] ModelArgs: n_mtp=3 block=5 taps=[40, 41, 42] markov_rank=256
[train] built 3 DSparkBlock(s) on meta
[train] re-materialised freqs_cis on 3 attention module(s) (persistent=False buffers are NOT in state_dict and to_empty() zapped them)
[train] load_state_dict: 0 missing, 0 unexpected
[train] GATE1 model construction OK
[train] aux: embed.weight(129280, 4096), head.weight(129280, 4096)
[train] trainable tensors in graph: 72 / 517.3 M
[train] resumed 72/72 trained tensors from /cap/s3recap-p25-b0.5/c0/trained/mtp_trained.safetensors
[train] resumed AdamW state: 69/72 tensors carry moments (3 never received a gradient, expected), indices aligned
[train] P2.5 anchor: frozen copy of 3 block(s), beta=0.5
[train] lr schedule: linear warmup 73 step(s) -> cosine over 1472 session step(s), peak 5e-05; this chunk is steps 491..981
/work/train/train_head.py:115: UserWarning: Converting a tensor with requires_grad=True to a scalar may lead to unexpected behavior.
Consider using tensor.detach() first. (Triggered internally at /opt/pytorch/torch/csrc/autograd/generated/python_variable_methods.cpp:836.)
  parts = {"ce": float((w * ce).sum()), "tv": float((w * tv).sum()), "conf": 0.0}
[train] step 0: T=675 positions=16 loss=0.8671 ce=1.8800 tv=0.4723 conf=0.8409 grad_norm=5.2041 tensors_with_grad=69/72
[train] step 1: T=593 positions=16 loss=0.2999 ce=0.8253 tv=0.1815 conf=0.2972 grad_norm=4.4227 tensors_with_grad=69/72
[train] step 2: T=984 positions=16 loss=1.4296 ce=3.5842 tv=0.4334 conf=0.7166 grad_norm=5.5593 tensors_with_grad=69/72
[train] step 3: T=672 positions=16 loss=0.6587 ce=1.8529 tv=0.3740 conf=0.9197 grad_norm=5.1447 tensors_with_grad=69/72
[train] step 4: T=675 positions=16 loss=0.8775 ce=2.0134 tv=0.3741 conf=0.7271 grad_norm=5.1456 tensors_with_grad=69/72
[train] step 5: T=1257 positions=16 loss=1.6143 ce=4.2758 tv=0.4872 conf=0.4838 grad_norm=5.0118 tensors_with_grad=69/72
[train] step 6: T=673 positions=16 loss=1.5507 ce=3.3964 tv=0.6186 conf=0.5892 grad_norm=5.4490 tensors_with_grad=69/72
[train] step 7: T=535 positions=16 loss=0.4995 ce=1.3032 tv=0.2683 conf=0.5614 grad_norm=4.8218 tensors_with_grad=69/72
[train] step 8: T=608 positions=16 loss=0.8830 ce=2.1858 tv=0.4509 conf=0.8684 grad_norm=2.3313 tensors_with_grad=69/72
[train] step 9: T=524 positions=16 loss=1.6690 ce=3.6269 tv=0.6669 conf=0.6244 grad_norm=6.3269 tensors_with_grad=69/72
[train] step 10: T=629 positions=16 loss=0.7034 ce=1.8150 tv=0.4572 conf=0.8503 grad_norm=4.3915 tensors_with_grad=69/72
[train] step 11: T=533 positions=16 loss=0.9797 ce=2.4341 tv=0.5282 conf=1.3250 grad_norm=9.2885 tensors_with_grad=69/72
[train] step 12: T=524 positions=16 loss=1.0865 ce=2.9128 tv=0.5931 conf=1.0038 grad_norm=5.0180 tensors_with_grad=69/72
[train] step 13: T=672 positions=16 loss=1.0123 ce=2.6792 tv=0.5449 conf=0.6361 grad_norm=5.3019 tensors_with_grad=69/72
[train] step 14: T=597 positions=16 loss=0.4182 ce=1.4112 tv=0.2959 conf=1.0594 grad_norm=2.0615 tensors_with_grad=69/72
[train] step 15: T=605 positions=16 loss=0.8588 ce=2.0966 tv=0.4972 conf=1.0184 grad_norm=4.9164 tensors_with_grad=69/72
[train] step 16: T=672 positions=16 loss=1.2565 ce=3.6084 tv=0.5864 conf=1.3891 grad_norm=3.6785 tensors_with_grad=69/72
[train] step 17: T=524 positions=16 loss=0.9916 ce=2.7126 tv=0.5319 conf=1.1324 grad_norm=4.2350 tensors_with_grad=69/72
[train] step 18: T=533 positions=16 loss=0.3475 ce=1.1106 tv=0.2458 conf=0.6778 grad_norm=2.8062 tensors_with_grad=69/72
[train] step 19: T=609 positions=16 loss=0.7573 ce=1.9403 tv=0.4611 conf=0.9529 grad_norm=2.8584 tensors_with_grad=69/72
[train] step 20: T=622 positions=16 loss=0.9141 ce=2.4123 tv=0.4439 conf=0.8929 grad_norm=2.6435 tensors_with_grad=69/72
[train] step 21: T=932 positions=16 loss=1.1563 ce=2.8255 tv=0.4777 conf=1.0566 grad_norm=6.0491 tensors_with_grad=69/72
[train] step 22: T=529 positions=16 loss=1.1633 ce=3.1055 tv=0.4694 conf=1.1461 grad_norm=5.7548 tensors_with_grad=69/72
[train] step 23: T=677 positions=16 loss=1.1406 ce=3.3154 tv=0.5504 conf=1.3079 grad_norm=4.5609 tensors_with_grad=69/72
[train] step 24: T=1210 positions=16 loss=1.6336 ce=4.7782 tv=0.5197 conf=0.8307 grad_norm=3.9391 tensors_with_grad=69/72
[train] step 25: T=533 positions=16 loss=0.3295 ce=1.0893 tv=0.2095 conf=0.7465 grad_norm=2.0991 tensors_with_grad=69/72
[train] step 26: T=618 positions=16 loss=0.7592 ce=2.5206 tv=0.4305 conf=1.1707 grad_norm=4.2639 tensors_with_grad=69/72
[train] step 27: T=530 positions=16 loss=0.9347 ce=2.3761 tv=0.4580 conf=0.9663 grad_norm=5.5780 tensors_with_grad=69/72
[train] step 28: T=527 positions=16 loss=0.7392 ce=2.1337 tv=0.4660 conf=1.2058 grad_norm=2.8469 tensors_with_grad=69/72
[train] step 29: T=924 positions=16 loss=1.0487 ce=2.7468 tv=0.4669 conf=1.7078 grad_norm=4.0716 tensors_with_grad=69/72
[train] step 30: T=550 positions=16 loss=1.1270 ce=3.0602 tv=0.5616 conf=1.2972 grad_norm=4.4118 tensors_with_grad=69/72
[train] step 31: T=653 positions=16 loss=1.2744 ce=3.6483 tv=0.5703 conf=2.0165 grad_norm=3.1162 tensors_with_grad=69/72
[train] step 32: T=659 positions=16 loss=0.9134 ce=2.4220 tv=0.4336 conf=0.5591 grad_norm=3.4847 tensors_with_grad=69/72
[train] step 33: T=535 positions=16 loss=0.5108 ce=1.7178 tv=0.3373 conf=1.2299 grad_norm=3.0096 tensors_with_grad=69/72
[train] step 34: T=675 positions=16 loss=0.9761 ce=2.5341 tv=0.5323 conf=1.0518 grad_norm=4.8536 tensors_with_grad=69/72
[train] step 35: T=624 positions=16 loss=0.4341 ce=1.5328 tv=0.3379 conf=1.5995 grad_norm=3.6380 tensors_with_grad=69/72
[train] step 36: T=634 positions=16 loss=0.8147 ce=2.7539 tv=0.4691 conf=1.0707 grad_norm=3.3546 tensors_with_grad=69/72
[train] step 37: T=547 positions=16 loss=0.7578 ce=2.1950 tv=0.4354 conf=1.4946 grad_norm=4.0851 tensors_with_grad=69/72
[train] step 38: T=536 positions=16 loss=0.7667 ce=2.0713 tv=0.3839 conf=1.6239 grad_norm=3.6091 tensors_with_grad=69/72
[train] step 39: T=672 positions=16 loss=0.2965 ce=1.0063 tv=0.2065 conf=0.5961 grad_norm=2.8352 tensors_with_grad=69/72
[train] step 40: T=673 positions=16 loss=0.3795 ce=1.4981 tv=0.3139 conf=1.4431 grad_norm=1.7661 tensors_with_grad=69/72
[train] step 41: T=574 positions=16 loss=1.3707 ce=3.8888 tv=0.5818 conf=0.8519 grad_norm=8.2694 tensors_with_grad=69/72
[train] step 42: T=673 positions=16 loss=0.9336 ce=2.3940 tv=0.5484 conf=1.2479 grad_norm=5.1790 tensors_with_grad=69/72
[train] step 43: T=1093 positions=16 loss=1.3446 ce=3.6335 tv=0.5135 conf=0.8290 grad_norm=6.7272 tensors_with_grad=69/72
[train] step 44: T=572 positions=16 loss=1.2134 ce=3.4253 tv=0.5551 conf=1.0898 grad_norm=4.1539 tensors_with_grad=69/72
[train] step 45: T=607 positions=16 loss=1.1334 ce=2.8901 tv=0.4432 conf=0.3838 grad_norm=7.5601 tensors_with_grad=69/72
[train] step 46: T=604 positions=16 loss=0.3880 ce=1.1608 tv=0.3154 conf=0.9926 grad_norm=3.7354 tensors_with_grad=69/72
[train] step 47: T=674 positions=16 loss=0.7264 ce=2.1691 tv=0.3470 conf=0.9022 grad_norm=2.7361 tensors_with_grad=69/72
[train] step 48: T=529 positions=16 loss=0.8253 ce=2.2011 tv=0.4679 conf=1.2163 grad_norm=3.7414 tensors_with_grad=69/72
[train] step 49: T=674 positions=16 loss=0.3453 ce=1.2802 tv=0.2488 conf=0.9927 grad_norm=2.9007 tensors_with_grad=69/72
[train] step 50: T=983 positions=16 loss=1.2625 ce=3.3092 tv=0.4494 conf=0.6589 grad_norm=5.1450 tensors_with_grad=69/72
[train] step 51: T=531 positions=16 loss=0.3661 ce=1.6477 tv=0.2632 conf=1.2605 grad_norm=2.4968 tensors_with_grad=69/72
[train] step 52: T=643 positions=16 loss=1.3099 ce=3.2078 tv=0.5803 conf=0.9523 grad_norm=9.4413 tensors_with_grad=69/72
[train] step 53: T=672 positions=16 loss=0.9200 ce=2.4413 tv=0.3835 conf=1.3736 grad_norm=10.7244 tensors_with_grad=69/72
[train] step 54: T=577 positions=16 loss=0.4584 ce=1.7604 tv=0.3567 conf=0.9458 grad_norm=3.5761 tensors_with_grad=69/72
[train] step 55: T=540 positions=16 loss=0.3338 ce=1.1891 tv=0.2711 conf=0.8525 grad_norm=3.1750 tensors_with_grad=69/72
[train] step 56: T=1793 positions=16 loss=1.4531 ce=3.6895 tv=0.5478 conf=1.2923 grad_norm=4.0967 tensors_with_grad=69/72
[train] step 57: T=1349 positions=16 loss=1.2702 ce=3.5944 tv=0.5389 conf=1.0809 grad_norm=6.8441 tensors_with_grad=69/72
[train] step 58: T=658 positions=16 loss=1.0585 ce=2.7443 tv=0.5141 conf=0.9345 grad_norm=4.1302 tensors_with_grad=69/72
[train] step 59: T=537 positions=16 loss=1.1312 ce=3.4647 tv=0.5102 conf=1.4732 grad_norm=5.5922 tensors_with_grad=69/72
[train] step 60: T=532 positions=16 loss=0.5894 ce=1.5639 tv=0.3626 conf=0.9538 grad_norm=7.0234 tensors_with_grad=69/72
[train] step 61: T=591 positions=16 loss=0.6650 ce=1.9268 tv=0.3180 conf=0.7200 grad_norm=3.5642 tensors_with_grad=69/72
[train] step 62: T=525 positions=16 loss=1.1656 ce=3.1333 tv=0.4950 conf=0.6738 grad_norm=4.1084 tensors_with_grad=69/72
[train] step 63: T=526 positions=16 loss=0.5617 ce=1.5538 tv=0.3709 conf=1.0243 grad_norm=3.6012 tensors_with_grad=69/72
[train] step 64: T=588 positions=16 loss=0.2710 ce=1.0021 tv=0.1652 conf=0.5136 grad_norm=2.9284 tensors_with_grad=69/72
[train] step 65: T=605 positions=16 loss=0.4888 ce=1.6723 tv=0.1788 conf=0.5725 grad_norm=4.0116 tensors_with_grad=69/72
[train] step 66: T=532 positions=16 loss=0.4299 ce=0.9665 tv=0.2803 conf=1.3742 grad_norm=2.7540 tensors_with_grad=69/72
[train] step 67: T=980 positions=16 loss=1.4432 ce=3.3059 tv=0.5571 conf=1.1042 grad_norm=6.1948 tensors_with_grad=69/72
[train] step 68: T=533 positions=16 loss=1.4354 ce=3.4655 tv=0.5790 conf=0.7334 grad_norm=6.0016 tensors_with_grad=69/72
[train] step 69: T=563 positions=16 loss=0.4749 ce=1.2019 tv=0.2346 conf=0.6691 grad_norm=3.7136 tensors_with_grad=69/72
[train] step 70: T=532 positions=16 loss=0.6760 ce=1.7396 tv=0.3005 conf=0.9413 grad_norm=4.7132 tensors_with_grad=69/72
[train] step 71: T=584 positions=16 loss=0.8831 ce=2.2955 tv=0.4465 conf=1.4865 grad_norm=2.4624 tensors_with_grad=69/72
[train] step 72: T=534 positions=16 loss=0.7266 ce=2.6681 tv=0.3181 conf=0.7084 grad_norm=4.5409 tensors_with_grad=69/72
[train] step 73: T=528 positions=16 loss=0.8550 ce=2.3938 tv=0.5090 conf=1.1595 grad_norm=4.1255 tensors_with_grad=69/72
[train] step 74: T=539 positions=16 loss=0.2802 ce=0.8937 tv=0.2441 conf=0.9473 grad_norm=2.9731 tensors_with_grad=69/72
[train] step 75: T=650 positions=16 loss=0.1944 ce=0.8168 tv=0.1383 conf=0.6882 grad_norm=1.3704 tensors_with_grad=69/72
[train] step 76: T=550 positions=16 loss=0.5787 ce=1.6601 tv=0.3469 conf=1.1884 grad_norm=2.6075 tensors_with_grad=69/72
[train] step 77: T=676 positions=16 loss=0.7179 ce=2.0050 tv=0.4327 conf=1.5510 grad_norm=7.2786 tensors_with_grad=69/72
[train] step 78: T=676 positions=16 loss=0.9816 ce=2.4741 tv=0.4577 conf=1.0189 grad_norm=3.9418 tensors_with_grad=69/72
[train] step 79: T=530 positions=16 loss=1.0732 ce=2.8547 tv=0.5029 conf=0.8335 grad_norm=5.9311 tensors_with_grad=69/72
[train] step 80: T=576 positions=16 loss=1.4857 ce=3.4310 tv=0.6031 conf=1.3073 grad_norm=4.0100 tensors_with_grad=69/72
[train] step 81: T=598 positions=16 loss=0.5655 ce=2.2189 tv=0.4050 conf=1.5045 grad_norm=4.5188 tensors_with_grad=69/72
[train] step 82: T=531 positions=16 loss=0.4027 ce=1.1014 tv=0.2989 conf=1.1338 grad_norm=2.7010 tensors_with_grad=69/72
[train] step 83: T=1060 positions=16 loss=1.4529 ce=3.7139 tv=0.4950 conf=1.0595 grad_norm=5.3159 tensors_with_grad=69/72
[train] step 84: T=563 positions=16 loss=0.8171 ce=2.0304 tv=0.4221 conf=0.9622 grad_norm=4.0023 tensors_with_grad=69/72
[train] step 85: T=644 positions=16 loss=0.1946 ce=0.5582 tv=0.1283 conf=0.3704 grad_norm=1.8097 tensors_with_grad=69/72
[train] step 86: T=621 positions=16 loss=0.2423 ce=0.8981 tv=0.2062 conf=0.8049 grad_norm=5.7668 tensors_with_grad=69/72
[train] step 87: T=641 positions=16 loss=0.7385 ce=2.0094 tv=0.3452 conf=0.9088 grad_norm=6.1537 tensors_with_grad=69/72
[train] step 88: T=528 positions=16 loss=0.3497 ce=0.8286 tv=0.1111 conf=0.5690 grad_norm=2.4255 tensors_with_grad=69/72
[train] step 89: T=602 positions=16 loss=0.9834 ce=2.1369 tv=0.4420 conf=1.0422 grad_norm=4.6039 tensors_with_grad=69/72
[train] step 90: T=538 positions=16 loss=1.0012 ce=3.3223 tv=0.4635 conf=0.7909 grad_norm=7.1850 tensors_with_grad=69/72
[train] step 91: T=538 positions=16 loss=0.1673 ce=0.3485 tv=0.1196 conf=0.9771 grad_norm=3.7993 tensors_with_grad=69/72
[train] step 92: T=542 positions=16 loss=0.2727 ce=0.7288 tv=0.2538 conf=1.2196 grad_norm=1.8861 tensors_with_grad=69/72
[train] step 93: T=673 positions=16 loss=0.9491 ce=2.3830 tv=0.5033 conf=1.6014 grad_norm=6.3819 tensors_with_grad=69/72
[train] step 94: T=597 positions=16 loss=0.8691 ce=2.2735 tv=0.3740 conf=1.1242 grad_norm=4.0535 tensors_with_grad=69/72
[train] step 95: T=537 positions=16 loss=0.5756 ce=1.1515 tv=0.3003 conf=1.1012 grad_norm=5.4896 tensors_with_grad=69/72
[train] step 96: T=533 positions=16 loss=0.1732 ce=0.3969 tv=0.1055 conf=0.3769 grad_norm=2.1999 tensors_with_grad=69/72
[train] step 97: T=674 positions=16 loss=0.8727 ce=2.2107 tv=0.4495 conf=1.7089 grad_norm=4.7186 tensors_with_grad=69/72
[train] step 98: T=550 positions=16 loss=0.1830 ce=0.5639 tv=0.1927 conf=1.1807 grad_norm=3.1130 tensors_with_grad=69/72
[train] step 99: T=621 positions=16 loss=0.6504 ce=1.4924 tv=0.2644 conf=0.6825 grad_norm=2.8052 tensors_with_grad=69/72
[train] step 100: T=535 positions=16 loss=1.0893 ce=2.2920 tv=0.5027 conf=0.8341 grad_norm=4.0644 tensors_with_grad=69/72
[train] step 101: T=526 positions=16 loss=0.9606 ce=2.8725 tv=0.3458 conf=0.6276 grad_norm=4.7513 tensors_with_grad=69/72
[train] step 102: T=987 positions=16 loss=1.1348 ce=2.9927 tv=0.4323 conf=1.3525 grad_norm=3.6974 tensors_with_grad=69/72
[train] step 103: T=673 positions=16 loss=1.2612 ce=2.8068 tv=0.5855 conf=1.2496 grad_norm=3.7978 tensors_with_grad=69/72
[train] step 104: T=532 positions=16 loss=0.9751 ce=2.6203 tv=0.4278 conf=1.1947 grad_norm=4.8720 tensors_with_grad=69/72
[train] step 105: T=675 positions=16 loss=0.9488 ce=2.8386 tv=0.4455 conf=1.3082 grad_norm=4.2855 tensors_with_grad=69/72
[train] step 106: T=553 positions=16 loss=0.6627 ce=1.7156 tv=0.3392 conf=1.7035 grad_norm=5.8966 tensors_with_grad=69/72
[train] step 107: T=673 positions=16 loss=1.4013 ce=4.1314 tv=0.5160 conf=0.8828 grad_norm=11.6674 tensors_with_grad=69/72
[train] step 108: T=526 positions=16 loss=0.7395 ce=1.5521 tv=0.4253 conf=0.8399 grad_norm=4.1908 tensors_with_grad=69/72
[train] step 109: T=533 positions=16 loss=0.7085 ce=1.9665 tv=0.3486 conf=0.9394 grad_norm=2.9739 tensors_with_grad=69/72
[train] step 110: T=1795 positions=16 loss=1.5088 ce=3.6233 tv=0.5169 conf=1.8971 grad_norm=6.0500 tensors_with_grad=69/72
[train] step 111: T=536 positions=16 loss=0.3575 ce=0.8461 tv=0.2161 conf=0.4985 grad_norm=1.8419 tensors_with_grad=69/72
[train] step 112: T=676 positions=16 loss=1.0941 ce=2.7000 tv=0.4899 conf=0.9984 grad_norm=6.7806 tensors_with_grad=69/72
[train] step 113: T=586 positions=16 loss=0.3132 ce=0.9650 tv=0.1965 conf=0.7951 grad_norm=2.9819 tensors_with_grad=69/72
[train] step 114: T=553 positions=16 loss=0.8694 ce=2.0499 tv=0.3874 conf=1.2323 grad_norm=4.0686 tensors_with_grad=69/72
[train] step 115: T=614 positions=16 loss=0.3763 ce=0.9527 tv=0.2151 conf=0.5789 grad_norm=4.3561 tensors_with_grad=69/72
[train] step 116: T=530 positions=16 loss=0.5613 ce=1.3291 tv=0.3152 conf=1.3477 grad_norm=9.9021 tensors_with_grad=69/72
[train] step 117: T=597 positions=16 loss=0.1219 ce=0.2465 tv=0.1438 conf=0.7818 grad_norm=2.2277 tensors_with_grad=69/72
[train] step 118: T=628 positions=16 loss=0.5879 ce=1.5977 tv=0.3534 conf=1.3524 grad_norm=3.0664 tensors_with_grad=69/72
[train] step 119: T=672 positions=16 loss=1.7398 ce=3.7210 tv=0.6417 conf=0.8507 grad_norm=9.6643 tensors_with_grad=69/72
[train] step 120: T=672 positions=16 loss=1.6097 ce=3.5409 tv=0.5708 conf=1.0921 grad_norm=6.3573 tensors_with_grad=69/72
[train] step 121: T=593 positions=16 loss=0.2524 ce=0.5927 tv=0.1427 conf=1.7564 grad_norm=1.6659 tensors_with_grad=69/72
[train] step 122: T=576 positions=16 loss=1.3699 ce=3.0706 tv=0.5226 conf=0.8727 grad_norm=5.4732 tensors_with_grad=69/72
[train] step 123: T=669 positions=16 loss=0.4210 ce=0.9571 tv=0.2178 conf=0.8207 grad_norm=3.3274 tensors_with_grad=69/72
[train] step 124: T=530 positions=16 loss=1.5272 ce=3.1214 tv=0.6150 conf=1.2293 grad_norm=5.9601 tensors_with_grad=69/72
[train] step 125: T=678 positions=16 loss=1.0445 ce=2.0900 tv=0.4278 conf=1.2967 grad_norm=6.4690 tensors_with_grad=69/72
[train] step 126: T=675 positions=16 loss=0.8913 ce=2.1115 tv=0.3492 conf=0.9155 grad_norm=4.7750 tensors_with_grad=69/72
[train] step 127: T=537 positions=16 loss=0.5145 ce=1.4797 tv=0.2862 conf=0.9247 grad_norm=4.1645 tensors_with_grad=69/72
[train] step 128: T=577 positions=16 loss=0.7688 ce=1.6813 tv=0.3914 conf=1.2495 grad_norm=2.6330 tensors_with_grad=69/72
[train] step 129: T=613 positions=16 loss=0.5472 ce=1.1643 tv=0.2379 conf=0.5119 grad_norm=2.4751 tensors_with_grad=69/72
[train] step 130: T=548 positions=16 loss=0.7086 ce=1.3935 tv=0.2523 conf=0.5160 grad_norm=3.9758 tensors_with_grad=69/72
[train] step 131: T=526 positions=16 loss=1.4377 ce=2.7949 tv=0.5933 conf=1.0711 grad_norm=4.3505 tensors_with_grad=69/72
[train] step 132: T=607 positions=16 loss=0.0849 ce=0.3798 tv=0.0774 conf=0.3695 grad_norm=1.1682 tensors_with_grad=69/72
[train] step 133: T=674 positions=16 loss=0.7459 ce=1.9413 tv=0.3429 conf=1.1002 grad_norm=4.2614 tensors_with_grad=69/72
[train] step 134: T=1001 positions=16 loss=1.0701 ce=3.0300 tv=0.4720 conf=1.7884 grad_norm=2.1639 tensors_with_grad=69/72
[train] step 135: T=537 positions=16 loss=1.0032 ce=2.3183 tv=0.3274 conf=0.4991 grad_norm=6.2215 tensors_with_grad=69/72
[train] step 136: T=534 positions=16 loss=0.1861 ce=0.3087 tv=0.1004 conf=0.1341 grad_norm=2.4369 tensors_with_grad=69/72
[train] step 137: T=542 positions=16 loss=0.5440 ce=1.2609 tv=0.3396 conf=0.9328 grad_norm=4.1322 tensors_with_grad=69/72
[train] step 138: T=676 positions=16 loss=1.6545 ce=3.1706 tv=0.6191 conf=1.0043 grad_norm=11.7490 tensors_with_grad=69/72
[train] step 139: T=536 positions=16 loss=0.5472 ce=1.2697 tv=0.2396 conf=0.9338 grad_norm=4.0081 tensors_with_grad=69/72
[train] step 140: T=524 positions=16 loss=1.0066 ce=2.7500 tv=0.4539 conf=1.3018 grad_norm=3.1154 tensors_with_grad=69/72
[train] step 141: T=563 positions=16 loss=0.6456 ce=1.4636 tv=0.2941 conf=1.5199 grad_norm=7.3240 tensors_with_grad=69/72
[train] step 142: T=617 positions=16 loss=0.6135 ce=1.4412 tv=0.3189 conf=1.2405 grad_norm=4.1885 tensors_with_grad=69/72
[train] step 143: T=537 positions=16 loss=0.7743 ce=1.6552 tv=0.4263 conf=1.8774 grad_norm=5.2863 tensors_with_grad=69/72
[train] step 144: T=621 positions=16 loss=0.4420 ce=1.0994 tv=0.3524 conf=1.1718 grad_norm=3.3442 tensors_with_grad=69/72
[train] step 145: T=672 positions=16 loss=0.9409 ce=2.5025 tv=0.4929 conf=2.0857 grad_norm=2.5826 tensors_with_grad=69/72
[train] step 146: T=631 positions=16 loss=0.2531 ce=0.6786 tv=0.2123 conf=1.1315 grad_norm=2.0986 tensors_with_grad=69/72
[train] step 147: T=528 positions=16 loss=0.7958 ce=1.8838 tv=0.3792 conf=1.9348 grad_norm=3.4074 tensors_with_grad=69/72
[train] step 148: T=1043 positions=16 loss=1.4184 ce=3.7622 tv=0.5370 conf=2.0116 grad_norm=4.1091 tensors_with_grad=69/72
[train] step 149: T=584 positions=16 loss=0.5820 ce=1.4054 tv=0.2197 conf=1.0136 grad_norm=2.5372 tensors_with_grad=69/72
[train] step 150: T=656 positions=16 loss=0.8476 ce=1.9805 tv=0.4238 conf=1.3097 grad_norm=3.9405 tensors_with_grad=69/72
[train] step 151: T=673 positions=16 loss=1.0431 ce=2.6822 tv=0.4894 conf=1.5112 grad_norm=4.4642 tensors_with_grad=69/72
[train] step 152: T=532 positions=16 loss=0.3329 ce=1.0193 tv=0.1529 conf=0.7964 grad_norm=3.4451 tensors_with_grad=69/72
[train] step 153: T=629 positions=16 loss=0.3908 ce=0.8671 tv=0.1854 conf=0.3991 grad_norm=2.8982 tensors_with_grad=69/72
[train] step 154: T=546 positions=16 loss=0.9383 ce=2.6271 tv=0.4598 conf=0.6750 grad_norm=6.1833 tensors_with_grad=69/72
[train] step 155: T=576 positions=16 loss=0.6161 ce=1.8985 tv=0.3712 conf=0.9671 grad_norm=4.4476 tensors_with_grad=69/72
[train] step 156: T=607 positions=16 loss=0.5434 ce=1.4256 tv=0.2603 conf=0.8313 grad_norm=5.6409 tensors_with_grad=69/72
[train] step 157: T=582 positions=16 loss=0.9878 ce=2.2427 tv=0.4271 conf=0.9603 grad_norm=4.4154 tensors_with_grad=69/72
[train] step 158: T=919 positions=16 loss=1.2521 ce=2.5932 tv=0.4848 conf=0.8946 grad_norm=3.7446 tensors_with_grad=69/72
[train] step 159: T=531 positions=16 loss=0.3718 ce=1.0761 tv=0.1949 conf=0.7398 grad_norm=2.5954 tensors_with_grad=69/72
[train] step 160: T=650 positions=16 loss=0.2878 ce=0.7135 tv=0.1762 conf=0.5554 grad_norm=1.9654 tensors_with_grad=69/72
[train] step 161: T=1101 positions=16 loss=1.6334 ce=3.8834 tv=0.5167 conf=1.1345 grad_norm=6.3336 tensors_with_grad=69/72
[train] step 162: T=618 positions=16 loss=0.4693 ce=1.3953 tv=0.3026 conf=0.7988 grad_norm=2.4483 tensors_with_grad=69/72
[train] step 163: T=1573 positions=16 loss=1.5103 ce=3.7046 tv=0.4382 conf=0.7856 grad_norm=6.1433 tensors_with_grad=69/72
[train] step 164: T=675 positions=16 loss=0.7464 ce=1.8511 tv=0.3369 conf=0.8456 grad_norm=3.8024 tensors_with_grad=69/72
[train] step 165: T=677 positions=16 loss=0.5383 ce=1.1190 tv=0.2307 conf=0.4413 grad_norm=3.1990 tensors_with_grad=69/72
[train] step 166: T=678 positions=16 loss=1.9702 ce=3.8779 tv=0.5991 conf=0.6400 grad_norm=7.1190 tensors_with_grad=69/72
[train] step 167: T=618 positions=16 loss=0.2425 ce=0.5124 tv=0.1852 conf=0.9010 grad_norm=3.8807 tensors_with_grad=69/72
[train] step 168: T=540 positions=16 loss=0.4679 ce=0.9050 tv=0.2281 conf=0.5921 grad_norm=2.3018 tensors_with_grad=69/72
[train] step 169: T=537 positions=16 loss=0.5709 ce=1.3564 tv=0.2705 conf=0.7103 grad_norm=7.7440 tensors_with_grad=69/72
[train] step 170: T=637 positions=16 loss=0.3701 ce=0.6396 tv=0.1619 conf=0.3684 grad_norm=2.9441 tensors_with_grad=69/72
[train] step 171: T=675 positions=16 loss=0.6137 ce=1.4056 tv=0.3473 conf=1.1779 grad_norm=6.2711 tensors_with_grad=69/72
[train] step 172: T=670 positions=16 loss=0.6938 ce=2.2114 tv=0.3352 conf=1.2071 grad_norm=4.6646 tensors_with_grad=69/72
[train] step 173: T=529 positions=16 loss=0.7658 ce=1.7045 tv=0.3928 conf=1.0293 grad_norm=5.7166 tensors_with_grad=69/72
[train] step 174: T=615 positions=16 loss=0.5247 ce=1.1853 tv=0.2684 conf=0.9029 grad_norm=3.6867 tensors_with_grad=69/72
[train] step 175: T=529 positions=16 loss=1.3504 ce=3.0309 tv=0.5813 conf=1.0273 grad_norm=6.9064 tensors_with_grad=69/72
[train] step 176: T=889 positions=16 loss=0.8289 ce=1.7194 tv=0.3320 conf=0.8882 grad_norm=4.8232 tensors_with_grad=69/72
[train] step 177: T=676 positions=16 loss=0.6648 ce=1.6079 tv=0.3728 conf=1.4327 grad_norm=4.3373 tensors_with_grad=69/72
[train] step 178: T=545 positions=16 loss=0.4202 ce=0.8672 tv=0.1362 conf=0.3807 grad_norm=4.1959 tensors_with_grad=69/72
[train] step 179: T=669 positions=16 loss=0.8331 ce=2.0682 tv=0.4158 conf=0.7989 grad_norm=3.1723 tensors_with_grad=69/72
[train] step 180: T=672 positions=16 loss=0.5632 ce=1.3700 tv=0.3125 conf=1.2370 grad_norm=3.9519 tensors_with_grad=69/72
[train] step 181: T=546 positions=16 loss=0.9003 ce=1.5307 tv=0.4051 conf=0.9006 grad_norm=6.5918 tensors_with_grad=69/72
[train] step 182: T=532 positions=16 loss=1.0328 ce=2.8163 tv=0.4552 conf=0.7646 grad_norm=11.8347 tensors_with_grad=69/72
[train] step 183: T=1190 positions=16 loss=1.3612 ce=3.2000 tv=0.4446 conf=1.2172 grad_norm=6.8478 tensors_with_grad=69/72
[train] step 184: T=611 positions=16 loss=0.7976 ce=1.4030 tv=0.3760 conf=1.0492 grad_norm=4.0104 tensors_with_grad=69/72
[train] step 185: T=526 positions=16 loss=0.3249 ce=0.6714 tv=0.2097 conf=0.6852 grad_norm=3.1618 tensors_with_grad=69/72
[train] step 186: T=673 positions=16 loss=1.7163 ce=3.7927 tv=0.6248 conf=1.2517 grad_norm=5.0787 tensors_with_grad=69/72
[train] step 187: T=539 positions=16 loss=0.3793 ce=1.0720 tv=0.2614 conf=0.7169 grad_norm=4.8293 tensors_with_grad=69/72
[train] step 188: T=526 positions=16 loss=0.8268 ce=2.7201 tv=0.3681 conf=1.1602 grad_norm=4.1714 tensors_with_grad=69/72
[train] step 189: T=675 positions=16 loss=0.5236 ce=1.2589 tv=0.3105 conf=1.2172 grad_norm=3.0848 tensors_with_grad=69/72
[train] step 190: T=552 positions=16 loss=0.7172 ce=2.4108 tv=0.1794 conf=0.7561 grad_norm=2.9187 tensors_with_grad=69/72
[train] step 191: T=616 positions=16 loss=1.1762 ce=2.3059 tv=0.4745 conf=0.8200 grad_norm=6.7630 tensors_with_grad=69/72
[train] step 192: T=528 positions=16 loss=1.2430 ce=3.0045 tv=0.4900 conf=0.9229 grad_norm=5.6401 tensors_with_grad=69/72
[train] step 193: T=525 positions=16 loss=1.6415 ce=3.6789 tv=0.6107 conf=1.2417 grad_norm=6.0524 tensors_with_grad=69/72
[train] step 194: T=675 positions=16 loss=1.0974 ce=2.1142 tv=0.4513 conf=1.0850 grad_norm=7.0048 tensors_with_grad=69/72
[train] step 195: T=611 positions=16 loss=0.8630 ce=2.3440 tv=0.3850 conf=1.1278 grad_norm=8.4914 tensors_with_grad=69/72
[train] step 196: T=594 positions=16 loss=1.6987 ce=3.8589 tv=0.5756 conf=1.0445 grad_norm=16.4180 tensors_with_grad=69/72
[train] step 197: T=654 positions=16 loss=0.9669 ce=2.2220 tv=0.4036 conf=0.9813 grad_norm=5.8908 tensors_with_grad=69/72
[train] step 198: T=539 positions=16 loss=0.3386 ce=0.8473 tv=0.2362 conf=0.6910 grad_norm=3.1256 tensors_with_grad=69/72
[train] step 199: T=529 positions=16 loss=0.9520 ce=2.7261 tv=0.3351 conf=1.2546 grad_norm=4.4782 tensors_with_grad=69/72
[train] step 200: T=631 positions=16 loss=0.9618 ce=3.0765 tv=0.3819 conf=1.1797 grad_norm=7.3187 tensors_with_grad=69/72
[train] step 201: T=533 positions=16 loss=0.5210 ce=1.0701 tv=0.2756 conf=0.8396 grad_norm=2.6046 tensors_with_grad=69/72
[train] step 202: T=537 positions=16 loss=0.4424 ce=1.1324 tv=0.2138 conf=0.4404 grad_norm=2.3885 tensors_with_grad=69/72
[train] step 203: T=525 positions=16 loss=1.9045 ce=3.9525 tv=0.6675 conf=1.2865 grad_norm=7.3975 tensors_with_grad=69/72
[train] step 204: T=851 positions=16 loss=0.8871 ce=2.1763 tv=0.4256 conf=1.5699 grad_norm=8.4176 tensors_with_grad=69/72
[train] step 205: T=551 positions=16 loss=0.7796 ce=1.5165 tv=0.3708 conf=1.4974 grad_norm=5.9209 tensors_with_grad=69/72
[train] step 206: T=897 positions=16 loss=1.4548 ce=3.9810 tv=0.4491 conf=1.2934 grad_norm=5.8145 tensors_with_grad=69/72
[train] step 207: T=603 positions=16 loss=0.1348 ce=0.3031 tv=0.1265 conf=0.8015 grad_norm=0.9733 tensors_with_grad=69/72
[train] step 208: T=578 positions=16 loss=1.7716 ce=4.4463 tv=0.6177 conf=1.4851 grad_norm=11.4501 tensors_with_grad=69/72
[train] step 209: T=532 positions=16 loss=0.3189 ce=0.8957 tv=0.2353 conf=1.9335 grad_norm=4.5040 tensors_with_grad=69/72
[train] step 210: T=675 positions=16 loss=0.4487 ce=1.0878 tv=0.2332 conf=1.2231 grad_norm=2.6220 tensors_with_grad=69/72
[train] step 211: T=536 positions=16 loss=0.4915 ce=1.1103 tv=0.1521 conf=0.1786 grad_norm=2.6049 tensors_with_grad=69/72
[train] step 212: T=526 positions=16 loss=0.9154 ce=2.1064 tv=0.4374 conf=1.6831 grad_norm=4.1874 tensors_with_grad=69/72
[train] step 213: T=530 positions=16 loss=0.8651 ce=1.8994 tv=0.4289 conf=2.0355 grad_norm=4.3888 tensors_with_grad=69/72
[train] step 214: T=527 positions=16 loss=1.6769 ce=3.7666 tv=0.5580 conf=1.2309 grad_norm=6.9132 tensors_with_grad=69/72
[train] step 215: T=535 positions=16 loss=0.3471 ce=0.7822 tv=0.2040 conf=1.1606 grad_norm=5.3441 tensors_with_grad=69/72
[train] step 216: T=531 positions=16 loss=1.0150 ce=2.3253 tv=0.4793 conf=1.1962 grad_norm=5.9096 tensors_with_grad=69/72
[train] step 217: T=536 positions=16 loss=0.3426 ce=0.7891 tv=0.2000 conf=1.2669 grad_norm=4.5861 tensors_with_grad=69/72
[train] step 218: T=585 positions=16 loss=0.5669 ce=1.5309 tv=0.3317 conf=1.3374 grad_norm=5.7027 tensors_with_grad=69/72
[train] step 219: T=524 positions=16 loss=1.1088 ce=2.5639 tv=0.5257 conf=1.2456 grad_norm=5.5069 tensors_with_grad=69/72
[train] step 220: T=562 positions=16 loss=0.3432 ce=0.8734 tv=0.2492 conf=2.0077 grad_norm=4.0792 tensors_with_grad=69/72
[train] step 221: T=1482 positions=16 loss=1.4738 ce=3.2584 tv=0.4707 conf=1.3836 grad_norm=7.2749 tensors_with_grad=69/72
[train] step 222: T=669 positions=16 loss=0.9430 ce=1.8732 tv=0.4323 conf=0.9526 grad_norm=4.0347 tensors_with_grad=69/72
[train] step 223: T=591 positions=16 loss=0.1592 ce=0.5323 tv=0.1616 conf=0.9678 grad_norm=2.8847 tensors_with_grad=69/72
[train] step 224: T=524 positions=16 loss=1.1540 ce=2.5826 tv=0.4886 conf=1.5508 grad_norm=8.5692 tensors_with_grad=69/72
[train] step 225: T=532 positions=16 loss=0.5066 ce=1.1944 tv=0.3276 conf=0.9167 grad_norm=2.8662 tensors_with_grad=69/72
[train] step 226: T=672 positions=16 loss=1.0099 ce=1.9991 tv=0.4686 conf=2.1199 grad_norm=7.2828 tensors_with_grad=69/72
[train] step 227: T=534 positions=16 loss=0.6554 ce=1.6866 tv=0.4009 conf=1.5753 grad_norm=3.4315 tensors_with_grad=69/72
[train] step 228: T=1014 positions=16 loss=1.2034 ce=2.9479 tv=0.4972 conf=1.5172 grad_norm=4.5428 tensors_with_grad=69/72
[train] step 229: T=675 positions=16 loss=0.5017 ce=1.6552 tv=0.2808 conf=1.0130 grad_norm=1.9942 tensors_with_grad=69/72
[train] step 230: T=647 positions=16 loss=1.3299 ce=2.9373 tv=0.5177 conf=1.6945 grad_norm=9.3270 tensors_with_grad=69/72
[train] step 231: T=596 positions=16 loss=0.5835 ce=1.0558 tv=0.3166 conf=1.1666 grad_norm=5.2172 tensors_with_grad=69/72
[train] step 232: T=674 positions=16 loss=1.1521 ce=2.7663 tv=0.5017 conf=0.8861 grad_norm=6.3333 tensors_with_grad=69/72
[train] step 233: T=858 positions=16 loss=0.7557 ce=1.8871 tv=0.3708 conf=0.8478 grad_norm=4.0226 tensors_with_grad=69/72
[train] step 234: T=597 positions=16 loss=0.4497 ce=1.2651 tv=0.3149 conf=1.2124 grad_norm=3.4868 tensors_with_grad=69/72
[train] step 235: T=604 positions=16 loss=0.5667 ce=1.6381 tv=0.3232 conf=1.3599 grad_norm=2.3537 tensors_with_grad=69/72
[train] step 236: T=589 positions=16 loss=0.2431 ce=0.4858 tv=0.1461 conf=0.4930 grad_norm=3.5395 tensors_with_grad=69/72
[train] step 237: T=623 positions=16 loss=0.2403 ce=0.9294 tv=0.2314 conf=1.5970 grad_norm=2.5934 tensors_with_grad=69/72
[train] step 238: T=884 positions=16 loss=1.5630 ce=3.6677 tv=0.4991 conf=1.2611 grad_norm=7.9253 tensors_with_grad=69/72
[train] step 239: T=673 positions=16 loss=0.8917 ce=2.1003 tv=0.3943 conf=1.0746 grad_norm=3.3341 tensors_with_grad=69/72
[train] step 240: T=540 positions=16 loss=0.1740 ce=0.4415 tv=0.1131 conf=0.7393 grad_norm=1.6190 tensors_with_grad=69/72
[train] step 241: T=1324 positions=16 loss=1.7874 ce=3.9329 tv=0.4981 conf=1.0931 grad_norm=4.7647 tensors_with_grad=69/72
[train] step 242: T=677 positions=16 loss=0.9740 ce=2.1891 tv=0.4300 conf=1.4041 grad_norm=4.0240 tensors_with_grad=69/72
[train] step 243: T=615 positions=16 loss=1.0810 ce=2.6678 tv=0.4842 conf=1.4049 grad_norm=5.5737 tensors_with_grad=69/72
[train] step 244: T=1500 positions=16 loss=1.1981 ce=3.1039 tv=0.4643 conf=1.3079 grad_norm=5.2201 tensors_with_grad=69/72
[train] step 245: T=672 positions=16 loss=1.5580 ce=3.3543 tv=0.5840 conf=0.9719 grad_norm=3.4125 tensors_with_grad=69/72
[train] step 246: T=561 positions=16 loss=0.5742 ce=1.2282 tv=0.3082 conf=1.1441 grad_norm=2.5723 tensors_with_grad=69/72
[train] step 247: T=610 positions=16 loss=0.8191 ce=1.8557 tv=0.3878 conf=1.1183 grad_norm=2.5364 tensors_with_grad=69/72
[train] step 248: T=535 positions=16 loss=0.5803 ce=1.9051 tv=0.2884 conf=0.7498 grad_norm=4.4090 tensors_with_grad=69/72
[train] step 249: T=587 positions=16 loss=0.3520 ce=0.9578 tv=0.2910 conf=1.2032 grad_norm=8.0104 tensors_with_grad=69/72
[train] step 250: T=633 positions=16 loss=0.2117 ce=0.4329 tv=0.1416 conf=0.4178 grad_norm=1.2104 tensors_with_grad=69/72
[train] step 251: T=677 positions=16 loss=1.1699 ce=2.6710 tv=0.4749 conf=0.9397 grad_norm=13.2857 tensors_with_grad=69/72
[train] step 252: T=598 positions=16 loss=0.4492 ce=0.8736 tv=0.3039 conf=1.3830 grad_norm=5.6757 tensors_with_grad=69/72
[train] step 253: T=654 positions=16 loss=1.2826 ce=2.6897 tv=0.5336 conf=1.0680 grad_norm=3.1035 tensors_with_grad=69/72
[train] step 254: T=546 positions=16 loss=0.4218 ce=1.1435 tv=0.0981 conf=0.7647 grad_norm=2.6817 tensors_with_grad=69/72
[train] step 255: T=617 positions=16 loss=0.6193 ce=1.3168 tv=0.3235 conf=1.4043 grad_norm=5.5240 tensors_with_grad=69/72
[train] step 256: T=537 positions=16 loss=0.1812 ce=0.2899 tv=0.1128 conf=0.3574 grad_norm=8.3402 tensors_with_grad=69/72
[train] step 257: T=649 positions=16 loss=1.0096 ce=2.2407 tv=0.4997 conf=1.1959 grad_norm=3.3229 tensors_with_grad=69/72
[train] step 258: T=676 positions=16 loss=0.8009 ce=1.9283 tv=0.3714 conf=1.1936 grad_norm=2.9914 tensors_with_grad=69/72
[train] step 259: T=672 positions=16 loss=1.2268 ce=2.6884 tv=0.5238 conf=1.5299 grad_norm=3.2233 tensors_with_grad=69/72
[train] step 260: T=665 positions=16 loss=0.4271 ce=1.0346 tv=0.2001 conf=0.4991 grad_norm=3.9346 tensors_with_grad=69/72
[train] step 261: T=542 positions=16 loss=0.4486 ce=1.1022 tv=0.2045 conf=0.9148 grad_norm=2.4303 tensors_with_grad=69/72
[train] step 262: T=526 positions=16 loss=1.3061 ce=2.6071 tv=0.4703 conf=1.5169 grad_norm=7.5252 tensors_with_grad=69/72
[train] step 263: T=570 positions=16 loss=0.3288 ce=0.8623 tv=0.1353 conf=0.7097 grad_norm=1.9514 tensors_with_grad=69/72
[train] step 264: T=673 positions=16 loss=0.4239 ce=1.4534 tv=0.2918 conf=1.2894 grad_norm=4.4767 tensors_with_grad=69/72
[train] step 265: T=1148 positions=16 loss=1.2860 ce=3.1012 tv=0.4548 conf=1.5978 grad_norm=4.2214 tensors_with_grad=69/72
[train] step 266: T=675 positions=16 loss=0.7734 ce=1.6254 tv=0.3426 conf=0.9950 grad_norm=10.3186 tensors_with_grad=69/72
[train] step 267: T=609 positions=16 loss=0.5605 ce=1.1745 tv=0.3183 conf=1.1704 grad_norm=4.6628 tensors_with_grad=69/72
[train] step 268: T=528 positions=16 loss=1.0911 ce=2.2983 tv=0.4602 conf=0.9470 grad_norm=4.7345 tensors_with_grad=69/72
[train] step 269: T=547 positions=16 loss=0.4712 ce=1.0125 tv=0.2699 conf=0.8813 grad_norm=5.1197 tensors_with_grad=69/72
[train] step 270: T=529 positions=16 loss=0.5077 ce=1.0476 tv=0.2664 conf=1.0700 grad_norm=5.6852 tensors_with_grad=69/72
[train] step 271: T=550 positions=16 loss=0.9541 ce=1.5965 tv=0.3917 conf=0.8527 grad_norm=4.9419 tensors_with_grad=69/72
[train] step 272: T=639 positions=16 loss=0.7455 ce=1.7809 tv=0.3612 conf=1.2725 grad_norm=3.3104 tensors_with_grad=69/72
[train] step 273: T=615 positions=16 loss=0.5546 ce=1.4092 tv=0.2616 conf=1.0414 grad_norm=3.6220 tensors_with_grad=69/72
[train] step 274: T=536 positions=16 loss=0.1544 ce=0.4322 tv=0.1587 conf=1.5536 grad_norm=1.4202 tensors_with_grad=69/72
[train] step 275: T=534 positions=16 loss=0.3131 ce=0.7977 tv=0.1553 conf=0.5140 grad_norm=2.5380 tensors_with_grad=69/72
[train] step 276: T=538 positions=16 loss=1.5443 ce=2.8883 tv=0.5934 conf=0.8695 grad_norm=4.8639 tensors_with_grad=69/72
[train] step 277: T=525 positions=16 loss=0.8168 ce=1.7947 tv=0.3960 conf=1.6996 grad_norm=4.1981 tensors_with_grad=69/72
[train] step 278: T=671 positions=16 loss=1.8764 ce=3.7327 tv=0.6100 conf=0.9928 grad_norm=6.6477 tensors_with_grad=69/72
[train] step 279: T=536 positions=16 loss=0.4041 ce=1.0157 tv=0.2415 conf=1.2628 grad_norm=4.5091 tensors_with_grad=69/72
[train] step 280: T=532 positions=16 loss=0.3137 ce=0.7546 tv=0.2701 conf=1.4495 grad_norm=3.9839 tensors_with_grad=69/72
[train] step 281: T=553 positions=16 loss=0.7159 ce=1.3099 tv=0.2205 conf=0.3965 grad_norm=4.1884 tensors_with_grad=69/72
[train] step 282: T=673 positions=16 loss=1.5797 ce=3.5972 tv=0.5424 conf=1.3597 grad_norm=5.9306 tensors_with_grad=69/72
[train] step 283: T=1324 positions=16 loss=1.8478 ce=4.4858 tv=0.5355 conf=1.4987 grad_norm=3.4867 tensors_with_grad=69/72
[train] step 284: T=642 positions=16 loss=0.9891 ce=1.8738 tv=0.4203 conf=1.9983 grad_norm=5.5348 tensors_with_grad=69/72
[train] step 285: T=548 positions=16 loss=0.6666 ce=1.3824 tv=0.2242 conf=1.2204 grad_norm=10.0875 tensors_with_grad=69/72
[train] step 286: T=642 positions=16 loss=1.0754 ce=2.3589 tv=0.5015 conf=1.3702 grad_norm=6.9618 tensors_with_grad=69/72
[train] step 287: T=528 positions=16 loss=1.2006 ce=2.5096 tv=0.5242 conf=1.2093 grad_norm=4.0170 tensors_with_grad=69/72
[train] step 288: T=537 positions=16 loss=0.2372 ce=0.9085 tv=0.1827 conf=1.3135 grad_norm=1.5397 tensors_with_grad=69/72
[train] step 289: T=672 positions=16 loss=0.8674 ce=1.8667 tv=0.3893 conf=2.1437 grad_norm=4.4463 tensors_with_grad=69/72
[train] step 290: T=526 positions=16 loss=0.4544 ce=1.0436 tv=0.2613 conf=0.9980 grad_norm=3.8031 tensors_with_grad=69/72
[train] step 291: T=538 positions=16 loss=1.0212 ce=1.9657 tv=0.4838 conf=1.8925 grad_norm=5.4944 tensors_with_grad=69/72
[train] step 292: T=527 positions=16 loss=0.6291 ce=1.5347 tv=0.3737 conf=2.3940 grad_norm=3.7394 tensors_with_grad=69/72
[train] step 293: T=526 positions=16 loss=0.6676 ce=1.5295 tv=0.3180 conf=1.5535 grad_norm=3.3467 tensors_with_grad=69/72
[train] step 294: T=529 positions=16 loss=0.3092 ce=0.9052 tv=0.2195 conf=1.5102 grad_norm=2.5555 tensors_with_grad=69/72
[train] step 295: T=968 positions=16 loss=1.3068 ce=3.0959 tv=0.5168 conf=2.7618 grad_norm=5.1223 tensors_with_grad=69/72
[train] step 296: T=1360 positions=16 loss=2.2083 ce=4.6799 tv=0.6110 conf=2.1455 grad_norm=7.7606 tensors_with_grad=69/72
[train] step 297: T=672 positions=16 loss=1.5773 ce=3.1070 tv=0.5625 conf=1.9189 grad_norm=3.5728 tensors_with_grad=69/72
[train] step 298: T=582 positions=16 loss=1.2898 ce=2.8744 tv=0.4697 conf=1.9639 grad_norm=5.2100 tensors_with_grad=69/72
[train] step 299: T=613 positions=16 loss=0.9943 ce=1.9082 tv=0.4547 conf=1.5367 grad_norm=5.6853 tensors_with_grad=69/72
[train] step 300: T=646 positions=16 loss=1.0356 ce=2.4004 tv=0.5183 conf=1.9232 grad_norm=3.1062 tensors_with_grad=69/72
[train] step 301: T=672 positions=16 loss=1.1828 ce=2.9833 tv=0.5472 conf=2.1585 grad_norm=3.2505 tensors_with_grad=69/72
[train] step 302: T=535 positions=16 loss=1.1736 ce=3.2053 tv=0.4961 conf=2.0307 grad_norm=7.7735 tensors_with_grad=69/72
[train] step 303: T=537 positions=16 loss=0.5662 ce=1.4769 tv=0.2837 conf=0.6136 grad_norm=7.2378 tensors_with_grad=69/72
[train] step 304: T=1797 positions=16 loss=1.5454 ce=3.4515 tv=0.5379 conf=2.4906 grad_norm=4.8710 tensors_with_grad=69/72
[train] step 305: T=527 positions=16 loss=1.2068 ce=2.4499 tv=0.5639 conf=1.2195 grad_norm=5.3560 tensors_with_grad=69/72
[train] step 306: T=544 positions=16 loss=0.2021 ce=0.4205 tv=0.1337 conf=1.0577 grad_norm=1.4644 tensors_with_grad=69/72
[train] step 307: T=675 positions=16 loss=0.5119 ce=1.4354 tv=0.2857 conf=1.4779 grad_norm=2.8369 tensors_with_grad=69/72
[train] step 308: T=525 positions=16 loss=1.0299 ce=2.1924 tv=0.4884 conf=1.5211 grad_norm=4.6247 tensors_with_grad=69/72
[train] step 309: T=583 positions=16 loss=0.1674 ce=0.5558 tv=0.1039 conf=0.5591 grad_norm=1.5638 tensors_with_grad=69/72
[train] step 310: T=620 positions=16 loss=0.6414 ce=1.4219 tv=0.2917 conf=1.6007 grad_norm=4.7575 tensors_with_grad=69/72
[train] step 311: T=538 positions=16 loss=0.2825 ce=0.6427 tv=0.1637 conf=0.8556 grad_norm=3.3354 tensors_with_grad=69/72
[train] step 312: T=637 positions=16 loss=0.1988 ce=0.4536 tv=0.1930 conf=1.1966 grad_norm=2.3752 tensors_with_grad=69/72
[train] step 313: T=658 positions=16 loss=0.8946 ce=2.1514 tv=0.4813 conf=1.8099 grad_norm=4.6470 tensors_with_grad=69/72
[train] step 314: T=609 positions=16 loss=0.4321 ce=1.4994 tv=0.2747 conf=1.4216 grad_norm=4.1277 tensors_with_grad=69/72
[train] step 315: T=903 positions=16 loss=1.7804 ce=4.2479 tv=0.5462 conf=1.8206 grad_norm=6.4595 tensors_with_grad=69/72
[train] step 316: T=524 positions=16 loss=0.9079 ce=2.0237 tv=0.4641 conf=1.6400 grad_norm=5.6979 tensors_with_grad=69/72
[train] step 317: T=829 positions=16 loss=1.1192 ce=2.5346 tv=0.3796 conf=1.3851 grad_norm=4.5734 tensors_with_grad=69/72
[train] step 318: T=875 positions=16 loss=1.2641 ce=2.7808 tv=0.4356 conf=1.3020 grad_norm=7.6997 tensors_with_grad=69/72
[train] step 319: T=533 positions=16 loss=1.1243 ce=2.3863 tv=0.4029 conf=1.0032 grad_norm=3.7813 tensors_with_grad=69/72
[train] step 320: T=675 positions=16 loss=0.6575 ce=1.8219 tv=0.3491 conf=1.3907 grad_norm=3.0467 tensors_with_grad=69/72
[train] step 321: T=672 positions=16 loss=0.9208 ce=2.1137 tv=0.3808 conf=2.2597 grad_norm=5.3108 tensors_with_grad=69/72
[train] step 322: T=672 positions=16 loss=0.1586 ce=0.4935 tv=0.1747 conf=1.7928 grad_norm=2.6390 tensors_with_grad=69/72
[train] step 323: T=1087 positions=16 loss=0.9558 ce=1.8772 tv=0.4230 conf=1.2909 grad_norm=4.5218 tensors_with_grad=69/72
[train] step 324: T=672 positions=16 loss=1.0767 ce=2.6435 tv=0.3774 conf=1.2229 grad_norm=4.2589 tensors_with_grad=69/72
[train] step 325: T=854 positions=16 loss=1.6834 ce=4.1954 tv=0.5081 conf=1.7136 grad_norm=6.1108 tensors_with_grad=69/72
[train] step 326: T=609 positions=16 loss=0.4104 ce=0.9045 tv=0.2497 conf=1.3695 grad_norm=2.7206 tensors_with_grad=69/72
[train] step 327: T=545 positions=16 loss=0.6138 ce=1.4573 tv=0.3308 conf=1.2607 grad_norm=2.9660 tensors_with_grad=69/72
[train] step 328: T=634 positions=16 loss=0.9867 ce=2.4724 tv=0.5041 conf=1.4495 grad_norm=4.0531 tensors_with_grad=69/72
[train] step 329: T=649 positions=16 loss=0.7336 ce=1.6841 tv=0.3717 conf=1.3987 grad_norm=3.6012 tensors_with_grad=69/72
[train] step 330: T=675 positions=16 loss=0.6515 ce=1.8841 tv=0.3900 conf=2.0940 grad_norm=3.2581 tensors_with_grad=69/72
[train] step 331: T=560 positions=16 loss=0.2636 ce=0.6698 tv=0.1647 conf=0.9328 grad_norm=1.9002 tensors_with_grad=69/72
[train] step 332: T=535 positions=16 loss=0.1437 ce=0.3169 tv=0.1072 conf=0.4610 grad_norm=1.0245 tensors_with_grad=69/72
[train] step 333: T=532 positions=16 loss=0.3754 ce=0.8428 tv=0.1697 conf=0.2254 grad_norm=1.3356 tensors_with_grad=69/72
[train] step 334: T=903 positions=16 loss=0.7733 ce=1.8242 tv=0.3762 conf=1.2595 grad_norm=4.5586 tensors_with_grad=69/72
[train] step 335: T=621 positions=16 loss=0.5722 ce=1.2581 tv=0.3316 conf=1.3550 grad_norm=5.0323 tensors_with_grad=69/72
[train] step 336: T=903 positions=16 loss=1.1537 ce=2.7800 tv=0.3808 conf=1.3086 grad_norm=4.9303 tensors_with_grad=69/72
[train] step 337: T=539 positions=16 loss=0.5250 ce=1.1441 tv=0.2629 conf=0.7963 grad_norm=7.9188 tensors_with_grad=69/72
[train] step 338: T=553 positions=16 loss=0.5771 ce=1.0967 tv=0.2155 conf=0.9350 grad_norm=6.5381 tensors_with_grad=69/72
[train] step 339: T=546 positions=16 loss=1.2088 ce=2.7986 tv=0.5571 conf=2.4423 grad_norm=4.5708 tensors_with_grad=69/72
[train] step 340: T=597 positions=16 loss=0.4687 ce=1.3612 tv=0.2702 conf=1.3679 grad_norm=4.1580 tensors_with_grad=69/72
[train] step 341: T=942 positions=16 loss=1.2880 ce=2.9979 tv=0.4397 conf=1.4308 grad_norm=5.7491 tensors_with_grad=69/72
[train] step 342: T=672 positions=16 loss=1.3100 ce=2.9326 tv=0.5362 conf=1.2095 grad_norm=7.4704 tensors_with_grad=69/72
[train] step 343: T=527 positions=16 loss=0.8278 ce=1.8520 tv=0.4089 conf=1.2608 grad_norm=5.6739 tensors_with_grad=69/72
[train] step 344: T=589 positions=16 loss=0.1336 ce=0.3465 tv=0.1307 conf=0.4051 grad_norm=1.1728 tensors_with_grad=69/72
[train] step 345: T=541 positions=16 loss=0.7728 ce=1.6812 tv=0.4071 conf=2.2249 grad_norm=3.6383 tensors_with_grad=69/72
[train] step 346: T=581 positions=16 loss=0.1972 ce=0.5759 tv=0.1232 conf=1.4536 grad_norm=3.8973 tensors_with_grad=69/72
[train] step 347: T=678 positions=16 loss=0.7153 ce=1.5992 tv=0.3352 conf=1.4033 grad_norm=4.0761 tensors_with_grad=69/72
[train] step 348: T=673 positions=16 loss=1.6026 ce=3.3315 tv=0.5787 conf=1.2722 grad_norm=5.0493 tensors_with_grad=69/72
[train] step 349: T=628 positions=16 loss=0.3701 ce=0.7743 tv=0.1853 conf=0.8665 grad_norm=1.7857 tensors_with_grad=69/72
[train] step 350: T=661 positions=16 loss=1.0116 ce=2.2556 tv=0.4452 conf=1.0488 grad_norm=4.1552 tensors_with_grad=69/72
[train] step 351: T=544 positions=16 loss=0.6086 ce=1.4527 tv=0.3482 conf=1.2399 grad_norm=4.7578 tensors_with_grad=69/72
[train] step 352: T=538 positions=16 loss=0.1767 ce=0.4204 tv=0.1302 conf=0.5173 grad_norm=1.4885 tensors_with_grad=69/72
[train] step 353: T=539 positions=16 loss=0.1450 ce=0.4097 tv=0.1542 conf=0.7894 grad_norm=1.0108 tensors_with_grad=69/72
[train] step 354: T=1009 positions=16 loss=1.8480 ce=4.2239 tv=0.4916 conf=1.5929 grad_norm=6.4297 tensors_with_grad=69/72
[train] step 355: T=531 positions=16 loss=1.0375 ce=2.4332 tv=0.3817 conf=1.2884 grad_norm=6.7283 tensors_with_grad=69/72
[train] step 356: T=537 positions=16 loss=0.1289 ce=0.3265 tv=0.1563 conf=1.3428 grad_norm=2.3324 tensors_with_grad=69/72
[train] step 357: T=531 positions=16 loss=0.9342 ce=1.9872 tv=0.4214 conf=1.0124 grad_norm=5.2642 tensors_with_grad=69/72
[train] step 358: T=629 positions=16 loss=0.8440 ce=1.6623 tv=0.4154 conf=1.3486 grad_norm=4.1611 tensors_with_grad=69/72
[train] step 359: T=674 positions=16 loss=1.0022 ce=2.3249 tv=0.4565 conf=1.6729 grad_norm=4.9595 tensors_with_grad=69/72
[train] step 360: T=674 positions=16 loss=0.3797 ce=0.7192 tv=0.2418 conf=1.0404 grad_norm=3.6131 tensors_with_grad=69/72
[train] step 361: T=548 positions=16 loss=0.3515 ce=0.7440 tv=0.2935 conf=1.6074 grad_norm=3.4720 tensors_with_grad=69/72
[train] step 362: T=539 positions=16 loss=0.3757 ce=0.9537 tv=0.2751 conf=1.1343 grad_norm=1.6957 tensors_with_grad=69/72
[train] step 363: T=672 positions=16 loss=1.4929 ce=3.0877 tv=0.5917 conf=1.2843 grad_norm=4.8833 tensors_with_grad=69/72
[train] step 364: T=639 positions=16 loss=0.4662 ce=1.0493 tv=0.3213 conf=1.1971 grad_norm=8.3972 tensors_with_grad=69/72
[train] step 365: T=672 positions=16 loss=1.1632 ce=1.9810 tv=0.5382 conf=1.6099 grad_norm=6.2848 tensors_with_grad=69/72
[train] step 366: T=539 positions=16 loss=0.4630 ce=1.1643 tv=0.2959 conf=1.1645 grad_norm=3.1524 tensors_with_grad=69/72
[train] step 367: T=591 positions=16 loss=1.4143 ce=3.0371 tv=0.5473 conf=0.9306 grad_norm=6.7243 tensors_with_grad=69/72
[train] step 368: T=584 positions=16 loss=0.3380 ce=0.8711 tv=0.2501 conf=1.2384 grad_norm=3.0612 tensors_with_grad=69/72
[train] step 369: T=591 positions=16 loss=0.5306 ce=1.0118 tv=0.3121 conf=1.3215 grad_norm=7.0534 tensors_with_grad=69/72
[train] step 370: T=568 positions=16 loss=1.6497 ce=3.3547 tv=0.5618 conf=1.6776 grad_norm=7.5278 tensors_with_grad=69/72
[train] step 371: T=538 positions=16 loss=0.9080 ce=1.9122 tv=0.3820 conf=1.5446 grad_norm=3.9349 tensors_with_grad=69/72
[train] step 372: T=598 positions=16 loss=0.4056 ce=0.8759 tv=0.1890 conf=0.5161 grad_norm=3.7503 tensors_with_grad=69/72
[train] step 373: T=528 positions=16 loss=0.5348 ce=1.1503 tv=0.2907 conf=1.2506 grad_norm=2.7127 tensors_with_grad=69/72
[train] step 374: T=527 positions=16 loss=0.3752 ce=0.9452 tv=0.2642 conf=1.5901 grad_norm=6.7972 tensors_with_grad=69/72
[train] step 375: T=559 positions=16 loss=0.8963 ce=2.0397 tv=0.2352 conf=0.6349 grad_norm=6.1782 tensors_with_grad=69/72
[train] step 376: T=525 positions=16 loss=0.4929 ce=1.0857 tv=0.2447 conf=1.1572 grad_norm=2.7777 tensors_with_grad=69/72
[train] step 377: T=539 positions=16 loss=0.9032 ce=1.6209 tv=0.3511 conf=1.0197 grad_norm=7.6078 tensors_with_grad=69/72
[train] step 378: T=1627 positions=16 loss=1.3531 ce=2.9203 tv=0.5336 conf=1.9294 grad_norm=4.7665 tensors_with_grad=69/72
[train] step 379: T=565 positions=16 loss=0.6407 ce=1.4945 tv=0.3351 conf=1.8566 grad_norm=3.9598 tensors_with_grad=69/72
[train] step 380: T=613 positions=16 loss=0.3466 ce=1.1351 tv=0.2677 conf=0.9700 grad_norm=2.5536 tensors_with_grad=69/72
[train] step 381: T=573 positions=16 loss=0.2037 ce=0.4476 tv=0.1989 conf=1.9196 grad_norm=2.7662 tensors_with_grad=69/72
[train] step 382: T=676 positions=16 loss=0.6441 ce=1.4182 tv=0.3429 conf=2.2190 grad_norm=3.7037 tensors_with_grad=69/72
[train] step 383: T=870 positions=16 loss=0.9492 ce=2.3922 tv=0.3056 conf=2.5226 grad_norm=4.0343 tensors_with_grad=69/72
[train] step 384: T=640 positions=16 loss=1.3208 ce=2.8487 tv=0.5050 conf=1.5231 grad_norm=4.0850 tensors_with_grad=69/72
[train] step 385: T=659 positions=16 loss=0.8713 ce=1.9754 tv=0.4519 conf=3.1734 grad_norm=2.3874 tensors_with_grad=69/72
[train] step 386: T=615 positions=16 loss=0.5545 ce=1.7096 tv=0.3211 conf=2.3615 grad_norm=3.4988 tensors_with_grad=69/72
[train] step 387: T=526 positions=16 loss=1.2343 ce=2.7839 tv=0.5365 conf=1.5051 grad_norm=4.1262 tensors_with_grad=69/72
[train] step 388: T=1042 positions=16 loss=1.1518 ce=2.7093 tv=0.3250 conf=0.8853 grad_norm=4.0341 tensors_with_grad=69/72
[train] step 389: T=581 positions=16 loss=0.7375 ce=2.0773 tv=0.3531 conf=1.9471 grad_norm=10.9282 tensors_with_grad=69/72
[train] step 390: T=946 positions=16 loss=1.2785 ce=2.9347 tv=0.4557 conf=1.9204 grad_norm=3.9424 tensors_with_grad=69/72
[train] step 391: T=669 positions=16 loss=1.0931 ce=2.0698 tv=0.4836 conf=1.4119 grad_norm=8.1919 tensors_with_grad=69/72
[train] step 392: T=959 positions=16 loss=1.2143 ce=2.4992 tv=0.4833 conf=2.7720 grad_norm=2.5191 tensors_with_grad=69/72
[train] step 393: T=538 positions=16 loss=1.2504 ce=2.5007 tv=0.5420 conf=1.5505 grad_norm=6.7624 tensors_with_grad=69/72
[train] step 394: T=538 positions=16 loss=0.1903 ce=0.4673 tv=0.1658 conf=1.2508 grad_norm=4.0977 tensors_with_grad=69/72
[train] step 395: T=564 positions=16 loss=1.7062 ce=3.6703 tv=0.5880 conf=2.0022 grad_norm=10.1013 tensors_with_grad=69/72
[train] step 396: T=581 positions=16 loss=0.2629 ce=0.6442 tv=0.1502 conf=0.5721 grad_norm=2.4271 tensors_with_grad=69/72
[train] step 397: T=545 positions=16 loss=0.9403 ce=2.0787 tv=0.4607 conf=1.6628 grad_norm=4.5545 tensors_with_grad=69/72
[train] step 398: T=525 positions=16 loss=1.4507 ce=3.0228 tv=0.5859 conf=1.8495 grad_norm=7.3560 tensors_with_grad=69/72
[train] step 399: T=565 positions=16 loss=0.9728 ce=2.5446 tv=0.3691 conf=2.3013 grad_norm=5.6421 tensors_with_grad=69/72
[train] step 400: T=554 positions=16 loss=0.3565 ce=0.7510 tv=0.1965 conf=0.8134 grad_norm=3.5004 tensors_with_grad=69/72
[train] step 401: T=1014 positions=16 loss=1.0733 ce=2.3233 tv=0.3282 conf=1.6372 grad_norm=4.7947 tensors_with_grad=69/72
[train] step 402: T=541 positions=16 loss=0.4397 ce=1.0570 tv=0.2042 conf=1.0775 grad_norm=2.3719 tensors_with_grad=69/72
[train] step 403: T=538 positions=16 loss=0.3281 ce=0.6548 tv=0.2337 conf=0.9447 grad_norm=8.2784 tensors_with_grad=69/72
[train] step 404: T=585 positions=16 loss=0.8949 ce=1.9773 tv=0.3613 conf=2.0641 grad_norm=4.5391 tensors_with_grad=69/72
[train] step 405: T=535 positions=16 loss=0.5096 ce=1.2982 tv=0.2895 conf=1.1550 grad_norm=3.1862 tensors_with_grad=69/72
[train] step 406: T=534 positions=16 loss=0.3673 ce=1.1920 tv=0.2840 conf=1.3969 grad_norm=3.4033 tensors_with_grad=69/72
[train] step 407: T=674 positions=16 loss=1.5619 ce=2.7298 tv=0.5784 conf=1.4027 grad_norm=5.7550 tensors_with_grad=69/72
[train] step 408: T=1629 positions=16 loss=1.2735 ce=3.4922 tv=0.3764 conf=2.0977 grad_norm=3.8116 tensors_with_grad=69/72
[train] step 409: T=529 positions=16 loss=0.9026 ce=1.8942 tv=0.4537 conf=1.3124 grad_norm=3.8947 tensors_with_grad=69/72
[train] step 410: T=604 positions=16 loss=0.3616 ce=0.9320 tv=0.2417 conf=1.3665 grad_norm=4.0854 tensors_with_grad=69/72
[train] step 411: T=615 positions=16 loss=0.5202 ce=1.1211 tv=0.3123 conf=1.7354 grad_norm=4.3318 tensors_with_grad=69/72
[train] step 412: T=563 positions=16 loss=0.2468 ce=0.6516 tv=0.1531 conf=1.1438 grad_norm=3.8676 tensors_with_grad=69/72
[train] step 413: T=572 positions=16 loss=0.5041 ce=1.0904 tv=0.3159 conf=1.9643 grad_norm=4.2435 tensors_with_grad=69/72
[train] step 414: T=591 positions=16 loss=0.5036 ce=1.0484 tv=0.2988 conf=1.4223 grad_norm=3.7751 tensors_with_grad=69/72
[train] step 415: T=595 positions=16 loss=0.5966 ce=1.9421 tv=0.3415 conf=1.3851 grad_norm=2.4630 tensors_with_grad=69/72
[train] step 416: T=541 positions=16 loss=0.6703 ce=1.4202 tv=0.3699 conf=1.2096 grad_norm=4.5387 tensors_with_grad=69/72
[train] step 417: T=543 positions=16 loss=0.8830 ce=1.9395 tv=0.4276 conf=0.9912 grad_norm=4.0195 tensors_with_grad=69/72
[train] step 418: T=678 positions=16 loss=1.0749 ce=2.2755 tv=0.4012 conf=1.3407 grad_norm=3.4833 tensors_with_grad=69/72
[train] step 419: T=592 positions=16 loss=0.1364 ce=0.2958 tv=0.1166 conf=0.6509 grad_norm=3.8307 tensors_with_grad=69/72
[train] step 420: T=633 positions=16 loss=0.9035 ce=2.0557 tv=0.4361 conf=1.9751 grad_norm=5.3582 tensors_with_grad=69/72
[train] step 421: T=531 positions=16 loss=0.7253 ce=1.3982 tv=0.3968 conf=1.3191 grad_norm=8.5573 tensors_with_grad=69/72
[train] step 422: T=576 positions=16 loss=0.5693 ce=1.2791 tv=0.3571 conf=1.8689 grad_norm=4.2856 tensors_with_grad=69/72
[train] step 423: T=535 positions=16 loss=0.5906 ce=1.5458 tv=0.2764 conf=0.6003 grad_norm=5.2004 tensors_with_grad=69/72
[train] step 424: T=606 positions=16 loss=0.8881 ce=2.2501 tv=0.4501 conf=1.9179 grad_norm=4.4724 tensors_with_grad=69/72
[train] step 425: T=577 positions=16 loss=0.3885 ce=0.9786 tv=0.3436 conf=2.2235 grad_norm=2.3507 tensors_with_grad=69/72
[train] step 426: T=531 positions=16 loss=0.3588 ce=1.0961 tv=0.2433 conf=1.3770 grad_norm=3.5434 tensors_with_grad=69/72
[train] step 427: T=667 positions=16 loss=0.6701 ce=1.2289 tv=0.3453 conf=1.7421 grad_norm=3.9982 tensors_with_grad=69/72
[train] step 428: T=639 positions=16 loss=1.1375 ce=2.6688 tv=0.4964 conf=1.6108 grad_norm=3.4239 tensors_with_grad=69/72
[train] step 429: T=527 positions=16 loss=1.1491 ce=2.4064 tv=0.4987 conf=1.8228 grad_norm=4.5806 tensors_with_grad=69/72
[train] step 430: T=673 positions=16 loss=1.8100 ce=3.3001 tv=0.6167 conf=1.1132 grad_norm=5.9293 tensors_with_grad=69/72
[train] step 431: T=599 positions=16 loss=0.2425 ce=0.3417 tv=0.1268 conf=0.3453 grad_norm=2.0850 tensors_with_grad=69/72
[train] step 432: T=533 positions=16 loss=0.2315 ce=0.5227 tv=0.1313 conf=0.3059 grad_norm=1.7173 tensors_with_grad=69/72
[train] step 433: T=535 positions=16 loss=0.8780 ce=1.4768 tv=0.4002 conf=1.0536 grad_norm=10.0184 tensors_with_grad=69/72
[train] step 434: T=584 positions=16 loss=1.1949 ce=2.9927 tv=0.4804 conf=1.7192 grad_norm=8.7121 tensors_with_grad=69/72
[train] step 435: T=568 positions=16 loss=0.9480 ce=2.3231 tv=0.4112 conf=2.1832 grad_norm=4.7147 tensors_with_grad=69/72
[train] step 436: T=1111 positions=16 loss=0.8708 ce=1.8840 tv=0.3687 conf=1.8479 grad_norm=4.3992 tensors_with_grad=69/72
[train] step 437: T=673 positions=16 loss=1.0033 ce=2.3300 tv=0.4511 conf=1.5017 grad_norm=5.3991 tensors_with_grad=69/72
[train] step 438: T=614 positions=16 loss=0.9541 ce=2.2769 tv=0.4044 conf=1.3400 grad_norm=3.1291 tensors_with_grad=69/72
[train] step 439: T=526 positions=16 loss=0.6777 ce=1.6517 tv=0.3959 conf=1.7264 grad_norm=5.9635 tensors_with_grad=69/72
[train] step 440: T=532 positions=16 loss=0.2602 ce=0.6397 tv=0.1525 conf=1.6706 grad_norm=3.9943 tensors_with_grad=69/72
[train] step 441: T=624 positions=16 loss=0.5587 ce=1.4758 tv=0.3382 conf=1.7216 grad_norm=2.7577 tensors_with_grad=69/72
[train] step 442: T=530 positions=16 loss=1.0559 ce=2.2326 tv=0.4346 conf=1.1122 grad_norm=5.6923 tensors_with_grad=69/72
[train] step 443: T=546 positions=16 loss=0.7222 ce=1.3339 tv=0.3240 conf=1.6417 grad_norm=4.4706 tensors_with_grad=69/72
[train] step 444: T=672 positions=16 loss=1.0123 ce=2.8424 tv=0.4338 conf=2.4316 grad_norm=6.1639 tensors_with_grad=69/72
[train] step 445: T=528 positions=16 loss=1.1692 ce=2.3342 tv=0.5054 conf=1.0311 grad_norm=5.1713 tensors_with_grad=69/72
[train] step 446: T=536 positions=16 loss=0.1642 ce=0.4233 tv=0.0964 conf=0.2344 grad_norm=1.0433 tensors_with_grad=69/72
[train] step 447: T=1543 positions=16 loss=1.5944 ce=3.6567 tv=0.4824 conf=1.3056 grad_norm=5.6124 tensors_with_grad=69/72
[train] step 448: T=673 positions=16 loss=1.5220 ce=3.2561 tv=0.5134 conf=1.2244 grad_norm=4.7575 tensors_with_grad=69/72
[train] step 449: T=587 positions=16 loss=0.2329 ce=0.4274 tv=0.1377 conf=1.1661 grad_norm=2.2295 tensors_with_grad=69/72
[train] step 450: T=529 positions=16 loss=0.5164 ce=0.9615 tv=0.3044 conf=1.6907 grad_norm=5.3870 tensors_with_grad=69/72
[train] step 451: T=981 positions=16 loss=1.3105 ce=2.7106 tv=0.4732 conf=1.4036 grad_norm=5.2994 tensors_with_grad=69/72
[train] step 452: T=557 positions=16 loss=0.5745 ce=1.2705 tv=0.2738 conf=0.8829 grad_norm=4.0015 tensors_with_grad=69/72
[train] step 453: T=543 positions=16 loss=0.6756 ce=1.5858 tv=0.3350 conf=1.4496 grad_norm=6.2831 tensors_with_grad=69/72
[train] step 454: T=955 positions=16 loss=0.9668 ce=2.0521 tv=0.3608 conf=1.3059 grad_norm=3.7887 tensors_with_grad=69/72
[train] step 455: T=536 positions=16 loss=0.5228 ce=1.0342 tv=0.3560 conf=1.3487 grad_norm=2.5168 tensors_with_grad=69/72
[train] step 456: T=952 positions=16 loss=1.5853 ce=2.9267 tv=0.4710 conf=1.4142 grad_norm=5.3074 tensors_with_grad=69/72
[train] step 457: T=960 positions=16 loss=1.5830 ce=3.6481 tv=0.4792 conf=2.3132 grad_norm=4.4413 tensors_with_grad=69/72
[train] step 458: T=525 positions=16 loss=1.4702 ce=3.4049 tv=0.5530 conf=1.5505 grad_norm=3.6636 tensors_with_grad=69/72
[train] step 459: T=1031 positions=16 loss=1.3288 ce=3.2002 tv=0.4867 conf=1.7121 grad_norm=4.0710 tensors_with_grad=69/72
[train] step 460: T=674 positions=16 loss=0.9927 ce=1.8580 tv=0.4771 conf=1.5958 grad_norm=3.4543 tensors_with_grad=69/72
[train] step 461: T=1015 positions=16 loss=1.4357 ce=2.9917 tv=0.5210 conf=1.4564 grad_norm=4.9454 tensors_with_grad=69/72
[train] step 462: T=540 positions=16 loss=1.2875 ce=2.4125 tv=0.5578 conf=1.2050 grad_norm=7.3158 tensors_with_grad=69/72
[train] step 463: T=557 positions=16 loss=1.1573 ce=2.5518 tv=0.4912 conf=1.5527 grad_norm=5.5789 tensors_with_grad=69/72
[train] step 464: T=672 positions=16 loss=0.6734 ce=1.8206 tv=0.3533 conf=1.8340 grad_norm=3.1681 tensors_with_grad=69/72
[train] step 465: T=531 positions=16 loss=1.1290 ce=2.4369 tv=0.5548 conf=1.6633 grad_norm=7.0078 tensors_with_grad=69/72
[train] step 466: T=536 positions=16 loss=0.2662 ce=0.7269 tv=0.1504 conf=0.7124 grad_norm=1.9672 tensors_with_grad=69/72
[train] step 467: T=532 positions=16 loss=1.8841 ce=4.0063 tv=0.6303 conf=1.0963 grad_norm=7.4234 tensors_with_grad=69/72
[train] step 468: T=536 positions=16 loss=0.5222 ce=1.4598 tv=0.2801 conf=1.1524 grad_norm=3.8579 tensors_with_grad=69/72
[train] step 469: T=554 positions=16 loss=0.6939 ce=1.3866 tv=0.3967 conf=1.6887 grad_norm=5.1626 tensors_with_grad=69/72
[train] step 470: T=673 positions=16 loss=1.3599 ce=3.0981 tv=0.4963 conf=1.3919 grad_norm=7.6365 tensors_with_grad=69/72
[train] step 471: T=630 positions=16 loss=0.5726 ce=1.2552 tv=0.2693 conf=1.5928 grad_norm=2.2967 tensors_with_grad=69/72
[train] step 472: T=636 positions=16 loss=0.8525 ce=2.3305 tv=0.3604 conf=1.2023 grad_norm=5.5585 tensors_with_grad=69/72
[train] step 473: T=673 positions=16 loss=1.3396 ce=3.0993 tv=0.4887 conf=1.6864 grad_norm=3.2579 tensors_with_grad=69/72
[train] step 474: T=677 positions=16 loss=0.9902 ce=2.1067 tv=0.2959 conf=2.1439 grad_norm=4.2228 tensors_with_grad=69/72
[train] step 475: T=576 positions=16 loss=0.5110 ce=1.1116 tv=0.3339 conf=2.7464 grad_norm=3.1264 tensors_with_grad=69/72
[train] step 476: T=541 positions=16 loss=1.2357 ce=2.5104 tv=0.5330 conf=2.1309 grad_norm=4.2618 tensors_with_grad=69/72
[train] step 477: T=612 positions=16 loss=0.0947 ce=0.2093 tv=0.1369 conf=1.7440 grad_norm=2.0596 tensors_with_grad=69/72
[train] step 478: T=566 positions=16 loss=2.0151 ce=4.5840 tv=0.6203 conf=1.1675 grad_norm=8.2533 tensors_with_grad=69/72
[train] step 479: T=528 positions=16 loss=1.2677 ce=3.0492 tv=0.5730 conf=2.6678 grad_norm=4.7826 tensors_with_grad=69/72
[train] step 480: T=548 positions=16 loss=0.3061 ce=0.7799 tv=0.2006 conf=0.9667 grad_norm=2.7968 tensors_with_grad=69/72
[train] step 481: T=576 positions=16 loss=1.6164 ce=3.2924 tv=0.5058 conf=1.2705 grad_norm=4.0655 tensors_with_grad=69/72
[train] step 482: T=1222 positions=16 loss=1.0072 ce=2.8006 tv=0.3832 conf=2.0109 grad_norm=4.7099 tensors_with_grad=69/72
[train] step 483: T=869 positions=16 loss=1.4443 ce=3.0716 tv=0.4267 conf=0.9796 grad_norm=5.2245 tensors_with_grad=69/72
[train] step 484: T=526 positions=16 loss=0.7884 ce=1.8940 tv=0.4305 conf=2.0029 grad_norm=4.3731 tensors_with_grad=69/72
[train] step 485: T=850 positions=16 loss=1.1530 ce=2.6492 tv=0.4126 conf=1.1205 grad_norm=2.7023 tensors_with_grad=69/72
[train] step 486: T=907 positions=16 loss=1.0045 ce=2.1188 tv=0.3410 conf=2.1392 grad_norm=4.8843 tensors_with_grad=69/72
[train] step 487: T=1184 positions=16 loss=1.7318 ce=3.8943 tv=0.4847 conf=1.1326 grad_norm=4.6980 tensors_with_grad=69/72
[train] step 488: T=592 positions=16 loss=0.7974 ce=2.0999 tv=0.3900 conf=1.0835 grad_norm=5.6901 tensors_with_grad=69/72
[train] step 489: T=531 positions=16 loss=0.7694 ce=1.6542 tv=0.3369 conf=1.5307 grad_norm=5.0138 tensors_with_grad=69/72
[train] step 490: T=599 positions=16 loss=0.2634 ce=0.6745 tv=0.1856 conf=1.3715 grad_norm=2.7761 tensors_with_grad=69/72
[diag] draft-argmax == TARGET-argmax : 62.6%  | == ground-truth token: 61.7%
[diag] mean top-1 prob  target 0.836  draft 0.717   (TV near 1 with a PEAKED draft => misalignment; with a FLAT draft => genuine)
[train] saved 72 trained tensors -> /cap/s3recap-p25-b0.5/c1/trained/mtp_trained.safetensors
[train] saved AdamW state -> /cap/s3recap-p25-b0.5/c1/trained/opt_state.pt (needed for --resume to be equivalent to one continuous run)
[train] metrics -> /cap/s3recap-p25-b0.5/c1/train_metrics.json  (loss 0.8671 -> 0.2634, tail mean 1.0035)
[train] TRAIN OK
