[train] device=cuda torch=2.10.0
  loading model-00046-of-00048.safetensors ...
  loading model-00047-of-00048.safetensors ...
  loading model-00048-of-00048.safetensors ...
  dequantised 1512 tensors, 12.60 B params, 23.5 GiB bf16
[train] weights ready in 8.7s
[train] trainable 517.3 M in 72 tensors | frozen experts 12.08 B
[train] capture: 491 sample(s)
[Gloo] Rank 0 is connected to 0 peer ranks. Expected number of connected peer ranks is : 0
[train] ModelArgs: n_mtp=3 block=5 taps=[40, 41, 42] markov_rank=256
[train] built 3 DSparkBlock(s) on meta
[train] re-materialised freqs_cis on 3 attention module(s) (persistent=False buffers are NOT in state_dict and to_empty() zapped them)
[train] load_state_dict: 0 missing, 0 unexpected
[train] GATE1 model construction OK
[train] aux: embed.weight(129280, 4096), head.weight(129280, 4096)
[train] trainable tensors in graph: 72 / 517.3 M
[train] resumed 72/72 trained tensors from /cap/s3recap-ce1.0/c0/trained/mtp_trained.safetensors
[train] resumed AdamW state: 69/72 tensors carry moments (3 never received a gradient, expected), indices aligned
[train] lr schedule: linear warmup 73 step(s) -> cosine over 1472 session step(s), peak 5e-05; this chunk is steps 491..981
/work/train/train_head.py:115: UserWarning: Converting a tensor with requires_grad=True to a scalar may lead to unexpected behavior.
Consider using tensor.detach() first. (Triggered internally at /opt/pytorch/torch/csrc/autograd/generated/python_variable_methods.cpp:836.)
  parts = {"ce": float((w * ce).sum()), "tv": float((w * tv).sum()), "conf": 0.0}
[train] step 0: T=675 positions=16 loss=1.4951 ce=1.4951 tv=0.4105 conf=1.5552 grad_norm=13.6917 tensors_with_grad=69/72
[train] step 1: T=593 positions=16 loss=0.8717 ce=0.8717 tv=0.2013 conf=1.1837 grad_norm=27.1462 tensors_with_grad=69/72
[train] step 2: T=984 positions=16 loss=3.2911 ce=3.2911 tv=0.4068 conf=1.3582 grad_norm=16.3167 tensors_with_grad=69/72
[train] step 3: T=672 positions=16 loss=1.1917 ce=1.1917 tv=0.3165 conf=1.7975 grad_norm=11.0127 tensors_with_grad=69/72
[train] step 4: T=675 positions=16 loss=1.5546 ce=1.5546 tv=0.3521 conf=2.1076 grad_norm=10.9386 tensors_with_grad=69/72
[train] step 5: T=1257 positions=16 loss=4.1526 ce=4.1526 tv=0.5142 conf=1.1173 grad_norm=22.3425 tensors_with_grad=69/72
[train] step 6: T=673 positions=16 loss=2.6678 ce=2.6678 tv=0.5482 conf=2.2754 grad_norm=11.4791 tensors_with_grad=69/72
[train] step 7: T=535 positions=16 loss=0.9068 ce=0.9068 tv=0.2433 conf=0.6703 grad_norm=5.3915 tensors_with_grad=69/72
[train] step 8: T=608 positions=16 loss=1.5427 ce=1.5427 tv=0.4028 conf=1.9263 grad_norm=13.0800 tensors_with_grad=69/72
[train] step 9: T=524 positions=16 loss=3.2150 ce=3.2150 tv=0.6241 conf=1.6558 grad_norm=15.8007 tensors_with_grad=69/72
[train] step 10: T=629 positions=16 loss=1.1615 ce=1.1615 tv=0.3154 conf=1.2417 grad_norm=13.1591 tensors_with_grad=69/72
[train] step 11: T=533 positions=16 loss=1.1637 ce=1.1637 tv=0.3028 conf=1.0943 grad_norm=12.2098 tensors_with_grad=69/72
[train] step 12: T=524 positions=16 loss=2.4443 ce=2.4443 tv=0.5471 conf=2.0215 grad_norm=13.7269 tensors_with_grad=69/72
[train] step 13: T=672 positions=16 loss=2.2908 ce=2.2908 tv=0.5032 conf=1.2575 grad_norm=16.4514 tensors_with_grad=69/72
[train] step 14: T=597 positions=16 loss=1.0740 ce=1.0740 tv=0.2781 conf=1.3696 grad_norm=10.5845 tensors_with_grad=69/72
[train] step 15: T=605 positions=16 loss=1.5125 ce=1.5125 tv=0.4360 conf=1.7081 grad_norm=12.5202 tensors_with_grad=69/72
[train] step 16: T=672 positions=16 loss=3.0226 ce=3.0226 tv=0.5418 conf=2.4127 grad_norm=12.9902 tensors_with_grad=69/72
[train] step 17: T=524 positions=16 loss=2.3775 ce=2.3775 tv=0.5054 conf=2.6859 grad_norm=17.3002 tensors_with_grad=69/72
[train] step 18: T=533 positions=16 loss=0.5556 ce=0.5556 tv=0.1625 conf=0.5982 grad_norm=5.4737 tensors_with_grad=69/72
[train] step 19: T=609 positions=16 loss=1.3466 ce=1.3466 tv=0.3788 conf=1.6736 grad_norm=14.1790 tensors_with_grad=69/72
[train] step 20: T=622 positions=16 loss=1.8148 ce=1.8148 tv=0.4256 conf=1.6131 grad_norm=15.9090 tensors_with_grad=69/72
[train] step 21: T=932 positions=16 loss=2.3669 ce=2.3669 tv=0.4451 conf=1.9201 grad_norm=25.9591 tensors_with_grad=69/72
[train] step 22: T=529 positions=16 loss=2.6977 ce=2.6977 tv=0.3952 conf=2.5110 grad_norm=17.9693 tensors_with_grad=69/72
[train] step 23: T=677 positions=16 loss=2.6578 ce=2.6578 tv=0.4857 conf=2.8389 grad_norm=14.0104 tensors_with_grad=69/72
[train] step 24: T=1210 positions=16 loss=4.2393 ce=4.2393 tv=0.4809 conf=1.6751 grad_norm=21.2860 tensors_with_grad=69/72
[train] step 25: T=533 positions=16 loss=1.0801 ce=1.0801 tv=0.2056 conf=1.3515 grad_norm=15.5029 tensors_with_grad=69/72
[train] step 26: T=618 positions=16 loss=1.4891 ce=1.4891 tv=0.3493 conf=2.4847 grad_norm=16.6393 tensors_with_grad=69/72
[train] step 27: T=530 positions=16 loss=1.8895 ce=1.8895 tv=0.3188 conf=1.1453 grad_norm=12.5862 tensors_with_grad=69/72
[train] step 28: T=527 positions=16 loss=1.6905 ce=1.6905 tv=0.4192 conf=1.9915 grad_norm=9.6195 tensors_with_grad=69/72
[train] step 29: T=924 positions=16 loss=2.5918 ce=2.5918 tv=0.4426 conf=2.1216 grad_norm=15.4408 tensors_with_grad=69/72
[train] step 30: T=550 positions=16 loss=2.6935 ce=2.6935 tv=0.5232 conf=2.6722 grad_norm=11.5261 tensors_with_grad=69/72
[train] step 31: T=653 positions=16 loss=3.2553 ce=3.2553 tv=0.5327 conf=3.6030 grad_norm=15.1581 tensors_with_grad=69/72
[train] step 32: T=659 positions=16 loss=2.1912 ce=2.1912 tv=0.3986 conf=0.7150 grad_norm=7.6257 tensors_with_grad=69/72
[train] step 33: T=535 positions=16 loss=0.8588 ce=0.8588 tv=0.2108 conf=1.4822 grad_norm=14.6619 tensors_with_grad=69/72
[train] step 34: T=675 positions=16 loss=2.0759 ce=2.0759 tv=0.5099 conf=2.4909 grad_norm=11.4285 tensors_with_grad=69/72
[train] step 35: T=624 positions=16 loss=0.9322 ce=0.9322 tv=0.2887 conf=2.5580 grad_norm=17.0792 tensors_with_grad=69/72
[train] step 36: T=634 positions=16 loss=2.2491 ce=2.2491 tv=0.4470 conf=1.6398 grad_norm=15.0138 tensors_with_grad=69/72
[train] step 37: T=547 positions=16 loss=1.6697 ce=1.6697 tv=0.3817 conf=2.0971 grad_norm=16.6164 tensors_with_grad=69/72
[train] step 38: T=536 positions=16 loss=1.6994 ce=1.6994 tv=0.3574 conf=4.0931 grad_norm=17.9983 tensors_with_grad=69/72
[train] step 39: T=672 positions=16 loss=0.5094 ce=0.5094 tv=0.1792 conf=1.1595 grad_norm=11.6219 tensors_with_grad=69/72
[train] step 40: T=673 positions=16 loss=1.0010 ce=1.0010 tv=0.2642 conf=3.1193 grad_norm=11.8134 tensors_with_grad=69/72
[train] step 41: T=574 positions=16 loss=2.7237 ce=2.7237 tv=0.4515 conf=1.4443 grad_norm=20.3484 tensors_with_grad=69/72
[train] step 42: T=673 positions=16 loss=1.9593 ce=1.9593 tv=0.5001 conf=2.0999 grad_norm=12.5685 tensors_with_grad=69/72
[train] step 43: T=1093 positions=16 loss=3.3381 ce=3.3381 tv=0.5038 conf=2.2631 grad_norm=15.4295 tensors_with_grad=69/72
[train] step 44: T=572 positions=16 loss=3.1133 ce=3.1133 tv=0.5218 conf=3.1386 grad_norm=16.6485 tensors_with_grad=69/72
[train] step 45: T=607 positions=16 loss=2.2143 ce=2.2143 tv=0.4018 conf=1.3086 grad_norm=33.8751 tensors_with_grad=69/72
[train] step 46: T=604 positions=16 loss=0.9059 ce=0.9059 tv=0.2815 conf=2.5911 grad_norm=27.4152 tensors_with_grad=69/72
[train] step 47: T=674 positions=16 loss=2.1830 ce=2.1830 tv=0.3353 conf=2.2903 grad_norm=16.2479 tensors_with_grad=69/72
[train] step 48: T=529 positions=16 loss=1.8122 ce=1.8122 tv=0.4240 conf=3.8462 grad_norm=17.7494 tensors_with_grad=69/72
[train] step 49: T=674 positions=16 loss=0.7656 ce=0.7656 tv=0.2171 conf=2.8905 grad_norm=20.4112 tensors_with_grad=69/72
[train] step 50: T=983 positions=16 loss=2.9575 ce=2.9575 tv=0.3792 conf=1.4376 grad_norm=16.3378 tensors_with_grad=69/72
[train] step 51: T=531 positions=16 loss=0.6691 ce=0.6691 tv=0.2004 conf=1.4707 grad_norm=18.0100 tensors_with_grad=69/72
[train] step 52: T=643 positions=16 loss=2.4854 ce=2.4854 tv=0.5340 conf=2.7257 grad_norm=26.2727 tensors_with_grad=69/72
[train] step 53: T=672 positions=16 loss=1.6549 ce=1.6549 tv=0.3258 conf=1.1281 grad_norm=15.8958 tensors_with_grad=69/72
[train] step 54: T=577 positions=16 loss=1.0359 ce=1.0359 tv=0.2959 conf=1.1663 grad_norm=13.1263 tensors_with_grad=69/72
[train] step 55: T=540 positions=16 loss=0.9712 ce=0.9712 tv=0.2564 conf=1.4008 grad_norm=10.2799 tensors_with_grad=69/72
[train] step 56: T=1793 positions=16 loss=3.2883 ce=3.2883 tv=0.5041 conf=2.3721 grad_norm=15.7630 tensors_with_grad=69/72
[train] step 57: T=1349 positions=16 loss=3.3237 ce=3.3237 tv=0.5184 conf=1.7772 grad_norm=27.7469 tensors_with_grad=69/72
[train] step 58: T=658 positions=16 loss=2.3070 ce=2.3070 tv=0.4820 conf=1.6754 grad_norm=14.3549 tensors_with_grad=69/72
[train] step 59: T=537 positions=16 loss=3.0379 ce=3.0379 tv=0.4252 conf=1.9251 grad_norm=14.5415 tensors_with_grad=69/72
[train] step 60: T=532 positions=16 loss=0.9594 ce=0.9594 tv=0.2831 conf=1.3446 grad_norm=17.8989 tensors_with_grad=69/72
[train] step 61: T=591 positions=16 loss=1.5400 ce=1.5400 tv=0.2435 conf=0.4994 grad_norm=19.0324 tensors_with_grad=69/72
[train] step 62: T=525 positions=16 loss=2.4772 ce=2.4772 tv=0.4581 conf=1.2381 grad_norm=15.2047 tensors_with_grad=69/72
[train] step 63: T=526 positions=16 loss=0.9289 ce=0.9289 tv=0.2595 conf=1.1292 grad_norm=16.9224 tensors_with_grad=69/72
[train] step 64: T=588 positions=16 loss=0.5789 ce=0.5789 tv=0.1755 conf=1.0626 grad_norm=15.0463 tensors_with_grad=69/72
[train] step 65: T=605 positions=16 loss=1.1326 ce=1.1326 tv=0.1671 conf=0.7117 grad_norm=14.0526 tensors_with_grad=69/72
[train] step 66: T=532 positions=16 loss=0.8382 ce=0.8382 tv=0.2056 conf=1.3323 grad_norm=6.9269 tensors_with_grad=69/72
[train] step 67: T=980 positions=16 loss=2.7688 ce=2.7688 tv=0.5097 conf=1.9046 grad_norm=13.0171 tensors_with_grad=69/72
[train] step 68: T=533 positions=16 loss=3.1166 ce=3.1166 tv=0.5324 conf=0.7658 grad_norm=32.8885 tensors_with_grad=69/72
[train] step 69: T=563 positions=16 loss=0.9299 ce=0.9299 tv=0.1992 conf=0.6798 grad_norm=8.6013 tensors_with_grad=69/72
[train] step 70: T=532 positions=16 loss=1.1384 ce=1.1384 tv=0.2404 conf=1.8051 grad_norm=10.2981 tensors_with_grad=69/72
[train] step 71: T=584 positions=16 loss=1.8471 ce=1.8471 tv=0.4004 conf=1.9390 grad_norm=10.4862 tensors_with_grad=69/72
[train] step 72: T=534 positions=16 loss=2.2458 ce=2.2458 tv=0.2994 conf=0.8263 grad_norm=19.3348 tensors_with_grad=69/72
[train] step 73: T=528 positions=16 loss=1.8116 ce=1.8116 tv=0.4088 conf=1.8545 grad_norm=14.3984 tensors_with_grad=69/72
[train] step 74: T=539 positions=16 loss=0.6554 ce=0.6554 tv=0.1615 conf=1.3866 grad_norm=12.7780 tensors_with_grad=69/72
[train] step 75: T=650 positions=16 loss=0.8308 ce=0.8308 tv=0.1370 conf=1.5103 grad_norm=15.5645 tensors_with_grad=69/72
[train] step 76: T=550 positions=16 loss=1.1672 ce=1.1672 tv=0.3170 conf=2.1328 grad_norm=11.1503 tensors_with_grad=69/72
[train] step 77: T=676 positions=16 loss=1.7403 ce=1.7403 tv=0.3912 conf=2.3420 grad_norm=24.5267 tensors_with_grad=69/72
[train] step 78: T=676 positions=16 loss=2.1199 ce=2.1199 tv=0.4032 conf=1.9541 grad_norm=17.2759 tensors_with_grad=69/72
[train] step 79: T=530 positions=16 loss=2.5673 ce=2.5673 tv=0.4749 conf=0.8973 grad_norm=21.4975 tensors_with_grad=69/72
[train] step 80: T=576 positions=16 loss=2.7366 ce=2.7366 tv=0.5387 conf=2.7118 grad_norm=23.0898 tensors_with_grad=69/72
[train] step 81: T=598 positions=16 loss=1.5593 ce=1.5593 tv=0.3646 conf=2.5772 grad_norm=62.0937 tensors_with_grad=69/72
[train] step 82: T=531 positions=16 loss=0.8546 ce=0.8546 tv=0.2345 conf=2.0229 grad_norm=6.6594 tensors_with_grad=69/72
[train] step 83: T=1060 positions=16 loss=3.3848 ce=3.3848 tv=0.4790 conf=2.1199 grad_norm=15.9988 tensors_with_grad=69/72
[train] step 84: T=563 positions=16 loss=1.5297 ce=1.5297 tv=0.3387 conf=2.4146 grad_norm=11.4514 tensors_with_grad=69/72
[train] step 85: T=644 positions=16 loss=0.3128 ce=0.3128 tv=0.1329 conf=0.8780 grad_norm=5.5130 tensors_with_grad=69/72
[train] step 86: T=621 positions=16 loss=0.7209 ce=0.7209 tv=0.1680 conf=1.5735 grad_norm=10.8013 tensors_with_grad=69/72
[train] step 87: T=641 positions=16 loss=1.5431 ce=1.5431 tv=0.2919 conf=2.1469 grad_norm=15.2844 tensors_with_grad=69/72
[train] step 88: T=528 positions=16 loss=0.8363 ce=0.8363 tv=0.1225 conf=2.1037 grad_norm=9.4137 tensors_with_grad=69/72
[train] step 89: T=602 positions=16 loss=1.7955 ce=1.7955 tv=0.3939 conf=1.4780 grad_norm=17.1734 tensors_with_grad=69/72
[train] step 90: T=538 positions=16 loss=2.3905 ce=2.3905 tv=0.3644 conf=2.1899 grad_norm=25.9742 tensors_with_grad=69/72
[train] step 91: T=538 positions=16 loss=0.1617 ce=0.1617 tv=0.0737 conf=0.9316 grad_norm=5.2436 tensors_with_grad=69/72
[train] step 92: T=542 positions=16 loss=0.3482 ce=0.3482 tv=0.1895 conf=1.6136 grad_norm=8.4765 tensors_with_grad=69/72
[train] step 93: T=673 positions=16 loss=2.2971 ce=2.2971 tv=0.4977 conf=2.3091 grad_norm=18.8292 tensors_with_grad=69/72
[train] step 94: T=597 positions=16 loss=1.4695 ce=1.4695 tv=0.3345 conf=1.6660 grad_norm=14.8725 tensors_with_grad=69/72
[train] step 95: T=537 positions=16 loss=0.7378 ce=0.7378 tv=0.2576 conf=1.3068 grad_norm=11.2615 tensors_with_grad=69/72
[train] step 96: T=533 positions=16 loss=0.1926 ce=0.1926 tv=0.0984 conf=0.8986 grad_norm=5.1757 tensors_with_grad=69/72
[train] step 97: T=674 positions=16 loss=1.6556 ce=1.6556 tv=0.4009 conf=2.4356 grad_norm=11.0363 tensors_with_grad=69/72
[train] step 98: T=550 positions=16 loss=0.1806 ce=0.1806 tv=0.0890 conf=0.8226 grad_norm=3.3200 tensors_with_grad=69/72
[train] step 99: T=621 positions=16 loss=1.1226 ce=1.1226 tv=0.2732 conf=1.0105 grad_norm=14.4682 tensors_with_grad=69/72
[train] step 100: T=535 positions=16 loss=1.6735 ce=1.6735 tv=0.4608 conf=1.6598 grad_norm=19.3768 tensors_with_grad=69/72
[train] step 101: T=526 positions=16 loss=2.1539 ce=2.1539 tv=0.3128 conf=1.1190 grad_norm=20.7783 tensors_with_grad=69/72
[train] step 102: T=987 positions=16 loss=2.7030 ce=2.7030 tv=0.4462 conf=1.6485 grad_norm=14.9946 tensors_with_grad=69/72
[train] step 103: T=673 positions=16 loss=2.3629 ce=2.3629 tv=0.5720 conf=2.2629 grad_norm=14.9027 tensors_with_grad=69/72
[train] step 104: T=532 positions=16 loss=2.1576 ce=2.1576 tv=0.3379 conf=2.6567 grad_norm=17.3860 tensors_with_grad=69/72
[train] step 105: T=675 positions=16 loss=2.2979 ce=2.2979 tv=0.4182 conf=1.7241 grad_norm=23.1822 tensors_with_grad=69/72
[train] step 106: T=553 positions=16 loss=1.4755 ce=1.4755 tv=0.2865 conf=2.0780 grad_norm=17.6643 tensors_with_grad=69/72
[train] step 107: T=673 positions=16 loss=2.8228 ce=2.8228 tv=0.4430 conf=1.9385 grad_norm=34.9682 tensors_with_grad=69/72
[train] step 108: T=526 positions=16 loss=1.0311 ce=1.0311 tv=0.3486 conf=0.9442 grad_norm=11.3504 tensors_with_grad=69/72
[train] step 109: T=533 positions=16 loss=1.2536 ce=1.2536 tv=0.2844 conf=0.7121 grad_norm=20.5659 tensors_with_grad=69/72
[train] step 110: T=1795 positions=16 loss=3.5845 ce=3.5845 tv=0.5102 conf=2.2568 grad_norm=10.0129 tensors_with_grad=69/72
[train] step 111: T=536 positions=16 loss=0.6549 ce=0.6549 tv=0.2224 conf=1.6852 grad_norm=10.1857 tensors_with_grad=69/72
[train] step 112: T=676 positions=16 loss=2.3068 ce=2.3068 tv=0.4553 conf=1.3687 grad_norm=22.6278 tensors_with_grad=69/72
[train] step 113: T=586 positions=16 loss=0.5908 ce=0.5908 tv=0.1513 conf=2.3984 grad_norm=7.4998 tensors_with_grad=69/72
[train] step 114: T=553 positions=16 loss=1.5349 ce=1.5349 tv=0.3548 conf=1.5571 grad_norm=18.9544 tensors_with_grad=69/72
[train] step 115: T=614 positions=16 loss=0.6734 ce=0.6734 tv=0.1738 conf=0.7586 grad_norm=10.8248 tensors_with_grad=69/72
[train] step 116: T=530 positions=16 loss=1.0218 ce=1.0218 tv=0.2670 conf=3.0871 grad_norm=14.8329 tensors_with_grad=69/72
[train] step 117: T=597 positions=16 loss=0.0639 ce=0.0639 tv=0.1291 conf=2.1219 grad_norm=3.6154 tensors_with_grad=69/72
[train] step 118: T=628 positions=16 loss=1.2998 ce=1.2998 tv=0.3082 conf=2.2519 grad_norm=13.1140 tensors_with_grad=69/72
[train] step 119: T=672 positions=16 loss=3.0862 ce=3.0862 tv=0.6010 conf=1.8850 grad_norm=18.0364 tensors_with_grad=69/72
[train] step 120: T=672 positions=16 loss=3.2003 ce=3.2003 tv=0.5708 conf=1.8561 grad_norm=12.1354 tensors_with_grad=69/72
[train] step 121: T=593 positions=16 loss=0.4372 ce=0.4372 tv=0.1432 conf=1.4129 grad_norm=12.2517 tensors_with_grad=69/72
[train] step 122: T=576 positions=16 loss=2.2464 ce=2.2464 tv=0.4541 conf=1.6012 grad_norm=16.0821 tensors_with_grad=69/72
[train] step 123: T=669 positions=16 loss=0.6772 ce=0.6772 tv=0.1883 conf=1.7374 grad_norm=10.7367 tensors_with_grad=69/72
[train] step 124: T=530 positions=16 loss=2.8861 ce=2.8861 tv=0.5879 conf=1.9856 grad_norm=14.6397 tensors_with_grad=69/72
[train] step 125: T=678 positions=16 loss=1.2289 ce=1.2289 tv=0.3757 conf=1.6144 grad_norm=13.2361 tensors_with_grad=69/72
[train] step 126: T=675 positions=16 loss=1.7931 ce=1.7931 tv=0.3493 conf=1.2686 grad_norm=12.1013 tensors_with_grad=69/72
[train] step 127: T=537 positions=16 loss=1.0930 ce=1.0930 tv=0.2221 conf=0.6897 grad_norm=12.7291 tensors_with_grad=69/72
[train] step 128: T=577 positions=16 loss=1.3224 ce=1.3224 tv=0.3094 conf=1.3947 grad_norm=8.2343 tensors_with_grad=69/72
[train] step 129: T=613 positions=16 loss=0.9508 ce=0.9508 tv=0.2068 conf=0.5368 grad_norm=8.1410 tensors_with_grad=69/72
[train] step 130: T=548 positions=16 loss=1.1014 ce=1.1014 tv=0.2211 conf=0.6571 grad_norm=12.1411 tensors_with_grad=69/72
[train] step 131: T=526 positions=16 loss=2.5246 ce=2.5246 tv=0.5558 conf=2.0185 grad_norm=16.6077 tensors_with_grad=69/72
[train] step 132: T=607 positions=16 loss=0.5804 ce=0.5804 tv=0.1102 conf=0.7538 grad_norm=12.2297 tensors_with_grad=69/72
[train] step 133: T=674 positions=16 loss=1.4227 ce=1.4227 tv=0.2954 conf=1.3958 grad_norm=18.5457 tensors_with_grad=69/72
[train] step 134: T=1001 positions=16 loss=2.9024 ce=2.9024 tv=0.4621 conf=2.2325 grad_norm=10.9089 tensors_with_grad=69/72
[train] step 135: T=537 positions=16 loss=2.0664 ce=2.0664 tv=0.3072 conf=0.4569 grad_norm=11.5916 tensors_with_grad=69/72
[train] step 136: T=534 positions=16 loss=0.1385 ce=0.1385 tv=0.0971 conf=0.2044 grad_norm=2.0235 tensors_with_grad=69/72
[train] step 137: T=542 positions=16 loss=1.0278 ce=1.0278 tv=0.3051 conf=1.3150 grad_norm=16.6592 tensors_with_grad=69/72
[train] step 138: T=676 positions=16 loss=2.5005 ce=2.5005 tv=0.6100 conf=1.7244 grad_norm=14.0884 tensors_with_grad=69/72
[train] step 139: T=536 positions=16 loss=1.0401 ce=1.0401 tv=0.1766 conf=1.4141 grad_norm=12.2110 tensors_with_grad=69/72
[train] step 140: T=524 positions=16 loss=2.5632 ce=2.5632 tv=0.4513 conf=1.2081 grad_norm=14.1553 tensors_with_grad=69/72
[train] step 141: T=563 positions=16 loss=1.3566 ce=1.3566 tv=0.2467 conf=1.0243 grad_norm=16.3798 tensors_with_grad=69/72
[train] step 142: T=617 positions=16 loss=1.1858 ce=1.1858 tv=0.3092 conf=1.6084 grad_norm=13.6685 tensors_with_grad=69/72
[train] step 143: T=537 positions=16 loss=0.6180 ce=0.6180 tv=0.2446 conf=2.3434 grad_norm=17.9715 tensors_with_grad=69/72
[train] step 144: T=621 positions=16 loss=0.8083 ce=0.8083 tv=0.2985 conf=1.2951 grad_norm=14.6361 tensors_with_grad=69/72
[train] step 145: T=672 positions=16 loss=1.9610 ce=1.9610 tv=0.4225 conf=2.5504 grad_norm=9.3736 tensors_with_grad=69/72
[train] step 146: T=631 positions=16 loss=0.4679 ce=0.4679 tv=0.1738 conf=1.6763 grad_norm=7.2665 tensors_with_grad=69/72
[train] step 147: T=528 positions=16 loss=1.3096 ce=1.3096 tv=0.2591 conf=2.0633 grad_norm=11.8244 tensors_with_grad=69/72
[train] step 148: T=1043 positions=16 loss=3.3666 ce=3.3666 tv=0.4905 conf=2.6438 grad_norm=17.6107 tensors_with_grad=69/72
[train] step 149: T=584 positions=16 loss=1.1589 ce=1.1589 tv=0.1740 conf=1.2004 grad_norm=8.9857 tensors_with_grad=69/72
[train] step 150: T=656 positions=16 loss=1.6333 ce=1.6333 tv=0.3989 conf=2.5268 grad_norm=9.9025 tensors_with_grad=69/72
[train] step 151: T=673 positions=16 loss=2.0046 ce=2.0046 tv=0.4285 conf=1.6776 grad_norm=14.7863 tensors_with_grad=69/72
[train] step 152: T=532 positions=16 loss=0.8704 ce=0.8704 tv=0.1550 conf=1.3760 grad_norm=18.1523 tensors_with_grad=69/72
[train] step 153: T=629 positions=16 loss=0.5219 ce=0.5219 tv=0.1860 conf=1.0601 grad_norm=10.8571 tensors_with_grad=69/72
[train] step 154: T=546 positions=16 loss=1.9212 ce=1.9212 tv=0.4346 conf=1.1514 grad_norm=11.8923 tensors_with_grad=69/72
[train] step 155: T=576 positions=16 loss=1.5912 ce=1.5912 tv=0.3523 conf=1.7721 grad_norm=21.7043 tensors_with_grad=69/72
[train] step 156: T=607 positions=16 loss=0.9936 ce=0.9936 tv=0.2491 conf=1.6881 grad_norm=29.4436 tensors_with_grad=69/72
[train] step 157: T=582 positions=16 loss=1.9755 ce=1.9755 tv=0.4067 conf=1.8296 grad_norm=16.7644 tensors_with_grad=69/72
[train] step 158: T=919 positions=16 loss=2.2857 ce=2.2857 tv=0.4446 conf=1.4302 grad_norm=10.2179 tensors_with_grad=69/72
[train] step 159: T=531 positions=16 loss=0.8763 ce=0.8763 tv=0.1483 conf=0.9488 grad_norm=11.4527 tensors_with_grad=69/72
[train] step 160: T=650 positions=16 loss=0.5026 ce=0.5026 tv=0.2128 conf=0.9540 grad_norm=15.8236 tensors_with_grad=69/72
[train] step 161: T=1101 positions=16 loss=3.0132 ce=3.0132 tv=0.4858 conf=2.4707 grad_norm=17.9368 tensors_with_grad=69/72
[train] step 162: T=618 positions=16 loss=0.8119 ce=0.8119 tv=0.2487 conf=1.3251 grad_norm=7.1034 tensors_with_grad=69/72
[train] step 163: T=1573 positions=16 loss=3.5227 ce=3.5227 tv=0.4271 conf=1.0524 grad_norm=16.9314 tensors_with_grad=69/72
[train] step 164: T=675 positions=16 loss=1.4428 ce=1.4428 tv=0.2824 conf=1.6826 grad_norm=15.8807 tensors_with_grad=69/72
[train] step 165: T=677 positions=16 loss=0.8806 ce=0.8806 tv=0.2452 conf=0.8474 grad_norm=14.5201 tensors_with_grad=69/72
[train] step 166: T=678 positions=16 loss=2.9387 ce=2.9387 tv=0.5671 conf=1.7406 grad_norm=29.5813 tensors_with_grad=69/72
[train] step 167: T=618 positions=16 loss=0.1314 ce=0.1314 tv=0.1470 conf=1.0399 grad_norm=8.2919 tensors_with_grad=69/72
[train] step 168: T=540 positions=16 loss=0.5314 ce=0.5314 tv=0.1833 conf=0.6910 grad_norm=10.5065 tensors_with_grad=69/72
[train] step 169: T=537 positions=16 loss=0.6760 ce=0.6760 tv=0.1945 conf=0.7856 grad_norm=17.5016 tensors_with_grad=69/72
[train] step 170: T=637 positions=16 loss=0.4853 ce=0.4853 tv=0.1622 conf=0.5889 grad_norm=16.0526 tensors_with_grad=69/72
[train] step 171: T=675 positions=16 loss=1.0079 ce=1.0079 tv=0.2850 conf=1.5492 grad_norm=11.1157 tensors_with_grad=69/72
[train] step 172: T=670 positions=16 loss=1.6968 ce=1.6968 tv=0.3367 conf=1.7182 grad_norm=28.6991 tensors_with_grad=69/72
[train] step 173: T=529 positions=16 loss=1.3682 ce=1.3682 tv=0.3416 conf=1.9742 grad_norm=13.9668 tensors_with_grad=69/72
[train] step 174: T=615 positions=16 loss=0.9219 ce=0.9219 tv=0.2267 conf=1.1661 grad_norm=14.3919 tensors_with_grad=69/72
[train] step 175: T=529 positions=16 loss=2.6504 ce=2.6504 tv=0.5526 conf=1.8480 grad_norm=24.3682 tensors_with_grad=69/72
[train] step 176: T=889 positions=16 loss=1.6765 ce=1.6765 tv=0.3180 conf=1.7135 grad_norm=12.1139 tensors_with_grad=69/72
[train] step 177: T=676 positions=16 loss=1.3403 ce=1.3403 tv=0.3540 conf=2.4806 grad_norm=8.1580 tensors_with_grad=69/72
[train] step 178: T=545 positions=16 loss=0.7126 ce=0.7126 tv=0.1187 conf=0.4904 grad_norm=7.5086 tensors_with_grad=69/72
[train] step 179: T=669 positions=16 loss=1.6608 ce=1.6608 tv=0.3806 conf=1.7780 grad_norm=10.9083 tensors_with_grad=69/72
[train] step 180: T=672 positions=16 loss=0.8947 ce=0.8947 tv=0.2633 conf=2.3780 grad_norm=13.1989 tensors_with_grad=69/72
[train] step 181: T=546 positions=16 loss=0.9685 ce=0.9685 tv=0.3249 conf=1.0468 grad_norm=7.2186 tensors_with_grad=69/72
[train] step 182: T=532 positions=16 loss=1.6789 ce=1.6789 tv=0.3096 conf=0.5310 grad_norm=17.2475 tensors_with_grad=69/72
[train] step 183: T=1190 positions=16 loss=2.9910 ce=2.9910 tv=0.4411 conf=2.6310 grad_norm=14.4180 tensors_with_grad=69/72
[train] step 184: T=611 positions=16 loss=0.9249 ce=0.9249 tv=0.3185 conf=1.3603 grad_norm=16.0660 tensors_with_grad=69/72
[train] step 185: T=526 positions=16 loss=0.5777 ce=0.5777 tv=0.1525 conf=0.9335 grad_norm=13.6144 tensors_with_grad=69/72
[train] step 186: T=673 positions=16 loss=3.4110 ce=3.4110 tv=0.6189 conf=2.7576 grad_norm=18.8051 tensors_with_grad=69/72
[train] step 187: T=539 positions=16 loss=0.4795 ce=0.4795 tv=0.1745 conf=0.6899 grad_norm=11.3263 tensors_with_grad=69/72
[train] step 188: T=526 positions=16 loss=2.0479 ce=2.0479 tv=0.2766 conf=2.3277 grad_norm=11.9200 tensors_with_grad=69/72
[train] step 189: T=675 positions=16 loss=1.1234 ce=1.1234 tv=0.3103 conf=2.9620 grad_norm=9.1421 tensors_with_grad=69/72
[train] step 190: T=552 positions=16 loss=2.2131 ce=2.2131 tv=0.1600 conf=1.0715 grad_norm=10.7588 tensors_with_grad=69/72
[train] step 191: T=616 positions=16 loss=2.0635 ce=2.0635 tv=0.4352 conf=2.4103 grad_norm=25.8116 tensors_with_grad=69/72
[train] step 192: T=528 positions=16 loss=2.2690 ce=2.2690 tv=0.4675 conf=2.1995 grad_norm=14.6494 tensors_with_grad=69/72
[train] step 193: T=525 positions=16 loss=3.3930 ce=3.3930 tv=0.5937 conf=3.3717 grad_norm=16.1239 tensors_with_grad=69/72
[train] step 194: T=675 positions=16 loss=1.8542 ce=1.8542 tv=0.3956 conf=1.4972 grad_norm=15.7343 tensors_with_grad=69/72
[train] step 195: T=611 positions=16 loss=1.4059 ce=1.4059 tv=0.2788 conf=1.5105 grad_norm=18.1988 tensors_with_grad=69/72
[train] step 196: T=594 positions=16 loss=2.9595 ce=2.9595 tv=0.4962 conf=2.0529 grad_norm=23.5617 tensors_with_grad=69/72
[train] step 197: T=654 positions=16 loss=1.9733 ce=1.9733 tv=0.3799 conf=1.8657 grad_norm=20.1978 tensors_with_grad=69/72
[train] step 198: T=539 positions=16 loss=0.5788 ce=0.5788 tv=0.1514 conf=0.6666 grad_norm=13.0572 tensors_with_grad=69/72
[train] step 199: T=529 positions=16 loss=2.1696 ce=2.1696 tv=0.2908 conf=3.0018 grad_norm=22.8214 tensors_with_grad=69/72
[train] step 200: T=631 positions=16 loss=2.4058 ce=2.4058 tv=0.3257 conf=2.1551 grad_norm=29.4256 tensors_with_grad=69/72
[train] step 201: T=533 positions=16 loss=0.7175 ce=0.7175 tv=0.1820 conf=1.5491 grad_norm=8.0805 tensors_with_grad=69/72
[train] step 202: T=537 positions=16 loss=0.7683 ce=0.7683 tv=0.1773 conf=0.7210 grad_norm=14.4508 tensors_with_grad=69/72
[train] step 203: T=525 positions=16 loss=3.4482 ce=3.4482 tv=0.6345 conf=3.6800 grad_norm=27.3813 tensors_with_grad=69/72
[train] step 204: T=851 positions=16 loss=2.0648 ce=2.0648 tv=0.4286 conf=2.4428 grad_norm=28.8799 tensors_with_grad=69/72
[train] step 205: T=551 positions=16 loss=1.1904 ce=1.1904 tv=0.2910 conf=2.4195 grad_norm=13.7722 tensors_with_grad=69/72
[train] step 206: T=897 positions=16 loss=3.0833 ce=3.0833 tv=0.4181 conf=2.6542 grad_norm=17.0380 tensors_with_grad=69/72
[train] step 207: T=603 positions=16 loss=0.1589 ce=0.1589 tv=0.1104 conf=1.6048 grad_norm=5.3344 tensors_with_grad=69/72
[train] step 208: T=578 positions=16 loss=3.2577 ce=3.2577 tv=0.5099 conf=2.5006 grad_norm=28.0723 tensors_with_grad=69/72
[train] step 209: T=532 positions=16 loss=0.8207 ce=0.8207 tv=0.2039 conf=2.5376 grad_norm=11.0463 tensors_with_grad=69/72
[train] step 210: T=675 positions=16 loss=0.8538 ce=0.8538 tv=0.2369 conf=3.0401 grad_norm=12.9357 tensors_with_grad=69/72
[train] step 211: T=536 positions=16 loss=1.1168 ce=1.1168 tv=0.1774 conf=0.7023 grad_norm=21.0020 tensors_with_grad=69/72
[train] step 212: T=526 positions=16 loss=1.9018 ce=1.9018 tv=0.4053 conf=3.1273 grad_norm=14.5174 tensors_with_grad=69/72
[train] step 213: T=530 positions=16 loss=1.0778 ce=1.0778 tv=0.3300 conf=4.8219 grad_norm=22.2129 tensors_with_grad=69/72
[train] step 214: T=527 positions=16 loss=3.3398 ce=3.3398 tv=0.5185 conf=3.0780 grad_norm=18.6831 tensors_with_grad=69/72
[train] step 215: T=535 positions=16 loss=0.2938 ce=0.2938 tv=0.1281 conf=0.6939 grad_norm=6.7016 tensors_with_grad=69/72
[train] step 216: T=531 positions=16 loss=2.0420 ce=2.0420 tv=0.4450 conf=2.2788 grad_norm=16.7710 tensors_with_grad=69/72
[train] step 217: T=536 positions=16 loss=0.5664 ce=0.5664 tv=0.1656 conf=0.8914 grad_norm=20.7682 tensors_with_grad=69/72
[train] step 218: T=585 positions=16 loss=0.8508 ce=0.8508 tv=0.2776 conf=2.0419 grad_norm=30.9014 tensors_with_grad=69/72
[train] step 219: T=524 positions=16 loss=2.1897 ce=2.1897 tv=0.4937 conf=2.5509 grad_norm=15.1191 tensors_with_grad=69/72
[train] step 220: T=562 positions=16 loss=0.8904 ce=0.8904 tv=0.2661 conf=4.0213 grad_norm=14.7929 tensors_with_grad=69/72
[train] step 221: T=1482 positions=16 loss=3.2138 ce=3.2138 tv=0.4534 conf=4.7759 grad_norm=15.0714 tensors_with_grad=69/72
[train] step 222: T=669 positions=16 loss=1.2600 ce=1.2600 tv=0.3917 conf=1.2945 grad_norm=12.5503 tensors_with_grad=69/72
[train] step 223: T=591 positions=16 loss=0.4055 ce=0.4055 tv=0.1775 conf=3.0423 grad_norm=11.5259 tensors_with_grad=69/72
[train] step 224: T=524 positions=16 loss=2.1767 ce=2.1767 tv=0.4390 conf=3.8344 grad_norm=17.7531 tensors_with_grad=69/72
[train] step 225: T=532 positions=16 loss=0.9161 ce=0.9161 tv=0.2995 conf=2.7263 grad_norm=13.5214 tensors_with_grad=69/72
[train] step 226: T=672 positions=16 loss=1.5025 ce=1.5025 tv=0.3891 conf=4.2414 grad_norm=14.6961 tensors_with_grad=69/72
[train] step 227: T=534 positions=16 loss=1.3490 ce=1.3490 tv=0.3697 conf=3.4717 grad_norm=11.0962 tensors_with_grad=69/72
[train] step 228: T=1014 positions=16 loss=2.4794 ce=2.4794 tv=0.4455 conf=3.6145 grad_norm=13.3785 tensors_with_grad=69/72
[train] step 229: T=675 positions=16 loss=1.4981 ce=1.4981 tv=0.2903 conf=2.5550 grad_norm=17.2663 tensors_with_grad=69/72
[train] step 230: T=647 positions=16 loss=1.9008 ce=1.9008 tv=0.4408 conf=4.1424 grad_norm=22.1516 tensors_with_grad=69/72
[train] step 231: T=596 positions=16 loss=0.4942 ce=0.4942 tv=0.2246 conf=2.2202 grad_norm=15.1124 tensors_with_grad=69/72
[train] step 232: T=674 positions=16 loss=2.3952 ce=2.3952 tv=0.4588 conf=2.5982 grad_norm=13.8365 tensors_with_grad=69/72
[train] step 233: T=858 positions=16 loss=1.3427 ce=1.3427 tv=0.2976 conf=1.0557 grad_norm=8.9758 tensors_with_grad=69/72
[train] step 234: T=597 positions=16 loss=0.7995 ce=0.7995 tv=0.2694 conf=1.3900 grad_norm=14.8462 tensors_with_grad=69/72
[train] step 235: T=604 positions=16 loss=1.1535 ce=1.1535 tv=0.2838 conf=2.0826 grad_norm=18.1560 tensors_with_grad=69/72
[train] step 236: T=589 positions=16 loss=0.2545 ce=0.2545 tv=0.1557 conf=0.7624 grad_norm=14.6015 tensors_with_grad=69/72
[train] step 237: T=623 positions=16 loss=0.8026 ce=0.8026 tv=0.2051 conf=2.8578 grad_norm=11.6715 tensors_with_grad=69/72
[train] step 238: T=884 positions=16 loss=3.2185 ce=3.2185 tv=0.4424 conf=1.3306 grad_norm=16.7233 tensors_with_grad=69/72
[train] step 239: T=673 positions=16 loss=1.7468 ce=1.7468 tv=0.3694 conf=1.4681 grad_norm=11.9590 tensors_with_grad=69/72
[train] step 240: T=540 positions=16 loss=0.3087 ce=0.3087 tv=0.1100 conf=1.1942 grad_norm=8.2057 tensors_with_grad=69/72
[train] step 241: T=1324 positions=16 loss=3.6629 ce=3.6629 tv=0.4609 conf=0.8648 grad_norm=12.2469 tensors_with_grad=69/72
[train] step 242: T=677 positions=16 loss=1.9159 ce=1.9159 tv=0.4019 conf=1.6000 grad_norm=8.8902 tensors_with_grad=69/72
[train] step 243: T=615 positions=16 loss=2.0353 ce=2.0353 tv=0.4370 conf=1.7088 grad_norm=19.8906 tensors_with_grad=69/72
[train] step 244: T=1500 positions=16 loss=2.9097 ce=2.9097 tv=0.4338 conf=1.1229 grad_norm=24.6796 tensors_with_grad=69/72
[train] step 245: T=672 positions=16 loss=2.9980 ce=2.9980 tv=0.5704 conf=1.6542 grad_norm=12.8276 tensors_with_grad=69/72
[train] step 246: T=561 positions=16 loss=0.7215 ce=0.7215 tv=0.1717 conf=1.2013 grad_norm=9.1334 tensors_with_grad=69/72
[train] step 247: T=610 positions=16 loss=1.4217 ce=1.4217 tv=0.3252 conf=0.9860 grad_norm=10.5294 tensors_with_grad=69/72
[train] step 248: T=535 positions=16 loss=1.3485 ce=1.3485 tv=0.2589 conf=0.7925 grad_norm=10.6553 tensors_with_grad=69/72
[train] step 249: T=587 positions=16 loss=0.3199 ce=0.3199 tv=0.1554 conf=1.1031 grad_norm=10.0826 tensors_with_grad=69/72
[train] step 250: T=633 positions=16 loss=0.1813 ce=0.1813 tv=0.1419 conf=0.8720 grad_norm=8.0903 tensors_with_grad=69/72
[train] step 251: T=677 positions=16 loss=1.3826 ce=1.3826 tv=0.3256 conf=2.1278 grad_norm=23.9515 tensors_with_grad=69/72
[train] step 252: T=598 positions=16 loss=0.4820 ce=0.4820 tv=0.2330 conf=1.2242 grad_norm=8.7736 tensors_with_grad=69/72
[train] step 253: T=654 positions=16 loss=2.1727 ce=2.1727 tv=0.4868 conf=1.3961 grad_norm=11.5063 tensors_with_grad=69/72
[train] step 254: T=546 positions=16 loss=0.9556 ce=0.9556 tv=0.1205 conf=1.2913 grad_norm=10.0445 tensors_with_grad=69/72
[train] step 255: T=617 positions=16 loss=0.7233 ce=0.7233 tv=0.2624 conf=1.7684 grad_norm=19.7597 tensors_with_grad=69/72
[train] step 256: T=537 positions=16 loss=0.1368 ce=0.1368 tv=0.1077 conf=0.4982 grad_norm=1.8317 tensors_with_grad=69/72
[train] step 257: T=649 positions=16 loss=2.0289 ce=2.0289 tv=0.4865 conf=1.3726 grad_norm=24.1786 tensors_with_grad=69/72
[train] step 258: T=676 positions=16 loss=1.6082 ce=1.6082 tv=0.3525 conf=1.3690 grad_norm=15.6364 tensors_with_grad=69/72
[train] step 259: T=672 positions=16 loss=2.3563 ce=2.3563 tv=0.5144 conf=2.5556 grad_norm=9.3806 tensors_with_grad=69/72
[train] step 260: T=665 positions=16 loss=0.5921 ce=0.5921 tv=0.1955 conf=1.2007 grad_norm=9.8263 tensors_with_grad=69/72
[train] step 261: T=542 positions=16 loss=0.8846 ce=0.8846 tv=0.1543 conf=1.1512 grad_norm=9.5537 tensors_with_grad=69/72
[train] step 262: T=526 positions=16 loss=2.3530 ce=2.3530 tv=0.4394 conf=1.1521 grad_norm=20.5849 tensors_with_grad=69/72
[train] step 263: T=570 positions=16 loss=0.7513 ce=0.7513 tv=0.1439 conf=1.0788 grad_norm=6.4129 tensors_with_grad=69/72
[train] step 264: T=673 positions=16 loss=0.8594 ce=0.8594 tv=0.2104 conf=1.9191 grad_norm=10.9263 tensors_with_grad=69/72
[train] step 265: T=1148 positions=16 loss=2.7357 ce=2.7357 tv=0.4130 conf=1.2768 grad_norm=15.4184 tensors_with_grad=69/72
[train] step 266: T=675 positions=16 loss=1.4325 ce=1.4325 tv=0.3253 conf=0.9772 grad_norm=17.9122 tensors_with_grad=69/72
[train] step 267: T=609 positions=16 loss=0.7144 ce=0.7144 tv=0.2527 conf=2.1860 grad_norm=11.9407 tensors_with_grad=69/72
[train] step 268: T=528 positions=16 loss=2.2305 ce=2.2305 tv=0.3977 conf=1.0127 grad_norm=39.2598 tensors_with_grad=69/72
[train] step 269: T=547 positions=16 loss=0.6680 ce=0.6680 tv=0.2487 conf=0.9094 grad_norm=11.3023 tensors_with_grad=69/72
[train] step 270: T=529 positions=16 loss=0.7794 ce=0.7794 tv=0.1629 conf=0.8131 grad_norm=8.6616 tensors_with_grad=69/72
[train] step 271: T=550 positions=16 loss=1.4148 ce=1.4148 tv=0.3393 conf=0.6819 grad_norm=14.5129 tensors_with_grad=69/72
[train] step 272: T=639 positions=16 loss=1.6010 ce=1.6010 tv=0.3711 conf=1.3501 grad_norm=20.5534 tensors_with_grad=69/72
[train] step 273: T=615 positions=16 loss=1.0925 ce=1.0925 tv=0.2379 conf=1.6304 grad_norm=12.7704 tensors_with_grad=69/72
[train] step 274: T=536 positions=16 loss=0.0747 ce=0.0747 tv=0.0712 conf=0.3227 grad_norm=2.6009 tensors_with_grad=69/72
[train] step 275: T=534 positions=16 loss=0.8225 ce=0.8225 tv=0.1747 conf=1.0550 grad_norm=7.8367 tensors_with_grad=69/72
[train] step 276: T=538 positions=16 loss=2.5737 ce=2.5737 tv=0.5731 conf=1.7617 grad_norm=18.5525 tensors_with_grad=69/72
[train] step 277: T=525 positions=16 loss=1.3613 ce=1.3613 tv=0.2990 conf=1.2304 grad_norm=10.3187 tensors_with_grad=69/72
[train] step 278: T=671 positions=16 loss=3.3727 ce=3.3727 tv=0.6143 conf=1.9462 grad_norm=14.6682 tensors_with_grad=69/72
[train] step 279: T=536 positions=16 loss=0.8912 ce=0.8912 tv=0.2186 conf=0.9275 grad_norm=17.9593 tensors_with_grad=69/72
[train] step 280: T=532 positions=16 loss=0.5467 ce=0.5467 tv=0.2453 conf=2.2447 grad_norm=9.2597 tensors_with_grad=69/72
[train] step 281: T=553 positions=16 loss=1.1167 ce=1.1167 tv=0.2118 conf=0.6966 grad_norm=15.3444 tensors_with_grad=69/72
[train] step 282: T=673 positions=16 loss=3.1456 ce=3.1456 tv=0.5354 conf=1.6630 grad_norm=25.7479 tensors_with_grad=69/72
[train] step 283: T=1324 positions=16 loss=4.2267 ce=4.2267 tv=0.5075 conf=2.1166 grad_norm=10.4960 tensors_with_grad=69/72
[train] step 284: T=642 positions=16 loss=1.3175 ce=1.3175 tv=0.3455 conf=1.9906 grad_norm=18.4968 tensors_with_grad=69/72
[train] step 285: T=548 positions=16 loss=1.1519 ce=1.1519 tv=0.1618 conf=1.0378 grad_norm=9.3074 tensors_with_grad=69/72
[train] step 286: T=642 positions=16 loss=1.9328 ce=1.9328 tv=0.4612 conf=1.7695 grad_norm=20.8744 tensors_with_grad=69/72
[train] step 287: T=528 positions=16 loss=2.1070 ce=2.1070 tv=0.4873 conf=2.2859 grad_norm=16.1670 tensors_with_grad=69/72
[train] step 288: T=537 positions=16 loss=0.7127 ce=0.7127 tv=0.1723 conf=1.2693 grad_norm=8.3315 tensors_with_grad=69/72
[train] step 289: T=672 positions=16 loss=1.5715 ce=1.5715 tv=0.3433 conf=1.4765 grad_norm=14.4270 tensors_with_grad=69/72
[train] step 290: T=526 positions=16 loss=0.7443 ce=0.7443 tv=0.1912 conf=1.3021 grad_norm=12.0645 tensors_with_grad=69/72
[train] step 291: T=538 positions=16 loss=1.3593 ce=1.3593 tv=0.3957 conf=3.9340 grad_norm=16.3804 tensors_with_grad=69/72
[train] step 292: T=527 positions=16 loss=1.2397 ce=1.2397 tv=0.3317 conf=3.4745 grad_norm=16.5949 tensors_with_grad=69/72
[train] step 293: T=526 positions=16 loss=1.0646 ce=1.0646 tv=0.1988 conf=3.1273 grad_norm=13.4974 tensors_with_grad=69/72
[train] step 294: T=529 positions=16 loss=0.6389 ce=0.6389 tv=0.1633 conf=1.7360 grad_norm=13.1300 tensors_with_grad=69/72
[train] step 295: T=968 positions=16 loss=2.8092 ce=2.8092 tv=0.4886 conf=3.1380 grad_norm=17.6713 tensors_with_grad=69/72
[train] step 296: T=1360 positions=16 loss=4.1874 ce=4.1874 tv=0.5274 conf=2.7827 grad_norm=21.5615 tensors_with_grad=69/72
[train] step 297: T=672 positions=16 loss=2.8031 ce=2.8031 tv=0.5510 conf=3.5141 grad_norm=11.3083 tensors_with_grad=69/72
[train] step 298: T=582 positions=16 loss=2.4853 ce=2.4853 tv=0.4001 conf=2.7399 grad_norm=14.2690 tensors_with_grad=69/72
[train] step 299: T=613 positions=16 loss=1.2704 ce=1.2704 tv=0.4004 conf=2.9793 grad_norm=25.5345 tensors_with_grad=69/72
[train] step 300: T=646 positions=16 loss=2.0377 ce=2.0377 tv=0.4860 conf=3.8114 grad_norm=11.3019 tensors_with_grad=69/72
[train] step 301: T=672 positions=16 loss=2.5674 ce=2.5674 tv=0.5405 conf=4.1902 grad_norm=12.8950 tensors_with_grad=69/72
[train] step 302: T=535 positions=16 loss=2.5982 ce=2.5982 tv=0.3940 conf=2.9344 grad_norm=18.9637 tensors_with_grad=69/72
[train] step 303: T=537 positions=16 loss=1.2369 ce=1.2369 tv=0.2814 conf=1.0356 grad_norm=27.7635 tensors_with_grad=69/72
[train] step 304: T=1797 positions=16 loss=3.2000 ce=3.2000 tv=0.4885 conf=4.2254 grad_norm=24.7497 tensors_with_grad=69/72
[train] step 305: T=527 positions=16 loss=1.9643 ce=1.9643 tv=0.4835 conf=2.0013 grad_norm=20.6327 tensors_with_grad=69/72
[train] step 306: T=544 positions=16 loss=0.3742 ce=0.3742 tv=0.1239 conf=1.0167 grad_norm=10.9977 tensors_with_grad=69/72
[train] step 307: T=675 positions=16 loss=1.0617 ce=1.0617 tv=0.2373 conf=3.2978 grad_norm=19.3892 tensors_with_grad=69/72
[train] step 308: T=525 positions=16 loss=1.9057 ce=1.9057 tv=0.4926 conf=3.7617 grad_norm=13.6694 tensors_with_grad=69/72
[train] step 309: T=583 positions=16 loss=0.2878 ce=0.2878 tv=0.1088 conf=0.8522 grad_norm=8.4125 tensors_with_grad=69/72
[train] step 310: T=620 positions=16 loss=1.2165 ce=1.2165 tv=0.2943 conf=2.7911 grad_norm=11.7410 tensors_with_grad=69/72
[train] step 311: T=538 positions=16 loss=0.4704 ce=0.4704 tv=0.1399 conf=0.6675 grad_norm=9.6188 tensors_with_grad=69/72
[train] step 312: T=637 positions=16 loss=0.1313 ce=0.1313 tv=0.1343 conf=1.5758 grad_norm=4.7523 tensors_with_grad=69/72
[train] step 313: T=658 positions=16 loss=1.3521 ce=1.3521 tv=0.4084 conf=3.2389 grad_norm=20.7438 tensors_with_grad=69/72
[train] step 314: T=609 positions=16 loss=1.0475 ce=1.0475 tv=0.2415 conf=1.5843 grad_norm=13.1370 tensors_with_grad=69/72
[train] step 315: T=903 positions=16 loss=3.5864 ce=3.5864 tv=0.4950 conf=3.4837 grad_norm=14.7871 tensors_with_grad=69/72
[train] step 316: T=524 positions=16 loss=2.0167 ce=2.0167 tv=0.4640 conf=2.0235 grad_norm=24.3602 tensors_with_grad=69/72
[train] step 317: T=829 positions=16 loss=2.1248 ce=2.1248 tv=0.3314 conf=1.1025 grad_norm=11.0812 tensors_with_grad=69/72
[train] step 318: T=875 positions=16 loss=2.2593 ce=2.2593 tv=0.3447 conf=1.5940 grad_norm=16.6844 tensors_with_grad=69/72
[train] step 319: T=533 positions=16 loss=1.8255 ce=1.8255 tv=0.3484 conf=0.8044 grad_norm=13.7178 tensors_with_grad=69/72
[train] step 320: T=675 positions=16 loss=1.3777 ce=1.3777 tv=0.3128 conf=1.9026 grad_norm=13.9490 tensors_with_grad=69/72
[train] step 321: T=672 positions=16 loss=1.8737 ce=1.8737 tv=0.3219 conf=2.3962 grad_norm=11.3960 tensors_with_grad=69/72
[train] step 322: T=672 positions=16 loss=0.3327 ce=0.3327 tv=0.1770 conf=2.0308 grad_norm=12.4643 tensors_with_grad=69/72
[train] step 323: T=1087 positions=16 loss=1.5106 ce=1.5106 tv=0.3587 conf=1.8112 grad_norm=12.9933 tensors_with_grad=69/72
[train] step 324: T=672 positions=16 loss=2.2874 ce=2.2874 tv=0.3659 conf=1.1678 grad_norm=21.8509 tensors_with_grad=69/72
[train] step 325: T=854 positions=16 loss=3.7942 ce=3.7942 tv=0.5083 conf=2.5603 grad_norm=19.7643 tensors_with_grad=69/72
[train] step 326: T=609 positions=16 loss=0.6082 ce=0.6082 tv=0.2215 conf=1.2917 grad_norm=9.7543 tensors_with_grad=69/72
[train] step 327: T=545 positions=16 loss=1.1572 ce=1.1572 tv=0.2726 conf=1.7677 grad_norm=10.4490 tensors_with_grad=69/72
[train] step 328: T=634 positions=16 loss=1.1294 ce=1.1294 tv=0.3918 conf=1.7869 grad_norm=9.6413 tensors_with_grad=69/72
[train] step 329: T=649 positions=16 loss=1.4742 ce=1.4742 tv=0.3214 conf=1.5902 grad_norm=13.2059 tensors_with_grad=69/72
[train] step 330: T=675 positions=16 loss=1.4925 ce=1.4925 tv=0.3249 conf=3.3605 grad_norm=12.3647 tensors_with_grad=69/72
[train] step 331: T=560 positions=16 loss=0.5135 ce=0.5135 tv=0.1193 conf=0.8388 grad_norm=6.6757 tensors_with_grad=69/72
[train] step 332: T=535 positions=16 loss=0.1882 ce=0.1882 tv=0.1061 conf=0.5664 grad_norm=2.5706 tensors_with_grad=69/72
[train] step 333: T=532 positions=16 loss=0.6630 ce=0.6630 tv=0.1565 conf=0.3590 grad_norm=6.1538 tensors_with_grad=69/72
[train] step 334: T=903 positions=16 loss=1.5680 ce=1.5680 tv=0.3481 conf=1.3205 grad_norm=15.8343 tensors_with_grad=69/72
[train] step 335: T=621 positions=16 loss=0.9361 ce=0.9361 tv=0.2625 conf=1.6098 grad_norm=11.7827 tensors_with_grad=69/72
[train] step 336: T=903 positions=16 loss=2.4061 ce=2.4061 tv=0.3165 conf=1.7898 grad_norm=11.7432 tensors_with_grad=69/72
[train] step 337: T=539 positions=16 loss=0.6505 ce=0.6505 tv=0.1762 conf=1.1171 grad_norm=20.6690 tensors_with_grad=69/72
[train] step 338: T=553 positions=16 loss=0.8754 ce=0.8754 tv=0.1564 conf=0.8282 grad_norm=10.6392 tensors_with_grad=69/72
[train] step 339: T=546 positions=16 loss=2.4949 ce=2.4949 tv=0.5668 conf=4.2587 grad_norm=19.7628 tensors_with_grad=69/72
[train] step 340: T=597 positions=16 loss=0.8855 ce=0.8855 tv=0.2238 conf=1.2771 grad_norm=8.9559 tensors_with_grad=69/72
[train] step 341: T=942 positions=16 loss=2.7677 ce=2.7677 tv=0.3876 conf=2.2999 grad_norm=19.1773 tensors_with_grad=69/72
[train] step 342: T=672 positions=16 loss=2.1543 ce=2.1543 tv=0.4466 conf=1.6787 grad_norm=20.0523 tensors_with_grad=69/72
[train] step 343: T=527 positions=16 loss=1.5849 ce=1.5849 tv=0.3873 conf=2.4541 grad_norm=19.1293 tensors_with_grad=69/72
[train] step 344: T=589 positions=16 loss=0.2067 ce=0.2067 tv=0.1227 conf=0.6494 grad_norm=3.6265 tensors_with_grad=69/72
[train] step 345: T=541 positions=16 loss=1.2842 ce=1.2842 tv=0.3493 conf=3.5416 grad_norm=11.9045 tensors_with_grad=69/72
[train] step 346: T=581 positions=16 loss=0.3293 ce=0.3293 tv=0.1682 conf=2.3581 grad_norm=14.4680 tensors_with_grad=69/72
[train] step 347: T=678 positions=16 loss=1.1349 ce=1.1349 tv=0.2948 conf=2.5936 grad_norm=7.0666 tensors_with_grad=69/72
[train] step 348: T=673 positions=16 loss=3.0184 ce=3.0184 tv=0.5905 conf=2.8982 grad_norm=15.3328 tensors_with_grad=69/72
[train] step 349: T=628 positions=16 loss=0.5731 ce=0.5731 tv=0.1741 conf=1.5467 grad_norm=5.5954 tensors_with_grad=69/72
[train] step 350: T=661 positions=16 loss=1.9582 ce=1.9582 tv=0.4128 conf=2.5644 grad_norm=16.1903 tensors_with_grad=69/72
[train] step 351: T=544 positions=16 loss=0.7191 ce=0.7191 tv=0.2675 conf=1.8445 grad_norm=20.4895 tensors_with_grad=69/72
[train] step 352: T=538 positions=16 loss=0.3750 ce=0.3750 tv=0.1355 conf=0.8891 grad_norm=10.0684 tensors_with_grad=69/72
[train] step 353: T=539 positions=16 loss=0.2144 ce=0.2144 tv=0.1022 conf=1.1909 grad_norm=3.9591 tensors_with_grad=69/72
[train] step 354: T=1009 positions=16 loss=3.8984 ce=3.8984 tv=0.4716 conf=2.6049 grad_norm=15.0403 tensors_with_grad=69/72
[train] step 355: T=531 positions=16 loss=1.6358 ce=1.6358 tv=0.2740 conf=2.2693 grad_norm=22.7580 tensors_with_grad=69/72
[train] step 356: T=537 positions=16 loss=0.1197 ce=0.1197 tv=0.0731 conf=0.8995 grad_norm=8.1002 tensors_with_grad=69/72
[train] step 357: T=531 positions=16 loss=1.9862 ce=1.9862 tv=0.3515 conf=0.8422 grad_norm=19.2463 tensors_with_grad=69/72
[train] step 358: T=629 positions=16 loss=1.3368 ce=1.3368 tv=0.3941 conf=1.8493 grad_norm=19.7040 tensors_with_grad=69/72
[train] step 359: T=674 positions=16 loss=1.9792 ce=1.9792 tv=0.4175 conf=2.7996 grad_norm=12.0310 tensors_with_grad=69/72
[train] step 360: T=674 positions=16 loss=0.3476 ce=0.3476 tv=0.1854 conf=1.4874 grad_norm=9.7133 tensors_with_grad=69/72
[train] step 361: T=548 positions=16 loss=0.2979 ce=0.2979 tv=0.1809 conf=2.8157 grad_norm=11.7487 tensors_with_grad=69/72
[train] step 362: T=539 positions=16 loss=0.6834 ce=0.6834 tv=0.2644 conf=2.3201 grad_norm=8.9341 tensors_with_grad=69/72
[train] step 363: T=672 positions=16 loss=2.6919 ce=2.6919 tv=0.5512 conf=2.8171 grad_norm=9.8115 tensors_with_grad=69/72
[train] step 364: T=639 positions=16 loss=0.8681 ce=0.8681 tv=0.3296 conf=1.7845 grad_norm=55.3014 tensors_with_grad=69/72
[train] step 365: T=672 positions=16 loss=1.5039 ce=1.5039 tv=0.5111 conf=2.4754 grad_norm=15.5958 tensors_with_grad=69/72
[train] step 366: T=539 positions=16 loss=0.7167 ce=0.7167 tv=0.2097 conf=1.1239 grad_norm=15.6354 tensors_with_grad=69/72
[train] step 367: T=591 positions=16 loss=2.3234 ce=2.3234 tv=0.5229 conf=2.1525 grad_norm=14.2219 tensors_with_grad=69/72
[train] step 368: T=584 positions=16 loss=0.6109 ce=0.6109 tv=0.2063 conf=1.5641 grad_norm=12.8328 tensors_with_grad=69/72
[train] step 369: T=591 positions=16 loss=0.4629 ce=0.4629 tv=0.2412 conf=1.8863 grad_norm=12.6102 tensors_with_grad=69/72
[train] step 370: T=568 positions=16 loss=2.8117 ce=2.8117 tv=0.4815 conf=3.2338 grad_norm=22.7884 tensors_with_grad=69/72
[train] step 371: T=538 positions=16 loss=1.4338 ce=1.4338 tv=0.2967 conf=2.5924 grad_norm=15.4449 tensors_with_grad=69/72
[train] step 372: T=598 positions=16 loss=0.6178 ce=0.6178 tv=0.1632 conf=0.6611 grad_norm=6.8708 tensors_with_grad=69/72
[train] step 373: T=528 positions=16 loss=0.8457 ce=0.8457 tv=0.1730 conf=0.3066 grad_norm=5.7740 tensors_with_grad=69/72
[train] step 374: T=527 positions=16 loss=0.8831 ce=0.8831 tv=0.2685 conf=4.2803 grad_norm=12.8770 tensors_with_grad=69/72
[train] step 375: T=559 positions=16 loss=1.9120 ce=1.9120 tv=0.2269 conf=1.3375 grad_norm=24.9591 tensors_with_grad=69/72
[train] step 376: T=525 positions=16 loss=0.9182 ce=0.9182 tv=0.2102 conf=3.3816 grad_norm=17.3841 tensors_with_grad=69/72
[train] step 377: T=539 positions=16 loss=1.1739 ce=1.1739 tv=0.2494 conf=1.5716 grad_norm=13.2739 tensors_with_grad=69/72
[train] step 378: T=1627 positions=16 loss=2.7154 ce=2.7154 tv=0.4921 conf=3.5686 grad_norm=13.9843 tensors_with_grad=69/72
[train] step 379: T=565 positions=16 loss=1.0784 ce=1.0784 tv=0.2664 conf=2.7122 grad_norm=14.2930 tensors_with_grad=69/72
[train] step 380: T=613 positions=16 loss=0.6244 ce=0.6244 tv=0.2414 conf=1.6505 grad_norm=13.9915 tensors_with_grad=69/72
[train] step 381: T=573 positions=16 loss=0.1440 ce=0.1440 tv=0.1203 conf=3.6926 grad_norm=3.9351 tensors_with_grad=69/72
[train] step 382: T=676 positions=16 loss=1.0735 ce=1.0735 tv=0.3002 conf=3.1632 grad_norm=9.9946 tensors_with_grad=69/72
[train] step 383: T=870 positions=16 loss=2.1298 ce=2.1298 tv=0.2926 conf=3.8530 grad_norm=11.2647 tensors_with_grad=69/72
[train] step 384: T=640 positions=16 loss=2.4142 ce=2.4142 tv=0.4885 conf=2.3756 grad_norm=8.9158 tensors_with_grad=69/72
[train] step 385: T=659 positions=16 loss=1.8122 ce=1.8122 tv=0.4714 conf=3.8892 grad_norm=11.7041 tensors_with_grad=69/72
[train] step 386: T=615 positions=16 loss=1.0302 ce=1.0302 tv=0.2715 conf=1.9604 grad_norm=17.0208 tensors_with_grad=69/72
[train] step 387: T=526 positions=16 loss=2.2111 ce=2.2111 tv=0.4877 conf=2.0272 grad_norm=13.5273 tensors_with_grad=69/72
[train] step 388: T=1042 positions=16 loss=2.4458 ce=2.4458 tv=0.3222 conf=2.0208 grad_norm=10.8329 tensors_with_grad=69/72
[train] step 389: T=581 positions=16 loss=1.6252 ce=1.6252 tv=0.2464 conf=2.9521 grad_norm=17.8471 tensors_with_grad=69/72
[train] step 390: T=946 positions=16 loss=2.4634 ce=2.4634 tv=0.3993 conf=2.5771 grad_norm=20.7461 tensors_with_grad=69/72
[train] step 391: T=669 positions=16 loss=1.4892 ce=1.4892 tv=0.4019 conf=1.9001 grad_norm=13.9758 tensors_with_grad=69/72
[train] step 392: T=959 positions=16 loss=2.1904 ce=2.1904 tv=0.4267 conf=3.1022 grad_norm=11.9880 tensors_with_grad=69/72
[train] step 393: T=538 positions=16 loss=1.8316 ce=1.8316 tv=0.4440 conf=2.9415 grad_norm=20.5424 tensors_with_grad=69/72
[train] step 394: T=538 positions=16 loss=0.1933 ce=0.1933 tv=0.1104 conf=0.6572 grad_norm=16.2182 tensors_with_grad=69/72
[train] step 395: T=564 positions=16 loss=2.9442 ce=2.9442 tv=0.5581 conf=3.1270 grad_norm=29.9499 tensors_with_grad=69/72
[train] step 396: T=581 positions=16 loss=0.4317 ce=0.4317 tv=0.1225 conf=1.3004 grad_norm=7.3107 tensors_with_grad=69/72
[train] step 397: T=545 positions=16 loss=1.7276 ce=1.7276 tv=0.4465 conf=2.0089 grad_norm=18.4748 tensors_with_grad=69/72
[train] step 398: T=525 positions=16 loss=2.5568 ce=2.5568 tv=0.5265 conf=4.1454 grad_norm=11.2807 tensors_with_grad=69/72
[train] step 399: T=565 positions=16 loss=2.1167 ce=2.1167 tv=0.3030 conf=2.9547 grad_norm=28.3229 tensors_with_grad=69/72
[train] step 400: T=554 positions=16 loss=0.5588 ce=0.5588 tv=0.1618 conf=1.0470 grad_norm=9.6428 tensors_with_grad=69/72
[train] step 401: T=1014 positions=16 loss=2.1172 ce=2.1172 tv=0.3146 conf=2.9717 grad_norm=12.1897 tensors_with_grad=69/72
[train] step 402: T=541 positions=16 loss=0.7062 ce=0.7062 tv=0.1418 conf=0.3940 grad_norm=6.8981 tensors_with_grad=69/72
[train] step 403: T=538 positions=16 loss=0.3290 ce=0.3290 tv=0.1672 conf=1.9952 grad_norm=8.5958 tensors_with_grad=69/72
[train] step 404: T=585 positions=16 loss=1.6759 ce=1.6759 tv=0.3549 conf=2.2341 grad_norm=13.7219 tensors_with_grad=69/72
[train] step 405: T=535 positions=16 loss=0.9354 ce=0.9354 tv=0.2642 conf=1.3367 grad_norm=22.5209 tensors_with_grad=69/72
[train] step 406: T=534 positions=16 loss=0.8775 ce=0.8775 tv=0.2555 conf=1.3311 grad_norm=19.4222 tensors_with_grad=69/72
[train] step 407: T=674 positions=16 loss=2.3033 ce=2.3033 tv=0.5230 conf=2.6428 grad_norm=13.5995 tensors_with_grad=69/72
[train] step 408: T=1629 positions=16 loss=3.4243 ce=3.4243 tv=0.3838 conf=2.4145 grad_norm=8.2936 tensors_with_grad=69/72
[train] step 409: T=529 positions=16 loss=1.3361 ce=1.3361 tv=0.4043 conf=1.7083 grad_norm=9.1987 tensors_with_grad=69/72
[train] step 410: T=604 positions=16 loss=0.5652 ce=0.5652 tv=0.2228 conf=1.2736 grad_norm=19.0550 tensors_with_grad=69/72
[train] step 411: T=615 positions=16 loss=0.5698 ce=0.5698 tv=0.2003 conf=2.0126 grad_norm=11.1691 tensors_with_grad=69/72
[train] step 412: T=563 positions=16 loss=0.5322 ce=0.5322 tv=0.1213 conf=0.6122 grad_norm=5.9954 tensors_with_grad=69/72
[train] step 413: T=572 positions=16 loss=0.7409 ce=0.7409 tv=0.2269 conf=1.5306 grad_norm=17.1061 tensors_with_grad=69/72
[train] step 414: T=591 positions=16 loss=0.7393 ce=0.7393 tv=0.2796 conf=1.7900 grad_norm=16.8172 tensors_with_grad=69/72
[train] step 415: T=595 positions=16 loss=1.2462 ce=1.2462 tv=0.3112 conf=1.6326 grad_norm=21.3170 tensors_with_grad=69/72
[train] step 416: T=541 positions=16 loss=1.0339 ce=1.0339 tv=0.3127 conf=1.6937 grad_norm=13.2331 tensors_with_grad=69/72
[train] step 417: T=543 positions=16 loss=1.3509 ce=1.3509 tv=0.4003 conf=2.0793 grad_norm=15.8697 tensors_with_grad=69/72
[train] step 418: T=678 positions=16 loss=2.0131 ce=2.0131 tv=0.3860 conf=2.3208 grad_norm=14.0621 tensors_with_grad=69/72
[train] step 419: T=592 positions=16 loss=0.1668 ce=0.1668 tv=0.1127 conf=2.9288 grad_norm=6.2453 tensors_with_grad=69/72
[train] step 420: T=633 positions=16 loss=1.8284 ce=1.8284 tv=0.4353 conf=2.2777 grad_norm=10.0651 tensors_with_grad=69/72
[train] step 421: T=531 positions=16 loss=0.4825 ce=0.4825 tv=0.2460 conf=0.7641 grad_norm=14.1210 tensors_with_grad=69/72
[train] step 422: T=576 positions=16 loss=0.6911 ce=0.6911 tv=0.2777 conf=2.4006 grad_norm=8.2773 tensors_with_grad=69/72
[train] step 423: T=535 positions=16 loss=1.4250 ce=1.4250 tv=0.2461 conf=0.9856 grad_norm=21.8770 tensors_with_grad=69/72
[train] step 424: T=606 positions=16 loss=1.9560 ce=1.9560 tv=0.4357 conf=3.0180 grad_norm=14.9230 tensors_with_grad=69/72
[train] step 425: T=577 positions=16 loss=0.4506 ce=0.4506 tv=0.2506 conf=2.4118 grad_norm=6.6020 tensors_with_grad=69/72
[train] step 426: T=531 positions=16 loss=1.0261 ce=1.0261 tv=0.2505 conf=2.7165 grad_norm=34.1912 tensors_with_grad=69/72
[train] step 427: T=667 positions=16 loss=0.7811 ce=0.7811 tv=0.2273 conf=1.8032 grad_norm=9.9569 tensors_with_grad=69/72
[train] step 428: T=639 positions=16 loss=2.4009 ce=2.4009 tv=0.4768 conf=1.5942 grad_norm=13.1097 tensors_with_grad=69/72
[train] step 429: T=527 positions=16 loss=2.1182 ce=2.1182 tv=0.4653 conf=2.0818 grad_norm=13.2901 tensors_with_grad=69/72
[train] step 430: T=673 positions=16 loss=3.1300 ce=3.1300 tv=0.6149 conf=0.7448 grad_norm=14.4981 tensors_with_grad=69/72
[train] step 431: T=599 positions=16 loss=0.1704 ce=0.1704 tv=0.1332 conf=0.8502 grad_norm=3.9257 tensors_with_grad=69/72
[train] step 432: T=533 positions=16 loss=0.3440 ce=0.3440 tv=0.1340 conf=0.5201 grad_norm=12.8717 tensors_with_grad=69/72
[train] step 433: T=535 positions=16 loss=0.7040 ce=0.7040 tv=0.2746 conf=1.2524 grad_norm=7.6462 tensors_with_grad=69/72
[train] step 434: T=584 positions=16 loss=2.2031 ce=2.2031 tv=0.4446 conf=1.9811 grad_norm=26.6320 tensors_with_grad=69/72
[train] step 435: T=568 positions=16 loss=1.7389 ce=1.7389 tv=0.3822 conf=2.1805 grad_norm=14.7965 tensors_with_grad=69/72
[train] step 436: T=1111 positions=16 loss=1.7281 ce=1.7281 tv=0.3443 conf=2.1414 grad_norm=8.0305 tensors_with_grad=69/72
[train] step 437: T=673 positions=16 loss=1.8048 ce=1.8048 tv=0.4036 conf=1.9041 grad_norm=10.2529 tensors_with_grad=69/72
[train] step 438: T=614 positions=16 loss=1.7204 ce=1.7204 tv=0.3769 conf=2.5006 grad_norm=12.7703 tensors_with_grad=69/72
[train] step 439: T=526 positions=16 loss=1.1198 ce=1.1198 tv=0.3252 conf=2.9942 grad_norm=13.6502 tensors_with_grad=69/72
[train] step 440: T=532 positions=16 loss=0.5247 ce=0.5247 tv=0.0878 conf=1.6924 grad_norm=8.0960 tensors_with_grad=69/72
[train] step 441: T=624 positions=16 loss=1.0398 ce=1.0398 tv=0.3391 conf=2.0625 grad_norm=17.2825 tensors_with_grad=69/72
[train] step 442: T=530 positions=16 loss=1.9464 ce=1.9464 tv=0.3934 conf=1.6560 grad_norm=12.9705 tensors_with_grad=69/72
[train] step 443: T=546 positions=16 loss=0.9788 ce=0.9788 tv=0.2369 conf=1.2388 grad_norm=9.8210 tensors_with_grad=69/72
[train] step 444: T=672 positions=16 loss=2.3332 ce=2.3332 tv=0.4165 conf=4.0714 grad_norm=12.5241 tensors_with_grad=69/72
[train] step 445: T=528 positions=16 loss=2.0956 ce=2.0956 tv=0.4726 conf=1.3599 grad_norm=15.7207 tensors_with_grad=69/72
[train] step 446: T=536 positions=16 loss=0.1955 ce=0.1955 tv=0.0870 conf=0.3118 grad_norm=2.9140 tensors_with_grad=69/72
[train] step 447: T=1543 positions=16 loss=3.5752 ce=3.5752 tv=0.4689 conf=1.4086 grad_norm=12.4204 tensors_with_grad=69/72
[train] step 448: T=673 positions=16 loss=2.6682 ce=2.6682 tv=0.4393 conf=1.0299 grad_norm=10.9934 tensors_with_grad=69/72
[train] step 449: T=587 positions=16 loss=0.2245 ce=0.2245 tv=0.1520 conf=2.1239 grad_norm=6.2184 tensors_with_grad=69/72
[train] step 450: T=529 positions=16 loss=0.5746 ce=0.5746 tv=0.2558 conf=2.1242 grad_norm=16.4931 tensors_with_grad=69/72
[train] step 451: T=981 positions=16 loss=2.4562 ce=2.4562 tv=0.4430 conf=2.1533 grad_norm=12.8216 tensors_with_grad=69/72
[train] step 452: T=557 positions=16 loss=1.0609 ce=1.0609 tv=0.2252 conf=1.1774 grad_norm=12.7166 tensors_with_grad=69/72
[train] step 453: T=543 positions=16 loss=0.9719 ce=0.9719 tv=0.2743 conf=1.8031 grad_norm=16.6301 tensors_with_grad=69/72
[train] step 454: T=955 positions=16 loss=1.7042 ce=1.7042 tv=0.3379 conf=1.8319 grad_norm=7.3339 tensors_with_grad=69/72
[train] step 455: T=536 positions=16 loss=0.6367 ce=0.6367 tv=0.2340 conf=1.8714 grad_norm=10.2637 tensors_with_grad=69/72
[train] step 456: T=952 positions=16 loss=2.4733 ce=2.4733 tv=0.4364 conf=1.1007 grad_norm=12.3796 tensors_with_grad=69/72
[train] step 457: T=960 positions=16 loss=3.1217 ce=3.1217 tv=0.4377 conf=2.9887 grad_norm=18.0786 tensors_with_grad=69/72
[train] step 458: T=525 positions=16 loss=2.8603 ce=2.8603 tv=0.4984 conf=2.2029 grad_norm=15.1589 tensors_with_grad=69/72
[train] step 459: T=1031 positions=16 loss=3.0027 ce=3.0027 tv=0.4644 conf=2.0755 grad_norm=8.9540 tensors_with_grad=69/72
[train] step 460: T=674 positions=16 loss=1.2613 ce=1.2613 tv=0.4041 conf=2.5478 grad_norm=10.6932 tensors_with_grad=69/72
[train] step 461: T=1015 positions=16 loss=2.8089 ce=2.8089 tv=0.5045 conf=2.2749 grad_norm=21.8362 tensors_with_grad=69/72
[train] step 462: T=540 positions=16 loss=1.9042 ce=1.9042 tv=0.5178 conf=1.7396 grad_norm=13.6447 tensors_with_grad=69/72
[train] step 463: T=557 positions=16 loss=1.9199 ce=1.9199 tv=0.3832 conf=2.1946 grad_norm=10.9208 tensors_with_grad=69/72
[train] step 464: T=672 positions=16 loss=1.6647 ce=1.6647 tv=0.3375 conf=2.5763 grad_norm=11.4418 tensors_with_grad=69/72
[train] step 465: T=531 positions=16 loss=1.9061 ce=1.9061 tv=0.5041 conf=2.5568 grad_norm=10.2993 tensors_with_grad=69/72
[train] step 466: T=536 positions=16 loss=0.5144 ce=0.5144 tv=0.1745 conf=0.7477 grad_norm=17.4052 tensors_with_grad=69/72
[train] step 467: T=532 positions=16 loss=3.5670 ce=3.5670 tv=0.5959 conf=1.9559 grad_norm=22.7165 tensors_with_grad=69/72
[train] step 468: T=536 positions=16 loss=0.5124 ce=0.5124 tv=0.2065 conf=1.2786 grad_norm=11.7501 tensors_with_grad=69/72
[train] step 469: T=554 positions=16 loss=1.1095 ce=1.1095 tv=0.3331 conf=2.1735 grad_norm=10.0491 tensors_with_grad=69/72
[train] step 470: T=673 positions=16 loss=2.3418 ce=2.3418 tv=0.4378 conf=1.1706 grad_norm=28.9521 tensors_with_grad=69/72
[train] step 471: T=630 positions=16 loss=0.8340 ce=0.8340 tv=0.2580 conf=2.4582 grad_norm=12.3794 tensors_with_grad=69/72
[train] step 472: T=636 positions=16 loss=1.6910 ce=1.6910 tv=0.2681 conf=2.0302 grad_norm=17.0425 tensors_with_grad=69/72
[train] step 473: T=673 positions=16 loss=2.7548 ce=2.7548 tv=0.4805 conf=2.6585 grad_norm=11.0350 tensors_with_grad=69/72
[train] step 474: T=677 positions=16 loss=1.8292 ce=1.8292 tv=0.2698 conf=1.4023 grad_norm=13.4652 tensors_with_grad=69/72
[train] step 475: T=576 positions=16 loss=0.9176 ce=0.9176 tv=0.2662 conf=2.7836 grad_norm=12.1556 tensors_with_grad=69/72
[train] step 476: T=541 positions=16 loss=2.0622 ce=2.0622 tv=0.5047 conf=3.1171 grad_norm=12.5161 tensors_with_grad=69/72
[train] step 477: T=612 positions=16 loss=0.2049 ce=0.2049 tv=0.1369 conf=1.7630 grad_norm=5.2296 tensors_with_grad=69/72
[train] step 478: T=566 positions=16 loss=3.7283 ce=3.7283 tv=0.5538 conf=2.2680 grad_norm=24.5545 tensors_with_grad=69/72
[train] step 479: T=528 positions=16 loss=2.6832 ce=2.6832 tv=0.5655 conf=3.3135 grad_norm=12.4510 tensors_with_grad=69/72
[train] step 480: T=548 positions=16 loss=0.5423 ce=0.5423 tv=0.1817 conf=1.0658 grad_norm=10.2679 tensors_with_grad=69/72
[train] step 481: T=576 positions=16 loss=2.9055 ce=2.9055 tv=0.4372 conf=2.3191 grad_norm=20.9348 tensors_with_grad=69/72
[train] step 482: T=1222 positions=16 loss=2.5785 ce=2.5785 tv=0.3697 conf=2.5832 grad_norm=14.2005 tensors_with_grad=69/72
[train] step 483: T=869 positions=16 loss=2.7188 ce=2.7188 tv=0.4178 conf=1.6212 grad_norm=18.9635 tensors_with_grad=69/72
[train] step 484: T=526 positions=16 loss=1.5815 ce=1.5815 tv=0.4104 conf=3.3705 grad_norm=12.7906 tensors_with_grad=69/72
[train] step 485: T=850 positions=16 loss=2.2483 ce=2.2483 tv=0.3588 conf=1.3613 grad_norm=8.2144 tensors_with_grad=69/72
[train] step 486: T=907 positions=16 loss=1.8106 ce=1.8106 tv=0.3337 conf=2.9248 grad_norm=14.9387 tensors_with_grad=69/72
[train] step 487: T=1184 positions=16 loss=3.5849 ce=3.5849 tv=0.4842 conf=1.5711 grad_norm=20.7388 tensors_with_grad=69/72
[train] step 488: T=592 positions=16 loss=1.2266 ce=1.2266 tv=0.3178 conf=1.2027 grad_norm=24.2540 tensors_with_grad=69/72
[train] step 489: T=531 positions=16 loss=1.3652 ce=1.3652 tv=0.2630 conf=1.7987 grad_norm=14.0548 tensors_with_grad=69/72
[train] step 490: T=599 positions=16 loss=0.7027 ce=0.7027 tv=0.2104 conf=1.7674 grad_norm=15.0649 tensors_with_grad=69/72
[diag] draft-argmax == TARGET-argmax : 68.1%  | == ground-truth token: 68.6%
[diag] mean top-1 prob  target 0.836  draft 0.749   (TV near 1 with a PEAKED draft => misalignment; with a FLAT draft => genuine)
[train] saved 72 trained tensors -> /cap/s3recap-ce1.0/c1/trained/mtp_trained.safetensors
[train] saved AdamW state -> /cap/s3recap-ce1.0/c1/trained/opt_state.pt (needed for --resume to be equivalent to one continuous run)
[train] metrics -> /cap/s3recap-ce1.0/c1/train_metrics.json  (loss 1.4951 -> 0.7027, tail mean 1.8441)
[train] TRAIN OK
