[train] device=cuda torch=2.10.0
  loading model-00046-of-00048.safetensors ...
  loading model-00047-of-00048.safetensors ...
  loading model-00048-of-00048.safetensors ...
  dequantised 1512 tensors, 12.60 B params, 23.5 GiB bf16
[train] weights ready in 8.8s
[train] trainable 517.3 M in 72 tensors | frozen experts 12.08 B
[train] capture: 491 sample(s)
[Gloo] Rank 0 is connected to 0 peer ranks. Expected number of connected peer ranks is : 0
[train] ModelArgs: n_mtp=3 block=5 taps=[40, 41, 42] markov_rank=256
[train] built 3 DSparkBlock(s) on meta
[train] re-materialised freqs_cis on 3 attention module(s) (persistent=False buffers are NOT in state_dict and to_empty() zapped them)
[train] load_state_dict: 0 missing, 0 unexpected
[train] GATE1 model construction OK
[train] aux: embed.weight(129280, 4096), head.weight(129280, 4096)
[train] trainable tensors in graph: 72 / 517.3 M
[train] lr schedule: linear warmup 73 step(s) -> cosine over 1472 session step(s), peak 5e-05; this chunk is steps 0..490
/work/train/train_head.py:115: UserWarning: Converting a tensor with requires_grad=True to a scalar may lead to unexpected behavior.
Consider using tensor.detach() first. (Triggered internally at /opt/pytorch/torch/csrc/autograd/generated/python_variable_methods.cpp:836.)
  parts = {"ce": float((w * ce).sum()), "tv": float((w * tv).sum()), "conf": 0.0}
[train] step 0: T=541 positions=16 loss=2.1770 ce=3.7850 tv=0.5689 conf=0.8762 grad_norm=16.2308 tensors_with_grad=69/72
[train] step 1: T=645 positions=16 loss=2.7586 ce=4.7783 tv=0.7390 conf=0.5107 grad_norm=19.3446 tensors_with_grad=69/72
[train] step 2: T=527 positions=16 loss=2.6504 ce=4.7993 tv=0.5016 conf=0.6854 grad_norm=31.4439 tensors_with_grad=69/72
[train] step 3: T=848 positions=16 loss=2.1148 ce=3.7477 tv=0.4818 conf=0.4765 grad_norm=35.3462 tensors_with_grad=69/72
[train] step 4: T=675 positions=16 loss=2.6035 ce=4.7995 tv=0.4076 conf=0.8169 grad_norm=19.5966 tensors_with_grad=69/72
[train] step 5: T=536 positions=16 loss=1.6770 ce=3.1090 tv=0.2449 conf=0.4361 grad_norm=20.2964 tensors_with_grad=69/72
[train] step 6: T=619 positions=16 loss=1.0570 ce=1.9562 tv=0.1579 conf=0.4688 grad_norm=13.6706 tensors_with_grad=69/72
[train] step 7: T=632 positions=16 loss=2.3293 ce=3.9475 tv=0.7112 conf=0.5540 grad_norm=22.4871 tensors_with_grad=69/72
[train] step 8: T=529 positions=16 loss=1.3391 ce=2.2144 tv=0.4637 conf=0.7000 grad_norm=21.7089 tensors_with_grad=69/72
[train] step 9: T=530 positions=16 loss=1.2375 ce=2.0741 tv=0.4009 conf=0.5840 grad_norm=16.2155 tensors_with_grad=69/72
[train] step 10: T=660 positions=16 loss=2.7045 ce=4.6868 tv=0.7222 conf=0.4640 grad_norm=18.4697 tensors_with_grad=69/72
[train] step 11: T=1056 positions=16 loss=2.7952 ce=5.0185 tv=0.5719 conf=0.6407 grad_norm=20.9183 tensors_with_grad=69/72
[train] step 12: T=537 positions=16 loss=1.0836 ce=1.8587 tv=0.3085 conf=0.7120 grad_norm=10.6049 tensors_with_grad=69/72
[train] step 13: T=539 positions=16 loss=1.8896 ce=3.1976 tv=0.5816 conf=0.8446 grad_norm=24.6923 tensors_with_grad=69/72
[train] step 14: T=627 positions=16 loss=1.2101 ce=2.1944 tv=0.2257 conf=0.4464 grad_norm=12.9070 tensors_with_grad=69/72
[train] step 15: T=526 positions=16 loss=2.4618 ce=4.2509 tv=0.6726 conf=0.6633 grad_norm=17.5557 tensors_with_grad=69/72
[train] step 16: T=1697 positions=16 loss=3.1339 ce=5.5229 tv=0.7450 conf=0.5029 grad_norm=17.6772 tensors_with_grad=69/72
[train] step 17: T=608 positions=16 loss=2.1067 ce=3.6730 tv=0.5403 conf=0.7619 grad_norm=26.4587 tensors_with_grad=69/72
[train] step 18: T=541 positions=16 loss=1.0285 ce=1.7861 tv=0.2709 conf=0.6286 grad_norm=22.8497 tensors_with_grad=69/72
[train] step 19: T=528 positions=16 loss=2.4386 ce=4.2247 tv=0.6525 conf=0.4678 grad_norm=13.4747 tensors_with_grad=69/72
[train] step 20: T=531 positions=16 loss=1.4836 ce=2.5434 tv=0.4238 conf=0.4871 grad_norm=29.4072 tensors_with_grad=69/72
[train] step 21: T=531 positions=16 loss=1.3228 ce=2.1577 tv=0.4879 conf=0.8123 grad_norm=13.4411 tensors_with_grad=69/72
[train] step 22: T=536 positions=16 loss=2.7928 ce=4.9848 tv=0.6008 conf=0.8517 grad_norm=14.1253 tensors_with_grad=69/72
[train] step 23: T=571 positions=16 loss=2.6093 ce=4.5340 tv=0.6847 conf=0.6605 grad_norm=32.0556 tensors_with_grad=69/72
[train] step 24: T=524 positions=16 loss=1.2549 ce=2.2801 tv=0.2298 conf=0.3188 grad_norm=11.7898 tensors_with_grad=69/72
[train] step 25: T=675 positions=16 loss=2.8514 ce=5.0067 tv=0.6961 conf=0.4738 grad_norm=34.5934 tensors_with_grad=69/72
[train] step 26: T=615 positions=16 loss=1.1463 ce=1.9841 tv=0.3086 conf=0.5084 grad_norm=15.0704 tensors_with_grad=69/72
[train] step 27: T=677 positions=16 loss=1.8206 ce=3.0963 tv=0.5449 conf=0.7561 grad_norm=26.4098 tensors_with_grad=69/72
[train] step 28: T=537 positions=16 loss=2.9060 ce=5.2301 tv=0.5819 conf=0.6988 grad_norm=43.1658 tensors_with_grad=69/72
[train] step 29: T=652 positions=16 loss=2.5352 ce=4.3529 tv=0.7176 conf=0.4708 grad_norm=15.1369 tensors_with_grad=69/72
[train] step 30: T=553 positions=16 loss=0.8787 ce=1.4415 tv=0.3158 conf=0.4735 grad_norm=11.5084 tensors_with_grad=69/72
[train] step 31: T=528 positions=16 loss=0.9401 ce=1.5021 tv=0.3781 conf=0.5357 grad_norm=17.4898 tensors_with_grad=69/72
[train] step 32: T=591 positions=16 loss=1.3264 ce=2.3882 tv=0.2646 conf=0.9175 grad_norm=14.5262 tensors_with_grad=69/72
[train] step 33: T=528 positions=16 loss=0.3804 ce=0.5541 tv=0.2067 conf=0.4113 grad_norm=18.9908 tensors_with_grad=69/72
[train] step 34: T=539 positions=16 loss=1.0032 ce=1.8017 tv=0.2048 conf=0.6580 grad_norm=28.0533 tensors_with_grad=69/72
[train] step 35: T=608 positions=16 loss=1.7288 ce=3.0828 tv=0.3747 conf=0.7459 grad_norm=20.3301 tensors_with_grad=69/72
[train] step 36: T=538 positions=16 loss=1.1644 ce=1.9063 tv=0.4226 conf=0.4958 grad_norm=11.6078 tensors_with_grad=69/72
[train] step 37: T=542 positions=16 loss=1.5178 ce=2.5099 tv=0.5258 conf=0.6132 grad_norm=20.0825 tensors_with_grad=69/72
[train] step 38: T=672 positions=16 loss=3.1969 ce=5.6419 tv=0.7519 conf=0.5701 grad_norm=13.9256 tensors_with_grad=69/72
[train] step 39: T=672 positions=16 loss=1.3991 ce=2.4789 tv=0.3193 conf=0.2991 grad_norm=22.5020 tensors_with_grad=69/72
[train] step 40: T=823 positions=16 loss=3.6828 ce=6.7484 tv=0.6172 conf=0.6959 grad_norm=34.1472 tensors_with_grad=69/72
[train] step 41: T=542 positions=16 loss=2.6599 ce=4.8067 tv=0.5132 conf=0.8863 grad_norm=35.5491 tensors_with_grad=69/72
[train] step 42: T=528 positions=16 loss=4.4299 ce=8.1574 tv=0.7024 conf=0.7639 grad_norm=39.7104 tensors_with_grad=69/72
[train] step 43: T=892 positions=16 loss=2.3369 ce=4.2759 tv=0.3979 conf=0.5774 grad_norm=14.6375 tensors_with_grad=69/72
[train] step 44: T=641 positions=16 loss=2.6318 ce=4.5456 tv=0.7179 conf=0.5710 grad_norm=11.0382 tensors_with_grad=69/72
[train] step 45: T=527 positions=16 loss=1.6501 ce=2.9000 tv=0.4002 conf=0.7443 grad_norm=13.3213 tensors_with_grad=69/72
[train] step 46: T=527 positions=16 loss=1.8610 ce=3.3914 tv=0.3306 conf=0.8176 grad_norm=19.0748 tensors_with_grad=69/72
[train] step 47: T=989 positions=16 loss=3.3507 ce=6.1439 tv=0.5575 conf=0.6131 grad_norm=22.7073 tensors_with_grad=69/72
[train] step 48: T=611 positions=16 loss=2.6745 ce=4.7818 tv=0.5672 conf=0.8878 grad_norm=26.3966 tensors_with_grad=69/72
[train] step 49: T=558 positions=16 loss=2.4136 ce=4.3131 tv=0.5141 conf=0.8808 grad_norm=18.2781 tensors_with_grad=69/72
[train] step 50: T=542 positions=16 loss=1.5615 ce=2.9220 tv=0.2009 conf=0.3757 grad_norm=15.3485 tensors_with_grad=69/72
[train] step 51: T=527 positions=16 loss=2.0432 ce=3.6498 tv=0.4365 conf=0.9790 grad_norm=18.6834 tensors_with_grad=69/72
[train] step 52: T=540 positions=16 loss=0.8280 ce=1.4791 tv=0.1768 conf=0.5320 grad_norm=7.4320 tensors_with_grad=69/72
[train] step 53: T=673 positions=16 loss=2.3309 ce=3.9687 tv=0.6932 conf=0.6145 grad_norm=12.9583 tensors_with_grad=69/72
[train] step 54: T=613 positions=16 loss=1.8521 ce=3.1045 tv=0.5996 conf=0.5769 grad_norm=24.8425 tensors_with_grad=69/72
[train] step 55: T=608 positions=16 loss=2.0141 ce=3.4698 tv=0.5584 conf=0.7172 grad_norm=18.0158 tensors_with_grad=69/72
[train] step 56: T=535 positions=16 loss=0.9382 ce=1.5114 tv=0.3650 conf=0.5604 grad_norm=9.1356 tensors_with_grad=69/72
[train] step 57: T=531 positions=16 loss=2.3616 ce=4.2244 tv=0.4988 conf=1.2203 grad_norm=28.2658 tensors_with_grad=69/72
[train] step 58: T=668 positions=16 loss=1.4625 ce=2.6294 tv=0.2956 conf=0.7851 grad_norm=12.5836 tensors_with_grad=69/72
[train] step 59: T=677 positions=16 loss=2.3683 ce=4.1614 tv=0.5753 conf=0.7809 grad_norm=13.3766 tensors_with_grad=69/72
[train] step 60: T=531 positions=16 loss=1.7273 ce=2.8941 tv=0.5605 conf=0.5659 grad_norm=20.0834 tensors_with_grad=69/72
[train] step 61: T=672 positions=16 loss=2.1270 ce=3.6110 tv=0.6430 conf=0.5625 grad_norm=24.3624 tensors_with_grad=69/72
[train] step 62: T=582 positions=16 loss=2.4048 ce=4.2170 tv=0.5926 conf=0.9143 grad_norm=53.0805 tensors_with_grad=69/72
[train] step 63: T=583 positions=16 loss=0.6675 ce=1.1406 tv=0.1944 conf=0.2763 grad_norm=19.3416 tensors_with_grad=69/72
[train] step 64: T=1047 positions=16 loss=2.9173 ce=5.2383 tv=0.5964 conf=0.8374 grad_norm=17.4904 tensors_with_grad=69/72
[train] step 65: T=673 positions=16 loss=2.5169 ce=4.3495 tv=0.6844 conf=0.5261 grad_norm=12.6766 tensors_with_grad=69/72
[train] step 66: T=600 positions=16 loss=1.6194 ce=2.7875 tv=0.4514 conf=0.6855 grad_norm=12.4318 tensors_with_grad=69/72
[train] step 67: T=672 positions=16 loss=2.3368 ce=4.0774 tv=0.5963 conf=0.5090 grad_norm=17.8314 tensors_with_grad=69/72
[train] step 68: T=622 positions=16 loss=0.4100 ce=0.6898 tv=0.1302 conf=0.3837 grad_norm=7.6787 tensors_with_grad=69/72
[train] step 69: T=531 positions=16 loss=2.0328 ce=3.4189 tv=0.6467 conf=0.5485 grad_norm=17.8076 tensors_with_grad=69/72
[train] step 70: T=531 positions=16 loss=1.5759 ce=2.7621 tv=0.3897 conf=0.4272 grad_norm=13.0636 tensors_with_grad=69/72
[train] step 71: T=527 positions=16 loss=2.6504 ce=4.5605 tv=0.7403 conf=0.5040 grad_norm=16.3614 tensors_with_grad=69/72
[train] step 72: T=542 positions=16 loss=1.5433 ce=2.5067 tv=0.5799 conf=0.6593 grad_norm=23.3927 tensors_with_grad=69/72
[train] step 73: T=527 positions=16 loss=2.1602 ce=3.6388 tv=0.6816 conf=0.5914 grad_norm=16.2439 tensors_with_grad=69/72
[train] step 74: T=629 positions=16 loss=2.2574 ce=3.9182 tv=0.5967 conf=0.6946 grad_norm=16.0087 tensors_with_grad=69/72
[train] step 75: T=646 positions=16 loss=1.4705 ce=2.4565 tv=0.4844 conf=0.6280 grad_norm=12.0788 tensors_with_grad=69/72
[train] step 76: T=527 positions=16 loss=2.0112 ce=3.3670 tv=0.6555 conf=0.8091 grad_norm=17.2254 tensors_with_grad=69/72
[train] step 77: T=581 positions=16 loss=2.3159 ce=4.0504 tv=0.5815 conf=0.7115 grad_norm=16.0621 tensors_with_grad=69/72
[train] step 78: T=528 positions=16 loss=1.2441 ce=2.1270 tv=0.3612 conf=0.6115 grad_norm=11.6124 tensors_with_grad=69/72
[train] step 79: T=534 positions=16 loss=3.5910 ce=6.4448 tv=0.7372 conf=0.9348 grad_norm=23.8787 tensors_with_grad=69/72
[train] step 80: T=532 positions=16 loss=2.3312 ce=3.9595 tv=0.7028 conf=0.5642 grad_norm=14.6857 tensors_with_grad=69/72
[train] step 81: T=533 positions=16 loss=1.8669 ce=3.2859 tv=0.4479 conf=0.6129 grad_norm=15.5024 tensors_with_grad=69/72
[train] step 82: T=527 positions=16 loss=2.2315 ce=3.8533 tv=0.6096 conf=0.8218 grad_norm=11.5776 tensors_with_grad=69/72
[train] step 83: T=580 positions=16 loss=2.2026 ce=3.8955 tv=0.5098 conf=0.9107 grad_norm=22.5357 tensors_with_grad=69/72
[train] step 84: T=1391 positions=16 loss=1.9621 ce=3.3888 tv=0.5354 conf=0.5210 grad_norm=11.5435 tensors_with_grad=69/72
[train] step 85: T=527 positions=16 loss=2.2064 ce=3.7503 tv=0.6626 conf=0.7691 grad_norm=9.5208 tensors_with_grad=69/72
[train] step 86: T=538 positions=16 loss=0.7323 ce=1.1600 tv=0.3045 conf=0.4743 grad_norm=26.5118 tensors_with_grad=69/72
[train] step 87: T=648 positions=16 loss=1.5611 ce=2.7111 tv=0.4112 conf=0.5690 grad_norm=26.2064 tensors_with_grad=69/72
[train] step 88: T=672 positions=16 loss=2.5257 ce=4.4146 tv=0.6368 conf=0.6329 grad_norm=21.5099 tensors_with_grad=69/72
[train] step 89: T=599 positions=16 loss=1.7461 ce=2.8941 tv=0.5981 conf=0.7172 grad_norm=9.7174 tensors_with_grad=69/72
[train] step 90: T=655 positions=16 loss=2.0361 ce=3.5374 tv=0.5349 conf=0.6459 grad_norm=13.9518 tensors_with_grad=69/72
[train] step 91: T=646 positions=16 loss=1.4491 ce=2.3950 tv=0.5032 conf=0.6932 grad_norm=12.4438 tensors_with_grad=69/72
[train] step 92: T=606 positions=16 loss=1.3823 ce=2.4094 tv=0.3552 conf=0.4987 grad_norm=12.9540 tensors_with_grad=69/72
[train] step 93: T=526 positions=16 loss=0.8079 ce=1.2905 tv=0.3254 conf=0.7904 grad_norm=14.0762 tensors_with_grad=69/72
[train] step 94: T=541 positions=16 loss=1.1832 ce=1.9549 tv=0.4114 conf=0.6403 grad_norm=8.1118 tensors_with_grad=69/72
[train] step 95: T=546 positions=16 loss=1.5935 ce=2.6219 tv=0.5652 conf=0.7286 grad_norm=12.9598 tensors_with_grad=69/72
[train] step 96: T=532 positions=16 loss=0.6384 ce=1.0022 tv=0.2747 conf=0.4422 grad_norm=9.0909 tensors_with_grad=69/72
[train] step 97: T=527 positions=16 loss=3.3799 ce=5.9731 tv=0.7867 conf=0.8567 grad_norm=18.6020 tensors_with_grad=69/72
[train] step 98: T=678 positions=16 loss=1.0468 ce=1.6995 tv=0.3942 conf=0.7789 grad_norm=17.7876 tensors_with_grad=69/72
[train] step 99: T=542 positions=16 loss=1.3652 ce=2.2243 tv=0.5061 conf=0.6280 grad_norm=32.3001 tensors_with_grad=69/72
[train] step 100: T=536 positions=16 loss=0.4115 ce=0.7022 tv=0.1209 conf=0.3703 grad_norm=6.1873 tensors_with_grad=69/72
[train] step 101: T=540 positions=16 loss=2.0380 ce=3.4729 tv=0.6031 conf=0.7601 grad_norm=10.4149 tensors_with_grad=69/72
[train] step 102: T=628 positions=16 loss=1.1122 ce=2.0015 tv=0.2228 conf=0.7985 grad_norm=13.1309 tensors_with_grad=69/72
[train] step 103: T=599 positions=16 loss=1.3689 ce=2.2959 tv=0.4419 conf=0.7583 grad_norm=10.9704 tensors_with_grad=69/72
[train] step 104: T=608 positions=16 loss=0.7700 ce=1.2451 tv=0.2948 conf=0.6850 grad_norm=5.5242 tensors_with_grad=69/72
[train] step 105: T=618 positions=16 loss=1.6686 ce=2.7899 tv=0.5473 conf=0.8333 grad_norm=26.1332 tensors_with_grad=69/72
[train] step 106: T=673 positions=16 loss=1.8387 ce=3.0733 tv=0.6041 conf=0.6761 grad_norm=14.2418 tensors_with_grad=69/72
[train] step 107: T=607 positions=16 loss=1.1516 ce=1.9552 tv=0.3480 conf=0.7713 grad_norm=16.4315 tensors_with_grad=69/72
[train] step 108: T=580 positions=16 loss=1.2399 ce=2.1228 tv=0.3569 conf=0.5835 grad_norm=14.5335 tensors_with_grad=69/72
[train] step 109: T=565 positions=16 loss=1.2873 ce=2.2657 tv=0.3089 conf=0.5599 grad_norm=13.1202 tensors_with_grad=69/72
[train] step 110: T=533 positions=16 loss=1.8275 ce=3.1932 tv=0.4618 conf=0.9247 grad_norm=12.8985 tensors_with_grad=69/72
[train] step 111: T=610 positions=16 loss=1.2739 ce=2.1431 tv=0.4047 conf=0.7953 grad_norm=9.6238 tensors_with_grad=69/72
[train] step 112: T=1026 positions=16 loss=1.0925 ce=1.7848 tv=0.4002 conf=0.4263 grad_norm=8.2373 tensors_with_grad=69/72
[train] step 113: T=613 positions=16 loss=1.2694 ce=2.0976 tv=0.4412 conf=0.5996 grad_norm=13.3001 tensors_with_grad=69/72
[train] step 114: T=675 positions=16 loss=1.5770 ce=2.6679 tv=0.4860 conf=0.6739 grad_norm=8.4503 tensors_with_grad=69/72
[train] step 115: T=1001 positions=16 loss=1.4834 ce=2.5291 tv=0.4377 conf=0.5237 grad_norm=20.7770 tensors_with_grad=69/72
[train] step 116: T=553 positions=16 loss=1.6895 ce=2.9320 tv=0.4470 conf=0.7848 grad_norm=21.1718 tensors_with_grad=69/72
[train] step 117: T=676 positions=16 loss=0.7186 ce=1.2195 tv=0.2177 conf=0.4582 grad_norm=9.2889 tensors_with_grad=69/72
[train] step 118: T=530 positions=16 loss=0.8527 ce=1.4335 tv=0.2719 conf=0.5048 grad_norm=19.2988 tensors_with_grad=69/72
[train] step 119: T=531 positions=16 loss=0.5245 ce=0.8675 tv=0.1815 conf=0.2883 grad_norm=6.1932 tensors_with_grad=69/72
[train] step 120: T=560 positions=16 loss=1.5523 ce=2.5819 tv=0.5227 conf=0.6913 grad_norm=20.2918 tensors_with_grad=69/72
[train] step 121: T=1390 positions=16 loss=2.9807 ce=5.3401 tv=0.6212 conf=0.5582 grad_norm=14.5362 tensors_with_grad=69/72
[train] step 122: T=536 positions=16 loss=1.0191 ce=1.6368 tv=0.4014 conf=0.6913 grad_norm=10.6038 tensors_with_grad=69/72
[train] step 123: T=622 positions=16 loss=1.7159 ce=2.8542 tv=0.5776 conf=0.7287 grad_norm=7.5595 tensors_with_grad=69/72
[train] step 124: T=557 positions=16 loss=1.3353 ce=2.2034 tv=0.4673 conf=0.6882 grad_norm=23.2646 tensors_with_grad=69/72
[train] step 125: T=563 positions=16 loss=1.3298 ce=2.2250 tv=0.4346 conf=0.6564 grad_norm=19.9959 tensors_with_grad=69/72
[train] step 126: T=653 positions=16 loss=0.9364 ce=1.5088 tv=0.3640 conf=0.5737 grad_norm=7.3981 tensors_with_grad=69/72
[train] step 127: T=554 positions=16 loss=1.6960 ce=2.8674 tv=0.5246 conf=0.7928 grad_norm=9.6153 tensors_with_grad=69/72
[train] step 128: T=672 positions=16 loss=2.0440 ce=3.5921 tv=0.4960 conf=0.7299 grad_norm=13.4785 tensors_with_grad=69/72
[train] step 129: T=609 positions=16 loss=0.8319 ce=1.4029 tv=0.2609 conf=0.6952 grad_norm=16.3528 tensors_with_grad=69/72
[train] step 130: T=571 positions=16 loss=1.1055 ce=1.7868 tv=0.4242 conf=0.8436 grad_norm=11.4872 tensors_with_grad=69/72
[train] step 131: T=561 positions=16 loss=0.8733 ce=1.4366 tv=0.3099 conf=0.5843 grad_norm=8.9063 tensors_with_grad=69/72
[train] step 132: T=531 positions=16 loss=1.9193 ce=3.2395 tv=0.5991 conf=0.5490 grad_norm=13.0234 tensors_with_grad=69/72
[train] step 133: T=591 positions=16 loss=1.3409 ce=2.3422 tv=0.3396 conf=0.5615 grad_norm=12.8131 tensors_with_grad=69/72
[train] step 134: T=560 positions=16 loss=1.3843 ce=2.3096 tv=0.4590 conf=0.5626 grad_norm=10.8564 tensors_with_grad=69/72
[train] step 135: T=626 positions=16 loss=0.8683 ce=1.4311 tv=0.3055 conf=0.9233 grad_norm=13.6601 tensors_with_grad=69/72
[train] step 136: T=1018 positions=16 loss=2.1008 ce=3.6566 tv=0.5450 conf=0.8017 grad_norm=19.2413 tensors_with_grad=69/72
[train] step 137: T=527 positions=16 loss=2.1599 ce=3.7207 tv=0.5991 conf=1.0088 grad_norm=19.9783 tensors_with_grad=69/72
[train] step 138: T=673 positions=16 loss=3.1694 ce=5.6300 tv=0.7088 conf=0.9990 grad_norm=32.3316 tensors_with_grad=69/72
[train] step 139: T=936 positions=16 loss=1.6589 ce=2.8639 tv=0.4538 conf=0.6209 grad_norm=14.4294 tensors_with_grad=69/72
[train] step 140: T=593 positions=16 loss=1.5491 ce=2.6155 tv=0.4827 conf=0.8685 grad_norm=16.1953 tensors_with_grad=69/72
[train] step 141: T=531 positions=16 loss=1.3233 ce=2.1391 tv=0.5074 conf=0.7251 grad_norm=12.0152 tensors_with_grad=69/72
[train] step 142: T=540 positions=16 loss=0.5413 ce=0.8362 tv=0.2465 conf=0.4962 grad_norm=5.9134 tensors_with_grad=69/72
[train] step 143: T=543 positions=16 loss=0.5626 ce=0.8934 tv=0.2318 conf=0.4649 grad_norm=5.3026 tensors_with_grad=69/72
[train] step 144: T=573 positions=16 loss=0.5155 ce=0.8962 tv=0.1348 conf=0.5103 grad_norm=5.2546 tensors_with_grad=69/72
[train] step 145: T=535 positions=16 loss=0.7640 ce=1.2541 tv=0.2739 conf=0.6247 grad_norm=10.2976 tensors_with_grad=69/72
[train] step 146: T=1001 positions=16 loss=2.5576 ce=4.5981 tv=0.5171 conf=0.7194 grad_norm=17.4138 tensors_with_grad=69/72
[train] step 147: T=620 positions=16 loss=0.9101 ce=1.4499 tv=0.3702 conf=1.0948 grad_norm=16.1392 tensors_with_grad=69/72
[train] step 148: T=630 positions=16 loss=1.1639 ce=1.8198 tv=0.5080 conf=0.9241 grad_norm=20.0092 tensors_with_grad=69/72
[train] step 149: T=1178 positions=16 loss=2.7803 ce=4.9467 tv=0.6140 conf=0.6475 grad_norm=13.4927 tensors_with_grad=69/72
[train] step 150: T=614 positions=16 loss=0.8498 ce=1.3372 tv=0.3624 conf=0.8960 grad_norm=8.3173 tensors_with_grad=69/72
[train] step 151: T=676 positions=16 loss=0.8010 ce=1.3593 tv=0.2426 conf=0.6001 grad_norm=12.1173 tensors_with_grad=69/72
[train] step 152: T=677 positions=16 loss=1.6071 ce=2.7302 tv=0.4839 conf=0.9093 grad_norm=30.9019 tensors_with_grad=69/72
[train] step 153: T=538 positions=16 loss=0.5628 ce=0.8774 tv=0.2482 conf=0.5633 grad_norm=7.1345 tensors_with_grad=69/72
[train] step 154: T=544 positions=16 loss=0.6001 ce=0.9061 tv=0.2941 conf=0.6728 grad_norm=11.4299 tensors_with_grad=69/72
[train] step 155: T=539 positions=16 loss=1.0375 ce=1.7523 tv=0.3228 conf=0.7750 grad_norm=10.8461 tensors_with_grad=69/72
[train] step 156: T=541 positions=16 loss=1.0150 ce=1.5894 tv=0.4405 conf=1.3014 grad_norm=13.6799 tensors_with_grad=69/72
[train] step 157: T=902 positions=16 loss=1.7951 ce=3.0637 tv=0.5266 conf=0.7501 grad_norm=12.0971 tensors_with_grad=69/72
[train] step 158: T=648 positions=16 loss=0.5112 ce=0.7952 tv=0.2272 conf=0.8504 grad_norm=10.5762 tensors_with_grad=69/72
[train] step 159: T=672 positions=16 loss=1.9946 ce=3.4044 tv=0.5847 conf=0.8362 grad_norm=7.8089 tensors_with_grad=69/72
[train] step 160: T=1629 positions=16 loss=2.3187 ce=4.1108 tv=0.5266 conf=0.6577 grad_norm=13.7814 tensors_with_grad=69/72
[train] step 161: T=594 positions=16 loss=0.8683 ce=1.4737 tv=0.2629 conf=0.5759 grad_norm=7.6080 tensors_with_grad=69/72
[train] step 162: T=672 positions=16 loss=1.9088 ce=3.2056 tv=0.6120 conf=1.0923 grad_norm=14.0225 tensors_with_grad=69/72
[train] step 163: T=538 positions=16 loss=1.0402 ce=1.7302 tv=0.3502 conf=0.9864 grad_norm=17.7451 tensors_with_grad=69/72
[train] step 164: T=563 positions=16 loss=1.5963 ce=2.7610 tv=0.4317 conf=0.6902 grad_norm=9.3043 tensors_with_grad=69/72
[train] step 165: T=555 positions=16 loss=0.7354 ce=1.2079 tv=0.2629 conf=0.4542 grad_norm=17.1301 tensors_with_grad=69/72
[train] step 166: T=539 positions=16 loss=0.8718 ce=1.4585 tv=0.2851 conf=0.7195 grad_norm=12.7411 tensors_with_grad=69/72
[train] step 167: T=528 positions=16 loss=1.8157 ce=3.0377 tv=0.5937 conf=0.8126 grad_norm=13.4291 tensors_with_grad=69/72
[train] step 168: T=568 positions=16 loss=0.6032 ce=1.0055 tv=0.2010 conf=0.3279 grad_norm=10.4772 tensors_with_grad=69/72
[train] step 169: T=638 positions=16 loss=0.5116 ce=0.8480 tv=0.1753 conf=0.6041 grad_norm=7.4170 tensors_with_grad=69/72
[train] step 170: T=541 positions=16 loss=0.2917 ce=0.4575 tv=0.1259 conf=0.5888 grad_norm=3.4924 tensors_with_grad=69/72
[train] step 171: T=546 positions=16 loss=1.6452 ce=2.7365 tv=0.5539 conf=0.6281 grad_norm=11.3414 tensors_with_grad=69/72
[train] step 172: T=960 positions=16 loss=1.7420 ce=2.9644 tv=0.5197 conf=0.5510 grad_norm=9.5152 tensors_with_grad=69/72
[train] step 173: T=645 positions=16 loss=1.5263 ce=2.5363 tv=0.5162 conf=0.6969 grad_norm=8.9354 tensors_with_grad=69/72
[train] step 174: T=595 positions=16 loss=1.1477 ce=1.8978 tv=0.3976 conf=0.7282 grad_norm=9.8857 tensors_with_grad=69/72
[train] step 175: T=535 positions=16 loss=0.6991 ce=1.1093 tv=0.2889 conf=0.6653 grad_norm=16.9505 tensors_with_grad=69/72
[train] step 176: T=672 positions=16 loss=1.8255 ce=3.0542 tv=0.5968 conf=0.5798 grad_norm=11.5630 tensors_with_grad=69/72
[train] step 177: T=526 positions=16 loss=2.3196 ce=3.9471 tv=0.6920 conf=1.2387 grad_norm=15.2898 tensors_with_grad=69/72
[train] step 178: T=588 positions=16 loss=1.0612 ce=1.8683 tv=0.2541 conf=0.4491 grad_norm=8.0980 tensors_with_grad=69/72
[train] step 179: T=634 positions=16 loss=2.0651 ce=3.5343 tv=0.5960 conf=0.7771 grad_norm=7.6225 tensors_with_grad=69/72
[train] step 180: T=608 positions=16 loss=0.4769 ce=0.7372 tv=0.2166 conf=0.6839 grad_norm=5.7766 tensors_with_grad=69/72
[train] step 181: T=675 positions=16 loss=1.7212 ce=2.8656 tv=0.5768 conf=1.1400 grad_norm=11.9997 tensors_with_grad=69/72
[train] step 182: T=667 positions=16 loss=3.2849 ce=5.9194 tv=0.6504 conf=0.8806 grad_norm=52.4711 tensors_with_grad=69/72
[train] step 183: T=576 positions=16 loss=1.0627 ce=1.8444 tv=0.2810 conf=0.3983 grad_norm=14.4952 tensors_with_grad=69/72
[train] step 184: T=534 positions=16 loss=1.1795 ce=1.9841 tv=0.3748 conf=1.1885 grad_norm=12.9640 tensors_with_grad=69/72
[train] step 185: T=543 positions=16 loss=1.1014 ce=1.8567 tv=0.3462 conf=0.5742 grad_norm=19.2330 tensors_with_grad=69/72
[train] step 186: T=524 positions=16 loss=1.4035 ce=2.3048 tv=0.5023 conf=0.8721 grad_norm=15.6363 tensors_with_grad=69/72
[train] step 187: T=674 positions=16 loss=1.1663 ce=1.9328 tv=0.3998 conf=0.7844 grad_norm=38.4711 tensors_with_grad=69/72
[train] step 188: T=542 positions=16 loss=0.7616 ce=1.2111 tv=0.3122 conf=0.4934 grad_norm=7.5014 tensors_with_grad=69/72
[train] step 189: T=672 positions=16 loss=1.3619 ce=2.2559 tv=0.4678 conf=0.9835 grad_norm=16.3651 tensors_with_grad=69/72
[train] step 190: T=528 positions=16 loss=1.0316 ce=1.6845 tv=0.3787 conf=1.0722 grad_norm=15.1425 tensors_with_grad=69/72
[train] step 191: T=542 positions=16 loss=0.7106 ce=1.1885 tv=0.2327 conf=0.3982 grad_norm=11.2749 tensors_with_grad=69/72
[train] step 192: T=584 positions=16 loss=2.0088 ce=3.4526 tv=0.5651 conf=0.8736 grad_norm=83.3042 tensors_with_grad=69/72
[train] step 193: T=650 positions=16 loss=1.5792 ce=2.6230 tv=0.5353 conf=0.7211 grad_norm=23.5621 tensors_with_grad=69/72
[train] step 194: T=1710 positions=16 loss=2.5249 ce=4.5661 tv=0.4838 conf=0.7649 grad_norm=18.5507 tensors_with_grad=69/72
[train] step 195: T=672 positions=16 loss=1.5737 ce=2.6717 tv=0.4757 conf=1.0009 grad_norm=12.9665 tensors_with_grad=69/72
[train] step 196: T=534 positions=16 loss=1.1546 ce=1.8717 tv=0.4375 conf=0.7187 grad_norm=13.6048 tensors_with_grad=69/72
[train] step 197: T=541 positions=16 loss=1.4862 ce=2.6396 tv=0.3328 conf=0.7596 grad_norm=13.3912 tensors_with_grad=69/72
[train] step 198: T=915 positions=16 loss=1.7462 ce=3.0471 tv=0.4453 conf=0.8112 grad_norm=8.9301 tensors_with_grad=69/72
[train] step 199: T=1176 positions=16 loss=1.5189 ce=2.6148 tv=0.4229 conf=0.8207 grad_norm=9.7526 tensors_with_grad=69/72
[train] step 200: T=621 positions=16 loss=1.6114 ce=2.6280 tv=0.5948 conf=1.3155 grad_norm=9.1881 tensors_with_grad=69/72
[train] step 201: T=672 positions=16 loss=2.0068 ce=3.4533 tv=0.5602 conf=1.0767 grad_norm=13.9821 tensors_with_grad=69/72
[train] step 202: T=600 positions=16 loss=0.4582 ce=0.7102 tv=0.2061 conf=0.6033 grad_norm=14.1063 tensors_with_grad=69/72
[train] step 203: T=537 positions=16 loss=0.9425 ce=1.5230 tv=0.3621 conf=0.8054 grad_norm=10.0154 tensors_with_grad=69/72
[train] step 204: T=540 positions=16 loss=2.4939 ce=4.3582 tv=0.6296 conf=1.0442 grad_norm=22.1033 tensors_with_grad=69/72
[train] step 205: T=538 positions=16 loss=0.3208 ce=0.4679 tv=0.1736 conf=0.4515 grad_norm=9.7984 tensors_with_grad=69/72
[train] step 206: T=543 positions=16 loss=0.3300 ce=0.5223 tv=0.1378 conf=0.6196 grad_norm=4.4523 tensors_with_grad=69/72
[train] step 207: T=532 positions=16 loss=1.1980 ce=2.0114 tv=0.3845 conf=0.8112 grad_norm=9.3058 tensors_with_grad=69/72
[train] step 208: T=672 positions=16 loss=1.2039 ce=1.9584 tv=0.4495 conf=1.1975 grad_norm=9.0126 tensors_with_grad=69/72
[train] step 209: T=621 positions=16 loss=1.1276 ce=1.9320 tv=0.3232 conf=0.7870 grad_norm=19.2361 tensors_with_grad=69/72
[train] step 210: T=678 positions=16 loss=1.1341 ce=1.9223 tv=0.3458 conf=1.3894 grad_norm=10.7853 tensors_with_grad=69/72
[train] step 211: T=658 positions=16 loss=0.9261 ce=1.4988 tv=0.3535 conf=0.8610 grad_norm=12.8386 tensors_with_grad=69/72
[train] step 212: T=954 positions=16 loss=2.3769 ce=4.2420 tv=0.5118 conf=0.6759 grad_norm=21.9467 tensors_with_grad=69/72
[train] step 213: T=534 positions=16 loss=1.0942 ce=1.7932 tv=0.3953 conf=0.9913 grad_norm=20.2017 tensors_with_grad=69/72
[train] step 214: T=538 positions=16 loss=0.8672 ce=1.3986 tv=0.3358 conf=0.7168 grad_norm=20.8443 tensors_with_grad=69/72
[train] step 215: T=674 positions=16 loss=1.3879 ce=2.2894 tv=0.4864 conf=1.0771 grad_norm=7.9637 tensors_with_grad=69/72
[train] step 216: T=623 positions=16 loss=1.5034 ce=2.4863 tv=0.5204 conf=0.9606 grad_norm=9.4589 tensors_with_grad=69/72
[train] step 217: T=577 positions=16 loss=1.2485 ce=2.1135 tv=0.3836 conf=0.7564 grad_norm=7.6940 tensors_with_grad=69/72
[train] step 218: T=597 positions=16 loss=0.9667 ce=1.5303 tv=0.4030 conf=1.1104 grad_norm=18.4273 tensors_with_grad=69/72
[train] step 219: T=569 positions=16 loss=1.4909 ce=2.5116 tv=0.4701 conf=0.9795 grad_norm=10.2552 tensors_with_grad=69/72
[train] step 220: T=527 positions=16 loss=0.6092 ce=0.9891 tv=0.2293 conf=1.0257 grad_norm=8.5932 tensors_with_grad=69/72
[train] step 221: T=532 positions=16 loss=0.9229 ce=1.4997 tv=0.3462 conf=0.9608 grad_norm=14.7034 tensors_with_grad=69/72
[train] step 222: T=532 positions=16 loss=3.0470 ce=5.4036 tv=0.6904 conf=1.1068 grad_norm=23.5972 tensors_with_grad=69/72
[train] step 223: T=673 positions=16 loss=1.5759 ce=2.6110 tv=0.5407 conf=1.3747 grad_norm=9.2788 tensors_with_grad=69/72
[train] step 224: T=584 positions=16 loss=0.7660 ce=1.2601 tv=0.2719 conf=0.5478 grad_norm=8.0022 tensors_with_grad=69/72
[train] step 225: T=538 positions=16 loss=1.5270 ce=2.5449 tv=0.5090 conf=1.2078 grad_norm=9.5285 tensors_with_grad=69/72
[train] step 226: T=548 positions=16 loss=0.9440 ce=1.5592 tv=0.3289 conf=0.8594 grad_norm=12.3650 tensors_with_grad=69/72
[train] step 227: T=541 positions=16 loss=0.5722 ce=0.9492 tv=0.1951 conf=0.6353 grad_norm=14.2694 tensors_with_grad=69/72
[train] step 228: T=607 positions=16 loss=0.3626 ce=0.5838 tv=0.1415 conf=0.3595 grad_norm=5.4211 tensors_with_grad=69/72
[train] step 229: T=530 positions=16 loss=0.6926 ce=1.1583 tv=0.2268 conf=0.8969 grad_norm=10.4808 tensors_with_grad=69/72
[train] step 230: T=561 positions=16 loss=0.6695 ce=1.0736 tv=0.2655 conf=0.7279 grad_norm=22.6500 tensors_with_grad=69/72
[train] step 231: T=976 positions=16 loss=1.8080 ce=3.1125 tv=0.5036 conf=0.8437 grad_norm=11.6693 tensors_with_grad=69/72
[train] step 232: T=557 positions=16 loss=1.5807 ce=2.6706 tv=0.4907 conf=0.9448 grad_norm=22.0768 tensors_with_grad=69/72
[train] step 233: T=648 positions=16 loss=0.8286 ce=1.3135 tv=0.3438 conf=1.4086 grad_norm=9.1146 tensors_with_grad=69/72
[train] step 234: T=542 positions=16 loss=0.8487 ce=1.4565 tv=0.2408 conf=0.5307 grad_norm=6.5270 tensors_with_grad=69/72
[train] step 235: T=644 positions=16 loss=1.0734 ce=1.7488 tv=0.3981 conf=0.8117 grad_norm=13.6549 tensors_with_grad=69/72
[train] step 236: T=534 positions=16 loss=1.4739 ce=2.4886 tv=0.4592 conf=1.3716 grad_norm=9.1813 tensors_with_grad=69/72
[train] step 237: T=1054 positions=16 loss=1.5136 ce=2.5649 tv=0.4623 conf=1.0447 grad_norm=9.9514 tensors_with_grad=69/72
[train] step 238: T=675 positions=16 loss=0.8473 ce=1.3962 tv=0.2983 conf=0.5852 grad_norm=8.5839 tensors_with_grad=69/72
[train] step 239: T=619 positions=16 loss=1.6930 ce=2.9003 tv=0.4857 conf=1.2254 grad_norm=7.1335 tensors_with_grad=69/72
[train] step 240: T=552 positions=16 loss=2.6056 ce=4.6328 tv=0.5784 conf=0.8597 grad_norm=29.3670 tensors_with_grad=69/72
[train] step 241: T=542 positions=16 loss=1.2531 ce=2.0235 tv=0.4827 conf=0.5367 grad_norm=13.1659 tensors_with_grad=69/72
[train] step 242: T=927 positions=16 loss=1.4166 ce=2.4257 tv=0.4075 conf=1.1069 grad_norm=11.7116 tensors_with_grad=69/72
[train] step 243: T=581 positions=16 loss=0.4234 ce=0.6701 tv=0.1768 conf=1.2085 grad_norm=6.0612 tensors_with_grad=69/72
[train] step 244: T=541 positions=16 loss=1.3781 ce=2.3299 tv=0.4263 conf=1.2295 grad_norm=8.6443 tensors_with_grad=69/72
[train] step 245: T=531 positions=16 loss=2.0011 ce=3.3759 tv=0.6263 conf=0.8642 grad_norm=17.1634 tensors_with_grad=69/72
[train] step 246: T=577 positions=16 loss=0.8787 ce=1.4071 tv=0.3503 conf=1.1631 grad_norm=10.0391 tensors_with_grad=69/72
[train] step 247: T=827 positions=16 loss=1.9162 ce=3.3456 tv=0.4869 conf=1.6030 grad_norm=14.8620 tensors_with_grad=69/72
[train] step 248: T=532 positions=16 loss=0.4384 ce=0.6105 tv=0.2663 conf=1.4302 grad_norm=14.4303 tensors_with_grad=69/72
[train] step 249: T=532 positions=16 loss=0.7375 ce=1.1661 tv=0.3089 conf=1.1487 grad_norm=6.4079 tensors_with_grad=69/72
[train] step 250: T=587 positions=16 loss=0.8925 ce=1.4181 tv=0.3669 conf=0.9526 grad_norm=10.6819 tensors_with_grad=69/72
[train] step 251: T=620 positions=16 loss=0.4431 ce=0.6784 tv=0.2077 conf=0.7282 grad_norm=5.5307 tensors_with_grad=69/72
[train] step 252: T=535 positions=16 loss=1.7875 ce=3.0485 tv=0.5264 conf=0.8798 grad_norm=6.6000 tensors_with_grad=69/72
[train] step 253: T=532 positions=16 loss=1.7155 ce=3.0024 tv=0.4285 conf=0.8202 grad_norm=13.4130 tensors_with_grad=69/72
[train] step 254: T=553 positions=16 loss=0.7375 ce=1.2442 tv=0.2309 conf=0.5799 grad_norm=7.1576 tensors_with_grad=69/72
[train] step 255: T=567 positions=16 loss=0.1999 ce=0.2674 tv=0.1324 conf=0.4671 grad_norm=3.9550 tensors_with_grad=69/72
[train] step 256: T=676 positions=16 loss=0.9629 ce=1.6100 tv=0.3158 conf=0.9484 grad_norm=7.5105 tensors_with_grad=69/72
[train] step 257: T=571 positions=16 loss=1.9248 ce=3.3029 tv=0.5467 conf=0.6978 grad_norm=14.2268 tensors_with_grad=69/72
[train] step 258: T=675 positions=16 loss=0.7244 ce=1.1670 tv=0.2817 conf=0.6845 grad_norm=12.6470 tensors_with_grad=69/72
[train] step 259: T=631 positions=16 loss=0.3622 ce=0.5239 tv=0.2005 conf=0.4429 grad_norm=11.6311 tensors_with_grad=69/72
[train] step 260: T=625 positions=16 loss=1.0916 ce=1.8253 tv=0.3579 conf=0.8832 grad_norm=22.6092 tensors_with_grad=69/72
[train] step 261: T=621 positions=16 loss=1.0952 ce=1.7593 tv=0.4310 conf=0.8251 grad_norm=11.0116 tensors_with_grad=69/72
[train] step 262: T=551 positions=16 loss=1.6134 ce=2.8380 tv=0.3889 conf=0.5244 grad_norm=10.6268 tensors_with_grad=69/72
[train] step 263: T=600 positions=16 loss=2.3397 ce=4.1232 tv=0.5562 conf=0.9400 grad_norm=14.1392 tensors_with_grad=69/72
[train] step 264: T=540 positions=16 loss=0.3756 ce=0.5965 tv=0.1548 conf=0.2498 grad_norm=3.8796 tensors_with_grad=69/72
[train] step 265: T=542 positions=16 loss=0.2931 ce=0.4786 tv=0.1075 conf=0.1637 grad_norm=5.5016 tensors_with_grad=69/72
[train] step 266: T=915 positions=16 loss=1.8439 ce=3.2991 tv=0.3886 conf=1.2378 grad_norm=12.9171 tensors_with_grad=69/72
[train] step 267: T=620 positions=16 loss=1.9805 ce=3.4760 tv=0.4849 conf=1.4044 grad_norm=15.8439 tensors_with_grad=69/72
[train] step 268: T=673 positions=16 loss=1.6317 ce=2.8040 tv=0.4595 conf=1.1979 grad_norm=5.9547 tensors_with_grad=69/72
[train] step 269: T=621 positions=16 loss=0.8565 ce=1.3344 tv=0.3785 conf=0.9705 grad_norm=10.2440 tensors_with_grad=69/72
[train] step 270: T=529 positions=16 loss=1.0601 ce=1.8316 tv=0.2885 conf=1.3127 grad_norm=7.5624 tensors_with_grad=69/72
[train] step 271: T=1196 positions=16 loss=1.8579 ce=3.1996 tv=0.5163 conf=0.9593 grad_norm=12.1255 tensors_with_grad=69/72
[train] step 272: T=1273 positions=16 loss=1.9477 ce=3.4200 tv=0.4754 conf=0.9923 grad_norm=7.5752 tensors_with_grad=69/72
[train] step 273: T=524 positions=16 loss=1.6195 ce=2.7269 tv=0.5121 conf=1.6650 grad_norm=11.7674 tensors_with_grad=69/72
[train] step 274: T=624 positions=16 loss=0.8092 ce=1.2997 tv=0.3187 conf=1.1864 grad_norm=8.4817 tensors_with_grad=69/72
[train] step 275: T=525 positions=16 loss=1.4628 ce=2.4359 tv=0.4897 conf=1.4631 grad_norm=7.6362 tensors_with_grad=69/72
[train] step 276: T=535 positions=16 loss=0.6997 ce=1.1763 tv=0.2231 conf=0.6435 grad_norm=9.0477 tensors_with_grad=69/72
[train] step 277: T=631 positions=16 loss=0.6312 ce=1.0730 tv=0.1893 conf=1.1693 grad_norm=8.5630 tensors_with_grad=69/72
[train] step 278: T=872 positions=16 loss=2.0179 ce=3.5167 tv=0.5191 conf=1.2704 grad_norm=15.5134 tensors_with_grad=69/72
[train] step 279: T=1563 positions=16 loss=2.0455 ce=3.6087 tv=0.4823 conf=1.3134 grad_norm=9.1409 tensors_with_grad=69/72
[train] step 280: T=675 positions=16 loss=1.2095 ce=2.0113 tv=0.4077 conf=1.0662 grad_norm=6.9331 tensors_with_grad=69/72
[train] step 281: T=534 positions=16 loss=0.5277 ce=0.8862 tv=0.1693 conf=1.1434 grad_norm=6.7854 tensors_with_grad=69/72
[train] step 282: T=673 positions=16 loss=1.1692 ce=1.9529 tv=0.3856 conf=1.4226 grad_norm=10.7829 tensors_with_grad=69/72
[train] step 283: T=672 positions=16 loss=1.7504 ce=2.9684 tv=0.5323 conf=0.8479 grad_norm=10.4997 tensors_with_grad=69/72
[train] step 284: T=532 positions=16 loss=1.8167 ce=3.1375 tv=0.4958 conf=0.7503 grad_norm=21.8731 tensors_with_grad=69/72
[train] step 285: T=594 positions=16 loss=0.3299 ce=0.5074 tv=0.1523 conf=0.4056 grad_norm=4.8870 tensors_with_grad=69/72
[train] step 286: T=539 positions=16 loss=0.5074 ce=0.7919 tv=0.2230 conf=0.4289 grad_norm=7.5349 tensors_with_grad=69/72
[train] step 287: T=540 positions=16 loss=0.1333 ce=0.1756 tv=0.0911 conf=0.3087 grad_norm=2.4379 tensors_with_grad=69/72
[train] step 288: T=531 positions=16 loss=1.3080 ce=2.1909 tv=0.4251 conf=0.8421 grad_norm=11.4573 tensors_with_grad=69/72
[train] step 289: T=530 positions=16 loss=0.8857 ce=1.4372 tv=0.3341 conf=1.2836 grad_norm=12.7734 tensors_with_grad=69/72
[train] step 290: T=676 positions=16 loss=0.8545 ce=1.3659 tv=0.3430 conf=0.9891 grad_norm=6.2220 tensors_with_grad=69/72
[train] step 291: T=529 positions=16 loss=1.1115 ce=1.8449 tv=0.3781 conf=0.6903 grad_norm=5.9538 tensors_with_grad=69/72
[train] step 292: T=626 positions=16 loss=0.7157 ce=1.0776 tv=0.3539 conf=1.1126 grad_norm=8.2740 tensors_with_grad=69/72
[train] step 293: T=569 positions=16 loss=2.6256 ce=4.7080 tv=0.5433 conf=1.1020 grad_norm=39.8299 tensors_with_grad=69/72
[train] step 294: T=957 positions=16 loss=2.2860 ce=3.9543 tv=0.6177 conf=1.7603 grad_norm=9.0510 tensors_with_grad=69/72
[train] step 295: T=630 positions=16 loss=0.9469 ce=1.5802 tv=0.3137 conf=1.3197 grad_norm=8.8234 tensors_with_grad=69/72
[train] step 296: T=672 positions=16 loss=1.9060 ce=3.2085 tv=0.6035 conf=0.9020 grad_norm=7.8913 tensors_with_grad=69/72
[train] step 297: T=659 positions=16 loss=0.9228 ce=1.4773 tv=0.3682 conf=1.0909 grad_norm=9.0013 tensors_with_grad=69/72
[train] step 298: T=559 positions=16 loss=0.6586 ce=1.0851 tv=0.2322 conf=0.5643 grad_norm=6.0327 tensors_with_grad=69/72
[train] step 299: T=674 positions=16 loss=1.5938 ce=2.6667 tv=0.5209 conf=1.0813 grad_norm=6.8982 tensors_with_grad=69/72
[train] step 300: T=525 positions=16 loss=0.9442 ce=1.5544 tv=0.3340 conf=0.8277 grad_norm=9.3731 tensors_with_grad=69/72
[train] step 301: T=535 positions=16 loss=0.9279 ce=1.5144 tv=0.3415 conf=1.2949 grad_norm=11.2645 tensors_with_grad=69/72
[train] step 302: T=533 positions=16 loss=0.9325 ce=1.5008 tv=0.3641 conf=0.9753 grad_norm=6.4652 tensors_with_grad=69/72
[train] step 303: T=603 positions=16 loss=0.9487 ce=1.5849 tv=0.3125 conf=0.7713 grad_norm=9.2532 tensors_with_grad=69/72
[train] step 304: T=600 positions=16 loss=0.5733 ce=0.9400 tv=0.2065 conf=0.6453 grad_norm=8.0942 tensors_with_grad=69/72
[train] step 305: T=594 positions=16 loss=0.7733 ce=1.2478 tv=0.2989 conf=0.7113 grad_norm=11.0703 tensors_with_grad=69/72
[train] step 306: T=533 positions=16 loss=0.9605 ce=1.4973 tv=0.4238 conf=1.1576 grad_norm=12.4791 tensors_with_grad=69/72
[train] step 307: T=533 positions=16 loss=0.8572 ce=1.4710 tv=0.2435 conf=1.9297 grad_norm=14.3983 tensors_with_grad=69/72
[train] step 308: T=602 positions=16 loss=1.1188 ce=2.0185 tv=0.2191 conf=1.0760 grad_norm=14.0082 tensors_with_grad=69/72
[train] step 309: T=647 positions=16 loss=0.3336 ce=0.5119 tv=0.1553 conf=0.4976 grad_norm=3.7376 tensors_with_grad=69/72
[train] step 310: T=576 positions=16 loss=0.5375 ce=0.9379 tv=0.1372 conf=0.6305 grad_norm=4.5223 tensors_with_grad=69/72
[train] step 311: T=531 positions=16 loss=0.7970 ce=1.3240 tv=0.2700 conf=0.7473 grad_norm=6.8097 tensors_with_grad=69/72
[train] step 312: T=643 positions=16 loss=0.8417 ce=1.4096 tv=0.2738 conf=1.3946 grad_norm=12.5702 tensors_with_grad=69/72
[train] step 313: T=1335 positions=16 loss=1.8790 ce=3.2937 tv=0.4644 conf=1.5262 grad_norm=10.3758 tensors_with_grad=69/72
[train] step 314: T=538 positions=16 loss=0.5814 ce=0.9581 tv=0.2047 conf=1.1071 grad_norm=11.4783 tensors_with_grad=69/72
[train] step 315: T=605 positions=16 loss=0.4579 ce=0.7526 tv=0.1632 conf=0.4062 grad_norm=3.7467 tensors_with_grad=69/72
[train] step 316: T=554 positions=16 loss=1.1583 ce=1.9219 tv=0.3946 conf=1.1253 grad_norm=12.2841 tensors_with_grad=69/72
[train] step 317: T=912 positions=16 loss=1.4515 ce=2.5331 tv=0.3699 conf=1.4819 grad_norm=7.9712 tensors_with_grad=69/72
[train] step 318: T=525 positions=16 loss=1.5482 ce=2.5488 tv=0.5477 conf=1.2020 grad_norm=6.7508 tensors_with_grad=69/72
[train] step 319: T=530 positions=16 loss=1.2596 ce=2.2057 tv=0.3135 conf=0.7831 grad_norm=15.7716 tensors_with_grad=69/72
[train] step 320: T=638 positions=16 loss=0.8749 ce=1.3627 tv=0.3872 conf=0.7655 grad_norm=7.4772 tensors_with_grad=69/72
[train] step 321: T=547 positions=16 loss=1.5675 ce=2.5598 tv=0.5752 conf=1.3618 grad_norm=8.6000 tensors_with_grad=69/72
[train] step 322: T=675 positions=16 loss=1.3224 ce=2.1547 tv=0.4900 conf=1.1778 grad_norm=10.3016 tensors_with_grad=69/72
[train] step 323: T=563 positions=16 loss=1.2285 ce=2.0356 tv=0.4215 conf=1.1101 grad_norm=7.3569 tensors_with_grad=69/72
[train] step 324: T=626 positions=16 loss=1.1298 ce=1.8180 tv=0.4415 conf=1.3904 grad_norm=7.4749 tensors_with_grad=69/72
[train] step 325: T=673 positions=16 loss=1.5283 ce=2.6415 tv=0.4150 conf=0.7240 grad_norm=10.3421 tensors_with_grad=69/72
[train] step 326: T=535 positions=16 loss=0.2597 ce=0.3798 tv=0.1396 conf=0.7787 grad_norm=7.1076 tensors_with_grad=69/72
[train] step 327: T=534 positions=16 loss=0.2054 ce=0.3147 tv=0.0961 conf=0.4900 grad_norm=2.6755 tensors_with_grad=69/72
[train] step 328: T=546 positions=16 loss=0.8868 ce=1.4755 tv=0.2980 conf=1.3283 grad_norm=7.1269 tensors_with_grad=69/72
[train] step 329: T=539 positions=16 loss=0.7549 ce=1.2131 tv=0.2967 conf=0.9458 grad_norm=5.4404 tensors_with_grad=69/72
[train] step 330: T=608 positions=16 loss=1.2956 ce=2.2339 tv=0.3573 conf=1.1688 grad_norm=23.0982 tensors_with_grad=69/72
[train] step 331: T=648 positions=16 loss=0.8302 ce=1.2990 tv=0.3614 conf=1.0534 grad_norm=6.7061 tensors_with_grad=69/72
[train] step 332: T=529 positions=16 loss=0.8668 ce=1.3806 tv=0.3530 conf=1.8007 grad_norm=6.6518 tensors_with_grad=69/72
[train] step 333: T=580 positions=16 loss=1.1758 ce=1.9251 tv=0.4264 conf=0.6458 grad_norm=12.8689 tensors_with_grad=69/72
[train] step 334: T=544 positions=16 loss=1.0733 ce=1.8436 tv=0.3029 conf=0.7277 grad_norm=18.5016 tensors_with_grad=69/72
[train] step 335: T=527 positions=16 loss=1.5969 ce=2.6543 tv=0.5395 conf=0.9493 grad_norm=12.4863 tensors_with_grad=69/72
[train] step 336: T=567 positions=16 loss=1.1549 ce=2.0123 tv=0.2975 conf=0.5817 grad_norm=12.0833 tensors_with_grad=69/72
[train] step 337: T=672 positions=16 loss=1.1109 ce=1.7902 tv=0.4317 conf=0.9589 grad_norm=8.6344 tensors_with_grad=69/72
[train] step 338: T=589 positions=16 loss=0.9559 ce=1.5553 tv=0.3566 conf=1.0937 grad_norm=5.4961 tensors_with_grad=69/72
[train] step 339: T=620 positions=16 loss=1.3317 ce=2.2490 tv=0.4143 conf=0.9263 grad_norm=8.9832 tensors_with_grad=69/72
[train] step 340: T=533 positions=16 loss=0.5405 ce=0.8927 tv=0.1883 conf=1.1967 grad_norm=8.4329 tensors_with_grad=69/72
[train] step 341: T=1060 positions=16 loss=1.5107 ce=2.5956 tv=0.4258 conf=0.8639 grad_norm=8.3797 tensors_with_grad=69/72
[train] step 342: T=538 positions=16 loss=1.0764 ce=1.7645 tv=0.3882 conf=1.4515 grad_norm=10.2951 tensors_with_grad=69/72
[train] step 343: T=529 positions=16 loss=0.3642 ce=0.5880 tv=0.1403 conf=0.9054 grad_norm=3.7794 tensors_with_grad=69/72
[train] step 344: T=635 positions=16 loss=1.2264 ce=1.9939 tv=0.4589 conf=1.0878 grad_norm=5.3428 tensors_with_grad=69/72
[train] step 345: T=628 positions=16 loss=0.6511 ce=1.0392 tv=0.2631 conf=0.6148 grad_norm=9.6056 tensors_with_grad=69/72
[train] step 346: T=538 positions=16 loss=0.6514 ce=1.0320 tv=0.2709 conf=0.8500 grad_norm=9.7477 tensors_with_grad=69/72
[train] step 347: T=574 positions=16 loss=1.0530 ce=1.7528 tv=0.3531 conf=1.6475 grad_norm=15.1671 tensors_with_grad=69/72
[train] step 348: T=595 positions=16 loss=0.8528 ce=1.3567 tv=0.3488 conf=0.7767 grad_norm=9.4615 tensors_with_grad=69/72
[train] step 349: T=640 positions=16 loss=1.2128 ce=2.0376 tv=0.3880 conf=0.8929 grad_norm=7.8556 tensors_with_grad=69/72
[train] step 350: T=588 positions=16 loss=0.2732 ce=0.4099 tv=0.1364 conf=0.4572 grad_norm=10.3301 tensors_with_grad=69/72
[train] step 351: T=533 positions=16 loss=0.5857 ce=0.9970 tv=0.1744 conf=0.6705 grad_norm=4.5263 tensors_with_grad=69/72
[train] step 352: T=675 positions=16 loss=1.9556 ce=3.3693 tv=0.5420 conf=0.8626 grad_norm=10.5739 tensors_with_grad=69/72
[train] step 353: T=532 positions=16 loss=0.7524 ce=1.2183 tv=0.2866 conf=0.5548 grad_norm=4.5438 tensors_with_grad=69/72
[train] step 354: T=586 positions=16 loss=1.4514 ce=2.5201 tv=0.3827 conf=1.0549 grad_norm=18.8687 tensors_with_grad=69/72
[train] step 355: T=1048 positions=16 loss=1.7414 ce=3.0870 tv=0.3958 conf=0.5217 grad_norm=14.1376 tensors_with_grad=69/72
[train] step 356: T=615 positions=16 loss=0.7627 ce=1.2550 tv=0.2705 conf=0.7568 grad_norm=7.9910 tensors_with_grad=69/72
[train] step 357: T=672 positions=16 loss=1.0190 ce=1.7004 tv=0.3375 conf=1.2261 grad_norm=12.3496 tensors_with_grad=69/72
[train] step 358: T=579 positions=16 loss=1.4410 ce=2.4601 tv=0.4219 conf=0.7528 grad_norm=8.0328 tensors_with_grad=69/72
[train] step 359: T=588 positions=16 loss=1.2147 ce=2.0071 tv=0.4224 conf=1.3289 grad_norm=8.3725 tensors_with_grad=69/72
[train] step 360: T=527 positions=16 loss=0.4402 ce=0.7500 tv=0.1303 conf=0.7513 grad_norm=4.7511 tensors_with_grad=69/72
[train] step 361: T=1060 positions=16 loss=1.9551 ce=3.4259 tv=0.4844 conf=0.9023 grad_norm=6.9293 tensors_with_grad=69/72
[train] step 362: T=629 positions=16 loss=0.8469 ce=1.3733 tv=0.3205 conf=0.6655 grad_norm=11.1469 tensors_with_grad=69/72
[train] step 363: T=529 positions=16 loss=0.9613 ce=1.6159 tv=0.3068 conf=0.9629 grad_norm=8.4703 tensors_with_grad=69/72
[train] step 364: T=629 positions=16 loss=0.2920 ce=0.4337 tv=0.1504 conf=0.4959 grad_norm=2.8623 tensors_with_grad=69/72
[train] step 365: T=621 positions=16 loss=0.5035 ce=0.8363 tv=0.1707 conf=0.8046 grad_norm=7.9086 tensors_with_grad=69/72
[train] step 366: T=591 positions=16 loss=0.6777 ce=1.1144 tv=0.2411 conf=0.7171 grad_norm=6.6612 tensors_with_grad=69/72
[train] step 367: T=604 positions=16 loss=0.7704 ce=1.2481 tv=0.2926 conf=0.6405 grad_norm=6.6620 tensors_with_grad=69/72
[train] step 368: T=673 positions=16 loss=0.4900 ce=0.7981 tv=0.1820 conf=1.9220 grad_norm=4.4185 tensors_with_grad=69/72
[train] step 369: T=531 positions=16 loss=1.0733 ce=1.7844 tv=0.3622 conf=0.8867 grad_norm=5.9224 tensors_with_grad=69/72
[train] step 370: T=539 positions=16 loss=0.2238 ce=0.3203 tv=0.1273 conf=0.4023 grad_norm=5.1166 tensors_with_grad=69/72
[train] step 371: T=676 positions=16 loss=1.2158 ce=2.0123 tv=0.4193 conf=1.6209 grad_norm=9.4863 tensors_with_grad=69/72
[train] step 372: T=966 positions=16 loss=2.1355 ce=3.7355 tv=0.5355 conf=0.7123 grad_norm=14.2590 tensors_with_grad=69/72
[train] step 373: T=638 positions=16 loss=0.5645 ce=0.8751 tv=0.2539 conf=1.0191 grad_norm=9.5203 tensors_with_grad=69/72
[train] step 374: T=539 positions=16 loss=1.4698 ce=2.4772 tv=0.4624 conf=0.8291 grad_norm=15.6858 tensors_with_grad=69/72
[train] step 375: T=543 positions=16 loss=0.5303 ce=0.7769 tv=0.2837 conf=1.1932 grad_norm=7.5764 tensors_with_grad=69/72
[train] step 376: T=544 positions=16 loss=0.4179 ce=0.6240 tv=0.2117 conf=1.2359 grad_norm=5.6668 tensors_with_grad=69/72
[train] step 377: T=532 positions=16 loss=0.6583 ce=1.1338 tv=0.1829 conf=0.7975 grad_norm=8.3884 tensors_with_grad=69/72
[train] step 378: T=536 positions=16 loss=0.4211 ce=0.6903 tv=0.1519 conf=0.7775 grad_norm=6.3949 tensors_with_grad=69/72
[train] step 379: T=553 positions=16 loss=0.9682 ce=1.6274 tv=0.3090 conf=0.9379 grad_norm=9.8506 tensors_with_grad=69/72
[train] step 380: T=651 positions=16 loss=1.0465 ce=1.6806 tv=0.4124 conf=0.9378 grad_norm=6.9114 tensors_with_grad=69/72
[train] step 381: T=573 positions=16 loss=2.5248 ce=4.4250 tv=0.6246 conf=0.6928 grad_norm=16.5093 tensors_with_grad=69/72
[train] step 382: T=549 positions=16 loss=0.8782 ce=1.4555 tv=0.3010 conf=0.5985 grad_norm=7.8822 tensors_with_grad=69/72
[train] step 383: T=573 positions=16 loss=0.9600 ce=1.5760 tv=0.3439 conf=0.9620 grad_norm=18.0086 tensors_with_grad=69/72
[train] step 384: T=534 positions=16 loss=1.3688 ce=2.1991 tv=0.5386 conf=1.7626 grad_norm=8.4131 tensors_with_grad=69/72
[train] step 385: T=548 positions=16 loss=1.1975 ce=2.0481 tv=0.3468 conf=1.0974 grad_norm=10.1578 tensors_with_grad=69/72
[train] step 386: T=588 positions=16 loss=1.2262 ce=2.1225 tv=0.3299 conf=1.9954 grad_norm=14.1341 tensors_with_grad=69/72
[train] step 387: T=654 positions=16 loss=0.9846 ce=1.5725 tv=0.3967 conf=1.3682 grad_norm=8.4490 tensors_with_grad=69/72
[train] step 388: T=536 positions=16 loss=0.9877 ce=1.6177 tv=0.3577 conf=2.0691 grad_norm=12.9189 tensors_with_grad=69/72
[train] step 389: T=959 positions=16 loss=2.2265 ce=3.9204 tv=0.5325 conf=2.3074 grad_norm=10.0074 tensors_with_grad=69/72
[train] step 390: T=532 positions=16 loss=0.7100 ce=1.1797 tv=0.2404 conf=1.6877 grad_norm=11.8601 tensors_with_grad=69/72
[train] step 391: T=654 positions=16 loss=0.8008 ce=1.2419 tv=0.3598 conf=1.3572 grad_norm=8.1222 tensors_with_grad=69/72
[train] step 392: T=627 positions=16 loss=0.5980 ce=1.0126 tv=0.1834 conf=1.4223 grad_norm=7.2841 tensors_with_grad=69/72
[train] step 393: T=531 positions=16 loss=0.7820 ce=1.2199 tv=0.3441 conf=1.2676 grad_norm=7.4728 tensors_with_grad=69/72
[train] step 394: T=614 positions=16 loss=0.5037 ce=0.7021 tv=0.3053 conf=1.7812 grad_norm=22.0560 tensors_with_grad=69/72
[train] step 395: T=530 positions=16 loss=1.4967 ce=2.5209 tv=0.4726 conf=1.1463 grad_norm=8.4789 tensors_with_grad=69/72
[train] step 396: T=545 positions=16 loss=0.7964 ce=1.3154 tv=0.2774 conf=1.2466 grad_norm=9.8536 tensors_with_grad=69/72
[train] step 397: T=605 positions=16 loss=0.9257 ce=1.5486 tv=0.3028 conf=1.1455 grad_norm=10.0664 tensors_with_grad=69/72
[train] step 398: T=529 positions=16 loss=1.5251 ce=2.5876 tv=0.4626 conf=1.4479 grad_norm=9.4235 tensors_with_grad=69/72
[train] step 399: T=1075 positions=16 loss=1.4644 ce=2.5865 tv=0.3422 conf=1.0624 grad_norm=11.2275 tensors_with_grad=69/72
[train] step 400: T=1443 positions=16 loss=2.2555 ce=4.0010 tv=0.5100 conf=1.4718 grad_norm=13.7014 tensors_with_grad=69/72
[train] step 401: T=535 positions=16 loss=1.6246 ce=2.6956 tv=0.5535 conf=1.4671 grad_norm=14.6807 tensors_with_grad=69/72
[train] step 402: T=594 positions=16 loss=0.2960 ce=0.4184 tv=0.1736 conf=0.4752 grad_norm=7.3238 tensors_with_grad=69/72
[train] step 403: T=886 positions=16 loss=1.7628 ce=3.1465 tv=0.3792 conf=0.7818 grad_norm=10.0004 tensors_with_grad=69/72
[train] step 404: T=532 positions=16 loss=1.1829 ce=1.9551 tv=0.4107 conf=0.8869 grad_norm=5.0657 tensors_with_grad=69/72
[train] step 405: T=560 positions=16 loss=0.8945 ce=1.4707 tv=0.3182 conf=1.5547 grad_norm=10.7487 tensors_with_grad=69/72
[train] step 406: T=597 positions=16 loss=1.2090 ce=2.0536 tv=0.3645 conf=0.9788 grad_norm=9.8175 tensors_with_grad=69/72
[train] step 407: T=536 positions=16 loss=0.1258 ce=0.1399 tv=0.1116 conf=0.2403 grad_norm=1.4198 tensors_with_grad=69/72
[train] step 408: T=578 positions=16 loss=0.3372 ce=0.4809 tv=0.1934 conf=2.1102 grad_norm=11.0940 tensors_with_grad=69/72
[train] step 409: T=675 positions=16 loss=0.5856 ce=0.9620 tv=0.2092 conf=0.6685 grad_norm=5.5759 tensors_with_grad=69/72
[train] step 410: T=672 positions=16 loss=1.6874 ce=2.8248 tv=0.5501 conf=1.4471 grad_norm=6.2050 tensors_with_grad=69/72
[train] step 411: T=529 positions=16 loss=0.5311 ce=0.8268 tv=0.2353 conf=1.0105 grad_norm=8.4286 tensors_with_grad=69/72
[train] step 412: T=676 positions=16 loss=0.4732 ce=0.6693 tv=0.2770 conf=1.7599 grad_norm=9.4322 tensors_with_grad=69/72
[train] step 413: T=555 positions=16 loss=0.5386 ce=0.9022 tv=0.1749 conf=0.6596 grad_norm=7.3477 tensors_with_grad=69/72
[train] step 414: T=1244 positions=16 loss=1.9597 ce=3.5099 tv=0.4095 conf=1.0763 grad_norm=10.3664 tensors_with_grad=69/72
[train] step 415: T=549 positions=16 loss=1.2860 ce=2.0706 tv=0.5013 conf=0.9257 grad_norm=8.7343 tensors_with_grad=69/72
[train] step 416: T=599 positions=16 loss=0.7241 ce=1.1281 tv=0.3201 conf=1.4611 grad_norm=13.8280 tensors_with_grad=69/72
[train] step 417: T=526 positions=16 loss=0.8759 ce=1.4613 tv=0.2905 conf=0.6367 grad_norm=22.3430 tensors_with_grad=69/72
[train] step 418: T=576 positions=16 loss=1.7013 ce=2.9137 tv=0.4888 conf=1.2339 grad_norm=9.9752 tensors_with_grad=69/72
[train] step 419: T=542 positions=16 loss=0.7412 ce=1.2195 tv=0.2630 conf=0.8283 grad_norm=6.9719 tensors_with_grad=69/72
[train] step 420: T=537 positions=16 loss=0.1094 ce=0.1443 tv=0.0745 conf=0.3835 grad_norm=3.5715 tensors_with_grad=69/72
[train] step 421: T=536 positions=16 loss=0.4107 ce=0.6618 tv=0.1597 conf=0.4744 grad_norm=9.6308 tensors_with_grad=69/72
[train] step 422: T=543 positions=16 loss=0.4222 ce=0.7032 tv=0.1412 conf=0.3608 grad_norm=5.4263 tensors_with_grad=69/72
[train] step 423: T=573 positions=16 loss=1.3304 ce=2.2684 tv=0.3923 conf=0.7793 grad_norm=10.2648 tensors_with_grad=69/72
[train] step 424: T=928 positions=16 loss=1.3974 ce=2.4202 tv=0.3746 conf=1.1329 grad_norm=7.4143 tensors_with_grad=69/72
[train] step 425: T=979 positions=16 loss=1.9891 ce=3.4759 tv=0.5022 conf=1.1293 grad_norm=11.4810 tensors_with_grad=69/72
[train] step 426: T=542 positions=16 loss=0.3281 ce=0.5153 tv=0.1409 conf=0.6139 grad_norm=7.3243 tensors_with_grad=69/72
[train] step 427: T=525 positions=16 loss=0.7269 ce=1.1652 tv=0.2886 conf=1.0350 grad_norm=21.0885 tensors_with_grad=69/72
[train] step 428: T=1286 positions=16 loss=1.3629 ce=2.3463 tv=0.3796 conf=1.0783 grad_norm=6.0974 tensors_with_grad=69/72
[train] step 429: T=538 positions=16 loss=0.1986 ce=0.2568 tv=0.1403 conf=0.2629 grad_norm=3.3106 tensors_with_grad=69/72
[train] step 430: T=541 positions=16 loss=1.1215 ce=1.9491 tv=0.2938 conf=0.9192 grad_norm=14.2093 tensors_with_grad=69/72
[train] step 431: T=537 positions=16 loss=0.9783 ce=1.6375 tv=0.3191 conf=1.0512 grad_norm=9.6749 tensors_with_grad=69/72
[train] step 432: T=550 positions=16 loss=0.4956 ce=0.7391 tv=0.2522 conf=0.6837 grad_norm=6.3216 tensors_with_grad=69/72
[train] step 433: T=568 positions=16 loss=1.5864 ce=2.8014 tv=0.3714 conf=1.7798 grad_norm=16.5740 tensors_with_grad=69/72
[train] step 434: T=524 positions=16 loss=1.6088 ce=2.6939 tv=0.5236 conf=0.9991 grad_norm=8.5433 tensors_with_grad=69/72
[train] step 435: T=601 positions=16 loss=0.4195 ce=0.6466 tv=0.1924 conf=1.0118 grad_norm=9.9360 tensors_with_grad=69/72
[train] step 436: T=530 positions=16 loss=0.6764 ce=1.0877 tv=0.2651 conf=1.1544 grad_norm=11.7704 tensors_with_grad=69/72
[train] step 437: T=525 positions=16 loss=0.9276 ce=1.5108 tv=0.3444 conf=1.3108 grad_norm=6.5983 tensors_with_grad=69/72
[train] step 438: T=526 positions=16 loss=1.3681 ce=2.2693 tv=0.4668 conf=1.3452 grad_norm=13.0052 tensors_with_grad=69/72
[train] step 439: T=584 positions=16 loss=0.3308 ce=0.5048 tv=0.1567 conf=0.6526 grad_norm=5.7708 tensors_with_grad=69/72
[train] step 440: T=1681 positions=16 loss=2.2837 ce=4.0778 tv=0.4895 conf=2.3263 grad_norm=8.9290 tensors_with_grad=69/72
[train] step 441: T=532 positions=16 loss=0.8497 ce=1.4169 tv=0.2824 conf=0.9136 grad_norm=4.9223 tensors_with_grad=69/72
[train] step 442: T=535 positions=16 loss=0.7464 ce=1.2557 tv=0.2371 conf=0.7219 grad_norm=7.4052 tensors_with_grad=69/72
[train] step 443: T=1305 positions=16 loss=2.3003 ce=4.0744 tv=0.5263 conf=0.9501 grad_norm=10.7894 tensors_with_grad=69/72
[train] step 444: T=545 positions=16 loss=0.7548 ce=1.2047 tv=0.3048 conf=0.5287 grad_norm=20.7490 tensors_with_grad=69/72
[train] step 445: T=537 positions=16 loss=0.8264 ce=1.3952 tv=0.2575 conf=0.8566 grad_norm=10.0394 tensors_with_grad=69/72
[train] step 446: T=963 positions=16 loss=1.8012 ce=3.2327 tv=0.3698 conf=0.9639 grad_norm=11.9293 tensors_with_grad=69/72
[train] step 447: T=539 positions=16 loss=0.4989 ce=0.8187 tv=0.1791 conf=0.8929 grad_norm=5.7461 tensors_with_grad=69/72
[train] step 448: T=653 positions=16 loss=1.7834 ce=2.9922 tv=0.5746 conf=2.1702 grad_norm=6.9714 tensors_with_grad=69/72
[train] step 449: T=528 positions=16 loss=0.5584 ce=0.8819 tv=0.2349 conf=0.6688 grad_norm=14.8306 tensors_with_grad=69/72
[train] step 450: T=599 positions=16 loss=0.9657 ce=1.5923 tv=0.3392 conf=0.9253 grad_norm=13.0407 tensors_with_grad=69/72
[train] step 451: T=543 positions=16 loss=0.5962 ce=0.9923 tv=0.2001 conf=0.4500 grad_norm=6.4392 tensors_with_grad=69/72
[train] step 452: T=532 positions=16 loss=0.7690 ce=1.3216 tv=0.2163 conf=0.6412 grad_norm=8.0222 tensors_with_grad=69/72
[train] step 453: T=1026 positions=16 loss=1.8551 ce=3.1515 tv=0.5588 conf=1.3184 grad_norm=12.5576 tensors_with_grad=69/72
[train] step 454: T=577 positions=16 loss=0.8849 ce=1.3953 tv=0.3745 conf=1.1989 grad_norm=8.8847 tensors_with_grad=69/72
[train] step 455: T=1744 positions=16 loss=2.2743 ce=4.0146 tv=0.5339 conf=1.3458 grad_norm=9.5919 tensors_with_grad=69/72
[train] step 456: T=643 positions=16 loss=0.3671 ce=0.5654 tv=0.1687 conf=0.7429 grad_norm=6.4040 tensors_with_grad=69/72
[train] step 457: T=678 positions=16 loss=1.1527 ce=1.8872 tv=0.4183 conf=1.4184 grad_norm=5.4458 tensors_with_grad=69/72
[train] step 458: T=534 positions=16 loss=1.3472 ce=2.2583 tv=0.4361 conf=1.6888 grad_norm=7.0155 tensors_with_grad=69/72
[train] step 459: T=561 positions=16 loss=0.4594 ce=0.7437 tv=0.1751 conf=1.4478 grad_norm=7.9760 tensors_with_grad=69/72
[train] step 460: T=529 positions=16 loss=0.9384 ce=1.4790 tv=0.3978 conf=0.9482 grad_norm=11.3504 tensors_with_grad=69/72
[train] step 461: T=618 positions=16 loss=0.2812 ce=0.4400 tv=0.1225 conf=0.5120 grad_norm=5.5920 tensors_with_grad=69/72
[train] step 462: T=592 positions=16 loss=1.0775 ce=1.7905 tv=0.3644 conf=1.3922 grad_norm=10.1700 tensors_with_grad=69/72
[train] step 463: T=538 positions=16 loss=0.4707 ce=0.7369 tv=0.2044 conf=0.9010 grad_norm=9.1472 tensors_with_grad=69/72
[train] step 464: T=524 positions=16 loss=0.8921 ce=1.4361 tv=0.3482 conf=1.1142 grad_norm=7.4649 tensors_with_grad=69/72
[train] step 465: T=639 positions=16 loss=1.0200 ce=1.7609 tv=0.2792 conf=1.0350 grad_norm=9.1114 tensors_with_grad=69/72
[train] step 466: T=574 positions=16 loss=0.4339 ce=0.6655 tv=0.2024 conf=0.9610 grad_norm=14.6985 tensors_with_grad=69/72
[train] step 467: T=595 positions=16 loss=0.3716 ce=0.6022 tv=0.1410 conf=0.7488 grad_norm=6.0400 tensors_with_grad=69/72
[train] step 468: T=529 positions=16 loss=1.2523 ce=2.1852 tv=0.3195 conf=1.2155 grad_norm=7.4443 tensors_with_grad=69/72
[train] step 469: T=530 positions=16 loss=1.1591 ce=1.9928 tv=0.3253 conf=0.8579 grad_norm=13.7637 tensors_with_grad=69/72
[train] step 470: T=526 positions=16 loss=1.1277 ce=1.8182 tv=0.4371 conf=0.8489 grad_norm=7.0110 tensors_with_grad=69/72
[train] step 471: T=541 positions=16 loss=1.3682 ce=2.4524 tv=0.2840 conf=0.8058 grad_norm=24.4110 tensors_with_grad=69/72
[train] step 472: T=672 positions=16 loss=1.1751 ce=1.9912 tv=0.3590 conf=0.8664 grad_norm=6.5891 tensors_with_grad=69/72
[train] step 473: T=1079 positions=16 loss=1.6879 ce=2.9643 tv=0.4114 conf=1.5676 grad_norm=7.3535 tensors_with_grad=69/72
[train] step 474: T=529 positions=16 loss=0.9745 ce=1.5813 tv=0.3677 conf=1.2615 grad_norm=6.0262 tensors_with_grad=69/72
[train] step 475: T=544 positions=16 loss=0.6401 ce=1.0098 tv=0.2704 conf=1.2830 grad_norm=5.4601 tensors_with_grad=69/72
[train] step 476: T=1567 positions=16 loss=1.7328 ce=3.0559 tv=0.4096 conf=1.3933 grad_norm=6.2157 tensors_with_grad=69/72
[train] step 477: T=533 positions=16 loss=1.3563 ce=2.2102 tv=0.5023 conf=1.6310 grad_norm=14.0134 tensors_with_grad=69/72
[train] step 478: T=1190 positions=16 loss=2.0571 ce=3.6739 tv=0.4404 conf=1.0966 grad_norm=6.3682 tensors_with_grad=69/72
[train] step 479: T=541 positions=16 loss=0.1752 ce=0.2639 tv=0.0865 conf=0.2207 grad_norm=3.1379 tensors_with_grad=69/72
[train] step 480: T=1679 positions=16 loss=2.0572 ce=3.6275 tv=0.4868 conf=2.9647 grad_norm=8.8491 tensors_with_grad=69/72
[train] step 481: T=526 positions=16 loss=1.0975 ce=1.7528 tv=0.4423 conf=2.1719 grad_norm=7.1185 tensors_with_grad=69/72
[train] step 482: T=636 positions=16 loss=0.9513 ce=1.4903 tv=0.4123 conf=1.7711 grad_norm=10.6816 tensors_with_grad=69/72
[train] step 483: T=545 positions=16 loss=0.9480 ce=1.5867 tv=0.3094 conf=0.4951 grad_norm=8.5176 tensors_with_grad=69/72
[train] step 484: T=531 positions=16 loss=0.7512 ce=1.2267 tv=0.2757 conf=1.1536 grad_norm=5.3745 tensors_with_grad=69/72
[train] step 485: T=528 positions=16 loss=0.4839 ce=0.7404 tv=0.2275 conf=1.2145 grad_norm=7.4681 tensors_with_grad=69/72
[train] step 486: T=605 positions=16 loss=1.3695 ce=2.3716 tv=0.3674 conf=1.4224 grad_norm=10.2371 tensors_with_grad=69/72
[train] step 487: T=527 positions=16 loss=0.6976 ce=1.2094 tv=0.1857 conf=0.9210 grad_norm=5.8490 tensors_with_grad=69/72
[train] step 488: T=545 positions=16 loss=0.3200 ce=0.5221 tv=0.1179 conf=0.4794 grad_norm=3.0615 tensors_with_grad=69/72
[train] step 489: T=595 positions=16 loss=0.9997 ce=1.6240 tv=0.3754 conf=1.4928 grad_norm=7.5666 tensors_with_grad=69/72
[train] step 490: T=525 positions=16 loss=1.0389 ce=1.6722 tv=0.4057 conf=0.6996 grad_norm=10.2447 tensors_with_grad=69/72
[diag] draft-argmax == TARGET-argmax : 62.1%  | == ground-truth token: 62.1%
[diag] mean top-1 prob  target 0.842  draft 0.729   (TV near 1 with a PEAKED draft => misalignment; with a FLAT draft => genuine)
[train] saved 72 trained tensors -> /cap/s3recap-ce0.5/c0/trained/mtp_trained.safetensors
[train] saved AdamW state -> /cap/s3recap-ce0.5/c0/trained/opt_state.pt (needed for --resume to be equivalent to one continuous run)
[train] metrics -> /cap/s3recap-ce0.5/c0/train_metrics.json  (loss 2.1770 -> 1.0389, tail mean 1.0377)
[train] TRAIN OK
