[train] device=cuda torch=2.10.0
  loading model-00046-of-00048.safetensors ...
  loading model-00047-of-00048.safetensors ...
  loading model-00048-of-00048.safetensors ...
  dequantised 1512 tensors, 12.60 B params, 23.5 GiB bf16
[train] weights ready in 9.0s
[train] trainable 517.3 M in 72 tensors | frozen experts 12.08 B
[train] capture: 491 sample(s)
[Gloo] Rank 0 is connected to 0 peer ranks. Expected number of connected peer ranks is : 0
[train] ModelArgs: n_mtp=3 block=5 taps=[40, 41, 42] markov_rank=256
[train] built 3 DSparkBlock(s) on meta
[train] re-materialised freqs_cis on 3 attention module(s) (persistent=False buffers are NOT in state_dict and to_empty() zapped them)
[train] load_state_dict: 0 missing, 0 unexpected
[train] GATE1 model construction OK
[train] aux: embed.weight(129280, 4096), head.weight(129280, 4096)
[train] trainable tensors in graph: 72 / 517.3 M
[train] lr schedule: linear warmup 73 step(s) -> cosine over 1472 session step(s), peak 5e-05; this chunk is steps 0..490
/work/train/train_head.py:115: UserWarning: Converting a tensor with requires_grad=True to a scalar may lead to unexpected behavior.
Consider using tensor.detach() first. (Triggered internally at /opt/pytorch/torch/csrc/autograd/generated/python_variable_methods.cpp:836.)
  parts = {"ce": float((w * ce).sum()), "tv": float((w * tv).sum()), "conf": 0.0}
[train] step 0: T=541 positions=16 loss=3.7850 ce=3.7850 tv=0.5689 conf=0.8762 grad_norm=28.6812 tensors_with_grad=69/72
[train] step 1: T=645 positions=16 loss=4.7705 ce=4.7705 tv=0.7388 conf=0.5054 grad_norm=36.5665 tensors_with_grad=69/72
[train] step 2: T=527 positions=16 loss=4.8070 ce=4.8070 tv=0.5049 conf=0.6869 grad_norm=60.8840 tensors_with_grad=69/72
[train] step 3: T=848 positions=16 loss=3.7358 ce=3.7358 tv=0.4815 conf=0.4780 grad_norm=69.3527 tensors_with_grad=69/72
[train] step 4: T=675 positions=16 loss=4.8059 ce=4.8059 tv=0.4035 conf=0.8157 grad_norm=40.0550 tensors_with_grad=69/72
[train] step 5: T=536 positions=16 loss=3.1171 ce=3.1171 tv=0.2466 conf=0.4370 grad_norm=37.1847 tensors_with_grad=69/72
[train] step 6: T=619 positions=16 loss=1.9502 ce=1.9502 tv=0.1572 conf=0.4699 grad_norm=26.6440 tensors_with_grad=69/72
[train] step 7: T=632 positions=16 loss=3.9661 ce=3.9661 tv=0.7099 conf=0.5780 grad_norm=39.5520 tensors_with_grad=69/72
[train] step 8: T=529 positions=16 loss=2.2131 ce=2.2131 tv=0.4641 conf=0.6972 grad_norm=40.0941 tensors_with_grad=69/72
[train] step 9: T=530 positions=16 loss=2.0763 ce=2.0763 tv=0.4022 conf=0.5815 grad_norm=31.0461 tensors_with_grad=69/72
[train] step 10: T=660 positions=16 loss=4.6779 ce=4.6779 tv=0.7227 conf=0.4640 grad_norm=34.6715 tensors_with_grad=69/72
[train] step 11: T=1056 positions=16 loss=5.0198 ce=5.0198 tv=0.5714 conf=0.6385 grad_norm=41.0987 tensors_with_grad=69/72
[train] step 12: T=537 positions=16 loss=1.8543 ce=1.8543 tv=0.3094 conf=0.7133 grad_norm=19.1053 tensors_with_grad=69/72
[train] step 13: T=539 positions=16 loss=3.1893 ce=3.1893 tv=0.5793 conf=0.8453 grad_norm=49.4686 tensors_with_grad=69/72
[train] step 14: T=627 positions=16 loss=2.1711 ce=2.1711 tv=0.2252 conf=0.4467 grad_norm=22.6247 tensors_with_grad=69/72
[train] step 15: T=526 positions=16 loss=4.2411 ce=4.2411 tv=0.6729 conf=0.6559 grad_norm=32.8124 tensors_with_grad=69/72
[train] step 16: T=1697 positions=16 loss=5.5340 ce=5.5340 tv=0.7462 conf=0.5016 grad_norm=35.8358 tensors_with_grad=69/72
[train] step 17: T=608 positions=16 loss=3.7171 ce=3.7171 tv=0.5422 conf=0.7665 grad_norm=46.2930 tensors_with_grad=69/72
[train] step 18: T=541 positions=16 loss=1.7825 ce=1.7825 tv=0.2687 conf=0.5716 grad_norm=39.7453 tensors_with_grad=69/72
[train] step 19: T=528 positions=16 loss=4.2060 ce=4.2060 tv=0.6469 conf=0.4621 grad_norm=27.2602 tensors_with_grad=69/72
[train] step 20: T=531 positions=16 loss=2.5719 ce=2.5719 tv=0.4278 conf=0.4968 grad_norm=54.3800 tensors_with_grad=69/72
[train] step 21: T=531 positions=16 loss=2.1651 ce=2.1651 tv=0.4929 conf=0.8013 grad_norm=24.4781 tensors_with_grad=69/72
[train] step 22: T=536 positions=16 loss=4.9886 ce=4.9886 tv=0.6038 conf=0.8755 grad_norm=26.9264 tensors_with_grad=69/72
[train] step 23: T=571 positions=16 loss=4.5105 ce=4.5105 tv=0.6824 conf=0.6709 grad_norm=62.9818 tensors_with_grad=69/72
[train] step 24: T=524 positions=16 loss=2.2801 ce=2.2801 tv=0.2322 conf=0.3153 grad_norm=21.5051 tensors_with_grad=69/72
[train] step 25: T=675 positions=16 loss=4.9615 ce=4.9615 tv=0.6990 conf=0.4758 grad_norm=66.2421 tensors_with_grad=69/72
[train] step 26: T=615 positions=16 loss=1.9942 ce=1.9942 tv=0.3108 conf=0.5056 grad_norm=27.0044 tensors_with_grad=69/72
[train] step 27: T=677 positions=16 loss=3.0671 ce=3.0671 tv=0.5481 conf=0.7544 grad_norm=55.0491 tensors_with_grad=69/72
[train] step 28: T=537 positions=16 loss=5.1600 ce=5.1600 tv=0.5797 conf=0.7179 grad_norm=73.6023 tensors_with_grad=69/72
[train] step 29: T=652 positions=16 loss=4.3596 ce=4.3596 tv=0.7156 conf=0.4665 grad_norm=28.1241 tensors_with_grad=69/72
[train] step 30: T=553 positions=16 loss=1.4281 ce=1.4281 tv=0.3190 conf=0.4696 grad_norm=20.0116 tensors_with_grad=69/72
[train] step 31: T=528 positions=16 loss=1.5079 ce=1.5079 tv=0.3849 conf=0.5412 grad_norm=32.1200 tensors_with_grad=69/72
[train] step 32: T=591 positions=16 loss=2.3831 ce=2.3831 tv=0.2722 conf=0.9303 grad_norm=24.6872 tensors_with_grad=69/72
[train] step 33: T=528 positions=16 loss=0.5854 ce=0.5854 tv=0.2155 conf=0.3880 grad_norm=33.6962 tensors_with_grad=69/72
[train] step 34: T=539 positions=16 loss=1.8047 ce=1.8047 tv=0.2076 conf=0.6686 grad_norm=54.2003 tensors_with_grad=69/72
[train] step 35: T=608 positions=16 loss=3.0972 ce=3.0972 tv=0.3754 conf=0.7387 grad_norm=38.3393 tensors_with_grad=69/72
[train] step 36: T=538 positions=16 loss=1.9359 ce=1.9359 tv=0.4309 conf=0.5389 grad_norm=21.8499 tensors_with_grad=69/72
[train] step 37: T=542 positions=16 loss=2.5246 ce=2.5246 tv=0.5289 conf=0.6152 grad_norm=36.9569 tensors_with_grad=69/72
[train] step 38: T=672 positions=16 loss=5.5902 ce=5.5902 tv=0.7557 conf=0.5765 grad_norm=29.3793 tensors_with_grad=69/72
[train] step 39: T=672 positions=16 loss=2.4856 ce=2.4856 tv=0.3245 conf=0.3097 grad_norm=46.1277 tensors_with_grad=69/72
[train] step 40: T=823 positions=16 loss=6.7235 ce=6.7235 tv=0.6195 conf=0.7028 grad_norm=67.5579 tensors_with_grad=69/72
[train] step 41: T=542 positions=16 loss=4.7852 ce=4.7852 tv=0.5080 conf=0.8861 grad_norm=61.5219 tensors_with_grad=69/72
[train] step 42: T=528 positions=16 loss=8.1066 ce=8.1066 tv=0.6999 conf=0.7645 grad_norm=75.6393 tensors_with_grad=69/72
[train] step 43: T=892 positions=16 loss=4.1999 ce=4.1999 tv=0.3978 conf=0.6063 grad_norm=28.0916 tensors_with_grad=69/72
[train] step 44: T=641 positions=16 loss=4.5602 ce=4.5602 tv=0.7225 conf=0.5853 grad_norm=21.9105 tensors_with_grad=69/72
[train] step 45: T=527 positions=16 loss=2.9339 ce=2.9339 tv=0.4083 conf=0.7554 grad_norm=24.7759 tensors_with_grad=69/72
[train] step 46: T=527 positions=16 loss=3.3321 ce=3.3321 tv=0.3346 conf=0.8300 grad_norm=35.5183 tensors_with_grad=69/72
[train] step 47: T=989 positions=16 loss=6.1000 ce=6.1000 tv=0.5578 conf=0.6057 grad_norm=42.7935 tensors_with_grad=69/72
[train] step 48: T=611 positions=16 loss=4.7367 ce=4.7367 tv=0.5711 conf=0.8967 grad_norm=50.7862 tensors_with_grad=69/72
[train] step 49: T=558 positions=16 loss=4.2853 ce=4.2853 tv=0.5138 conf=0.8918 grad_norm=33.5967 tensors_with_grad=69/72
[train] step 50: T=542 positions=16 loss=2.8979 ce=2.8979 tv=0.2002 conf=0.3749 grad_norm=29.4778 tensors_with_grad=69/72
[train] step 51: T=527 positions=16 loss=3.6241 ce=3.6241 tv=0.4368 conf=0.9435 grad_norm=35.4420 tensors_with_grad=69/72
[train] step 52: T=540 positions=16 loss=1.4816 ce=1.4816 tv=0.1772 conf=0.5773 grad_norm=13.6666 tensors_with_grad=69/72
[train] step 53: T=673 positions=16 loss=3.9342 ce=3.9342 tv=0.6952 conf=0.6697 grad_norm=22.4952 tensors_with_grad=69/72
[train] step 54: T=613 positions=16 loss=3.0930 ce=3.0930 tv=0.6063 conf=0.5766 grad_norm=45.4767 tensors_with_grad=69/72
[train] step 55: T=608 positions=16 loss=3.5168 ce=3.5168 tv=0.5683 conf=0.7237 grad_norm=33.6796 tensors_with_grad=69/72
[train] step 56: T=535 positions=16 loss=1.4973 ce=1.4973 tv=0.3700 conf=0.5951 grad_norm=16.2558 tensors_with_grad=69/72
[train] step 57: T=531 positions=16 loss=4.2178 ce=4.2178 tv=0.5076 conf=1.1753 grad_norm=53.7605 tensors_with_grad=69/72
[train] step 58: T=668 positions=16 loss=2.6395 ce=2.6395 tv=0.3058 conf=0.7670 grad_norm=21.0985 tensors_with_grad=69/72
[train] step 59: T=677 positions=16 loss=4.1451 ce=4.1451 tv=0.5774 conf=0.7771 grad_norm=26.2929 tensors_with_grad=69/72
[train] step 60: T=531 positions=16 loss=2.9032 ce=2.9032 tv=0.5592 conf=0.5628 grad_norm=37.2876 tensors_with_grad=69/72
[train] step 61: T=672 positions=16 loss=3.5600 ce=3.5600 tv=0.6457 conf=0.5317 grad_norm=42.6024 tensors_with_grad=69/72
[train] step 62: T=582 positions=16 loss=4.2490 ce=4.2490 tv=0.5995 conf=0.9338 grad_norm=100.9979 tensors_with_grad=69/72
[train] step 63: T=583 positions=16 loss=1.1246 ce=1.1246 tv=0.1964 conf=0.2788 grad_norm=32.5006 tensors_with_grad=69/72
[train] step 64: T=1047 positions=16 loss=5.2022 ce=5.2022 tv=0.5994 conf=0.8546 grad_norm=40.0628 tensors_with_grad=69/72
[train] step 65: T=673 positions=16 loss=4.3570 ce=4.3570 tv=0.6906 conf=0.5029 grad_norm=23.6372 tensors_with_grad=69/72
[train] step 66: T=600 positions=16 loss=2.8009 ce=2.8009 tv=0.4557 conf=0.6596 grad_norm=21.2165 tensors_with_grad=69/72
[train] step 67: T=672 positions=16 loss=4.0312 ce=4.0312 tv=0.5978 conf=0.4876 grad_norm=32.8249 tensors_with_grad=69/72
[train] step 68: T=622 positions=16 loss=0.6764 ce=0.6764 tv=0.1326 conf=0.3967 grad_norm=12.2658 tensors_with_grad=69/72
[train] step 69: T=531 positions=16 loss=3.4161 ce=3.4161 tv=0.6490 conf=0.5591 grad_norm=31.7800 tensors_with_grad=69/72
[train] step 70: T=531 positions=16 loss=2.7340 ce=2.7340 tv=0.3923 conf=0.4298 grad_norm=22.7397 tensors_with_grad=69/72
[train] step 71: T=527 positions=16 loss=4.5712 ce=4.5712 tv=0.7510 conf=0.4867 grad_norm=29.5017 tensors_with_grad=69/72
[train] step 72: T=542 positions=16 loss=2.4802 ce=2.4802 tv=0.5890 conf=0.6537 grad_norm=42.8580 tensors_with_grad=69/72
[train] step 73: T=527 positions=16 loss=3.6451 ce=3.6451 tv=0.6921 conf=0.5649 grad_norm=27.2019 tensors_with_grad=69/72
[train] step 74: T=629 positions=16 loss=3.8913 ce=3.8913 tv=0.6014 conf=0.7189 grad_norm=33.0528 tensors_with_grad=69/72
[train] step 75: T=646 positions=16 loss=2.4585 ce=2.4585 tv=0.4970 conf=0.6513 grad_norm=18.9206 tensors_with_grad=69/72
[train] step 76: T=527 positions=16 loss=3.3869 ce=3.3869 tv=0.6668 conf=0.8311 grad_norm=31.6050 tensors_with_grad=69/72
[train] step 77: T=581 positions=16 loss=4.0426 ce=4.0426 tv=0.5910 conf=0.7178 grad_norm=31.3445 tensors_with_grad=69/72
[train] step 78: T=528 positions=16 loss=2.0887 ce=2.0887 tv=0.3663 conf=0.6359 grad_norm=18.7494 tensors_with_grad=69/72
[train] step 79: T=534 positions=16 loss=6.4828 ce=6.4828 tv=0.7456 conf=0.9505 grad_norm=47.3366 tensors_with_grad=69/72
[train] step 80: T=532 positions=16 loss=3.9487 ce=3.9487 tv=0.7087 conf=0.5600 grad_norm=28.7727 tensors_with_grad=69/72
[train] step 81: T=533 positions=16 loss=3.3316 ce=3.3316 tv=0.4549 conf=0.6296 grad_norm=29.6454 tensors_with_grad=69/72
[train] step 82: T=527 positions=16 loss=3.8717 ce=3.8717 tv=0.6220 conf=0.8492 grad_norm=23.2146 tensors_with_grad=69/72
[train] step 83: T=580 positions=16 loss=3.8577 ce=3.8577 tv=0.5207 conf=0.9145 grad_norm=35.9627 tensors_with_grad=69/72
[train] step 84: T=1391 positions=16 loss=3.4047 ce=3.4047 tv=0.5428 conf=0.5533 grad_norm=22.9752 tensors_with_grad=69/72
[train] step 85: T=527 positions=16 loss=3.7572 ce=3.7572 tv=0.6709 conf=0.7582 grad_norm=18.2476 tensors_with_grad=69/72
[train] step 86: T=538 positions=16 loss=1.2066 ce=1.2066 tv=0.3217 conf=0.4986 grad_norm=45.8593 tensors_with_grad=69/72
[train] step 87: T=648 positions=16 loss=2.6888 ce=2.6888 tv=0.4184 conf=0.5804 grad_norm=47.9903 tensors_with_grad=69/72
[train] step 88: T=672 positions=16 loss=4.4735 ce=4.4735 tv=0.6463 conf=0.6398 grad_norm=38.8627 tensors_with_grad=69/72
[train] step 89: T=599 positions=16 loss=2.9224 ce=2.9224 tv=0.6086 conf=0.7272 grad_norm=18.0579 tensors_with_grad=69/72
[train] step 90: T=655 positions=16 loss=3.5497 ce=3.5497 tv=0.5526 conf=0.6588 grad_norm=24.3721 tensors_with_grad=69/72
[train] step 91: T=646 positions=16 loss=2.4052 ce=2.4052 tv=0.5165 conf=0.7223 grad_norm=23.3832 tensors_with_grad=69/72
[train] step 92: T=606 positions=16 loss=2.3673 ce=2.3673 tv=0.3567 conf=0.5027 grad_norm=23.2327 tensors_with_grad=69/72
[train] step 93: T=526 positions=16 loss=1.3276 ce=1.3276 tv=0.3391 conf=0.8339 grad_norm=22.0752 tensors_with_grad=69/72
[train] step 94: T=541 positions=16 loss=1.9900 ce=1.9900 tv=0.4287 conf=0.6718 grad_norm=13.2526 tensors_with_grad=69/72
[train] step 95: T=546 positions=16 loss=2.6200 ce=2.6200 tv=0.5768 conf=0.7175 grad_norm=22.4259 tensors_with_grad=69/72
[train] step 96: T=532 positions=16 loss=1.0468 ce=1.0468 tv=0.2828 conf=0.5181 grad_norm=14.9222 tensors_with_grad=69/72
[train] step 97: T=527 positions=16 loss=5.9766 ce=5.9766 tv=0.7969 conf=0.8222 grad_norm=39.2605 tensors_with_grad=69/72
[train] step 98: T=678 positions=16 loss=1.7380 ce=1.7380 tv=0.4143 conf=0.7808 grad_norm=27.5907 tensors_with_grad=69/72
[train] step 99: T=542 positions=16 loss=2.3279 ce=2.3279 tv=0.5401 conf=0.5875 grad_norm=59.9294 tensors_with_grad=69/72
[train] step 100: T=536 positions=16 loss=0.7003 ce=0.7003 tv=0.1225 conf=0.4007 grad_norm=9.3650 tensors_with_grad=69/72
[train] step 101: T=540 positions=16 loss=3.4752 ce=3.4752 tv=0.6092 conf=0.7709 grad_norm=19.4057 tensors_with_grad=69/72
[train] step 102: T=628 positions=16 loss=1.9873 ce=1.9873 tv=0.2339 conf=0.8825 grad_norm=25.2444 tensors_with_grad=69/72
[train] step 103: T=599 positions=16 loss=2.3420 ce=2.3420 tv=0.4553 conf=0.7773 grad_norm=18.7736 tensors_with_grad=69/72
[train] step 104: T=608 positions=16 loss=1.3017 ce=1.3017 tv=0.3177 conf=0.7006 grad_norm=11.5493 tensors_with_grad=69/72
[train] step 105: T=618 positions=16 loss=2.7582 ce=2.7582 tv=0.5636 conf=0.8238 grad_norm=45.5865 tensors_with_grad=69/72
[train] step 106: T=673 positions=16 loss=3.1280 ce=3.1280 tv=0.6052 conf=0.6939 grad_norm=25.0241 tensors_with_grad=69/72
[train] step 107: T=607 positions=16 loss=1.9558 ce=1.9558 tv=0.3602 conf=0.7767 grad_norm=30.9199 tensors_with_grad=69/72
[train] step 108: T=580 positions=16 loss=2.1937 ce=2.1937 tv=0.3839 conf=0.6216 grad_norm=31.2658 tensors_with_grad=69/72
[train] step 109: T=565 positions=16 loss=2.2463 ce=2.2463 tv=0.3162 conf=0.5716 grad_norm=29.5217 tensors_with_grad=69/72
[train] step 110: T=533 positions=16 loss=3.1599 ce=3.1599 tv=0.4689 conf=0.9185 grad_norm=23.0265 tensors_with_grad=69/72
[train] step 111: T=610 positions=16 loss=2.1916 ce=2.1916 tv=0.4196 conf=0.8060 grad_norm=17.4698 tensors_with_grad=69/72
[train] step 112: T=1026 positions=16 loss=1.8218 ce=1.8218 tv=0.4100 conf=0.4390 grad_norm=16.2818 tensors_with_grad=69/72
[train] step 113: T=613 positions=16 loss=2.0831 ce=2.0831 tv=0.4518 conf=0.6117 grad_norm=23.4962 tensors_with_grad=69/72
[train] step 114: T=675 positions=16 loss=2.7036 ce=2.7036 tv=0.5039 conf=0.6706 grad_norm=15.0919 tensors_with_grad=69/72
[train] step 115: T=1001 positions=16 loss=2.5041 ce=2.5041 tv=0.4477 conf=0.5270 grad_norm=37.7305 tensors_with_grad=69/72
[train] step 116: T=553 positions=16 loss=2.9409 ce=2.9409 tv=0.4599 conf=0.7876 grad_norm=37.8088 tensors_with_grad=69/72
[train] step 117: T=676 positions=16 loss=1.2229 ce=1.2229 tv=0.2260 conf=0.4738 grad_norm=17.2820 tensors_with_grad=69/72
[train] step 118: T=530 positions=16 loss=1.4781 ce=1.4781 tv=0.2833 conf=0.5099 grad_norm=32.6420 tensors_with_grad=69/72
[train] step 119: T=531 positions=16 loss=0.8513 ce=0.8513 tv=0.1783 conf=0.3338 grad_norm=11.4202 tensors_with_grad=69/72
[train] step 120: T=560 positions=16 loss=2.5926 ce=2.5926 tv=0.5417 conf=0.6795 grad_norm=32.1636 tensors_with_grad=69/72
[train] step 121: T=1390 positions=16 loss=5.3419 ce=5.3419 tv=0.6397 conf=0.5879 grad_norm=26.1941 tensors_with_grad=69/72
[train] step 122: T=536 positions=16 loss=1.6274 ce=1.6274 tv=0.4198 conf=0.7560 grad_norm=16.1566 tensors_with_grad=69/72
[train] step 123: T=622 positions=16 loss=2.9485 ce=2.9485 tv=0.6270 conf=0.7623 grad_norm=16.0242 tensors_with_grad=69/72
[train] step 124: T=557 positions=16 loss=2.2588 ce=2.2588 tv=0.4916 conf=0.7344 grad_norm=41.8633 tensors_with_grad=69/72
[train] step 125: T=563 positions=16 loss=2.2773 ce=2.2773 tv=0.4458 conf=0.7564 grad_norm=36.0384 tensors_with_grad=69/72
[train] step 126: T=653 positions=16 loss=1.5365 ce=1.5365 tv=0.3753 conf=0.6492 grad_norm=16.2567 tensors_with_grad=69/72
[train] step 127: T=554 positions=16 loss=2.8442 ce=2.8442 tv=0.5413 conf=0.8890 grad_norm=17.9342 tensors_with_grad=69/72
[train] step 128: T=672 positions=16 loss=3.6302 ce=3.6302 tv=0.5075 conf=0.7717 grad_norm=27.1980 tensors_with_grad=69/72
[train] step 129: T=609 positions=16 loss=1.4424 ce=1.4424 tv=0.2843 conf=0.7648 grad_norm=28.1180 tensors_with_grad=69/72
[train] step 130: T=571 positions=16 loss=1.8593 ce=1.8593 tv=0.4463 conf=0.8694 grad_norm=21.5665 tensors_with_grad=69/72
[train] step 131: T=561 positions=16 loss=1.4723 ce=1.4723 tv=0.3248 conf=0.6052 grad_norm=16.3064 tensors_with_grad=69/72
[train] step 132: T=531 positions=16 loss=3.2263 ce=3.2263 tv=0.6055 conf=0.6031 grad_norm=21.0376 tensors_with_grad=69/72
[train] step 133: T=591 positions=16 loss=2.2997 ce=2.2997 tv=0.3499 conf=0.6118 grad_norm=23.7200 tensors_with_grad=69/72
[train] step 134: T=560 positions=16 loss=2.3599 ce=2.3599 tv=0.4857 conf=0.6185 grad_norm=24.6787 tensors_with_grad=69/72
[train] step 135: T=626 positions=16 loss=1.3919 ce=1.3919 tv=0.3131 conf=0.9708 grad_norm=24.0274 tensors_with_grad=69/72
[train] step 136: T=1018 positions=16 loss=3.5810 ce=3.5810 tv=0.5566 conf=0.8019 grad_norm=33.4846 tensors_with_grad=69/72
[train] step 137: T=527 positions=16 loss=3.7053 ce=3.7053 tv=0.6116 conf=0.9871 grad_norm=35.4183 tensors_with_grad=69/72
[train] step 138: T=673 positions=16 loss=5.5639 ce=5.5639 tv=0.7078 conf=0.9646 grad_norm=59.8127 tensors_with_grad=69/72
[train] step 139: T=936 positions=16 loss=2.8477 ce=2.8477 tv=0.4595 conf=0.6988 grad_norm=25.9778 tensors_with_grad=69/72
[train] step 140: T=593 positions=16 loss=2.5747 ce=2.5747 tv=0.4929 conf=0.8974 grad_norm=25.1828 tensors_with_grad=69/72
[train] step 141: T=531 positions=16 loss=2.1845 ce=2.1845 tv=0.5193 conf=0.7659 grad_norm=20.5817 tensors_with_grad=69/72
[train] step 142: T=540 positions=16 loss=0.8192 ce=0.8192 tv=0.2508 conf=0.5611 grad_norm=10.8704 tensors_with_grad=69/72
[train] step 143: T=543 positions=16 loss=0.8994 ce=0.8994 tv=0.2356 conf=0.5425 grad_norm=9.5005 tensors_with_grad=69/72
[train] step 144: T=573 positions=16 loss=0.8746 ce=0.8746 tv=0.1403 conf=0.5657 grad_norm=10.8836 tensors_with_grad=69/72
[train] step 145: T=535 positions=16 loss=1.2166 ce=1.2166 tv=0.2871 conf=0.6896 grad_norm=20.0453 tensors_with_grad=69/72
[train] step 146: T=1001 positions=16 loss=4.6045 ce=4.6045 tv=0.5233 conf=0.7352 grad_norm=35.0755 tensors_with_grad=69/72
[train] step 147: T=620 positions=16 loss=1.5011 ce=1.5011 tv=0.3891 conf=1.1298 grad_norm=28.5371 tensors_with_grad=69/72
[train] step 148: T=630 positions=16 loss=1.8707 ce=1.8707 tv=0.5337 conf=1.0388 grad_norm=30.3232 tensors_with_grad=69/72
[train] step 149: T=1178 positions=16 loss=4.9275 ce=4.9275 tv=0.6254 conf=0.6570 grad_norm=23.6316 tensors_with_grad=69/72
[train] step 150: T=614 positions=16 loss=1.3608 ce=1.3608 tv=0.3860 conf=0.9038 grad_norm=15.7280 tensors_with_grad=69/72
[train] step 151: T=676 positions=16 loss=1.3462 ce=1.3462 tv=0.2513 conf=0.6580 grad_norm=22.9869 tensors_with_grad=69/72
[train] step 152: T=677 positions=16 loss=2.9604 ce=2.9604 tv=0.5145 conf=0.8420 grad_norm=62.1702 tensors_with_grad=69/72
[train] step 153: T=538 positions=16 loss=0.8764 ce=0.8764 tv=0.2651 conf=0.5817 grad_norm=11.5327 tensors_with_grad=69/72
[train] step 154: T=544 positions=16 loss=0.9822 ce=0.9822 tv=0.3244 conf=0.7445 grad_norm=19.3551 tensors_with_grad=69/72
[train] step 155: T=539 positions=16 loss=1.7764 ce=1.7764 tv=0.3391 conf=0.8822 grad_norm=18.7403 tensors_with_grad=69/72
[train] step 156: T=541 positions=16 loss=1.6174 ce=1.6174 tv=0.4519 conf=1.2925 grad_norm=20.4707 tensors_with_grad=69/72
[train] step 157: T=902 positions=16 loss=3.0677 ce=3.0677 tv=0.5404 conf=0.7764 grad_norm=23.3334 tensors_with_grad=69/72
[train] step 158: T=648 positions=16 loss=0.8179 ce=0.8179 tv=0.2342 conf=0.8912 grad_norm=20.0339 tensors_with_grad=69/72
[train] step 159: T=672 positions=16 loss=3.5483 ce=3.5483 tv=0.6083 conf=0.8985 grad_norm=16.2888 tensors_with_grad=69/72
[train] step 160: T=1629 positions=16 loss=4.1137 ce=4.1137 tv=0.5335 conf=0.5250 grad_norm=26.8459 tensors_with_grad=69/72
[train] step 161: T=594 positions=16 loss=1.5042 ce=1.5042 tv=0.2737 conf=0.6406 grad_norm=14.8127 tensors_with_grad=69/72
[train] step 162: T=672 positions=16 loss=3.2651 ce=3.2651 tv=0.6193 conf=1.0161 grad_norm=23.0611 tensors_with_grad=69/72
[train] step 163: T=538 positions=16 loss=1.6926 ce=1.6926 tv=0.3539 conf=1.0343 grad_norm=29.6346 tensors_with_grad=69/72
[train] step 164: T=563 positions=16 loss=2.7890 ce=2.7890 tv=0.4543 conf=0.7212 grad_norm=18.4540 tensors_with_grad=69/72
[train] step 165: T=555 positions=16 loss=1.2034 ce=1.2034 tv=0.2698 conf=0.5193 grad_norm=33.0408 tensors_with_grad=69/72
[train] step 166: T=539 positions=16 loss=1.4849 ce=1.4849 tv=0.2942 conf=0.7203 grad_norm=22.6474 tensors_with_grad=69/72
[train] step 167: T=528 positions=16 loss=3.1113 ce=3.1113 tv=0.6042 conf=0.7634 grad_norm=25.9942 tensors_with_grad=69/72
[train] step 168: T=568 positions=16 loss=1.0014 ce=1.0014 tv=0.2064 conf=0.3458 grad_norm=19.1490 tensors_with_grad=69/72
[train] step 169: T=638 positions=16 loss=0.8254 ce=0.8254 tv=0.1787 conf=0.7051 grad_norm=16.4613 tensors_with_grad=69/72
[train] step 170: T=541 positions=16 loss=0.4211 ce=0.4211 tv=0.1301 conf=0.6461 grad_norm=6.9790 tensors_with_grad=69/72
[train] step 171: T=546 positions=16 loss=2.7757 ce=2.7757 tv=0.5646 conf=0.7195 grad_norm=20.5122 tensors_with_grad=69/72
[train] step 172: T=960 positions=16 loss=2.9770 ce=2.9770 tv=0.5228 conf=0.5865 grad_norm=17.6759 tensors_with_grad=69/72
[train] step 173: T=645 positions=16 loss=2.5325 ce=2.5325 tv=0.5279 conf=0.6856 grad_norm=12.8052 tensors_with_grad=69/72
[train] step 174: T=595 positions=16 loss=1.8799 ce=1.8799 tv=0.4073 conf=0.8568 grad_norm=20.2811 tensors_with_grad=69/72
[train] step 175: T=535 positions=16 loss=1.1320 ce=1.1320 tv=0.3063 conf=0.7602 grad_norm=30.2075 tensors_with_grad=69/72
[train] step 176: T=672 positions=16 loss=3.0969 ce=3.0969 tv=0.6112 conf=0.4984 grad_norm=19.3859 tensors_with_grad=69/72
[train] step 177: T=526 positions=16 loss=3.9016 ce=3.9016 tv=0.7052 conf=1.2489 grad_norm=28.5553 tensors_with_grad=69/72
[train] step 178: T=588 positions=16 loss=1.8807 ce=1.8807 tv=0.2624 conf=0.5069 grad_norm=16.5099 tensors_with_grad=69/72
[train] step 179: T=634 positions=16 loss=3.5764 ce=3.5764 tv=0.6070 conf=0.7439 grad_norm=14.6739 tensors_with_grad=69/72
[train] step 180: T=608 positions=16 loss=0.7352 ce=0.7352 tv=0.2216 conf=0.7352 grad_norm=8.9789 tensors_with_grad=69/72
[train] step 181: T=675 positions=16 loss=2.8687 ce=2.8687 tv=0.5840 conf=1.0878 grad_norm=22.0716 tensors_with_grad=69/72
[train] step 182: T=667 positions=16 loss=6.0610 ce=6.0610 tv=0.6579 conf=0.9018 grad_norm=98.2230 tensors_with_grad=69/72
[train] step 183: T=576 positions=16 loss=1.8838 ce=1.8838 tv=0.2875 conf=0.4106 grad_norm=27.6588 tensors_with_grad=69/72
[train] step 184: T=534 positions=16 loss=1.9370 ce=1.9370 tv=0.3892 conf=1.2428 grad_norm=24.4473 tensors_with_grad=69/72
[train] step 185: T=543 positions=16 loss=1.9253 ce=1.9253 tv=0.3599 conf=0.5712 grad_norm=33.0759 tensors_with_grad=69/72
[train] step 186: T=524 positions=16 loss=2.3195 ce=2.3195 tv=0.5240 conf=0.9446 grad_norm=28.9573 tensors_with_grad=69/72
[train] step 187: T=674 positions=16 loss=1.8090 ce=1.8090 tv=0.3913 conf=0.7936 grad_norm=67.0490 tensors_with_grad=69/72
[train] step 188: T=542 positions=16 loss=1.1981 ce=1.1981 tv=0.3242 conf=0.4973 grad_norm=11.9313 tensors_with_grad=69/72
[train] step 189: T=672 positions=16 loss=2.2578 ce=2.2578 tv=0.4777 conf=1.0690 grad_norm=32.8074 tensors_with_grad=69/72
[train] step 190: T=528 positions=16 loss=1.6790 ce=1.6790 tv=0.3909 conf=1.2037 grad_norm=22.0059 tensors_with_grad=69/72
[train] step 191: T=542 positions=16 loss=1.1202 ce=1.1202 tv=0.2343 conf=0.3711 grad_norm=21.8670 tensors_with_grad=69/72
[train] step 192: T=584 positions=16 loss=3.7470 ce=3.7470 tv=0.5926 conf=0.8959 grad_norm=172.1897 tensors_with_grad=69/72
[train] step 193: T=650 positions=16 loss=2.6186 ce=2.6186 tv=0.5445 conf=0.7514 grad_norm=39.4448 tensors_with_grad=69/72
[train] step 194: T=1710 positions=16 loss=4.5792 ce=4.5792 tv=0.4959 conf=0.8197 grad_norm=35.7157 tensors_with_grad=69/72
[train] step 195: T=672 positions=16 loss=2.6589 ce=2.6589 tv=0.4788 conf=0.9103 grad_norm=23.4431 tensors_with_grad=69/72
[train] step 196: T=534 positions=16 loss=1.8411 ce=1.8411 tv=0.4497 conf=0.8478 grad_norm=27.5993 tensors_with_grad=69/72
[train] step 197: T=541 positions=16 loss=2.6395 ce=2.6395 tv=0.3472 conf=0.7477 grad_norm=23.0273 tensors_with_grad=69/72
[train] step 198: T=915 positions=16 loss=2.9815 ce=2.9815 tv=0.4409 conf=0.9417 grad_norm=16.3701 tensors_with_grad=69/72
[train] step 199: T=1176 positions=16 loss=2.5845 ce=2.5845 tv=0.4331 conf=0.9103 grad_norm=16.4650 tensors_with_grad=69/72
[train] step 200: T=621 positions=16 loss=2.6464 ce=2.6464 tv=0.6112 conf=1.3637 grad_norm=15.6504 tensors_with_grad=69/72
[train] step 201: T=672 positions=16 loss=3.4679 ce=3.4679 tv=0.5721 conf=1.0981 grad_norm=23.9934 tensors_with_grad=69/72
[train] step 202: T=600 positions=16 loss=0.7348 ce=0.7348 tv=0.2267 conf=0.7041 grad_norm=21.4119 tensors_with_grad=69/72
[train] step 203: T=537 positions=16 loss=1.5105 ce=1.5105 tv=0.3775 conf=0.7852 grad_norm=16.8560 tensors_with_grad=69/72
[train] step 204: T=540 positions=16 loss=4.3807 ce=4.3807 tv=0.6379 conf=1.1285 grad_norm=40.7109 tensors_with_grad=69/72
[train] step 205: T=538 positions=16 loss=0.4471 ce=0.4471 tv=0.1757 conf=0.5719 grad_norm=15.9229 tensors_with_grad=69/72
[train] step 206: T=543 positions=16 loss=0.5135 ce=0.5135 tv=0.1430 conf=0.7213 grad_norm=7.1413 tensors_with_grad=69/72
[train] step 207: T=532 positions=16 loss=2.0086 ce=2.0086 tv=0.3952 conf=0.8204 grad_norm=16.5655 tensors_with_grad=69/72
[train] step 208: T=672 positions=16 loss=1.9555 ce=1.9555 tv=0.4644 conf=1.3472 grad_norm=17.9186 tensors_with_grad=69/72
[train] step 209: T=621 positions=16 loss=1.9607 ce=1.9607 tv=0.3438 conf=0.8193 grad_norm=39.9896 tensors_with_grad=69/72
[train] step 210: T=678 positions=16 loss=1.9354 ce=1.9354 tv=0.3610 conf=1.6491 grad_norm=18.3471 tensors_with_grad=69/72
[train] step 211: T=658 positions=16 loss=1.4893 ce=1.4893 tv=0.3781 conf=0.9047 grad_norm=23.0834 tensors_with_grad=69/72
[train] step 212: T=954 positions=16 loss=4.2057 ce=4.2057 tv=0.5151 conf=0.7321 grad_norm=40.0397 tensors_with_grad=69/72
[train] step 213: T=534 positions=16 loss=1.7970 ce=1.7970 tv=0.4130 conf=1.1579 grad_norm=33.6927 tensors_with_grad=69/72
[train] step 214: T=538 positions=16 loss=1.3891 ce=1.3891 tv=0.3389 conf=0.7635 grad_norm=29.4273 tensors_with_grad=69/72
[train] step 215: T=674 positions=16 loss=2.3417 ce=2.3417 tv=0.4926 conf=1.1608 grad_norm=14.8037 tensors_with_grad=69/72
[train] step 216: T=623 positions=16 loss=2.4955 ce=2.4955 tv=0.5287 conf=1.0507 grad_norm=16.8377 tensors_with_grad=69/72
[train] step 217: T=577 positions=16 loss=2.1649 ce=2.1649 tv=0.4025 conf=0.7283 grad_norm=14.7933 tensors_with_grad=69/72
[train] step 218: T=597 positions=16 loss=1.5279 ce=1.5279 tv=0.4150 conf=1.2012 grad_norm=34.5411 tensors_with_grad=69/72
[train] step 219: T=569 positions=16 loss=2.4926 ce=2.4926 tv=0.4859 conf=1.1275 grad_norm=16.8757 tensors_with_grad=69/72
[train] step 220: T=527 positions=16 loss=1.0210 ce=1.0210 tv=0.2528 conf=1.2547 grad_norm=14.7851 tensors_with_grad=69/72
[train] step 221: T=532 positions=16 loss=1.5161 ce=1.5161 tv=0.3517 conf=0.9894 grad_norm=27.9949 tensors_with_grad=69/72
[train] step 222: T=532 positions=16 loss=5.2668 ce=5.2668 tv=0.6904 conf=1.0453 grad_norm=44.0905 tensors_with_grad=69/72
[train] step 223: T=673 positions=16 loss=2.6272 ce=2.6272 tv=0.5535 conf=1.5538 grad_norm=16.3069 tensors_with_grad=69/72
[train] step 224: T=584 positions=16 loss=1.2957 ce=1.2957 tv=0.2877 conf=0.6023 grad_norm=12.4532 tensors_with_grad=69/72
[train] step 225: T=538 positions=16 loss=2.5233 ce=2.5233 tv=0.5156 conf=1.4898 grad_norm=16.7442 tensors_with_grad=69/72
[train] step 226: T=548 positions=16 loss=1.5475 ce=1.5475 tv=0.3362 conf=0.8932 grad_norm=22.9967 tensors_with_grad=69/72
[train] step 227: T=541 positions=16 loss=0.8814 ce=0.8814 tv=0.1987 conf=0.7875 grad_norm=23.3223 tensors_with_grad=69/72
[train] step 228: T=607 positions=16 loss=0.5389 ce=0.5389 tv=0.1402 conf=0.4032 grad_norm=8.2130 tensors_with_grad=69/72
[train] step 229: T=530 positions=16 loss=1.1946 ce=1.1946 tv=0.2513 conf=1.1094 grad_norm=17.0630 tensors_with_grad=69/72
[train] step 230: T=561 positions=16 loss=1.0975 ce=1.0975 tv=0.2801 conf=0.7635 grad_norm=38.0945 tensors_with_grad=69/72
[train] step 231: T=976 positions=16 loss=3.0589 ce=3.0589 tv=0.5169 conf=0.9880 grad_norm=17.8088 tensors_with_grad=69/72
[train] step 232: T=557 positions=16 loss=2.7354 ce=2.7354 tv=0.4995 conf=0.8408 grad_norm=38.2549 tensors_with_grad=69/72
[train] step 233: T=648 positions=16 loss=1.3050 ce=1.3050 tv=0.3567 conf=1.5249 grad_norm=14.2874 tensors_with_grad=69/72
[train] step 234: T=542 positions=16 loss=1.4168 ce=1.4168 tv=0.2445 conf=0.7181 grad_norm=13.6563 tensors_with_grad=69/72
[train] step 235: T=644 positions=16 loss=1.7175 ce=1.7175 tv=0.4130 conf=0.9230 grad_norm=26.1973 tensors_with_grad=69/72
[train] step 236: T=534 positions=16 loss=2.4265 ce=2.4265 tv=0.4619 conf=1.5807 grad_norm=15.7615 tensors_with_grad=69/72
[train] step 237: T=1054 positions=16 loss=2.6172 ce=2.6172 tv=0.4699 conf=1.2328 grad_norm=17.0920 tensors_with_grad=69/72
[train] step 238: T=675 positions=16 loss=1.3869 ce=1.3869 tv=0.3031 conf=0.7221 grad_norm=14.3527 tensors_with_grad=69/72
[train] step 239: T=619 positions=16 loss=2.8755 ce=2.8755 tv=0.4922 conf=1.3906 grad_norm=14.8223 tensors_with_grad=69/72
[train] step 240: T=552 positions=16 loss=4.7224 ce=4.7224 tv=0.5828 conf=0.9361 grad_norm=51.2220 tensors_with_grad=69/72
[train] step 241: T=542 positions=16 loss=2.0351 ce=2.0351 tv=0.4914 conf=0.5846 grad_norm=24.2416 tensors_with_grad=69/72
[train] step 242: T=927 positions=16 loss=2.3268 ce=2.3268 tv=0.4031 conf=1.2883 grad_norm=12.3079 tensors_with_grad=69/72
[train] step 243: T=581 positions=16 loss=0.6720 ce=0.6720 tv=0.1838 conf=1.4759 grad_norm=10.2787 tensors_with_grad=69/72
[train] step 244: T=541 positions=16 loss=2.3283 ce=2.3283 tv=0.4362 conf=1.4360 grad_norm=16.7382 tensors_with_grad=69/72
[train] step 245: T=531 positions=16 loss=3.4298 ce=3.4298 tv=0.6361 conf=1.1626 grad_norm=31.6808 tensors_with_grad=69/72
[train] step 246: T=577 positions=16 loss=1.4116 ce=1.4116 tv=0.3572 conf=1.2981 grad_norm=19.6527 tensors_with_grad=69/72
[train] step 247: T=827 positions=16 loss=3.3121 ce=3.3121 tv=0.5055 conf=1.7165 grad_norm=27.2242 tensors_with_grad=69/72
[train] step 248: T=532 positions=16 loss=0.6362 ce=0.6362 tv=0.2958 conf=1.5487 grad_norm=25.5917 tensors_with_grad=69/72
[train] step 249: T=532 positions=16 loss=1.1439 ce=1.1439 tv=0.3187 conf=1.2320 grad_norm=11.0071 tensors_with_grad=69/72
[train] step 250: T=587 positions=16 loss=1.3835 ce=1.3835 tv=0.3662 conf=0.9403 grad_norm=21.1697 tensors_with_grad=69/72
[train] step 251: T=620 positions=16 loss=0.6995 ce=0.6995 tv=0.2095 conf=0.8026 grad_norm=9.6381 tensors_with_grad=69/72
[train] step 252: T=535 positions=16 loss=3.0295 ce=3.0295 tv=0.5303 conf=0.9394 grad_norm=10.5863 tensors_with_grad=69/72
[train] step 253: T=532 positions=16 loss=3.0126 ce=3.0126 tv=0.4289 conf=0.8861 grad_norm=23.8250 tensors_with_grad=69/72
[train] step 254: T=553 positions=16 loss=1.2612 ce=1.2612 tv=0.2400 conf=0.7935 grad_norm=14.1677 tensors_with_grad=69/72
[train] step 255: T=567 positions=16 loss=0.2550 ce=0.2550 tv=0.1339 conf=0.5113 grad_norm=5.6898 tensors_with_grad=69/72
[train] step 256: T=676 positions=16 loss=1.6387 ce=1.6387 tv=0.3302 conf=1.2371 grad_norm=13.7992 tensors_with_grad=69/72
[train] step 257: T=571 positions=16 loss=3.3373 ce=3.3373 tv=0.5693 conf=0.7642 grad_norm=23.0889 tensors_with_grad=69/72
[train] step 258: T=675 positions=16 loss=1.2014 ce=1.2014 tv=0.2888 conf=0.7118 grad_norm=32.8359 tensors_with_grad=69/72
[train] step 259: T=631 positions=16 loss=0.5203 ce=0.5203 tv=0.2010 conf=0.4697 grad_norm=21.8554 tensors_with_grad=69/72
[train] step 260: T=625 positions=16 loss=1.8472 ce=1.8472 tv=0.3638 conf=0.9614 grad_norm=39.5504 tensors_with_grad=69/72
[train] step 261: T=621 positions=16 loss=1.7849 ce=1.7849 tv=0.4456 conf=0.8834 grad_norm=21.7324 tensors_with_grad=69/72
[train] step 262: T=551 positions=16 loss=2.9221 ce=2.9221 tv=0.4226 conf=0.5691 grad_norm=17.9916 tensors_with_grad=69/72
[train] step 263: T=600 positions=16 loss=4.1044 ce=4.1044 tv=0.5609 conf=0.9755 grad_norm=25.5921 tensors_with_grad=69/72
[train] step 264: T=540 positions=16 loss=0.5770 ce=0.5770 tv=0.1584 conf=0.3116 grad_norm=6.2279 tensors_with_grad=69/72
[train] step 265: T=542 positions=16 loss=0.4661 ce=0.4661 tv=0.1121 conf=0.1807 grad_norm=11.2280 tensors_with_grad=69/72
[train] step 266: T=915 positions=16 loss=3.2583 ce=3.2583 tv=0.3924 conf=1.4806 grad_norm=23.1915 tensors_with_grad=69/72
[train] step 267: T=620 positions=16 loss=3.4320 ce=3.4320 tv=0.4957 conf=1.5550 grad_norm=26.7778 tensors_with_grad=69/72
[train] step 268: T=673 positions=16 loss=2.8158 ce=2.8158 tv=0.4762 conf=1.4611 grad_norm=12.5281 tensors_with_grad=69/72
[train] step 269: T=621 positions=16 loss=1.3543 ce=1.3543 tv=0.3857 conf=0.9937 grad_norm=20.1256 tensors_with_grad=69/72
[train] step 270: T=529 positions=16 loss=1.8770 ce=1.8770 tv=0.3020 conf=1.5867 grad_norm=14.6670 tensors_with_grad=69/72
[train] step 271: T=1196 positions=16 loss=3.1944 ce=3.1944 tv=0.5155 conf=0.9907 grad_norm=18.1472 tensors_with_grad=69/72
[train] step 272: T=1273 positions=16 loss=3.4406 ce=3.4406 tv=0.4763 conf=1.3414 grad_norm=14.9517 tensors_with_grad=69/72
[train] step 273: T=524 positions=16 loss=2.7632 ce=2.7632 tv=0.5276 conf=1.8708 grad_norm=22.0132 tensors_with_grad=69/72
[train] step 274: T=624 positions=16 loss=1.2612 ce=1.2612 tv=0.3216 conf=1.3458 grad_norm=15.2831 tensors_with_grad=69/72
[train] step 275: T=525 positions=16 loss=2.4643 ce=2.4643 tv=0.5028 conf=1.6777 grad_norm=13.0235 tensors_with_grad=69/72
[train] step 276: T=535 positions=16 loss=1.1870 ce=1.1870 tv=0.2288 conf=0.7446 grad_norm=17.4089 tensors_with_grad=69/72
[train] step 277: T=631 positions=16 loss=1.1046 ce=1.1046 tv=0.2040 conf=1.3437 grad_norm=13.7389 tensors_with_grad=69/72
[train] step 278: T=872 positions=16 loss=3.4985 ce=3.4985 tv=0.5258 conf=1.3069 grad_norm=29.5553 tensors_with_grad=69/72
[train] step 279: T=1563 positions=16 loss=3.6203 ce=3.6203 tv=0.4889 conf=1.5672 grad_norm=19.1060 tensors_with_grad=69/72
[train] step 280: T=675 positions=16 loss=2.0212 ce=2.0212 tv=0.4179 conf=1.4374 grad_norm=13.2796 tensors_with_grad=69/72
[train] step 281: T=534 positions=16 loss=0.8917 ce=0.8917 tv=0.1780 conf=1.6734 grad_norm=11.3292 tensors_with_grad=69/72
[train] step 282: T=673 positions=16 loss=1.9575 ce=1.9575 tv=0.4011 conf=1.5099 grad_norm=17.8489 tensors_with_grad=69/72
[train] step 283: T=672 positions=16 loss=2.9462 ce=2.9462 tv=0.5307 conf=0.8013 grad_norm=15.7186 tensors_with_grad=69/72
[train] step 284: T=532 positions=16 loss=3.0527 ce=3.0527 tv=0.4984 conf=0.8144 grad_norm=37.8608 tensors_with_grad=69/72
[train] step 285: T=594 positions=16 loss=0.5030 ce=0.5030 tv=0.1548 conf=0.4275 grad_norm=8.6783 tensors_with_grad=69/72
[train] step 286: T=539 positions=16 loss=0.7724 ce=0.7724 tv=0.2225 conf=0.4627 grad_norm=13.9485 tensors_with_grad=69/72
[train] step 287: T=540 positions=16 loss=0.1717 ce=0.1717 tv=0.0964 conf=0.4160 grad_norm=3.7997 tensors_with_grad=69/72
[train] step 288: T=531 positions=16 loss=2.2117 ce=2.2117 tv=0.4385 conf=0.9016 grad_norm=20.7443 tensors_with_grad=69/72
[train] step 289: T=530 positions=16 loss=1.4595 ce=1.4595 tv=0.3379 conf=1.4952 grad_norm=24.7724 tensors_with_grad=69/72
[train] step 290: T=676 positions=16 loss=1.4113 ce=1.4113 tv=0.3509 conf=1.0556 grad_norm=12.4803 tensors_with_grad=69/72
[train] step 291: T=529 positions=16 loss=1.8483 ce=1.8483 tv=0.3907 conf=0.7287 grad_norm=10.7766 tensors_with_grad=69/72
[train] step 292: T=626 positions=16 loss=1.0996 ce=1.0996 tv=0.3697 conf=1.1928 grad_norm=14.5754 tensors_with_grad=69/72
[train] step 293: T=569 positions=16 loss=4.9059 ce=4.9059 tv=0.5513 conf=1.1574 grad_norm=76.7213 tensors_with_grad=69/72
[train] step 294: T=957 positions=16 loss=4.0245 ce=4.0245 tv=0.6224 conf=1.7639 grad_norm=17.9124 tensors_with_grad=69/72
[train] step 295: T=630 positions=16 loss=1.5870 ce=1.5870 tv=0.3223 conf=1.4489 grad_norm=18.9673 tensors_with_grad=69/72
[train] step 296: T=672 positions=16 loss=3.2572 ce=3.2572 tv=0.6155 conf=0.8541 grad_norm=15.3853 tensors_with_grad=69/72
[train] step 297: T=659 positions=16 loss=1.5073 ce=1.5073 tv=0.3879 conf=1.3768 grad_norm=18.1085 tensors_with_grad=69/72
[train] step 298: T=559 positions=16 loss=1.0985 ce=1.0985 tv=0.2337 conf=0.7021 grad_norm=9.8492 tensors_with_grad=69/72
[train] step 299: T=674 positions=16 loss=2.7072 ce=2.7072 tv=0.5332 conf=1.2768 grad_norm=13.0180 tensors_with_grad=69/72
[train] step 300: T=525 positions=16 loss=1.5202 ce=1.5202 tv=0.3366 conf=1.0129 grad_norm=15.8066 tensors_with_grad=69/72
[train] step 301: T=535 positions=16 loss=1.5040 ce=1.5040 tv=0.3529 conf=1.4722 grad_norm=20.7524 tensors_with_grad=69/72
[train] step 302: T=533 positions=16 loss=1.5011 ce=1.5011 tv=0.3716 conf=1.1248 grad_norm=11.9687 tensors_with_grad=69/72
[train] step 303: T=603 positions=16 loss=1.5980 ce=1.5980 tv=0.3324 conf=0.9715 grad_norm=14.6481 tensors_with_grad=69/72
[train] step 304: T=600 positions=16 loss=1.0034 ce=1.0034 tv=0.2280 conf=0.9843 grad_norm=13.0795 tensors_with_grad=69/72
[train] step 305: T=594 positions=16 loss=1.2894 ce=1.2894 tv=0.3078 conf=0.8892 grad_norm=20.6882 tensors_with_grad=69/72
[train] step 306: T=533 positions=16 loss=1.5541 ce=1.5541 tv=0.4441 conf=1.5568 grad_norm=24.6475 tensors_with_grad=69/72
[train] step 307: T=533 positions=16 loss=1.5276 ce=1.5276 tv=0.2601 conf=2.5093 grad_norm=29.2550 tensors_with_grad=69/72
[train] step 308: T=602 positions=16 loss=1.9755 ce=1.9755 tv=0.2222 conf=1.6907 grad_norm=22.2486 tensors_with_grad=69/72
[train] step 309: T=647 positions=16 loss=0.5209 ce=0.5209 tv=0.1593 conf=0.7294 grad_norm=7.0897 tensors_with_grad=69/72
[train] step 310: T=576 positions=16 loss=0.9301 ce=0.9301 tv=0.1448 conf=0.9253 grad_norm=8.9107 tensors_with_grad=69/72
[train] step 311: T=531 positions=16 loss=1.3583 ce=1.3583 tv=0.2777 conf=0.9272 grad_norm=12.5760 tensors_with_grad=69/72
[train] step 312: T=643 positions=16 loss=1.4701 ce=1.4701 tv=0.2940 conf=1.6197 grad_norm=23.0202 tensors_with_grad=69/72
[train] step 313: T=1335 positions=16 loss=3.2695 ce=3.2695 tv=0.4746 conf=1.8039 grad_norm=17.1275 tensors_with_grad=69/72
[train] step 314: T=538 positions=16 loss=1.0214 ce=1.0214 tv=0.2205 conf=1.6514 grad_norm=21.9395 tensors_with_grad=69/72
[train] step 315: T=605 positions=16 loss=0.7365 ce=0.7365 tv=0.1644 conf=0.4607 grad_norm=6.6424 tensors_with_grad=69/72
[train] step 316: T=554 positions=16 loss=1.9477 ce=1.9477 tv=0.4091 conf=1.0923 grad_norm=22.2375 tensors_with_grad=69/72
[train] step 317: T=912 positions=16 loss=2.5167 ce=2.5167 tv=0.3835 conf=1.5827 grad_norm=15.4093 tensors_with_grad=69/72
[train] step 318: T=525 positions=16 loss=2.5349 ce=2.5349 tv=0.5495 conf=1.3184 grad_norm=12.2958 tensors_with_grad=69/72
[train] step 319: T=530 positions=16 loss=2.2316 ce=2.2316 tv=0.3242 conf=0.9973 grad_norm=28.1091 tensors_with_grad=69/72
[train] step 320: T=638 positions=16 loss=1.3352 ce=1.3352 tv=0.3966 conf=0.7866 grad_norm=12.6277 tensors_with_grad=69/72
[train] step 321: T=547 positions=16 loss=2.6210 ce=2.6210 tv=0.5857 conf=1.5311 grad_norm=16.6348 tensors_with_grad=69/72
[train] step 322: T=675 positions=16 loss=2.1754 ce=2.1754 tv=0.5019 conf=1.1922 grad_norm=19.0976 tensors_with_grad=69/72
[train] step 323: T=563 positions=16 loss=2.0409 ce=2.0409 tv=0.4292 conf=1.4696 grad_norm=16.1247 tensors_with_grad=69/72
[train] step 324: T=626 positions=16 loss=1.7964 ce=1.7964 tv=0.4460 conf=1.5403 grad_norm=14.3562 tensors_with_grad=69/72
[train] step 325: T=673 positions=16 loss=2.7066 ce=2.7066 tv=0.4313 conf=0.8727 grad_norm=19.2179 tensors_with_grad=69/72
[train] step 326: T=535 positions=16 loss=0.3551 ce=0.3551 tv=0.1462 conf=1.0826 grad_norm=12.1723 tensors_with_grad=69/72
[train] step 327: T=534 positions=16 loss=0.2979 ce=0.2979 tv=0.1026 conf=0.5688 grad_norm=4.6715 tensors_with_grad=69/72
[train] step 328: T=546 positions=16 loss=1.4632 ce=1.4632 tv=0.3033 conf=1.6291 grad_norm=11.7171 tensors_with_grad=69/72
[train] step 329: T=539 positions=16 loss=1.2107 ce=1.2107 tv=0.3140 conf=0.9566 grad_norm=9.5221 tensors_with_grad=69/72
[train] step 330: T=608 positions=16 loss=2.2505 ce=2.2505 tv=0.3697 conf=1.4326 grad_norm=35.1850 tensors_with_grad=69/72
[train] step 331: T=648 positions=16 loss=1.3146 ce=1.3146 tv=0.3788 conf=1.2277 grad_norm=14.3166 tensors_with_grad=69/72
[train] step 332: T=529 positions=16 loss=1.4316 ce=1.4316 tv=0.3671 conf=2.1682 grad_norm=11.9740 tensors_with_grad=69/72
[train] step 333: T=580 positions=16 loss=1.9322 ce=1.9322 tv=0.4318 conf=0.7783 grad_norm=27.7137 tensors_with_grad=69/72
[train] step 334: T=544 positions=16 loss=1.7978 ce=1.7978 tv=0.3088 conf=1.1477 grad_norm=36.2799 tensors_with_grad=69/72
[train] step 335: T=527 positions=16 loss=2.6474 ce=2.6474 tv=0.5435 conf=1.1023 grad_norm=21.2961 tensors_with_grad=69/72
[train] step 336: T=567 positions=16 loss=2.0425 ce=2.0425 tv=0.3024 conf=0.7545 grad_norm=23.5993 tensors_with_grad=69/72
[train] step 337: T=672 positions=16 loss=1.7435 ce=1.7435 tv=0.4331 conf=1.0855 grad_norm=15.7464 tensors_with_grad=69/72
[train] step 338: T=589 positions=16 loss=1.5822 ce=1.5822 tv=0.3696 conf=1.3637 grad_norm=11.8522 tensors_with_grad=69/72
[train] step 339: T=620 positions=16 loss=2.1967 ce=2.1967 tv=0.4241 conf=1.0905 grad_norm=16.4411 tensors_with_grad=69/72
[train] step 340: T=533 positions=16 loss=0.8730 ce=0.8730 tv=0.1878 conf=1.8068 grad_norm=13.4750 tensors_with_grad=69/72
[train] step 341: T=1060 positions=16 loss=2.5581 ce=2.5581 tv=0.4325 conf=1.1275 grad_norm=14.3869 tensors_with_grad=69/72
[train] step 342: T=538 positions=16 loss=1.7642 ce=1.7642 tv=0.3960 conf=1.5831 grad_norm=16.4907 tensors_with_grad=69/72
[train] step 343: T=529 positions=16 loss=0.5879 ce=0.5879 tv=0.1404 conf=1.2172 grad_norm=6.8332 tensors_with_grad=69/72
[train] step 344: T=635 positions=16 loss=2.0026 ce=2.0026 tv=0.4651 conf=1.2987 grad_norm=9.2002 tensors_with_grad=69/72
[train] step 345: T=628 positions=16 loss=1.1070 ce=1.1070 tv=0.2807 conf=0.7739 grad_norm=15.4841 tensors_with_grad=69/72
[train] step 346: T=538 positions=16 loss=1.0193 ce=1.0193 tv=0.2745 conf=1.2091 grad_norm=16.2862 tensors_with_grad=69/72
[train] step 347: T=574 positions=16 loss=1.7358 ce=1.7358 tv=0.3715 conf=2.0306 grad_norm=23.1781 tensors_with_grad=69/72
[train] step 348: T=595 positions=16 loss=1.3391 ce=1.3391 tv=0.3614 conf=0.8263 grad_norm=17.0641 tensors_with_grad=69/72
[train] step 349: T=640 positions=16 loss=2.0001 ce=2.0001 tv=0.3979 conf=0.9615 grad_norm=14.2051 tensors_with_grad=69/72
[train] step 350: T=588 positions=16 loss=0.4058 ce=0.4058 tv=0.1380 conf=0.5564 grad_norm=20.7328 tensors_with_grad=69/72
[train] step 351: T=533 positions=16 loss=0.9889 ce=0.9889 tv=0.1759 conf=1.1588 grad_norm=8.4036 tensors_with_grad=69/72
[train] step 352: T=675 positions=16 loss=3.3760 ce=3.3760 tv=0.5484 conf=0.9507 grad_norm=20.7447 tensors_with_grad=69/72
[train] step 353: T=532 positions=16 loss=1.2038 ce=1.2038 tv=0.2863 conf=0.6709 grad_norm=7.4253 tensors_with_grad=69/72
[train] step 354: T=586 positions=16 loss=2.4388 ce=2.4388 tv=0.3951 conf=1.2498 grad_norm=33.3091 tensors_with_grad=69/72
[train] step 355: T=1048 positions=16 loss=3.0364 ce=3.0364 tv=0.3973 conf=0.5134 grad_norm=26.3299 tensors_with_grad=69/72
[train] step 356: T=615 positions=16 loss=1.2628 ce=1.2628 tv=0.2766 conf=0.8883 grad_norm=13.2261 tensors_with_grad=69/72
[train] step 357: T=672 positions=16 loss=1.6543 ce=1.6543 tv=0.3449 conf=1.5055 grad_norm=21.7003 tensors_with_grad=69/72
[train] step 358: T=579 positions=16 loss=2.4286 ce=2.4286 tv=0.4319 conf=0.9576 grad_norm=16.0916 tensors_with_grad=69/72
[train] step 359: T=588 positions=16 loss=1.9788 ce=1.9788 tv=0.4300 conf=1.6059 grad_norm=14.4720 tensors_with_grad=69/72
[train] step 360: T=527 positions=16 loss=0.7558 ce=0.7558 tv=0.1427 conf=0.9129 grad_norm=7.4860 tensors_with_grad=69/72
[train] step 361: T=1060 positions=16 loss=3.3911 ce=3.3911 tv=0.4956 conf=1.0563 grad_norm=13.0690 tensors_with_grad=69/72
[train] step 362: T=629 positions=16 loss=1.3307 ce=1.3307 tv=0.3234 conf=0.7198 grad_norm=22.1604 tensors_with_grad=69/72
[train] step 363: T=529 positions=16 loss=1.6615 ce=1.6615 tv=0.3157 conf=1.1562 grad_norm=14.2521 tensors_with_grad=69/72
[train] step 364: T=629 positions=16 loss=0.4032 ce=0.4032 tv=0.1524 conf=0.5556 grad_norm=5.0582 tensors_with_grad=69/72
[train] step 365: T=621 positions=16 loss=0.8270 ce=0.8270 tv=0.1809 conf=0.9850 grad_norm=15.7424 tensors_with_grad=69/72
[train] step 366: T=591 positions=16 loss=1.1181 ce=1.1181 tv=0.2564 conf=0.8171 grad_norm=12.1914 tensors_with_grad=69/72
[train] step 367: T=604 positions=16 loss=1.2339 ce=1.2339 tv=0.3029 conf=0.7597 grad_norm=12.0972 tensors_with_grad=69/72
[train] step 368: T=673 positions=16 loss=0.8125 ce=0.8125 tv=0.1870 conf=2.4426 grad_norm=9.7072 tensors_with_grad=69/72
[train] step 369: T=531 positions=16 loss=1.8023 ce=1.8023 tv=0.3755 conf=0.8891 grad_norm=9.3454 tensors_with_grad=69/72
[train] step 370: T=539 positions=16 loss=0.3314 ce=0.3314 tv=0.1352 conf=0.5409 grad_norm=9.3197 tensors_with_grad=69/72
[train] step 371: T=676 positions=16 loss=2.0373 ce=2.0373 tv=0.4294 conf=2.1398 grad_norm=16.6673 tensors_with_grad=69/72
[train] step 372: T=966 positions=16 loss=3.7912 ce=3.7912 tv=0.5387 conf=0.7593 grad_norm=30.0645 tensors_with_grad=69/72
[train] step 373: T=638 positions=16 loss=0.8914 ce=0.8914 tv=0.2693 conf=1.2562 grad_norm=15.2659 tensors_with_grad=69/72
[train] step 374: T=539 positions=16 loss=2.4817 ce=2.4817 tv=0.4695 conf=1.0142 grad_norm=27.9887 tensors_with_grad=69/72
[train] step 375: T=543 positions=16 loss=0.8170 ce=0.8170 tv=0.2913 conf=1.6775 grad_norm=16.0432 tensors_with_grad=69/72
[train] step 376: T=544 positions=16 loss=0.6439 ce=0.6439 tv=0.2219 conf=1.2846 grad_norm=7.4321 tensors_with_grad=69/72
[train] step 377: T=532 positions=16 loss=1.1405 ce=1.1405 tv=0.1880 conf=1.0693 grad_norm=16.6036 tensors_with_grad=69/72
[train] step 378: T=536 positions=16 loss=0.7083 ce=0.7083 tv=0.1665 conf=1.3197 grad_norm=12.1321 tensors_with_grad=69/72
[train] step 379: T=553 positions=16 loss=1.6213 ce=1.6213 tv=0.3209 conf=1.3192 grad_norm=19.0681 tensors_with_grad=69/72
[train] step 380: T=651 positions=16 loss=1.7264 ce=1.7264 tv=0.4255 conf=1.0699 grad_norm=15.2242 tensors_with_grad=69/72
[train] step 381: T=573 positions=16 loss=4.4315 ce=4.4315 tv=0.6269 conf=0.8370 grad_norm=38.1147 tensors_with_grad=69/72
[train] step 382: T=549 positions=16 loss=1.4322 ce=1.4322 tv=0.3144 conf=0.9028 grad_norm=15.9251 tensors_with_grad=69/72
[train] step 383: T=573 positions=16 loss=1.4946 ce=1.4946 tv=0.3500 conf=1.1824 grad_norm=33.0907 tensors_with_grad=69/72
[train] step 384: T=534 positions=16 loss=2.2561 ce=2.2561 tv=0.5436 conf=2.1971 grad_norm=14.4377 tensors_with_grad=69/72
[train] step 385: T=548 positions=16 loss=2.0257 ce=2.0257 tv=0.3565 conf=1.4321 grad_norm=18.2673 tensors_with_grad=69/72
[train] step 386: T=588 positions=16 loss=2.0256 ce=2.0256 tv=0.3306 conf=2.7880 grad_norm=24.8970 tensors_with_grad=69/72
[train] step 387: T=654 positions=16 loss=1.6073 ce=1.6073 tv=0.4185 conf=1.4899 grad_norm=15.6196 tensors_with_grad=69/72
[train] step 388: T=536 positions=16 loss=1.6388 ce=1.6388 tv=0.3674 conf=3.0353 grad_norm=25.0335 tensors_with_grad=69/72
[train] step 389: T=959 positions=16 loss=3.8568 ce=3.8568 tv=0.5405 conf=2.7176 grad_norm=19.9840 tensors_with_grad=69/72
[train] step 390: T=532 positions=16 loss=1.2268 ce=1.2268 tv=0.2600 conf=2.4889 grad_norm=22.1684 tensors_with_grad=69/72
[train] step 391: T=654 positions=16 loss=1.2761 ce=1.2761 tv=0.3913 conf=1.4358 grad_norm=14.0684 tensors_with_grad=69/72
[train] step 392: T=627 positions=16 loss=0.9750 ce=0.9750 tv=0.1861 conf=2.1323 grad_norm=11.7519 tensors_with_grad=69/72
[train] step 393: T=531 positions=16 loss=1.2691 ce=1.2691 tv=0.3623 conf=1.5687 grad_norm=13.3457 tensors_with_grad=69/72
[train] step 394: T=614 positions=16 loss=0.7692 ce=0.7692 tv=0.3294 conf=2.1774 grad_norm=38.8104 tensors_with_grad=69/72
[train] step 395: T=530 positions=16 loss=2.4810 ce=2.4810 tv=0.4741 conf=1.2818 grad_norm=13.1870 tensors_with_grad=69/72
[train] step 396: T=545 positions=16 loss=1.4237 ce=1.4237 tv=0.3006 conf=1.4392 grad_norm=17.8142 tensors_with_grad=69/72
[train] step 397: T=605 positions=16 loss=1.5281 ce=1.5281 tv=0.3211 conf=1.2533 grad_norm=18.3329 tensors_with_grad=69/72
[train] step 398: T=529 positions=16 loss=2.5536 ce=2.5536 tv=0.4689 conf=1.5745 grad_norm=19.1032 tensors_with_grad=69/72
[train] step 399: T=1075 positions=16 loss=2.6043 ce=2.6043 tv=0.3419 conf=1.2519 grad_norm=21.9148 tensors_with_grad=69/72
[train] step 400: T=1443 positions=16 loss=4.0187 ce=4.0187 tv=0.5207 conf=1.4441 grad_norm=25.2829 tensors_with_grad=69/72
[train] step 401: T=535 positions=16 loss=2.6855 ce=2.6855 tv=0.5611 conf=1.4759 grad_norm=29.7805 tensors_with_grad=69/72
[train] step 402: T=594 positions=16 loss=0.4351 ce=0.4351 tv=0.1845 conf=0.5699 grad_norm=12.7355 tensors_with_grad=69/72
[train] step 403: T=886 positions=16 loss=3.1962 ce=3.1962 tv=0.3841 conf=0.8570 grad_norm=20.2356 tensors_with_grad=69/72
[train] step 404: T=532 positions=16 loss=2.0011 ce=2.0011 tv=0.4211 conf=0.9150 grad_norm=9.0568 tensors_with_grad=69/72
[train] step 405: T=560 positions=16 loss=1.4831 ce=1.4831 tv=0.3245 conf=1.8038 grad_norm=14.9797 tensors_with_grad=69/72
[train] step 406: T=597 positions=16 loss=2.0693 ce=2.0693 tv=0.3677 conf=1.0018 grad_norm=16.3802 tensors_with_grad=69/72
[train] step 407: T=536 positions=16 loss=0.1350 ce=0.1350 tv=0.1163 conf=0.4073 grad_norm=2.8300 tensors_with_grad=69/72
[train] step 408: T=578 positions=16 loss=0.4988 ce=0.4988 tv=0.2009 conf=2.8960 grad_norm=21.0613 tensors_with_grad=69/72
[train] step 409: T=675 positions=16 loss=0.9725 ce=0.9725 tv=0.2216 conf=0.8775 grad_norm=10.3748 tensors_with_grad=69/72
[train] step 410: T=672 positions=16 loss=2.8161 ce=2.8161 tv=0.5570 conf=1.5185 grad_norm=14.2420 tensors_with_grad=69/72
[train] step 411: T=529 positions=16 loss=0.8520 ce=0.8520 tv=0.2516 conf=1.3868 grad_norm=14.9230 tensors_with_grad=69/72
[train] step 412: T=676 positions=16 loss=0.7061 ce=0.7061 tv=0.2993 conf=1.8757 grad_norm=16.4536 tensors_with_grad=69/72
[train] step 413: T=555 positions=16 loss=0.9005 ce=0.9005 tv=0.1784 conf=0.8557 grad_norm=15.7067 tensors_with_grad=69/72
[train] step 414: T=1244 positions=16 loss=3.5667 ce=3.5667 tv=0.4273 conf=1.2071 grad_norm=19.1726 tensors_with_grad=69/72
[train] step 415: T=549 positions=16 loss=2.0366 ce=2.0366 tv=0.5015 conf=1.1768 grad_norm=15.1224 tensors_with_grad=69/72
[train] step 416: T=599 positions=16 loss=1.1072 ce=1.1072 tv=0.3292 conf=1.7804 grad_norm=26.1127 tensors_with_grad=69/72
[train] step 417: T=526 positions=16 loss=1.4831 ce=1.4831 tv=0.2989 conf=0.8033 grad_norm=35.6761 tensors_with_grad=69/72
[train] step 418: T=576 positions=16 loss=2.9833 ce=2.9833 tv=0.5045 conf=1.6468 grad_norm=17.9948 tensors_with_grad=69/72
[train] step 419: T=542 positions=16 loss=1.1923 ce=1.1923 tv=0.2683 conf=1.0224 grad_norm=11.0400 tensors_with_grad=69/72
[train] step 420: T=537 positions=16 loss=0.1369 ce=0.1369 tv=0.0829 conf=0.4800 grad_norm=5.7588 tensors_with_grad=69/72
[train] step 421: T=536 positions=16 loss=0.6455 ce=0.6455 tv=0.1684 conf=0.6564 grad_norm=16.1313 tensors_with_grad=69/72
[train] step 422: T=543 positions=16 loss=0.6498 ce=0.6498 tv=0.1440 conf=0.4510 grad_norm=9.4715 tensors_with_grad=69/72
[train] step 423: T=573 positions=16 loss=2.2989 ce=2.2989 tv=0.4019 conf=0.8301 grad_norm=19.8477 tensors_with_grad=69/72
[train] step 424: T=928 positions=16 loss=2.3359 ce=2.3359 tv=0.3836 conf=1.1970 grad_norm=12.2035 tensors_with_grad=69/72
[train] step 425: T=979 positions=16 loss=3.5021 ce=3.5021 tv=0.5138 conf=1.1741 grad_norm=22.7191 tensors_with_grad=69/72
[train] step 426: T=542 positions=16 loss=0.5397 ce=0.5397 tv=0.1535 conf=0.5606 grad_norm=11.6244 tensors_with_grad=69/72
[train] step 427: T=525 positions=16 loss=1.1901 ce=1.1901 tv=0.2964 conf=1.1452 grad_norm=38.9125 tensors_with_grad=69/72
[train] step 428: T=1286 positions=16 loss=2.3395 ce=2.3395 tv=0.3812 conf=1.2099 grad_norm=12.4582 tensors_with_grad=69/72
[train] step 429: T=538 positions=16 loss=0.2577 ce=0.2577 tv=0.1503 conf=0.3067 grad_norm=6.5039 tensors_with_grad=69/72
[train] step 430: T=541 positions=16 loss=1.9690 ce=1.9690 tv=0.3003 conf=1.1757 grad_norm=27.8354 tensors_with_grad=69/72
[train] step 431: T=537 positions=16 loss=1.6005 ce=1.6005 tv=0.3363 conf=1.1632 grad_norm=17.4508 tensors_with_grad=69/72
[train] step 432: T=550 positions=16 loss=0.7123 ce=0.7123 tv=0.2591 conf=0.7583 grad_norm=11.8497 tensors_with_grad=69/72
[train] step 433: T=568 positions=16 loss=2.8141 ce=2.8141 tv=0.3800 conf=2.1484 grad_norm=32.0264 tensors_with_grad=69/72
[train] step 434: T=524 positions=16 loss=2.7353 ce=2.7353 tv=0.5420 conf=1.0518 grad_norm=15.5569 tensors_with_grad=69/72
[train] step 435: T=601 positions=16 loss=0.6056 ce=0.6056 tv=0.1782 conf=1.3929 grad_norm=13.3807 tensors_with_grad=69/72
[train] step 436: T=530 positions=16 loss=1.0859 ce=1.0859 tv=0.2754 conf=1.3327 grad_norm=18.8559 tensors_with_grad=69/72
[train] step 437: T=525 positions=16 loss=1.5053 ce=1.5053 tv=0.3419 conf=1.5143 grad_norm=11.3312 tensors_with_grad=69/72
[train] step 438: T=526 positions=16 loss=2.3164 ce=2.3164 tv=0.4800 conf=1.3189 grad_norm=24.0212 tensors_with_grad=69/72
[train] step 439: T=584 positions=16 loss=0.4804 ce=0.4804 tv=0.1561 conf=0.7948 grad_norm=12.3484 tensors_with_grad=69/72
[train] step 440: T=1681 positions=16 loss=4.0740 ce=4.0740 tv=0.4992 conf=2.1783 grad_norm=19.2665 tensors_with_grad=69/72
[train] step 441: T=532 positions=16 loss=1.4148 ce=1.4148 tv=0.2876 conf=0.9758 grad_norm=10.1604 tensors_with_grad=69/72
[train] step 442: T=535 positions=16 loss=1.2459 ce=1.2459 tv=0.2469 conf=0.6474 grad_norm=15.2797 tensors_with_grad=69/72
[train] step 443: T=1305 positions=16 loss=4.0658 ce=4.0658 tv=0.5341 conf=0.9579 grad_norm=21.1235 tensors_with_grad=69/72
[train] step 444: T=545 positions=16 loss=1.2647 ce=1.2647 tv=0.3132 conf=0.6872 grad_norm=36.6955 tensors_with_grad=69/72
[train] step 445: T=537 positions=16 loss=1.4085 ce=1.4085 tv=0.2696 conf=1.2247 grad_norm=20.5639 tensors_with_grad=69/72
[train] step 446: T=963 positions=16 loss=3.1955 ce=3.1955 tv=0.3791 conf=1.0641 grad_norm=20.0359 tensors_with_grad=69/72
[train] step 447: T=539 positions=16 loss=0.7887 ce=0.7887 tv=0.1755 conf=1.0423 grad_norm=6.5108 tensors_with_grad=69/72
[train] step 448: T=653 positions=16 loss=2.9998 ce=2.9998 tv=0.5951 conf=2.2864 grad_norm=11.6676 tensors_with_grad=69/72
[train] step 449: T=528 positions=16 loss=0.8547 ce=0.8547 tv=0.2387 conf=0.7622 grad_norm=27.1972 tensors_with_grad=69/72
[train] step 450: T=599 positions=16 loss=1.5561 ce=1.5561 tv=0.3485 conf=1.0114 grad_norm=21.7622 tensors_with_grad=69/72
[train] step 451: T=543 positions=16 loss=0.9544 ce=0.9544 tv=0.2081 conf=0.6995 grad_norm=11.1995 tensors_with_grad=69/72
[train] step 452: T=532 positions=16 loss=1.3334 ce=1.3334 tv=0.2195 conf=0.7404 grad_norm=15.7624 tensors_with_grad=69/72
[train] step 453: T=1026 positions=16 loss=3.1806 ce=3.1806 tv=0.5671 conf=1.6479 grad_norm=21.3062 tensors_with_grad=69/72
[train] step 454: T=577 positions=16 loss=1.3620 ce=1.3620 tv=0.3815 conf=1.4992 grad_norm=15.0107 tensors_with_grad=69/72
[train] step 455: T=1744 positions=16 loss=4.0360 ce=4.0360 tv=0.5423 conf=1.5383 grad_norm=19.6459 tensors_with_grad=69/72
[train] step 456: T=643 positions=16 loss=0.5763 ce=0.5763 tv=0.1881 conf=1.0081 grad_norm=11.6315 tensors_with_grad=69/72
[train] step 457: T=678 positions=16 loss=1.8790 ce=1.8790 tv=0.4180 conf=1.6303 grad_norm=9.1642 tensors_with_grad=69/72
[train] step 458: T=534 positions=16 loss=2.3089 ce=2.3089 tv=0.4498 conf=1.7570 grad_norm=12.2485 tensors_with_grad=69/72
[train] step 459: T=561 positions=16 loss=0.7728 ce=0.7728 tv=0.1829 conf=1.9844 grad_norm=14.0926 tensors_with_grad=69/72
[train] step 460: T=529 positions=16 loss=1.4498 ce=1.4498 tv=0.4061 conf=0.9826 grad_norm=19.1136 tensors_with_grad=69/72
[train] step 461: T=618 positions=16 loss=0.4260 ce=0.4260 tv=0.1238 conf=0.6789 grad_norm=10.9170 tensors_with_grad=69/72
[train] step 462: T=592 positions=16 loss=1.7884 ce=1.7884 tv=0.3751 conf=1.6218 grad_norm=20.2967 tensors_with_grad=69/72
[train] step 463: T=538 positions=16 loss=0.7457 ce=0.7457 tv=0.2229 conf=1.1608 grad_norm=18.4212 tensors_with_grad=69/72
[train] step 464: T=524 positions=16 loss=1.4494 ce=1.4494 tv=0.3637 conf=1.3654 grad_norm=13.8094 tensors_with_grad=69/72
[train] step 465: T=639 positions=16 loss=1.7422 ce=1.7422 tv=0.2819 conf=1.1012 grad_norm=15.9622 tensors_with_grad=69/72
[train] step 466: T=574 positions=16 loss=0.7112 ce=0.7112 tv=0.2222 conf=1.2045 grad_norm=29.6980 tensors_with_grad=69/72
[train] step 467: T=595 positions=16 loss=0.6005 ce=0.6005 tv=0.1442 conf=0.9092 grad_norm=10.1161 tensors_with_grad=69/72
[train] step 468: T=529 positions=16 loss=2.1641 ce=2.1641 tv=0.3214 conf=1.3195 grad_norm=13.0119 tensors_with_grad=69/72
[train] step 469: T=530 positions=16 loss=1.9281 ce=1.9281 tv=0.3202 conf=1.1026 grad_norm=24.8365 tensors_with_grad=69/72
[train] step 470: T=526 positions=16 loss=1.8124 ce=1.8124 tv=0.4473 conf=0.7658 grad_norm=12.1302 tensors_with_grad=69/72
[train] step 471: T=541 positions=16 loss=2.4896 ce=2.4896 tv=0.3065 conf=1.0607 grad_norm=42.4512 tensors_with_grad=69/72
[train] step 472: T=672 positions=16 loss=1.9877 ce=1.9877 tv=0.3646 conf=1.0126 grad_norm=15.0622 tensors_with_grad=69/72
[train] step 473: T=1079 positions=16 loss=2.9672 ce=2.9672 tv=0.4209 conf=1.8225 grad_norm=14.4663 tensors_with_grad=69/72
[train] step 474: T=529 positions=16 loss=1.6326 ce=1.6326 tv=0.3792 conf=1.5205 grad_norm=10.9903 tensors_with_grad=69/72
[train] step 475: T=544 positions=16 loss=1.0216 ce=1.0216 tv=0.2783 conf=1.6935 grad_norm=9.7933 tensors_with_grad=69/72
[train] step 476: T=1567 positions=16 loss=3.0677 ce=3.0677 tv=0.4168 conf=1.4170 grad_norm=11.5431 tensors_with_grad=69/72
[train] step 477: T=533 positions=16 loss=2.2545 ce=2.2545 tv=0.5260 conf=1.8995 grad_norm=28.0517 tensors_with_grad=69/72
[train] step 478: T=1190 positions=16 loss=3.6797 ce=3.6797 tv=0.4466 conf=1.2232 grad_norm=11.9565 tensors_with_grad=69/72
[train] step 479: T=541 positions=16 loss=0.2617 ce=0.2617 tv=0.0926 conf=0.1824 grad_norm=5.5291 tensors_with_grad=69/72
[train] step 480: T=1679 positions=16 loss=3.5942 ce=3.5942 tv=0.4938 conf=3.2074 grad_norm=19.3528 tensors_with_grad=69/72
[train] step 481: T=526 positions=16 loss=1.7830 ce=1.7830 tv=0.4529 conf=2.6280 grad_norm=12.3651 tensors_with_grad=69/72
[train] step 482: T=636 positions=16 loss=1.5909 ce=1.5909 tv=0.4359 conf=2.0183 grad_norm=17.8569 tensors_with_grad=69/72
[train] step 483: T=545 positions=16 loss=1.6243 ce=1.6243 tv=0.3149 conf=0.5745 grad_norm=16.8944 tensors_with_grad=69/72
[train] step 484: T=531 positions=16 loss=1.2220 ce=1.2220 tv=0.2866 conf=1.3691 grad_norm=10.8948 tensors_with_grad=69/72
[train] step 485: T=528 positions=16 loss=0.7154 ce=0.7154 tv=0.2305 conf=1.5032 grad_norm=13.3170 tensors_with_grad=69/72
[train] step 486: T=605 positions=16 loss=2.3656 ce=2.3656 tv=0.3756 conf=1.3896 grad_norm=19.4163 tensors_with_grad=69/72
[train] step 487: T=527 positions=16 loss=1.2073 ce=1.2073 tv=0.1917 conf=1.3071 grad_norm=10.4970 tensors_with_grad=69/72
[train] step 488: T=545 positions=16 loss=0.5201 ce=0.5201 tv=0.1215 conf=0.6241 grad_norm=5.0215 tensors_with_grad=69/72
[train] step 489: T=595 positions=16 loss=1.6549 ce=1.6549 tv=0.3871 conf=1.6519 grad_norm=13.8761 tensors_with_grad=69/72
[train] step 490: T=525 positions=16 loss=1.7044 ce=1.7044 tv=0.4145 conf=0.8499 grad_norm=17.9642 tensors_with_grad=69/72
[diag] draft-argmax == TARGET-argmax : 61.6%  | == ground-truth token: 61.7%
[diag] mean top-1 prob  target 0.842  draft 0.719   (TV near 1 with a PEAKED draft => misalignment; with a FLAT draft => genuine)
[train] saved 72 trained tensors -> /cap/s3recap-ce1.0/c0/trained/mtp_trained.safetensors
[train] saved AdamW state -> /cap/s3recap-ce1.0/c0/trained/opt_state.pt (needed for --resume to be equivalent to one continuous run)
[train] metrics -> /cap/s3recap-ce1.0/c0/train_metrics.json  (loss 3.7850 -> 1.7044, tail mean 1.7540)
[train] TRAIN OK
