[train] device=cuda torch=2.10.0
  loading model-00046-of-00048.safetensors ...
  loading model-00047-of-00048.safetensors ...
  loading model-00048-of-00048.safetensors ...
  dequantised 1512 tensors, 12.60 B params, 23.5 GiB bf16
[train] weights ready in 10.9s
[train] trainable 517.3 M in 72 tensors | frozen experts 12.08 B
[train] capture: 491 sample(s)
[Gloo] Rank 0 is connected to 0 peer ranks. Expected number of connected peer ranks is : 0
[train] ModelArgs: n_mtp=3 block=5 taps=[40, 41, 42] markov_rank=256
[train] built 3 DSparkBlock(s) on meta
[train] re-materialised freqs_cis on 3 attention module(s) (persistent=False buffers are NOT in state_dict and to_empty() zapped them)
[train] load_state_dict: 0 missing, 0 unexpected
[train] GATE1 model construction OK
[train] aux: embed.weight(129280, 4096), head.weight(129280, 4096)
[train] trainable tensors in graph: 72 / 517.3 M
[train] resumed 72/72 trained tensors from /cap/s3recap-p25b-p2-b0.3/c0/trained/mtp_trained.safetensors
[train] resumed AdamW state: 69/72 tensors carry moments (3 never received a gradient, expected), indices aligned
[train] P2.5 anchor: frozen copy of 3 block(s), beta=0.3
[train] lr schedule: linear warmup 73 step(s) -> cosine over 1472 session step(s), peak 5e-05; this chunk is steps 491..981
/work/train/train_head.py:115: UserWarning: Converting a tensor with requires_grad=True to a scalar may lead to unexpected behavior.
Consider using tensor.detach() first. (Triggered internally at /opt/pytorch/torch/csrc/autograd/generated/python_variable_methods.cpp:836.)
  parts = {"ce": float((w * ce).sum()), "tv": float((w * tv).sum()), "conf": 0.0}
[train] step 0: T=675 positions=16 loss=0.8051 ce=1.7046 tv=0.4275 conf=0.8090 grad_norm=4.4513 tensors_with_grad=69/72
[train] step 1: T=593 positions=16 loss=0.3612 ce=1.0075 tv=0.2101 conf=0.4948 grad_norm=5.7690 tensors_with_grad=69/72
[train] step 2: T=984 positions=16 loss=1.4144 ce=3.3735 tv=0.4119 conf=0.7855 grad_norm=4.1554 tensors_with_grad=69/72
[train] step 3: T=672 positions=16 loss=0.5335 ce=1.5024 tv=0.3156 conf=1.0412 grad_norm=2.0878 tensors_with_grad=69/72
[train] step 4: T=675 positions=16 loss=0.7894 ce=1.7964 tv=0.3545 conf=1.0598 grad_norm=5.3949 tensors_with_grad=69/72
[train] step 5: T=1257 positions=16 loss=1.6298 ce=4.0730 tv=0.4833 conf=0.6580 grad_norm=4.4400 tensors_with_grad=69/72
[train] step 6: T=673 positions=16 loss=1.2031 ce=2.9234 tv=0.5638 conf=1.0653 grad_norm=4.7234 tensors_with_grad=69/72
[train] step 7: T=535 positions=16 loss=0.3750 ce=1.0430 tv=0.2494 conf=0.4735 grad_norm=3.9249 tensors_with_grad=69/72
[train] step 8: T=608 positions=16 loss=0.7272 ce=1.8591 tv=0.4144 conf=1.1376 grad_norm=2.9775 tensors_with_grad=69/72
[train] step 9: T=524 positions=16 loss=1.7796 ce=3.5172 tv=0.6562 conf=0.7754 grad_norm=7.2312 tensors_with_grad=69/72
[train] step 10: T=629 positions=16 loss=0.5804 ce=1.4819 tv=0.3712 conf=1.0327 grad_norm=3.6864 tensors_with_grad=69/72
[train] step 11: T=533 positions=16 loss=0.6869 ce=1.6749 tv=0.4217 conf=1.1041 grad_norm=9.7726 tensors_with_grad=69/72
[train] step 12: T=524 positions=16 loss=1.1321 ce=2.8144 tv=0.5749 conf=1.1757 grad_norm=6.2261 tensors_with_grad=69/72
[train] step 13: T=672 positions=16 loss=0.9502 ce=2.4857 tv=0.5042 conf=0.8000 grad_norm=3.8107 tensors_with_grad=69/72
[train] step 14: T=597 positions=16 loss=0.4520 ce=1.3052 tv=0.2795 conf=1.2582 grad_norm=3.0343 tensors_with_grad=69/72
[train] step 15: T=605 positions=16 loss=0.7542 ce=1.8106 tv=0.4625 conf=1.3210 grad_norm=4.2188 tensors_with_grad=69/72
[train] step 16: T=672 positions=16 loss=1.3155 ce=3.3925 tv=0.5618 conf=1.5042 grad_norm=4.1694 tensors_with_grad=69/72
[train] step 17: T=524 positions=16 loss=0.9699 ce=2.6294 tv=0.5144 conf=1.5598 grad_norm=4.2074 tensors_with_grad=69/72
[train] step 18: T=533 positions=16 loss=0.3042 ce=0.8311 tv=0.1979 conf=0.6799 grad_norm=2.9913 tensors_with_grad=69/72
[train] step 19: T=609 positions=16 loss=0.6972 ce=1.6831 tv=0.4086 conf=1.0255 grad_norm=2.5189 tensors_with_grad=69/72
[train] step 20: T=622 positions=16 loss=0.9092 ce=2.1549 tv=0.4378 conf=1.3103 grad_norm=3.3270 tensors_with_grad=69/72
[train] step 21: T=932 positions=16 loss=1.1580 ce=2.5623 tv=0.4562 conf=0.9114 grad_norm=5.2718 tensors_with_grad=69/72
[train] step 22: T=529 positions=16 loss=1.1802 ce=2.8789 tv=0.4358 conf=1.0665 grad_norm=3.9370 tensors_with_grad=69/72
[train] step 23: T=677 positions=16 loss=1.0714 ce=3.0387 tv=0.5112 conf=1.5935 grad_norm=3.8613 tensors_with_grad=69/72
[train] step 24: T=1210 positions=16 loss=1.6050 ce=4.5415 tv=0.4900 conf=1.0170 grad_norm=4.3469 tensors_with_grad=69/72
[train] step 25: T=533 positions=16 loss=0.3870 ce=1.0776 tv=0.2015 conf=0.8525 grad_norm=2.3431 tensors_with_grad=69/72
[train] step 26: T=618 positions=16 loss=0.5726 ce=2.0103 tv=0.3658 conf=1.2989 grad_norm=5.0462 tensors_with_grad=69/72
[train] step 27: T=530 positions=16 loss=0.7954 ce=2.1481 tv=0.3986 conf=0.9208 grad_norm=4.1519 tensors_with_grad=69/72
[train] step 28: T=527 positions=16 loss=0.7220 ce=1.9243 tv=0.4406 conf=1.4155 grad_norm=3.2018 tensors_with_grad=69/72
[train] step 29: T=924 positions=16 loss=1.0405 ce=2.7141 tv=0.4462 conf=1.6337 grad_norm=4.1830 tensors_with_grad=69/72
[train] step 30: T=550 positions=16 loss=1.0648 ce=2.8311 tv=0.5276 conf=1.5967 grad_norm=4.8673 tensors_with_grad=69/72
[train] step 31: T=653 positions=16 loss=1.2502 ce=3.4057 tv=0.5271 conf=1.9314 grad_norm=4.3492 tensors_with_grad=69/72
[train] step 32: T=659 positions=16 loss=0.8816 ce=2.2569 tv=0.4056 conf=0.5325 grad_norm=3.5919 tensors_with_grad=69/72
[train] step 33: T=535 positions=16 loss=0.4305 ce=1.3392 tv=0.2529 conf=1.1489 grad_norm=2.7585 tensors_with_grad=69/72
[train] step 34: T=675 positions=16 loss=0.9059 ce=2.3828 tv=0.5101 conf=1.2679 grad_norm=3.2264 tensors_with_grad=69/72
[train] step 35: T=624 positions=16 loss=0.3684 ce=1.2976 tv=0.2909 conf=1.9745 grad_norm=2.5177 tensors_with_grad=69/72
[train] step 36: T=634 positions=16 loss=0.8149 ce=2.4664 tv=0.4454 conf=0.9046 grad_norm=4.8789 tensors_with_grad=69/72
[train] step 37: T=547 positions=16 loss=0.7517 ce=1.9667 tv=0.4060 conf=1.3391 grad_norm=5.2098 tensors_with_grad=69/72
[train] step 38: T=536 positions=16 loss=0.7798 ce=1.9362 tv=0.3610 conf=1.7036 grad_norm=3.1517 tensors_with_grad=69/72
[train] step 39: T=672 positions=16 loss=0.2782 ce=0.8169 tv=0.2042 conf=0.7746 grad_norm=2.6723 tensors_with_grad=69/72
[train] step 40: T=673 positions=16 loss=0.3942 ce=1.4763 tv=0.2889 conf=1.2589 grad_norm=3.9393 tensors_with_grad=69/72
[train] step 41: T=574 positions=16 loss=1.2284 ce=3.2788 tv=0.5321 conf=1.0414 grad_norm=7.2809 tensors_with_grad=69/72
[train] step 42: T=673 positions=16 loss=0.9315 ce=2.1305 tv=0.4944 conf=1.6446 grad_norm=5.0421 tensors_with_grad=69/72
[train] step 43: T=1093 positions=16 loss=1.3167 ce=3.3616 tv=0.4894 conf=1.1738 grad_norm=6.2844 tensors_with_grad=69/72
[train] step 44: T=572 positions=16 loss=1.1879 ce=3.1723 tv=0.5138 conf=1.6090 grad_norm=4.6298 tensors_with_grad=69/72
[train] step 45: T=607 positions=16 loss=0.9415 ce=2.4757 tv=0.4099 conf=0.7192 grad_norm=9.2298 tensors_with_grad=69/72
[train] step 46: T=604 positions=16 loss=0.3931 ce=1.0804 tv=0.2911 conf=1.3094 grad_norm=5.2738 tensors_with_grad=69/72
[train] step 47: T=674 positions=16 loss=0.7191 ce=2.2087 tv=0.3291 conf=1.1887 grad_norm=2.6633 tensors_with_grad=69/72
[train] step 48: T=529 positions=16 loss=0.7798 ce=2.0690 tv=0.4406 conf=2.1194 grad_norm=4.2151 tensors_with_grad=69/72
[train] step 49: T=674 positions=16 loss=0.3435 ce=1.1249 tv=0.2391 conf=1.0652 grad_norm=2.7325 tensors_with_grad=69/72
[train] step 50: T=983 positions=16 loss=1.2320 ce=2.9914 tv=0.3895 conf=0.8107 grad_norm=3.7024 tensors_with_grad=69/72
[train] step 51: T=531 positions=16 loss=0.2292 ce=1.0763 tv=0.2174 conf=1.2168 grad_norm=2.1832 tensors_with_grad=69/72
[train] step 52: T=643 positions=16 loss=1.2249 ce=2.7801 tv=0.5328 conf=1.3313 grad_norm=6.6444 tensors_with_grad=69/72
[train] step 53: T=672 positions=16 loss=0.7682 ce=2.0341 tv=0.3527 conf=1.2473 grad_norm=5.3571 tensors_with_grad=69/72
[train] step 54: T=577 positions=16 loss=0.3896 ce=1.5194 tv=0.3058 conf=0.8087 grad_norm=3.4280 tensors_with_grad=69/72
[train] step 55: T=540 positions=16 loss=0.3535 ce=1.0715 tv=0.2678 conf=0.9583 grad_norm=4.5429 tensors_with_grad=69/72
[train] step 56: T=1793 positions=16 loss=1.4292 ce=3.4686 tv=0.5074 conf=1.5018 grad_norm=4.4685 tensors_with_grad=69/72
[train] step 57: T=1349 positions=16 loss=1.2831 ce=3.4117 tv=0.5348 conf=1.1830 grad_norm=7.2512 tensors_with_grad=69/72
[train] step 58: T=658 positions=16 loss=1.0280 ce=2.5845 tv=0.4865 conf=1.0612 grad_norm=5.5885 tensors_with_grad=69/72
[train] step 59: T=537 positions=16 loss=1.0407 ce=3.2288 tv=0.4687 conf=1.4025 grad_norm=3.8125 tensors_with_grad=69/72
[train] step 60: T=532 positions=16 loss=0.4947 ce=1.3525 tv=0.3345 conf=0.9898 grad_norm=3.4331 tensors_with_grad=69/72
[train] step 61: T=591 positions=16 loss=0.6793 ce=1.7859 tv=0.2940 conf=0.5925 grad_norm=2.7474 tensors_with_grad=69/72
[train] step 62: T=525 positions=16 loss=1.1155 ce=2.8257 tv=0.4704 conf=0.7642 grad_norm=5.7414 tensors_with_grad=69/72
[train] step 63: T=526 positions=16 loss=0.4490 ce=1.2107 tv=0.3172 conf=0.7265 grad_norm=3.1706 tensors_with_grad=69/72
[train] step 64: T=588 positions=16 loss=0.2102 ce=0.8597 tv=0.1751 conf=0.5896 grad_norm=2.7522 tensors_with_grad=69/72
[train] step 65: T=605 positions=16 loss=0.4344 ce=1.5015 tv=0.1670 conf=0.4812 grad_norm=6.1871 tensors_with_grad=69/72
[train] step 66: T=532 positions=16 loss=0.5211 ce=0.9853 tv=0.2627 conf=0.8562 grad_norm=2.8999 tensors_with_grad=69/72
[train] step 67: T=980 positions=16 loss=1.3941 ce=3.0357 tv=0.5166 conf=1.1435 grad_norm=5.0909 tensors_with_grad=69/72
[train] step 68: T=533 positions=16 loss=1.3851 ce=3.2991 tv=0.5408 conf=0.6348 grad_norm=6.5528 tensors_with_grad=69/72
[train] step 69: T=563 positions=16 loss=0.3810 ce=1.0041 tv=0.2002 conf=0.4631 grad_norm=2.6221 tensors_with_grad=69/72
[train] step 70: T=532 positions=16 loss=0.5504 ce=1.4176 tv=0.2799 conf=0.9698 grad_norm=3.9144 tensors_with_grad=69/72
[train] step 71: T=584 positions=16 loss=0.8218 ce=2.0858 tv=0.4111 conf=1.4155 grad_norm=3.8528 tensors_with_grad=69/72
[train] step 72: T=534 positions=16 loss=0.7867 ce=2.4513 tv=0.2904 conf=0.6315 grad_norm=4.3296 tensors_with_grad=69/72
[train] step 73: T=528 positions=16 loss=0.8606 ce=2.2119 tv=0.4898 conf=1.2850 grad_norm=6.3030 tensors_with_grad=69/72
[train] step 74: T=539 positions=16 loss=0.3107 ce=0.9736 tv=0.1874 conf=0.6896 grad_norm=2.5885 tensors_with_grad=69/72
[train] step 75: T=650 positions=16 loss=0.1925 ce=0.8476 tv=0.1250 conf=0.8160 grad_norm=1.3975 tensors_with_grad=69/72
[train] step 76: T=550 positions=16 loss=0.5580 ce=1.5263 tv=0.3342 conf=1.2478 grad_norm=2.8108 tensors_with_grad=69/72
[train] step 77: T=676 positions=16 loss=0.7351 ce=2.0483 tv=0.4097 conf=1.6655 grad_norm=5.6746 tensors_with_grad=69/72
[train] step 78: T=676 positions=16 loss=0.9705 ce=2.2770 tv=0.4124 conf=0.9512 grad_norm=3.9148 tensors_with_grad=69/72
[train] step 79: T=530 positions=16 loss=1.1559 ce=2.8027 tv=0.4922 conf=0.8584 grad_norm=5.9701 tensors_with_grad=69/72
[train] step 80: T=576 positions=16 loss=1.4682 ce=3.0606 tv=0.5613 conf=1.4081 grad_norm=4.8518 tensors_with_grad=69/72
[train] step 81: T=598 positions=16 loss=0.5117 ce=1.9730 tv=0.3758 conf=1.5451 grad_norm=4.5449 tensors_with_grad=69/72
[train] step 82: T=531 positions=16 loss=0.3646 ce=1.0158 tv=0.2707 conf=1.4639 grad_norm=2.5649 tensors_with_grad=69/72
[train] step 83: T=1060 positions=16 loss=1.4400 ce=3.4445 tv=0.4672 conf=1.1069 grad_norm=5.5794 tensors_with_grad=69/72
[train] step 84: T=563 positions=16 loss=0.6614 ce=1.5860 tv=0.3620 conf=1.1939 grad_norm=6.7778 tensors_with_grad=69/72
[train] step 85: T=644 positions=16 loss=0.1613 ce=0.4887 tv=0.1105 conf=0.4128 grad_norm=0.9188 tensors_with_grad=69/72
[train] step 86: T=621 positions=16 loss=0.2299 ce=0.9074 tv=0.1870 conf=0.8586 grad_norm=2.5406 tensors_with_grad=69/72
[train] step 87: T=641 positions=16 loss=0.6689 ce=1.7408 tv=0.2992 conf=1.1557 grad_norm=4.3168 tensors_with_grad=69/72
[train] step 88: T=528 positions=16 loss=0.3790 ce=0.8233 tv=0.1124 conf=0.7184 grad_norm=2.8386 tensors_with_grad=69/72
[train] step 89: T=602 positions=16 loss=0.9806 ce=1.9740 tv=0.4014 conf=0.7416 grad_norm=5.0365 tensors_with_grad=69/72
[train] step 90: T=538 positions=16 loss=0.9123 ce=2.8848 tv=0.4215 conf=0.8309 grad_norm=8.5262 tensors_with_grad=69/72
[train] step 91: T=538 positions=16 loss=0.1377 ce=0.2592 tv=0.0952 conf=0.6238 grad_norm=3.5750 tensors_with_grad=69/72
[train] step 92: T=542 positions=16 loss=0.1765 ce=0.5339 tv=0.2094 conf=0.7984 grad_norm=1.8592 tensors_with_grad=69/72
[train] step 93: T=673 positions=16 loss=0.8990 ce=2.2579 tv=0.4678 conf=1.5876 grad_norm=6.4952 tensors_with_grad=69/72
[train] step 94: T=597 positions=16 loss=0.6133 ce=1.9890 tv=0.3228 conf=1.0184 grad_norm=3.0356 tensors_with_grad=69/72
[train] step 95: T=537 positions=16 loss=0.5070 ce=1.0172 tv=0.2729 conf=0.8420 grad_norm=5.5269 tensors_with_grad=69/72
[train] step 96: T=533 positions=16 loss=0.0831 ce=0.3163 tv=0.0913 conf=0.3973 grad_norm=1.8518 tensors_with_grad=69/72
[train] step 97: T=674 positions=16 loss=0.7914 ce=1.8884 tv=0.4015 conf=1.5956 grad_norm=4.1453 tensors_with_grad=69/72
[train] step 98: T=550 positions=16 loss=0.1018 ce=0.3577 tv=0.1401 conf=1.0236 grad_norm=1.4705 tensors_with_grad=69/72
[train] step 99: T=621 positions=16 loss=0.6301 ce=1.3344 tv=0.2384 conf=0.6349 grad_norm=4.8451 tensors_with_grad=69/72
[train] step 100: T=535 positions=16 loss=0.9362 ce=2.0043 tv=0.4556 conf=0.7412 grad_norm=3.2035 tensors_with_grad=69/72
[train] step 101: T=526 positions=16 loss=0.9279 ce=2.6037 tv=0.3311 conf=0.6077 grad_norm=6.2315 tensors_with_grad=69/72
[train] step 102: T=987 positions=16 loss=1.1065 ce=2.7562 tv=0.4142 conf=1.2642 grad_norm=3.2343 tensors_with_grad=69/72
[train] step 103: T=673 positions=16 loss=1.2050 ce=2.5583 tv=0.5683 conf=1.1850 grad_norm=3.5565 tensors_with_grad=69/72
[train] step 104: T=532 positions=16 loss=0.9210 ce=2.4853 tv=0.3934 conf=1.3098 grad_norm=3.7720 tensors_with_grad=69/72
[train] step 105: T=675 positions=16 loss=1.0092 ce=2.6949 tv=0.4137 conf=0.8960 grad_norm=5.8748 tensors_with_grad=69/72
[train] step 106: T=553 positions=16 loss=0.6224 ce=1.5659 tv=0.3124 conf=1.7703 grad_norm=3.2312 tensors_with_grad=69/72
[train] step 107: T=673 positions=16 loss=1.1213 ce=3.3409 tv=0.4551 conf=1.1670 grad_norm=7.0578 tensors_with_grad=69/72
[train] step 108: T=526 positions=16 loss=0.5798 ce=1.3924 tv=0.3880 conf=0.8412 grad_norm=4.5524 tensors_with_grad=69/72
[train] step 109: T=533 positions=16 loss=0.6189 ce=1.6587 tv=0.2954 conf=0.8040 grad_norm=3.6930 tensors_with_grad=69/72
[train] step 110: T=1795 positions=16 loss=1.5631 ce=3.5629 tv=0.5026 conf=1.6642 grad_norm=4.9623 tensors_with_grad=69/72
[train] step 111: T=536 positions=16 loss=0.3420 ce=0.7642 tv=0.1924 conf=0.6421 grad_norm=2.4892 tensors_with_grad=69/72
[train] step 112: T=676 positions=16 loss=1.0242 ce=2.4100 tv=0.4615 conf=0.9232 grad_norm=6.4635 tensors_with_grad=69/72
[train] step 113: T=586 positions=16 loss=0.2646 ce=0.7938 tv=0.1745 conf=0.9028 grad_norm=2.8567 tensors_with_grad=69/72
[train] step 114: T=553 positions=16 loss=0.8050 ce=1.8362 tv=0.3520 conf=1.0405 grad_norm=4.7949 tensors_with_grad=69/72
[train] step 115: T=614 positions=16 loss=0.3421 ce=0.8240 tv=0.1919 conf=0.6733 grad_norm=4.4109 tensors_with_grad=69/72
[train] step 116: T=530 positions=16 loss=0.4174 ce=1.1377 tv=0.2847 conf=1.7992 grad_norm=4.1292 tensors_with_grad=69/72
[train] step 117: T=597 positions=16 loss=0.0532 ce=0.1511 tv=0.1164 conf=0.9681 grad_norm=1.8766 tensors_with_grad=69/72
[train] step 118: T=628 positions=16 loss=0.5102 ce=1.4403 tv=0.3017 conf=1.5260 grad_norm=3.4805 tensors_with_grad=69/72
[train] step 119: T=672 positions=16 loss=1.6165 ce=3.3717 tv=0.6006 conf=1.2286 grad_norm=7.6359 tensors_with_grad=69/72
[train] step 120: T=672 positions=16 loss=1.6462 ce=3.3870 tv=0.5544 conf=1.6513 grad_norm=5.3215 tensors_with_grad=69/72
[train] step 121: T=593 positions=16 loss=0.2524 ce=0.6008 tv=0.1353 conf=1.5953 grad_norm=2.7836 tensors_with_grad=69/72
[train] step 122: T=576 positions=16 loss=1.1456 ce=2.7109 tv=0.4755 conf=1.4293 grad_norm=6.2430 tensors_with_grad=69/72
[train] step 123: T=669 positions=16 loss=0.4066 ce=0.8751 tv=0.1938 conf=1.0014 grad_norm=3.6107 tensors_with_grad=69/72
[train] step 124: T=530 positions=16 loss=1.4707 ce=3.0051 tv=0.5943 conf=1.7831 grad_norm=6.1619 tensors_with_grad=69/72
