[train] device=cuda torch=2.10.0
  loading model-00046-of-00048.safetensors ...
  loading model-00047-of-00048.safetensors ...
  loading model-00048-of-00048.safetensors ...
  dequantised 1512 tensors, 12.60 B params, 23.5 GiB bf16
[train] weights ready in 8.6s
[train] trainable 517.3 M in 72 tensors | frozen experts 12.08 B
[train] capture: 491 sample(s)
[Gloo] Rank 0 is connected to 0 peer ranks. Expected number of connected peer ranks is : 0
[train] ModelArgs: n_mtp=3 block=5 taps=[40, 41, 42] markov_rank=256
[train] built 3 DSparkBlock(s) on meta
[train] re-materialised freqs_cis on 3 attention module(s) (persistent=False buffers are NOT in state_dict and to_empty() zapped them)
[train] load_state_dict: 0 missing, 0 unexpected
[train] GATE1 model construction OK
[train] aux: embed.weight(129280, 4096), head.weight(129280, 4096)
[train] trainable tensors in graph: 72 / 517.3 M
[train] P2.5 anchor: frozen copy of 3 block(s), beta=0.1
[train] lr schedule: linear warmup 73 step(s) -> cosine over 1472 session step(s), peak 5e-05; this chunk is steps 0..490
/work/train/train_head.py:115: UserWarning: Converting a tensor with requires_grad=True to a scalar may lead to unexpected behavior.
Consider using tensor.detach() first. (Triggered internally at /opt/pytorch/torch/csrc/autograd/generated/python_variable_methods.cpp:836.)
  parts = {"ce": float((w * ce).sum()), "tv": float((w * tv).sum()), "conf": 0.0}
[train] step 0: T=541 positions=16 loss=1.6274 ce=3.7850 tv=0.5689 conf=0.8762 grad_norm=10.2535 tensors_with_grad=69/72
[train] step 1: T=645 positions=16 loss=2.2238 ce=4.7431 tv=0.7353 conf=0.5140 grad_norm=12.1082 tensors_with_grad=69/72
[train] step 2: T=527 positions=16 loss=1.0082 ce=4.7835 tv=0.5005 conf=0.6819 grad_norm=7.1588 tensors_with_grad=69/72
[train] step 3: T=848 positions=16 loss=0.9873 ce=3.7373 tv=0.4814 conf=0.4769 grad_norm=9.7785 tensors_with_grad=69/72
[train] step 4: T=675 positions=16 loss=1.2924 ce=4.8016 tv=0.4064 conf=0.8172 grad_norm=6.7742 tensors_with_grad=69/72
[train] step 5: T=536 positions=16 loss=0.7807 ce=3.0930 tv=0.2434 conf=0.4557 grad_norm=5.7068 tensors_with_grad=69/72
[train] step 6: T=619 positions=16 loss=0.5528 ce=1.9300 tv=0.1567 conf=0.4600 grad_norm=4.8279 tensors_with_grad=69/72
[train] step 7: T=632 positions=16 loss=1.7987 ce=3.9498 tv=0.7083 conf=0.5551 grad_norm=9.4025 tensors_with_grad=69/72
[train] step 8: T=529 positions=16 loss=0.7622 ce=2.2138 tv=0.4665 conf=0.6929 grad_norm=9.1199 tensors_with_grad=69/72
[train] step 9: T=530 positions=16 loss=0.7577 ce=2.0668 tv=0.4015 conf=0.5816 grad_norm=6.4294 tensors_with_grad=69/72
[train] step 10: T=660 positions=16 loss=1.8313 ce=4.6880 tv=0.7222 conf=0.4665 grad_norm=8.6587 tensors_with_grad=69/72
[train] step 11: T=1056 positions=16 loss=1.7409 ce=5.0415 tv=0.5769 conf=0.6219 grad_norm=7.8913 tensors_with_grad=69/72
[train] step 12: T=537 positions=16 loss=0.5078 ce=1.8581 tv=0.3080 conf=0.7118 grad_norm=3.5497 tensors_with_grad=69/72
[train] step 13: T=539 positions=16 loss=1.2455 ce=3.1944 tv=0.5769 conf=0.8381 grad_norm=10.3103 tensors_with_grad=69/72
[train] step 14: T=627 positions=16 loss=0.6708 ce=2.1697 tv=0.2240 conf=0.4501 grad_norm=5.0471 tensors_with_grad=69/72
[train] step 15: T=526 positions=16 loss=1.6292 ce=4.2832 tv=0.6709 conf=0.6401 grad_norm=8.7262 tensors_with_grad=69/72
[train] step 16: T=1697 positions=16 loss=2.1057 ce=5.5517 tv=0.7438 conf=0.5088 grad_norm=6.3172 tensors_with_grad=69/72
[train] step 17: T=608 positions=16 loss=1.1281 ce=3.6904 tv=0.5367 conf=0.7646 grad_norm=10.5318 tensors_with_grad=69/72
[train] step 18: T=541 positions=16 loss=0.4733 ce=1.7818 tv=0.2723 conf=0.5905 grad_norm=4.6287 tensors_with_grad=69/72
[train] step 19: T=528 positions=16 loss=1.6856 ce=4.2612 tv=0.6552 conf=0.4569 grad_norm=6.4170 tensors_with_grad=69/72
[train] step 20: T=531 positions=16 loss=0.8258 ce=2.5674 tv=0.4297 conf=0.5097 grad_norm=9.7451 tensors_with_grad=69/72
[train] step 21: T=531 positions=16 loss=0.7718 ce=2.1674 tv=0.4819 conf=0.7939 grad_norm=6.4238 tensors_with_grad=69/72
[train] step 22: T=536 positions=16 loss=1.5846 ce=4.9552 tv=0.6007 conf=0.8461 grad_norm=6.8850 tensors_with_grad=69/72
[train] step 23: T=571 positions=16 loss=1.6659 ce=4.5561 tv=0.6805 conf=0.6818 grad_norm=13.3229 tensors_with_grad=69/72
[train] step 24: T=524 positions=16 loss=0.7396 ce=2.2821 tv=0.2271 conf=0.3214 grad_norm=4.0582 tensors_with_grad=69/72
[train] step 25: T=675 positions=16 loss=1.8508 ce=5.0177 tv=0.6873 conf=0.4913 grad_norm=14.0211 tensors_with_grad=69/72
[train] step 26: T=615 positions=16 loss=0.5909 ce=1.9862 tv=0.3108 conf=0.5054 grad_norm=4.8566 tensors_with_grad=69/72
[train] step 27: T=677 positions=16 loss=1.0801 ce=3.1671 tv=0.5439 conf=0.7486 grad_norm=5.7585 tensors_with_grad=69/72
[train] step 28: T=537 positions=16 loss=1.5101 ce=5.2427 tv=0.5781 conf=0.7079 grad_norm=14.3603 tensors_with_grad=69/72
[train] step 29: T=652 positions=16 loss=1.7049 ce=4.3743 tv=0.7109 conf=0.4994 grad_norm=7.2245 tensors_with_grad=69/72
[train] step 30: T=553 positions=16 loss=0.4966 ce=1.4364 tv=0.3150 conf=0.4661 grad_norm=2.7995 tensors_with_grad=69/72
[train] step 31: T=528 positions=16 loss=0.5181 ce=1.5224 tv=0.3756 conf=0.5122 grad_norm=4.7663 tensors_with_grad=69/72
[train] step 32: T=591 positions=16 loss=0.4645 ce=2.3755 tv=0.2576 conf=0.9004 grad_norm=2.4918 tensors_with_grad=69/72
[train] step 33: T=528 positions=16 loss=0.2503 ce=0.5641 tv=0.2124 conf=0.3839 grad_norm=12.7258 tensors_with_grad=69/72
[train] step 34: T=539 positions=16 loss=0.4999 ce=1.8056 tv=0.2071 conf=0.6645 grad_norm=7.3540 tensors_with_grad=69/72
[train] step 35: T=608 positions=16 loss=0.6996 ce=3.1153 tv=0.3766 conf=0.7463 grad_norm=6.5895 tensors_with_grad=69/72
[train] step 36: T=538 positions=16 loss=0.8043 ce=1.9457 tv=0.4319 conf=0.5142 grad_norm=6.8357 tensors_with_grad=69/72
[train] step 37: T=542 positions=16 loss=1.0720 ce=2.5511 tv=0.5275 conf=0.6164 grad_norm=8.6523 tensors_with_grad=69/72
[train] step 38: T=672 positions=16 loss=2.1231 ce=5.6253 tv=0.7515 conf=0.5661 grad_norm=6.4048 tensors_with_grad=69/72
[train] step 39: T=672 positions=16 loss=0.8859 ce=2.5184 tv=0.3235 conf=0.3199 grad_norm=10.3209 tensors_with_grad=69/72
[train] step 40: T=823 positions=16 loss=2.2868 ce=6.7315 tv=0.6143 conf=0.6757 grad_norm=14.4236 tensors_with_grad=69/72
[train] step 41: T=542 positions=16 loss=1.0212 ce=4.8572 tv=0.5123 conf=0.8991 grad_norm=11.2878 tensors_with_grad=69/72
[train] step 42: T=528 positions=16 loss=2.3792 ce=8.1323 tv=0.7052 conf=0.7810 grad_norm=14.3852 tensors_with_grad=69/72
[train] step 43: T=892 positions=16 loss=1.4616 ce=4.2780 tv=0.3988 conf=0.6151 grad_norm=5.6913 tensors_with_grad=69/72
[train] step 44: T=641 positions=16 loss=1.8177 ce=4.5621 tv=0.7173 conf=0.5603 grad_norm=5.5660 tensors_with_grad=69/72
[train] step 45: T=527 positions=16 loss=0.9693 ce=2.9778 tv=0.4107 conf=0.7401 grad_norm=4.7749 tensors_with_grad=69/72
[train] step 46: T=527 positions=16 loss=1.0069 ce=3.3542 tv=0.3389 conf=0.8150 grad_norm=8.2455 tensors_with_grad=69/72
[train] step 47: T=989 positions=16 loss=2.1223 ce=6.1885 tv=0.5582 conf=0.6227 grad_norm=10.2699 tensors_with_grad=69/72
[train] step 48: T=611 positions=16 loss=1.2809 ce=4.6866 tv=0.5680 conf=0.8899 grad_norm=8.8117 tensors_with_grad=69/72
[train] step 49: T=558 positions=16 loss=1.0638 ce=4.2628 tv=0.4947 conf=0.9157 grad_norm=6.1336 tensors_with_grad=69/72
[train] step 50: T=542 positions=16 loss=0.6319 ce=2.8726 tv=0.2003 conf=0.3791 grad_norm=4.3362 tensors_with_grad=69/72
[train] step 51: T=527 positions=16 loss=1.0323 ce=3.6468 tv=0.4351 conf=0.9673 grad_norm=5.2517 tensors_with_grad=69/72
[train] step 52: T=540 positions=16 loss=0.3347 ce=1.4757 tv=0.1761 conf=0.5141 grad_norm=2.7613 tensors_with_grad=69/72
[train] step 53: T=673 positions=16 loss=1.5866 ce=4.0672 tv=0.6820 conf=0.6181 grad_norm=7.3760 tensors_with_grad=69/72
[train] step 54: T=613 positions=16 loss=1.2853 ce=3.1665 tv=0.5947 conf=0.5970 grad_norm=13.6654 tensors_with_grad=69/72
[train] step 55: T=608 positions=16 loss=1.2072 ce=3.4907 tv=0.5514 conf=0.7213 grad_norm=6.3349 tensors_with_grad=69/72
[train] step 56: T=535 positions=16 loss=0.4845 ce=1.5636 tv=0.3646 conf=0.5626 grad_norm=6.2780 tensors_with_grad=69/72
[train] step 57: T=531 positions=16 loss=1.1311 ce=4.1771 tv=0.4787 conf=1.1973 grad_norm=10.6363 tensors_with_grad=69/72
[train] step 58: T=668 positions=16 loss=0.8121 ce=2.6647 tv=0.2748 conf=0.7358 grad_norm=4.7569 tensors_with_grad=69/72
[train] step 59: T=677 positions=16 loss=1.4058 ce=4.2757 tv=0.5668 conf=0.7834 grad_norm=6.9283 tensors_with_grad=69/72
[train] step 60: T=531 positions=16 loss=1.2177 ce=3.0200 tv=0.5692 conf=0.6432 grad_norm=8.1880 tensors_with_grad=69/72
[train] step 61: T=672 positions=16 loss=1.5839 ce=3.7034 tv=0.6419 conf=0.5845 grad_norm=17.6232 tensors_with_grad=69/72
[train] step 62: T=582 positions=16 loss=1.3320 ce=4.1115 tv=0.5864 conf=0.8801 grad_norm=25.1865 tensors_with_grad=69/72
[train] step 63: T=583 positions=16 loss=0.2608 ce=1.1544 tv=0.1854 conf=0.2921 grad_norm=5.7359 tensors_with_grad=69/72
[train] step 64: T=1047 positions=16 loss=1.9234 ce=5.3101 tv=0.5931 conf=0.7552 grad_norm=8.0533 tensors_with_grad=69/72
[train] step 65: T=673 positions=16 loss=1.8242 ce=4.5023 tv=0.6800 conf=0.5046 grad_norm=5.3121 tensors_with_grad=69/72
[train] step 66: T=600 positions=16 loss=0.9572 ce=2.8464 tv=0.4522 conf=0.6930 grad_norm=5.9858 tensors_with_grad=69/72
[train] step 67: T=672 positions=16 loss=1.5583 ce=4.0971 tv=0.5914 conf=0.5239 grad_norm=8.4400 tensors_with_grad=69/72
[train] step 68: T=622 positions=16 loss=0.2187 ce=0.7125 tv=0.1287 conf=0.3581 grad_norm=4.8674 tensors_with_grad=69/72
[train] step 69: T=531 positions=16 loss=1.3837 ce=3.5006 tv=0.6454 conf=0.5511 grad_norm=7.6727 tensors_with_grad=69/72
[train] step 70: T=531 positions=16 loss=1.0235 ce=2.8752 tv=0.3883 conf=0.4411 grad_norm=9.3369 tensors_with_grad=69/72
[train] step 71: T=527 positions=16 loss=1.9469 ce=4.6204 tv=0.7333 conf=0.5228 grad_norm=11.1255 tensors_with_grad=69/72
[train] step 72: T=542 positions=16 loss=1.1544 ce=2.5874 tv=0.5861 conf=0.6795 grad_norm=11.0337 tensors_with_grad=69/72
[train] step 73: T=527 positions=16 loss=1.4309 ce=3.6296 tv=0.6676 conf=0.5717 grad_norm=8.3309 tensors_with_grad=69/72
[train] step 74: T=629 positions=16 loss=1.3601 ce=3.9774 tv=0.5864 conf=0.6981 grad_norm=7.0519 tensors_with_grad=69/72
[train] step 75: T=646 positions=16 loss=0.8422 ce=2.5480 tv=0.4852 conf=0.6122 grad_norm=4.5161 tensors_with_grad=69/72
[train] step 76: T=527 positions=16 loss=1.3047 ce=3.4048 tv=0.6366 conf=0.7607 grad_norm=5.6772 tensors_with_grad=69/72
[train] step 77: T=581 positions=16 loss=1.3823 ce=4.2946 tv=0.6016 conf=0.6973 grad_norm=7.5001 tensors_with_grad=69/72
[train] step 78: T=528 positions=16 loss=0.7484 ce=2.1550 tv=0.3612 conf=0.5813 grad_norm=4.6254 tensors_with_grad=69/72
[train] step 79: T=534 positions=16 loss=2.1242 ce=6.5557 tv=0.7278 conf=0.9278 grad_norm=10.1686 tensors_with_grad=69/72
[train] step 80: T=532 positions=16 loss=1.5864 ce=3.9874 tv=0.6920 conf=0.5205 grad_norm=7.2977 tensors_with_grad=69/72
[train] step 81: T=533 positions=16 loss=0.9060 ce=3.2263 tv=0.4168 conf=0.5456 grad_norm=5.4862 tensors_with_grad=69/72
[train] step 82: T=527 positions=16 loss=1.2432 ce=3.9487 tv=0.6043 conf=0.7859 grad_norm=5.1102 tensors_with_grad=69/72
[train] step 83: T=580 positions=16 loss=1.1411 ce=3.9656 tv=0.5034 conf=0.9064 grad_norm=9.9251 tensors_with_grad=69/72
[train] step 84: T=1391 positions=16 loss=1.1891 ce=3.5675 tv=0.5310 conf=0.6119 grad_norm=5.6572 tensors_with_grad=69/72
[train] step 85: T=527 positions=16 loss=1.2694 ce=3.8388 tv=0.6442 conf=0.7517 grad_norm=5.3250 tensors_with_grad=69/72
[train] step 86: T=538 positions=16 loss=0.4863 ce=1.2365 tv=0.3152 conf=0.3897 grad_norm=12.6444 tensors_with_grad=69/72
[train] step 87: T=648 positions=16 loss=0.9726 ce=2.8237 tv=0.4009 conf=0.5263 grad_norm=6.4856 tensors_with_grad=69/72
[train] step 88: T=672 positions=16 loss=1.4687 ce=4.4662 tv=0.6284 conf=0.6679 grad_norm=11.0066 tensors_with_grad=69/72
[train] step 89: T=599 positions=16 loss=1.2293 ce=3.0802 tv=0.6043 conf=0.7375 grad_norm=4.1288 tensors_with_grad=69/72
[train] step 90: T=655 positions=16 loss=1.0420 ce=3.5614 tv=0.5139 conf=0.6450 grad_norm=6.8051 tensors_with_grad=69/72
[train] step 91: T=646 positions=16 loss=0.8777 ce=2.5430 tv=0.5094 conf=0.6731 grad_norm=5.9532 tensors_with_grad=69/72
[train] step 92: T=606 positions=16 loss=0.9210 ce=2.6550 tv=0.3542 conf=0.4929 grad_norm=6.7087 tensors_with_grad=69/72
[train] step 93: T=526 positions=16 loss=0.3615 ce=1.3328 tv=0.2983 conf=0.6635 grad_norm=3.1838 tensors_with_grad=69/72
[train] step 94: T=541 positions=16 loss=0.6447 ce=2.0645 tv=0.4013 conf=0.5682 grad_norm=8.6181 tensors_with_grad=69/72
[train] step 95: T=546 positions=16 loss=1.2352 ce=2.8298 tv=0.5779 conf=0.7459 grad_norm=6.1798 tensors_with_grad=69/72
[train] step 96: T=532 positions=16 loss=0.3724 ce=1.0220 tv=0.2485 conf=0.4142 grad_norm=3.8119 tensors_with_grad=69/72
[train] step 97: T=527 positions=16 loss=1.9749 ce=6.5115 tv=0.7741 conf=0.8122 grad_norm=5.3679 tensors_with_grad=69/72
[train] step 98: T=678 positions=16 loss=0.5114 ce=1.7156 tv=0.3549 conf=0.6867 grad_norm=5.4602 tensors_with_grad=69/72
[train] step 99: T=542 positions=16 loss=0.9075 ce=2.4430 tv=0.4866 conf=0.6130 grad_norm=14.1161 tensors_with_grad=69/72
[train] step 100: T=536 positions=16 loss=0.2377 ce=0.7901 tv=0.1451 conf=0.3131 grad_norm=1.7970 tensors_with_grad=69/72
[train] step 101: T=540 positions=16 loss=1.3702 ce=3.5769 tv=0.5910 conf=0.6887 grad_norm=4.3447 tensors_with_grad=69/72
[train] step 102: T=628 positions=16 loss=0.5316 ce=2.0982 tv=0.2169 conf=0.6817 grad_norm=4.0189 tensors_with_grad=69/72
[train] step 103: T=599 positions=16 loss=0.7692 ce=2.4687 tv=0.4433 conf=0.6913 grad_norm=4.7039 tensors_with_grad=69/72
[train] step 104: T=608 positions=16 loss=0.5044 ce=1.4276 tv=0.2914 conf=0.6116 grad_norm=3.0587 tensors_with_grad=69/72
[train] step 105: T=618 positions=16 loss=1.1610 ce=3.2143 tv=0.5643 conf=0.8835 grad_norm=14.9988 tensors_with_grad=69/72
[train] step 106: T=673 positions=16 loss=1.2577 ce=3.2782 tv=0.5934 conf=0.6828 grad_norm=8.3298 tensors_with_grad=69/72
[train] step 107: T=607 positions=16 loss=0.6010 ce=2.0038 tv=0.3409 conf=0.7529 grad_norm=6.9837 tensors_with_grad=69/72
[train] step 108: T=580 positions=16 loss=0.5708 ce=2.3633 tv=0.3598 conf=0.5742 grad_norm=4.4397 tensors_with_grad=69/72
[train] step 109: T=565 positions=16 loss=0.4975 ce=2.4873 tv=0.3057 conf=0.5042 grad_norm=2.6596 tensors_with_grad=69/72
[train] step 110: T=533 positions=16 loss=1.0262 ce=3.3804 tv=0.4557 conf=0.8726 grad_norm=5.0521 tensors_with_grad=69/72
[train] step 111: T=610 positions=16 loss=0.8198 ce=2.4017 tv=0.4179 conf=0.7249 grad_norm=6.0907 tensors_with_grad=69/72
[train] step 112: T=1026 positions=16 loss=0.7653 ce=1.6793 tv=0.3728 conf=0.4172 grad_norm=5.5006 tensors_with_grad=69/72
[train] step 113: T=613 positions=16 loss=0.9404 ce=2.2586 tv=0.4427 conf=0.5401 grad_norm=3.8319 tensors_with_grad=69/72
[train] step 114: T=675 positions=16 loss=0.9204 ce=2.8030 tv=0.4929 conf=0.6423 grad_norm=4.4926 tensors_with_grad=69/72
[train] step 115: T=1001 positions=16 loss=0.9734 ce=2.5333 tv=0.4446 conf=0.5793 grad_norm=9.2197 tensors_with_grad=69/72
[train] step 116: T=553 positions=16 loss=0.9963 ce=3.2790 tv=0.4585 conf=0.7473 grad_norm=7.6363 tensors_with_grad=69/72
[train] step 117: T=676 positions=16 loss=0.4081 ce=1.3308 tv=0.2040 conf=0.4099 grad_norm=4.6134 tensors_with_grad=69/72
[train] step 118: T=530 positions=16 loss=0.5030 ce=1.5830 tv=0.2731 conf=0.4492 grad_norm=3.2140 tensors_with_grad=69/72
[train] step 119: T=531 positions=16 loss=0.3533 ce=0.8780 tv=0.1734 conf=0.2161 grad_norm=2.7521 tensors_with_grad=69/72
[train] step 120: T=560 positions=16 loss=0.8257 ce=2.8555 tv=0.4958 conf=0.6552 grad_norm=7.4636 tensors_with_grad=69/72
[train] step 121: T=1390 positions=16 loss=1.8575 ce=5.6005 tv=0.6239 conf=0.5447 grad_norm=7.9913 tensors_with_grad=69/72
[train] step 122: T=536 positions=16 loss=0.6704 ce=1.9450 tv=0.3984 conf=0.5950 grad_norm=4.1130 tensors_with_grad=69/72
[train] step 123: T=622 positions=16 loss=1.2587 ce=2.9559 tv=0.5885 conf=0.5547 grad_norm=5.2991 tensors_with_grad=69/72
[train] step 124: T=557 positions=16 loss=0.9950 ce=2.3085 tv=0.4803 conf=0.6745 grad_norm=9.9766 tensors_with_grad=69/72
[train] step 125: T=563 positions=16 loss=0.8155 ce=2.1987 tv=0.4098 conf=0.5666 grad_norm=6.3066 tensors_with_grad=69/72
[train] step 126: T=653 positions=16 loss=0.6076 ce=1.6312 tv=0.3625 conf=0.5734 grad_norm=3.2234 tensors_with_grad=69/72
[train] step 127: T=554 positions=16 loss=1.1200 ce=3.0440 tv=0.5170 conf=0.6371 grad_norm=5.5367 tensors_with_grad=69/72
[train] step 128: T=672 positions=16 loss=1.2857 ce=3.8415 tv=0.4971 conf=0.7255 grad_norm=5.4919 tensors_with_grad=69/72
[train] step 129: T=609 positions=16 loss=0.4357 ce=1.4585 tv=0.2633 conf=0.5169 grad_norm=5.6919 tensors_with_grad=69/72
[train] step 130: T=571 positions=16 loss=0.8008 ce=2.0040 tv=0.4409 conf=0.6705 grad_norm=4.8326 tensors_with_grad=69/72
[train] step 131: T=561 positions=16 loss=0.4910 ce=1.4847 tv=0.3101 conf=0.5210 grad_norm=4.2056 tensors_with_grad=69/72
[train] step 132: T=531 positions=16 loss=1.4573 ce=3.4182 tv=0.6116 conf=0.4705 grad_norm=7.7547 tensors_with_grad=69/72
[train] step 133: T=591 positions=16 loss=1.0174 ce=2.5640 tv=0.3527 conf=0.6236 grad_norm=6.8552 tensors_with_grad=69/72
[train] step 134: T=560 positions=16 loss=1.0055 ce=2.5541 tv=0.4901 conf=0.5537 grad_norm=4.9662 tensors_with_grad=69/72
[train] step 135: T=626 positions=16 loss=0.5501 ce=1.7317 tv=0.3302 conf=0.7796 grad_norm=5.1570 tensors_with_grad=69/72
[train] step 136: T=1018 positions=16 loss=1.3802 ce=3.8076 tv=0.5048 conf=0.6969 grad_norm=5.7246 tensors_with_grad=69/72
[train] step 137: T=527 positions=16 loss=1.2430 ce=3.9782 tv=0.5779 conf=0.8639 grad_norm=5.9039 tensors_with_grad=69/72
[train] step 138: T=673 positions=16 loss=1.8876 ce=6.0625 tv=0.7123 conf=0.9099 grad_norm=15.0960 tensors_with_grad=69/72
[train] step 139: T=936 positions=16 loss=0.9680 ce=2.8901 tv=0.4530 conf=0.6093 grad_norm=4.6260 tensors_with_grad=69/72
[train] step 140: T=593 positions=16 loss=0.8956 ce=2.6773 tv=0.4639 conf=0.8063 grad_norm=7.7659 tensors_with_grad=69/72
[train] step 141: T=531 positions=16 loss=0.8803 ce=2.3139 tv=0.5072 conf=0.6632 grad_norm=5.4747 tensors_with_grad=69/72
[train] step 142: T=540 positions=16 loss=0.3066 ce=0.9423 tv=0.2489 conf=0.4892 grad_norm=1.8220 tensors_with_grad=69/72
[train] step 143: T=543 positions=16 loss=0.3828 ce=0.9466 tv=0.2244 conf=0.4306 grad_norm=1.2340 tensors_with_grad=69/72
[train] step 144: T=573 positions=16 loss=0.3055 ce=1.0106 tv=0.1378 conf=0.4501 grad_norm=3.1368 tensors_with_grad=69/72
[train] step 145: T=535 positions=16 loss=0.5072 ce=1.3012 tv=0.2773 conf=0.5132 grad_norm=4.5253 tensors_with_grad=69/72
[train] step 146: T=1001 positions=16 loss=1.4337 ce=4.6531 tv=0.5135 conf=0.6847 grad_norm=6.0086 tensors_with_grad=69/72
[train] step 147: T=620 positions=16 loss=0.4012 ce=1.5945 tv=0.3447 conf=0.9785 grad_norm=4.3351 tensors_with_grad=69/72
[train] step 148: T=630 positions=16 loss=0.7528 ce=1.7412 tv=0.4783 conf=0.9593 grad_norm=8.2585 tensors_with_grad=69/72
[train] step 149: T=1178 positions=16 loss=1.8785 ce=5.1973 tv=0.6107 conf=0.6051 grad_norm=7.4825 tensors_with_grad=69/72
[train] step 150: T=614 positions=16 loss=0.6120 ce=1.6235 tv=0.3868 conf=0.7409 grad_norm=4.2926 tensors_with_grad=69/72
[train] step 151: T=676 positions=16 loss=0.4609 ce=1.5082 tv=0.2323 conf=0.4641 grad_norm=3.7000 tensors_with_grad=69/72
[train] step 152: T=677 positions=16 loss=1.2417 ce=3.3887 tv=0.5161 conf=0.7281 grad_norm=10.5798 tensors_with_grad=69/72
[train] step 153: T=538 positions=16 loss=0.4738 ce=0.8695 tv=0.2385 conf=0.4754 grad_norm=3.2919 tensors_with_grad=69/72
[train] step 154: T=544 positions=16 loss=0.6142 ce=1.1218 tv=0.3216 conf=0.5961 grad_norm=6.3495 tensors_with_grad=69/72
[train] step 155: T=539 positions=16 loss=0.6426 ce=1.7032 tv=0.3227 conf=0.6107 grad_norm=4.8254 tensors_with_grad=69/72
[train] step 156: T=541 positions=16 loss=0.4792 ce=1.4537 tv=0.3842 conf=1.1794 grad_norm=5.8316 tensors_with_grad=69/72
[train] step 157: T=902 positions=16 loss=1.4239 ce=3.4361 tv=0.5443 conf=0.5856 grad_norm=7.4018 tensors_with_grad=69/72
[train] step 158: T=648 positions=16 loss=0.3024 ce=0.8409 tv=0.2178 conf=0.7530 grad_norm=3.9735 tensors_with_grad=69/72
[train] step 159: T=672 positions=16 loss=1.5476 ce=3.7943 tv=0.6072 conf=0.5907 grad_norm=7.9229 tensors_with_grad=69/72
[train] step 160: T=1629 positions=16 loss=1.6589 ce=4.0875 tv=0.5249 conf=0.4564 grad_norm=6.0006 tensors_with_grad=69/72
[train] step 161: T=594 positions=16 loss=0.4929 ce=1.8041 tv=0.2836 conf=0.5378 grad_norm=2.4856 tensors_with_grad=69/72
[train] step 162: T=672 positions=16 loss=1.3837 ce=3.4442 tv=0.6246 conf=0.7092 grad_norm=6.7590 tensors_with_grad=69/72
[train] step 163: T=538 positions=16 loss=0.6952 ce=1.9935 tv=0.3492 conf=0.8200 grad_norm=4.9495 tensors_with_grad=69/72
[train] step 164: T=563 positions=16 loss=1.0248 ce=2.9415 tv=0.4736 conf=0.6346 grad_norm=5.3621 tensors_with_grad=69/72
[train] step 165: T=555 positions=16 loss=0.5080 ce=1.1450 tv=0.2567 conf=0.4421 grad_norm=4.2960 tensors_with_grad=69/72
[train] step 166: T=539 positions=16 loss=0.5209 ce=1.6202 tv=0.2799 conf=0.6885 grad_norm=3.8672 tensors_with_grad=69/72
[train] step 167: T=528 positions=16 loss=1.3484 ce=3.2735 tv=0.6084 conf=0.7264 grad_norm=5.4698 tensors_with_grad=69/72
[train] step 168: T=568 positions=16 loss=0.4988 ce=1.1104 tv=0.2368 conf=0.3109 grad_norm=5.3397 tensors_with_grad=69/72
[train] step 169: T=638 positions=16 loss=0.4693 ce=1.0666 tv=0.1708 conf=0.5236 grad_norm=3.8342 tensors_with_grad=69/72
[train] step 170: T=541 positions=16 loss=0.2056 ce=0.6385 tv=0.1253 conf=0.5825 grad_norm=2.4559 tensors_with_grad=69/72
[train] step 171: T=546 positions=16 loss=1.2233 ce=2.8768 tv=0.5627 conf=0.6856 grad_norm=7.8192 tensors_with_grad=69/72
[train] step 172: T=960 positions=16 loss=1.2588 ce=3.1283 tv=0.5262 conf=0.5232 grad_norm=3.5732 tensors_with_grad=69/72
[train] step 173: T=645 positions=16 loss=1.1792 ce=2.7276 tv=0.5501 conf=0.5573 grad_norm=5.4224 tensors_with_grad=69/72
[train] step 174: T=595 positions=16 loss=0.9385 ce=2.1834 tv=0.4192 conf=0.7629 grad_norm=4.6389 tensors_with_grad=69/72
[train] step 175: T=535 positions=16 loss=0.5175 ce=1.5240 tv=0.3188 conf=0.6175 grad_norm=5.8321 tensors_with_grad=69/72
[train] step 176: T=672 positions=16 loss=1.4690 ce=3.1637 tv=0.6028 conf=0.5139 grad_norm=5.4856 tensors_with_grad=69/72
[train] step 177: T=526 positions=16 loss=1.8019 ce=4.8617 tv=0.7058 conf=1.0853 grad_norm=8.1738 tensors_with_grad=69/72
[train] step 178: T=588 positions=16 loss=0.6631 ce=1.9276 tv=0.2537 conf=0.4981 grad_norm=3.9150 tensors_with_grad=69/72
[train] step 179: T=634 positions=16 loss=1.5037 ce=3.7531 tv=0.5977 conf=0.6313 grad_norm=4.6147 tensors_with_grad=69/72
[train] step 180: T=608 positions=16 loss=0.4737 ce=1.1620 tv=0.2313 conf=0.5639 grad_norm=5.1253 tensors_with_grad=69/72
[train] step 181: T=675 positions=16 loss=1.3263 ce=3.0913 tv=0.5909 conf=0.8123 grad_norm=4.6631 tensors_with_grad=69/72
[train] step 182: T=667 positions=16 loss=2.5213 ce=6.7158 tv=0.6672 conf=0.7509 grad_norm=20.7007 tensors_with_grad=69/72
[train] step 183: T=576 positions=16 loss=0.6874 ce=1.8938 tv=0.2744 conf=0.4414 grad_norm=6.1007 tensors_with_grad=69/72
[train] step 184: T=534 positions=16 loss=0.8499 ce=2.5958 tv=0.3709 conf=0.8971 grad_norm=2.9994 tensors_with_grad=69/72
[train] step 185: T=543 positions=16 loss=0.7360 ce=1.9917 tv=0.3564 conf=0.5716 grad_norm=8.3830 tensors_with_grad=69/72
[train] step 186: T=524 positions=16 loss=0.9423 ce=2.4921 tv=0.5274 conf=0.6700 grad_norm=6.9803 tensors_with_grad=69/72
[train] step 187: T=674 positions=16 loss=0.7068 ce=2.1470 tv=0.4025 conf=0.7807 grad_norm=6.0524 tensors_with_grad=69/72
[train] step 188: T=542 positions=16 loss=0.6019 ce=1.2679 tv=0.3113 conf=0.4592 grad_norm=4.2165 tensors_with_grad=69/72
[train] step 189: T=672 positions=16 loss=1.0381 ce=2.6863 tv=0.4611 conf=0.8277 grad_norm=9.1092 tensors_with_grad=69/72
[train] step 190: T=528 positions=16 loss=0.8691 ce=2.1775 tv=0.3847 conf=1.0112 grad_norm=6.5128 tensors_with_grad=69/72
[train] step 191: T=542 positions=16 loss=0.4212 ce=1.4077 tv=0.2307 conf=0.4851 grad_norm=2.6410 tensors_with_grad=69/72
[train] step 192: T=584 positions=16 loss=1.3168 ce=3.0855 tv=0.5528 conf=0.7901 grad_norm=35.8783 tensors_with_grad=69/72
[train] step 193: T=650 positions=16 loss=1.2149 ce=2.9126 tv=0.5428 conf=0.5711 grad_norm=11.2718 tensors_with_grad=69/72
[train] step 194: T=1710 positions=16 loss=1.5938 ce=4.6372 tv=0.4818 conf=0.6105 grad_norm=9.2048 tensors_with_grad=69/72
[train] step 195: T=672 positions=16 loss=1.0167 ce=3.3115 tv=0.4629 conf=0.9054 grad_norm=4.4020 tensors_with_grad=69/72
[train] step 196: T=534 positions=16 loss=1.0346 ce=2.4077 tv=0.4526 conf=0.5771 grad_norm=4.8040 tensors_with_grad=69/72
[train] step 197: T=541 positions=16 loss=0.7384 ce=2.9650 tv=0.3403 conf=0.7778 grad_norm=3.2079 tensors_with_grad=69/72
[train] step 198: T=915 positions=16 loss=1.1164 ce=2.9103 tv=0.4150 conf=0.6142 grad_norm=4.4468 tensors_with_grad=69/72
[train] step 199: T=1176 positions=16 loss=1.1549 ce=2.5800 tv=0.4154 conf=0.4441 grad_norm=5.2371 tensors_with_grad=69/72
[train] step 200: T=621 positions=16 loss=1.2575 ce=2.7477 tv=0.6143 conf=0.8004 grad_norm=6.2004 tensors_with_grad=69/72
[train] step 201: T=672 positions=16 loss=1.5586 ce=3.7819 tv=0.5774 conf=0.6413 grad_norm=6.6408 tensors_with_grad=69/72
[train] step 202: T=600 positions=16 loss=0.4732 ce=1.0360 tv=0.2898 conf=0.5843 grad_norm=20.6541 tensors_with_grad=69/72
[train] step 203: T=537 positions=16 loss=0.6867 ce=1.6878 tv=0.4139 conf=0.8055 grad_norm=5.3692 tensors_with_grad=69/72
[train] step 204: T=540 positions=16 loss=1.8512 ce=4.9016 tv=0.6409 conf=0.8889 grad_norm=7.7664 tensors_with_grad=69/72
[train] step 205: T=538 positions=16 loss=0.4125 ce=0.5806 tv=0.2044 conf=0.4205 grad_norm=5.4436 tensors_with_grad=69/72
[train] step 206: T=543 positions=16 loss=0.2049 ce=0.5955 tv=0.1305 conf=0.3454 grad_norm=1.5224 tensors_with_grad=69/72
[train] step 207: T=532 positions=16 loss=0.7888 ce=2.1623 tv=0.3948 conf=0.6597 grad_norm=3.9317 tensors_with_grad=69/72
[train] step 208: T=672 positions=16 loss=0.9465 ce=2.0995 tv=0.4614 conf=0.7039 grad_norm=5.5145 tensors_with_grad=69/72
[train] step 209: T=621 positions=16 loss=0.5354 ce=2.3806 tv=0.3157 conf=0.6666 grad_norm=4.3153 tensors_with_grad=69/72
[train] step 210: T=678 positions=16 loss=0.7261 ce=2.0232 tv=0.3435 conf=1.1404 grad_norm=7.1468 tensors_with_grad=69/72
[train] step 211: T=658 positions=16 loss=0.5471 ce=1.4751 tv=0.3131 conf=0.7164 grad_norm=4.0102 tensors_with_grad=69/72
[train] step 212: T=954 positions=16 loss=1.5901 ce=4.4304 tv=0.5107 conf=0.6205 grad_norm=6.9073 tensors_with_grad=69/72
[train] step 213: T=534 positions=16 loss=0.6822 ce=1.6352 tv=0.3705 conf=0.8728 grad_norm=13.5901 tensors_with_grad=69/72
[train] step 214: T=538 positions=16 loss=0.5428 ce=1.3372 tv=0.2985 conf=0.5879 grad_norm=4.8466 tensors_with_grad=69/72
[train] step 215: T=674 positions=16 loss=1.0531 ce=2.4669 tv=0.4983 conf=0.8990 grad_norm=4.4490 tensors_with_grad=69/72
[train] step 216: T=623 positions=16 loss=1.1854 ce=2.7140 tv=0.5297 conf=0.7491 grad_norm=4.5680 tensors_with_grad=69/72
[train] step 217: T=577 positions=16 loss=0.8569 ce=2.1522 tv=0.3878 conf=0.6854 grad_norm=3.1391 tensors_with_grad=69/72
[train] step 218: T=597 positions=16 loss=0.7959 ce=2.0719 tv=0.4147 conf=0.9020 grad_norm=6.6941 tensors_with_grad=69/72
[train] step 219: T=569 positions=16 loss=1.0912 ce=2.6685 tv=0.4736 conf=0.7150 grad_norm=4.2409 tensors_with_grad=69/72
[train] step 220: T=527 positions=16 loss=0.4583 ce=1.0005 tv=0.2175 conf=0.7754 grad_norm=5.0163 tensors_with_grad=69/72
[train] step 221: T=532 positions=16 loss=0.7686 ce=2.0048 tv=0.3473 conf=0.8262 grad_norm=2.9406 tensors_with_grad=69/72
[train] step 222: T=532 positions=16 loss=2.3606 ce=6.7714 tv=0.7053 conf=0.9240 grad_norm=13.1531 tensors_with_grad=69/72
[train] step 223: T=673 positions=16 loss=1.0942 ce=2.7156 tv=0.5342 conf=0.8626 grad_norm=3.4489 tensors_with_grad=69/72
[train] step 224: T=584 positions=16 loss=0.4697 ce=1.2654 tv=0.2853 conf=0.4793 grad_norm=3.6081 tensors_with_grad=69/72
[train] step 225: T=538 positions=16 loss=1.0964 ce=2.8804 tv=0.5194 conf=0.8545 grad_norm=3.9222 tensors_with_grad=69/72
[train] step 226: T=548 positions=16 loss=0.6948 ce=1.8379 tv=0.3313 conf=0.7595 grad_norm=4.4287 tensors_with_grad=69/72
[train] step 227: T=541 positions=16 loss=0.4984 ce=1.2032 tv=0.2233 conf=0.6728 grad_norm=5.5144 tensors_with_grad=69/72
[train] step 228: T=607 positions=16 loss=0.2894 ce=0.7533 tv=0.1367 conf=0.2762 grad_norm=2.0712 tensors_with_grad=69/72
[train] step 229: T=530 positions=16 loss=0.5588 ce=1.2347 tv=0.2346 conf=0.5339 grad_norm=2.7011 tensors_with_grad=69/72
[train] step 230: T=561 positions=16 loss=0.2700 ce=1.0006 tv=0.1852 conf=0.6647 grad_norm=4.3684 tensors_with_grad=69/72
[train] step 231: T=976 positions=16 loss=1.5632 ce=3.2408 tv=0.4987 conf=0.5161 grad_norm=6.0217 tensors_with_grad=69/72
[train] step 232: T=557 positions=16 loss=1.0968 ce=2.7712 tv=0.4980 conf=0.6064 grad_norm=7.4526 tensors_with_grad=69/72
[train] step 233: T=648 positions=16 loss=0.6285 ce=1.3219 tv=0.3233 conf=1.0526 grad_norm=3.5787 tensors_with_grad=69/72
[train] step 234: T=542 positions=16 loss=0.7041 ce=1.4532 tv=0.2260 conf=0.2849 grad_norm=3.0501 tensors_with_grad=69/72
[train] step 235: T=644 positions=16 loss=0.8408 ce=1.7812 tv=0.3876 conf=0.7046 grad_norm=4.7746 tensors_with_grad=69/72
[train] step 236: T=534 positions=16 loss=1.0024 ce=2.6137 tv=0.4821 conf=0.8810 grad_norm=3.0722 tensors_with_grad=69/72
[train] step 237: T=1054 positions=16 loss=1.1018 ce=2.7348 tv=0.4806 conf=0.8573 grad_norm=4.6490 tensors_with_grad=69/72
[train] step 238: T=675 positions=16 loss=0.7551 ce=1.7424 tv=0.3000 conf=0.5602 grad_norm=4.1573 tensors_with_grad=69/72
[train] step 239: T=619 positions=16 loss=1.2957 ce=3.0181 tv=0.4829 conf=0.7955 grad_norm=3.5958 tensors_with_grad=69/72
[train] step 240: T=552 positions=16 loss=1.7224 ce=5.4166 tv=0.5680 conf=0.7548 grad_norm=8.2270 tensors_with_grad=69/72
[train] step 241: T=542 positions=16 loss=1.1387 ce=2.5204 tv=0.5154 conf=0.6714 grad_norm=7.4227 tensors_with_grad=69/72
[train] step 242: T=927 positions=16 loss=0.9703 ce=2.4584 tv=0.3884 conf=0.8819 grad_norm=5.8214 tensors_with_grad=69/72
[train] step 243: T=581 positions=16 loss=0.2543 ce=1.0144 tv=0.1869 conf=0.8085 grad_norm=1.6587 tensors_with_grad=69/72
[train] step 244: T=541 positions=16 loss=1.0106 ce=2.4222 tv=0.4434 conf=0.7515 grad_norm=6.4000 tensors_with_grad=69/72
[train] step 245: T=531 positions=16 loss=1.7210 ce=3.6046 tv=0.6526 conf=0.5693 grad_norm=9.6979 tensors_with_grad=69/72
[train] step 246: T=577 positions=16 loss=0.5750 ce=1.5867 tv=0.3584 conf=1.0583 grad_norm=6.7857 tensors_with_grad=69/72
[train] step 247: T=827 positions=16 loss=1.2831 ce=3.2691 tv=0.4881 conf=1.0795 grad_norm=7.5320 tensors_with_grad=69/72
[train] step 248: T=532 positions=16 loss=0.3575 ce=0.7178 tv=0.2679 conf=1.0846 grad_norm=5.9633 tensors_with_grad=69/72
[train] step 249: T=532 positions=16 loss=0.5009 ce=1.1638 tv=0.2933 conf=0.9100 grad_norm=3.3379 tensors_with_grad=69/72
[train] step 250: T=587 positions=16 loss=0.6332 ce=1.7642 tv=0.3794 conf=1.0066 grad_norm=4.6879 tensors_with_grad=69/72
[train] step 251: T=620 positions=16 loss=0.3622 ce=0.7685 tv=0.1975 conf=0.5370 grad_norm=2.3493 tensors_with_grad=69/72
[train] step 252: T=535 positions=16 loss=1.3534 ce=3.1400 tv=0.5410 conf=0.6798 grad_norm=4.0940 tensors_with_grad=69/72
[train] step 253: T=532 positions=16 loss=1.1805 ce=3.0547 tv=0.4437 conf=0.7737 grad_norm=6.1755 tensors_with_grad=69/72
[train] step 254: T=553 positions=16 loss=0.4531 ce=1.2464 tv=0.2228 conf=0.6513 grad_norm=2.2675 tensors_with_grad=69/72
[train] step 255: T=567 positions=16 loss=0.2463 ce=0.4919 tv=0.1390 conf=0.4355 grad_norm=2.7150 tensors_with_grad=69/72
[train] step 256: T=676 positions=16 loss=0.6445 ce=1.6656 tv=0.3101 conf=0.7994 grad_norm=3.0311 tensors_with_grad=69/72
[train] step 257: T=571 positions=16 loss=1.6246 ce=3.6040 tv=0.5756 conf=0.5902 grad_norm=9.1155 tensors_with_grad=69/72
[train] step 258: T=675 positions=16 loss=0.5658 ce=1.4127 tv=0.3005 conf=0.6012 grad_norm=4.3344 tensors_with_grad=69/72
[train] step 259: T=631 positions=16 loss=0.4582 ce=0.8225 tv=0.2211 conf=0.4894 grad_norm=9.4259 tensors_with_grad=69/72
[train] step 260: T=625 positions=16 loss=0.6380 ce=1.9766 tv=0.3447 conf=0.6382 grad_norm=4.5188 tensors_with_grad=69/72
[train] step 261: T=621 positions=16 loss=0.8718 ce=2.0505 tv=0.4537 conf=0.7035 grad_norm=5.4301 tensors_with_grad=69/72
[train] step 262: T=551 positions=16 loss=1.0505 ce=2.8763 tv=0.3984 conf=0.5381 grad_norm=3.7593 tensors_with_grad=69/72
[train] step 263: T=600 positions=16 loss=1.5291 ce=4.4310 tv=0.5504 conf=0.7111 grad_norm=7.3124 tensors_with_grad=69/72
[train] step 264: T=540 positions=16 loss=0.3117 ce=0.5992 tv=0.1517 conf=0.2196 grad_norm=5.0985 tensors_with_grad=69/72
[train] step 265: T=542 positions=16 loss=0.2606 ce=0.5256 tv=0.1202 conf=0.1623 grad_norm=6.1737 tensors_with_grad=69/72
[train] step 266: T=915 positions=16 loss=1.1773 ce=3.2502 tv=0.3763 conf=0.7368 grad_norm=7.6580 tensors_with_grad=69/72
[train] step 267: T=620 positions=16 loss=1.2969 ce=3.9349 tv=0.5268 conf=0.8352 grad_norm=7.8924 tensors_with_grad=69/72
[train] step 268: T=673 positions=16 loss=1.1520 ce=3.0137 tv=0.4641 conf=0.7408 grad_norm=5.2409 tensors_with_grad=69/72
[train] step 269: T=621 positions=16 loss=0.6697 ce=1.7824 tv=0.3536 conf=0.7146 grad_norm=3.6404 tensors_with_grad=69/72
[train] step 270: T=529 positions=16 loss=0.6545 ce=1.9648 tv=0.3022 conf=0.7224 grad_norm=3.4015 tensors_with_grad=69/72
[train] step 271: T=1196 positions=16 loss=1.6386 ce=3.6221 tv=0.5211 conf=0.5750 grad_norm=9.9229 tensors_with_grad=69/72
[train] step 272: T=1273 positions=16 loss=1.2402 ce=3.4098 tv=0.4591 conf=0.7325 grad_norm=3.6739 tensors_with_grad=69/72
[train] step 273: T=524 positions=16 loss=1.0335 ce=2.8268 tv=0.5069 conf=0.9097 grad_norm=5.2509 tensors_with_grad=69/72
[train] step 274: T=624 positions=16 loss=0.5025 ce=1.8201 tv=0.3177 conf=0.7743 grad_norm=4.0249 tensors_with_grad=69/72
[train] step 275: T=525 positions=16 loss=1.0315 ce=2.5716 tv=0.4975 conf=0.7312 grad_norm=4.6862 tensors_with_grad=69/72
[train] step 276: T=535 positions=16 loss=0.4372 ce=1.4061 tv=0.2644 conf=0.5553 grad_norm=2.5984 tensors_with_grad=69/72
[train] step 277: T=631 positions=16 loss=0.3317 ce=1.1511 tv=0.1751 conf=0.7591 grad_norm=2.4231 tensors_with_grad=69/72
[train] step 278: T=872 positions=16 loss=1.3425 ce=3.7810 tv=0.5471 conf=0.8764 grad_norm=5.9975 tensors_with_grad=69/72
[train] step 279: T=1563 positions=16 loss=1.3471 ce=3.6002 tv=0.4599 conf=0.7461 grad_norm=4.5816 tensors_with_grad=69/72
[train] step 280: T=675 positions=16 loss=0.8247 ce=2.0691 tv=0.3991 conf=0.8373 grad_norm=5.2200 tensors_with_grad=69/72
[train] step 281: T=534 positions=16 loss=0.3196 ce=0.8864 tv=0.1586 conf=0.5978 grad_norm=2.4806 tensors_with_grad=69/72
[train] step 282: T=673 positions=16 loss=0.7042 ce=2.0455 tv=0.3437 conf=0.8366 grad_norm=4.1461 tensors_with_grad=69/72
[train] step 283: T=672 positions=16 loss=1.3541 ce=3.0329 tv=0.5165 conf=0.5170 grad_norm=4.9152 tensors_with_grad=69/72
[train] step 284: T=532 positions=16 loss=1.3111 ce=3.2025 tv=0.5148 conf=0.8163 grad_norm=8.5637 tensors_with_grad=69/72
[train] step 285: T=594 positions=16 loss=0.3200 ce=0.6788 tv=0.1488 conf=0.3533 grad_norm=2.5014 tensors_with_grad=69/72
[train] step 286: T=539 positions=16 loss=0.2893 ce=0.8827 tv=0.2209 conf=0.4865 grad_norm=3.8278 tensors_with_grad=69/72
[train] step 287: T=540 positions=16 loss=0.1211 ce=0.3752 tv=0.1545 conf=0.3998 grad_norm=6.1385 tensors_with_grad=69/72
[train] step 288: T=531 positions=16 loss=1.2657 ce=2.5863 tv=0.5132 conf=0.9695 grad_norm=7.7919 tensors_with_grad=69/72
[train] step 289: T=530 positions=16 loss=0.5798 ce=1.3691 tv=0.2962 conf=1.3971 grad_norm=2.3245 tensors_with_grad=69/72
[train] step 290: T=676 positions=16 loss=0.5110 ce=1.5890 tv=0.2994 conf=0.8051 grad_norm=2.5363 tensors_with_grad=69/72
[train] step 291: T=529 positions=16 loss=0.8913 ce=1.9066 tv=0.3882 conf=0.7353 grad_norm=3.7915 tensors_with_grad=69/72
[train] step 292: T=626 positions=16 loss=0.6482 ce=1.3175 tv=0.3696 conf=1.1436 grad_norm=8.4372 tensors_with_grad=69/72
[train] step 293: T=569 positions=16 loss=1.6664 ce=5.1394 tv=0.5480 conf=1.0157 grad_norm=11.4674 tensors_with_grad=69/72
[train] step 294: T=957 positions=16 loss=1.8795 ce=4.3967 tv=0.6508 conf=1.8257 grad_norm=6.3280 tensors_with_grad=69/72
[train] step 295: T=630 positions=16 loss=0.6208 ce=1.7742 tv=0.3085 conf=1.2543 grad_norm=8.6986 tensors_with_grad=69/72
[train] step 296: T=672 positions=16 loss=1.4554 ce=3.3999 tv=0.6127 conf=0.9445 grad_norm=7.1396 tensors_with_grad=69/72
[train] step 297: T=659 positions=16 loss=0.5974 ce=1.5745 tv=0.3462 conf=1.2654 grad_norm=3.7030 tensors_with_grad=69/72
[train] step 298: T=559 positions=16 loss=0.5384 ce=1.1991 tv=0.2418 conf=0.7399 grad_norm=2.8606 tensors_with_grad=69/72
[train] step 299: T=674 positions=16 loss=1.1865 ce=2.7455 tv=0.5249 conf=0.9526 grad_norm=2.7245 tensors_with_grad=69/72
[train] step 300: T=525 positions=16 loss=0.9260 ce=2.0708 tv=0.4043 conf=1.0281 grad_norm=6.2261 tensors_with_grad=69/72
[train] step 301: T=535 positions=16 loss=0.6560 ce=1.4951 tv=0.3470 conf=0.9727 grad_norm=6.4746 tensors_with_grad=69/72
[train] step 302: T=533 positions=16 loss=0.8026 ce=1.5065 tv=0.3651 conf=0.8297 grad_norm=6.0778 tensors_with_grad=69/72
[train] step 303: T=603 positions=16 loss=0.8179 ce=1.7152 tv=0.3439 conf=0.7068 grad_norm=3.5530 tensors_with_grad=69/72
[train] step 304: T=600 positions=16 loss=0.4255 ce=1.0058 tv=0.2101 conf=0.5063 grad_norm=3.2107 tensors_with_grad=69/72
[train] step 305: T=594 positions=16 loss=0.5523 ce=1.4477 tv=0.3170 conf=0.7066 grad_norm=4.1706 tensors_with_grad=69/72
[train] step 306: T=533 positions=16 loss=0.9430 ce=1.9946 tv=0.4641 conf=0.8859 grad_norm=4.0707 tensors_with_grad=69/72
[train] step 307: T=533 positions=16 loss=0.7403 ce=1.8623 tv=0.3049 conf=1.2656 grad_norm=5.2695 tensors_with_grad=69/72
[train] step 308: T=602 positions=16 loss=0.5271 ce=2.0444 tv=0.1921 conf=0.7174 grad_norm=4.5620 tensors_with_grad=69/72
[train] step 309: T=647 positions=16 loss=0.3101 ce=0.6189 tv=0.1570 conf=0.3163 grad_norm=3.3054 tensors_with_grad=69/72
[train] step 310: T=576 positions=16 loss=0.4577 ce=1.0712 tv=0.1713 conf=0.4793 grad_norm=1.7450 tensors_with_grad=69/72
[train] step 311: T=531 positions=16 loss=0.5833 ce=1.4135 tv=0.2603 conf=0.6660 grad_norm=3.8510 tensors_with_grad=69/72
[train] step 312: T=643 positions=16 loss=0.5235 ce=1.6927 tv=0.2826 conf=1.0783 grad_norm=4.0625 tensors_with_grad=69/72
[train] step 313: T=1335 positions=16 loss=1.3390 ce=3.4323 tv=0.4620 conf=0.9109 grad_norm=4.7222 tensors_with_grad=69/72
[train] step 314: T=538 positions=16 loss=0.5091 ce=1.2455 tv=0.2330 conf=0.7786 grad_norm=5.2613 tensors_with_grad=69/72
[train] step 315: T=605 positions=16 loss=0.4043 ce=0.8752 tv=0.1649 conf=0.4963 grad_norm=5.4467 tensors_with_grad=69/72
[train] step 316: T=554 positions=16 loss=1.0054 ce=2.0173 tv=0.3903 conf=0.7833 grad_norm=4.4311 tensors_with_grad=69/72
[train] step 317: T=912 positions=16 loss=0.9435 ce=2.6421 tv=0.3879 conf=1.2526 grad_norm=5.2020 tensors_with_grad=69/72
[train] step 318: T=525 positions=16 loss=1.1126 ce=2.8709 tv=0.5571 conf=1.1440 grad_norm=3.0813 tensors_with_grad=69/72
[train] step 319: T=530 positions=16 loss=0.8224 ce=2.1043 tv=0.3261 conf=0.6227 grad_norm=7.4606 tensors_with_grad=69/72
[train] step 320: T=638 positions=16 loss=0.7892 ce=1.5425 tv=0.3987 conf=0.6426 grad_norm=4.7752 tensors_with_grad=69/72
[train] step 321: T=547 positions=16 loss=1.1448 ce=2.6625 tv=0.5545 conf=1.3420 grad_norm=4.2439 tensors_with_grad=69/72
[train] step 322: T=675 positions=16 loss=1.0729 ce=2.3281 tv=0.4715 conf=0.9660 grad_norm=6.6978 tensors_with_grad=69/72
[train] step 323: T=563 positions=16 loss=1.0523 ce=2.2040 tv=0.4320 conf=0.9410 grad_norm=6.2544 tensors_with_grad=69/72
[train] step 324: T=626 positions=16 loss=0.9789 ce=2.0856 tv=0.4255 conf=0.8600 grad_norm=5.8095 tensors_with_grad=69/72
[train] step 325: T=673 positions=16 loss=1.1805 ce=2.9936 tv=0.4321 conf=0.8120 grad_norm=4.9412 tensors_with_grad=69/72
[train] step 326: T=535 positions=16 loss=0.1608 ce=0.3603 tv=0.1218 conf=0.7246 grad_norm=1.4932 tensors_with_grad=69/72
[train] step 327: T=534 positions=16 loss=0.1680 ce=0.4264 tv=0.0969 conf=0.4436 grad_norm=0.9018 tensors_with_grad=69/72
[train] step 328: T=546 positions=16 loss=0.6988 ce=1.4948 tv=0.2944 conf=0.7558 grad_norm=3.3380 tensors_with_grad=69/72
[train] step 329: T=539 positions=16 loss=0.5161 ce=1.2477 tv=0.2957 conf=0.9007 grad_norm=2.5533 tensors_with_grad=69/72
[train] step 330: T=608 positions=16 loss=0.8950 ce=2.6858 tv=0.3785 conf=1.1106 grad_norm=7.9468 tensors_with_grad=69/72
[train] step 331: T=648 positions=16 loss=0.6847 ce=1.6249 tv=0.3604 conf=0.6740 grad_norm=3.9715 tensors_with_grad=69/72
[train] step 332: T=529 positions=16 loss=0.6202 ce=1.3720 tv=0.3483 conf=1.6027 grad_norm=2.5855 tensors_with_grad=69/72
[train] step 333: T=580 positions=16 loss=1.2930 ce=2.6713 tv=0.4746 conf=0.9196 grad_norm=7.5699 tensors_with_grad=69/72
[train] step 334: T=544 positions=16 loss=0.8817 ce=1.9125 tv=0.3276 conf=1.3734 grad_norm=7.9183 tensors_with_grad=69/72
[train] step 335: T=527 positions=16 loss=1.1972 ce=2.7904 tv=0.5382 conf=0.8158 grad_norm=9.5216 tensors_with_grad=69/72
[train] step 336: T=567 positions=16 loss=0.9111 ce=2.0684 tv=0.2842 conf=0.5642 grad_norm=5.5074 tensors_with_grad=69/72
[train] step 337: T=672 positions=16 loss=1.0648 ce=2.2432 tv=0.4733 conf=1.1252 grad_norm=6.1019 tensors_with_grad=69/72
[train] step 338: T=589 positions=16 loss=1.0328 ce=2.1451 tv=0.4180 conf=1.0159 grad_norm=4.6822 tensors_with_grad=69/72
[train] step 339: T=620 positions=16 loss=1.0263 ce=2.4134 tv=0.4173 conf=0.7166 grad_norm=6.9555 tensors_with_grad=69/72
[train] step 340: T=533 positions=16 loss=0.4299 ce=0.9218 tv=0.2236 conf=1.0356 grad_norm=4.0877 tensors_with_grad=69/72
[train] step 341: T=1060 positions=16 loss=1.1242 ce=2.6795 tv=0.4178 conf=0.5998 grad_norm=4.1440 tensors_with_grad=69/72
[train] step 342: T=538 positions=16 loss=0.7488 ce=1.8724 tv=0.3924 conf=0.9071 grad_norm=4.7464 tensors_with_grad=69/72
[train] step 343: T=529 positions=16 loss=0.2520 ce=0.5781 tv=0.1329 conf=0.7108 grad_norm=1.9562 tensors_with_grad=69/72
[train] step 344: T=635 positions=16 loss=1.0059 ce=2.2271 tv=0.4652 conf=0.8257 grad_norm=3.2199 tensors_with_grad=69/72
[train] step 345: T=628 positions=16 loss=0.4537 ce=1.2144 tv=0.2877 conf=0.5860 grad_norm=7.1066 tensors_with_grad=69/72
[train] step 346: T=538 positions=16 loss=0.7171 ce=1.4671 tv=0.3240 conf=0.6496 grad_norm=5.8625 tensors_with_grad=69/72
[train] step 347: T=574 positions=16 loss=0.7841 ce=1.9942 tv=0.3647 conf=1.2225 grad_norm=5.9755 tensors_with_grad=69/72
[train] step 348: T=595 positions=16 loss=0.5782 ce=1.7463 tv=0.3494 conf=0.8325 grad_norm=5.1449 tensors_with_grad=69/72
[train] step 349: T=640 positions=16 loss=0.8273 ce=2.1324 tv=0.3766 conf=0.7496 grad_norm=4.1867 tensors_with_grad=69/72
[train] step 350: T=588 positions=16 loss=0.2676 ce=0.5333 tv=0.1350 conf=0.5014 grad_norm=3.7876 tensors_with_grad=69/72
[train] step 351: T=533 positions=16 loss=0.4495 ce=1.1000 tv=0.1720 conf=0.7085 grad_norm=2.0555 tensors_with_grad=69/72
[train] step 352: T=675 positions=16 loss=1.4034 ce=3.4729 tv=0.5343 conf=0.7717 grad_norm=6.1922 tensors_with_grad=69/72
[train] step 353: T=532 positions=16 loss=0.6302 ce=1.2777 tv=0.2981 conf=0.5456 grad_norm=2.6652 tensors_with_grad=69/72
[train] step 354: T=586 positions=16 loss=1.0395 ce=2.8201 tv=0.4217 conf=1.0474 grad_norm=9.1994 tensors_with_grad=69/72
[train] step 355: T=1048 positions=16 loss=1.2538 ce=3.1555 tv=0.3961 conf=0.5010 grad_norm=5.7669 tensors_with_grad=69/72
[train] step 356: T=615 positions=16 loss=0.5468 ce=1.4907 tv=0.2688 conf=0.9099 grad_norm=3.9379 tensors_with_grad=69/72
[train] step 357: T=672 positions=16 loss=0.7316 ce=1.8817 tv=0.3379 conf=1.2000 grad_norm=3.6849 tensors_with_grad=69/72
[train] step 358: T=579 positions=16 loss=1.2369 ce=2.6490 tv=0.4469 conf=0.7896 grad_norm=3.1168 tensors_with_grad=69/72
[train] step 359: T=588 positions=16 loss=0.8859 ce=2.1621 tv=0.4264 conf=1.0962 grad_norm=5.7429 tensors_with_grad=69/72
[train] step 360: T=527 positions=16 loss=0.3737 ce=0.8205 tv=0.1552 conf=0.9536 grad_norm=1.7802 tensors_with_grad=69/72
[train] step 361: T=1060 positions=16 loss=1.4396 ce=3.3918 tv=0.4911 conf=1.0424 grad_norm=4.3562 tensors_with_grad=69/72
[train] step 362: T=629 positions=16 loss=0.6682 ce=1.3451 tv=0.3012 conf=0.8124 grad_norm=7.9309 tensors_with_grad=69/72
[train] step 363: T=529 positions=16 loss=0.7360 ce=1.7481 tv=0.3172 conf=1.1835 grad_norm=4.7522 tensors_with_grad=69/72
[train] step 364: T=629 positions=16 loss=0.3568 ce=0.6855 tv=0.1497 conf=0.4330 grad_norm=2.2949 tensors_with_grad=69/72
[train] step 365: T=621 positions=16 loss=0.3857 ce=1.0702 tv=0.1677 conf=1.0362 grad_norm=3.6480 tensors_with_grad=69/72
[train] step 366: T=591 positions=16 loss=0.5022 ce=1.4903 tv=0.2480 conf=0.6467 grad_norm=4.0421 tensors_with_grad=69/72
[train] step 367: T=604 positions=16 loss=0.6599 ce=1.2357 tv=0.2969 conf=0.8925 grad_norm=4.2879 tensors_with_grad=69/72
[train] step 368: T=673 positions=16 loss=0.3418 ce=1.0123 tv=0.1753 conf=3.7505 grad_norm=4.3433 tensors_with_grad=69/72
[train] step 369: T=531 positions=16 loss=0.7732 ce=1.9685 tv=0.3894 conf=0.8215 grad_norm=3.0670 tensors_with_grad=69/72
[train] step 370: T=539 positions=16 loss=0.2981 ce=0.6071 tv=0.1490 conf=0.4817 grad_norm=3.2165 tensors_with_grad=69/72
[train] step 371: T=676 positions=16 loss=0.9495 ce=2.2395 tv=0.4306 conf=1.7094 grad_norm=5.0891 tensors_with_grad=69/72
[train] step 372: T=966 positions=16 loss=1.8267 ce=4.0777 tv=0.5493 conf=0.9408 grad_norm=10.9188 tensors_with_grad=69/72
[train] step 373: T=638 positions=16 loss=0.7581 ce=1.1359 tv=0.2923 conf=1.2316 grad_norm=6.7684 tensors_with_grad=69/72
[train] step 374: T=539 positions=16 loss=1.1804 ce=2.6829 tv=0.5113 conf=1.0620 grad_norm=5.2859 tensors_with_grad=69/72
[train] step 375: T=543 positions=16 loss=0.5239 ce=0.7943 tv=0.2764 conf=1.1241 grad_norm=3.8484 tensors_with_grad=69/72
[train] step 376: T=544 positions=16 loss=0.3177 ce=0.6296 tv=0.2024 conf=0.8245 grad_norm=3.1763 tensors_with_grad=69/72
[train] step 377: T=532 positions=16 loss=0.4462 ce=1.2802 tv=0.1746 conf=0.8070 grad_norm=2.7814 tensors_with_grad=69/72
[train] step 378: T=536 positions=16 loss=0.3230 ce=0.6335 tv=0.1513 conf=0.6160 grad_norm=3.8806 tensors_with_grad=69/72
[train] step 379: T=553 positions=16 loss=0.9559 ce=1.7436 tv=0.3322 conf=0.6719 grad_norm=4.5613 tensors_with_grad=69/72
[train] step 380: T=651 positions=16 loss=0.7859 ce=1.9188 tv=0.4193 conf=0.7488 grad_norm=3.0984 tensors_with_grad=69/72
[train] step 381: T=573 positions=16 loss=1.9134 ce=4.8932 tv=0.6239 conf=0.5302 grad_norm=4.4925 tensors_with_grad=69/72
[train] step 382: T=549 positions=16 loss=0.8716 ce=1.6250 tv=0.3128 conf=0.4259 grad_norm=4.7436 tensors_with_grad=69/72
[train] step 383: T=573 positions=16 loss=0.6784 ce=1.6545 tv=0.3686 conf=0.6032 grad_norm=6.0369 tensors_with_grad=69/72
[train] step 384: T=534 positions=16 loss=1.1263 ce=2.4670 tv=0.5290 conf=0.8000 grad_norm=4.7069 tensors_with_grad=69/72
[train] step 385: T=548 positions=16 loss=0.8931 ce=2.2524 tv=0.3535 conf=0.6259 grad_norm=4.1736 tensors_with_grad=69/72
[train] step 386: T=588 positions=16 loss=0.9447 ce=2.2498 tv=0.3256 conf=1.4008 grad_norm=5.0432 tensors_with_grad=69/72
[train] step 387: T=654 positions=16 loss=0.8981 ce=1.7620 tv=0.4040 conf=0.7514 grad_norm=6.3953 tensors_with_grad=69/72
[train] step 388: T=536 positions=16 loss=0.8520 ce=1.7984 tv=0.3654 conf=0.9406 grad_norm=6.6835 tensors_with_grad=69/72
[train] step 389: T=959 positions=16 loss=1.5663 ce=4.2188 tv=0.5585 conf=1.1875 grad_norm=5.1527 tensors_with_grad=69/72
[train] step 390: T=532 positions=16 loss=0.6334 ce=1.3723 tv=0.2759 conf=1.0456 grad_norm=7.9993 tensors_with_grad=69/72
[train] step 391: T=654 positions=16 loss=0.8002 ce=1.6617 tv=0.4216 conf=0.9298 grad_norm=4.5846 tensors_with_grad=69/72
[train] step 392: T=627 positions=16 loss=0.6531 ce=1.3187 tv=0.2405 conf=1.1934 grad_norm=4.3526 tensors_with_grad=69/72
[train] step 393: T=531 positions=16 loss=0.6159 ce=1.2520 tv=0.3424 conf=0.8131 grad_norm=5.1916 tensors_with_grad=69/72
[train] step 394: T=614 positions=16 loss=0.5090 ce=0.9562 tv=0.3216 conf=0.9488 grad_norm=8.1321 tensors_with_grad=69/72
[train] step 395: T=530 positions=16 loss=1.2606 ce=2.5929 tv=0.4740 conf=0.6757 grad_norm=5.0432 tensors_with_grad=69/72
[train] step 396: T=545 positions=16 loss=0.7734 ce=1.6277 tv=0.3143 conf=0.6831 grad_norm=6.6263 tensors_with_grad=69/72
[train] step 397: T=605 positions=16 loss=0.7284 ce=1.9338 tv=0.3575 conf=0.8623 grad_norm=7.8955 tensors_with_grad=69/72
[train] step 398: T=529 positions=16 loss=0.9587 ce=2.6722 tv=0.4512 conf=0.8446 grad_norm=4.1005 tensors_with_grad=69/72
[train] step 399: T=1075 positions=16 loss=1.1540 ce=2.7652 tv=0.3339 conf=0.8370 grad_norm=5.5301 tensors_with_grad=69/72
[train] step 400: T=1443 positions=16 loss=1.6133 ce=4.3441 tv=0.5225 conf=0.9196 grad_norm=6.8430 tensors_with_grad=69/72
[train] step 401: T=535 positions=16 loss=1.4939 ce=3.1618 tv=0.5914 conf=0.9945 grad_norm=5.9231 tensors_with_grad=69/72
[train] step 402: T=594 positions=16 loss=0.3969 ce=0.6319 tv=0.2205 conf=0.5756 grad_norm=2.9763 tensors_with_grad=69/72
[train] step 403: T=886 positions=16 loss=1.4128 ce=3.3677 tv=0.4064 conf=0.6403 grad_norm=4.3515 tensors_with_grad=69/72
[train] step 404: T=532 positions=16 loss=0.8913 ce=1.9992 tv=0.4020 conf=0.8156 grad_norm=4.0486 tensors_with_grad=69/72
[train] step 405: T=560 positions=16 loss=0.6941 ce=1.7769 tv=0.3269 conf=1.2263 grad_norm=2.9383 tensors_with_grad=69/72
[train] step 406: T=597 positions=16 loss=0.9338 ce=2.0911 tv=0.3617 conf=0.8594 grad_norm=6.6843 tensors_with_grad=69/72
[train] step 407: T=536 positions=16 loss=0.2484 ce=0.3400 tv=0.1345 conf=0.4694 grad_norm=1.4242 tensors_with_grad=69/72
[train] step 408: T=578 positions=16 loss=0.2854 ce=0.5253 tv=0.1978 conf=2.0186 grad_norm=5.7990 tensors_with_grad=69/72
[train] step 409: T=675 positions=16 loss=0.4477 ce=1.0029 tv=0.2222 conf=0.9040 grad_norm=2.4646 tensors_with_grad=69/72
[train] step 410: T=672 positions=16 loss=1.3342 ce=2.9822 tv=0.5484 conf=1.0843 grad_norm=5.7312 tensors_with_grad=69/72
[train] step 411: T=529 positions=16 loss=0.4154 ce=0.8381 tv=0.2496 conf=1.1622 grad_norm=2.6868 tensors_with_grad=69/72
[train] step 412: T=676 positions=16 loss=0.5295 ce=1.0185 tv=0.3086 conf=1.0569 grad_norm=3.7550 tensors_with_grad=69/72
[train] step 413: T=555 positions=16 loss=0.5824 ce=1.2211 tv=0.2054 conf=0.6564 grad_norm=3.1223 tensors_with_grad=69/72
[train] step 414: T=1244 positions=16 loss=1.3967 ce=3.6098 tv=0.4169 conf=1.0869 grad_norm=3.2774 tensors_with_grad=69/72
[train] step 415: T=549 positions=16 loss=1.4829 ce=2.6203 tv=0.5557 conf=1.0818 grad_norm=5.5012 tensors_with_grad=69/72
[train] step 416: T=599 positions=16 loss=0.5284 ce=1.5101 tv=0.3218 conf=1.0992 grad_norm=2.5611 tensors_with_grad=69/72
[train] step 417: T=526 positions=16 loss=0.6525 ce=1.6252 tv=0.3317 conf=0.8535 grad_norm=9.8306 tensors_with_grad=69/72
[train] step 418: T=576 positions=16 loss=1.5868 ce=3.2960 tv=0.5304 conf=1.3818 grad_norm=4.7562 tensors_with_grad=69/72
[train] step 419: T=542 positions=16 loss=0.5967 ce=1.5683 tv=0.2900 conf=0.8349 grad_norm=4.0489 tensors_with_grad=69/72
[train] step 420: T=537 positions=16 loss=0.0952 ce=0.2079 tv=0.0733 conf=0.4744 grad_norm=1.9436 tensors_with_grad=69/72
[train] step 421: T=536 positions=16 loss=0.2043 ce=0.6204 tv=0.1419 conf=0.5021 grad_norm=1.8554 tensors_with_grad=69/72
[train] step 422: T=543 positions=16 loss=0.2337 ce=0.6815 tv=0.1457 conf=0.4235 grad_norm=3.2480 tensors_with_grad=69/72
[train] step 423: T=573 positions=16 loss=1.1607 ce=2.4430 tv=0.4076 conf=0.6578 grad_norm=6.9578 tensors_with_grad=69/72
[train] step 424: T=928 positions=16 loss=0.9296 ce=2.4828 tv=0.3873 conf=0.8062 grad_norm=4.4588 tensors_with_grad=69/72
[train] step 425: T=979 positions=16 loss=1.6774 ce=3.5716 tv=0.5231 conf=1.0609 grad_norm=6.2009 tensors_with_grad=69/72
[train] step 426: T=542 positions=16 loss=0.1821 ce=0.5853 tv=0.1541 conf=0.7320 grad_norm=1.5168 tensors_with_grad=69/72
[train] step 427: T=525 positions=16 loss=0.8255 ce=1.2801 tv=0.3108 conf=0.7677 grad_norm=6.4283 tensors_with_grad=69/72
[train] step 428: T=1286 positions=16 loss=1.0417 ce=2.5659 tv=0.3912 conf=1.0225 grad_norm=3.0277 tensors_with_grad=69/72
[train] step 429: T=538 positions=16 loss=0.2774 ce=0.4410 tv=0.1499 conf=0.4165 grad_norm=2.3522 tensors_with_grad=69/72
[train] step 430: T=541 positions=16 loss=0.8314 ce=2.3985 tv=0.3424 conf=0.8695 grad_norm=7.0245 tensors_with_grad=69/72
[train] step 431: T=537 positions=16 loss=0.8841 ce=1.8539 tv=0.3842 conf=1.2672 grad_norm=6.9803 tensors_with_grad=69/72
[train] step 432: T=550 positions=16 loss=0.5136 ce=0.9397 tv=0.2550 conf=0.5708 grad_norm=2.5523 tensors_with_grad=69/72
[train] step 433: T=568 positions=16 loss=1.0594 ce=3.4510 tv=0.3937 conf=1.3765 grad_norm=4.9247 tensors_with_grad=69/72
[train] step 434: T=524 positions=16 loss=1.4104 ce=2.8243 tv=0.5464 conf=0.7668 grad_norm=5.8639 tensors_with_grad=69/72
[train] step 435: T=601 positions=16 loss=0.2763 ce=0.7264 tv=0.1579 conf=0.7374 grad_norm=4.5379 tensors_with_grad=69/72
[train] step 436: T=530 positions=16 loss=0.5915 ce=1.2993 tv=0.2744 conf=1.0592 grad_norm=7.1329 tensors_with_grad=69/72
[train] step 437: T=525 positions=16 loss=0.5947 ce=1.5186 tv=0.3493 conf=1.1126 grad_norm=4.2100 tensors_with_grad=69/72
[train] step 438: T=526 positions=16 loss=1.3614 ce=2.8168 tv=0.5323 conf=1.2583 grad_norm=7.4265 tensors_with_grad=69/72
[train] step 439: T=584 positions=16 loss=0.3485 ce=0.7632 tv=0.1496 conf=0.4611 grad_norm=2.9167 tensors_with_grad=69/72
[train] step 440: T=1681 positions=16 loss=1.6034 ce=4.0263 tv=0.4701 conf=2.2374 grad_norm=4.8986 tensors_with_grad=69/72
[train] step 441: T=532 positions=16 loss=0.6220 ce=1.4830 tv=0.2849 conf=0.8837 grad_norm=2.5479 tensors_with_grad=69/72
[train] step 442: T=535 positions=16 loss=0.6863 ce=1.3812 tv=0.2489 conf=0.6497 grad_norm=4.2604 tensors_with_grad=69/72
[train] step 443: T=1305 positions=16 loss=1.8754 ce=4.2428 tv=0.5200 conf=0.8045 grad_norm=5.8391 tensors_with_grad=69/72
[train] step 444: T=545 positions=16 loss=0.7278 ce=1.4285 tv=0.3171 conf=0.6801 grad_norm=12.2487 tensors_with_grad=69/72
[train] step 445: T=537 positions=16 loss=0.6911 ce=1.5349 tv=0.3117 conf=0.8184 grad_norm=3.2562 tensors_with_grad=69/72
[train] step 446: T=963 positions=16 loss=1.3088 ce=3.2358 tv=0.3778 conf=1.1829 grad_norm=5.0836 tensors_with_grad=69/72
[train] step 447: T=539 positions=16 loss=0.4691 ce=0.9218 tv=0.1902 conf=1.0868 grad_norm=4.8996 tensors_with_grad=69/72
[train] step 448: T=653 positions=16 loss=1.4935 ce=3.2146 tv=0.5955 conf=2.2420 grad_norm=4.9766 tensors_with_grad=69/72
[train] step 449: T=528 positions=16 loss=0.5411 ce=1.1233 tv=0.2375 conf=0.6371 grad_norm=4.4138 tensors_with_grad=69/72
[train] step 450: T=599 positions=16 loss=0.9037 ce=1.9444 tv=0.3765 conf=0.7339 grad_norm=7.3254 tensors_with_grad=69/72
[train] step 451: T=543 positions=16 loss=0.4280 ce=1.0160 tv=0.2221 conf=1.1793 grad_norm=2.5189 tensors_with_grad=69/72
[train] step 452: T=532 positions=16 loss=0.6463 ce=1.4846 tv=0.2634 conf=0.9078 grad_norm=3.6855 tensors_with_grad=69/72
[train] step 453: T=1026 positions=16 loss=1.5750 ce=3.2785 tv=0.5706 conf=1.5572 grad_norm=7.2601 tensors_with_grad=69/72
[train] step 454: T=577 positions=16 loss=0.8663 ce=1.6904 tv=0.4241 conf=1.0314 grad_norm=5.5584 tensors_with_grad=69/72
[train] step 455: T=1744 positions=16 loss=1.8389 ce=4.4303 tv=0.5618 conf=1.5681 grad_norm=7.2827 tensors_with_grad=69/72
[train] step 456: T=643 positions=16 loss=0.3448 ce=0.6385 tv=0.1544 conf=0.5337 grad_norm=1.7183 tensors_with_grad=69/72
[train] step 457: T=678 positions=16 loss=0.8744 ce=1.9176 tv=0.3927 conf=1.8769 grad_norm=4.5036 tensors_with_grad=69/72
[train] step 458: T=534 positions=16 loss=1.1518 ce=2.5141 tv=0.4697 conf=1.8802 grad_norm=3.0313 tensors_with_grad=69/72
[train] step 459: T=561 positions=16 loss=0.4397 ce=0.9586 tv=0.2190 conf=1.6866 grad_norm=4.9530 tensors_with_grad=69/72
[train] step 460: T=529 positions=16 loss=0.8268 ce=1.8890 tv=0.4105 conf=0.9584 grad_norm=2.7202 tensors_with_grad=69/72
[train] step 461: T=618 positions=16 loss=0.2545 ce=0.5597 tv=0.1169 conf=0.3675 grad_norm=2.2208 tensors_with_grad=69/72
[train] step 462: T=592 positions=16 loss=1.0587 ce=2.0442 tv=0.3923 conf=0.9582 grad_norm=3.6301 tensors_with_grad=69/72
[train] step 463: T=538 positions=16 loss=0.5484 ce=0.8682 tv=0.2216 conf=1.0186 grad_norm=6.3784 tensors_with_grad=69/72
[train] step 464: T=524 positions=16 loss=0.8167 ce=1.5484 tv=0.3787 conf=1.1381 grad_norm=3.7024 tensors_with_grad=69/72
[train] step 465: T=639 positions=16 loss=0.5936 ce=2.2142 tv=0.2775 conf=0.9778 grad_norm=4.3112 tensors_with_grad=69/72
[train] step 466: T=574 positions=16 loss=0.2387 ce=0.9290 tv=0.1961 conf=1.0145 grad_norm=2.3334 tensors_with_grad=69/72
[train] step 467: T=595 positions=16 loss=0.3575 ce=0.7386 tv=0.1546 conf=0.6265 grad_norm=3.1575 tensors_with_grad=69/72
[train] step 468: T=529 positions=16 loss=0.9583 ce=2.3647 tv=0.3485 conf=1.2912 grad_norm=4.2261 tensors_with_grad=69/72
[train] step 469: T=530 positions=16 loss=0.8390 ce=2.0960 tv=0.3352 conf=0.8203 grad_norm=4.9181 tensors_with_grad=69/72
[train] step 470: T=526 positions=16 loss=0.9999 ce=1.8609 tv=0.4317 conf=0.6122 grad_norm=4.4296 tensors_with_grad=69/72
[train] step 471: T=541 positions=16 loss=0.9264 ce=2.6551 tv=0.3125 conf=0.8218 grad_norm=10.7261 tensors_with_grad=69/72
[train] step 472: T=672 positions=16 loss=0.9499 ce=2.1572 tv=0.3418 conf=0.7411 grad_norm=3.7666 tensors_with_grad=69/72
[train] step 473: T=1079 positions=16 loss=1.2563 ce=3.0271 tv=0.4193 conf=1.3186 grad_norm=4.4121 tensors_with_grad=69/72
[train] step 474: T=529 positions=16 loss=0.7908 ce=1.6647 tv=0.3714 conf=1.1007 grad_norm=3.7988 tensors_with_grad=69/72
[train] step 475: T=544 positions=16 loss=0.5237 ce=1.0730 tv=0.2787 conf=0.7514 grad_norm=2.7052 tensors_with_grad=69/72
[train] step 476: T=1567 positions=16 loss=1.3627 ce=3.0950 tv=0.4070 conf=0.8591 grad_norm=2.8986 tensors_with_grad=69/72
[train] step 477: T=533 positions=16 loss=1.2061 ce=2.5200 tv=0.5424 conf=1.3279 grad_norm=8.3527 tensors_with_grad=69/72
[train] step 478: T=1190 positions=16 loss=1.5380 ce=3.8255 tv=0.4546 conf=1.1923 grad_norm=5.1952 tensors_with_grad=69/72
[train] step 479: T=541 positions=16 loss=0.1896 ce=0.3710 tv=0.0865 conf=0.2017 grad_norm=0.9449 tensors_with_grad=69/72
[train] step 480: T=1679 positions=16 loss=1.4931 ce=3.6659 tv=0.4713 conf=2.3054 grad_norm=2.7559 tensors_with_grad=69/72
[train] step 481: T=526 positions=16 loss=0.8761 ce=2.0339 tv=0.4523 conf=1.2934 grad_norm=2.2450 tensors_with_grad=69/72
[train] step 482: T=636 positions=16 loss=1.0299 ce=1.7224 tv=0.4374 conf=1.0699 grad_norm=5.2733 tensors_with_grad=69/72
[train] step 483: T=545 positions=16 loss=0.7919 ce=1.5819 tv=0.3006 conf=0.3484 grad_norm=3.1022 tensors_with_grad=69/72
[train] step 484: T=531 positions=16 loss=0.4958 ce=1.2455 tv=0.2623 conf=0.8023 grad_norm=2.1087 tensors_with_grad=69/72
[train] step 485: T=528 positions=16 loss=0.5056 ce=1.1862 tv=0.2119 conf=0.9516 grad_norm=6.0373 tensors_with_grad=69/72
[train] step 486: T=605 positions=16 loss=1.0389 ce=2.4416 tv=0.3661 conf=0.8080 grad_norm=3.9910 tensors_with_grad=69/72
[train] step 487: T=527 positions=16 loss=0.4745 ce=1.3560 tv=0.1861 conf=0.6080 grad_norm=2.1080 tensors_with_grad=69/72
[train] step 488: T=545 positions=16 loss=0.2519 ce=0.5638 tv=0.1248 conf=0.3973 grad_norm=1.4478 tensors_with_grad=69/72
[train] step 489: T=595 positions=16 loss=1.0419 ce=2.1755 tv=0.4383 conf=0.8753 grad_norm=6.7102 tensors_with_grad=69/72
[train] step 490: T=525 positions=16 loss=0.9455 ce=1.7924 tv=0.4184 conf=0.6294 grad_norm=5.2237 tensors_with_grad=69/72
[diag] draft-argmax == TARGET-argmax : 60.7%  | == ground-truth token: 59.7%
[diag] mean top-1 prob  target 0.842  draft 0.724   (TV near 1 with a PEAKED draft => misalignment; with a FLAT draft => genuine)
[train] saved 72 trained tensors -> /cap/s3recap-p25-b0.1/c0/trained/mtp_trained.safetensors
[train] saved AdamW state -> /cap/s3recap-p25-b0.1/c0/trained/opt_state.pt (needed for --resume to be equivalent to one continuous run)
[train] metrics -> /cap/s3recap-p25-b0.1/c0/train_metrics.json  (loss 1.6274 -> 0.9455, tail mean 0.8580)
[train] TRAIN OK
