[train] device=cuda torch=2.10.0
  loading model-00046-of-00048.safetensors ...
  loading model-00047-of-00048.safetensors ...
  loading model-00048-of-00048.safetensors ...
  dequantised 1512 tensors, 12.60 B params, 23.5 GiB bf16
[train] weights ready in 8.7s
[train] trainable 517.3 M in 72 tensors | frozen experts 12.08 B
[train] capture: 491 sample(s)
[Gloo] Rank 0 is connected to 0 peer ranks. Expected number of connected peer ranks is : 0
[train] ModelArgs: n_mtp=3 block=5 taps=[40, 41, 42] markov_rank=256
[train] built 3 DSparkBlock(s) on meta
[train] re-materialised freqs_cis on 3 attention module(s) (persistent=False buffers are NOT in state_dict and to_empty() zapped them)
[train] load_state_dict: 0 missing, 0 unexpected
[train] GATE1 model construction OK
[train] aux: embed.weight(129280, 4096), head.weight(129280, 4096)
[train] trainable tensors in graph: 72 / 517.3 M
[train] P2.5 anchor: frozen copy of 3 block(s), beta=0.1
[train] lr schedule: linear warmup 73 step(s) -> cosine over 1472 session step(s), peak 5e-05; this chunk is steps 0..490
/work/train/train_head.py:115: UserWarning: Converting a tensor with requires_grad=True to a scalar may lead to unexpected behavior.
Consider using tensor.detach() first. (Triggered internally at /opt/pytorch/torch/csrc/autograd/generated/python_variable_methods.cpp:836.)
  parts = {"ce": float((w * ce).sum()), "tv": float((w * tv).sum()), "conf": 0.0}
[train] step 0: T=541 positions=16 loss=2.4852 ce=5.6107 tv=0.6384 conf=0.7463 grad_norm=12.3359 tensors_with_grad=69/72
[train] step 1: T=645 positions=16 loss=3.7075 ce=8.8015 tv=0.8643 conf=0.4669 grad_norm=13.3630 tensors_with_grad=69/72
[train] step 2: T=527 positions=16 loss=1.4409 ce=7.7323 tv=0.6200 conf=0.6513 grad_norm=9.2449 tensors_with_grad=69/72
[train] step 3: T=848 positions=16 loss=1.2796 ce=5.7480 tv=0.5317 conf=0.4248 grad_norm=11.7306 tensors_with_grad=69/72
[train] step 4: T=675 positions=16 loss=1.1851 ce=5.3605 tv=0.3960 conf=0.6565 grad_norm=5.2127 tensors_with_grad=69/72
[train] step 5: T=536 positions=16 loss=0.6088 ce=2.9650 tv=0.2589 conf=0.3680 grad_norm=3.0400 tensors_with_grad=69/72
[train] step 6: T=619 positions=16 loss=0.6221 ce=2.1976 tv=0.1939 conf=0.2690 grad_norm=4.2678 tensors_with_grad=69/72
[train] step 7: T=632 positions=16 loss=2.4771 ce=7.0359 tv=0.8241 conf=0.5157 grad_norm=9.6507 tensors_with_grad=69/72
[train] step 8: T=529 positions=16 loss=1.1535 ce=3.6327 tv=0.5175 conf=0.7003 grad_norm=8.5907 tensors_with_grad=69/72
[train] step 9: T=530 positions=16 loss=1.4401 ce=4.4744 tv=0.5136 conf=0.5229 grad_norm=7.3909 tensors_with_grad=69/72
[train] step 10: T=660 positions=16 loss=2.1900 ce=7.2962 tv=0.7743 conf=0.4458 grad_norm=7.8910 tensors_with_grad=69/72
[train] step 11: T=1056 positions=16 loss=2.0033 ce=7.0860 tv=0.6324 conf=0.6422 grad_norm=11.2657 tensors_with_grad=69/72
[train] step 12: T=537 positions=16 loss=1.4768 ce=5.4108 tv=0.4870 conf=0.7785 grad_norm=10.2722 tensors_with_grad=69/72
[train] step 13: T=539 positions=16 loss=2.2279 ce=7.8158 tv=0.6760 conf=0.8631 grad_norm=14.6984 tensors_with_grad=69/72
[train] step 14: T=627 positions=16 loss=0.8338 ce=3.2684 tv=0.2555 conf=0.3710 grad_norm=3.1047 tensors_with_grad=69/72
[train] step 15: T=526 positions=16 loss=2.4419 ce=8.0318 tv=0.7941 conf=0.4943 grad_norm=7.7045 tensors_with_grad=69/72
[train] step 16: T=1697 positions=16 loss=2.6748 ce=8.7102 tv=0.8583 conf=0.4202 grad_norm=6.3938 tensors_with_grad=69/72
[train] step 17: T=608 positions=16 loss=1.8245 ce=6.1430 tv=0.6611 conf=0.7252 grad_norm=10.4768 tensors_with_grad=69/72
[train] step 18: T=541 positions=16 loss=0.6359 ce=2.2923 tv=0.3088 conf=0.4930 grad_norm=4.0695 tensors_with_grad=69/72
[train] step 19: T=528 positions=16 loss=2.3955 ce=8.0948 tv=0.7631 conf=0.4857 grad_norm=6.9335 tensors_with_grad=69/72
[train] step 20: T=531 positions=16 loss=1.1817 ce=4.4148 tv=0.4842 conf=0.4721 grad_norm=9.1821 tensors_with_grad=69/72
[train] step 21: T=531 positions=16 loss=1.3324 ce=4.4969 tv=0.5602 conf=0.7586 grad_norm=7.2878 tensors_with_grad=69/72
[train] step 22: T=536 positions=16 loss=2.1780 ce=7.8015 tv=0.7104 conf=0.7881 grad_norm=6.3530 tensors_with_grad=69/72
[train] step 23: T=571 positions=16 loss=2.5181 ce=8.3502 tv=0.8249 conf=0.5795 grad_norm=15.1596 tensors_with_grad=69/72
[train] step 24: T=524 positions=16 loss=0.7212 ce=2.8608 tv=0.2369 conf=0.2532 grad_norm=2.6241 tensors_with_grad=69/72
[train] step 25: T=675 positions=16 loss=2.1553 ce=7.4258 tv=0.7556 conf=0.5085 grad_norm=11.4716 tensors_with_grad=69/72
[train] step 26: T=615 positions=16 loss=0.8635 ce=2.7160 tv=0.3759 conf=0.5769 grad_norm=7.3200 tensors_with_grad=69/72
[train] step 27: T=677 positions=16 loss=1.6906 ce=5.4211 tv=0.6375 conf=0.7155 grad_norm=6.7683 tensors_with_grad=69/72
[train] step 28: T=537 positions=16 loss=1.3755 ce=5.5828 tv=0.5832 conf=0.6384 grad_norm=7.4831 tensors_with_grad=69/72
[train] step 29: T=652 positions=16 loss=2.0897 ce=6.9449 tv=0.7783 conf=0.3999 grad_norm=6.2550 tensors_with_grad=69/72
[train] step 30: T=553 positions=16 loss=0.8226 ce=2.7788 tv=0.3718 conf=0.4377 grad_norm=2.3802 tensors_with_grad=69/72
[train] step 31: T=528 positions=16 loss=1.1417 ce=4.2863 tv=0.4658 conf=0.5711 grad_norm=5.6294 tensors_with_grad=69/72
[train] step 32: T=591 positions=16 loss=0.6594 ce=2.5500 tv=0.2911 conf=0.8484 grad_norm=3.3089 tensors_with_grad=69/72
[train] step 33: T=528 positions=16 loss=0.6478 ce=1.9634 tv=0.2748 conf=0.4383 grad_norm=11.5994 tensors_with_grad=69/72
[train] step 34: T=539 positions=16 loss=0.6196 ce=2.5625 tv=0.2543 conf=0.6981 grad_norm=7.7107 tensors_with_grad=69/72
[train] step 35: T=608 positions=16 loss=1.6188 ce=6.2891 tv=0.5286 conf=0.8450 grad_norm=10.3960 tensors_with_grad=69/72
[train] step 36: T=538 positions=16 loss=1.4189 ce=3.9477 tv=0.5484 conf=0.5690 grad_norm=5.0830 tensors_with_grad=69/72
[train] step 37: T=542 positions=16 loss=1.4899 ce=4.4837 tv=0.6027 conf=0.7060 grad_norm=8.0406 tensors_with_grad=69/72
[train] step 38: T=672 positions=16 loss=2.7468 ce=8.8756 tv=0.8502 conf=0.3707 grad_norm=6.4894 tensors_with_grad=69/72
[train] step 39: T=672 positions=16 loss=1.1579 ce=3.7758 tv=0.3582 conf=0.2800 grad_norm=7.7838 tensors_with_grad=69/72
[train] step 40: T=823 positions=16 loss=2.7652 ce=9.8032 tv=0.6979 conf=0.4925 grad_norm=15.6331 tensors_with_grad=69/72
[train] step 41: T=542 positions=16 loss=1.9808 ce=7.6566 tv=0.6851 conf=0.7389 grad_norm=11.1525 tensors_with_grad=69/72
[train] step 42: T=528 positions=16 loss=2.5231 ce=9.5996 tv=0.7956 conf=0.5115 grad_norm=10.5007 tensors_with_grad=69/72
[train] step 43: T=892 positions=16 loss=1.5234 ce=5.7275 tv=0.4046 conf=0.3700 grad_norm=5.1126 tensors_with_grad=69/72
[train] step 44: T=641 positions=16 loss=2.2787 ce=7.1011 tv=0.8109 conf=0.4293 grad_norm=5.3695 tensors_with_grad=69/72
[train] step 45: T=527 positions=16 loss=1.0223 ce=3.8632 tv=0.4384 conf=0.7714 grad_norm=4.2751 tensors_with_grad=69/72
[train] step 46: T=527 positions=16 loss=1.1911 ce=4.8463 tv=0.3763 conf=0.7134 grad_norm=5.9581 tensors_with_grad=69/72
[train] step 47: T=989 positions=16 loss=2.0105 ce=6.8102 tv=0.5885 conf=0.5196 grad_norm=9.1799 tensors_with_grad=69/72
[train] step 48: T=611 positions=16 loss=2.0455 ce=6.2068 tv=0.7225 conf=0.6263 grad_norm=5.2915 tensors_with_grad=69/72
[train] step 49: T=558 positions=16 loss=2.6414 ce=9.4883 tv=0.7381 conf=0.9150 grad_norm=10.9409 tensors_with_grad=69/72
[train] step 50: T=542 positions=16 loss=0.8408 ce=3.0799 tv=0.2217 conf=0.1341 grad_norm=3.3661 tensors_with_grad=69/72
[train] step 51: T=527 positions=16 loss=1.7180 ce=6.6524 tv=0.5799 conf=0.7599 grad_norm=7.2164 tensors_with_grad=69/72
[train] step 52: T=540 positions=16 loss=0.7580 ce=2.6917 tv=0.2098 conf=0.5532 grad_norm=2.6327 tensors_with_grad=69/72
[train] step 53: T=673 positions=16 loss=2.2945 ce=7.3943 tv=0.7895 conf=0.5288 grad_norm=7.1930 tensors_with_grad=69/72
[train] step 54: T=613 positions=16 loss=2.2659 ce=7.1291 tv=0.7562 conf=0.4476 grad_norm=8.5758 tensors_with_grad=69/72
[train] step 55: T=608 positions=16 loss=1.8278 ce=5.7615 tv=0.6703 conf=0.5660 grad_norm=4.6123 tensors_with_grad=69/72
[train] step 56: T=535 positions=16 loss=1.1873 ce=3.9250 tv=0.4895 conf=0.6243 grad_norm=5.1903 tensors_with_grad=69/72
[train] step 57: T=531 positions=16 loss=1.3272 ce=5.7436 tv=0.5134 conf=0.6553 grad_norm=8.3678 tensors_with_grad=69/72
[train] step 58: T=668 positions=16 loss=1.0702 ce=3.7803 tv=0.3164 conf=0.5394 grad_norm=4.4087 tensors_with_grad=69/72
[train] step 59: T=677 positions=16 loss=2.2606 ce=7.4798 tv=0.7003 conf=0.5078 grad_norm=5.8875 tensors_with_grad=69/72
[train] step 60: T=531 positions=16 loss=1.8492 ce=5.5443 tv=0.6560 conf=0.4930 grad_norm=7.8653 tensors_with_grad=69/72
[train] step 61: T=672 positions=16 loss=2.2552 ce=7.5569 tv=0.7186 conf=0.5186 grad_norm=10.4240 tensors_with_grad=69/72
[train] step 62: T=582 positions=16 loss=1.9264 ce=7.1745 tv=0.6538 conf=0.6573 grad_norm=17.0915 tensors_with_grad=69/72
[train] step 63: T=583 positions=16 loss=0.5748 ce=2.3293 tv=0.2246 conf=0.3853 grad_norm=3.3687 tensors_with_grad=69/72
[train] step 64: T=1047 positions=16 loss=2.1617 ce=7.2424 tv=0.6375 conf=0.5861 grad_norm=9.2836 tensors_with_grad=69/72
[train] step 65: T=673 positions=16 loss=2.2587 ce=7.4672 tv=0.7501 conf=0.4325 grad_norm=5.2469 tensors_with_grad=69/72
[train] step 66: T=600 positions=16 loss=1.7302 ce=5.8292 tv=0.5751 conf=0.5317 grad_norm=6.4087 tensors_with_grad=69/72
[train] step 67: T=672 positions=16 loss=2.5562 ce=9.0546 tv=0.7436 conf=0.3532 grad_norm=9.3880 tensors_with_grad=69/72
[train] step 68: T=622 positions=16 loss=0.3809 ce=1.0340 tv=0.1537 conf=0.7721 grad_norm=2.0818 tensors_with_grad=69/72
[train] step 69: T=531 positions=16 loss=2.4257 ce=8.0036 tv=0.7646 conf=0.3953 grad_norm=7.9392 tensors_with_grad=69/72
[train] step 70: T=531 positions=16 loss=1.5742 ce=5.4361 tv=0.4893 conf=0.5299 grad_norm=5.1789 tensors_with_grad=69/72
[train] step 71: T=527 positions=16 loss=2.3937 ce=7.4263 tv=0.8330 conf=0.5729 grad_norm=9.5445 tensors_with_grad=69/72
[train] step 72: T=542 positions=16 loss=2.1443 ce=6.6886 tv=0.7198 conf=0.4541 grad_norm=9.8451 tensors_with_grad=69/72
[train] step 73: T=527 positions=16 loss=2.0338 ce=6.1936 tv=0.7878 conf=0.6831 grad_norm=7.3345 tensors_with_grad=69/72
[train] step 74: T=629 positions=16 loss=2.0689 ce=7.2736 tv=0.6939 conf=0.4567 grad_norm=4.5946 tensors_with_grad=69/72
[train] step 75: T=646 positions=16 loss=1.5404 ce=5.1905 tv=0.6212 conf=0.9289 grad_norm=5.0959 tensors_with_grad=69/72
[train] step 76: T=527 positions=16 loss=2.1061 ce=6.7112 tv=0.7735 conf=0.7997 grad_norm=10.3668 tensors_with_grad=69/72
[train] step 77: T=581 positions=16 loss=2.3336 ce=8.1735 tv=0.7530 conf=0.5271 grad_norm=7.9339 tensors_with_grad=69/72
[train] step 78: T=528 positions=16 loss=1.5240 ce=5.0834 tv=0.4751 conf=0.7586 grad_norm=6.8716 tensors_with_grad=69/72
[train] step 79: T=534 positions=16 loss=2.4680 ce=8.2326 tv=0.8059 conf=0.6160 grad_norm=7.0481 tensors_with_grad=69/72
[train] step 80: T=532 positions=16 loss=2.1258 ce=7.2060 tv=0.7692 conf=0.3966 grad_norm=6.7985 tensors_with_grad=69/72
[train] step 81: T=533 positions=16 loss=1.7814 ce=6.4890 tv=0.5732 conf=0.6461 grad_norm=7.7225 tensors_with_grad=69/72
[train] step 82: T=527 positions=16 loss=2.4274 ce=8.0437 tv=0.7777 conf=0.5110 grad_norm=4.2427 tensors_with_grad=69/72
[train] step 83: T=580 positions=16 loss=1.9546 ce=6.5671 tv=0.6217 conf=0.7051 grad_norm=7.4741 tensors_with_grad=69/72
[train] step 84: T=1391 positions=16 loss=1.4925 ce=5.0549 tv=0.6045 conf=0.7065 grad_norm=5.6093 tensors_with_grad=69/72
[train] step 85: T=527 positions=16 loss=2.2508 ce=8.3723 tv=0.7497 conf=0.6124 grad_norm=4.2807 tensors_with_grad=69/72
[train] step 86: T=538 positions=16 loss=0.5605 ce=1.5401 tv=0.3697 conf=0.6327 grad_norm=14.8937 tensors_with_grad=69/72
[train] step 87: T=648 positions=16 loss=1.4241 ce=4.0042 tv=0.5122 conf=0.5339 grad_norm=10.8134 tensors_with_grad=69/72
[train] step 88: T=672 positions=16 loss=2.4289 ce=9.7470 tv=0.7191 conf=0.5149 grad_norm=8.3813 tensors_with_grad=69/72
[train] step 89: T=599 positions=16 loss=2.0989 ce=7.0237 tv=0.7488 conf=0.5377 grad_norm=5.8605 tensors_with_grad=69/72
[train] step 90: T=655 positions=16 loss=1.8232 ce=7.2588 tv=0.6022 conf=0.6166 grad_norm=6.6000 tensors_with_grad=69/72
[train] step 91: T=646 positions=16 loss=2.0570 ce=6.5815 tv=0.7357 conf=0.4667 grad_norm=8.3934 tensors_with_grad=69/72
[train] step 92: T=606 positions=16 loss=1.5963 ce=5.2704 tv=0.4787 conf=0.5154 grad_norm=6.4475 tensors_with_grad=69/72
[train] step 93: T=526 positions=16 loss=0.7782 ce=2.6053 tv=0.3561 conf=0.9235 grad_norm=3.6117 tensors_with_grad=69/72
[train] step 94: T=541 positions=16 loss=1.1066 ce=3.4913 tv=0.4706 conf=0.7141 grad_norm=2.8091 tensors_with_grad=69/72
[train] step 95: T=546 positions=16 loss=2.2246 ce=7.6196 tv=0.6818 conf=0.6143 grad_norm=5.6379 tensors_with_grad=69/72
[train] step 96: T=532 positions=16 loss=0.9191 ce=2.8949 tv=0.3755 conf=0.5587 grad_norm=5.2279 tensors_with_grad=69/72
[train] step 97: T=527 positions=16 loss=2.4961 ce=9.1407 tv=0.8263 conf=0.5967 grad_norm=4.5761 tensors_with_grad=69/72
[train] step 98: T=678 positions=16 loss=1.0761 ce=4.0396 tv=0.4469 conf=0.7465 grad_norm=4.5425 tensors_with_grad=69/72
[train] step 99: T=542 positions=16 loss=1.2078 ce=4.1870 tv=0.5224 conf=0.6927 grad_norm=12.8071 tensors_with_grad=69/72
[train] step 100: T=536 positions=16 loss=0.4609 ce=1.5570 tv=0.2056 conf=0.3907 grad_norm=4.6943 tensors_with_grad=69/72
[train] step 101: T=540 positions=16 loss=1.9025 ce=6.1108 tv=0.6943 conf=0.5405 grad_norm=5.0347 tensors_with_grad=69/72
[train] step 102: T=628 positions=16 loss=0.9109 ce=3.2478 tv=0.2754 conf=0.9327 grad_norm=3.6389 tensors_with_grad=69/72
[train] step 103: T=599 positions=16 loss=1.3259 ce=4.3186 tv=0.5119 conf=0.5561 grad_norm=4.7292 tensors_with_grad=69/72
[train] step 104: T=608 positions=16 loss=0.6178 ce=2.1631 tv=0.3487 conf=0.7710 grad_norm=3.7247 tensors_with_grad=69/72
[train] step 105: T=618 positions=16 loss=1.7079 ce=5.9523 tv=0.6488 conf=0.6071 grad_norm=7.3370 tensors_with_grad=69/72
[train] step 106: T=673 positions=16 loss=2.1963 ce=7.2537 tv=0.7119 conf=0.5123 grad_norm=8.6410 tensors_with_grad=69/72
[train] step 107: T=607 positions=16 loss=1.3631 ce=4.2166 tv=0.4833 conf=0.7135 grad_norm=7.0085 tensors_with_grad=69/72
[train] step 108: T=580 positions=16 loss=1.4016 ce=4.8135 tv=0.4947 conf=0.6050 grad_norm=6.1099 tensors_with_grad=69/72
[train] step 109: T=565 positions=16 loss=1.1839 ce=4.7438 tv=0.4412 conf=0.5396 grad_norm=3.6924 tensors_with_grad=69/72
[train] step 110: T=533 positions=16 loss=1.7840 ce=6.6939 tv=0.5749 conf=0.5576 grad_norm=6.1026 tensors_with_grad=69/72
[train] step 111: T=610 positions=16 loss=1.5282 ce=4.7927 tv=0.5336 conf=0.6177 grad_norm=4.0982 tensors_with_grad=69/72
[train] step 112: T=1026 positions=16 loss=1.1104 ce=3.2229 tv=0.4359 conf=0.4758 grad_norm=4.4859 tensors_with_grad=69/72
[train] step 113: T=613 positions=16 loss=1.5387 ce=5.1861 tv=0.5330 conf=0.6418 grad_norm=4.4495 tensors_with_grad=69/72
[train] step 114: T=675 positions=16 loss=1.5305 ce=4.6948 tv=0.6066 conf=0.6580 grad_norm=5.0552 tensors_with_grad=69/72
[train] step 115: T=1001 positions=16 loss=1.6244 ce=5.7707 tv=0.5371 conf=0.6811 grad_norm=7.4745 tensors_with_grad=69/72
[train] step 116: T=553 positions=16 loss=1.8023 ce=6.9091 tv=0.5897 conf=0.6062 grad_norm=7.7522 tensors_with_grad=69/72
[train] step 117: T=676 positions=16 loss=0.7030 ce=2.1445 tv=0.2603 conf=0.6885 grad_norm=5.3710 tensors_with_grad=69/72
[train] step 118: T=530 positions=16 loss=1.1859 ce=4.6121 tv=0.3930 conf=0.4544 grad_norm=6.3087 tensors_with_grad=69/72
[train] step 119: T=531 positions=16 loss=0.6654 ce=2.0145 tv=0.2942 conf=0.3819 grad_norm=4.7679 tensors_with_grad=69/72
[train] step 120: T=560 positions=16 loss=1.6695 ce=5.2863 tv=0.6588 conf=0.6585 grad_norm=10.8437 tensors_with_grad=69/72
[train] step 121: T=1390 positions=16 loss=2.2867 ce=8.6447 tv=0.7164 conf=0.4464 grad_norm=8.4148 tensors_with_grad=69/72
[train] step 122: T=536 positions=16 loss=0.9496 ce=3.2808 tv=0.4463 conf=0.6371 grad_norm=3.2942 tensors_with_grad=69/72
[train] step 123: T=622 positions=16 loss=1.6541 ce=5.2134 tv=0.6747 conf=0.5884 grad_norm=4.9569 tensors_with_grad=69/72
[train] step 124: T=557 positions=16 loss=2.1123 ce=6.3944 tv=0.6648 conf=0.5312 grad_norm=6.6911 tensors_with_grad=69/72
[train] step 125: T=563 positions=16 loss=1.3861 ce=4.4527 tv=0.5143 conf=0.6359 grad_norm=6.6353 tensors_with_grad=69/72
[train] step 126: T=653 positions=16 loss=1.3524 ce=4.1756 tv=0.4876 conf=0.4755 grad_norm=4.7811 tensors_with_grad=69/72
[train] step 127: T=554 positions=16 loss=1.5194 ce=5.2892 tv=0.5940 conf=0.6683 grad_norm=6.2147 tensors_with_grad=69/72
[train] step 128: T=672 positions=16 loss=1.5699 ce=4.4961 tv=0.5447 conf=0.5706 grad_norm=4.8734 tensors_with_grad=69/72
[train] step 129: T=609 positions=16 loss=1.0854 ce=3.4871 tv=0.3754 conf=0.6243 grad_norm=9.1307 tensors_with_grad=69/72
[train] step 130: T=571 positions=16 loss=1.3371 ce=3.9671 tv=0.5125 conf=0.6217 grad_norm=3.9948 tensors_with_grad=69/72
[train] step 131: T=561 positions=16 loss=1.3134 ce=3.9936 tv=0.4162 conf=0.5334 grad_norm=4.0677 tensors_with_grad=69/72
[train] step 132: T=531 positions=16 loss=2.0821 ce=6.8355 tv=0.7198 conf=0.4800 grad_norm=7.5932 tensors_with_grad=69/72
[train] step 133: T=591 positions=16 loss=1.2356 ce=3.9670 tv=0.4456 conf=0.6183 grad_norm=8.8296 tensors_with_grad=69/72
[train] step 134: T=560 positions=16 loss=1.6215 ce=5.4877 tv=0.5933 conf=0.4510 grad_norm=6.5237 tensors_with_grad=69/72
[train] step 135: T=626 positions=16 loss=1.0136 ce=3.4095 tv=0.4316 conf=0.5204 grad_norm=9.1530 tensors_with_grad=69/72
[train] step 136: T=1018 positions=16 loss=1.8834 ce=6.6251 tv=0.5841 conf=0.4558 grad_norm=8.1662 tensors_with_grad=69/72
[train] step 137: T=527 positions=16 loss=2.0157 ce=6.9236 tv=0.6815 conf=0.5195 grad_norm=6.4088 tensors_with_grad=69/72
[train] step 138: T=673 positions=16 loss=2.9324 ce=10.6942 tv=0.8252 conf=0.5460 grad_norm=9.8062 tensors_with_grad=69/72
[train] step 139: T=936 positions=16 loss=1.6110 ce=5.2315 tv=0.5406 conf=0.6289 grad_norm=4.0627 tensors_with_grad=69/72
[train] step 140: T=593 positions=16 loss=1.6800 ce=4.0288 tv=0.5506 conf=0.6385 grad_norm=8.2083 tensors_with_grad=69/72
[train] step 141: T=531 positions=16 loss=1.4556 ce=4.5327 tv=0.5601 conf=0.6512 grad_norm=5.7070 tensors_with_grad=69/72
[train] step 142: T=540 positions=16 loss=0.5854 ce=1.7348 tv=0.2736 conf=0.6250 grad_norm=2.8728 tensors_with_grad=69/72
[train] step 143: T=543 positions=16 loss=0.6874 ce=2.0803 tv=0.2641 conf=0.5216 grad_norm=1.5568 tensors_with_grad=69/72
[train] step 144: T=573 positions=16 loss=0.8492 ce=1.5313 tv=0.1747 conf=0.5335 grad_norm=3.3660 tensors_with_grad=69/72
[train] step 145: T=535 positions=16 loss=0.8106 ce=2.0988 tv=0.3290 conf=0.5843 grad_norm=4.3067 tensors_with_grad=69/72
[train] step 146: T=1001 positions=16 loss=2.1577 ce=8.2005 tv=0.6167 conf=0.3892 grad_norm=6.0258 tensors_with_grad=69/72
[train] step 147: T=620 positions=16 loss=1.1193 ce=2.9176 tv=0.4676 conf=0.9546 grad_norm=6.1672 tensors_with_grad=69/72
[train] step 148: T=630 positions=16 loss=1.2863 ce=3.4956 tv=0.5481 conf=0.7463 grad_norm=6.5107 tensors_with_grad=69/72
[train] step 149: T=1178 positions=16 loss=2.6349 ce=9.3829 tv=0.7239 conf=0.4317 grad_norm=9.2818 tensors_with_grad=69/72
[train] step 150: T=614 positions=16 loss=1.4526 ce=4.6035 tv=0.5298 conf=0.5560 grad_norm=5.6809 tensors_with_grad=69/72
[train] step 151: T=676 positions=16 loss=0.8620 ce=2.5020 tv=0.2939 conf=0.5401 grad_norm=5.3864 tensors_with_grad=69/72
[train] step 152: T=677 positions=16 loss=1.8202 ce=6.0741 tv=0.6257 conf=0.6354 grad_norm=10.3884 tensors_with_grad=69/72
[train] step 153: T=538 positions=16 loss=0.7882 ce=1.8857 tv=0.2563 conf=0.5643 grad_norm=3.2832 tensors_with_grad=69/72
[train] step 154: T=544 positions=16 loss=0.7635 ce=1.5411 tv=0.3108 conf=0.5863 grad_norm=4.2526 tensors_with_grad=69/72
[train] step 155: T=539 positions=16 loss=1.6561 ce=4.7295 tv=0.4619 conf=0.5511 grad_norm=4.0517 tensors_with_grad=69/72
[train] step 156: T=541 positions=16 loss=1.6113 ce=5.1210 tv=0.5489 conf=0.7657 grad_norm=6.0889 tensors_with_grad=69/72
[train] step 157: T=902 positions=16 loss=1.9836 ce=6.4080 tv=0.6061 conf=0.3317 grad_norm=6.9126 tensors_with_grad=69/72
[train] step 158: T=648 positions=16 loss=0.4466 ce=0.8921 tv=0.2589 conf=0.9732 grad_norm=5.6489 tensors_with_grad=69/72
[train] step 159: T=672 positions=16 loss=1.9964 ce=6.2875 tv=0.6791 conf=0.5077 grad_norm=5.4628 tensors_with_grad=69/72
[train] step 160: T=1629 positions=16 loss=2.2779 ce=8.2341 tv=0.6042 conf=0.3352 grad_norm=6.3098 tensors_with_grad=69/72
[train] step 161: T=594 positions=16 loss=0.6760 ce=2.0617 tv=0.2913 conf=0.6502 grad_norm=2.7983 tensors_with_grad=69/72
[train] step 162: T=672 positions=16 loss=1.9685 ce=6.0548 tv=0.7088 conf=0.5160 grad_norm=7.4070 tensors_with_grad=69/72
[train] step 163: T=538 positions=16 loss=1.5416 ce=4.5073 tv=0.4664 conf=0.5442 grad_norm=7.5478 tensors_with_grad=69/72
[train] step 164: T=563 positions=16 loss=1.3772 ce=4.5086 tv=0.5205 conf=0.6612 grad_norm=5.9577 tensors_with_grad=69/72
[train] step 165: T=555 positions=16 loss=0.9658 ce=2.8960 tv=0.3008 conf=0.4848 grad_norm=2.6921 tensors_with_grad=69/72
[train] step 166: T=539 positions=16 loss=0.9963 ce=2.5630 tv=0.3537 conf=0.4116 grad_norm=4.8085 tensors_with_grad=69/72
[train] step 167: T=528 positions=16 loss=2.3286 ce=6.9822 tv=0.7590 conf=0.4475 grad_norm=7.2327 tensors_with_grad=69/72
[train] step 168: T=568 positions=16 loss=0.5944 ce=1.8462 tv=0.2916 conf=0.4172 grad_norm=4.1625 tensors_with_grad=69/72
[train] step 169: T=638 positions=16 loss=0.4703 ce=1.3851 tv=0.1946 conf=0.6191 grad_norm=2.2357 tensors_with_grad=69/72
[train] step 170: T=541 positions=16 loss=0.3502 ce=1.2003 tv=0.1406 conf=0.7820 grad_norm=1.1886 tensors_with_grad=69/72
[train] step 171: T=546 positions=16 loss=1.9984 ce=6.4580 tv=0.6871 conf=0.5475 grad_norm=6.0954 tensors_with_grad=69/72
[train] step 172: T=960 positions=16 loss=1.8498 ce=5.7734 tv=0.6018 conf=0.3960 grad_norm=5.4475 tensors_with_grad=69/72
[train] step 173: T=645 positions=16 loss=1.5233 ce=5.0396 tv=0.6047 conf=0.5516 grad_norm=6.2467 tensors_with_grad=69/72
[train] step 174: T=595 positions=16 loss=1.9078 ce=5.4341 tv=0.5809 conf=0.5640 grad_norm=8.2749 tensors_with_grad=69/72
[train] step 175: T=535 positions=16 loss=0.6511 ce=1.8678 tv=0.3619 conf=0.5322 grad_norm=6.9951 tensors_with_grad=69/72
[train] step 176: T=672 positions=16 loss=2.0472 ce=6.0050 tv=0.7192 conf=0.3877 grad_norm=5.5061 tensors_with_grad=69/72
[train] step 177: T=526 positions=16 loss=2.2913 ce=7.1290 tv=0.7814 conf=0.4882 grad_norm=7.5599 tensors_with_grad=69/72
[train] step 178: T=588 positions=16 loss=0.9291 ce=3.1732 tv=0.2824 conf=0.5614 grad_norm=4.5754 tensors_with_grad=69/72
[train] step 179: T=634 positions=16 loss=2.0573 ce=6.2557 tv=0.7156 conf=0.5000 grad_norm=4.8272 tensors_with_grad=69/72
[train] step 180: T=608 positions=16 loss=0.5866 ce=1.6499 tv=0.2690 conf=0.4190 grad_norm=3.4877 tensors_with_grad=69/72
[train] step 181: T=675 positions=16 loss=1.7674 ce=4.9498 tv=0.6776 conf=0.6496 grad_norm=4.5451 tensors_with_grad=69/72
[train] step 182: T=667 positions=16 loss=2.6251 ce=9.1608 tv=0.7047 conf=0.4658 grad_norm=14.3705 tensors_with_grad=69/72
[train] step 183: T=576 positions=16 loss=1.0592 ce=2.5868 tv=0.3066 conf=0.5005 grad_norm=8.5751 tensors_with_grad=69/72
[train] step 184: T=534 positions=16 loss=1.3987 ce=4.2186 tv=0.4347 conf=0.5830 grad_norm=6.9796 tensors_with_grad=69/72
[train] step 185: T=543 positions=16 loss=1.3497 ce=4.5270 tv=0.4539 conf=0.5331 grad_norm=9.6882 tensors_with_grad=69/72
[train] step 186: T=524 positions=16 loss=2.3245 ce=7.4664 tv=0.7251 conf=0.4932 grad_norm=8.5615 tensors_with_grad=69/72
[train] step 187: T=674 positions=16 loss=2.1931 ce=7.5061 tv=0.5794 conf=0.8537 grad_norm=10.3264 tensors_with_grad=69/72
[train] step 188: T=542 positions=16 loss=1.0709 ce=2.6332 tv=0.3545 conf=0.5286 grad_norm=3.7021 tensors_with_grad=69/72
[train] step 189: T=672 positions=16 loss=1.7964 ce=5.8056 tv=0.5995 conf=0.7223 grad_norm=9.5194 tensors_with_grad=69/72
[train] step 190: T=528 positions=16 loss=1.5856 ce=4.8417 tv=0.4890 conf=0.5951 grad_norm=7.2888 tensors_with_grad=69/72
[train] step 191: T=542 positions=16 loss=0.6962 ce=2.3975 tv=0.2683 conf=0.5529 grad_norm=2.5263 tensors_with_grad=69/72
[train] step 192: T=584 positions=16 loss=2.0997 ce=5.9363 tv=0.6604 conf=0.5370 grad_norm=32.6319 tensors_with_grad=69/72
[train] step 193: T=650 positions=16 loss=1.8127 ce=4.9764 tv=0.6396 conf=0.4342 grad_norm=4.8692 tensors_with_grad=69/72
[train] step 194: T=1710 positions=16 loss=2.1968 ce=7.0718 tv=0.5875 conf=0.3888 grad_norm=5.6579 tensors_with_grad=69/72
[train] step 195: T=672 positions=16 loss=1.7063 ce=5.5619 tv=0.5311 conf=0.5163 grad_norm=5.5336 tensors_with_grad=69/72
[train] step 196: T=534 positions=16 loss=1.4303 ce=4.0541 tv=0.4850 conf=0.4717 grad_norm=4.8449 tensors_with_grad=69/72
[train] step 197: T=541 positions=16 loss=1.2345 ce=4.2083 tv=0.4151 conf=0.6725 grad_norm=5.5259 tensors_with_grad=69/72
[train] step 198: T=915 positions=16 loss=1.6013 ce=4.5722 tv=0.4581 conf=0.6627 grad_norm=3.5953 tensors_with_grad=69/72
[train] step 199: T=1176 positions=16 loss=1.6404 ce=5.4422 tv=0.4955 conf=0.4136 grad_norm=5.9728 tensors_with_grad=69/72
[train] step 200: T=621 positions=16 loss=2.0782 ce=6.1975 tv=0.7430 conf=0.3299 grad_norm=8.3007 tensors_with_grad=69/72
[train] step 201: T=672 positions=16 loss=1.9483 ce=6.2290 tv=0.6623 conf=0.6464 grad_norm=5.7320 tensors_with_grad=69/72
[train] step 202: T=600 positions=16 loss=0.5903 ce=2.0040 tv=0.2616 conf=0.7011 grad_norm=7.1119 tensors_with_grad=69/72
[train] step 203: T=537 positions=16 loss=1.1142 ce=3.1684 tv=0.4427 conf=0.6814 grad_norm=3.4837 tensors_with_grad=69/72
[train] step 204: T=540 positions=16 loss=2.5104 ce=8.6092 tv=0.7319 conf=0.4481 grad_norm=7.8914 tensors_with_grad=69/72
[train] step 205: T=538 positions=16 loss=0.8004 ce=1.2623 tv=0.2291 conf=0.5045 grad_norm=3.2232 tensors_with_grad=69/72
[train] step 206: T=543 positions=16 loss=0.4662 ce=1.1818 tv=0.1637 conf=0.5082 grad_norm=7.2014 tensors_with_grad=69/72
[train] step 207: T=532 positions=16 loss=1.7137 ce=6.0488 tv=0.5229 conf=0.5708 grad_norm=5.4201 tensors_with_grad=69/72
[train] step 208: T=672 positions=16 loss=1.6030 ce=5.1512 tv=0.5431 conf=0.5086 grad_norm=4.2646 tensors_with_grad=69/72
[train] step 209: T=621 positions=16 loss=1.5560 ce=5.5280 tv=0.4767 conf=0.5389 grad_norm=8.6783 tensors_with_grad=69/72
[train] step 210: T=678 positions=16 loss=1.7322 ce=5.4780 tv=0.4632 conf=0.7109 grad_norm=4.6305 tensors_with_grad=69/72
[train] step 211: T=658 positions=16 loss=0.9428 ce=2.1900 tv=0.3593 conf=0.6888 grad_norm=6.7635 tensors_with_grad=69/72
[train] step 212: T=954 positions=16 loss=2.3096 ce=8.2550 tv=0.6005 conf=0.4567 grad_norm=6.8986 tensors_with_grad=69/72
[train] step 213: T=534 positions=16 loss=1.1772 ce=3.1099 tv=0.4443 conf=0.5623 grad_norm=10.7318 tensors_with_grad=69/72
[train] step 214: T=538 positions=16 loss=1.5791 ce=5.3442 tv=0.4496 conf=0.5908 grad_norm=10.3517 tensors_with_grad=69/72
[train] step 215: T=674 positions=16 loss=1.6080 ce=4.5238 tv=0.5931 conf=0.6217 grad_norm=5.4966 tensors_with_grad=69/72
[train] step 216: T=623 positions=16 loss=1.8099 ce=5.1074 tv=0.6427 conf=0.4605 grad_norm=4.8467 tensors_with_grad=69/72
[train] step 217: T=577 positions=16 loss=1.5684 ce=4.7322 tv=0.4670 conf=0.5205 grad_norm=4.4064 tensors_with_grad=69/72
[train] step 218: T=597 positions=16 loss=1.1894 ce=2.9098 tv=0.4366 conf=0.6984 grad_norm=4.3208 tensors_with_grad=69/72
[train] step 219: T=569 positions=16 loss=1.7912 ce=5.6670 tv=0.5860 conf=0.6146 grad_norm=4.9169 tensors_with_grad=69/72
[train] step 220: T=527 positions=16 loss=0.9569 ce=2.4910 tv=0.3236 conf=0.6311 grad_norm=5.7328 tensors_with_grad=69/72
[train] step 221: T=532 positions=16 loss=1.4584 ce=4.8004 tv=0.4947 conf=0.6245 grad_norm=6.6287 tensors_with_grad=69/72
[train] step 222: T=532 positions=16 loss=2.5085 ce=7.9033 tv=0.7673 conf=0.5105 grad_norm=12.5968 tensors_with_grad=69/72
[train] step 223: T=673 positions=16 loss=1.9866 ce=6.1314 tv=0.6761 conf=0.4375 grad_norm=5.6701 tensors_with_grad=69/72
[train] step 224: T=584 positions=16 loss=1.0057 ce=2.9696 tv=0.3680 conf=0.4012 grad_norm=3.6422 tensors_with_grad=69/72
[train] step 225: T=538 positions=16 loss=1.8393 ce=5.7022 tv=0.6322 conf=0.5551 grad_norm=4.5661 tensors_with_grad=69/72
[train] step 226: T=548 positions=16 loss=1.7028 ce=5.5477 tv=0.4415 conf=0.6035 grad_norm=7.0026 tensors_with_grad=69/72
[train] step 227: T=541 positions=16 loss=0.8342 ce=2.2219 tv=0.2605 conf=0.5666 grad_norm=6.7214 tensors_with_grad=69/72
[train] step 228: T=607 positions=16 loss=0.5024 ce=1.5015 tv=0.1752 conf=0.4477 grad_norm=1.9855 tensors_with_grad=69/72
[train] step 229: T=530 positions=16 loss=0.7789 ce=1.8225 tv=0.2342 conf=0.4795 grad_norm=1.9606 tensors_with_grad=69/72
[train] step 230: T=561 positions=16 loss=0.6877 ce=2.7591 tv=0.2694 conf=0.7152 grad_norm=5.2986 tensors_with_grad=69/72
[train] step 231: T=976 positions=16 loss=2.3967 ce=7.0554 tv=0.6350 conf=0.4231 grad_norm=5.0253 tensors_with_grad=69/72
[train] step 232: T=557 positions=16 loss=1.6683 ce=5.4221 tv=0.5683 conf=0.5350 grad_norm=10.2916 tensors_with_grad=69/72
[train] step 233: T=648 positions=16 loss=1.2113 ce=3.7989 tv=0.4007 conf=0.7149 grad_norm=4.4074 tensors_with_grad=69/72
[train] step 234: T=542 positions=16 loss=0.7786 ce=2.4507 tv=0.2449 conf=0.4204 grad_norm=3.8912 tensors_with_grad=69/72
[train] step 235: T=644 positions=16 loss=1.4880 ce=4.4530 tv=0.5041 conf=0.5710 grad_norm=8.7816 tensors_with_grad=69/72
[train] step 236: T=534 positions=16 loss=2.1832 ce=6.6897 tv=0.6662 conf=0.6339 grad_norm=7.8912 tensors_with_grad=69/72
[train] step 237: T=1054 positions=16 loss=1.7325 ce=5.9336 tv=0.5756 conf=0.6452 grad_norm=5.6274 tensors_with_grad=69/72
[train] step 238: T=675 positions=16 loss=1.1608 ce=3.6793 tv=0.3595 conf=0.5558 grad_norm=3.7298 tensors_with_grad=69/72
[train] step 239: T=619 positions=16 loss=2.0831 ce=6.0309 tv=0.5689 conf=0.4992 grad_norm=4.3324 tensors_with_grad=69/72
[train] step 240: T=552 positions=16 loss=2.2902 ce=7.3269 tv=0.7086 conf=0.4515 grad_norm=11.1243 tensors_with_grad=69/72
[train] step 241: T=542 positions=16 loss=1.9378 ce=5.4943 tv=0.5850 conf=0.4278 grad_norm=6.1312 tensors_with_grad=69/72
[train] step 242: T=927 positions=16 loss=1.4029 ce=4.4177 tv=0.4623 conf=0.6461 grad_norm=6.0118 tensors_with_grad=69/72
[train] step 243: T=581 positions=16 loss=1.0467 ce=2.7334 tv=0.3442 conf=0.7130 grad_norm=8.4037 tensors_with_grad=69/72
[train] step 244: T=541 positions=16 loss=1.6258 ce=4.6815 tv=0.5350 conf=0.6373 grad_norm=3.9009 tensors_with_grad=69/72
[train] step 245: T=531 positions=16 loss=1.9859 ce=5.9654 tv=0.6664 conf=0.5584 grad_norm=8.1341 tensors_with_grad=69/72
[train] step 246: T=577 positions=16 loss=1.1844 ce=3.1648 tv=0.4424 conf=0.6227 grad_norm=7.6079 tensors_with_grad=69/72
[train] step 247: T=827 positions=16 loss=1.8328 ce=5.8554 tv=0.5854 conf=0.5529 grad_norm=6.9931 tensors_with_grad=69/72
[train] step 248: T=532 positions=16 loss=1.0377 ce=2.6071 tv=0.3963 conf=0.8832 grad_norm=11.0268 tensors_with_grad=69/72
[train] step 249: T=532 positions=16 loss=0.9744 ce=2.1768 tv=0.3573 conf=0.5499 grad_norm=5.0652 tensors_with_grad=69/72
[train] step 250: T=587 positions=16 loss=1.4648 ce=4.4996 tv=0.5093 conf=0.6405 grad_norm=12.7635 tensors_with_grad=69/72
[train] step 251: T=620 positions=16 loss=0.6799 ce=1.8963 tv=0.2376 conf=0.6329 grad_norm=3.2622 tensors_with_grad=69/72
[train] step 252: T=535 positions=16 loss=1.9649 ce=5.7816 tv=0.6259 conf=0.4068 grad_norm=5.2968 tensors_with_grad=69/72
[train] step 253: T=532 positions=16 loss=1.9297 ce=6.5557 tv=0.5334 conf=0.4833 grad_norm=7.2945 tensors_with_grad=69/72
[train] step 254: T=553 positions=16 loss=0.7185 ce=2.3764 tv=0.2682 conf=0.5600 grad_norm=1.9498 tensors_with_grad=69/72
[train] step 255: T=567 positions=16 loss=0.2754 ce=0.4967 tv=0.1515 conf=0.6386 grad_norm=5.6619 tensors_with_grad=69/72
[train] step 256: T=676 positions=16 loss=1.0728 ce=2.9262 tv=0.3619 conf=0.5957 grad_norm=3.9101 tensors_with_grad=69/72
[train] step 257: T=571 positions=16 loss=2.0294 ce=6.5384 tv=0.6108 conf=0.4765 grad_norm=7.1853 tensors_with_grad=69/72
[train] step 258: T=675 positions=16 loss=1.2698 ce=3.6985 tv=0.4147 conf=0.6905 grad_norm=6.9933 tensors_with_grad=69/72
[train] step 259: T=631 positions=16 loss=0.5922 ce=1.6957 tv=0.2587 conf=0.5530 grad_norm=5.3063 tensors_with_grad=69/72
[train] step 260: T=625 positions=16 loss=1.4042 ce=5.0205 tv=0.4443 conf=0.5721 grad_norm=3.7778 tensors_with_grad=69/72
[train] step 261: T=621 positions=16 loss=1.5764 ce=4.3407 tv=0.5843 conf=0.6000 grad_norm=7.6787 tensors_with_grad=69/72
[train] step 262: T=551 positions=16 loss=1.6166 ce=5.0706 tv=0.4772 conf=0.4771 grad_norm=6.7945 tensors_with_grad=69/72
[train] step 263: T=600 positions=16 loss=2.0013 ce=5.9661 tv=0.6089 conf=0.5143 grad_norm=7.4801 tensors_with_grad=69/72
[train] step 264: T=540 positions=16 loss=0.5408 ce=1.7836 tv=0.2487 conf=0.4678 grad_norm=3.6029 tensors_with_grad=69/72
[train] step 265: T=542 positions=16 loss=0.5406 ce=1.8852 tv=0.2238 conf=0.4255 grad_norm=4.0504 tensors_with_grad=69/72
[train] step 266: T=915 positions=16 loss=1.5919 ce=4.9109 tv=0.4533 conf=0.5864 grad_norm=8.2146 tensors_with_grad=69/72
[train] step 267: T=620 positions=16 loss=2.4130 ce=7.3708 tv=0.6998 conf=0.6266 grad_norm=12.0107 tensors_with_grad=69/72
[train] step 268: T=673 positions=16 loss=1.7993 ce=5.7234 tv=0.5885 conf=0.6259 grad_norm=6.9523 tensors_with_grad=69/72
[train] step 269: T=621 positions=16 loss=1.6841 ce=5.3269 tv=0.4961 conf=0.5938 grad_norm=6.7671 tensors_with_grad=69/72
[train] step 270: T=529 positions=16 loss=0.8574 ce=2.6586 tv=0.3434 conf=0.6988 grad_norm=3.6075 tensors_with_grad=69/72
[train] step 271: T=1196 positions=16 loss=2.3693 ce=6.9680 tv=0.6671 conf=0.4365 grad_norm=11.3167 tensors_with_grad=69/72
[train] step 272: T=1273 positions=16 loss=1.9893 ce=6.2134 tv=0.6007 conf=0.4864 grad_norm=5.5477 tensors_with_grad=69/72
[train] step 273: T=524 positions=16 loss=1.8497 ce=4.7221 tv=0.6204 conf=0.7479 grad_norm=7.7096 tensors_with_grad=69/72
[train] step 274: T=624 positions=16 loss=1.2965 ce=3.7267 tv=0.4763 conf=0.5121 grad_norm=5.0965 tensors_with_grad=69/72
[train] step 275: T=525 positions=16 loss=1.6490 ce=5.0128 tv=0.5778 conf=0.5632 grad_norm=4.1812 tensors_with_grad=69/72
[train] step 276: T=535 positions=16 loss=1.0751 ce=2.8508 tv=0.3542 conf=0.5828 grad_norm=4.1340 tensors_with_grad=69/72
[train] step 277: T=631 positions=16 loss=0.5909 ce=1.9368 tv=0.2265 conf=0.6585 grad_norm=2.7226 tensors_with_grad=69/72
[train] step 278: T=872 positions=16 loss=2.0773 ce=7.0242 tv=0.6325 conf=0.4974 grad_norm=4.5862 tensors_with_grad=69/72
[train] step 279: T=1563 positions=16 loss=1.8517 ce=5.9310 tv=0.5930 conf=0.4617 grad_norm=3.9957 tensors_with_grad=69/72
[train] step 280: T=675 positions=16 loss=1.4046 ce=3.6583 tv=0.4802 conf=0.6250 grad_norm=4.2279 tensors_with_grad=69/72
[train] step 281: T=534 positions=16 loss=0.7343 ce=1.6779 tv=0.2107 conf=0.4406 grad_norm=2.9125 tensors_with_grad=69/72
[train] step 282: T=673 positions=16 loss=1.0230 ce=3.1476 tv=0.3919 conf=0.6658 grad_norm=4.0806 tensors_with_grad=69/72
[train] step 283: T=672 positions=16 loss=1.7252 ce=5.3112 tv=0.5615 conf=0.3720 grad_norm=3.8051 tensors_with_grad=69/72
[train] step 284: T=532 positions=16 loss=2.1326 ce=6.2658 tv=0.6323 conf=0.5057 grad_norm=8.2289 tensors_with_grad=69/72
[train] step 285: T=594 positions=16 loss=0.3809 ce=1.1253 tv=0.1746 conf=0.5941 grad_norm=3.0857 tensors_with_grad=69/72
[train] step 286: T=539 positions=16 loss=0.7645 ce=2.3239 tv=0.2708 conf=0.3997 grad_norm=4.1434 tensors_with_grad=69/72
[train] step 287: T=540 positions=16 loss=0.1639 ce=0.3979 tv=0.0953 conf=0.3674 grad_norm=4.9513 tensors_with_grad=69/72
[train] step 288: T=531 positions=16 loss=1.7448 ce=4.7278 tv=0.5388 conf=0.5411 grad_norm=4.9375 tensors_with_grad=69/72
[train] step 289: T=530 positions=16 loss=1.3431 ce=3.6078 tv=0.4684 conf=0.6512 grad_norm=6.3457 tensors_with_grad=69/72
[train] step 290: T=676 positions=16 loss=1.1581 ce=3.6254 tv=0.4377 conf=0.5082 grad_norm=3.7820 tensors_with_grad=69/72
[train] step 291: T=529 positions=16 loss=1.2621 ce=3.5013 tv=0.4319 conf=0.5021 grad_norm=3.2609 tensors_with_grad=69/72
[train] step 292: T=626 positions=16 loss=1.1368 ce=2.7857 tv=0.4440 conf=0.6252 grad_norm=5.2863 tensors_with_grad=69/72
[train] step 293: T=569 positions=16 loss=1.7230 ce=6.0240 tv=0.5958 conf=0.6216 grad_norm=10.6887 tensors_with_grad=69/72
[train] step 294: T=957 positions=16 loss=2.5952 ce=8.0084 tv=0.7376 conf=0.4409 grad_norm=5.1422 tensors_with_grad=69/72
[train] step 295: T=630 positions=16 loss=1.0458 ce=3.2789 tv=0.3551 conf=0.5931 grad_norm=6.2161 tensors_with_grad=69/72
[train] step 296: T=672 positions=16 loss=2.1360 ce=6.1878 tv=0.7125 conf=0.4174 grad_norm=3.7281 tensors_with_grad=69/72
[train] step 297: T=659 positions=16 loss=1.3354 ce=3.3620 tv=0.4603 conf=0.6865 grad_norm=4.7210 tensors_with_grad=69/72
[train] step 298: T=559 positions=16 loss=0.9144 ce=2.6496 tv=0.2928 conf=0.6062 grad_norm=2.4272 tensors_with_grad=69/72
[train] step 299: T=674 positions=16 loss=1.7680 ce=5.2840 tv=0.6307 conf=0.5080 grad_norm=4.5654 tensors_with_grad=69/72
[train] step 300: T=525 positions=16 loss=1.4724 ce=4.2272 tv=0.4378 conf=0.7067 grad_norm=5.4014 tensors_with_grad=69/72
[train] step 301: T=535 positions=16 loss=1.3133 ce=3.8633 tv=0.4132 conf=0.5944 grad_norm=4.9342 tensors_with_grad=69/72
[train] step 302: T=533 positions=16 loss=1.3344 ce=3.5889 tv=0.4205 conf=0.4689 grad_norm=4.4826 tensors_with_grad=69/72
[train] step 303: T=603 positions=16 loss=1.3635 ce=3.5154 tv=0.4344 conf=0.5482 grad_norm=10.2682 tensors_with_grad=69/72
[train] step 304: T=600 positions=16 loss=0.7019 ce=2.0447 tv=0.2399 conf=0.5886 grad_norm=3.0040 tensors_with_grad=69/72
[train] step 305: T=594 positions=16 loss=0.9737 ce=2.4821 tv=0.3490 conf=0.4907 grad_norm=11.6119 tensors_with_grad=69/72
[train] step 306: T=533 positions=16 loss=1.3503 ce=3.6801 tv=0.4965 conf=0.7176 grad_norm=5.0539 tensors_with_grad=69/72
[train] step 307: T=533 positions=16 loss=1.0888 ce=3.3064 tv=0.3159 conf=0.8100 grad_norm=5.6486 tensors_with_grad=69/72
[train] step 308: T=602 positions=16 loss=0.9424 ce=3.2266 tv=0.2557 conf=0.6971 grad_norm=4.0173 tensors_with_grad=69/72
[train] step 309: T=647 positions=16 loss=0.7919 ce=2.2424 tv=0.2287 conf=0.5841 grad_norm=3.4120 tensors_with_grad=69/72
[train] step 310: T=576 positions=16 loss=0.5382 ce=1.2400 tv=0.2019 conf=0.4325 grad_norm=2.8972 tensors_with_grad=69/72
[train] step 311: T=531 positions=16 loss=0.9630 ce=3.0483 tv=0.3111 conf=0.4534 grad_norm=3.7186 tensors_with_grad=69/72
[train] step 312: T=643 positions=16 loss=1.0610 ce=3.4721 tv=0.3648 conf=0.5528 grad_norm=5.9089 tensors_with_grad=69/72
[train] step 313: T=1335 positions=16 loss=2.2137 ce=6.5607 tv=0.6302 conf=0.3460 grad_norm=6.1218 tensors_with_grad=69/72
[train] step 314: T=538 positions=16 loss=1.4099 ce=3.6592 tv=0.3667 conf=0.6960 grad_norm=8.5991 tensors_with_grad=69/72
[train] step 315: T=605 positions=16 loss=0.5936 ce=1.6636 tv=0.1860 conf=0.3738 grad_norm=2.5989 tensors_with_grad=69/72
[train] step 316: T=554 positions=16 loss=1.8370 ce=5.1115 tv=0.4955 conf=0.5231 grad_norm=5.2791 tensors_with_grad=69/72
[train] step 317: T=912 positions=16 loss=1.4776 ce=3.9982 tv=0.4720 conf=0.4385 grad_norm=3.4465 tensors_with_grad=69/72
[train] step 318: T=525 positions=16 loss=2.0214 ce=6.4519 tv=0.6751 conf=0.5077 grad_norm=3.4810 tensors_with_grad=69/72
[train] step 319: T=530 positions=16 loss=1.1233 ce=3.5956 tv=0.3860 conf=0.4386 grad_norm=6.2295 tensors_with_grad=69/72
[train] step 320: T=638 positions=16 loss=1.1279 ce=2.7880 tv=0.4529 conf=0.5861 grad_norm=7.2921 tensors_with_grad=69/72
[train] step 321: T=547 positions=16 loss=1.9203 ce=5.0792 tv=0.6909 conf=0.5197 grad_norm=4.0185 tensors_with_grad=69/72
[train] step 322: T=675 positions=16 loss=1.8730 ce=5.0516 tv=0.6001 conf=0.5027 grad_norm=6.3145 tensors_with_grad=69/72
[train] step 323: T=563 positions=16 loss=1.5038 ce=3.9627 tv=0.4714 conf=0.6089 grad_norm=7.7091 tensors_with_grad=69/72
[train] step 324: T=626 positions=16 loss=1.5999 ce=3.9495 tv=0.4893 conf=0.5230 grad_norm=3.5570 tensors_with_grad=69/72
[train] step 325: T=673 positions=16 loss=1.6448 ce=5.3799 tv=0.5009 conf=0.3962 grad_norm=7.4303 tensors_with_grad=69/72
[train] step 326: T=535 positions=16 loss=0.6652 ce=0.9822 tv=0.1647 conf=0.4058 grad_norm=2.3511 tensors_with_grad=69/72
[train] step 327: T=534 positions=16 loss=0.4848 ce=1.5110 tv=0.1769 conf=0.2726 grad_norm=3.6100 tensors_with_grad=69/72
[train] step 328: T=546 positions=16 loss=1.4922 ce=3.3616 tv=0.4154 conf=0.5057 grad_norm=5.6238 tensors_with_grad=69/72
[train] step 329: T=539 positions=16 loss=0.7716 ce=2.0477 tv=0.3455 conf=0.5452 grad_norm=3.3753 tensors_with_grad=69/72
[train] step 330: T=608 positions=16 loss=1.8236 ce=4.9796 tv=0.5145 conf=0.6476 grad_norm=9.6998 tensors_with_grad=69/72
[train] step 331: T=648 positions=16 loss=1.0952 ce=3.0789 tv=0.4179 conf=0.4600 grad_norm=4.5179 tensors_with_grad=69/72
[train] step 332: T=529 positions=16 loss=1.4443 ce=3.3630 tv=0.4385 conf=0.6438 grad_norm=5.1433 tensors_with_grad=69/72
[train] step 333: T=580 positions=16 loss=1.4987 ce=3.9333 tv=0.4938 conf=0.4486 grad_norm=4.6183 tensors_with_grad=69/72
[train] step 334: T=544 positions=16 loss=1.1271 ce=3.4449 tv=0.3715 conf=0.4615 grad_norm=6.4988 tensors_with_grad=69/72
[train] step 335: T=527 positions=16 loss=2.0000 ce=5.5741 tv=0.6529 conf=0.5133 grad_norm=8.4324 tensors_with_grad=69/72
[train] step 336: T=567 positions=16 loss=0.9897 ce=3.2182 tv=0.3024 conf=0.4055 grad_norm=4.6211 tensors_with_grad=69/72
[train] step 337: T=672 positions=16 loss=1.5476 ce=4.1597 tv=0.5545 conf=0.6588 grad_norm=6.8905 tensors_with_grad=69/72
[train] step 338: T=589 positions=16 loss=1.5449 ce=4.5442 tv=0.4642 conf=0.4556 grad_norm=3.3545 tensors_with_grad=69/72
[train] step 339: T=620 positions=16 loss=1.2908 ce=3.7878 tv=0.4470 conf=0.5206 grad_norm=4.0839 tensors_with_grad=69/72
[train] step 340: T=533 positions=16 loss=0.9229 ce=3.0243 tv=0.3414 conf=0.5494 grad_norm=7.2863 tensors_with_grad=69/72
[train] step 341: T=1060 positions=16 loss=1.7394 ce=5.4699 tv=0.5099 conf=0.4881 grad_norm=5.2779 tensors_with_grad=69/72
[train] step 342: T=538 positions=16 loss=1.3363 ce=3.6951 tv=0.4592 conf=0.5651 grad_norm=5.5443 tensors_with_grad=69/72
[train] step 343: T=529 positions=16 loss=0.3956 ce=1.2123 tv=0.1623 conf=0.6732 grad_norm=1.7662 tensors_with_grad=69/72
[train] step 344: T=635 positions=16 loss=1.4780 ce=3.6079 tv=0.5296 conf=0.5433 grad_norm=2.4914 tensors_with_grad=69/72
[train] step 345: T=628 positions=16 loss=0.9455 ce=2.7469 tv=0.3324 conf=0.5655 grad_norm=9.3581 tensors_with_grad=69/72
[train] step 346: T=538 positions=16 loss=1.2400 ce=3.5579 tv=0.3582 conf=0.5230 grad_norm=5.0416 tensors_with_grad=69/72
[train] step 347: T=574 positions=16 loss=1.4951 ce=4.0508 tv=0.4550 conf=0.6175 grad_norm=11.1187 tensors_with_grad=69/72
[train] step 348: T=595 positions=16 loss=1.1376 ce=3.2052 tv=0.4700 conf=0.4920 grad_norm=16.7259 tensors_with_grad=69/72
[train] step 349: T=640 positions=16 loss=1.1218 ce=3.1967 tv=0.4227 conf=0.5202 grad_norm=3.5180 tensors_with_grad=69/72
[train] step 350: T=588 positions=16 loss=0.3484 ce=0.6973 tv=0.1631 conf=0.5088 grad_norm=3.1259 tensors_with_grad=69/72
[train] step 351: T=533 positions=16 loss=0.5941 ce=1.7822 tv=0.1912 conf=0.5109 grad_norm=1.6190 tensors_with_grad=69/72
[train] step 352: T=675 positions=16 loss=1.8966 ce=5.6827 tv=0.6146 conf=0.5162 grad_norm=5.0919 tensors_with_grad=69/72
[train] step 353: T=532 positions=16 loss=0.8927 ce=2.0229 tv=0.3076 conf=0.5829 grad_norm=2.5962 tensors_with_grad=69/72
[train] step 354: T=586 positions=16 loss=1.7021 ce=5.9105 tv=0.4123 conf=0.5692 grad_norm=8.6852 tensors_with_grad=69/72
[train] step 355: T=1048 positions=16 loss=1.7147 ce=5.5766 tv=0.4804 conf=0.5007 grad_norm=6.4702 tensors_with_grad=69/72
[train] step 356: T=615 positions=16 loss=0.9939 ce=2.7250 tv=0.3306 conf=0.5482 grad_norm=5.9668 tensors_with_grad=69/72
[train] step 357: T=672 positions=16 loss=1.2919 ce=3.5107 tv=0.3975 conf=0.5049 grad_norm=4.9499 tensors_with_grad=69/72
[train] step 358: T=579 positions=16 loss=1.4005 ce=3.6039 tv=0.4565 conf=0.6243 grad_norm=4.4498 tensors_with_grad=69/72
[train] step 359: T=588 positions=16 loss=1.5637 ce=4.5419 tv=0.5069 conf=0.6289 grad_norm=4.3267 tensors_with_grad=69/72
[train] step 360: T=527 positions=16 loss=0.6998 ce=1.5565 tv=0.1601 conf=0.5997 grad_norm=1.4402 tensors_with_grad=69/72
[train] step 361: T=1060 positions=16 loss=1.8150 ce=4.6630 tv=0.5754 conf=0.5673 grad_norm=4.6240 tensors_with_grad=69/72
[train] step 362: T=629 positions=16 loss=1.1847 ce=2.8488 tv=0.3848 conf=0.5385 grad_norm=8.0033 tensors_with_grad=69/72
[train] step 363: T=529 positions=16 loss=1.1527 ce=2.9104 tv=0.3686 conf=0.4693 grad_norm=4.1759 tensors_with_grad=69/72
[train] step 364: T=629 positions=16 loss=0.4201 ce=1.2221 tv=0.1518 conf=0.5405 grad_norm=1.3898 tensors_with_grad=69/72
[train] step 365: T=621 positions=16 loss=0.7533 ce=1.9624 tv=0.2764 conf=0.4723 grad_norm=8.2983 tensors_with_grad=69/72
[train] step 366: T=591 positions=16 loss=0.8223 ce=1.8715 tv=0.3210 conf=0.4639 grad_norm=4.3475 tensors_with_grad=69/72
[train] step 367: T=604 positions=16 loss=1.1431 ce=2.6005 tv=0.3198 conf=0.4688 grad_norm=2.9394 tensors_with_grad=69/72
[train] step 368: T=673 positions=16 loss=0.8671 ce=2.6219 tv=0.2638 conf=0.6013 grad_norm=3.0685 tensors_with_grad=69/72
[train] step 369: T=531 positions=16 loss=1.1774 ce=3.1165 tv=0.4247 conf=0.5227 grad_norm=4.0010 tensors_with_grad=69/72
[train] step 370: T=539 positions=16 loss=0.2976 ce=0.4911 tv=0.1438 conf=0.4508 grad_norm=5.2769 tensors_with_grad=69/72
[train] step 371: T=676 positions=16 loss=1.5746 ce=4.7010 tv=0.4962 conf=0.5360 grad_norm=6.2919 tensors_with_grad=69/72
[train] step 372: T=966 positions=16 loss=2.3735 ce=7.1217 tv=0.5984 conf=0.4806 grad_norm=6.5967 tensors_with_grad=69/72
[train] step 373: T=638 positions=16 loss=1.2254 ce=2.3787 tv=0.3350 conf=0.5014 grad_norm=6.2567 tensors_with_grad=69/72
[train] step 374: T=539 positions=16 loss=2.0175 ce=5.3299 tv=0.5869 conf=0.6712 grad_norm=7.7153 tensors_with_grad=69/72
[train] step 375: T=543 positions=16 loss=0.8652 ce=2.0299 tv=0.2991 conf=0.5830 grad_norm=3.0444 tensors_with_grad=69/72
[train] step 376: T=544 positions=16 loss=0.5771 ce=0.8321 tv=0.2283 conf=0.5939 grad_norm=2.4078 tensors_with_grad=69/72
[train] step 377: T=532 positions=16 loss=0.5471 ce=1.5715 tv=0.1973 conf=0.6003 grad_norm=2.5510 tensors_with_grad=69/72
[train] step 378: T=536 positions=16 loss=0.7249 ce=1.4469 tv=0.1805 conf=0.4630 grad_norm=2.5977 tensors_with_grad=69/72
[train] step 379: T=553 positions=16 loss=1.3799 ce=3.1103 tv=0.3587 conf=0.4558 grad_norm=5.2259 tensors_with_grad=69/72
[train] step 380: T=651 positions=16 loss=1.4645 ce=3.8694 tv=0.4928 conf=0.4815 grad_norm=5.7083 tensors_with_grad=69/72
[train] step 381: T=573 positions=16 loss=2.0468 ce=6.4073 tv=0.6534 conf=0.4940 grad_norm=5.6947 tensors_with_grad=69/72
[train] step 382: T=549 positions=16 loss=1.2373 ce=2.6359 tv=0.3559 conf=0.4765 grad_norm=3.9498 tensors_with_grad=69/72
[train] step 383: T=573 positions=16 loss=1.5833 ce=4.0594 tv=0.4778 conf=0.5829 grad_norm=6.7186 tensors_with_grad=69/72
[train] step 384: T=534 positions=16 loss=1.8693 ce=5.1425 tv=0.6369 conf=0.4371 grad_norm=5.5610 tensors_with_grad=69/72
[train] step 385: T=548 positions=16 loss=1.3367 ce=3.3958 tv=0.3811 conf=0.5148 grad_norm=5.4950 tensors_with_grad=69/72
[train] step 386: T=588 positions=16 loss=1.5163 ce=4.0457 tv=0.4487 conf=0.6444 grad_norm=4.6817 tensors_with_grad=69/72
[train] step 387: T=654 positions=16 loss=1.4132 ce=3.7663 tv=0.4685 conf=0.4860 grad_norm=4.1863 tensors_with_grad=69/72
[train] step 388: T=536 positions=16 loss=1.3551 ce=3.9454 tv=0.4039 conf=0.5566 grad_norm=3.5812 tensors_with_grad=69/72
[train] step 389: T=959 positions=16 loss=2.3181 ce=6.7048 tv=0.6573 conf=0.7226 grad_norm=6.8758 tensors_with_grad=69/72
[train] step 390: T=532 positions=16 loss=0.7204 ce=1.4741 tv=0.2652 conf=0.6233 grad_norm=7.9271 tensors_with_grad=69/72
[train] step 391: T=654 positions=16 loss=1.3499 ce=3.3681 tv=0.5291 conf=0.5861 grad_norm=5.3738 tensors_with_grad=69/72
[train] step 392: T=627 positions=16 loss=1.2154 ce=2.7972 tv=0.2451 conf=0.6126 grad_norm=4.2688 tensors_with_grad=69/72
[train] step 393: T=531 positions=16 loss=1.3551 ce=3.4799 tv=0.4596 conf=0.4829 grad_norm=4.6399 tensors_with_grad=69/72
[train] step 394: T=614 positions=16 loss=1.2149 ce=2.9566 tv=0.4001 conf=0.6670 grad_norm=11.1188 tensors_with_grad=69/72
[train] step 395: T=530 positions=16 loss=1.7092 ce=4.3004 tv=0.5119 conf=0.4685 grad_norm=4.3944 tensors_with_grad=69/72
[train] step 396: T=545 positions=16 loss=1.3200 ce=2.9642 tv=0.3784 conf=0.4964 grad_norm=7.0426 tensors_with_grad=69/72
[train] step 397: T=605 positions=16 loss=1.2355 ce=3.3286 tv=0.4688 conf=0.6544 grad_norm=6.3049 tensors_with_grad=69/72
[train] step 398: T=529 positions=16 loss=1.6959 ce=5.3934 tv=0.5772 conf=0.3951 grad_norm=3.7521 tensors_with_grad=69/72
[train] step 399: T=1075 positions=16 loss=1.6743 ce=5.0368 tv=0.4204 conf=0.4631 grad_norm=7.1179 tensors_with_grad=69/72
[train] step 400: T=1443 positions=16 loss=2.2271 ce=7.3687 tv=0.5922 conf=0.4482 grad_norm=8.6908 tensors_with_grad=69/72
[train] step 401: T=535 positions=16 loss=1.9809 ce=5.3330 tv=0.6422 conf=0.5437 grad_norm=4.7442 tensors_with_grad=69/72
[train] step 402: T=594 positions=16 loss=0.9333 ce=1.2775 tv=0.2275 conf=0.5674 grad_norm=2.9783 tensors_with_grad=69/72
[train] step 403: T=886 positions=16 loss=1.9823 ce=6.0157 tv=0.4482 conf=0.3722 grad_norm=6.2965 tensors_with_grad=69/72
[train] step 404: T=532 positions=16 loss=1.1718 ce=3.1381 tv=0.4423 conf=0.5316 grad_norm=3.6629 tensors_with_grad=69/72
[train] step 405: T=560 positions=16 loss=1.1266 ce=3.2542 tv=0.3896 conf=0.6166 grad_norm=2.9413 tensors_with_grad=69/72
[train] step 406: T=597 positions=16 loss=1.2429 ce=3.0995 tv=0.4255 conf=0.5267 grad_norm=5.5503 tensors_with_grad=69/72
[train] step 407: T=536 positions=16 loss=0.4418 ce=0.8223 tv=0.1419 conf=0.4711 grad_norm=1.9311 tensors_with_grad=69/72
[train] step 408: T=578 positions=16 loss=0.5294 ce=0.6482 tv=0.2280 conf=0.7696 grad_norm=3.6638 tensors_with_grad=69/72
[train] step 409: T=675 positions=16 loss=0.5899 ce=1.5717 tv=0.2308 conf=0.4685 grad_norm=1.6392 tensors_with_grad=69/72
[train] step 410: T=672 positions=16 loss=2.2098 ce=5.9291 tv=0.6969 conf=0.4025 grad_norm=7.2111 tensors_with_grad=69/72
[train] step 411: T=529 positions=16 loss=0.8619 ce=1.6055 tv=0.2828 conf=0.6536 grad_norm=5.3718 tensors_with_grad=69/72
[train] step 412: T=676 positions=16 loss=1.3863 ce=3.2051 tv=0.3619 conf=0.5630 grad_norm=6.7473 tensors_with_grad=69/72
[train] step 413: T=555 positions=16 loss=0.5116 ce=1.3089 tv=0.1891 conf=0.5647 grad_norm=3.2896 tensors_with_grad=69/72
[train] step 414: T=1244 positions=16 loss=1.7795 ce=5.1578 tv=0.4580 conf=0.3937 grad_norm=5.1883 tensors_with_grad=69/72
[train] step 415: T=549 positions=16 loss=2.3062 ce=5.3529 tv=0.6375 conf=0.5124 grad_norm=8.8152 tensors_with_grad=69/72
[train] step 416: T=599 positions=16 loss=0.8402 ce=2.3844 tv=0.3541 conf=0.5525 grad_norm=2.9156 tensors_with_grad=69/72
[train] step 417: T=526 positions=16 loss=0.8842 ce=2.3633 tv=0.3682 conf=0.5815 grad_norm=8.2281 tensors_with_grad=69/72
[train] step 418: T=576 positions=16 loss=1.8590 ce=5.6874 tv=0.5461 conf=0.4807 grad_norm=5.7037 tensors_with_grad=69/72
[train] step 419: T=542 positions=16 loss=1.0411 ce=2.7742 tv=0.3439 conf=0.4678 grad_norm=4.6134 tensors_with_grad=69/72
[train] step 420: T=537 positions=16 loss=0.2501 ce=0.5221 tv=0.0957 conf=0.4673 grad_norm=3.2313 tensors_with_grad=69/72
[train] step 421: T=536 positions=16 loss=0.6414 ce=1.8630 tv=0.1734 conf=0.3458 grad_norm=3.0887 tensors_with_grad=69/72
[train] step 422: T=543 positions=16 loss=0.3710 ce=1.1669 tv=0.1840 conf=0.3405 grad_norm=5.6595 tensors_with_grad=69/72
[train] step 423: T=573 positions=16 loss=1.6284 ce=4.3590 tv=0.4476 conf=0.5239 grad_norm=5.3639 tensors_with_grad=69/72
[train] step 424: T=928 positions=16 loss=1.5595 ce=4.4938 tv=0.4462 conf=0.4588 grad_norm=4.9120 tensors_with_grad=69/72
[train] step 425: T=979 positions=16 loss=2.0590 ce=5.7478 tv=0.5819 conf=0.3860 grad_norm=7.2257 tensors_with_grad=69/72
[train] step 426: T=542 positions=16 loss=0.6124 ce=1.4740 tv=0.1985 conf=0.4957 grad_norm=3.7688 tensors_with_grad=69/72
[train] step 427: T=525 positions=16 loss=1.1183 ce=2.0821 tv=0.3158 conf=0.4841 grad_norm=6.8423 tensors_with_grad=69/72
[train] step 428: T=1286 positions=16 loss=1.3016 ce=3.4814 tv=0.4337 conf=0.4901 grad_norm=2.8702 tensors_with_grad=69/72
[train] step 429: T=538 positions=16 loss=0.2940 ce=0.6562 tv=0.1545 conf=0.5316 grad_norm=2.7275 tensors_with_grad=69/72
[train] step 430: T=541 positions=16 loss=1.1110 ce=2.9981 tv=0.3618 conf=0.5314 grad_norm=4.7694 tensors_with_grad=69/72
[train] step 431: T=537 positions=16 loss=1.3256 ce=3.4869 tv=0.4190 conf=0.5905 grad_norm=8.3068 tensors_with_grad=69/72
[train] step 432: T=550 positions=16 loss=0.6455 ce=1.7252 tv=0.2648 conf=0.5148 grad_norm=2.3343 tensors_with_grad=69/72
[train] step 433: T=568 positions=16 loss=1.8155 ce=5.6843 tv=0.4848 conf=0.5908 grad_norm=6.2951 tensors_with_grad=69/72
[train] step 434: T=524 positions=16 loss=1.7727 ce=4.4398 tv=0.5609 conf=0.5392 grad_norm=5.0843 tensors_with_grad=69/72
[train] step 435: T=601 positions=16 loss=0.8224 ce=1.8472 tv=0.2224 conf=0.5121 grad_norm=3.8261 tensors_with_grad=69/72
[train] step 436: T=530 positions=16 loss=0.8203 ce=1.8375 tv=0.3005 conf=0.3912 grad_norm=8.7496 tensors_with_grad=69/72
[train] step 437: T=525 positions=16 loss=1.1171 ce=3.1772 tv=0.4028 conf=0.4216 grad_norm=5.0953 tensors_with_grad=69/72
[train] step 438: T=526 positions=16 loss=1.9159 ce=5.2334 tv=0.5460 conf=0.5584 grad_norm=5.5768 tensors_with_grad=69/72
[train] step 439: T=584 positions=16 loss=0.5568 ce=1.4618 tv=0.1828 conf=0.5129 grad_norm=4.8245 tensors_with_grad=69/72
[train] step 440: T=1681 positions=16 loss=2.3331 ce=7.2342 tv=0.5820 conf=0.4886 grad_norm=7.3563 tensors_with_grad=69/72
[train] step 441: T=532 positions=16 loss=0.9069 ce=2.3596 tv=0.3202 conf=0.5096 grad_norm=1.7486 tensors_with_grad=69/72
[train] step 442: T=535 positions=16 loss=0.8995 ce=2.2131 tv=0.2812 conf=0.4426 grad_norm=3.4962 tensors_with_grad=69/72
[train] step 443: T=1305 positions=16 loss=2.6236 ce=7.9835 tv=0.6377 conf=0.4301 grad_norm=5.8169 tensors_with_grad=69/72
[train] step 444: T=545 positions=16 loss=1.2751 ce=2.5406 tv=0.3460 conf=0.5152 grad_norm=7.9889 tensors_with_grad=69/72
[train] step 445: T=537 positions=16 loss=1.5502 ce=3.7840 tv=0.3713 conf=0.5409 grad_norm=5.7792 tensors_with_grad=69/72
[train] step 446: T=963 positions=16 loss=1.8590 ce=5.2640 tv=0.4834 conf=0.3337 grad_norm=5.7223 tensors_with_grad=69/72
[train] step 447: T=539 positions=16 loss=0.7510 ce=1.3297 tv=0.2019 conf=0.3810 grad_norm=1.7717 tensors_with_grad=69/72
[train] step 448: T=653 positions=16 loss=1.9592 ce=5.0157 tv=0.6669 conf=0.3209 grad_norm=5.3168 tensors_with_grad=69/72
[train] step 449: T=528 positions=16 loss=0.6599 ce=1.6225 tv=0.2514 conf=0.5852 grad_norm=2.8094 tensors_with_grad=69/72
[train] step 450: T=599 positions=16 loss=1.5587 ce=3.8359 tv=0.4692 conf=0.5461 grad_norm=6.6019 tensors_with_grad=69/72
[train] step 451: T=543 positions=16 loss=0.6337 ce=1.3642 tv=0.2076 conf=0.5705 grad_norm=3.0897 tensors_with_grad=69/72
[train] step 452: T=532 positions=16 loss=1.1207 ce=2.7212 tv=0.2986 conf=0.4346 grad_norm=4.0959 tensors_with_grad=69/72
[train] step 453: T=1026 positions=16 loss=1.9733 ce=5.8369 tv=0.6211 conf=0.6040 grad_norm=6.9518 tensors_with_grad=69/72
[train] step 454: T=577 positions=16 loss=1.6337 ce=4.1812 tv=0.5077 conf=0.5675 grad_norm=4.3562 tensors_with_grad=69/72
[train] step 455: T=1744 positions=16 loss=2.5520 ce=7.4193 tv=0.7030 conf=0.3738 grad_norm=5.1991 tensors_with_grad=69/72
[train] step 456: T=643 positions=16 loss=0.5061 ce=1.1538 tv=0.2022 conf=0.5590 grad_norm=3.2633 tensors_with_grad=69/72
[train] step 457: T=678 positions=16 loss=1.4097 ce=3.6269 tv=0.4749 conf=0.5148 grad_norm=3.5114 tensors_with_grad=69/72
[train] step 458: T=534 positions=16 loss=1.6567 ce=4.2321 tv=0.5348 conf=0.5423 grad_norm=3.5703 tensors_with_grad=69/72
[train] step 459: T=561 positions=16 loss=0.8316 ce=2.1449 tv=0.2588 conf=0.5766 grad_norm=9.3954 tensors_with_grad=69/72
[train] step 460: T=529 positions=16 loss=1.1617 ce=2.5753 tv=0.4780 conf=0.4627 grad_norm=4.3823 tensors_with_grad=69/72
[train] step 461: T=618 positions=16 loss=0.5443 ce=1.2367 tv=0.1631 conf=0.4831 grad_norm=3.3695 tensors_with_grad=69/72
[train] step 462: T=592 positions=16 loss=1.5900 ce=4.0376 tv=0.4985 conf=0.5187 grad_norm=6.2094 tensors_with_grad=69/72
[train] step 463: T=538 positions=16 loss=0.9299 ce=1.1677 tv=0.2347 conf=0.4758 grad_norm=2.8605 tensors_with_grad=69/72
[train] step 464: T=524 positions=16 loss=1.2828 ce=3.0837 tv=0.4322 conf=0.5087 grad_norm=4.2672 tensors_with_grad=69/72
[train] step 465: T=639 positions=16 loss=1.4243 ce=3.8642 tv=0.4080 conf=0.6212 grad_norm=6.7688 tensors_with_grad=69/72
[train] step 466: T=574 positions=16 loss=0.9159 ce=2.1559 tv=0.3107 conf=0.4937 grad_norm=5.0825 tensors_with_grad=69/72
[train] step 467: T=595 positions=16 loss=0.6525 ce=1.5477 tv=0.1929 conf=0.5865 grad_norm=5.5640 tensors_with_grad=69/72
[train] step 468: T=529 positions=16 loss=1.5136 ce=4.2396 tv=0.4079 conf=0.6110 grad_norm=4.6832 tensors_with_grad=69/72
[train] step 469: T=530 positions=16 loss=1.0556 ce=2.8135 tv=0.3680 conf=0.4801 grad_norm=4.8761 tensors_with_grad=69/72
[train] step 470: T=526 positions=16 loss=1.2630 ce=2.8699 tv=0.4698 conf=0.4597 grad_norm=3.9312 tensors_with_grad=69/72
[train] step 471: T=541 positions=16 loss=1.1675 ce=3.4005 tv=0.3123 conf=0.5036 grad_norm=13.0958 tensors_with_grad=69/72
[train] step 472: T=672 positions=16 loss=1.3955 ce=3.6335 tv=0.4034 conf=0.4068 grad_norm=3.1026 tensors_with_grad=69/72
[train] step 473: T=1079 positions=16 loss=1.8407 ce=4.9862 tv=0.4785 conf=0.5373 grad_norm=5.1933 tensors_with_grad=69/72
[train] step 474: T=529 positions=16 loss=1.3565 ce=2.9435 tv=0.4232 conf=0.4568 grad_norm=5.0278 tensors_with_grad=69/72
[train] step 475: T=544 positions=16 loss=0.9775 ce=2.0107 tv=0.3009 conf=0.5731 grad_norm=3.3037 tensors_with_grad=69/72
[train] step 476: T=1567 positions=16 loss=2.1071 ce=5.9995 tv=0.5739 conf=0.3472 grad_norm=3.7787 tensors_with_grad=69/72
[train] step 477: T=533 positions=16 loss=2.0046 ce=5.1628 tv=0.6173 conf=0.5707 grad_norm=7.0023 tensors_with_grad=69/72
[train] step 478: T=1190 positions=16 loss=2.1458 ce=6.2981 tv=0.5256 conf=0.3768 grad_norm=2.9570 tensors_with_grad=69/72
[train] step 479: T=541 positions=16 loss=0.2567 ce=0.5762 tv=0.1131 conf=0.2720 grad_norm=1.3236 tensors_with_grad=69/72
[train] step 480: T=1679 positions=16 loss=2.2533 ce=6.8924 tv=0.5662 conf=0.7342 grad_norm=7.0082 tensors_with_grad=69/72
[train] step 481: T=526 positions=16 loss=1.5024 ce=3.7626 tv=0.5267 conf=0.4604 grad_norm=3.7048 tensors_with_grad=69/72
[train] step 482: T=636 positions=16 loss=1.9252 ce=4.7818 tv=0.5774 conf=0.5044 grad_norm=6.0624 tensors_with_grad=69/72
[train] step 483: T=545 positions=16 loss=1.1151 ce=2.9626 tv=0.3560 conf=0.3111 grad_norm=3.7764 tensors_with_grad=69/72
[train] step 484: T=531 positions=16 loss=0.7703 ce=2.1346 tv=0.3052 conf=0.3696 grad_norm=4.0514 tensors_with_grad=69/72
[train] step 485: T=528 positions=16 loss=0.7674 ce=2.0912 tv=0.2473 conf=0.4675 grad_norm=3.5163 tensors_with_grad=69/72
[train] step 486: T=605 positions=16 loss=1.7075 ce=4.6063 tv=0.4242 conf=0.4335 grad_norm=4.6773 tensors_with_grad=69/72
[train] step 487: T=527 positions=16 loss=0.5904 ce=1.9094 tv=0.1974 conf=0.3759 grad_norm=2.2408 tensors_with_grad=69/72
[train] step 488: T=545 positions=16 loss=0.5827 ce=1.4107 tv=0.1598 conf=0.3293 grad_norm=4.2301 tensors_with_grad=69/72
[train] step 489: T=595 positions=16 loss=1.4289 ce=3.8866 tv=0.4820 conf=0.5194 grad_norm=5.4779 tensors_with_grad=69/72
[train] step 490: T=525 positions=16 loss=1.3751 ce=3.5125 tv=0.4904 conf=0.4615 grad_norm=5.4535 tensors_with_grad=69/72
[diag] draft-argmax == TARGET-argmax : 50.9%  | == ground-truth token: 50.4%
[diag] mean top-1 prob  target 0.842  draft 0.717   (TV near 1 with a PEAKED draft => misalignment; with a FLAT draft => genuine)
[train] saved 72 trained tensors -> /cap/s3recap-conf0.1/c0/trained/mtp_trained.safetensors
[train] saved AdamW state -> /cap/s3recap-conf0.1/c0/trained/opt_state.pt (needed for --resume to be equivalent to one continuous run)
[train] metrics -> /cap/s3recap-conf0.1/c0/train_metrics.json  (loss 2.4852 -> 1.3751, tail mean 1.3277)
[train] TRAIN OK
