[train] device=cuda torch=2.10.0
  loading model-00046-of-00048.safetensors ...
  loading model-00047-of-00048.safetensors ...
  loading model-00048-of-00048.safetensors ...
  dequantised 1512 tensors, 12.60 B params, 23.5 GiB bf16
[train] weights ready in 10.5s
[train] trainable 517.3 M in 72 tensors | frozen experts 12.08 B
[train] capture: 490 sample(s)
[Gloo] Rank 0 is connected to 0 peer ranks. Expected number of connected peer ranks is : 0
[train] ModelArgs: n_mtp=3 block=5 taps=[40, 41, 42] markov_rank=256
[train] built 3 DSparkBlock(s) on meta
[train] re-materialised freqs_cis on 3 attention module(s) (persistent=False buffers are NOT in state_dict and to_empty() zapped them)
[train] load_state_dict: 0 missing, 0 unexpected
[train] GATE1 model construction OK
[train] aux: embed.weight(129280, 4096), head.weight(129280, 4096)
[train] trainable tensors in graph: 72 / 517.3 M
[train] resumed 72/72 trained tensors from /cap/s3recap-conf0.1/c1/trained/mtp_trained.safetensors
[train] resumed AdamW state: 69/72 tensors carry moments (3 never received a gradient, expected), indices aligned
[train] P2.5 anchor: frozen copy of 3 block(s), beta=0.1
[train] lr schedule: linear warmup 73 step(s) -> cosine over 1472 session step(s), peak 5e-05; this chunk is steps 982..1471
/work/train/train_head.py:115: UserWarning: Converting a tensor with requires_grad=True to a scalar may lead to unexpected behavior.
Consider using tensor.detach() first. (Triggered internally at /opt/pytorch/torch/csrc/autograd/generated/python_variable_methods.cpp:836.)
  parts = {"ce": float((w * ce).sum()), "tv": float((w * tv).sum()), "conf": 0.0}
[train] step 0: T=527 positions=16 loss=1.3358 ce=3.4586 tv=0.4888 conf=0.4688 grad_norm=3.3800 tensors_with_grad=69/72
[train] step 1: T=616 positions=16 loss=1.3001 ce=3.3834 tv=0.4166 conf=0.4957 grad_norm=4.0469 tensors_with_grad=69/72
[train] step 2: T=533 positions=16 loss=1.0614 ce=3.0387 tv=0.4151 conf=0.4586 grad_norm=5.1339 tensors_with_grad=69/72
[train] step 3: T=626 positions=16 loss=0.6034 ce=1.8840 tv=0.2585 conf=0.3637 grad_norm=4.3678 tensors_with_grad=69/72
[train] step 4: T=638 positions=16 loss=0.8270 ce=2.7640 tv=0.2474 conf=0.4400 grad_norm=3.4842 tensors_with_grad=69/72
[train] step 5: T=535 positions=16 loss=0.9930 ce=2.6361 tv=0.2847 conf=0.4868 grad_norm=5.3086 tensors_with_grad=69/72
[train] step 6: T=1429 positions=16 loss=2.3919 ce=5.5158 tv=0.5343 conf=0.6188 grad_norm=4.7179 tensors_with_grad=69/72
[train] step 7: T=675 positions=16 loss=1.3902 ce=3.4823 tv=0.3800 conf=0.3807 grad_norm=6.2135 tensors_with_grad=69/72
[train] step 8: T=529 positions=16 loss=2.0583 ce=5.5183 tv=0.5266 conf=0.4201 grad_norm=3.6230 tensors_with_grad=69/72
[train] step 9: T=673 positions=16 loss=1.1034 ce=2.9548 tv=0.3939 conf=0.5333 grad_norm=4.0888 tensors_with_grad=69/72
[train] step 10: T=622 positions=16 loss=0.2853 ce=0.6808 tv=0.1883 conf=0.3795 grad_norm=1.8582 tensors_with_grad=69/72
[train] step 11: T=630 positions=16 loss=1.7107 ce=4.0575 tv=0.5000 conf=0.4310 grad_norm=9.7913 tensors_with_grad=69/72
[train] step 12: T=586 positions=16 loss=1.5695 ce=3.9849 tv=0.4900 conf=0.5875 grad_norm=6.9033 tensors_with_grad=69/72
[train] step 13: T=535 positions=16 loss=1.7681 ce=4.3232 tv=0.5865 conf=0.5908 grad_norm=5.0656 tensors_with_grad=69/72
[train] step 14: T=625 positions=16 loss=0.8524 ce=2.8968 tv=0.3721 conf=0.5186 grad_norm=4.7624 tensors_with_grad=69/72
[train] step 15: T=535 positions=16 loss=0.4999 ce=1.2792 tv=0.2349 conf=0.5215 grad_norm=2.8551 tensors_with_grad=69/72
[train] step 16: T=553 positions=16 loss=1.3733 ce=3.3278 tv=0.3612 conf=0.5903 grad_norm=6.3339 tensors_with_grad=69/72
[train] step 17: T=532 positions=16 loss=0.4619 ce=1.1416 tv=0.2018 conf=0.4566 grad_norm=3.1845 tensors_with_grad=69/72
[train] step 18: T=536 positions=16 loss=0.1457 ce=0.5054 tv=0.0796 conf=0.4082 grad_norm=1.0318 tensors_with_grad=69/72
[train] step 19: T=896 positions=16 loss=1.9187 ce=4.8421 tv=0.4607 conf=0.3778 grad_norm=7.4701 tensors_with_grad=69/72
[train] step 20: T=544 positions=16 loss=1.3269 ce=3.2486 tv=0.3117 conf=0.5469 grad_norm=16.7888 tensors_with_grad=69/72
[train] step 21: T=581 positions=16 loss=0.6821 ce=2.3344 tv=0.3185 conf=0.4471 grad_norm=4.9407 tensors_with_grad=69/72
[train] step 22: T=672 positions=16 loss=1.7158 ce=3.8728 tv=0.5682 conf=0.5698 grad_norm=4.4279 tensors_with_grad=69/72
[train] step 23: T=587 positions=16 loss=0.4698 ce=1.3931 tv=0.1966 conf=0.5136 grad_norm=3.0090 tensors_with_grad=69/72
[train] step 24: T=674 positions=16 loss=1.6852 ce=4.4265 tv=0.4813 conf=0.5067 grad_norm=6.3835 tensors_with_grad=69/72
[train] step 25: T=563 positions=16 loss=0.5930 ce=1.3344 tv=0.2042 conf=0.2149 grad_norm=2.7871 tensors_with_grad=69/72
[train] step 26: T=566 positions=16 loss=1.7876 ce=4.5952 tv=0.4348 conf=0.3559 grad_norm=4.2594 tensors_with_grad=69/72
[train] step 27: T=612 positions=16 loss=0.7337 ce=1.9540 tv=0.3290 conf=0.6117 grad_norm=4.9489 tensors_with_grad=69/72
[train] step 28: T=673 positions=16 loss=0.6144 ce=1.4915 tv=0.2707 conf=0.6150 grad_norm=3.8707 tensors_with_grad=69/72
[train] step 29: T=537 positions=16 loss=2.0041 ce=4.1734 tv=0.5803 conf=0.5627 grad_norm=5.8400 tensors_with_grad=69/72
[train] step 30: T=657 positions=16 loss=0.6921 ce=2.0239 tv=0.2730 conf=0.5149 grad_norm=3.2092 tensors_with_grad=69/72
[train] step 31: T=595 positions=16 loss=0.6391 ce=1.5414 tv=0.1737 conf=0.7768 grad_norm=3.2778 tensors_with_grad=69/72
[train] step 32: T=970 positions=16 loss=2.0191 ce=4.4522 tv=0.4828 conf=0.3992 grad_norm=4.9416 tensors_with_grad=69/72
[train] step 33: T=1741 positions=16 loss=3.1628 ce=7.5428 tv=0.6626 conf=0.3264 grad_norm=8.2363 tensors_with_grad=69/72
[train] step 34: T=574 positions=16 loss=2.1681 ce=5.0326 tv=0.5850 conf=0.3503 grad_norm=7.3098 tensors_with_grad=69/72
[train] step 35: T=581 positions=16 loss=1.2931 ce=3.0999 tv=0.3468 conf=0.4115 grad_norm=3.6062 tensors_with_grad=69/72
[train] step 36: T=563 positions=16 loss=0.9683 ce=2.7274 tv=0.3194 conf=0.4033 grad_norm=3.5674 tensors_with_grad=69/72
[train] step 37: T=534 positions=16 loss=0.1942 ce=0.4764 tv=0.1259 conf=0.4081 grad_norm=1.3922 tensors_with_grad=69/72
[train] step 38: T=645 positions=16 loss=2.5430 ce=5.9155 tv=0.6462 conf=0.6640 grad_norm=7.8793 tensors_with_grad=69/72
[train] step 39: T=672 positions=16 loss=1.4834 ce=3.8363 tv=0.4497 conf=0.5367 grad_norm=11.0336 tensors_with_grad=69/72
[train] step 40: T=578 positions=16 loss=0.9829 ce=2.3902 tv=0.3310 conf=0.5025 grad_norm=3.5965 tensors_with_grad=69/72
[train] step 41: T=527 positions=16 loss=1.5132 ce=4.0495 tv=0.4409 conf=0.5212 grad_norm=8.5161 tensors_with_grad=69/72
[train] step 42: T=645 positions=16 loss=0.9507 ce=2.4496 tv=0.3340 conf=0.4289 grad_norm=6.0502 tensors_with_grad=69/72
[train] step 43: T=1008 positions=16 loss=1.6124 ce=4.3879 tv=0.3766 conf=0.3612 grad_norm=3.0805 tensors_with_grad=69/72
[train] step 44: T=676 positions=16 loss=1.1762 ce=3.2931 tv=0.3835 conf=0.3845 grad_norm=5.7657 tensors_with_grad=69/72
[train] step 45: T=674 positions=16 loss=1.5526 ce=3.6366 tv=0.4939 conf=0.4043 grad_norm=4.2784 tensors_with_grad=69/72
[train] step 46: T=528 positions=16 loss=1.4583 ce=3.3860 tv=0.5009 conf=0.4698 grad_norm=6.1561 tensors_with_grad=69/72
[train] step 47: T=538 positions=16 loss=1.6133 ce=3.8088 tv=0.4550 conf=0.5014 grad_norm=8.6124 tensors_with_grad=69/72
[train] step 48: T=572 positions=16 loss=1.5481 ce=3.9450 tv=0.4916 conf=0.5900 grad_norm=5.1720 tensors_with_grad=69/72
[train] step 49: T=536 positions=16 loss=0.9150 ce=2.4659 tv=0.3112 conf=0.7176 grad_norm=6.7921 tensors_with_grad=69/72
[train] step 50: T=673 positions=16 loss=1.9948 ce=4.7260 tv=0.5742 conf=0.3975 grad_norm=7.3764 tensors_with_grad=69/72
[train] step 51: T=603 positions=16 loss=0.3480 ce=1.4023 tv=0.1546 conf=0.4290 grad_norm=1.6601 tensors_with_grad=69/72
[train] step 52: T=532 positions=16 loss=1.1418 ce=2.5989 tv=0.3332 conf=0.3968 grad_norm=9.2191 tensors_with_grad=69/72
[train] step 53: T=618 positions=16 loss=0.7788 ce=2.0400 tv=0.3511 conf=0.6680 grad_norm=7.3550 tensors_with_grad=69/72
[train] step 54: T=539 positions=16 loss=0.4080 ce=1.1511 tv=0.1994 conf=0.5644 grad_norm=2.7511 tensors_with_grad=69/72
[train] step 55: T=569 positions=16 loss=1.3564 ce=3.2525 tv=0.3564 conf=0.4217 grad_norm=4.1947 tensors_with_grad=69/72
[train] step 56: T=589 positions=16 loss=1.8773 ce=4.6285 tv=0.5881 conf=0.5884 grad_norm=7.4504 tensors_with_grad=69/72
[train] step 57: T=653 positions=16 loss=2.1820 ce=6.0295 tv=0.5542 conf=0.4418 grad_norm=8.8444 tensors_with_grad=69/72
[train] step 58: T=675 positions=16 loss=1.4097 ce=3.7928 tv=0.4636 conf=0.4998 grad_norm=4.0778 tensors_with_grad=69/72
[train] step 59: T=599 positions=16 loss=2.2461 ce=6.3224 tv=0.5446 conf=0.4647 grad_norm=6.7275 tensors_with_grad=69/72
[train] step 60: T=901 positions=16 loss=1.4879 ce=3.9866 tv=0.4263 conf=0.3206 grad_norm=5.3548 tensors_with_grad=69/72
[train] step 61: T=597 positions=16 loss=0.4266 ce=1.1224 tv=0.1559 conf=0.3688 grad_norm=1.5365 tensors_with_grad=69/72
[train] step 62: T=613 positions=16 loss=0.1354 ce=0.5004 tv=0.1537 conf=0.6027 grad_norm=4.8457 tensors_with_grad=69/72
[train] step 63: T=546 positions=16 loss=0.6564 ce=1.6871 tv=0.3003 conf=0.5290 grad_norm=3.1647 tensors_with_grad=69/72
[train] step 64: T=535 positions=16 loss=0.1434 ce=0.3418 tv=0.1077 conf=0.3647 grad_norm=0.9620 tensors_with_grad=69/72
[train] step 65: T=527 positions=16 loss=1.7712 ce=3.6154 tv=0.6025 conf=0.4611 grad_norm=3.6411 tensors_with_grad=69/72
[train] step 66: T=672 positions=16 loss=2.2054 ce=5.0855 tv=0.6061 conf=0.4486 grad_norm=5.6637 tensors_with_grad=69/72
[train] step 67: T=535 positions=16 loss=1.6909 ce=4.3550 tv=0.5730 conf=0.6681 grad_norm=5.0323 tensors_with_grad=69/72
[train] step 68: T=629 positions=16 loss=1.2565 ce=2.9085 tv=0.4620 conf=0.4918 grad_norm=6.7239 tensors_with_grad=69/72
[train] step 69: T=529 positions=16 loss=1.0575 ce=2.5662 tv=0.3620 conf=0.6094 grad_norm=6.3248 tensors_with_grad=69/72
[train] step 70: T=544 positions=16 loss=0.2160 ce=0.7630 tv=0.1247 conf=0.3676 grad_norm=1.7791 tensors_with_grad=69/72
[train] step 71: T=1433 positions=16 loss=2.4372 ce=5.6864 tv=0.5937 conf=0.5849 grad_norm=5.2910 tensors_with_grad=69/72
[train] step 72: T=528 positions=16 loss=1.6257 ce=3.9324 tv=0.4179 conf=0.3862 grad_norm=5.8177 tensors_with_grad=69/72
[train] step 73: T=674 positions=16 loss=1.5457 ce=3.8985 tv=0.4897 conf=0.4886 grad_norm=6.6545 tensors_with_grad=69/72
[train] step 74: T=527 positions=16 loss=1.1666 ce=3.0199 tv=0.3501 conf=0.5462 grad_norm=5.9919 tensors_with_grad=69/72
[train] step 75: T=642 positions=16 loss=1.5997 ce=4.1260 tv=0.4965 conf=0.6351 grad_norm=3.8576 tensors_with_grad=69/72
[train] step 76: T=598 positions=16 loss=0.5433 ce=1.3965 tv=0.1998 conf=0.3775 grad_norm=4.8293 tensors_with_grad=69/72
[train] step 77: T=933 positions=16 loss=1.6890 ce=3.9652 tv=0.4726 conf=0.3654 grad_norm=4.8685 tensors_with_grad=69/72
[train] step 78: T=653 positions=16 loss=2.0184 ce=5.9713 tv=0.6005 conf=0.5601 grad_norm=14.1205 tensors_with_grad=69/72
[train] step 79: T=655 positions=16 loss=1.0258 ce=3.4946 tv=0.4167 conf=0.6162 grad_norm=4.3947 tensors_with_grad=69/72
[train] step 80: T=585 positions=16 loss=0.5402 ce=1.5116 tv=0.2090 conf=0.5266 grad_norm=2.0377 tensors_with_grad=69/72
[train] step 81: T=641 positions=16 loss=2.1851 ce=5.1743 tv=0.6183 conf=0.4259 grad_norm=7.4723 tensors_with_grad=69/72
[train] step 82: T=532 positions=16 loss=0.9772 ce=2.4996 tv=0.3079 conf=0.3735 grad_norm=4.5335 tensors_with_grad=69/72
[train] step 83: T=526 positions=16 loss=1.9277 ce=4.3234 tv=0.5772 conf=0.4813 grad_norm=6.5626 tensors_with_grad=69/72
[train] step 84: T=590 positions=16 loss=0.6760 ce=1.8924 tv=0.2905 conf=0.5472 grad_norm=3.8627 tensors_with_grad=69/72
[train] step 85: T=527 positions=16 loss=1.3920 ce=3.6013 tv=0.4741 conf=0.6800 grad_norm=2.7636 tensors_with_grad=69/72
[train] step 86: T=838 positions=16 loss=1.3944 ce=3.3538 tv=0.4824 conf=0.5377 grad_norm=6.7287 tensors_with_grad=69/72
[train] step 87: T=528 positions=16 loss=0.5405 ce=1.3672 tv=0.2208 conf=0.3672 grad_norm=2.3270 tensors_with_grad=69/72
[train] step 88: T=594 positions=16 loss=0.9272 ce=2.1893 tv=0.2829 conf=0.5011 grad_norm=8.6524 tensors_with_grad=69/72
[train] step 89: T=634 positions=16 loss=1.0587 ce=2.7105 tv=0.3257 conf=0.5355 grad_norm=5.6331 tensors_with_grad=69/72
[train] step 90: T=558 positions=16 loss=1.1005 ce=2.7465 tv=0.4147 conf=0.5886 grad_norm=7.3224 tensors_with_grad=69/72
[train] step 91: T=649 positions=16 loss=1.0420 ce=2.9579 tv=0.3458 conf=0.5973 grad_norm=3.4441 tensors_with_grad=69/72
[train] step 92: T=1085 positions=16 loss=1.6538 ce=3.9113 tv=0.4206 conf=0.4037 grad_norm=8.4886 tensors_with_grad=69/72
[train] step 93: T=575 positions=16 loss=0.7172 ce=1.9817 tv=0.2741 conf=0.6230 grad_norm=3.1662 tensors_with_grad=69/72
[train] step 94: T=611 positions=16 loss=0.4921 ce=1.4093 tv=0.2319 conf=0.4665 grad_norm=1.8145 tensors_with_grad=69/72
[train] step 95: T=529 positions=16 loss=2.1337 ce=4.6496 tv=0.6338 conf=0.3733 grad_norm=5.3799 tensors_with_grad=69/72
[train] step 96: T=526 positions=16 loss=1.2058 ce=2.8346 tv=0.4025 conf=0.3746 grad_norm=4.9845 tensors_with_grad=69/72
[train] step 97: T=576 positions=16 loss=1.0715 ce=2.6155 tv=0.3682 conf=0.5650 grad_norm=5.3945 tensors_with_grad=69/72
[train] step 98: T=674 positions=16 loss=1.9088 ce=4.5223 tv=0.5211 conf=0.4983 grad_norm=7.3770 tensors_with_grad=69/72
[train] step 99: T=535 positions=16 loss=0.6371 ce=1.3500 tv=0.2967 conf=0.4107 grad_norm=4.7571 tensors_with_grad=69/72
[train] step 100: T=975 positions=16 loss=2.0307 ce=5.4616 tv=0.4858 conf=0.5170 grad_norm=4.2901 tensors_with_grad=69/72
[train] step 101: T=1794 positions=16 loss=2.3701 ce=6.0304 tv=0.6028 conf=0.4386 grad_norm=4.2179 tensors_with_grad=69/72
[train] step 102: T=532 positions=16 loss=1.0881 ce=2.7331 tv=0.4669 conf=0.5105 grad_norm=5.9751 tensors_with_grad=69/72
[train] step 103: T=552 positions=16 loss=1.3019 ce=3.8095 tv=0.3783 conf=0.4534 grad_norm=6.8172 tensors_with_grad=69/72
[train] step 104: T=541 positions=16 loss=1.5236 ce=4.1201 tv=0.4183 conf=0.4605 grad_norm=10.6161 tensors_with_grad=69/72
[train] step 105: T=678 positions=16 loss=1.0688 ce=2.5003 tv=0.3313 conf=0.5314 grad_norm=13.8516 tensors_with_grad=69/72
[train] step 106: T=527 positions=16 loss=1.9803 ce=5.3669 tv=0.5638 conf=0.4447 grad_norm=6.1811 tensors_with_grad=69/72
[train] step 107: T=648 positions=16 loss=1.6755 ce=4.1680 tv=0.5210 conf=0.5764 grad_norm=3.5701 tensors_with_grad=69/72
[train] step 108: T=543 positions=16 loss=0.4001 ce=0.8962 tv=0.1735 conf=0.3416 grad_norm=5.1088 tensors_with_grad=69/72
[train] step 109: T=920 positions=16 loss=2.0842 ce=5.7741 tv=0.5613 conf=0.4558 grad_norm=7.6573 tensors_with_grad=69/72
[train] step 110: T=672 positions=16 loss=1.1745 ce=3.3960 tv=0.4087 conf=0.4733 grad_norm=6.1323 tensors_with_grad=69/72
[train] step 111: T=882 positions=16 loss=1.5965 ce=3.8734 tv=0.4333 conf=0.2955 grad_norm=4.5037 tensors_with_grad=69/72
[train] step 112: T=528 positions=16 loss=0.4519 ce=1.1552 tv=0.2379 conf=0.5380 grad_norm=3.8506 tensors_with_grad=69/72
[train] step 113: T=674 positions=16 loss=1.6880 ce=4.9211 tv=0.4893 conf=0.4730 grad_norm=5.1819 tensors_with_grad=69/72
[train] step 114: T=533 positions=16 loss=0.5567 ce=1.4194 tv=0.2291 conf=0.3639 grad_norm=5.6929 tensors_with_grad=69/72
[train] step 115: T=623 positions=16 loss=1.8156 ce=4.9964 tv=0.4527 conf=0.6941 grad_norm=4.9413 tensors_with_grad=69/72
[train] step 116: T=1190 positions=16 loss=1.9173 ce=4.9208 tv=0.4697 conf=0.3995 grad_norm=6.6480 tensors_with_grad=69/72
[train] step 117: T=627 positions=16 loss=1.0723 ce=2.5974 tv=0.3423 conf=0.4592 grad_norm=3.6850 tensors_with_grad=69/72
[train] step 118: T=638 positions=16 loss=1.5208 ce=3.8042 tv=0.5442 conf=0.4122 grad_norm=4.2156 tensors_with_grad=69/72
[train] step 119: T=605 positions=16 loss=1.2324 ce=3.5557 tv=0.4456 conf=0.4201 grad_norm=5.4408 tensors_with_grad=69/72
[train] step 120: T=664 positions=16 loss=0.4432 ce=0.9547 tv=0.2127 conf=0.4266 grad_norm=2.0057 tensors_with_grad=69/72
[train] step 121: T=530 positions=16 loss=1.5216 ce=4.2287 tv=0.3928 conf=0.3565 grad_norm=6.7772 tensors_with_grad=69/72
[train] step 122: T=541 positions=16 loss=0.3055 ce=0.9024 tv=0.1498 conf=0.3483 grad_norm=1.5845 tensors_with_grad=69/72
[train] step 123: T=533 positions=16 loss=0.8033 ce=2.1463 tv=0.2990 conf=0.3960 grad_norm=4.9737 tensors_with_grad=69/72
[train] step 124: T=616 positions=16 loss=1.1225 ce=3.1408 tv=0.3768 conf=0.4937 grad_norm=3.4233 tensors_with_grad=69/72
[train] step 125: T=672 positions=16 loss=2.2544 ce=5.1139 tv=0.6466 conf=0.4580 grad_norm=6.4799 tensors_with_grad=69/72
[train] step 126: T=524 positions=16 loss=1.5934 ce=3.8894 tv=0.5029 conf=0.4479 grad_norm=6.7367 tensors_with_grad=69/72
[train] step 127: T=1177 positions=16 loss=2.2747 ce=5.6720 tv=0.5633 conf=0.4121 grad_norm=4.5657 tensors_with_grad=69/72
[train] step 128: T=543 positions=16 loss=0.9084 ce=2.2225 tv=0.3456 conf=0.4398 grad_norm=4.3408 tensors_with_grad=69/72
[train] step 129: T=537 positions=16 loss=0.9849 ce=2.2010 tv=0.3361 conf=0.4308 grad_norm=5.3230 tensors_with_grad=69/72
[train] step 130: T=533 positions=16 loss=1.3549 ce=4.6067 tv=0.3562 conf=0.5368 grad_norm=19.7789 tensors_with_grad=69/72
[train] step 131: T=532 positions=16 loss=1.4610 ce=3.8597 tv=0.5156 conf=0.5992 grad_norm=5.3831 tensors_with_grad=69/72
[train] step 132: T=572 positions=16 loss=0.1842 ce=0.7827 tv=0.1317 conf=0.3860 grad_norm=1.8171 tensors_with_grad=69/72
[train] step 133: T=531 positions=16 loss=1.9320 ce=4.5021 tv=0.6001 conf=0.5050 grad_norm=6.2460 tensors_with_grad=69/72
[train] step 134: T=553 positions=16 loss=0.8849 ce=2.3296 tv=0.2336 conf=0.2598 grad_norm=5.3399 tensors_with_grad=69/72
[train] step 135: T=540 positions=16 loss=0.8269 ce=2.0673 tv=0.2919 conf=0.3085 grad_norm=4.7518 tensors_with_grad=69/72
[train] step 136: T=532 positions=16 loss=1.2221 ce=3.3913 tv=0.3526 conf=0.5211 grad_norm=4.8453 tensors_with_grad=69/72
[train] step 137: T=552 positions=16 loss=0.9666 ce=2.3980 tv=0.3028 conf=0.3839 grad_norm=3.8609 tensors_with_grad=69/72
[train] step 138: T=565 positions=16 loss=0.4792 ce=1.1916 tv=0.1929 conf=0.4531 grad_norm=2.3342 tensors_with_grad=69/72
[train] step 139: T=534 positions=16 loss=0.8187 ce=2.2688 tv=0.2978 conf=0.3664 grad_norm=3.0200 tensors_with_grad=69/72
[train] step 140: T=1720 positions=16 loss=2.3323 ce=5.1738 tv=0.6723 conf=0.4787 grad_norm=6.6075 tensors_with_grad=69/72
[train] step 141: T=539 positions=16 loss=1.2389 ce=3.7358 tv=0.4326 conf=0.5592 grad_norm=11.2721 tensors_with_grad=69/72
[train] step 142: T=1793 positions=16 loss=2.7110 ce=7.1252 tv=0.6555 conf=0.4135 grad_norm=6.8275 tensors_with_grad=69/72
[train] step 143: T=581 positions=16 loss=1.2133 ce=3.0860 tv=0.3908 conf=0.5116 grad_norm=6.7632 tensors_with_grad=69/72
[train] step 144: T=1033 positions=16 loss=2.9020 ce=7.7845 tv=0.6394 conf=0.3087 grad_norm=6.1449 tensors_with_grad=69/72
[train] step 145: T=544 positions=16 loss=0.7479 ce=1.9460 tv=0.2465 conf=0.3330 grad_norm=3.8937 tensors_with_grad=69/72
[train] step 146: T=1570 positions=16 loss=2.5594 ce=6.3179 tv=0.6554 conf=0.4685 grad_norm=4.9656 tensors_with_grad=69/72
[train] step 147: T=1007 positions=16 loss=1.8255 ce=4.5257 tv=0.4812 conf=0.4523 grad_norm=4.5132 tensors_with_grad=69/72
[train] step 148: T=656 positions=16 loss=0.6879 ce=2.3122 tv=0.2906 conf=0.4379 grad_norm=3.1886 tensors_with_grad=69/72
[train] step 149: T=605 positions=16 loss=0.5017 ce=1.7161 tv=0.2533 conf=0.4745 grad_norm=3.1571 tensors_with_grad=69/72
[train] step 150: T=1792 positions=16 loss=2.8488 ce=7.4024 tv=0.6118 conf=0.3320 grad_norm=7.2804 tensors_with_grad=69/72
[train] step 151: T=535 positions=16 loss=0.5025 ce=1.2470 tv=0.1210 conf=0.8592 grad_norm=2.6837 tensors_with_grad=69/72
[train] step 152: T=550 positions=16 loss=1.6829 ce=4.2380 tv=0.4541 conf=0.4690 grad_norm=4.1050 tensors_with_grad=69/72
[train] step 153: T=608 positions=16 loss=1.0798 ce=2.7080 tv=0.4051 conf=0.5432 grad_norm=7.1771 tensors_with_grad=69/72
[train] step 154: T=901 positions=16 loss=1.3180 ce=3.2607 tv=0.3865 conf=0.4757 grad_norm=5.2740 tensors_with_grad=69/72
[train] step 155: T=527 positions=16 loss=1.8412 ce=4.6220 tv=0.5770 conf=0.6738 grad_norm=5.2544 tensors_with_grad=69/72
[train] step 156: T=1058 positions=16 loss=1.4717 ce=4.0633 tv=0.4617 conf=0.5066 grad_norm=5.1703 tensors_with_grad=69/72
[train] step 157: T=629 positions=16 loss=0.6775 ce=1.8431 tv=0.2683 conf=0.4193 grad_norm=2.6924 tensors_with_grad=69/72
[train] step 158: T=532 positions=16 loss=0.5298 ce=1.4037 tv=0.2062 conf=0.3497 grad_norm=4.0463 tensors_with_grad=69/72
[train] step 159: T=674 positions=16 loss=1.1906 ce=3.1906 tv=0.4574 conf=0.4898 grad_norm=3.3489 tensors_with_grad=69/72
[train] step 160: T=546 positions=16 loss=0.4043 ce=0.9626 tv=0.1991 conf=0.4054 grad_norm=2.9147 tensors_with_grad=69/72
[train] step 161: T=574 positions=16 loss=0.9182 ce=2.0763 tv=0.3154 conf=0.5682 grad_norm=3.0998 tensors_with_grad=69/72
[train] step 162: T=675 positions=16 loss=1.0977 ce=3.2029 tv=0.3998 conf=0.4835 grad_norm=7.8984 tensors_with_grad=69/72
[train] step 163: T=549 positions=16 loss=0.9674 ce=2.4958 tv=0.3582 conf=0.4814 grad_norm=2.9986 tensors_with_grad=69/72
[train] step 164: T=671 positions=16 loss=1.3987 ce=3.5747 tv=0.5051 conf=0.5668 grad_norm=5.1201 tensors_with_grad=69/72
[train] step 165: T=609 positions=16 loss=1.0030 ce=2.2303 tv=0.4277 conf=0.4728 grad_norm=9.0317 tensors_with_grad=69/72
[train] step 166: T=570 positions=16 loss=1.9565 ce=4.8870 tv=0.4837 conf=0.4491 grad_norm=6.6739 tensors_with_grad=69/72
[train] step 167: T=540 positions=16 loss=0.8744 ce=2.2674 tv=0.3266 conf=0.5055 grad_norm=8.7109 tensors_with_grad=69/72
[train] step 168: T=618 positions=16 loss=1.0707 ce=3.0542 tv=0.3315 conf=0.4985 grad_norm=4.1872 tensors_with_grad=69/72
[train] step 169: T=524 positions=16 loss=2.1704 ce=5.4066 tv=0.5998 conf=0.4796 grad_norm=7.9995 tensors_with_grad=69/72
[train] step 170: T=673 positions=16 loss=1.6107 ce=4.5456 tv=0.5011 conf=0.6403 grad_norm=5.0614 tensors_with_grad=69/72
[train] step 171: T=526 positions=16 loss=0.5300 ce=1.3399 tv=0.2691 conf=0.5705 grad_norm=2.4910 tensors_with_grad=69/72
[train] step 172: T=531 positions=16 loss=1.0164 ce=3.0197 tv=0.3088 conf=0.3554 grad_norm=3.5045 tensors_with_grad=69/72
[train] step 173: T=536 positions=16 loss=0.5849 ce=1.6101 tv=0.2622 conf=0.4073 grad_norm=4.5631 tensors_with_grad=69/72
[train] step 174: T=601 positions=16 loss=0.5221 ce=1.4421 tv=0.2231 conf=0.4350 grad_norm=4.3700 tensors_with_grad=69/72
[train] step 175: T=647 positions=16 loss=1.3882 ce=3.6096 tv=0.4795 conf=0.6100 grad_norm=4.2231 tensors_with_grad=69/72
[train] step 176: T=532 positions=16 loss=0.6322 ce=1.7265 tv=0.3043 conf=0.4321 grad_norm=3.2016 tensors_with_grad=69/72
[train] step 177: T=544 positions=16 loss=0.6511 ce=1.8790 tv=0.2240 conf=0.2905 grad_norm=4.5199 tensors_with_grad=69/72
[train] step 178: T=673 positions=16 loss=1.5175 ce=3.9264 tv=0.5503 conf=0.5637 grad_norm=5.3678 tensors_with_grad=69/72
[train] step 179: T=593 positions=16 loss=0.4012 ce=0.9741 tv=0.2046 conf=0.3858 grad_norm=4.0718 tensors_with_grad=69/72
[train] step 180: T=568 positions=16 loss=0.4591 ce=1.4843 tv=0.1624 conf=0.4940 grad_norm=2.5822 tensors_with_grad=69/72
[train] step 181: T=589 positions=16 loss=0.2524 ce=0.5652 tv=0.1822 conf=0.4470 grad_norm=4.9050 tensors_with_grad=69/72
[train] step 182: T=526 positions=16 loss=0.6001 ce=1.9428 tv=0.2776 conf=0.5841 grad_norm=2.7562 tensors_with_grad=69/72
[train] step 183: T=538 positions=16 loss=0.1412 ce=0.6889 tv=0.1011 conf=0.3525 grad_norm=1.0287 tensors_with_grad=69/72
[train] step 184: T=1365 positions=16 loss=2.1004 ce=5.4977 tv=0.5420 conf=0.5792 grad_norm=14.6142 tensors_with_grad=69/72
[train] step 185: T=533 positions=16 loss=0.7056 ce=2.1102 tv=0.2763 conf=0.4004 grad_norm=5.8837 tensors_with_grad=69/72
[train] step 186: T=526 positions=16 loss=1.8396 ce=4.4379 tv=0.6161 conf=0.4497 grad_norm=5.6745 tensors_with_grad=69/72
[train] step 187: T=625 positions=16 loss=0.2844 ce=0.6586 tv=0.1482 conf=0.4837 grad_norm=1.0203 tensors_with_grad=69/72
[train] step 188: T=544 positions=16 loss=1.6693 ce=4.6407 tv=0.5310 conf=0.5814 grad_norm=5.7158 tensors_with_grad=69/72
[train] step 189: T=531 positions=16 loss=1.5933 ce=4.5367 tv=0.5221 conf=0.5770 grad_norm=5.2842 tensors_with_grad=69/72
[train] step 190: T=1057 positions=16 loss=1.5450 ce=3.9938 tv=0.4333 conf=0.3853 grad_norm=3.4640 tensors_with_grad=69/72
[train] step 191: T=1004 positions=16 loss=2.0946 ce=5.1813 tv=0.5652 conf=0.4206 grad_norm=10.0770 tensors_with_grad=69/72
[train] step 192: T=673 positions=16 loss=1.8401 ce=4.5287 tv=0.5409 conf=0.4827 grad_norm=8.3529 tensors_with_grad=69/72
[train] step 193: T=541 positions=16 loss=0.2954 ce=0.8661 tv=0.1607 conf=0.3629 grad_norm=2.8177 tensors_with_grad=69/72
[train] step 194: T=531 positions=16 loss=0.2776 ce=0.7587 tv=0.1639 conf=0.5512 grad_norm=1.2661 tensors_with_grad=69/72
[train] step 195: T=561 positions=16 loss=0.3625 ce=0.7814 tv=0.1914 conf=0.4113 grad_norm=4.1134 tensors_with_grad=69/72
[train] step 196: T=535 positions=16 loss=0.9764 ce=2.9496 tv=0.3037 conf=0.5161 grad_norm=4.7808 tensors_with_grad=69/72
[train] step 197: T=571 positions=16 loss=0.6244 ce=1.7031 tv=0.3104 conf=0.4596 grad_norm=4.0259 tensors_with_grad=69/72
[train] step 198: T=672 positions=16 loss=2.5631 ce=5.8174 tv=0.6725 conf=0.4605 grad_norm=8.4954 tensors_with_grad=69/72
[train] step 199: T=540 positions=16 loss=0.2092 ce=0.5829 tv=0.1187 conf=0.4079 grad_norm=3.7864 tensors_with_grad=69/72
[train] step 200: T=532 positions=16 loss=0.1286 ce=0.3031 tv=0.0764 conf=0.2792 grad_norm=0.9319 tensors_with_grad=69/72
[train] step 201: T=676 positions=16 loss=1.6984 ce=4.2741 tv=0.5493 conf=0.4146 grad_norm=5.5867 tensors_with_grad=69/72
[train] step 202: T=838 positions=16 loss=1.5291 ce=3.6873 tv=0.4219 conf=0.4299 grad_norm=4.3851 tensors_with_grad=69/72
[train] step 203: T=583 positions=16 loss=1.5390 ce=3.7815 tv=0.4347 conf=0.3706 grad_norm=5.3331 tensors_with_grad=69/72
[train] step 204: T=527 positions=16 loss=0.6741 ce=1.7652 tv=0.2661 conf=0.5356 grad_norm=2.6276 tensors_with_grad=69/72
[train] step 205: T=675 positions=16 loss=1.4852 ce=3.6337 tv=0.4131 conf=0.3445 grad_norm=5.4767 tensors_with_grad=69/72
[train] step 206: T=542 positions=16 loss=1.0292 ce=2.7802 tv=0.3284 conf=0.4980 grad_norm=5.0165 tensors_with_grad=69/72
[train] step 207: T=1211 positions=16 loss=1.9992 ce=4.9969 tv=0.4872 conf=0.4763 grad_norm=6.2459 tensors_with_grad=69/72
[train] step 208: T=527 positions=16 loss=0.2167 ce=0.6068 tv=0.0953 conf=0.3150 grad_norm=1.4245 tensors_with_grad=69/72
[train] step 209: T=1106 positions=16 loss=2.5455 ce=6.5807 tv=0.5781 conf=0.4661 grad_norm=6.9562 tensors_with_grad=69/72
[train] step 210: T=533 positions=16 loss=0.2969 ce=0.9342 tv=0.1790 conf=0.4868 grad_norm=1.8509 tensors_with_grad=69/72
[train] step 211: T=1721 positions=16 loss=2.1627 ce=5.4450 tv=0.5755 conf=0.6141 grad_norm=5.0113 tensors_with_grad=69/72
[train] step 212: T=616 positions=16 loss=0.6035 ce=1.6033 tv=0.2105 conf=0.4549 grad_norm=3.8189 tensors_with_grad=69/72
[train] step 213: T=672 positions=16 loss=1.5749 ce=4.7102 tv=0.4531 conf=0.4456 grad_norm=7.3842 tensors_with_grad=69/72
[train] step 214: T=529 positions=16 loss=1.6370 ce=3.9232 tv=0.5381 conf=0.5433 grad_norm=4.3377 tensors_with_grad=69/72
[train] step 215: T=536 positions=16 loss=0.2396 ce=0.9258 tv=0.1836 conf=0.7252 grad_norm=2.3049 tensors_with_grad=69/72
[train] step 216: T=550 positions=16 loss=1.3482 ce=3.4018 tv=0.4124 conf=0.3561 grad_norm=6.2242 tensors_with_grad=69/72
[train] step 217: T=1223 positions=16 loss=2.7713 ce=6.8784 tv=0.6361 conf=0.5458 grad_norm=6.8706 tensors_with_grad=69/72
[train] step 218: T=528 positions=16 loss=0.9575 ce=2.5371 tv=0.3844 conf=0.6751 grad_norm=7.5083 tensors_with_grad=69/72
[train] step 219: T=535 positions=16 loss=0.4694 ce=1.3872 tv=0.1991 conf=0.4317 grad_norm=5.0219 tensors_with_grad=69/72
[train] step 220: T=580 positions=16 loss=0.6792 ce=1.7494 tv=0.3066 conf=0.5207 grad_norm=5.4713 tensors_with_grad=69/72
[train] step 221: T=533 positions=16 loss=0.0740 ce=0.2625 tv=0.0733 conf=0.2620 grad_norm=0.9068 tensors_with_grad=69/72
[train] step 222: T=531 positions=16 loss=0.8042 ce=2.2589 tv=0.3134 conf=0.4069 grad_norm=5.6646 tensors_with_grad=69/72
[train] step 223: T=577 positions=16 loss=1.5599 ce=3.8120 tv=0.4751 conf=0.5394 grad_norm=4.3074 tensors_with_grad=69/72
[train] step 224: T=583 positions=16 loss=1.6925 ce=4.1347 tv=0.4510 conf=0.5037 grad_norm=7.1326 tensors_with_grad=69/72
[train] step 225: T=673 positions=16 loss=1.5161 ce=4.0245 tv=0.5033 conf=0.5145 grad_norm=5.8435 tensors_with_grad=69/72
[train] step 226: T=672 positions=16 loss=0.9847 ce=2.7881 tv=0.3396 conf=0.4989 grad_norm=6.1867 tensors_with_grad=69/72
[train] step 227: T=1189 positions=16 loss=2.1742 ce=5.4645 tv=0.5485 conf=0.4017 grad_norm=6.9864 tensors_with_grad=69/72
[train] step 228: T=534 positions=16 loss=1.9062 ce=5.2102 tv=0.5763 conf=0.4512 grad_norm=5.5660 tensors_with_grad=69/72
[train] step 229: T=531 positions=16 loss=0.6825 ce=1.9489 tv=0.2754 conf=0.5015 grad_norm=3.7789 tensors_with_grad=69/72
[train] step 230: T=678 positions=16 loss=1.4816 ce=3.9854 tv=0.4517 conf=0.5761 grad_norm=4.4279 tensors_with_grad=69/72
[train] step 231: T=525 positions=16 loss=1.5934 ce=4.1218 tv=0.4769 conf=0.5121 grad_norm=3.9966 tensors_with_grad=69/72
[train] step 232: T=674 positions=16 loss=0.6739 ce=1.7370 tv=0.2468 conf=0.5048 grad_norm=4.4219 tensors_with_grad=69/72
[train] step 233: T=550 positions=16 loss=0.1314 ce=0.5517 tv=0.1775 conf=0.5543 grad_norm=2.1626 tensors_with_grad=69/72
[train] step 234: T=534 positions=16 loss=1.0561 ce=3.0084 tv=0.3993 conf=0.5704 grad_norm=4.5281 tensors_with_grad=69/72
[train] step 235: T=607 positions=16 loss=0.9193 ce=2.6296 tv=0.3314 conf=0.5185 grad_norm=8.6943 tensors_with_grad=69/72
[train] step 236: T=529 positions=16 loss=2.1512 ce=5.5865 tv=0.6771 conf=0.5145 grad_norm=9.5822 tensors_with_grad=69/72
[train] step 237: T=538 positions=16 loss=1.6374 ce=3.6425 tv=0.5508 conf=0.4509 grad_norm=4.5596 tensors_with_grad=69/72
[train] step 238: T=538 positions=16 loss=0.6707 ce=1.5918 tv=0.2610 conf=0.5710 grad_norm=6.9615 tensors_with_grad=69/72
[train] step 239: T=538 positions=16 loss=0.5631 ce=1.5616 tv=0.1895 conf=0.3022 grad_norm=4.0657 tensors_with_grad=69/72
[train] step 240: T=851 positions=16 loss=2.5669 ce=6.6882 tv=0.6358 conf=0.4446 grad_norm=6.1318 tensors_with_grad=69/72
[train] step 241: T=533 positions=16 loss=0.8983 ce=2.5383 tv=0.3397 conf=0.5874 grad_norm=5.1039 tensors_with_grad=69/72
[train] step 242: T=1623 positions=16 loss=2.4277 ce=6.4829 tv=0.5506 conf=0.3486 grad_norm=4.7787 tensors_with_grad=69/72
[train] step 243: T=547 positions=16 loss=0.8844 ce=2.3499 tv=0.3211 conf=0.5234 grad_norm=3.6526 tensors_with_grad=69/72
[train] step 244: T=876 positions=16 loss=2.1973 ce=5.7403 tv=0.4933 conf=0.4451 grad_norm=5.3162 tensors_with_grad=69/72
[train] step 245: T=528 positions=16 loss=1.3120 ce=3.2044 tv=0.3070 conf=0.3298 grad_norm=7.3766 tensors_with_grad=69/72
[train] step 246: T=652 positions=16 loss=1.7757 ce=4.9926 tv=0.5604 conf=0.5877 grad_norm=3.7339 tensors_with_grad=69/72
[train] step 247: T=611 positions=16 loss=0.6280 ce=1.6729 tv=0.2813 conf=0.4638 grad_norm=3.9069 tensors_with_grad=69/72
[train] step 248: T=588 positions=16 loss=0.3578 ce=0.9265 tv=0.1428 conf=0.4720 grad_norm=3.2945 tensors_with_grad=69/72
[train] step 249: T=554 positions=16 loss=1.1552 ce=2.9724 tv=0.3061 conf=0.5002 grad_norm=4.9037 tensors_with_grad=69/72
[train] step 250: T=592 positions=16 loss=1.5212 ce=4.0615 tv=0.4361 conf=0.4594 grad_norm=4.4898 tensors_with_grad=69/72
[train] step 251: T=540 positions=16 loss=0.6269 ce=2.2453 tv=0.2867 conf=0.4637 grad_norm=3.8859 tensors_with_grad=69/72
[train] step 252: T=537 positions=16 loss=0.5460 ce=1.4889 tv=0.2822 conf=0.4615 grad_norm=6.5048 tensors_with_grad=69/72
[train] step 253: T=673 positions=16 loss=0.7337 ce=2.3443 tv=0.2939 conf=0.4258 grad_norm=4.6793 tensors_with_grad=69/72
[train] step 254: T=575 positions=16 loss=0.3659 ce=0.8957 tv=0.2138 conf=0.5490 grad_norm=3.8290 tensors_with_grad=69/72
[train] step 255: T=545 positions=16 loss=1.6680 ce=4.2124 tv=0.4853 conf=0.5044 grad_norm=5.6301 tensors_with_grad=69/72
[train] step 256: T=540 positions=16 loss=0.6883 ce=1.6897 tv=0.2679 conf=0.4948 grad_norm=2.4919 tensors_with_grad=69/72
[train] step 257: T=525 positions=16 loss=0.9689 ce=2.2928 tv=0.3641 conf=0.4078 grad_norm=4.7048 tensors_with_grad=69/72
[train] step 258: T=1002 positions=16 loss=2.4571 ce=6.7717 tv=0.6071 conf=0.5105 grad_norm=6.9558 tensors_with_grad=69/72
[train] step 259: T=599 positions=16 loss=1.0048 ce=2.5524 tv=0.2532 conf=0.2649 grad_norm=4.6675 tensors_with_grad=69/72
[train] step 260: T=566 positions=16 loss=0.6090 ce=1.6039 tv=0.2958 conf=0.5541 grad_norm=4.2947 tensors_with_grad=69/72
[train] step 261: T=542 positions=16 loss=1.0249 ce=3.3275 tv=0.3772 conf=0.5629 grad_norm=2.5057 tensors_with_grad=69/72
[train] step 262: T=571 positions=16 loss=1.8542 ce=5.0204 tv=0.5055 conf=0.3991 grad_norm=6.1728 tensors_with_grad=69/72
[train] step 263: T=551 positions=16 loss=2.1190 ce=5.1600 tv=0.4320 conf=0.4278 grad_norm=6.9594 tensors_with_grad=69/72
[train] step 264: T=557 positions=16 loss=1.4904 ce=3.6422 tv=0.4573 conf=0.6325 grad_norm=4.9645 tensors_with_grad=69/72
[train] step 265: T=1795 positions=16 loss=3.1513 ce=7.8676 tv=0.6637 conf=0.4343 grad_norm=12.1585 tensors_with_grad=69/72
[train] step 266: T=654 positions=16 loss=1.1093 ce=2.8291 tv=0.4009 conf=0.5759 grad_norm=4.8974 tensors_with_grad=69/72
[train] step 267: T=1011 positions=16 loss=1.8301 ce=4.3196 tv=0.4736 conf=0.3784 grad_norm=4.2451 tensors_with_grad=69/72
[train] step 268: T=673 positions=16 loss=1.4289 ce=4.1190 tv=0.4947 conf=0.5484 grad_norm=5.6022 tensors_with_grad=69/72
[train] step 269: T=588 positions=16 loss=1.5779 ce=4.1769 tv=0.4408 conf=0.2948 grad_norm=5.5156 tensors_with_grad=69/72
[train] step 270: T=540 positions=16 loss=0.9007 ce=2.5327 tv=0.3728 conf=0.6730 grad_norm=3.8177 tensors_with_grad=69/72
[train] step 271: T=667 positions=16 loss=0.2896 ce=0.8691 tv=0.1941 conf=0.4083 grad_norm=1.6529 tensors_with_grad=69/72
[train] step 272: T=952 positions=16 loss=2.1377 ce=5.6358 tv=0.5546 conf=0.4536 grad_norm=4.7673 tensors_with_grad=69/72
[train] step 273: T=862 positions=16 loss=1.7386 ce=4.3888 tv=0.4731 conf=0.4189 grad_norm=6.0331 tensors_with_grad=69/72
[train] step 274: T=945 positions=16 loss=2.5253 ce=6.8992 tv=0.6054 conf=0.5487 grad_norm=6.1806 tensors_with_grad=69/72
[train] step 275: T=545 positions=16 loss=1.3241 ce=3.2848 tv=0.4700 conf=0.5523 grad_norm=4.0553 tensors_with_grad=69/72
[train] step 276: T=677 positions=16 loss=1.0141 ce=2.7393 tv=0.3351 conf=0.3656 grad_norm=5.2517 tensors_with_grad=69/72
[train] step 277: T=659 positions=16 loss=1.7212 ce=4.1858 tv=0.4542 conf=0.3657 grad_norm=5.8203 tensors_with_grad=69/72
[train] step 278: T=676 positions=16 loss=0.9121 ce=2.1149 tv=0.3578 conf=0.4575 grad_norm=4.9534 tensors_with_grad=69/72
[train] step 279: T=525 positions=16 loss=1.4238 ce=3.2850 tv=0.5220 conf=0.5796 grad_norm=6.9202 tensors_with_grad=69/72
[train] step 280: T=568 positions=16 loss=1.6022 ce=3.8398 tv=0.4625 conf=0.4597 grad_norm=4.4153 tensors_with_grad=69/72
[train] step 281: T=613 positions=16 loss=0.7050 ce=1.4643 tv=0.2906 conf=0.5335 grad_norm=4.6038 tensors_with_grad=69/72
[train] step 282: T=535 positions=16 loss=0.6514 ce=1.3738 tv=0.2521 conf=0.4164 grad_norm=3.6240 tensors_with_grad=69/72
[train] step 283: T=524 positions=16 loss=1.6543 ce=3.6723 tv=0.4650 conf=0.4564 grad_norm=7.3818 tensors_with_grad=69/72
[train] step 284: T=529 positions=16 loss=1.0553 ce=2.7091 tv=0.3943 conf=0.3681 grad_norm=5.7649 tensors_with_grad=69/72
[train] step 285: T=549 positions=16 loss=0.7261 ce=1.9028 tv=0.2628 conf=0.4262 grad_norm=2.3374 tensors_with_grad=69/72
[train] step 286: T=878 positions=16 loss=1.9448 ce=4.8419 tv=0.5085 conf=0.4696 grad_norm=7.4029 tensors_with_grad=69/72
[train] step 287: T=570 positions=16 loss=0.9499 ce=2.4516 tv=0.3403 conf=0.4721 grad_norm=5.8485 tensors_with_grad=69/72
[train] step 288: T=675 positions=16 loss=1.1379 ce=3.3379 tv=0.3780 conf=0.5303 grad_norm=10.0865 tensors_with_grad=69/72
[train] step 289: T=590 positions=16 loss=1.6524 ce=3.6051 tv=0.5140 conf=0.5421 grad_norm=5.9267 tensors_with_grad=69/72
[train] step 290: T=619 positions=16 loss=0.5447 ce=1.5597 tv=0.2269 conf=0.4712 grad_norm=1.7905 tensors_with_grad=69/72
[train] step 291: T=540 positions=16 loss=0.6561 ce=1.8575 tv=0.2004 conf=0.4039 grad_norm=4.7399 tensors_with_grad=69/72
[train] step 292: T=557 positions=16 loss=1.7645 ce=3.8083 tv=0.4874 conf=0.4551 grad_norm=5.3411 tensors_with_grad=69/72
[train] step 293: T=674 positions=16 loss=1.7884 ce=4.3298 tv=0.5577 conf=0.3160 grad_norm=4.3164 tensors_with_grad=69/72
[train] step 294: T=551 positions=16 loss=0.9086 ce=2.4483 tv=0.2606 conf=0.4239 grad_norm=6.5297 tensors_with_grad=69/72
[train] step 295: T=536 positions=16 loss=1.1835 ce=2.8686 tv=0.4088 conf=0.5686 grad_norm=4.4508 tensors_with_grad=69/72
[train] step 296: T=562 positions=16 loss=0.7749 ce=1.6624 tv=0.2765 conf=0.4483 grad_norm=3.5703 tensors_with_grad=69/72
[train] step 297: T=914 positions=16 loss=2.0573 ce=5.5555 tv=0.4808 conf=0.4144 grad_norm=4.2625 tensors_with_grad=69/72
[train] step 298: T=603 positions=16 loss=1.3421 ce=3.1084 tv=0.3968 conf=0.5222 grad_norm=5.1824 tensors_with_grad=69/72
[train] step 299: T=637 positions=16 loss=1.1570 ce=3.4871 tv=0.3876 conf=0.5168 grad_norm=5.9850 tensors_with_grad=69/72
[train] step 300: T=678 positions=16 loss=1.7896 ce=4.0455 tv=0.5021 conf=0.3726 grad_norm=4.6947 tensors_with_grad=69/72
[train] step 301: T=1167 positions=16 loss=2.1355 ce=5.7719 tv=0.5784 conf=0.4863 grad_norm=5.1268 tensors_with_grad=69/72
[train] step 302: T=590 positions=16 loss=0.0644 ce=0.2981 tv=0.1185 conf=0.4082 grad_norm=2.6756 tensors_with_grad=69/72
[train] step 303: T=539 positions=16 loss=1.1650 ce=3.1464 tv=0.3317 conf=0.5149 grad_norm=4.6587 tensors_with_grad=69/72
[train] step 304: T=1006 positions=16 loss=1.5730 ce=3.6216 tv=0.4768 conf=0.4353 grad_norm=4.9623 tensors_with_grad=69/72
[train] step 305: T=528 positions=16 loss=2.2512 ce=6.4045 tv=0.6168 conf=0.4613 grad_norm=5.8477 tensors_with_grad=69/72
[train] step 306: T=535 positions=16 loss=0.7300 ce=1.9698 tv=0.3780 conf=0.5143 grad_norm=4.4542 tensors_with_grad=69/72
[train] step 307: T=607 positions=16 loss=0.9988 ce=2.3394 tv=0.3024 conf=0.4214 grad_norm=4.6588 tensors_with_grad=69/72
[train] step 308: T=540 positions=16 loss=0.2718 ce=0.7674 tv=0.1587 conf=0.3801 grad_norm=1.5163 tensors_with_grad=69/72
[train] step 309: T=1532 positions=16 loss=1.6511 ce=4.4156 tv=0.4464 conf=0.3834 grad_norm=11.5239 tensors_with_grad=69/72
[train] step 310: T=532 positions=16 loss=0.9403 ce=2.9355 tv=0.2894 conf=0.3911 grad_norm=5.7165 tensors_with_grad=69/72
[train] step 311: T=1716 positions=16 loss=2.5071 ce=6.5750 tv=0.5929 conf=0.4349 grad_norm=4.7661 tensors_with_grad=69/72
[train] step 312: T=545 positions=16 loss=1.1146 ce=2.7636 tv=0.3631 conf=0.5832 grad_norm=5.5364 tensors_with_grad=69/72
[train] step 313: T=606 positions=16 loss=1.1475 ce=2.7296 tv=0.3960 conf=0.3975 grad_norm=11.1326 tensors_with_grad=69/72
[train] step 314: T=582 positions=16 loss=0.5765 ce=1.5143 tv=0.2344 conf=0.3898 grad_norm=4.0957 tensors_with_grad=69/72
[train] step 315: T=615 positions=16 loss=1.5777 ce=4.4357 tv=0.4026 conf=0.4798 grad_norm=6.3413 tensors_with_grad=69/72
[train] step 316: T=534 positions=16 loss=1.0615 ce=2.5910 tv=0.3464 conf=0.5179 grad_norm=5.7320 tensors_with_grad=69/72
[train] step 317: T=542 positions=16 loss=0.9962 ce=2.2383 tv=0.3364 conf=0.3634 grad_norm=6.4339 tensors_with_grad=69/72
[train] step 318: T=626 positions=16 loss=0.9706 ce=2.3864 tv=0.3218 conf=0.3874 grad_norm=3.2353 tensors_with_grad=69/72
[train] step 319: T=525 positions=16 loss=1.4581 ce=3.6730 tv=0.4718 conf=0.3813 grad_norm=6.8561 tensors_with_grad=69/72
[train] step 320: T=627 positions=16 loss=0.2186 ce=0.6341 tv=0.2055 conf=0.7693 grad_norm=1.5723 tensors_with_grad=69/72
[train] step 321: T=641 positions=16 loss=1.2015 ce=3.7120 tv=0.3406 conf=0.4871 grad_norm=3.8629 tensors_with_grad=69/72
[train] step 322: T=605 positions=16 loss=0.7007 ce=1.7174 tv=0.2850 conf=0.4364 grad_norm=3.9425 tensors_with_grad=69/72
[train] step 323: T=532 positions=16 loss=0.6190 ce=1.3546 tv=0.2280 conf=0.4861 grad_norm=3.4988 tensors_with_grad=69/72
[train] step 324: T=526 positions=16 loss=1.8873 ce=4.5595 tv=0.5539 conf=0.5503 grad_norm=4.3788 tensors_with_grad=69/72
[train] step 325: T=545 positions=16 loss=0.3376 ce=0.8125 tv=0.1944 conf=0.4599 grad_norm=2.5434 tensors_with_grad=69/72
[train] step 326: T=561 positions=16 loss=1.0075 ce=3.0697 tv=0.3302 conf=0.5418 grad_norm=3.3782 tensors_with_grad=69/72
[train] step 327: T=540 positions=16 loss=0.7604 ce=1.7826 tv=0.2688 conf=0.5019 grad_norm=4.6998 tensors_with_grad=69/72
[train] step 328: T=1025 positions=16 loss=2.3016 ce=6.2553 tv=0.5579 conf=0.3425 grad_norm=6.4329 tensors_with_grad=69/72
[train] step 329: T=1316 positions=16 loss=1.9941 ce=5.3568 tv=0.4716 conf=0.3104 grad_norm=3.8869 tensors_with_grad=69/72
[train] step 330: T=593 positions=16 loss=1.4118 ce=3.7445 tv=0.5212 conf=0.7054 grad_norm=6.2183 tensors_with_grad=69/72
[train] step 331: T=1364 positions=16 loss=2.8625 ce=6.7575 tv=0.6337 conf=0.2428 grad_norm=8.2335 tensors_with_grad=69/72
[train] step 332: T=563 positions=16 loss=1.6144 ce=3.9573 tv=0.3715 conf=0.4005 grad_norm=3.3213 tensors_with_grad=69/72
[train] step 333: T=621 positions=16 loss=1.2476 ce=2.9501 tv=0.4328 conf=0.4699 grad_norm=5.3244 tensors_with_grad=69/72
[train] step 334: T=1798 positions=16 loss=1.9986 ce=5.5264 tv=0.4839 conf=0.7041 grad_norm=4.4226 tensors_with_grad=69/72
[train] step 335: T=565 positions=16 loss=1.6681 ce=3.7343 tv=0.4963 conf=0.3348 grad_norm=10.2017 tensors_with_grad=69/72
[train] step 336: T=592 positions=16 loss=1.0764 ce=2.7417 tv=0.3744 conf=0.4859 grad_norm=6.1678 tensors_with_grad=69/72
[train] step 337: T=559 positions=16 loss=0.4449 ce=1.3369 tv=0.1506 conf=0.2949 grad_norm=2.3742 tensors_with_grad=69/72
[train] step 338: T=538 positions=16 loss=0.1920 ce=0.6353 tv=0.0803 conf=0.3458 grad_norm=0.9920 tensors_with_grad=69/72
[train] step 339: T=554 positions=16 loss=1.2713 ce=2.9838 tv=0.3878 conf=0.6064 grad_norm=5.5164 tensors_with_grad=69/72
[train] step 340: T=577 positions=16 loss=1.9013 ce=5.0671 tv=0.5482 conf=0.5092 grad_norm=6.0953 tensors_with_grad=69/72
[train] step 341: T=630 positions=16 loss=0.4955 ce=1.0450 tv=0.1856 conf=0.3568 grad_norm=4.0693 tensors_with_grad=69/72
[train] step 342: T=672 positions=16 loss=1.5569 ce=4.0461 tv=0.4418 conf=0.6217 grad_norm=5.1823 tensors_with_grad=69/72
[train] step 343: T=536 positions=16 loss=0.2438 ce=0.7203 tv=0.1442 conf=0.4749 grad_norm=1.6619 tensors_with_grad=69/72
[train] step 344: T=528 positions=16 loss=0.7935 ce=2.0469 tv=0.2895 conf=0.3678 grad_norm=3.7988 tensors_with_grad=69/72
[train] step 345: T=547 positions=16 loss=1.5221 ce=3.6944 tv=0.4246 conf=0.3788 grad_norm=4.4392 tensors_with_grad=69/72
[train] step 346: T=639 positions=16 loss=0.5355 ce=1.4105 tv=0.2112 conf=0.4965 grad_norm=4.4084 tensors_with_grad=69/72
[train] step 347: T=602 positions=16 loss=0.7921 ce=2.8126 tv=0.2990 conf=0.4873 grad_norm=4.4416 tensors_with_grad=69/72
[train] step 348: T=665 positions=16 loss=0.2755 ce=0.8470 tv=0.1804 conf=0.4046 grad_norm=1.8567 tensors_with_grad=69/72
[train] step 349: T=600 positions=16 loss=1.5137 ce=3.8993 tv=0.4608 conf=0.5150 grad_norm=21.5774 tensors_with_grad=69/72
[train] step 350: T=1649 positions=16 loss=2.6223 ce=6.1697 tv=0.6244 conf=0.4854 grad_norm=6.6873 tensors_with_grad=69/72
[train] step 351: T=1232 positions=16 loss=1.9180 ce=4.3827 tv=0.6016 conf=0.4127 grad_norm=4.6351 tensors_with_grad=69/72
[train] step 352: T=528 positions=16 loss=1.3408 ce=3.0293 tv=0.4498 conf=0.5163 grad_norm=3.3466 tensors_with_grad=69/72
[train] step 353: T=1067 positions=16 loss=2.4620 ce=5.9726 tv=0.6159 conf=0.5730 grad_norm=5.9494 tensors_with_grad=69/72
[train] step 354: T=524 positions=16 loss=2.3662 ce=6.3076 tv=0.5799 conf=0.4318 grad_norm=5.8330 tensors_with_grad=69/72
[train] step 355: T=634 positions=16 loss=1.2492 ce=3.0968 tv=0.4245 conf=0.5107 grad_norm=4.2459 tensors_with_grad=69/72
[train] step 356: T=593 positions=16 loss=0.8753 ce=2.4470 tv=0.2843 conf=0.4878 grad_norm=2.6428 tensors_with_grad=69/72
[train] step 357: T=524 positions=16 loss=1.3719 ce=3.3546 tv=0.4814 conf=0.4305 grad_norm=7.2193 tensors_with_grad=69/72
[train] step 358: T=574 positions=16 loss=1.0703 ce=3.0114 tv=0.3919 conf=0.4770 grad_norm=7.0599 tensors_with_grad=69/72
[train] step 359: T=602 positions=16 loss=0.6735 ce=1.7625 tv=0.3177 conf=0.4161 grad_norm=4.7073 tensors_with_grad=69/72
[train] step 360: T=573 positions=16 loss=0.7006 ce=1.8930 tv=0.2009 conf=0.3475 grad_norm=4.3890 tensors_with_grad=69/72
[train] step 361: T=677 positions=16 loss=1.3626 ce=3.3843 tv=0.4151 conf=0.6176 grad_norm=4.5283 tensors_with_grad=69/72
[train] step 362: T=568 positions=16 loss=2.5134 ce=6.2214 tv=0.6519 conf=0.5844 grad_norm=5.8764 tensors_with_grad=69/72
[train] step 363: T=961 positions=16 loss=1.9833 ce=4.9545 tv=0.5198 conf=0.4593 grad_norm=7.8840 tensors_with_grad=69/72
[train] step 364: T=569 positions=16 loss=1.6504 ce=4.4815 tv=0.5397 conf=0.6463 grad_norm=5.3086 tensors_with_grad=69/72
[train] step 365: T=533 positions=16 loss=0.9043 ce=2.0159 tv=0.3650 conf=0.4757 grad_norm=5.5033 tensors_with_grad=69/72
[train] step 366: T=539 positions=16 loss=1.1796 ce=3.3905 tv=0.4517 conf=0.5661 grad_norm=2.9513 tensors_with_grad=69/72
[train] step 367: T=562 positions=16 loss=0.6718 ce=1.7010 tv=0.2647 conf=0.4851 grad_norm=3.9503 tensors_with_grad=69/72
[train] step 368: T=531 positions=16 loss=0.7268 ce=1.8302 tv=0.2012 conf=0.3032 grad_norm=3.5231 tensors_with_grad=69/72
[train] step 369: T=539 positions=16 loss=1.5700 ce=4.7482 tv=0.4746 conf=0.3905 grad_norm=7.2790 tensors_with_grad=69/72
[train] step 370: T=618 positions=16 loss=1.5021 ce=3.4243 tv=0.4258 conf=0.4788 grad_norm=12.0877 tensors_with_grad=69/72
[train] step 371: T=535 positions=16 loss=0.2801 ce=0.8044 tv=0.1282 conf=0.3180 grad_norm=2.8315 tensors_with_grad=69/72
[train] step 372: T=675 positions=16 loss=1.6128 ce=4.2910 tv=0.5088 conf=0.6896 grad_norm=5.7772 tensors_with_grad=69/72
[train] step 373: T=606 positions=16 loss=0.3866 ce=1.1519 tv=0.1282 conf=0.3708 grad_norm=2.6795 tensors_with_grad=69/72
[train] step 374: T=529 positions=16 loss=1.3330 ce=3.4474 tv=0.4313 conf=0.4590 grad_norm=3.7908 tensors_with_grad=69/72
[train] step 375: T=529 positions=16 loss=2.3983 ce=5.2518 tv=0.6813 conf=0.5304 grad_norm=6.1160 tensors_with_grad=69/72
[train] step 376: T=530 positions=16 loss=1.3463 ce=3.0489 tv=0.4654 conf=0.4280 grad_norm=4.5995 tensors_with_grad=69/72
[train] step 377: T=1003 positions=16 loss=1.7992 ce=4.5935 tv=0.4248 conf=0.3770 grad_norm=3.1810 tensors_with_grad=69/72
[train] step 378: T=551 positions=16 loss=1.5687 ce=4.0522 tv=0.4372 conf=0.3874 grad_norm=8.8150 tensors_with_grad=69/72
[train] step 379: T=810 positions=16 loss=1.2188 ce=3.0497 tv=0.3196 conf=0.4072 grad_norm=3.5735 tensors_with_grad=69/72
[train] step 380: T=533 positions=16 loss=0.6642 ce=1.5854 tv=0.2882 conf=0.4839 grad_norm=5.1441 tensors_with_grad=69/72
[train] step 381: T=672 positions=16 loss=1.5977 ce=4.0376 tv=0.5741 conf=0.4848 grad_norm=6.0327 tensors_with_grad=69/72
[train] step 382: T=1041 positions=16 loss=2.0465 ce=5.9143 tv=0.4773 conf=0.4847 grad_norm=7.4693 tensors_with_grad=69/72
[train] step 383: T=599 positions=16 loss=1.1532 ce=2.9628 tv=0.3014 conf=0.3439 grad_norm=4.5121 tensors_with_grad=69/72
[train] step 384: T=678 positions=16 loss=0.4029 ce=1.1891 tv=0.2272 conf=0.5629 grad_norm=2.5928 tensors_with_grad=69/72
[train] step 385: T=672 positions=16 loss=1.6868 ce=4.4180 tv=0.4882 conf=0.3877 grad_norm=6.9797 tensors_with_grad=69/72
[train] step 386: T=570 positions=16 loss=2.5480 ce=6.3750 tv=0.6398 conf=0.3701 grad_norm=8.1969 tensors_with_grad=69/72
[train] step 387: T=1218 positions=16 loss=2.4277 ce=6.5348 tv=0.6078 conf=0.5371 grad_norm=6.7772 tensors_with_grad=69/72
[train] step 388: T=529 positions=16 loss=0.9827 ce=2.5686 tv=0.3506 conf=0.3738 grad_norm=4.8012 tensors_with_grad=69/72
[train] step 389: T=532 positions=16 loss=0.6688 ce=1.6674 tv=0.2973 conf=0.5301 grad_norm=3.7240 tensors_with_grad=69/72
[train] step 390: T=541 positions=16 loss=0.7636 ce=2.2504 tv=0.2227 conf=0.3379 grad_norm=2.5360 tensors_with_grad=69/72
[train] step 391: T=531 positions=16 loss=0.8222 ce=2.2208 tv=0.3297 conf=0.5131 grad_norm=4.0597 tensors_with_grad=69/72
[train] step 392: T=630 positions=16 loss=0.4229 ce=1.0824 tv=0.2032 conf=0.4534 grad_norm=3.0405 tensors_with_grad=69/72
[train] step 393: T=1225 positions=16 loss=2.0532 ce=5.5373 tv=0.5382 conf=0.5051 grad_norm=4.2682 tensors_with_grad=69/72
[train] step 394: T=622 positions=16 loss=1.3053 ce=3.3982 tv=0.3972 conf=0.3368 grad_norm=4.3046 tensors_with_grad=69/72
[train] step 395: T=950 positions=16 loss=1.6650 ce=4.4210 tv=0.4463 conf=0.5069 grad_norm=4.8867 tensors_with_grad=69/72
[train] step 396: T=537 positions=16 loss=0.2700 ce=0.9477 tv=0.1159 conf=0.3198 grad_norm=1.6740 tensors_with_grad=69/72
[train] step 397: T=616 positions=16 loss=0.5139 ce=1.4951 tv=0.2219 conf=0.4908 grad_norm=5.2976 tensors_with_grad=69/72
[train] step 398: T=532 positions=16 loss=0.1666 ce=0.5021 tv=0.1198 conf=0.5454 grad_norm=1.6247 tensors_with_grad=69/72
[train] step 399: T=587 positions=16 loss=0.2555 ce=0.5749 tv=0.1665 conf=0.3929 grad_norm=1.6149 tensors_with_grad=69/72
[train] step 400: T=611 positions=16 loss=1.7310 ce=3.8447 tv=0.4707 conf=0.4159 grad_norm=5.3588 tensors_with_grad=69/72
[train] step 401: T=534 positions=16 loss=0.3077 ce=1.0230 tv=0.1765 conf=0.3684 grad_norm=1.9290 tensors_with_grad=69/72
[train] step 402: T=532 positions=16 loss=0.0898 ce=0.2875 tv=0.1138 conf=0.3966 grad_norm=0.3748 tensors_with_grad=69/72
[train] step 403: T=525 positions=16 loss=0.7712 ce=1.9734 tv=0.2536 conf=0.4476 grad_norm=4.4023 tensors_with_grad=69/72
[train] step 404: T=628 positions=16 loss=1.1332 ce=2.7096 tv=0.4154 conf=0.5563 grad_norm=4.6777 tensors_with_grad=69/72
[train] step 405: T=940 positions=16 loss=2.1031 ce=5.3572 tv=0.5202 conf=0.4956 grad_norm=7.2397 tensors_with_grad=69/72
[train] step 406: T=672 positions=16 loss=0.6390 ce=1.7128 tv=0.2938 conf=0.3654 grad_norm=5.0267 tensors_with_grad=69/72
[train] step 407: T=642 positions=16 loss=1.6822 ce=4.1529 tv=0.5128 conf=0.5435 grad_norm=4.6304 tensors_with_grad=69/72
[train] step 408: T=673 positions=16 loss=1.6743 ce=3.7539 tv=0.5610 conf=0.5259 grad_norm=8.7998 tensors_with_grad=69/72
[train] step 409: T=532 positions=16 loss=0.7294 ce=2.0397 tv=0.3098 conf=0.5074 grad_norm=3.0140 tensors_with_grad=69/72
[train] step 410: T=528 positions=16 loss=1.7159 ce=4.8806 tv=0.5377 conf=0.4660 grad_norm=5.9768 tensors_with_grad=69/72
[train] step 411: T=585 positions=16 loss=1.1652 ce=2.8921 tv=0.4415 conf=0.4844 grad_norm=4.1039 tensors_with_grad=69/72
[train] step 412: T=544 positions=16 loss=0.6618 ce=1.7932 tv=0.2223 conf=0.4867 grad_norm=5.7321 tensors_with_grad=69/72
[train] step 413: T=544 positions=16 loss=0.1940 ce=0.7771 tv=0.1801 conf=0.5052 grad_norm=1.0957 tensors_with_grad=69/72
[train] step 414: T=674 positions=16 loss=1.4179 ce=3.8430 tv=0.4820 conf=0.4110 grad_norm=5.1360 tensors_with_grad=69/72
[train] step 415: T=558 positions=16 loss=0.5178 ce=1.4493 tv=0.2430 conf=0.4418 grad_norm=4.5191 tensors_with_grad=69/72
[train] step 416: T=596 positions=16 loss=0.9264 ce=2.1373 tv=0.3823 conf=0.3870 grad_norm=6.2939 tensors_with_grad=69/72
[train] step 417: T=644 positions=16 loss=1.6025 ce=3.9902 tv=0.5261 conf=0.6716 grad_norm=4.7062 tensors_with_grad=69/72
[train] step 418: T=676 positions=16 loss=1.0431 ce=2.6434 tv=0.3648 conf=0.4737 grad_norm=10.5336 tensors_with_grad=69/72
[train] step 419: T=643 positions=16 loss=1.2075 ce=3.1967 tv=0.4589 conf=0.4312 grad_norm=3.3407 tensors_with_grad=69/72
[train] step 420: T=526 positions=16 loss=0.5943 ce=1.3446 tv=0.1615 conf=0.2162 grad_norm=2.0925 tensors_with_grad=69/72
[train] step 421: T=540 positions=16 loss=0.3911 ce=0.8571 tv=0.1209 conf=0.4998 grad_norm=2.3522 tensors_with_grad=69/72
[train] step 422: T=665 positions=16 loss=1.8098 ce=4.4116 tv=0.5499 conf=0.5412 grad_norm=7.0600 tensors_with_grad=69/72
[train] step 423: T=530 positions=16 loss=1.7154 ce=4.2154 tv=0.4448 conf=0.5113 grad_norm=8.0939 tensors_with_grad=69/72
[train] step 424: T=526 positions=16 loss=1.3590 ce=3.5351 tv=0.3389 conf=0.3120 grad_norm=7.1674 tensors_with_grad=69/72
[train] step 425: T=539 positions=16 loss=0.3642 ce=1.4296 tv=0.2088 conf=0.4860 grad_norm=2.8292 tensors_with_grad=69/72
[train] step 426: T=548 positions=16 loss=1.2833 ce=3.4310 tv=0.3854 conf=0.4089 grad_norm=4.0925 tensors_with_grad=69/72
[train] step 427: T=545 positions=16 loss=0.6832 ce=2.0959 tv=0.2567 conf=0.3733 grad_norm=3.8555 tensors_with_grad=69/72
[train] step 428: T=889 positions=16 loss=2.2345 ce=5.1821 tv=0.5929 conf=0.4048 grad_norm=15.8301 tensors_with_grad=69/72
[train] step 429: T=673 positions=16 loss=1.0681 ce=2.8015 tv=0.3459 conf=0.3420 grad_norm=3.2918 tensors_with_grad=69/72
[train] step 430: T=597 positions=16 loss=0.3539 ce=1.0307 tv=0.2071 conf=0.4003 grad_norm=3.8770 tensors_with_grad=69/72
[train] step 431: T=601 positions=16 loss=0.6137 ce=2.5721 tv=0.2721 conf=0.3751 grad_norm=3.3548 tensors_with_grad=69/72
[train] step 432: T=525 positions=16 loss=1.1389 ce=2.9802 tv=0.5057 conf=0.6923 grad_norm=3.7517 tensors_with_grad=69/72
[train] step 433: T=541 positions=16 loss=0.2986 ce=0.5426 tv=0.1529 conf=0.3516 grad_norm=3.5240 tensors_with_grad=69/72
[train] step 434: T=561 positions=16 loss=0.6968 ce=1.9073 tv=0.2668 conf=0.4237 grad_norm=3.7732 tensors_with_grad=69/72
[train] step 435: T=556 positions=16 loss=0.8909 ce=2.8021 tv=0.2615 conf=0.2915 grad_norm=3.2796 tensors_with_grad=69/72
[train] step 436: T=541 positions=16 loss=0.2996 ce=0.7104 tv=0.1913 conf=0.4414 grad_norm=3.2610 tensors_with_grad=69/72
[train] step 437: T=582 positions=16 loss=1.4808 ce=3.4909 tv=0.4396 conf=0.5153 grad_norm=7.1789 tensors_with_grad=69/72
[train] step 438: T=543 positions=16 loss=1.2149 ce=3.8459 tv=0.3251 conf=0.3851 grad_norm=7.4625 tensors_with_grad=69/72
[train] step 439: T=636 positions=16 loss=1.0161 ce=2.3082 tv=0.4152 conf=0.6536 grad_norm=5.5806 tensors_with_grad=69/72
[train] step 440: T=530 positions=16 loss=1.2967 ce=3.1497 tv=0.5007 conf=0.5772 grad_norm=3.9427 tensors_with_grad=69/72
[train] step 441: T=581 positions=16 loss=1.3401 ce=2.7902 tv=0.4364 conf=0.5944 grad_norm=8.8538 tensors_with_grad=69/72
[train] step 442: T=569 positions=16 loss=0.7743 ce=2.2408 tv=0.2963 conf=0.3107 grad_norm=2.8463 tensors_with_grad=69/72
[train] step 443: T=573 positions=16 loss=1.0159 ce=2.4582 tv=0.3108 conf=0.5221 grad_norm=4.1999 tensors_with_grad=69/72
[train] step 444: T=543 positions=16 loss=1.6150 ce=4.6859 tv=0.4941 conf=0.5597 grad_norm=8.1960 tensors_with_grad=69/72
[train] step 445: T=546 positions=16 loss=0.4203 ce=1.0498 tv=0.1652 conf=0.4205 grad_norm=3.5880 tensors_with_grad=69/72
[train] step 446: T=672 positions=16 loss=1.9822 ce=5.0619 tv=0.5977 conf=0.6914 grad_norm=5.3580 tensors_with_grad=69/72
[train] step 447: T=604 positions=16 loss=1.6126 ce=4.8943 tv=0.4879 conf=0.5550 grad_norm=8.9165 tensors_with_grad=69/72
[train] step 448: T=622 positions=16 loss=1.1139 ce=2.6133 tv=0.3366 conf=0.2648 grad_norm=3.3997 tensors_with_grad=69/72
[train] step 449: T=542 positions=16 loss=1.1371 ce=3.0581 tv=0.3849 conf=0.4850 grad_norm=5.0580 tensors_with_grad=69/72
[train] step 450: T=539 positions=16 loss=0.5593 ce=1.7276 tv=0.2342 conf=0.7114 grad_norm=2.4923 tensors_with_grad=69/72
[train] step 451: T=636 positions=16 loss=0.5481 ce=1.5387 tv=0.3030 conf=0.6034 grad_norm=3.6345 tensors_with_grad=69/72
[train] step 452: T=587 positions=16 loss=0.4087 ce=1.2230 tv=0.1375 conf=0.4339 grad_norm=1.9764 tensors_with_grad=69/72
[train] step 453: T=633 positions=16 loss=1.6233 ce=3.7918 tv=0.4281 conf=0.4124 grad_norm=4.8268 tensors_with_grad=69/72
[train] step 454: T=536 positions=16 loss=0.1416 ce=0.5244 tv=0.1025 conf=0.3598 grad_norm=1.3302 tensors_with_grad=69/72
[train] step 455: T=529 positions=16 loss=0.9028 ce=2.9079 tv=0.2916 conf=0.5955 grad_norm=4.0708 tensors_with_grad=69/72
[train] step 456: T=580 positions=16 loss=0.1185 ce=0.4399 tv=0.1615 conf=0.5529 grad_norm=1.5454 tensors_with_grad=69/72
[train] step 457: T=1549 positions=16 loss=2.5086 ce=5.9724 tv=0.5995 conf=0.2551 grad_norm=4.6749 tensors_with_grad=69/72
[train] step 458: T=636 positions=16 loss=0.7665 ce=2.0660 tv=0.3306 conf=0.5786 grad_norm=12.5471 tensors_with_grad=69/72
[train] step 459: T=899 positions=16 loss=1.3983 ce=3.4917 tv=0.3525 conf=0.5120 grad_norm=3.1269 tensors_with_grad=69/72
[train] step 460: T=611 positions=16 loss=0.2918 ce=0.7499 tv=0.1369 conf=0.4195 grad_norm=2.5138 tensors_with_grad=69/72
[train] step 461: T=533 positions=16 loss=0.5335 ce=1.1819 tv=0.2153 conf=0.3309 grad_norm=3.0008 tensors_with_grad=69/72
[train] step 462: T=567 positions=16 loss=1.9334 ce=4.8565 tv=0.5134 conf=0.6571 grad_norm=7.9944 tensors_with_grad=69/72
[train] step 463: T=539 positions=16 loss=0.3910 ce=0.7844 tv=0.1329 conf=0.2486 grad_norm=2.4490 tensors_with_grad=69/72
[train] step 464: T=539 positions=16 loss=0.5335 ce=1.2508 tv=0.1597 conf=0.3323 grad_norm=2.8022 tensors_with_grad=69/72
[train] step 465: T=663 positions=16 loss=0.8801 ce=2.1443 tv=0.3135 conf=0.4231 grad_norm=4.3172 tensors_with_grad=69/72
[train] step 466: T=601 positions=16 loss=0.9386 ce=2.4617 tv=0.3470 conf=0.4552 grad_norm=2.5697 tensors_with_grad=69/72
[train] step 467: T=532 positions=16 loss=0.5424 ce=1.5668 tv=0.1587 conf=0.3448 grad_norm=4.4273 tensors_with_grad=69/72
[train] step 468: T=575 positions=16 loss=1.5683 ce=3.9119 tv=0.4933 conf=0.5359 grad_norm=3.8814 tensors_with_grad=69/72
[train] step 469: T=542 positions=16 loss=0.3780 ce=1.0847 tv=0.1935 conf=0.4993 grad_norm=3.3329 tensors_with_grad=69/72
[train] step 470: T=1125 positions=16 loss=1.4450 ce=3.5547 tv=0.4089 conf=0.3371 grad_norm=6.0246 tensors_with_grad=69/72
[train] step 471: T=586 positions=16 loss=0.7836 ce=2.5797 tv=0.3315 conf=0.5528 grad_norm=5.1410 tensors_with_grad=69/72
[train] step 472: T=576 positions=16 loss=0.7717 ce=1.8426 tv=0.2920 conf=0.5005 grad_norm=3.4826 tensors_with_grad=69/72
[train] step 473: T=534 positions=16 loss=1.0751 ce=2.4106 tv=0.3482 conf=0.6801 grad_norm=7.2290 tensors_with_grad=69/72
[train] step 474: T=535 positions=16 loss=1.1830 ce=3.0977 tv=0.3592 conf=0.4796 grad_norm=6.5492 tensors_with_grad=69/72
[train] step 475: T=663 positions=16 loss=1.5615 ce=3.8112 tv=0.5578 conf=0.4984 grad_norm=5.9041 tensors_with_grad=69/72
[train] step 476: T=593 positions=16 loss=1.7939 ce=4.2775 tv=0.4193 conf=0.3304 grad_norm=9.3386 tensors_with_grad=69/72
[train] step 477: T=672 positions=16 loss=2.1172 ce=5.2338 tv=0.5896 conf=0.4659 grad_norm=5.4473 tensors_with_grad=69/72
[train] step 478: T=572 positions=16 loss=1.7131 ce=4.0671 tv=0.4729 conf=0.5129 grad_norm=7.6473 tensors_with_grad=69/72
[train] step 479: T=672 positions=16 loss=1.7766 ce=4.1321 tv=0.5117 conf=0.4587 grad_norm=4.5606 tensors_with_grad=69/72
[train] step 480: T=557 positions=16 loss=0.5937 ce=1.4089 tv=0.2357 conf=0.3622 grad_norm=3.5441 tensors_with_grad=69/72
[train] step 481: T=676 positions=16 loss=1.3722 ce=3.4880 tv=0.4423 conf=0.5341 grad_norm=4.7716 tensors_with_grad=69/72
[train] step 482: T=676 positions=16 loss=1.6847 ce=3.9213 tv=0.5295 conf=0.4257 grad_norm=3.6027 tensors_with_grad=69/72
[train] step 483: T=526 positions=16 loss=1.9273 ce=4.1072 tv=0.5908 conf=0.5574 grad_norm=8.8559 tensors_with_grad=69/72
[train] step 484: T=585 positions=16 loss=0.8638 ce=1.9293 tv=0.2783 conf=0.5616 grad_norm=3.2266 tensors_with_grad=69/72
[train] step 485: T=542 positions=16 loss=0.6744 ce=1.8175 tv=0.3465 conf=0.4992 grad_norm=5.3056 tensors_with_grad=69/72
[train] step 486: T=572 positions=16 loss=0.8999 ce=1.9908 tv=0.3112 conf=0.5743 grad_norm=6.6184 tensors_with_grad=69/72
[train] step 487: T=567 positions=16 loss=1.6088 ce=3.7396 tv=0.4986 conf=0.5588 grad_norm=8.8044 tensors_with_grad=69/72
[train] step 488: T=591 positions=16 loss=0.8087 ce=2.2147 tv=0.3006 conf=0.5907 grad_norm=13.9036 tensors_with_grad=69/72
[train] step 489: T=536 positions=16 loss=0.1538 ce=0.4096 tv=0.0610 conf=0.2198 grad_norm=0.9158 tensors_with_grad=69/72
[diag] draft-argmax == TARGET-argmax : 60.1%  | == ground-truth token: 59.8%
[diag] mean top-1 prob  target 0.840  draft 0.738   (TV near 1 with a PEAKED draft => misalignment; with a FLAT draft => genuine)
[train] saved 72 trained tensors -> /cap/s3recap-conf0.1/c2/trained/mtp_trained.safetensors
[train] saved AdamW state -> /cap/s3recap-conf0.1/c2/trained/opt_state.pt (needed for --resume to be equivalent to one continuous run)
[train] metrics -> /cap/s3recap-conf0.1/c2/train_metrics.json  (loss 1.3358 -> 0.1538, tail mean 1.0773)
[train] TRAIN OK
