[train] device=cuda torch=2.10.0
  loading model-00046-of-00048.safetensors ...
  loading model-00047-of-00048.safetensors ...
  loading model-00048-of-00048.safetensors ...
  dequantised 1512 tensors, 12.60 B params, 23.5 GiB bf16
[train] weights ready in 9.0s
[train] trainable 517.3 M in 72 tensors | frozen experts 12.08 B
[train] capture: 491 sample(s)
[Gloo] Rank 0 is connected to 0 peer ranks. Expected number of connected peer ranks is : 0
[train] ModelArgs: n_mtp=3 block=5 taps=[40, 41, 42] markov_rank=256
[train] built 3 DSparkBlock(s) on meta
[train] re-materialised freqs_cis on 3 attention module(s) (persistent=False buffers are NOT in state_dict and to_empty() zapped them)
[train] load_state_dict: 0 missing, 0 unexpected
[train] GATE1 model construction OK
[train] aux: embed.weight(129280, 4096), head.weight(129280, 4096)
[train] trainable tensors in graph: 72 / 517.3 M
[train] resumed 72/72 trained tensors from /cap/s3recap-hass1/c0/trained/mtp_trained.safetensors
[train] resumed AdamW state: 69/72 tensors carry moments (3 never received a gradient, expected), indices aligned
[train] lr schedule: linear warmup 73 step(s) -> cosine over 1472 session step(s), peak 5e-05; this chunk is steps 491..981
/work/train/train_head.py:115: UserWarning: Converting a tensor with requires_grad=True to a scalar may lead to unexpected behavior.
Consider using tensor.detach() first. (Triggered internally at /opt/pytorch/torch/csrc/autograd/generated/python_variable_methods.cpp:836.)
  parts = {"ce": float((w * ce).sum()), "tv": float((w * tv).sum()), "conf": 0.0}
[train] step 0: T=675 positions=16 loss=0.8228 ce=3.9163 tv=0.4791 conf=0.4510 grad_norm=3.3023 tensors_with_grad=69/72
[train] step 1: T=593 positions=16 loss=0.3373 ce=1.8165 tv=0.1729 conf=0.6312 grad_norm=4.9547 tensors_with_grad=69/72
[train] step 2: T=984 positions=16 loss=0.9783 ce=5.3856 tv=0.4886 conf=0.5417 grad_norm=2.4753 tensors_with_grad=69/72
[train] step 3: T=672 positions=16 loss=0.7065 ce=3.2773 tv=0.4209 conf=1.0892 grad_norm=3.4317 tensors_with_grad=69/72
[train] step 4: T=675 positions=16 loss=0.6670 ce=3.2999 tv=0.3745 conf=0.6630 grad_norm=2.5299 tensors_with_grad=69/72
[train] step 5: T=1257 positions=16 loss=1.1189 ce=6.1730 tv=0.5574 conf=0.5267 grad_norm=3.3119 tensors_with_grad=69/72
[train] step 6: T=673 positions=16 loss=1.1384 ce=5.6438 tv=0.6377 conf=0.6776 grad_norm=2.4773 tensors_with_grad=69/72
[train] step 7: T=535 positions=16 loss=0.3843 ce=1.6756 tv=0.2408 conf=0.2699 grad_norm=1.4605 tensors_with_grad=69/72
[train] step 8: T=608 positions=16 loss=0.8197 ce=3.9103 tv=0.4763 conf=0.9693 grad_norm=2.9059 tensors_with_grad=69/72
[train] step 9: T=524 positions=16 loss=1.2860 ce=6.3533 tv=0.7230 conf=0.5719 grad_norm=3.7434 tensors_with_grad=69/72
[train] step 10: T=629 positions=16 loss=0.5756 ce=2.7848 tv=0.3301 conf=0.3203 grad_norm=3.9188 tensors_with_grad=69/72
[train] step 11: T=533 positions=16 loss=0.5015 ce=2.0628 tv=0.3281 conf=0.2772 grad_norm=1.8461 tensors_with_grad=69/72
[train] step 12: T=524 positions=16 loss=0.9377 ce=4.1455 tv=0.5812 conf=0.8424 grad_norm=4.6824 tensors_with_grad=69/72
[train] step 13: T=672 positions=16 loss=0.8645 ce=3.9277 tv=0.5242 conf=0.5847 grad_norm=3.7541 tensors_with_grad=69/72
[train] step 14: T=597 positions=16 loss=0.4524 ce=1.9782 tv=0.2828 conf=0.7018 grad_norm=2.6994 tensors_with_grad=69/72
[train] step 15: T=605 positions=16 loss=0.8247 ce=3.7968 tv=0.4944 conf=0.9372 grad_norm=2.2727 tensors_with_grad=69/72
[train] step 16: T=672 positions=16 loss=1.1044 ce=5.5265 tv=0.6130 conf=0.6397 grad_norm=2.2342 tensors_with_grad=69/72
[train] step 17: T=524 positions=16 loss=0.9120 ce=4.2761 tv=0.5382 conf=0.7720 grad_norm=3.1794 tensors_with_grad=69/72
[train] step 18: T=533 positions=16 loss=0.3351 ce=1.7788 tv=0.1746 conf=0.1145 grad_norm=1.1796 tensors_with_grad=69/72
[train] step 19: T=609 positions=16 loss=0.6263 ce=2.6775 tv=0.3984 conf=0.7231 grad_norm=6.0409 tensors_with_grad=69/72
[train] step 20: T=622 positions=16 loss=0.8907 ce=4.9150 tv=0.4435 conf=0.8220 grad_norm=3.5905 tensors_with_grad=69/72
[train] step 21: T=932 positions=16 loss=0.8461 ce=4.1716 tv=0.4766 conf=0.5044 grad_norm=9.5737 tensors_with_grad=69/72
[train] step 22: T=529 positions=16 loss=0.8594 ce=4.6531 tv=0.4379 conf=0.5445 grad_norm=3.0606 tensors_with_grad=69/72
[train] step 23: T=677 positions=16 loss=1.1011 ce=5.3248 tv=0.6318 conf=0.6793 grad_norm=2.5684 tensors_with_grad=69/72
[train] step 24: T=1210 positions=16 loss=1.2455 ce=7.2659 tv=0.5765 conf=0.7783 grad_norm=4.8133 tensors_with_grad=69/72
[train] step 25: T=533 positions=16 loss=0.3820 ce=1.8116 tv=0.2232 conf=0.7425 grad_norm=4.2670 tensors_with_grad=69/72
[train] step 26: T=618 positions=16 loss=0.6022 ce=2.4044 tv=0.4019 conf=1.3664 grad_norm=3.6672 tensors_with_grad=69/72
[train] step 27: T=530 positions=16 loss=0.6731 ce=3.7140 tv=0.3353 conf=0.6152 grad_norm=3.4156 tensors_with_grad=69/72
[train] step 28: T=527 positions=16 loss=0.7680 ce=3.3997 tv=0.4756 conf=0.4669 grad_norm=2.8126 tensors_with_grad=69/72
[train] step 29: T=924 positions=16 loss=0.9581 ce=4.7673 tv=0.5348 conf=0.2619 grad_norm=2.7535 tensors_with_grad=69/72
[train] step 30: T=550 positions=16 loss=0.9856 ce=4.8375 tv=0.5576 conf=0.9240 grad_norm=2.8432 tensors_with_grad=69/72
[train] step 31: T=653 positions=16 loss=1.1014 ce=5.7057 tv=0.5899 conf=1.4137 grad_norm=2.4163 tensors_with_grad=69/72
[train] step 32: T=659 positions=16 loss=0.6536 ce=3.1493 tv=0.3763 conf=0.6552 grad_norm=1.7204 tensors_with_grad=69/72
[train] step 33: T=535 positions=16 loss=0.3671 ce=1.5017 tv=0.2410 conf=0.5536 grad_norm=3.1529 tensors_with_grad=69/72
[train] step 34: T=675 positions=16 loss=0.9984 ce=4.6142 tv=0.5966 conf=0.9321 grad_norm=2.8821 tensors_with_grad=69/72
[train] step 35: T=624 positions=16 loss=0.6149 ce=3.2169 tv=0.3258 conf=1.0962 grad_norm=7.4832 tensors_with_grad=69/72
[train] step 36: T=634 positions=16 loss=0.8539 ce=4.1115 tv=0.4920 conf=0.6250 grad_norm=6.0274 tensors_with_grad=69/72
[train] step 37: T=547 positions=16 loss=0.7429 ce=3.4542 tv=0.4417 conf=0.4930 grad_norm=3.2822 tensors_with_grad=69/72
[train] step 38: T=536 positions=16 loss=0.6051 ce=2.8354 tv=0.3573 conf=0.8277 grad_norm=4.8482 tensors_with_grad=69/72
[train] step 39: T=672 positions=16 loss=0.3217 ce=1.5818 tv=0.1817 conf=0.9523 grad_norm=2.6051 tensors_with_grad=69/72
[train] step 40: T=673 positions=16 loss=0.6337 ce=3.2091 tv=0.3475 conf=1.2619 grad_norm=3.5163 tensors_with_grad=69/72
[train] step 41: T=574 positions=16 loss=0.9643 ce=5.1168 tv=0.5029 conf=1.1146 grad_norm=4.7742 tensors_with_grad=69/72
[train] step 42: T=673 positions=16 loss=0.9485 ce=4.3341 tv=0.5723 conf=0.4801 grad_norm=3.6384 tensors_with_grad=69/72
[train] step 43: T=1093 positions=16 loss=1.2372 ce=6.8020 tv=0.6189 conf=0.5310 grad_norm=2.6325 tensors_with_grad=69/72
[train] step 44: T=572 positions=16 loss=1.0349 ce=5.1787 tv=0.5744 conf=0.6321 grad_norm=3.2185 tensors_with_grad=69/72
[train] step 45: T=607 positions=16 loss=0.7500 ce=3.8657 tv=0.4039 conf=0.6054 grad_norm=8.3459 tensors_with_grad=69/72
[train] step 46: T=604 positions=16 loss=0.4739 ce=2.1759 tv=0.2848 conf=0.7292 grad_norm=10.7267 tensors_with_grad=69/72
[train] step 47: T=674 positions=16 loss=0.7085 ce=3.9415 tv=0.3493 conf=0.7501 grad_norm=1.9100 tensors_with_grad=69/72
[train] step 48: T=529 positions=16 loss=0.9203 ce=4.8884 tv=0.4794 conf=0.9322 grad_norm=4.0258 tensors_with_grad=69/72
[train] step 49: T=674 positions=16 loss=0.4131 ce=1.8717 tv=0.2511 conf=0.6156 grad_norm=2.0852 tensors_with_grad=69/72
[train] step 50: T=983 positions=16 loss=0.7943 ce=4.3091 tv=0.4038 conf=0.4695 grad_norm=3.2182 tensors_with_grad=69/72
[train] step 51: T=531 positions=16 loss=0.3731 ce=1.5679 tv=0.2403 conf=0.8501 grad_norm=4.3181 tensors_with_grad=69/72
[train] step 52: T=643 positions=16 loss=0.9561 ce=4.4422 tv=0.5687 conf=1.0528 grad_norm=6.0344 tensors_with_grad=69/72
[train] step 53: T=672 positions=16 loss=0.5469 ce=2.3950 tv=0.3415 conf=0.4254 grad_norm=4.0423 tensors_with_grad=69/72
[train] step 54: T=577 positions=16 loss=0.4951 ce=2.3235 tv=0.2920 conf=0.8142 grad_norm=3.2788 tensors_with_grad=69/72
[train] step 55: T=540 positions=16 loss=0.5599 ce=2.6692 tv=0.3256 conf=0.4782 grad_norm=3.5537 tensors_with_grad=69/72
[train] step 56: T=1793 positions=16 loss=1.1149 ce=6.2377 tv=0.5457 conf=0.6961 grad_norm=2.3571 tensors_with_grad=69/72
[train] step 57: T=1349 positions=16 loss=1.1103 ce=6.0317 tv=0.5635 conf=0.3120 grad_norm=5.0840 tensors_with_grad=69/72
[train] step 58: T=658 positions=16 loss=0.7911 ce=3.5125 tv=0.4887 conf=0.7435 grad_norm=2.5962 tensors_with_grad=69/72
[train] step 59: T=537 positions=16 loss=0.7921 ce=3.9716 tv=0.4388 conf=0.6630 grad_norm=3.2571 tensors_with_grad=69/72
[train] step 60: T=532 positions=16 loss=0.4484 ce=1.8036 tv=0.2978 conf=0.4936 grad_norm=3.6374 tensors_with_grad=69/72
[train] step 61: T=591 positions=16 loss=0.6452 ce=3.5938 tv=0.3176 conf=0.3688 grad_norm=2.3287 tensors_with_grad=69/72
[train] step 62: T=525 positions=16 loss=0.8429 ce=4.0550 tv=0.4860 conf=0.4340 grad_norm=3.1710 tensors_with_grad=69/72
[train] step 63: T=526 positions=16 loss=0.3638 ce=1.3416 tv=0.2552 conf=0.4266 grad_norm=4.5300 tensors_with_grad=69/72
[train] step 64: T=588 positions=16 loss=0.3295 ce=1.7459 tv=0.1721 conf=0.3910 grad_norm=4.2364 tensors_with_grad=69/72
[train] step 65: T=605 positions=16 loss=0.2714 ce=1.2389 tv=0.1639 conf=0.4981 grad_norm=2.0097 tensors_with_grad=69/72
[train] step 66: T=532 positions=16 loss=0.3253 ce=1.5321 tv=0.1912 conf=0.5071 grad_norm=2.9086 tensors_with_grad=69/72
[train] step 67: T=980 positions=16 loss=1.0863 ce=5.6493 tv=0.5793 conf=0.4389 grad_norm=2.9317 tensors_with_grad=69/72
[train] step 68: T=533 positions=16 loss=1.1603 ce=6.2852 tv=0.5908 conf=0.8598 grad_norm=4.3568 tensors_with_grad=69/72
[train] step 69: T=563 positions=16 loss=0.2910 ce=1.1584 tv=0.1946 conf=0.5270 grad_norm=2.6836 tensors_with_grad=69/72
[train] step 70: T=532 positions=16 loss=0.3825 ce=1.7009 tv=0.2360 conf=0.4302 grad_norm=1.9449 tensors_with_grad=69/72
[train] step 71: T=584 positions=16 loss=0.7327 ce=3.2485 tv=0.4531 conf=0.6352 grad_norm=2.8566 tensors_with_grad=69/72
[train] step 72: T=534 positions=16 loss=0.7553 ce=4.4090 tv=0.3493 conf=0.5971 grad_norm=3.6996 tensors_with_grad=69/72
[train] step 73: T=528 positions=16 loss=0.7947 ce=3.7685 tv=0.4643 conf=0.5498 grad_norm=4.0206 tensors_with_grad=69/72
[train] step 74: T=539 positions=16 loss=0.3132 ce=1.4480 tv=0.1871 conf=0.3718 grad_norm=2.1528 tensors_with_grad=69/72
[train] step 75: T=650 positions=16 loss=0.4176 ce=2.6168 tv=0.1732 conf=1.0203 grad_norm=1.8797 tensors_with_grad=69/72
[train] step 76: T=550 positions=16 loss=0.5562 ce=2.4030 tv=0.3510 conf=0.6844 grad_norm=3.4352 tensors_with_grad=69/72
[train] step 77: T=676 positions=16 loss=0.7486 ce=3.6220 tv=0.4293 conf=0.8536 grad_norm=4.5183 tensors_with_grad=69/72
[train] step 78: T=676 positions=16 loss=0.7225 ce=3.5919 tv=0.4037 conf=0.6234 grad_norm=4.6263 tensors_with_grad=69/72
[train] step 79: T=530 positions=16 loss=0.8488 ce=4.0897 tv=0.4887 conf=0.4644 grad_norm=4.0932 tensors_with_grad=69/72
[train] step 80: T=576 positions=16 loss=1.1938 ce=6.2386 tv=0.6333 conf=0.6851 grad_norm=4.7632 tensors_with_grad=69/72
[train] step 81: T=598 positions=16 loss=0.5986 ce=2.4294 tv=0.3952 conf=1.2213 grad_norm=7.4437 tensors_with_grad=69/72
[train] step 82: T=531 positions=16 loss=0.4324 ce=1.9077 tv=0.2685 conf=0.5302 grad_norm=3.4662 tensors_with_grad=69/72
[train] step 83: T=1060 positions=16 loss=1.0233 ce=5.5117 tv=0.5246 conf=0.7620 grad_norm=4.3405 tensors_with_grad=69/72
[train] step 84: T=563 positions=16 loss=0.5572 ce=2.4854 tv=0.3429 conf=0.7674 grad_norm=4.7706 tensors_with_grad=69/72
[train] step 85: T=644 positions=16 loss=0.1917 ce=0.6803 tv=0.1374 conf=0.4611 grad_norm=1.2985 tensors_with_grad=69/72
[train] step 86: T=621 positions=16 loss=0.3430 ce=1.7534 tv=0.1863 conf=0.6379 grad_norm=2.3093 tensors_with_grad=69/72
[train] step 87: T=641 positions=16 loss=0.5847 ce=3.0373 tv=0.3122 conf=0.8158 grad_norm=2.2086 tensors_with_grad=69/72
[train] step 88: T=528 positions=16 loss=0.2580 ce=1.2638 tv=0.1462 conf=0.3756 grad_norm=1.9734 tensors_with_grad=69/72
[train] step 89: T=602 positions=16 loss=0.7884 ce=3.8401 tv=0.4493 conf=0.6359 grad_norm=2.4884 tensors_with_grad=69/72
[train] step 90: T=538 positions=16 loss=0.8785 ce=4.8198 tv=0.4406 conf=0.6477 grad_norm=2.8029 tensors_with_grad=69/72
[train] step 91: T=538 positions=16 loss=0.1433 ce=0.6485 tv=0.0872 conf=0.2251 grad_norm=1.8754 tensors_with_grad=69/72
[train] step 92: T=542 positions=16 loss=0.3028 ce=1.0917 tv=0.2152 conf=0.3237 grad_norm=2.7419 tensors_with_grad=69/72
[train] step 93: T=673 positions=16 loss=0.8385 ce=3.7435 tv=0.5157 conf=0.9215 grad_norm=3.8051 tensors_with_grad=69/72
[train] step 94: T=597 positions=16 loss=0.6638 ce=3.2437 tv=0.3771 conf=1.3183 grad_norm=2.6328 tensors_with_grad=69/72
[train] step 95: T=537 positions=16 loss=0.4167 ce=2.0234 tv=0.2382 conf=0.1964 grad_norm=2.7651 tensors_with_grad=69/72
[train] step 96: T=533 positions=16 loss=0.1728 ce=0.6071 tv=0.1246 conf=0.2721 grad_norm=2.4525 tensors_with_grad=69/72
[train] step 97: T=674 positions=16 loss=0.7696 ce=3.4713 tv=0.4694 conf=0.5426 grad_norm=5.0427 tensors_with_grad=69/72
[train] step 98: T=550 positions=16 loss=0.1674 ce=0.7511 tv=0.1025 conf=0.3626 grad_norm=1.4459 tensors_with_grad=69/72
[train] step 99: T=621 positions=16 loss=0.4369 ce=2.0725 tv=0.2552 conf=0.6139 grad_norm=5.6999 tensors_with_grad=69/72
[train] step 100: T=535 positions=16 loss=0.7582 ce=3.3612 tv=0.4690 conf=0.7354 grad_norm=3.6131 tensors_with_grad=69/72
[train] step 101: T=526 positions=16 loss=0.6886 ce=3.6927 tv=0.3549 conf=0.5408 grad_norm=3.9764 tensors_with_grad=69/72
[train] step 102: T=987 positions=16 loss=0.9993 ce=5.2928 tv=0.5222 conf=0.5696 grad_norm=3.4912 tensors_with_grad=69/72
[train] step 103: T=673 positions=16 loss=0.9801 ce=4.1172 tv=0.6315 conf=0.7934 grad_norm=2.9113 tensors_with_grad=69/72
[train] step 104: T=532 positions=16 loss=0.5809 ce=2.8499 tv=0.3288 conf=0.6794 grad_norm=4.9309 tensors_with_grad=69/72
[train] step 105: T=675 positions=16 loss=0.9174 ce=4.8728 tv=0.4779 conf=0.4058 grad_norm=3.6041 tensors_with_grad=69/72
[train] step 106: T=553 positions=16 loss=0.5834 ce=2.9879 tv=0.3162 conf=0.7137 grad_norm=4.8113 tensors_with_grad=69/72
[train] step 107: T=673 positions=16 loss=0.9905 ce=5.6782 tv=0.4696 conf=0.6429 grad_norm=5.5390 tensors_with_grad=69/72
[train] step 108: T=526 positions=16 loss=0.5610 ce=2.0607 tv=0.3944 conf=0.4845 grad_norm=4.6856 tensors_with_grad=69/72
[train] step 109: T=533 positions=16 loss=0.5658 ce=2.7191 tv=0.3265 conf=0.6155 grad_norm=4.5798 tensors_with_grad=69/72
[train] step 110: T=1795 positions=16 loss=1.1930 ce=6.6444 tv=0.5873 conf=0.6683 grad_norm=2.4337 tensors_with_grad=69/72
[train] step 111: T=536 positions=16 loss=0.3303 ce=1.4105 tv=0.2103 conf=0.3424 grad_norm=2.4339 tensors_with_grad=69/72
[train] step 112: T=676 positions=16 loss=0.8173 ce=3.7334 tv=0.4933 conf=0.5989 grad_norm=3.6838 tensors_with_grad=69/72
[train] step 113: T=586 positions=16 loss=0.1701 ce=0.5189 tv=0.1313 conf=0.3689 grad_norm=1.4383 tensors_with_grad=69/72
[train] step 114: T=553 positions=16 loss=0.8017 ce=3.9789 tv=0.4487 conf=0.9143 grad_norm=4.9836 tensors_with_grad=69/72
[train] step 115: T=614 positions=16 loss=0.3217 ce=1.5479 tv=0.1854 conf=0.3153 grad_norm=2.3425 tensors_with_grad=69/72
[train] step 116: T=530 positions=16 loss=0.4242 ce=1.6864 tv=0.2840 conf=0.9569 grad_norm=2.5738 tensors_with_grad=69/72
[train] step 117: T=597 positions=16 loss=0.1114 ce=0.1497 tv=0.1072 conf=0.4173 grad_norm=1.0785 tensors_with_grad=69/72
[train] step 118: T=628 positions=16 loss=0.5033 ce=2.2996 tv=0.3038 conf=0.8163 grad_norm=4.5374 tensors_with_grad=69/72
[train] step 119: T=672 positions=16 loss=1.2119 ce=6.2788 tv=0.6489 conf=0.7605 grad_norm=3.1164 tensors_with_grad=69/72
[train] step 120: T=672 positions=16 loss=1.1055 ce=5.5463 tv=0.6121 conf=0.6399 grad_norm=1.7998 tensors_with_grad=69/72
[train] step 121: T=593 positions=16 loss=0.2253 ce=0.9727 tv=0.1422 conf=0.2222 grad_norm=2.6859 tensors_with_grad=69/72
[train] step 122: T=576 positions=16 loss=0.9065 ce=4.4056 tv=0.5177 conf=0.7032 grad_norm=4.3038 tensors_with_grad=69/72
[train] step 123: T=669 positions=16 loss=0.2677 ce=1.0811 tv=0.1773 conf=0.3966 grad_norm=1.9816 tensors_with_grad=69/72
[train] step 124: T=530 positions=16 loss=1.1318 ce=5.3807 tv=0.6597 conf=0.7512 grad_norm=3.2285 tensors_with_grad=69/72
[train] step 125: T=678 positions=16 loss=0.6900 ce=3.2756 tv=0.4028 conf=0.5978 grad_norm=8.7038 tensors_with_grad=69/72
[train] step 126: T=675 positions=16 loss=0.6121 ce=2.9465 tv=0.3527 conf=0.5378 grad_norm=3.0592 tensors_with_grad=69/72
[train] step 127: T=537 positions=16 loss=0.4160 ce=2.1631 tv=0.2219 conf=0.3999 grad_norm=2.7710 tensors_with_grad=69/72
[train] step 128: T=577 positions=16 loss=0.8109 ce=4.0503 tv=0.4510 conf=0.8318 grad_norm=2.6976 tensors_with_grad=69/72
[train] step 129: T=613 positions=16 loss=0.4126 ce=2.1157 tv=0.2234 conf=0.1744 grad_norm=2.3941 tensors_with_grad=69/72
[train] step 130: T=548 positions=16 loss=0.3377 ce=1.6282 tv=0.1943 conf=0.3360 grad_norm=3.1838 tensors_with_grad=69/72
[train] step 131: T=526 positions=16 loss=1.1703 ce=6.0962 tv=0.6230 conf=0.7613 grad_norm=3.2965 tensors_with_grad=69/72
[train] step 132: T=607 positions=16 loss=0.1947 ce=1.0265 tv=0.1023 conf=0.3719 grad_norm=1.8620 tensors_with_grad=69/72
[train] step 133: T=674 positions=16 loss=0.5007 ce=2.4803 tv=0.2808 conf=0.6213 grad_norm=4.8897 tensors_with_grad=69/72
[train] step 134: T=1001 positions=16 loss=1.0186 ce=5.1204 tv=0.5629 conf=0.5919 grad_norm=2.2792 tensors_with_grad=69/72
[train] step 135: T=537 positions=16 loss=0.5873 ce=3.0902 tv=0.3092 conf=0.2348 grad_norm=2.2911 tensors_with_grad=69/72
[train] step 136: T=534 positions=16 loss=0.0934 ce=0.2180 tv=0.0796 conf=0.0732 grad_norm=0.4134 tensors_with_grad=69/72
[train] step 137: T=542 positions=16 loss=0.4448 ce=1.9169 tv=0.2812 conf=0.4594 grad_norm=4.0202 tensors_with_grad=69/72
[train] step 138: T=676 positions=16 loss=1.0464 ce=4.5588 tv=0.6562 conf=0.6408 grad_norm=3.6210 tensors_with_grad=69/72
[train] step 139: T=536 positions=16 loss=0.4325 ce=2.7178 tv=0.1786 conf=0.5703 grad_norm=2.0402 tensors_with_grad=69/72
[train] step 140: T=524 positions=16 loss=0.8451 ce=3.9795 tv=0.4968 conf=0.6581 grad_norm=3.5762 tensors_with_grad=69/72
[train] step 141: T=563 positions=16 loss=0.4562 ce=2.2231 tv=0.2599 conf=0.5397 grad_norm=3.2886 tensors_with_grad=69/72
[train] step 142: T=617 positions=16 loss=0.6606 ce=3.3091 tv=0.3663 conf=0.8342 grad_norm=3.3679 tensors_with_grad=69/72
[train] step 143: T=537 positions=16 loss=0.3408 ce=1.0523 tv=0.2618 conf=0.7346 grad_norm=3.1463 tensors_with_grad=69/72
[train] step 144: T=621 positions=16 loss=0.5139 ce=2.3165 tv=0.3136 conf=1.0184 grad_norm=4.3178 tensors_with_grad=69/72
[train] step 145: T=672 positions=16 loss=0.9326 ce=4.9948 tv=0.4813 conf=0.8253 grad_norm=1.6309 tensors_with_grad=69/72
[train] step 146: T=631 positions=16 loss=0.2175 ce=0.8241 tv=0.1501 conf=0.6415 grad_norm=1.7362 tensors_with_grad=69/72
[train] step 147: T=528 positions=16 loss=0.3986 ce=1.9584 tv=0.2253 conf=0.9787 grad_norm=3.1918 tensors_with_grad=69/72
[train] step 148: T=1043 positions=16 loss=1.0670 ce=5.5875 tv=0.5647 conf=0.7405 grad_norm=3.8396 tensors_with_grad=69/72
[train] step 149: T=584 positions=16 loss=0.4478 ce=2.3965 tv=0.2313 conf=0.5210 grad_norm=4.2567 tensors_with_grad=69/72
[train] step 150: T=656 positions=16 loss=0.6939 ce=2.8682 tv=0.4523 conf=0.9362 grad_norm=3.3258 tensors_with_grad=69/72
[train] step 151: T=673 positions=16 loss=0.8553 ce=4.1975 tv=0.4840 conf=0.6972 grad_norm=2.0918 tensors_with_grad=69/72
[train] step 152: T=532 positions=16 loss=0.3151 ce=1.6743 tv=0.1640 conf=0.5852 grad_norm=2.6652 tensors_with_grad=69/72
[train] step 153: T=629 positions=16 loss=0.2307 ce=0.7263 tv=0.1756 conf=0.7572 grad_norm=2.2703 tensors_with_grad=69/72
[train] step 154: T=546 positions=16 loss=0.8108 ce=4.1005 tv=0.4453 conf=0.5186 grad_norm=4.0926 tensors_with_grad=69/72
[train] step 155: T=576 positions=16 loss=0.6855 ce=3.2348 tv=0.4023 conf=1.3931 grad_norm=3.8020 tensors_with_grad=69/72
[train] step 156: T=607 positions=16 loss=0.3726 ce=1.7281 tv=0.2220 conf=0.5919 grad_norm=4.9026 tensors_with_grad=69/72
[train] step 157: T=582 positions=16 loss=0.7844 ce=3.7166 tv=0.4586 conf=1.0044 grad_norm=3.6069 tensors_with_grad=69/72
[train] step 158: T=919 positions=16 loss=1.0081 ce=5.1910 tv=0.5433 conf=0.4130 grad_norm=2.4779 tensors_with_grad=69/72
[train] step 159: T=531 positions=16 loss=0.2824 ce=1.3542 tv=0.1633 conf=0.1539 grad_norm=3.3050 tensors_with_grad=69/72
[train] step 160: T=650 positions=16 loss=0.4217 ce=1.7415 tv=0.2750 conf=1.0456 grad_norm=6.7458 tensors_with_grad=69/72
[train] step 161: T=1101 positions=16 loss=1.0472 ce=5.4449 tv=0.5586 conf=0.8162 grad_norm=3.0747 tensors_with_grad=69/72
[train] step 162: T=618 positions=16 loss=0.4403 ce=1.7687 tv=0.2927 conf=1.1116 grad_norm=3.8662 tensors_with_grad=69/72
[train] step 163: T=1573 positions=16 loss=1.0383 ce=5.6252 tv=0.5286 conf=0.4006 grad_norm=2.2899 tensors_with_grad=69/72
[train] step 164: T=675 positions=16 loss=0.6662 ce=3.4801 tv=0.3535 conf=0.8156 grad_norm=2.9757 tensors_with_grad=69/72
[train] step 165: T=677 positions=16 loss=0.5833 ce=3.0295 tv=0.3115 conf=0.4477 grad_norm=1.7263 tensors_with_grad=69/72
[train] step 166: T=678 positions=16 loss=1.1667 ce=5.9004 tv=0.6407 conf=0.7000 grad_norm=7.2581 tensors_with_grad=69/72
[train] step 167: T=618 positions=16 loss=0.1707 ce=0.3841 tv=0.1470 conf=0.4847 grad_norm=4.3443 tensors_with_grad=69/72
[train] step 168: T=540 positions=16 loss=0.2659 ce=1.1021 tv=0.1730 conf=0.2199 grad_norm=1.7570 tensors_with_grad=69/72
[train] step 169: T=537 positions=16 loss=0.3850 ce=1.8720 tv=0.2198 conf=0.5055 grad_norm=3.7293 tensors_with_grad=69/72
[train] step 170: T=637 positions=16 loss=0.2225 ce=0.8523 tv=0.1525 conf=0.4263 grad_norm=1.8722 tensors_with_grad=69/72
[train] step 171: T=675 positions=16 loss=0.4547 ce=2.0601 tv=0.2763 conf=0.4060 grad_norm=4.4276 tensors_with_grad=69/72
[train] step 172: T=670 positions=16 loss=0.6105 ce=3.0409 tv=0.3405 conf=0.7132 grad_norm=4.1247 tensors_with_grad=69/72
[train] step 173: T=529 positions=16 loss=0.6802 ce=3.2398 tv=0.3958 conf=0.6805 grad_norm=3.5406 tensors_with_grad=69/72
[train] step 174: T=615 positions=16 loss=0.4854 ce=2.5441 tv=0.2566 conf=0.7196 grad_norm=1.9673 tensors_with_grad=69/72
[train] step 175: T=529 positions=16 loss=1.0743 ce=4.9099 tv=0.6481 conf=0.6505 grad_norm=3.7310 tensors_with_grad=69/72
[train] step 176: T=889 positions=16 loss=0.5866 ce=2.8674 tv=0.3332 conf=0.4321 grad_norm=2.9364 tensors_with_grad=69/72
[train] step 177: T=676 positions=16 loss=0.6206 ce=2.7187 tv=0.3875 conf=1.0710 grad_norm=2.8565 tensors_with_grad=69/72
[train] step 178: T=545 positions=16 loss=0.1960 ce=0.9419 tv=0.1131 conf=0.1553 grad_norm=1.5429 tensors_with_grad=69/72
[train] step 179: T=669 positions=16 loss=0.5957 ce=2.4430 tv=0.3904 conf=0.7355 grad_norm=2.4845 tensors_with_grad=69/72
[train] step 180: T=672 positions=16 loss=0.3249 ce=1.2628 tv=0.2207 conf=0.9723 grad_norm=2.6994 tensors_with_grad=69/72
[train] step 181: T=546 positions=16 loss=0.5135 ce=1.8685 tv=0.3630 conf=0.3099 grad_norm=1.2635 tensors_with_grad=69/72
[train] step 182: T=532 positions=16 loss=0.5708 ce=3.0294 tv=0.2977 conf=0.2822 grad_norm=3.7305 tensors_with_grad=69/72
[train] step 183: T=1190 positions=16 loss=0.9806 ce=5.2286 tv=0.5086 conf=1.4156 grad_norm=2.2725 tensors_with_grad=69/72
[train] step 184: T=611 positions=16 loss=0.6213 ce=3.0450 tv=0.3520 conf=1.1297 grad_norm=4.1573 tensors_with_grad=69/72
[train] step 185: T=526 positions=16 loss=0.2410 ce=1.0573 tv=0.1503 conf=0.4804 grad_norm=3.3948 tensors_with_grad=69/72
[train] step 186: T=673 positions=16 loss=1.3237 ce=6.6801 tv=0.7286 conf=0.7703 grad_norm=3.4175 tensors_with_grad=69/72
[train] step 187: T=539 positions=16 loss=0.2391 ce=0.9752 tv=0.1573 conf=0.2509 grad_norm=2.8051 tensors_with_grad=69/72
[train] step 188: T=526 positions=16 loss=0.5623 ce=2.7509 tv=0.3191 conf=1.3065 grad_norm=4.1428 tensors_with_grad=69/72
[train] step 189: T=675 positions=16 loss=0.5420 ce=2.4768 tv=0.3271 conf=1.1909 grad_norm=3.4830 tensors_with_grad=69/72
[train] step 190: T=552 positions=16 loss=0.3847 ce=2.3710 tv=0.1640 conf=0.3135 grad_norm=1.5333 tensors_with_grad=69/72
[train] step 191: T=616 positions=16 loss=0.7562 ce=3.5892 tv=0.4415 conf=1.6112 grad_norm=12.3951 tensors_with_grad=69/72
[train] step 192: T=528 positions=16 loss=0.9843 ce=4.8889 tv=0.5505 conf=1.4194 grad_norm=2.9446 tensors_with_grad=69/72
[train] step 193: T=525 positions=16 loss=1.2526 ce=6.6131 tv=0.6570 conf=1.0673 grad_norm=3.0173 tensors_with_grad=69/72
[train] step 194: T=675 positions=16 loss=0.7199 ce=3.3939 tv=0.4228 conf=0.8507 grad_norm=2.6309 tensors_with_grad=69/72
[train] step 195: T=611 positions=16 loss=0.6027 ce=3.3225 tv=0.3005 conf=1.0227 grad_norm=2.7799 tensors_with_grad=69/72
[train] step 196: T=594 positions=16 loss=1.0683 ce=5.9591 tv=0.5248 conf=0.8681 grad_norm=6.0471 tensors_with_grad=69/72
[train] step 197: T=654 positions=16 loss=0.7013 ce=3.4213 tv=0.3990 conf=0.3328 grad_norm=3.5832 tensors_with_grad=69/72
[train] step 198: T=539 positions=16 loss=0.2706 ce=1.3552 tv=0.1501 conf=0.4051 grad_norm=3.2618 tensors_with_grad=69/72
[train] step 199: T=529 positions=16 loss=0.6689 ce=3.3397 tv=0.3721 conf=1.8300 grad_norm=5.1520 tensors_with_grad=69/72
[train] step 200: T=631 positions=16 loss=0.6208 ce=3.3563 tv=0.3169 conf=0.9176 grad_norm=4.3261 tensors_with_grad=69/72
[train] step 201: T=533 positions=16 loss=0.3342 ce=1.5010 tv=0.2045 conf=0.4249 grad_norm=3.5204 tensors_with_grad=69/72
[train] step 202: T=537 positions=16 loss=0.3542 ce=1.9113 tv=0.1812 conf=0.2065 grad_norm=1.9581 tensors_with_grad=69/72
[train] step 203: T=525 positions=16 loss=1.2590 ce=6.3297 tv=0.6956 conf=1.2494 grad_norm=4.3336 tensors_with_grad=69/72
[train] step 204: T=851 positions=16 loss=0.6918 ce=3.0830 tv=0.4261 conf=0.7144 grad_norm=8.0471 tensors_with_grad=69/72
[train] step 205: T=551 positions=16 loss=0.5763 ce=2.8650 tv=0.3220 conf=0.8074 grad_norm=3.7624 tensors_with_grad=69/72
[train] step 206: T=897 positions=16 loss=0.9370 ce=5.0595 tv=0.4789 conf=0.6382 grad_norm=3.1976 tensors_with_grad=69/72
[train] step 207: T=603 positions=16 loss=0.1381 ce=0.3701 tv=0.1123 conf=0.9066 grad_norm=2.1191 tensors_with_grad=69/72
[train] step 208: T=578 positions=16 loss=0.9732 ce=4.7572 tv=0.5527 conf=0.9408 grad_norm=3.4577 tensors_with_grad=69/72
[train] step 209: T=532 positions=16 loss=0.3352 ce=1.4677 tv=0.2094 conf=1.1880 grad_norm=2.3723 tensors_with_grad=69/72
[train] step 210: T=675 positions=16 loss=0.6649 ce=3.4409 tv=0.3564 conf=1.9032 grad_norm=4.4931 tensors_with_grad=69/72
[train] step 211: T=536 positions=16 loss=0.2966 ce=1.3447 tv=0.1802 conf=0.3086 grad_norm=6.2298 tensors_with_grad=69/72
[train] step 212: T=526 positions=16 loss=0.7630 ce=3.3591 tv=0.4745 conf=1.3602 grad_norm=3.0924 tensors_with_grad=69/72
[train] step 213: T=530 positions=16 loss=0.7956 ce=3.9157 tv=0.4489 conf=2.6242 grad_norm=5.9250 tensors_with_grad=69/72
[train] step 214: T=527 positions=16 loss=1.0075 ce=5.2026 tv=0.5414 conf=1.3769 grad_norm=5.1358 tensors_with_grad=69/72
[train] step 215: T=535 positions=16 loss=0.1819 ce=0.7251 tv=0.1215 conf=0.1535 grad_norm=2.3033 tensors_with_grad=69/72
[train] step 216: T=531 positions=16 loss=0.8488 ce=3.7786 tv=0.5233 conf=1.0385 grad_norm=3.5653 tensors_with_grad=69/72
[train] step 217: T=536 positions=16 loss=0.2348 ce=1.0498 tv=0.1443 conf=0.0661 grad_norm=3.0118 tensors_with_grad=69/72
[train] step 218: T=585 positions=16 loss=0.5569 ce=2.2587 tv=0.3678 conf=1.0528 grad_norm=9.3566 tensors_with_grad=69/72
[train] step 219: T=524 positions=16 loss=0.9034 ce=4.0434 tv=0.5545 conf=0.7646 grad_norm=2.4499 tensors_with_grad=69/72
[train] step 220: T=562 positions=16 loss=0.5653 ce=2.5332 tv=0.3466 conf=3.5456 grad_norm=3.5130 tensors_with_grad=69/72
[train] step 221: T=1482 positions=16 loss=1.2677 ce=7.0324 tv=0.6272 conf=1.1374 grad_norm=4.4026 tensors_with_grad=69/72
[train] step 222: T=669 positions=16 loss=0.6918 ce=2.8878 tv=0.4478 conf=0.6118 grad_norm=2.7466 tensors_with_grad=69/72
[train] step 223: T=591 positions=16 loss=0.2666 ce=1.0838 tv=0.1758 conf=0.7750 grad_norm=10.2331 tensors_with_grad=69/72
[train] step 224: T=524 positions=16 loss=0.9941 ce=5.0360 tv=0.5449 conf=0.9580 grad_norm=4.8113 tensors_with_grad=69/72
[train] step 225: T=532 positions=16 loss=0.5745 ce=2.7554 tv=0.3322 conf=0.8415 grad_norm=2.9554 tensors_with_grad=69/72
[train] step 226: T=672 positions=16 loss=0.7096 ce=3.2289 tv=0.4297 conf=1.7245 grad_norm=4.7881 tensors_with_grad=69/72
[train] step 227: T=534 positions=16 loss=0.5887 ce=2.5378 tv=0.3721 conf=1.6925 grad_norm=3.1818 tensors_with_grad=69/72
[train] step 228: T=1014 positions=16 loss=0.9707 ce=5.0296 tv=0.5197 conf=0.9324 grad_norm=2.3791 tensors_with_grad=69/72
[train] step 229: T=675 positions=16 loss=0.5123 ce=2.3513 tv=0.3080 conf=0.7783 grad_norm=4.4760 tensors_with_grad=69/72
[train] step 230: T=647 positions=16 loss=0.8125 ce=3.8980 tv=0.4696 conf=1.8273 grad_norm=5.3355 tensors_with_grad=69/72
[train] step 231: T=596 positions=16 loss=0.3496 ce=1.4787 tv=0.2242 conf=0.8030 grad_norm=3.3319 tensors_with_grad=69/72
[train] step 232: T=674 positions=16 loss=0.8199 ce=3.7311 tv=0.4964 conf=1.3233 grad_norm=3.0873 tensors_with_grad=69/72
[train] step 233: T=858 positions=16 loss=0.4384 ce=1.7910 tv=0.2881 conf=0.5740 grad_norm=3.2731 tensors_with_grad=69/72
[train] step 234: T=597 positions=16 loss=0.3327 ce=1.0813 tv=0.2495 conf=1.0373 grad_norm=3.8641 tensors_with_grad=69/72
[train] step 235: T=604 positions=16 loss=0.4245 ce=1.8514 tv=0.2660 conf=0.7693 grad_norm=3.7157 tensors_with_grad=69/72
[train] step 236: T=589 positions=16 loss=0.2059 ce=0.8194 tv=0.1377 conf=0.5241 grad_norm=2.3701 tensors_with_grad=69/72
[train] step 237: T=623 positions=16 loss=0.4152 ce=2.1385 tv=0.2237 conf=1.3357 grad_norm=3.7129 tensors_with_grad=69/72
[train] step 238: T=884 positions=16 loss=0.9133 ce=4.8015 tv=0.4812 conf=0.9052 grad_norm=3.8792 tensors_with_grad=69/72
[train] step 239: T=673 positions=16 loss=0.6953 ce=3.3407 tv=0.4013 conf=0.6680 grad_norm=4.1091 tensors_with_grad=69/72
[train] step 240: T=540 positions=16 loss=0.2443 ce=1.2557 tv=0.1319 conf=0.2107 grad_norm=2.8858 tensors_with_grad=69/72
[train] step 241: T=1324 positions=16 loss=1.1493 ce=6.8241 tv=0.5188 conf=0.3417 grad_norm=2.7415 tensors_with_grad=69/72
[train] step 242: T=677 positions=16 loss=0.8067 ce=3.7989 tv=0.4743 conf=0.7466 grad_norm=2.5034 tensors_with_grad=69/72
[train] step 243: T=615 positions=16 loss=1.0723 ce=5.4797 tv=0.5825 conf=1.4964 grad_norm=3.7966 tensors_with_grad=69/72
[train] step 244: T=1500 positions=16 loss=0.9038 ce=4.6816 tv=0.4840 conf=0.2104 grad_norm=4.3734 tensors_with_grad=69/72
[train] step 245: T=672 positions=16 loss=1.0124 ce=4.8075 tv=0.5908 conf=1.1649 grad_norm=2.1624 tensors_with_grad=69/72
[train] step 246: T=561 positions=16 loss=0.2649 ce=1.2523 tv=0.1551 conf=0.3184 grad_norm=4.2287 tensors_with_grad=69/72
[train] step 247: T=610 positions=16 loss=0.5177 ce=2.0793 tv=0.3442 conf=0.5549 grad_norm=2.9676 tensors_with_grad=69/72
[train] step 248: T=535 positions=16 loss=0.4489 ce=2.0895 tv=0.2666 conf=0.4134 grad_norm=4.8838 tensors_with_grad=69/72
[train] step 249: T=587 positions=16 loss=0.1780 ce=0.4311 tv=0.1498 conf=0.5453 grad_norm=2.7664 tensors_with_grad=69/72
[train] step 250: T=633 positions=16 loss=0.1898 ce=0.7035 tv=0.1327 conf=0.3182 grad_norm=1.3847 tensors_with_grad=69/72
[train] step 251: T=677 positions=16 loss=0.6623 ce=3.3114 tv=0.3680 conf=0.8499 grad_norm=7.0030 tensors_with_grad=69/72
[train] step 252: T=598 positions=16 loss=0.2842 ce=0.8269 tv=0.2239 conf=0.7734 grad_norm=2.8842 tensors_with_grad=69/72
[train] step 253: T=654 positions=16 loss=1.0040 ce=4.8130 tv=0.5808 conf=1.0303 grad_norm=3.2591 tensors_with_grad=69/72
[train] step 254: T=546 positions=16 loss=0.2656 ce=1.4859 tv=0.1300 conf=0.4510 grad_norm=1.2331 tensors_with_grad=69/72
[train] step 255: T=617 positions=16 loss=0.4530 ce=1.8154 tv=0.3016 conf=1.1067 grad_norm=6.4097 tensors_with_grad=69/72
[train] step 256: T=537 positions=16 loss=0.0959 ce=0.2038 tv=0.0839 conf=0.1407 grad_norm=0.7730 tensors_with_grad=69/72
[train] step 257: T=649 positions=16 loss=0.7720 ce=3.2485 tv=0.4968 conf=0.7274 grad_norm=3.1810 tensors_with_grad=69/72
[train] step 258: T=676 positions=16 loss=0.6235 ce=2.8926 tv=0.3713 conf=0.3842 grad_norm=3.4817 tensors_with_grad=69/72
[train] step 259: T=672 positions=16 loss=0.8833 ce=3.9593 tv=0.5415 conf=0.9415 grad_norm=2.0554 tensors_with_grad=69/72
[train] step 260: T=665 positions=16 loss=0.3414 ce=1.6744 tv=0.1933 conf=0.3442 grad_norm=1.8172 tensors_with_grad=69/72
[train] step 261: T=542 positions=16 loss=0.3002 ce=1.6988 tv=0.1448 conf=0.3238 grad_norm=2.6364 tensors_with_grad=69/72
[train] step 262: T=526 positions=16 loss=0.7822 ce=3.9050 tv=0.4353 conf=0.5236 grad_norm=3.5476 tensors_with_grad=69/72
[train] step 263: T=570 positions=16 loss=0.3434 ce=1.9450 tv=0.1654 conf=0.1935 grad_norm=1.5472 tensors_with_grad=69/72
[train] step 264: T=673 positions=16 loss=0.3007 ce=1.2884 tv=0.1910 conf=0.5637 grad_norm=3.8757 tensors_with_grad=69/72
[train] step 265: T=1148 positions=16 loss=0.8801 ce=4.6255 tv=0.4639 conf=0.3614 grad_norm=2.0521 tensors_with_grad=69/72
[train] step 266: T=675 positions=16 loss=0.6062 ce=2.8107 tv=0.3613 conf=0.3597 grad_norm=5.4911 tensors_with_grad=69/72
[train] step 267: T=609 positions=16 loss=0.3078 ce=1.0325 tv=0.2273 conf=1.1515 grad_norm=2.7960 tensors_with_grad=69/72
[train] step 268: T=528 positions=16 loss=0.9704 ce=5.6736 tv=0.4478 conf=0.5031 grad_norm=6.5845 tensors_with_grad=69/72
[train] step 269: T=547 positions=16 loss=0.3291 ce=1.2563 tv=0.2261 conf=0.5127 grad_norm=5.2001 tensors_with_grad=69/72
[train] step 270: T=529 positions=16 loss=0.3231 ce=1.5965 tv=0.1817 conf=0.6349 grad_norm=2.8398 tensors_with_grad=69/72
[train] step 271: T=550 positions=16 loss=0.4970 ce=2.0215 tv=0.3276 conf=0.2969 grad_norm=5.1242 tensors_with_grad=69/72
[train] step 272: T=639 positions=16 loss=0.7272 ce=3.3509 tv=0.4357 conf=0.9441 grad_norm=3.9372 tensors_with_grad=69/72
[train] step 273: T=615 positions=16 loss=0.3738 ce=1.5479 tv=0.2433 conf=0.8118 grad_norm=1.8803 tensors_with_grad=69/72
[train] step 274: T=536 positions=16 loss=0.0517 ce=0.1250 tv=0.0435 conf=0.1707 grad_norm=0.4975 tensors_with_grad=69/72
[train] step 275: T=534 positions=16 loss=0.3704 ce=2.0567 tv=0.1831 conf=0.3802 grad_norm=1.2484 tensors_with_grad=69/72
[train] step 276: T=538 positions=16 loss=0.9316 ce=4.1989 tv=0.5686 conf=0.7755 grad_norm=3.5801 tensors_with_grad=69/72
[train] step 277: T=525 positions=16 loss=0.5243 ce=2.3432 tv=0.3222 conf=0.6919 grad_norm=1.6472 tensors_with_grad=69/72
[train] step 278: T=671 positions=16 loss=1.3340 ce=7.0121 tv=0.7031 conf=0.7481 grad_norm=4.1620 tensors_with_grad=69/72
[train] step 279: T=536 positions=16 loss=0.3550 ce=1.7092 tv=0.2046 conf=0.3794 grad_norm=3.7642 tensors_with_grad=69/72
[train] step 280: T=532 positions=16 loss=0.3741 ce=1.6110 tv=0.2367 conf=0.6453 grad_norm=4.4366 tensors_with_grad=69/72
[train] step 281: T=553 positions=16 loss=0.4140 ce=2.1164 tv=0.2249 conf=0.5422 grad_norm=1.5816 tensors_with_grad=69/72
[train] step 282: T=673 positions=16 loss=1.0119 ce=4.8992 tv=0.5799 conf=0.4210 grad_norm=5.1220 tensors_with_grad=69/72
[train] step 283: T=1324 positions=16 loss=1.1216 ce=6.0145 tv=0.5779 conf=0.8941 grad_norm=3.5505 tensors_with_grad=69/72
[train] step 284: T=642 positions=16 loss=0.6252 ce=3.1804 tv=0.3413 conf=1.1554 grad_norm=2.8436 tensors_with_grad=69/72
[train] step 285: T=548 positions=16 loss=0.4367 ce=2.4460 tv=0.2134 conf=0.2518 grad_norm=1.9478 tensors_with_grad=69/72
[train] step 286: T=642 positions=16 loss=0.8379 ce=3.6859 tv=0.5215 conf=0.6001 grad_norm=5.4903 tensors_with_grad=69/72
[train] step 287: T=528 positions=16 loss=0.9120 ce=4.1945 tv=0.5472 conf=0.6579 grad_norm=3.8827 tensors_with_grad=69/72
[train] step 288: T=537 positions=16 loss=0.3054 ce=1.4638 tv=0.1767 conf=0.3414 grad_norm=1.5634 tensors_with_grad=69/72
[train] step 289: T=672 positions=16 loss=0.6280 ce=3.0346 tv=0.3606 conf=0.3939 grad_norm=3.3236 tensors_with_grad=69/72
[train] step 290: T=526 positions=16 loss=0.3870 ce=1.7471 tv=0.2359 conf=0.2058 grad_norm=2.8178 tensors_with_grad=69/72
[train] step 291: T=538 positions=16 loss=0.6324 ce=2.6755 tv=0.4054 conf=2.1292 grad_norm=3.2004 tensors_with_grad=69/72
[train] step 292: T=527 positions=16 loss=0.7239 ce=3.6801 tv=0.3955 conf=0.8041 grad_norm=4.2888 tensors_with_grad=69/72
[train] step 293: T=526 positions=16 loss=0.3516 ce=1.8020 tv=0.1904 conf=0.7418 grad_norm=2.1866 tensors_with_grad=69/72
[train] step 294: T=529 positions=16 loss=0.2787 ce=1.2394 tv=0.1719 conf=0.5311 grad_norm=2.5391 tensors_with_grad=69/72
[train] step 295: T=968 positions=16 loss=1.0143 ce=5.2304 tv=0.5458 conf=0.9938 grad_norm=3.2901 tensors_with_grad=69/72
[train] step 296: T=1360 positions=16 loss=1.4263 ce=8.6756 tv=0.6209 conf=1.0803 grad_norm=4.5580 tensors_with_grad=69/72
[train] step 297: T=672 positions=16 loss=0.9804 ce=4.5514 tv=0.5836 conf=0.7343 grad_norm=2.0751 tensors_with_grad=69/72
[train] step 298: T=582 positions=16 loss=0.6870 ce=3.2540 tv=0.4017 conf=1.2713 grad_norm=2.4302 tensors_with_grad=69/72
[train] step 299: T=613 positions=16 loss=0.5906 ce=2.2621 tv=0.4049 conf=1.5977 grad_norm=4.6491 tensors_with_grad=69/72
[train] step 300: T=646 positions=16 loss=0.8612 ce=3.6744 tv=0.5487 conf=0.7848 grad_norm=3.0417 tensors_with_grad=69/72
[train] step 301: T=672 positions=16 loss=1.0599 ce=5.1256 tv=0.6081 conf=0.8804 grad_norm=2.8548 tensors_with_grad=69/72
[train] step 302: T=535 positions=16 loss=0.8662 ce=4.6661 tv=0.4440 conf=0.5773 grad_norm=5.0520 tensors_with_grad=69/72
[train] step 303: T=537 positions=16 loss=0.5078 ce=2.5396 tv=0.2820 conf=0.3722 grad_norm=4.8888 tensors_with_grad=69/72
[train] step 304: T=1797 positions=16 loss=0.8647 ce=4.2670 tv=0.4866 conf=1.2986 grad_norm=5.2887 tensors_with_grad=69/72
[train] step 305: T=527 positions=16 loss=0.7583 ce=2.9118 tv=0.5191 conf=1.1016 grad_norm=2.8622 tensors_with_grad=69/72
[train] step 306: T=544 positions=16 loss=0.3411 ce=1.9668 tv=0.1605 conf=0.1798 grad_norm=1.3202 tensors_with_grad=69/72
[train] step 307: T=675 positions=16 loss=0.4802 ce=2.4536 tv=0.2610 conf=0.7804 grad_norm=4.3705 tensors_with_grad=69/72
[train] step 308: T=525 positions=16 loss=0.9675 ce=4.1137 tv=0.6179 conf=0.6639 grad_norm=3.1717 tensors_with_grad=69/72
[train] step 309: T=583 positions=16 loss=0.1426 ce=0.4918 tv=0.1038 conf=0.4592 grad_norm=1.3710 tensors_with_grad=69/72
[train] step 310: T=620 positions=16 loss=0.4820 ce=2.0701 tv=0.3056 conf=1.0142 grad_norm=4.5175 tensors_with_grad=69/72
[train] step 311: T=538 positions=16 loss=0.2088 ce=0.9081 tv=0.1311 conf=0.1134 grad_norm=1.4569 tensors_with_grad=69/72
[train] step 312: T=637 positions=16 loss=0.1583 ce=0.4702 tv=0.1236 conf=0.6987 grad_norm=1.5143 tensors_with_grad=69/72
[train] step 313: T=658 positions=16 loss=0.5763 ce=2.0328 tv=0.4145 conf=1.5560 grad_norm=3.6627 tensors_with_grad=69/72
[train] step 314: T=609 positions=16 loss=0.3396 ce=1.3232 tv=0.2304 conf=0.8680 grad_norm=4.5850 tensors_with_grad=69/72
[train] step 315: T=903 positions=16 loss=1.1363 ce=6.3556 tv=0.5564 conf=0.8136 grad_norm=2.7477 tensors_with_grad=69/72
[train] step 316: T=524 positions=16 loss=0.8179 ce=3.6678 tv=0.5013 conf=0.5765 grad_norm=6.4070 tensors_with_grad=69/72
[train] step 317: T=829 positions=16 loss=0.6661 ce=3.5372 tv=0.3471 conf=0.5277 grad_norm=2.1415 tensors_with_grad=69/72
[train] step 318: T=875 positions=16 loss=0.6671 ce=3.2108 tv=0.3845 conf=0.8894 grad_norm=2.7167 tensors_with_grad=69/72
[train] step 319: T=533 positions=16 loss=0.6243 ce=2.9896 tv=0.3615 conf=0.4626 grad_norm=2.5979 tensors_with_grad=69/72
[train] step 320: T=675 positions=16 loss=0.5259 ce=2.4367 tv=0.3136 conf=0.9196 grad_norm=2.5417 tensors_with_grad=69/72
[train] step 321: T=672 positions=16 loss=0.6131 ce=3.0418 tv=0.3433 conf=0.6477 grad_norm=2.1741 tensors_with_grad=69/72
[train] step 322: T=672 positions=16 loss=0.2481 ce=0.8117 tv=0.1855 conf=0.8401 grad_norm=4.8681 tensors_with_grad=69/72
[train] step 323: T=1087 positions=16 loss=0.5850 ce=2.4621 tv=0.3765 conf=0.8145 grad_norm=2.3264 tensors_with_grad=69/72
[train] step 324: T=672 positions=16 loss=0.8466 ce=4.6565 tv=0.4233 conf=0.5124 grad_norm=3.3880 tensors_with_grad=69/72
[train] step 325: T=854 positions=16 loss=1.2855 ce=7.4674 tv=0.5987 conf=0.7749 grad_norm=4.0231 tensors_with_grad=69/72
[train] step 326: T=609 positions=16 loss=0.4149 ce=1.7685 tv=0.2645 conf=0.8501 grad_norm=4.3356 tensors_with_grad=69/72
[train] step 327: T=545 positions=16 loss=0.3954 ce=1.6776 tv=0.2529 conf=0.8457 grad_norm=2.0714 tensors_with_grad=69/72
[train] step 328: T=634 positions=16 loss=0.6034 ce=2.3813 tv=0.4059 conf=0.7403 grad_norm=7.1566 tensors_with_grad=69/72
[train] step 329: T=649 positions=16 loss=0.6124 ce=2.7475 tv=0.3752 conf=0.7086 grad_norm=2.9153 tensors_with_grad=69/72
[train] step 330: T=675 positions=16 loss=0.6686 ce=3.2868 tv=0.3776 conf=0.7768 grad_norm=4.4240 tensors_with_grad=69/72
[train] step 331: T=560 positions=16 loss=0.2233 ce=1.0283 tv=0.1339 conf=0.3913 grad_norm=1.2998 tensors_with_grad=69/72
[train] step 332: T=535 positions=16 loss=0.1050 ce=0.2389 tv=0.0902 conf=0.2144 grad_norm=0.4017 tensors_with_grad=69/72
[train] step 333: T=532 positions=16 loss=0.2434 ce=0.9802 tv=0.1615 conf=0.1399 grad_norm=1.3015 tensors_with_grad=69/72
[train] step 334: T=903 positions=16 loss=0.6057 ce=2.9935 tv=0.3404 conf=0.4588 grad_norm=6.1185 tensors_with_grad=69/72
[train] step 335: T=621 positions=16 loss=0.4238 ce=1.8683 tv=0.2633 conf=0.8651 grad_norm=3.8804 tensors_with_grad=69/72
[train] step 336: T=903 positions=16 loss=0.6845 ce=3.7291 tv=0.3462 conf=0.9347 grad_norm=2.5854 tensors_with_grad=69/72
[train] step 337: T=539 positions=16 loss=0.3024 ce=1.4794 tv=0.1716 conf=0.6222 grad_norm=6.2628 tensors_with_grad=69/72
[train] step 338: T=553 positions=16 loss=0.3316 ce=1.6472 tv=0.1855 conf=0.4231 grad_norm=3.8903 tensors_with_grad=69/72
[train] step 339: T=546 positions=16 loss=1.0402 ce=4.5426 tv=0.6510 conf=1.0318 grad_norm=3.3992 tensors_with_grad=69/72
[train] step 340: T=597 positions=16 loss=0.3657 ce=1.6246 tv=0.2258 conf=0.6661 grad_norm=3.4995 tensors_with_grad=69/72
[train] step 341: T=942 positions=16 loss=0.8452 ce=4.3567 tv=0.4550 conf=0.8978 grad_norm=3.4068 tensors_with_grad=69/72
[train] step 342: T=672 positions=16 loss=0.7844 ce=3.8344 tv=0.4455 conf=0.6949 grad_norm=3.2832 tensors_with_grad=69/72
[train] step 343: T=527 positions=16 loss=0.7685 ce=3.9467 tv=0.4154 conf=1.2136 grad_norm=3.2144 tensors_with_grad=69/72
[train] step 344: T=589 positions=16 loss=0.1537 ce=0.4872 tv=0.1166 conf=0.4138 grad_norm=1.2814 tensors_with_grad=69/72
[train] step 345: T=541 positions=16 loss=0.6896 ce=3.1833 tv=0.4125 conf=0.9427 grad_norm=3.5969 tensors_with_grad=69/72
[train] step 346: T=581 positions=16 loss=0.1850 ce=0.5652 tv=0.1428 conf=0.9081 grad_norm=5.7394 tensors_with_grad=69/72
[train] step 347: T=678 positions=16 loss=0.5459 ce=2.5915 tv=0.3186 conf=0.5294 grad_norm=1.9706 tensors_with_grad=69/72
[train] step 348: T=673 positions=16 loss=1.0857 ce=4.7963 tv=0.6734 conf=0.8556 grad_norm=3.9636 tensors_with_grad=69/72
[train] step 349: T=628 positions=16 loss=0.3024 ce=1.2385 tv=0.1984 conf=0.7563 grad_norm=1.7408 tensors_with_grad=69/72
[train] step 350: T=661 positions=16 loss=0.7506 ce=3.6094 tv=0.4330 conf=0.9747 grad_norm=3.1404 tensors_with_grad=69/72
[train] step 351: T=544 positions=16 loss=0.3858 ce=1.5301 tv=0.2587 conf=0.6806 grad_norm=3.1362 tensors_with_grad=69/72
[train] step 352: T=538 positions=16 loss=0.2054 ce=0.8839 tv=0.1300 conf=0.1472 grad_norm=2.2830 tensors_with_grad=69/72
[train] step 353: T=539 positions=16 loss=0.1708 ce=0.6848 tv=0.1137 conf=0.4539 grad_norm=1.1244 tensors_with_grad=69/72
[train] step 354: T=1009 positions=16 loss=1.1517 ce=6.4729 tv=0.5604 conf=0.1656 grad_norm=1.9975 tensors_with_grad=69/72
[train] step 355: T=531 positions=16 loss=0.5132 ce=2.8140 tv=0.2575 conf=0.4550 grad_norm=5.4685 tensors_with_grad=69/72
[train] step 356: T=537 positions=16 loss=0.0817 ce=0.2357 tv=0.0646 conf=0.0946 grad_norm=1.5586 tensors_with_grad=69/72
[train] step 357: T=531 positions=16 loss=0.7177 ce=3.7190 tv=0.3842 conf=0.4222 grad_norm=2.4810 tensors_with_grad=69/72
[train] step 358: T=629 positions=16 loss=0.6492 ce=2.7644 tv=0.4141 conf=0.8242 grad_norm=3.4529 tensors_with_grad=69/72
[train] step 359: T=674 positions=16 loss=1.0542 ce=5.5485 tv=0.5548 conf=0.7006 grad_norm=2.7905 tensors_with_grad=69/72
[train] step 360: T=674 positions=16 loss=0.2813 ce=1.1399 tv=0.1859 conf=0.6754 grad_norm=3.8431 tensors_with_grad=69/72
[train] step 361: T=548 positions=16 loss=0.2366 ce=0.8766 tv=0.1654 conf=0.6742 grad_norm=6.3237 tensors_with_grad=69/72
[train] step 362: T=539 positions=16 loss=0.2898 ce=0.9597 tv=0.2154 conf=0.8060 grad_norm=2.3157 tensors_with_grad=69/72
[train] step 363: T=672 positions=16 loss=0.9422 ce=4.1883 tv=0.5815 conf=0.9898 grad_norm=3.0898 tensors_with_grad=69/72
[train] step 364: T=639 positions=16 loss=0.4001 ce=1.4345 tv=0.2852 conf=0.8704 grad_norm=19.0224 tensors_with_grad=69/72
[train] step 365: T=672 positions=16 loss=0.8957 ce=3.9459 tv=0.5568 conf=1.4702 grad_norm=3.7782 tensors_with_grad=69/72
[train] step 366: T=539 positions=16 loss=0.3096 ce=1.2360 tv=0.2066 conf=0.2462 grad_norm=4.6658 tensors_with_grad=69/72
[train] step 367: T=591 positions=16 loss=0.9147 ce=4.2392 tv=0.5453 conf=0.9322 grad_norm=3.4021 tensors_with_grad=69/72
[train] step 368: T=584 positions=16 loss=0.2204 ce=0.6304 tv=0.1748 conf=0.9888 grad_norm=3.0325 tensors_with_grad=69/72
[train] step 369: T=591 positions=16 loss=0.3493 ce=1.2522 tv=0.2489 conf=1.0201 grad_norm=7.7602 tensors_with_grad=69/72
[train] step 370: T=568 positions=16 loss=0.9026 ce=4.4589 tv=0.5075 conf=1.1335 grad_norm=5.2375 tensors_with_grad=69/72
[train] step 371: T=538 positions=16 loss=0.5243 ce=2.2492 tv=0.3326 conf=0.9611 grad_norm=2.8501 tensors_with_grad=69/72
[train] step 372: T=598 positions=16 loss=0.2905 ce=1.4937 tv=0.1568 conf=0.2660 grad_norm=1.1402 tensors_with_grad=69/72
[train] step 373: T=528 positions=16 loss=0.3414 ce=1.6893 tv=0.1917 conf=0.1134 grad_norm=1.2371 tensors_with_grad=69/72
[train] step 374: T=527 positions=16 loss=0.5168 ce=2.2274 tv=0.3267 conf=0.8011 grad_norm=3.8643 tensors_with_grad=69/72
[train] step 375: T=559 positions=16 loss=0.4842 ce=2.7638 tv=0.2309 conf=0.4125 grad_norm=4.8863 tensors_with_grad=69/72
[train] step 376: T=525 positions=16 loss=0.4413 ce=2.0287 tv=0.2650 conf=1.1265 grad_norm=4.0150 tensors_with_grad=69/72
[train] step 377: T=539 positions=16 loss=0.4499 ce=2.1570 tv=0.2603 conf=0.3936 grad_norm=2.4412 tensors_with_grad=69/72
[train] step 378: T=1627 positions=16 loss=0.9254 ce=4.2872 tv=0.5519 conf=1.1808 grad_norm=4.6538 tensors_with_grad=69/72
[train] step 379: T=565 positions=16 loss=0.4196 ce=1.8248 tv=0.2635 conf=0.9201 grad_norm=2.9009 tensors_with_grad=69/72
[train] step 380: T=613 positions=16 loss=0.3429 ce=1.4753 tv=0.2170 conf=0.8788 grad_norm=3.4874 tensors_with_grad=69/72
[train] step 381: T=573 positions=16 loss=0.1002 ce=0.2033 tv=0.0887 conf=1.0432 grad_norm=1.4545 tensors_with_grad=69/72
[train] step 382: T=676 positions=16 loss=0.4652 ce=1.9218 tv=0.3033 conf=1.8342 grad_norm=3.2456 tensors_with_grad=69/72
[train] step 383: T=870 positions=16 loss=0.7167 ce=4.1261 tv=0.3378 conf=1.2339 grad_norm=1.6393 tensors_with_grad=69/72
[train] step 384: T=640 positions=16 loss=0.8802 ce=4.2104 tv=0.5101 conf=0.5421 grad_norm=3.8968 tensors_with_grad=69/72
[train] step 385: T=659 positions=16 loss=0.7835 ce=3.2810 tv=0.5060 conf=1.5650 grad_norm=2.7290 tensors_with_grad=69/72
[train] step 386: T=615 positions=16 loss=0.6462 ce=3.5203 tv=0.3268 conf=1.8070 grad_norm=2.0028 tensors_with_grad=69/72
[train] step 387: T=526 positions=16 loss=0.8419 ce=3.8199 tv=0.5110 conf=0.6796 grad_norm=2.2636 tensors_with_grad=69/72
[train] step 388: T=1042 positions=16 loss=0.6835 ce=3.7559 tv=0.3421 conf=0.5776 grad_norm=2.0393 tensors_with_grad=69/72
[train] step 389: T=581 positions=16 loss=0.3964 ce=2.0481 tv=0.2129 conf=1.2004 grad_norm=3.5455 tensors_with_grad=69/72
[train] step 390: T=946 positions=16 loss=0.9181 ce=4.8724 tv=0.4787 conf=0.6573 grad_norm=3.1570 tensors_with_grad=69/72
[train] step 391: T=669 positions=16 loss=0.7698 ce=3.7284 tv=0.4410 conf=1.0978 grad_norm=4.4145 tensors_with_grad=69/72
[train] step 392: T=959 positions=16 loss=0.8461 ce=4.1485 tv=0.4792 conf=0.8558 grad_norm=4.4334 tensors_with_grad=69/72
[train] step 393: T=538 positions=16 loss=0.7778 ce=3.7920 tv=0.4429 conf=0.8784 grad_norm=4.3690 tensors_with_grad=69/72
[train] step 394: T=538 positions=16 loss=0.1085 ce=0.4201 tv=0.0739 conf=0.1853 grad_norm=7.4448 tensors_with_grad=69/72
[train] step 395: T=564 positions=16 loss=1.0947 ce=5.6734 tv=0.5860 conf=1.2328 grad_norm=4.5376 tensors_with_grad=69/72
[train] step 396: T=581 positions=16 loss=0.1568 ce=0.5687 tv=0.1111 conf=0.5667 grad_norm=2.3338 tensors_with_grad=69/72
[train] step 397: T=545 positions=16 loss=0.6598 ce=2.4231 tv=0.4638 conf=0.8874 grad_norm=3.4223 tensors_with_grad=69/72
[train] step 398: T=525 positions=16 loss=0.9795 ce=4.5296 tv=0.5851 conf=1.1563 grad_norm=2.3564 tensors_with_grad=69/72
[train] step 399: T=565 positions=16 loss=0.6655 ce=3.7351 tv=0.3245 conf=1.4431 grad_norm=5.1047 tensors_with_grad=69/72
[train] step 400: T=554 positions=16 loss=0.3666 ce=1.7369 tv=0.2144 conf=0.5470 grad_norm=2.1144 tensors_with_grad=69/72
[train] step 401: T=1014 positions=16 loss=0.7460 ce=3.7831 tv=0.4085 conf=0.6264 grad_norm=2.4147 tensors_with_grad=69/72
[train] step 402: T=541 positions=16 loss=0.2879 ce=1.5785 tv=0.1445 conf=0.0790 grad_norm=1.1300 tensors_with_grad=69/72
[train] step 403: T=538 positions=16 loss=0.2103 ce=0.6903 tv=0.1569 conf=0.6785 grad_norm=2.0785 tensors_with_grad=69/72
[train] step 404: T=585 positions=16 loss=0.7297 ce=3.5519 tv=0.4162 conf=1.7990 grad_norm=6.4648 tensors_with_grad=69/72
[train] step 405: T=535 positions=16 loss=0.4839 ce=2.4995 tv=0.2600 conf=0.4670 grad_norm=5.3239 tensors_with_grad=69/72
[train] step 406: T=534 positions=16 loss=0.4029 ce=1.7306 tv=0.2553 conf=1.0763 grad_norm=5.3101 tensors_with_grad=69/72
[train] step 407: T=674 positions=16 loss=0.9641 ce=4.8177 tv=0.5359 conf=1.2498 grad_norm=5.2590 tensors_with_grad=69/72
[train] step 408: T=1629 positions=16 loss=0.9905 ce=5.7005 tv=0.4672 conf=0.4251 grad_norm=2.4126 tensors_with_grad=69/72
[train] step 409: T=529 positions=16 loss=0.7077 ce=3.1327 tv=0.4382 conf=0.6291 grad_norm=2.1976 tensors_with_grad=69/72
[train] step 410: T=604 positions=16 loss=0.4580 ce=2.1445 tv=0.2707 conf=1.2549 grad_norm=6.6315 tensors_with_grad=69/72
[train] step 411: T=615 positions=16 loss=0.3004 ce=1.1605 tv=0.2048 conf=0.9141 grad_norm=2.0685 tensors_with_grad=69/72
[train] step 412: T=563 positions=16 loss=0.2529 ce=1.1490 tv=0.1533 conf=0.3628 grad_norm=1.0702 tensors_with_grad=69/72
[train] step 413: T=572 positions=16 loss=0.3611 ce=1.6016 tv=0.2232 conf=1.1204 grad_norm=2.8330 tensors_with_grad=69/72
[train] step 414: T=591 positions=16 loss=0.3770 ce=1.4033 tv=0.2630 conf=0.9431 grad_norm=5.9736 tensors_with_grad=69/72
[train] step 415: T=595 positions=16 loss=0.5644 ce=2.7742 tv=0.3189 conf=0.8575 grad_norm=8.0444 tensors_with_grad=69/72
[train] step 416: T=541 positions=16 loss=0.5498 ce=2.4842 tv=0.3348 conf=0.5783 grad_norm=2.9493 tensors_with_grad=69/72
[train] step 417: T=543 positions=16 loss=0.6483 ce=2.6428 tv=0.4266 conf=0.9240 grad_norm=2.2447 tensors_with_grad=69/72
[train] step 418: T=678 positions=16 loss=0.6563 ce=3.0133 tv=0.3944 conf=0.9336 grad_norm=2.8894 tensors_with_grad=69/72
[train] step 419: T=592 positions=16 loss=0.2353 ce=1.1541 tv=0.1332 conf=1.1126 grad_norm=1.1056 tensors_with_grad=69/72
[train] step 420: T=633 positions=16 loss=0.7292 ce=3.2339 tv=0.4509 conf=1.4093 grad_norm=4.0356 tensors_with_grad=69/72
[train] step 421: T=531 positions=16 loss=0.2655 ce=0.7016 tv=0.2170 conf=0.5180 grad_norm=1.9813 tensors_with_grad=69/72
[train] step 422: T=576 positions=16 loss=0.4283 ce=1.8991 tv=0.2649 conf=1.3028 grad_norm=5.4734 tensors_with_grad=69/72
[train] step 423: T=535 positions=16 loss=0.4843 ce=2.6174 tv=0.2473 conf=0.6655 grad_norm=4.3274 tensors_with_grad=69/72
[train] step 424: T=606 positions=16 loss=0.8929 ce=4.6195 tv=0.4789 conf=1.7967 grad_norm=2.6072 tensors_with_grad=69/72
[train] step 425: T=577 positions=16 loss=0.3932 ce=1.3677 tv=0.2849 conf=1.4351 grad_norm=4.7110 tensors_with_grad=69/72
[train] step 426: T=531 positions=16 loss=0.6829 ce=3.1373 tv=0.4101 conf=1.9744 grad_norm=8.6042 tensors_with_grad=69/72
[train] step 427: T=667 positions=16 loss=0.3089 ce=1.4414 tv=0.1831 conf=1.2120 grad_norm=3.9449 tensors_with_grad=69/72
[train] step 428: T=639 positions=16 loss=1.0034 ce=5.1721 tv=0.5403 conf=0.6513 grad_norm=2.1277 tensors_with_grad=69/72
[train] step 429: T=527 positions=16 loss=0.8241 ce=3.7597 tv=0.4979 conf=0.7786 grad_norm=3.3008 tensors_with_grad=69/72
[train] step 430: T=673 positions=16 loss=1.1726 ce=5.7472 tv=0.6643 conf=1.3145 grad_norm=3.8742 tensors_with_grad=69/72
[train] step 431: T=599 positions=16 loss=0.2289 ce=0.9697 tv=0.1466 conf=0.5035 grad_norm=0.9754 tensors_with_grad=69/72
[train] step 432: T=533 positions=16 loss=0.1299 ce=0.3261 tv=0.1081 conf=0.1797 grad_norm=1.6421 tensors_with_grad=69/72
[train] step 433: T=535 positions=16 loss=0.4002 ce=1.5806 tv=0.2691 conf=0.5605 grad_norm=1.6070 tensors_with_grad=69/72
[train] step 434: T=584 positions=16 loss=0.7659 ce=3.7487 tv=0.4345 conf=1.8677 grad_norm=6.6812 tensors_with_grad=69/72
[train] step 435: T=568 positions=16 loss=0.7059 ce=3.4407 tv=0.4020 conf=0.8093 grad_norm=2.7774 tensors_with_grad=69/72
[train] step 436: T=1111 positions=16 loss=0.7162 ce=3.6148 tv=0.3941 conf=1.3860 grad_norm=2.1706 tensors_with_grad=69/72
[train] step 437: T=673 positions=16 loss=0.6476 ce=2.7680 tv=0.4120 conf=1.2140 grad_norm=3.8277 tensors_with_grad=69/72
[train] step 438: T=614 positions=16 loss=0.6491 ce=2.8509 tv=0.4045 conf=1.4867 grad_norm=2.3590 tensors_with_grad=69/72
[train] step 439: T=526 positions=16 loss=0.5983 ce=2.5436 tv=0.3822 conf=2.0971 grad_norm=4.6822 tensors_with_grad=69/72
[train] step 440: T=532 positions=16 loss=0.1435 ce=0.6569 tv=0.0865 conf=0.6745 grad_norm=2.6401 tensors_with_grad=69/72
[train] step 441: T=624 positions=16 loss=0.6526 ce=3.0665 tv=0.3844 conf=1.3773 grad_norm=3.9471 tensors_with_grad=69/72
[train] step 442: T=530 positions=16 loss=0.7388 ce=3.5887 tv=0.4221 conf=0.9660 grad_norm=3.2377 tensors_with_grad=69/72
[train] step 443: T=546 positions=16 loss=0.5099 ce=2.5044 tv=0.2883 conf=0.4829 grad_norm=1.3679 tensors_with_grad=69/72
[train] step 444: T=672 positions=16 loss=0.9028 ce=4.7669 tv=0.4734 conf=2.0971 grad_norm=2.3270 tensors_with_grad=69/72
[train] step 445: T=528 positions=16 loss=0.7981 ce=3.4407 tv=0.5045 conf=0.5570 grad_norm=3.9919 tensors_with_grad=69/72
[train] step 446: T=536 positions=16 loss=0.1105 ce=0.3996 tv=0.0783 conf=0.0633 grad_norm=0.7579 tensors_with_grad=69/72
[train] step 447: T=1543 positions=16 loss=1.0316 ce=5.6637 tv=0.5170 conf=1.0445 grad_norm=2.4977 tensors_with_grad=69/72
[train] step 448: T=673 positions=16 loss=0.9316 ce=4.9279 tv=0.4875 conf=0.8585 grad_norm=2.2527 tensors_with_grad=69/72
[train] step 449: T=587 positions=16 loss=0.2267 ce=0.8771 tv=0.1544 conf=1.1109 grad_norm=2.0390 tensors_with_grad=69/72
[train] step 450: T=529 positions=16 loss=0.3363 ce=1.0844 tv=0.2532 conf=1.0289 grad_norm=4.5750 tensors_with_grad=69/72
[train] step 451: T=981 positions=16 loss=0.9719 ce=4.9339 tv=0.5317 conf=0.9205 grad_norm=2.9550 tensors_with_grad=69/72
[train] step 452: T=557 positions=16 loss=0.4064 ce=1.9103 tv=0.2393 conf=0.4056 grad_norm=3.8785 tensors_with_grad=69/72
[train] step 453: T=543 positions=16 loss=0.4936 ce=2.1309 tv=0.3116 conf=0.5806 grad_norm=3.8945 tensors_with_grad=69/72
[train] step 454: T=955 positions=16 loss=0.6393 ce=2.9639 tv=0.3811 conf=0.7282 grad_norm=2.4598 tensors_with_grad=69/72
[train] step 455: T=536 positions=16 loss=0.2980 ce=0.9338 tv=0.2274 conf=0.8952 grad_norm=2.5536 tensors_with_grad=69/72
[train] step 456: T=952 positions=16 loss=0.9302 ce=4.6770 tv=0.5139 conf=0.7673 grad_norm=2.2150 tensors_with_grad=69/72
[train] step 457: T=960 positions=16 loss=1.1498 ce=6.3641 tv=0.5705 conf=0.2284 grad_norm=3.3316 tensors_with_grad=69/72
[train] step 458: T=525 positions=16 loss=0.9096 ce=4.4511 tv=0.5161 conf=1.1219 grad_norm=2.9253 tensors_with_grad=69/72
[train] step 459: T=1031 positions=16 loss=1.0188 ce=5.3848 tv=0.5337 conf=0.6289 grad_norm=3.0327 tensors_with_grad=69/72
[train] step 460: T=674 positions=16 loss=0.5581 ce=2.1286 tv=0.3836 conf=1.7602 grad_norm=2.3116 tensors_with_grad=69/72
[train] step 461: T=1015 positions=16 loss=0.9682 ce=4.7100 tv=0.5525 conf=1.1972 grad_norm=3.5534 tensors_with_grad=69/72
[train] step 462: T=540 positions=16 loss=0.8272 ce=3.2858 tv=0.5540 conf=0.6407 grad_norm=2.4890 tensors_with_grad=69/72
[train] step 463: T=557 positions=16 loss=0.7422 ce=3.7082 tv=0.4126 conf=0.9660 grad_norm=3.1333 tensors_with_grad=69/72
[train] step 464: T=672 positions=16 loss=0.6831 ce=3.2063 tv=0.4028 conf=0.6742 grad_norm=2.1826 tensors_with_grad=69/72
[train] step 465: T=531 positions=16 loss=0.9537 ce=4.6153 tv=0.5468 conf=0.5627 grad_norm=3.2461 tensors_with_grad=69/72
[train] step 466: T=536 positions=16 loss=0.2264 ce=0.8173 tv=0.1608 conf=0.2045 grad_norm=3.9364 tensors_with_grad=69/72
[train] step 467: T=532 positions=16 loss=1.1479 ce=5.8449 tv=0.6261 conf=1.1811 grad_norm=4.5818 tensors_with_grad=69/72
[train] step 468: T=536 positions=16 loss=0.3115 ce=1.1855 tv=0.2144 conf=0.8446 grad_norm=3.9888 tensors_with_grad=69/72
[train] step 469: T=554 positions=16 loss=0.5825 ce=2.5395 tv=0.3650 conf=0.8456 grad_norm=1.7659 tensors_with_grad=69/72
[train] step 470: T=673 positions=16 loss=0.8976 ce=4.6246 tv=0.4835 conf=1.0424 grad_norm=5.5307 tensors_with_grad=69/72
[train] step 471: T=630 positions=16 loss=0.3369 ce=1.2585 tv=0.2345 conf=1.5623 grad_norm=2.5797 tensors_with_grad=69/72
[train] step 472: T=636 positions=16 loss=0.4477 ce=2.0402 tv=0.2707 conf=0.7811 grad_norm=7.1567 tensors_with_grad=69/72
[train] step 473: T=673 positions=16 loss=1.0171 ce=5.0033 tv=0.5742 conf=1.3390 grad_norm=3.2508 tensors_with_grad=69/72
[train] step 474: T=677 positions=16 loss=0.5717 ce=3.0583 tv=0.2954 conf=0.2104 grad_norm=2.9670 tensors_with_grad=69/72
[train] step 475: T=576 positions=16 loss=0.4554 ce=2.0318 tv=0.2803 conf=0.7878 grad_norm=2.6933 tensors_with_grad=69/72
[train] step 476: T=541 positions=16 loss=0.8568 ce=3.9056 tv=0.5180 conf=1.6044 grad_norm=4.3203 tensors_with_grad=69/72
[train] step 477: T=612 positions=16 loss=0.1563 ce=0.5103 tv=0.1169 conf=0.6450 grad_norm=1.9977 tensors_with_grad=69/72
[train] step 478: T=566 positions=16 loss=1.0798 ce=5.6857 tv=0.5681 conf=0.7359 grad_norm=3.6055 tensors_with_grad=69/72
[train] step 479: T=528 positions=16 loss=1.0439 ce=4.8773 tv=0.6180 conf=1.4190 grad_norm=2.3033 tensors_with_grad=69/72
[train] step 480: T=548 positions=16 loss=0.3320 ce=1.5245 tv=0.1995 conf=0.9905 grad_norm=2.0062 tensors_with_grad=69/72
[train] step 481: T=576 positions=16 loss=0.8815 ce=4.5567 tv=0.4731 conf=0.3665 grad_norm=4.8409 tensors_with_grad=69/72
[train] step 482: T=1222 positions=16 loss=0.9267 ce=5.2635 tv=0.4448 conf=1.2226 grad_norm=2.6545 tensors_with_grad=69/72
[train] step 483: T=869 positions=16 loss=1.0048 ce=5.8793 tv=0.4632 conf=0.5016 grad_norm=3.2919 tensors_with_grad=69/72
[train] step 484: T=526 positions=16 loss=0.6896 ce=2.7228 tv=0.4637 conf=1.2747 grad_norm=3.2326 tensors_with_grad=69/72
[train] step 485: T=850 positions=16 loss=0.6798 ce=3.3229 tv=0.3861 conf=0.4955 grad_norm=2.3969 tensors_with_grad=69/72
[train] step 486: T=907 positions=16 loss=0.7320 ce=3.6255 tv=0.4105 conf=0.7902 grad_norm=2.4985 tensors_with_grad=69/72
[train] step 487: T=1184 positions=16 loss=1.2245 ce=6.7883 tv=0.6063 conf=0.8770 grad_norm=3.4166 tensors_with_grad=69/72
[train] step 488: T=592 positions=16 loss=0.5209 ce=2.3300 tv=0.3199 conf=0.5701 grad_norm=4.7739 tensors_with_grad=69/72
[train] step 489: T=531 positions=16 loss=0.5749 ce=2.8778 tv=0.3190 conf=0.7398 grad_norm=2.3158 tensors_with_grad=69/72
[train] step 490: T=599 positions=16 loss=0.4204 ce=2.2142 tv=0.2211 conf=1.2576 grad_norm=3.9307 tensors_with_grad=69/72
[diag] draft-argmax == TARGET-argmax : 62.3%  | == ground-truth token: 62.0%
[diag] mean top-1 prob  target 0.836  draft 0.763   (TV near 1 with a PEAKED draft => misalignment; with a FLAT draft => genuine)
[train] saved 72 trained tensors -> /cap/s3recap-hass1/c1/trained/mtp_trained.safetensors
[train] saved AdamW state -> /cap/s3recap-hass1/c1/trained/opt_state.pt (needed for --resume to be equivalent to one continuous run)
[train] metrics -> /cap/s3recap-hass1/c1/train_metrics.json  (loss 0.8228 -> 0.4204, tail mean 0.6991)
[train] TRAIN OK
