[train] device=cuda torch=2.10.0
  loading model-00046-of-00048.safetensors ...
  loading model-00047-of-00048.safetensors ...
  loading model-00048-of-00048.safetensors ...
  dequantised 1512 tensors, 12.60 B params, 23.5 GiB bf16
[train] weights ready in 10.5s
[train] trainable 517.3 M in 72 tensors | frozen experts 12.08 B
[train] capture: 491 sample(s)
[Gloo] Rank 0 is connected to 0 peer ranks. Expected number of connected peer ranks is : 0
[train] ModelArgs: n_mtp=3 block=5 taps=[40, 41, 42] markov_rank=256
[train] built 3 DSparkBlock(s) on meta
[train] re-materialised freqs_cis on 3 attention module(s) (persistent=False buffers are NOT in state_dict and to_empty() zapped them)
[train] load_state_dict: 0 missing, 0 unexpected
[train] GATE1 model construction OK
[train] aux: embed.weight(129280, 4096), head.weight(129280, 4096)
[train] trainable tensors in graph: 72 / 517.3 M
[train] resumed 72/72 trained tensors from /cap/s3recap-p25b-p2-b0.2/c0/trained/mtp_trained.safetensors
[train] resumed AdamW state: 69/72 tensors carry moments (3 never received a gradient, expected), indices aligned
[train] P2.5 anchor: frozen copy of 3 block(s), beta=0.2
[train] lr schedule: linear warmup 73 step(s) -> cosine over 1472 session step(s), peak 5e-05; this chunk is steps 491..981
/work/train/train_head.py:115: UserWarning: Converting a tensor with requires_grad=True to a scalar may lead to unexpected behavior.
Consider using tensor.detach() first. (Triggered internally at /opt/pytorch/torch/csrc/autograd/generated/python_variable_methods.cpp:836.)
  parts = {"ce": float((w * ce).sum()), "tv": float((w * tv).sum()), "conf": 0.0}
[train] step 0: T=675 positions=16 loss=0.7708 ce=1.6246 tv=0.4102 conf=0.8088 grad_norm=3.7765 tensors_with_grad=69/72
[train] step 1: T=593 positions=16 loss=0.3717 ce=0.9721 tv=0.1989 conf=0.4966 grad_norm=7.1953 tensors_with_grad=69/72
[train] step 2: T=984 positions=16 loss=1.4457 ce=3.3102 tv=0.4063 conf=0.7824 grad_norm=3.8900 tensors_with_grad=69/72
[train] step 3: T=672 positions=16 loss=0.5200 ce=1.4071 tv=0.3104 conf=1.1176 grad_norm=2.8268 tensors_with_grad=69/72
[train] step 4: T=675 positions=16 loss=0.8304 ce=1.7718 tv=0.3587 conf=1.0358 grad_norm=5.0933 tensors_with_grad=69/72
[train] step 5: T=1257 positions=16 loss=1.6575 ce=4.0632 tv=0.4857 conf=0.6514 grad_norm=4.5630 tensors_with_grad=69/72
[train] step 6: T=673 positions=16 loss=1.0953 ce=2.8165 tv=0.5403 conf=1.0855 grad_norm=5.1274 tensors_with_grad=69/72
[train] step 7: T=535 positions=16 loss=0.4003 ce=1.0488 tv=0.2534 conf=0.4393 grad_norm=3.4997 tensors_with_grad=69/72
[train] step 8: T=608 positions=16 loss=0.7665 ce=1.8207 tv=0.4079 conf=1.0504 grad_norm=3.3007 tensors_with_grad=69/72
[train] step 9: T=524 positions=16 loss=1.6731 ce=3.3432 tv=0.6340 conf=0.7885 grad_norm=5.7034 tensors_with_grad=69/72
[train] step 10: T=629 positions=16 loss=0.5419 ce=1.3579 tv=0.3306 conf=0.8311 grad_norm=3.8127 tensors_with_grad=69/72
[train] step 11: T=533 positions=16 loss=0.6003 ce=1.6450 tv=0.3998 conf=0.7781 grad_norm=6.7438 tensors_with_grad=69/72
[train] step 12: T=524 positions=16 loss=1.0418 ce=2.7029 tv=0.5630 conf=1.1515 grad_norm=5.3940 tensors_with_grad=69/72
[train] step 13: T=672 positions=16 loss=0.9319 ce=2.4526 tv=0.5010 conf=0.6856 grad_norm=3.7802 tensors_with_grad=69/72
[train] step 14: T=597 positions=16 loss=0.4789 ce=1.2980 tv=0.2703 conf=0.9912 grad_norm=3.0234 tensors_with_grad=69/72
[train] step 15: T=605 positions=16 loss=0.7289 ce=1.7941 tv=0.4463 conf=1.1114 grad_norm=4.0678 tensors_with_grad=69/72
[train] step 16: T=672 positions=16 loss=1.3898 ce=3.3137 tv=0.5451 conf=1.1479 grad_norm=4.6002 tensors_with_grad=69/72
[train] step 17: T=524 positions=16 loss=1.0245 ce=2.5794 tv=0.5090 conf=1.3601 grad_norm=6.3682 tensors_with_grad=69/72
[train] step 18: T=533 positions=16 loss=0.2937 ce=0.7858 tv=0.1940 conf=0.4463 grad_norm=1.7530 tensors_with_grad=69/72
[train] step 19: T=609 positions=16 loss=0.6894 ce=1.5845 tv=0.3988 conf=0.8695 grad_norm=2.7641 tensors_with_grad=69/72
[train] step 20: T=622 positions=16 loss=0.8675 ce=2.0378 tv=0.4146 conf=1.2767 grad_norm=3.9094 tensors_with_grad=69/72
[train] step 21: T=932 positions=16 loss=1.1985 ce=2.5699 tv=0.4506 conf=1.0262 grad_norm=8.2027 tensors_with_grad=69/72
[train] step 22: T=529 positions=16 loss=1.1884 ce=2.8308 tv=0.4237 conf=1.0443 grad_norm=4.1473 tensors_with_grad=69/72
[train] step 23: T=677 positions=16 loss=1.0712 ce=2.9785 tv=0.4948 conf=1.5679 grad_norm=4.3651 tensors_with_grad=69/72
[train] step 24: T=1210 positions=16 loss=1.5850 ce=4.4678 tv=0.4809 conf=1.0754 grad_norm=5.6572 tensors_with_grad=69/72
[train] step 25: T=533 positions=16 loss=0.3670 ce=1.0118 tv=0.1878 conf=0.8357 grad_norm=2.9207 tensors_with_grad=69/72
[train] step 26: T=618 positions=16 loss=0.5314 ce=1.8068 tv=0.3344 conf=1.2133 grad_norm=5.3386 tensors_with_grad=69/72
[train] step 27: T=530 positions=16 loss=0.7730 ce=2.0515 tv=0.3732 conf=0.9554 grad_norm=3.9933 tensors_with_grad=69/72
[train] step 28: T=527 positions=16 loss=0.7606 ce=1.9000 tv=0.4339 conf=1.3502 grad_norm=2.8112 tensors_with_grad=69/72
[train] step 29: T=924 positions=16 loss=1.1084 ce=2.6804 tv=0.4413 conf=1.3316 grad_norm=4.0217 tensors_with_grad=69/72
[train] step 30: T=550 positions=16 loss=1.1150 ce=2.8203 tv=0.5228 conf=1.5664 grad_norm=4.3151 tensors_with_grad=69/72
[train] step 31: T=653 positions=16 loss=1.2757 ce=3.3625 tv=0.5198 conf=1.9800 grad_norm=4.0815 tensors_with_grad=69/72
[train] step 32: T=659 positions=16 loss=0.8879 ce=2.2897 tv=0.3976 conf=0.5542 grad_norm=3.5781 tensors_with_grad=69/72
[train] step 33: T=535 positions=16 loss=0.3720 ce=1.2311 tv=0.2125 conf=0.9821 grad_norm=1.9566 tensors_with_grad=69/72
[train] step 34: T=675 positions=16 loss=0.9380 ce=2.3515 tv=0.5072 conf=1.1651 grad_norm=3.2420 tensors_with_grad=69/72
[train] step 35: T=624 positions=16 loss=0.3556 ce=1.2614 tv=0.2810 conf=1.8461 grad_norm=2.3561 tensors_with_grad=69/72
[train] step 36: T=634 positions=16 loss=0.8335 ce=2.4160 tv=0.4425 conf=0.8922 grad_norm=5.5970 tensors_with_grad=69/72
[train] step 37: T=547 positions=16 loss=0.7297 ce=1.9224 tv=0.3931 conf=1.3416 grad_norm=5.9321 tensors_with_grad=69/72
[train] step 38: T=536 positions=16 loss=0.7795 ce=1.9281 tv=0.3531 conf=1.7692 grad_norm=3.2571 tensors_with_grad=69/72
[train] step 39: T=672 positions=16 loss=0.2949 ce=0.7333 tv=0.1985 conf=0.7913 grad_norm=4.1506 tensors_with_grad=69/72
[train] step 40: T=673 positions=16 loss=0.3590 ce=1.3518 tv=0.2769 conf=1.2496 grad_norm=2.8478 tensors_with_grad=69/72
[train] step 41: T=574 positions=16 loss=1.2164 ce=3.1049 tv=0.5096 conf=0.8942 grad_norm=5.0536 tensors_with_grad=69/72
[train] step 42: T=673 positions=16 loss=0.9763 ce=2.0992 tv=0.4877 conf=1.3502 grad_norm=6.1537 tensors_with_grad=69/72
[train] step 43: T=1093 positions=16 loss=1.3780 ce=3.3028 tv=0.4840 conf=1.0551 grad_norm=4.9279 tensors_with_grad=69/72
[train] step 44: T=572 positions=16 loss=1.1402 ce=3.1683 tv=0.5110 conf=1.5220 grad_norm=3.5949 tensors_with_grad=69/72
[train] step 45: T=607 positions=16 loss=1.0353 ce=2.4757 tv=0.4054 conf=0.5893 grad_norm=10.7665 tensors_with_grad=69/72
[train] step 46: T=604 positions=16 loss=0.3867 ce=1.0571 tv=0.2743 conf=1.3467 grad_norm=5.5392 tensors_with_grad=69/72
[train] step 47: T=674 positions=16 loss=0.7204 ce=2.1974 tv=0.3275 conf=1.0502 grad_norm=2.2627 tensors_with_grad=69/72
[train] step 48: T=529 positions=16 loss=0.7792 ce=1.9904 tv=0.4313 conf=1.7865 grad_norm=5.0712 tensors_with_grad=69/72
[train] step 49: T=674 positions=16 loss=0.2900 ce=1.0350 tv=0.2376 conf=1.0179 grad_norm=2.0916 tensors_with_grad=69/72
[train] step 50: T=983 positions=16 loss=1.2417 ce=3.0060 tv=0.3728 conf=0.7044 grad_norm=4.4200 tensors_with_grad=69/72
[train] step 51: T=531 positions=16 loss=0.2245 ce=0.9746 tv=0.2059 conf=0.8400 grad_norm=2.3809 tensors_with_grad=69/72
[train] step 52: T=643 positions=16 loss=1.1682 ce=2.7145 tv=0.5257 conf=1.1606 grad_norm=5.8594 tensors_with_grad=69/72
[train] step 53: T=672 positions=16 loss=0.7321 ce=1.9489 tv=0.3485 conf=0.8512 grad_norm=3.6866 tensors_with_grad=69/72
[train] step 54: T=577 positions=16 loss=0.3732 ce=1.4553 tv=0.2987 conf=0.7196 grad_norm=4.3954 tensors_with_grad=69/72
[train] step 55: T=540 positions=16 loss=0.3620 ce=1.0247 tv=0.2607 conf=0.7342 grad_norm=4.1072 tensors_with_grad=69/72
[train] step 56: T=1793 positions=16 loss=1.4688 ce=3.4762 tv=0.5075 conf=1.1066 grad_norm=4.9712 tensors_with_grad=69/72
[train] step 57: T=1349 positions=16 loss=1.2595 ce=3.3566 tv=0.5176 conf=0.9897 grad_norm=6.6947 tensors_with_grad=69/72
[train] step 58: T=658 positions=16 loss=1.0078 ce=2.5250 tv=0.4747 conf=0.9154 grad_norm=5.3409 tensors_with_grad=69/72
[train] step 59: T=537 positions=16 loss=0.9889 ce=3.1564 tv=0.4473 conf=1.1813 grad_norm=4.1001 tensors_with_grad=69/72
[train] step 60: T=532 positions=16 loss=0.4905 ce=1.2291 tv=0.3199 conf=0.7915 grad_norm=3.2015 tensors_with_grad=69/72
[train] step 61: T=591 positions=16 loss=0.6957 ce=1.7535 tv=0.2852 conf=0.4680 grad_norm=2.8642 tensors_with_grad=69/72
[train] step 62: T=525 positions=16 loss=1.0243 ce=2.7454 tv=0.4609 conf=0.7566 grad_norm=3.8109 tensors_with_grad=69/72
[train] step 63: T=526 positions=16 loss=0.3862 ce=1.0966 tv=0.2814 conf=0.7386 grad_norm=3.5791 tensors_with_grad=69/72
[train] step 64: T=588 positions=16 loss=0.1739 ce=0.8336 tv=0.1596 conf=0.6933 grad_norm=2.4633 tensors_with_grad=69/72
[train] step 65: T=605 positions=16 loss=0.3391 ce=1.4418 tv=0.1581 conf=0.4551 grad_norm=2.5157 tensors_with_grad=69/72
[train] step 66: T=532 positions=16 loss=0.4637 ce=0.9044 tv=0.2357 conf=0.8630 grad_norm=2.3342 tensors_with_grad=69/72
[train] step 67: T=980 positions=16 loss=1.4077 ce=2.9704 tv=0.5079 conf=1.0683 grad_norm=5.4112 tensors_with_grad=69/72
[train] step 68: T=533 positions=16 loss=1.4100 ce=3.3103 tv=0.5444 conf=0.7009 grad_norm=7.8798 tensors_with_grad=69/72
[train] step 69: T=563 positions=16 loss=0.3601 ce=0.9972 tv=0.1938 conf=0.4292 grad_norm=2.0968 tensors_with_grad=69/72
[train] step 70: T=532 positions=16 loss=0.5758 ce=1.4104 tv=0.2866 conf=1.0659 grad_norm=4.7741 tensors_with_grad=69/72
[train] step 71: T=584 positions=16 loss=0.8148 ce=1.9020 tv=0.3975 conf=1.5409 grad_norm=4.0964 tensors_with_grad=69/72
[train] step 72: T=534 positions=16 loss=0.8030 ce=2.5342 tv=0.2875 conf=0.6130 grad_norm=4.7407 tensors_with_grad=69/72
[train] step 73: T=528 positions=16 loss=0.8823 ce=2.2314 tv=0.4897 conf=1.3733 grad_norm=6.2618 tensors_with_grad=69/72
[train] step 74: T=539 positions=16 loss=0.2537 ce=0.8946 tv=0.1656 conf=0.8307 grad_norm=2.3862 tensors_with_grad=69/72
[train] step 75: T=650 positions=16 loss=0.2222 ce=0.8320 tv=0.1259 conf=0.7983 grad_norm=2.7226 tensors_with_grad=69/72
[train] step 76: T=550 positions=16 loss=0.5210 ce=1.3392 tv=0.3235 conf=1.2651 grad_norm=3.4829 tensors_with_grad=69/72
[train] step 77: T=676 positions=16 loss=0.7164 ce=1.9840 tv=0.3811 conf=1.3455 grad_norm=6.3975 tensors_with_grad=69/72
[train] step 78: T=676 positions=16 loss=0.9780 ce=2.2368 tv=0.4059 conf=0.8747 grad_norm=4.5807 tensors_with_grad=69/72
[train] step 79: T=530 positions=16 loss=1.1584 ce=2.7614 tv=0.4816 conf=0.8198 grad_norm=5.6815 tensors_with_grad=69/72
[train] step 80: T=576 positions=16 loss=1.3595 ce=2.9466 tv=0.5384 conf=1.4459 grad_norm=5.1015 tensors_with_grad=69/72
[train] step 81: T=598 positions=16 loss=0.4967 ce=1.8308 tv=0.3529 conf=1.4870 grad_norm=5.3916 tensors_with_grad=69/72
[train] step 82: T=531 positions=16 loss=0.3809 ce=0.9901 tv=0.2550 conf=1.2230 grad_norm=2.5014 tensors_with_grad=69/72
[train] step 83: T=1060 positions=16 loss=1.4531 ce=3.4137 tv=0.4701 conf=1.1306 grad_norm=5.0907 tensors_with_grad=69/72
[train] step 84: T=563 positions=16 loss=0.6512 ce=1.5874 tv=0.3457 conf=1.2405 grad_norm=4.2078 tensors_with_grad=69/72
[train] step 85: T=644 positions=16 loss=0.1612 ce=0.4694 tv=0.1106 conf=0.3564 grad_norm=1.1518 tensors_with_grad=69/72
[train] step 86: T=621 positions=16 loss=0.2378 ce=0.8635 tv=0.1638 conf=0.8605 grad_norm=3.0824 tensors_with_grad=69/72
[train] step 87: T=641 positions=16 loss=0.6595 ce=1.6803 tv=0.2884 conf=1.0718 grad_norm=3.9407 tensors_with_grad=69/72
[train] step 88: T=528 positions=16 loss=0.3858 ce=0.8075 tv=0.1104 conf=0.8441 grad_norm=2.4645 tensors_with_grad=69/72
[train] step 89: T=602 positions=16 loss=0.9801 ce=1.9778 tv=0.3898 conf=0.7725 grad_norm=7.4847 tensors_with_grad=69/72
[train] step 90: T=538 positions=16 loss=0.8670 ce=2.6905 tv=0.3882 conf=0.7618 grad_norm=5.8640 tensors_with_grad=69/72
[train] step 91: T=538 positions=16 loss=0.0940 ce=0.2388 tv=0.0822 conf=0.5446 grad_norm=1.3604 tensors_with_grad=69/72
[train] step 92: T=542 positions=16 loss=0.1652 ce=0.4728 tv=0.1951 conf=0.6708 grad_norm=2.1645 tensors_with_grad=69/72
[train] step 93: T=673 positions=16 loss=0.8653 ce=2.2218 tv=0.4543 conf=1.3135 grad_norm=4.9773 tensors_with_grad=69/72
[train] step 94: T=597 positions=16 loss=0.6135 ce=1.9008 tv=0.3110 conf=0.9123 grad_norm=3.0800 tensors_with_grad=69/72
[train] step 95: T=537 positions=16 loss=0.5304 ce=1.0524 tv=0.2776 conf=0.7724 grad_norm=5.5977 tensors_with_grad=69/72
[train] step 96: T=533 positions=16 loss=0.0973 ce=0.2895 tv=0.0824 conf=0.3591 grad_norm=1.6290 tensors_with_grad=69/72
[train] step 97: T=674 positions=16 loss=0.7648 ce=1.8109 tv=0.3848 conf=1.3689 grad_norm=4.7329 tensors_with_grad=69/72
[train] step 98: T=550 positions=16 loss=0.1063 ce=0.2760 tv=0.1098 conf=0.5964 grad_norm=1.6540 tensors_with_grad=69/72
[train] step 99: T=621 positions=16 loss=0.6628 ce=1.3224 tv=0.2411 conf=0.5418 grad_norm=5.5291 tensors_with_grad=69/72
[train] step 100: T=535 positions=16 loss=0.9142 ce=1.9157 tv=0.4460 conf=0.7067 grad_norm=3.2638 tensors_with_grad=69/72
[train] step 101: T=526 positions=16 loss=0.8863 ce=2.5424 tv=0.3254 conf=0.6696 grad_norm=5.9819 tensors_with_grad=69/72
[train] step 102: T=987 positions=16 loss=1.2314 ce=2.7465 tv=0.4142 conf=0.7431 grad_norm=4.0317 tensors_with_grad=69/72
[train] step 103: T=673 positions=16 loss=1.1907 ce=2.5413 tv=0.5684 conf=1.0923 grad_norm=3.3152 tensors_with_grad=69/72
[train] step 104: T=532 positions=16 loss=0.8923 ce=2.4888 tv=0.3745 conf=1.3896 grad_norm=4.2700 tensors_with_grad=69/72
[train] step 105: T=675 positions=16 loss=0.9940 ce=2.6568 tv=0.4036 conf=0.8118 grad_norm=5.3567 tensors_with_grad=69/72
[train] step 106: T=553 positions=16 loss=0.6899 ce=1.5554 tv=0.2952 conf=1.2098 grad_norm=4.9747 tensors_with_grad=69/72
[train] step 107: T=673 positions=16 loss=1.0160 ce=3.2495 tv=0.4465 conf=1.0031 grad_norm=9.0982 tensors_with_grad=69/72
[train] step 108: T=526 positions=16 loss=0.6340 ce=1.3822 tv=0.3842 conf=0.7018 grad_norm=5.3598 tensors_with_grad=69/72
[train] step 109: T=533 positions=16 loss=0.7049 ce=1.6810 tv=0.2999 conf=0.6843 grad_norm=5.2299 tensors_with_grad=69/72
[train] step 110: T=1795 positions=16 loss=1.6353 ce=3.6017 tv=0.4998 conf=1.2639 grad_norm=4.8481 tensors_with_grad=69/72
[train] step 111: T=536 positions=16 loss=0.3026 ce=0.6654 tv=0.1861 conf=0.8970 grad_norm=2.0678 tensors_with_grad=69/72
[train] step 112: T=676 positions=16 loss=1.0388 ce=2.3556 tv=0.4473 conf=0.8162 grad_norm=5.5411 tensors_with_grad=69/72
[train] step 113: T=586 positions=16 loss=0.2458 ce=0.7697 tv=0.1641 conf=1.0640 grad_norm=2.1695 tensors_with_grad=69/72
[train] step 114: T=553 positions=16 loss=0.8173 ce=1.7760 tv=0.3500 conf=0.9696 grad_norm=5.3254 tensors_with_grad=69/72
[train] step 115: T=614 positions=16 loss=0.3128 ce=0.7903 tv=0.1727 conf=0.4846 grad_norm=4.1595 tensors_with_grad=69/72
[train] step 116: T=530 positions=16 loss=0.3859 ce=1.0939 tv=0.2700 conf=1.8039 grad_norm=2.2883 tensors_with_grad=69/72
[train] step 117: T=597 positions=16 loss=0.0563 ce=0.1442 tv=0.1103 conf=1.1995 grad_norm=1.2737 tensors_with_grad=69/72
[train] step 118: T=628 positions=16 loss=0.5189 ce=1.4393 tv=0.3005 conf=1.3231 grad_norm=4.7444 tensors_with_grad=69/72
[train] step 119: T=672 positions=16 loss=1.6225 ce=3.2903 tv=0.5853 conf=1.1642 grad_norm=8.7372 tensors_with_grad=69/72
[train] step 120: T=672 positions=16 loss=1.5988 ce=3.3491 tv=0.5459 conf=1.6227 grad_norm=5.2188 tensors_with_grad=69/72
[train] step 121: T=593 positions=16 loss=0.2107 ce=0.6045 tv=0.1355 conf=1.8461 grad_norm=2.9901 tensors_with_grad=69/72
[train] step 122: T=576 positions=16 loss=1.1467 ce=2.6153 tv=0.4610 conf=1.3527 grad_norm=6.3979 tensors_with_grad=69/72
[train] step 123: T=669 positions=16 loss=0.3885 ce=0.8709 tv=0.1849 conf=1.3357 grad_norm=3.4102 tensors_with_grad=69/72
[train] step 124: T=530 positions=16 loss=1.5053 ce=2.9632 tv=0.5958 conf=1.7144 grad_norm=5.6521 tensors_with_grad=69/72
[train] step 125: T=678 positions=16 loss=0.8567 ce=1.6422 tv=0.3830 conf=1.4065 grad_norm=5.7973 tensors_with_grad=69/72
[train] step 126: T=675 positions=16 loss=0.8872 ce=2.0200 tv=0.3394 conf=1.2098 grad_norm=3.8103 tensors_with_grad=69/72
[train] step 127: T=537 positions=16 loss=0.4461 ce=1.2110 tv=0.2326 conf=0.7853 grad_norm=2.3837 tensors_with_grad=69/72
[train] step 128: T=577 positions=16 loss=0.6973 ce=1.4051 tv=0.3156 conf=1.1812 grad_norm=3.6888 tensors_with_grad=69/72
[train] step 129: T=613 positions=16 loss=0.5529 ce=1.0287 tv=0.2278 conf=0.6371 grad_norm=3.5096 tensors_with_grad=69/72
[train] step 130: T=548 positions=16 loss=0.6342 ce=1.1944 tv=0.2203 conf=0.5205 grad_norm=3.1954 tensors_with_grad=69/72
[train] step 131: T=526 positions=16 loss=1.4837 ce=2.6089 tv=0.5619 conf=1.3344 grad_norm=6.0302 tensors_with_grad=69/72
[train] step 132: T=607 positions=16 loss=0.1029 ce=0.4617 tv=0.0863 conf=0.4774 grad_norm=1.5463 tensors_with_grad=69/72
[train] step 133: T=674 positions=16 loss=0.6330 ce=1.5507 tv=0.2802 conf=0.8161 grad_norm=6.1762 tensors_with_grad=69/72
[train] step 134: T=1001 positions=16 loss=1.1010 ce=2.8699 tv=0.4483 conf=1.9750 grad_norm=3.0118 tensors_with_grad=69/72
[train] step 135: T=537 positions=16 loss=1.0928 ce=2.2130 tv=0.3294 conf=0.4979 grad_norm=3.0736 tensors_with_grad=69/72
[train] step 136: T=534 positions=16 loss=0.1455 ce=0.2742 tv=0.0898 conf=0.1258 grad_norm=0.9384 tensors_with_grad=69/72
[train] step 137: T=542 positions=16 loss=0.5013 ce=1.1712 tv=0.2984 conf=1.0019 grad_norm=6.2201 tensors_with_grad=69/72
[train] step 138: T=676 positions=16 loss=1.5789 ce=2.6440 tv=0.5956 conf=1.3044 grad_norm=9.7776 tensors_with_grad=69/72
[train] step 139: T=536 positions=16 loss=0.5460 ce=1.1908 tv=0.1762 conf=1.0459 grad_norm=4.7327 tensors_with_grad=69/72
[train] step 140: T=524 positions=16 loss=1.1657 ce=2.5767 tv=0.4398 conf=0.7917 grad_norm=4.8729 tensors_with_grad=69/72
[train] step 141: T=563 positions=16 loss=0.6399 ce=1.3580 tv=0.2452 conf=0.6764 grad_norm=5.2903 tensors_with_grad=69/72
[train] step 142: T=617 positions=16 loss=0.5627 ce=1.2191 tv=0.2778 conf=0.9837 grad_norm=3.5722 tensors_with_grad=69/72
[train] step 143: T=537 positions=16 loss=0.4560 ce=1.1135 tv=0.3190 conf=1.8391 grad_norm=7.7086 tensors_with_grad=69/72
[train] step 144: T=621 positions=16 loss=0.3883 ce=0.9764 tv=0.3043 conf=1.0921 grad_norm=2.1768 tensors_with_grad=69/72
[train] step 145: T=672 positions=16 loss=0.8109 ce=2.1420 tv=0.4239 conf=2.0161 grad_norm=3.6805 tensors_with_grad=69/72
[train] step 146: T=631 positions=16 loss=0.2603 ce=0.5587 tv=0.1764 conf=1.0375 grad_norm=2.4772 tensors_with_grad=69/72
[train] step 147: T=528 positions=16 loss=0.6830 ce=1.5686 tv=0.3043 conf=1.9583 grad_norm=6.9392 tensors_with_grad=69/72
[train] step 148: T=1043 positions=16 loss=1.4294 ce=3.4242 tv=0.4737 conf=2.2338 grad_norm=5.7006 tensors_with_grad=69/72
[train] step 149: T=584 positions=16 loss=0.5802 ce=1.4438 tv=0.2155 conf=0.9204 grad_norm=2.7165 tensors_with_grad=69/72
[train] step 150: T=656 positions=16 loss=0.7929 ce=1.7723 tv=0.3871 conf=1.4324 grad_norm=3.6671 tensors_with_grad=69/72
[train] step 151: T=673 positions=16 loss=1.0205 ce=2.3304 tv=0.4336 conf=1.2879 grad_norm=4.8520 tensors_with_grad=69/72
[train] step 152: T=532 positions=16 loss=0.2727 ce=0.9965 tv=0.1337 conf=1.1208 grad_norm=2.5736 tensors_with_grad=69/72
[train] step 153: T=629 positions=16 loss=0.3103 ce=0.7616 tv=0.1792 conf=0.6704 grad_norm=3.1836 tensors_with_grad=69/72
[train] step 154: T=546 positions=16 loss=0.8148 ce=2.1868 tv=0.4295 conf=0.7619 grad_norm=4.8049 tensors_with_grad=69/72
[train] step 155: T=576 positions=16 loss=0.4627 ce=1.7260 tv=0.3358 conf=1.0594 grad_norm=2.6470 tensors_with_grad=69/72
[train] step 156: T=607 positions=16 loss=0.4060 ce=1.2176 tv=0.2263 conf=1.0125 grad_norm=4.0716 tensors_with_grad=69/72
[train] step 157: T=582 positions=16 loss=1.0349 ce=2.0783 tv=0.3922 conf=1.0342 grad_norm=6.6792 tensors_with_grad=69/72
[train] step 158: T=919 positions=16 loss=1.1251 ce=2.2770 tv=0.4292 conf=1.0084 grad_norm=3.9906 tensors_with_grad=69/72
[train] step 159: T=531 positions=16 loss=0.3383 ce=0.9019 tv=0.1522 conf=0.4291 grad_norm=3.4715 tensors_with_grad=69/72
[train] step 160: T=650 positions=16 loss=0.2341 ce=0.5866 tv=0.1980 conf=0.6139 grad_norm=2.0582 tensors_with_grad=69/72
[train] step 161: T=1101 positions=16 loss=1.6122 ce=3.3602 tv=0.4942 conf=1.1200 grad_norm=8.1045 tensors_with_grad=69/72
[train] step 162: T=618 positions=16 loss=0.4256 ce=1.1385 tv=0.2764 conf=0.7786 grad_norm=2.8921 tensors_with_grad=69/72
[train] step 163: T=1573 positions=16 loss=1.6113 ce=3.5963 tv=0.4102 conf=0.6924 grad_norm=5.4576 tensors_with_grad=69/72
[train] step 164: T=675 positions=16 loss=0.6080 ce=1.5631 tv=0.2726 conf=0.8352 grad_norm=3.2799 tensors_with_grad=69/72
[train] step 165: T=677 positions=16 loss=0.4769 ce=0.9905 tv=0.2245 conf=0.5279 grad_norm=5.0563 tensors_with_grad=69/72
[train] step 166: T=678 positions=16 loss=1.8520 ce=3.1260 tv=0.5575 conf=0.8226 grad_norm=10.7451 tensors_with_grad=69/72
[train] step 167: T=618 positions=16 loss=0.1281 ce=0.3379 tv=0.1582 conf=0.6830 grad_norm=1.5091 tensors_with_grad=69/72
[train] step 168: T=540 positions=16 loss=0.3745 ce=0.6979 tv=0.1853 conf=0.3690 grad_norm=2.6698 tensors_with_grad=69/72
[train] step 169: T=537 positions=16 loss=0.3685 ce=1.0343 tv=0.1997 conf=0.6998 grad_norm=3.0697 tensors_with_grad=69/72
[train] step 170: T=637 positions=16 loss=0.2800 ce=0.5194 tv=0.1380 conf=0.3061 grad_norm=4.7523 tensors_with_grad=69/72
[train] step 171: T=675 positions=16 loss=0.5653 ce=1.1695 tv=0.2972 conf=0.9542 grad_norm=5.6042 tensors_with_grad=69/72
[train] step 172: T=670 positions=16 loss=0.5685 ce=1.9197 tv=0.2922 conf=1.1438 grad_norm=5.6210 tensors_with_grad=69/72
[train] step 173: T=529 positions=16 loss=0.7939 ce=1.5205 tv=0.3620 conf=0.9796 grad_norm=5.1708 tensors_with_grad=69/72
[train] step 174: T=615 positions=16 loss=0.5196 ce=1.0497 tv=0.2099 conf=0.6926 grad_norm=4.3356 tensors_with_grad=69/72
[train] step 175: T=529 positions=16 loss=1.3238 ce=2.8364 tv=0.5522 conf=1.0765 grad_norm=5.9573 tensors_with_grad=69/72
[train] step 176: T=889 positions=16 loss=0.7527 ce=1.6997 tv=0.3263 conf=1.1157 grad_norm=4.1777 tensors_with_grad=69/72
[train] step 177: T=676 positions=16 loss=0.6763 ce=1.4300 tv=0.3454 conf=1.3402 grad_norm=3.6435 tensors_with_grad=69/72
[train] step 178: T=545 positions=16 loss=0.3440 ce=0.7605 tv=0.1185 conf=0.3344 grad_norm=2.5646 tensors_with_grad=69/72
[train] step 179: T=669 positions=16 loss=0.7982 ce=1.7667 tv=0.3825 conf=0.7609 grad_norm=4.1654 tensors_with_grad=69/72
[train] step 180: T=672 positions=16 loss=0.4973 ce=1.0825 tv=0.2673 conf=1.2358 grad_norm=4.6982 tensors_with_grad=69/72
[train] step 181: T=546 positions=16 loss=0.6690 ce=1.2399 tv=0.3627 conf=0.8087 grad_norm=5.0982 tensors_with_grad=69/72
[train] step 182: T=532 positions=16 loss=1.0242 ce=2.4371 tv=0.4173 conf=0.7578 grad_norm=7.5067 tensors_with_grad=69/72
[train] step 183: T=1190 positions=16 loss=1.4891 ce=3.0887 tv=0.4271 conf=1.1842 grad_norm=5.6757 tensors_with_grad=69/72
[train] step 184: T=611 positions=16 loss=0.6853 ce=1.0751 tv=0.3019 conf=1.0954 grad_norm=4.0620 tensors_with_grad=69/72
[train] step 185: T=526 positions=16 loss=0.2893 ce=0.5976 tv=0.1601 conf=0.7779 grad_norm=3.0678 tensors_with_grad=69/72
[train] step 186: T=673 positions=16 loss=1.7801 ce=3.5882 tv=0.6024 conf=1.6451 grad_norm=6.1268 tensors_with_grad=69/72
[train] step 187: T=539 positions=16 loss=0.2583 ce=0.6948 tv=0.1726 conf=0.5515 grad_norm=2.4101 tensors_with_grad=69/72
[train] step 188: T=526 positions=16 loss=0.7418 ce=2.3582 tv=0.3164 conf=1.3520 grad_norm=3.7028 tensors_with_grad=69/72
[train] step 189: T=675 positions=16 loss=0.5289 ce=1.1811 tv=0.2940 conf=1.5512 grad_norm=3.2708 tensors_with_grad=69/72
[train] step 190: T=552 positions=16 loss=0.7864 ce=2.3846 tv=0.1575 conf=0.7919 grad_norm=2.4667 tensors_with_grad=69/72
[train] step 191: T=616 positions=16 loss=0.9814 ce=2.0125 tv=0.4193 conf=1.4900 grad_norm=4.8648 tensors_with_grad=69/72
[train] step 192: T=528 positions=16 loss=1.2711 ce=2.7003 tv=0.4868 conf=1.1710 grad_norm=6.2304 tensors_with_grad=69/72
[train] step 193: T=525 positions=16 loss=1.7602 ce=3.5386 tv=0.5953 conf=1.6276 grad_norm=5.9012 tensors_with_grad=69/72
[train] step 194: T=675 positions=16 loss=0.8766 ce=1.9611 tv=0.3978 conf=1.1837 grad_norm=2.7435 tensors_with_grad=69/72
[train] step 195: T=611 positions=16 loss=0.7494 ce=1.7743 tv=0.2868 conf=0.7781 grad_norm=5.9497 tensors_with_grad=69/72
[train] step 196: T=594 positions=16 loss=1.6034 ce=3.3513 tv=0.5219 conf=1.2690 grad_norm=8.3712 tensors_with_grad=69/72
[train] step 197: T=654 positions=16 loss=0.9529 ce=2.0298 tv=0.3672 conf=0.9845 grad_norm=7.1326 tensors_with_grad=69/72
[train] step 198: T=539 positions=16 loss=0.3035 ce=0.7095 tv=0.1553 conf=0.4913 grad_norm=4.8546 tensors_with_grad=69/72
[train] step 199: T=529 positions=16 loss=0.7366 ce=2.3643 tv=0.2916 conf=1.7159 grad_norm=3.7741 tensors_with_grad=69/72
[train] step 200: T=631 positions=16 loss=0.8323 ce=2.7526 tv=0.3276 conf=0.9992 grad_norm=4.8671 tensors_with_grad=69/72
[train] step 201: T=533 positions=16 loss=0.4231 ce=0.7628 tv=0.1852 conf=0.7858 grad_norm=2.8368 tensors_with_grad=69/72
[train] step 202: T=537 positions=16 loss=0.4173 ce=0.9547 tv=0.1557 conf=0.4288 grad_norm=2.5357 tensors_with_grad=69/72
[train] step 203: T=525 positions=16 loss=1.8287 ce=3.5411 tv=0.6171 conf=1.7272 grad_norm=7.3732 tensors_with_grad=69/72
[train] step 204: T=851 positions=16 loss=0.9760 ce=2.0843 tv=0.4205 conf=1.4679 grad_norm=8.2018 tensors_with_grad=69/72
[train] step 205: T=551 positions=16 loss=0.7478 ce=1.4065 tv=0.3106 conf=1.2597 grad_norm=6.6509 tensors_with_grad=69/72
[train] step 206: T=897 positions=16 loss=1.3513 ce=3.4247 tv=0.4298 conf=1.5278 grad_norm=5.2680 tensors_with_grad=69/72
[train] step 207: T=603 positions=16 loss=0.0811 ce=0.2556 tv=0.1046 conf=0.7533 grad_norm=1.1273 tensors_with_grad=69/72
[train] step 208: T=578 positions=16 loss=1.6043 ce=3.6582 tv=0.5438 conf=1.2821 grad_norm=5.9372 tensors_with_grad=69/72
[train] step 209: T=532 positions=16 loss=0.3286 ce=0.8685 tv=0.1986 conf=1.5085 grad_norm=3.1825 tensors_with_grad=69/72
[train] step 210: T=675 positions=16 loss=0.3952 ce=1.0894 tv=0.2247 conf=1.0504 grad_norm=3.4262 tensors_with_grad=69/72
[train] step 211: T=536 positions=16 loss=0.6131 ce=1.1391 tv=0.1686 conf=0.2181 grad_norm=3.9295 tensors_with_grad=69/72
[train] step 212: T=526 positions=16 loss=0.9838 ce=2.0214 tv=0.4063 conf=1.5435 grad_norm=3.6434 tensors_with_grad=69/72
[train] step 213: T=530 positions=16 loss=0.6735 ce=1.3910 tv=0.3474 conf=2.4362 grad_norm=4.9420 tensors_with_grad=69/72
[train] step 214: T=527 positions=16 loss=1.8088 ce=3.6353 tv=0.5366 conf=1.3933 grad_norm=6.8081 tensors_with_grad=69/72
[train] step 215: T=535 positions=16 loss=0.3064 ce=0.5519 tv=0.1641 conf=0.7218 grad_norm=4.2260 tensors_with_grad=69/72
[train] step 216: T=531 positions=16 loss=0.9256 ce=2.1015 tv=0.4407 conf=1.4565 grad_norm=4.3897 tensors_with_grad=69/72
[train] step 217: T=536 positions=16 loss=0.2880 ce=0.4817 tv=0.1457 conf=0.4108 grad_norm=4.2950 tensors_with_grad=69/72
[train] step 218: T=585 positions=16 loss=0.4553 ce=1.2208 tv=0.2977 conf=1.4911 grad_norm=4.9191 tensors_with_grad=69/72
[train] step 219: T=524 positions=16 loss=1.1433 ce=2.2625 tv=0.4944 conf=1.3329 grad_norm=4.8669 tensors_with_grad=69/72
[train] step 220: T=562 positions=16 loss=0.3853 ce=0.8943 tv=0.2364 conf=1.9652 grad_norm=4.2205 tensors_with_grad=69/72
[train] step 221: T=1482 positions=16 loss=1.5317 ce=3.3124 tv=0.4475 conf=2.1508 grad_norm=5.8919 tensors_with_grad=69/72
[train] step 222: T=669 positions=16 loss=0.7945 ce=1.6164 tv=0.3928 conf=0.6924 grad_norm=3.1587 tensors_with_grad=69/72
[train] step 223: T=591 positions=16 loss=0.1508 ce=0.4799 tv=0.1542 conf=1.3423 grad_norm=2.1468 tensors_with_grad=69/72
[train] step 224: T=524 positions=16 loss=0.9697 ce=2.2310 tv=0.4493 conf=2.1603 grad_norm=5.0538 tensors_with_grad=69/72
[train] step 225: T=532 positions=16 loss=0.4514 ce=1.0308 tv=0.2751 conf=1.1292 grad_norm=2.8540 tensors_with_grad=69/72
[train] step 226: T=672 positions=16 loss=0.8327 ce=1.6937 tv=0.3867 conf=1.4998 grad_norm=3.4094 tensors_with_grad=69/72
[train] step 227: T=534 positions=16 loss=0.6726 ce=1.5283 tv=0.3749 conf=1.4110 grad_norm=4.7379 tensors_with_grad=69/72
[train] step 228: T=1014 positions=16 loss=1.1283 ce=2.5719 tv=0.4376 conf=1.8007 grad_norm=3.6572 tensors_with_grad=69/72
[train] step 229: T=675 positions=16 loss=0.5431 ce=1.6289 tv=0.2720 conf=1.0607 grad_norm=4.6328 tensors_with_grad=69/72
[train] step 230: T=647 positions=16 loss=0.9625 ce=2.2763 tv=0.4381 conf=2.3308 grad_norm=6.6483 tensors_with_grad=69/72
[train] step 231: T=596 positions=16 loss=0.4180 ce=0.8116 tv=0.2639 conf=0.8548 grad_norm=4.0085 tensors_with_grad=69/72
[train] step 232: T=674 positions=16 loss=1.0949 ce=2.5230 tv=0.4608 conf=1.1902 grad_norm=6.6844 tensors_with_grad=69/72
[train] step 233: T=858 positions=16 loss=0.6435 ce=1.4261 tv=0.3093 conf=0.5973 grad_norm=2.5501 tensors_with_grad=69/72
[train] step 234: T=597 positions=16 loss=0.3390 ce=1.0091 tv=0.2665 conf=1.0839 grad_norm=2.9918 tensors_with_grad=69/72
[train] step 235: T=604 positions=16 loss=0.5142 ce=1.3808 tv=0.2857 conf=0.9779 grad_norm=2.8708 tensors_with_grad=69/72
[train] step 236: T=589 positions=16 loss=0.2034 ce=0.4029 tv=0.1360 conf=0.3934 grad_norm=4.4037 tensors_with_grad=69/72
[train] step 237: T=623 positions=16 loss=0.2538 ce=0.9174 tv=0.1944 conf=2.2582 grad_norm=2.2075 tensors_with_grad=69/72
[train] step 238: T=884 positions=16 loss=1.6183 ce=3.4347 tv=0.4601 conf=1.1759 grad_norm=10.5043 tensors_with_grad=69/72
[train] step 239: T=673 positions=16 loss=0.7608 ce=1.8532 tv=0.3454 conf=1.0489 grad_norm=4.4009 tensors_with_grad=69/72
[train] step 240: T=540 positions=16 loss=0.1775 ce=0.3881 tv=0.0990 conf=0.5170 grad_norm=3.0388 tensors_with_grad=69/72
[train] step 241: T=1324 positions=16 loss=1.8763 ce=3.7628 tv=0.4589 conf=0.9439 grad_norm=4.0094 tensors_with_grad=69/72
[train] step 242: T=677 positions=16 loss=0.9923 ce=2.0542 tv=0.4048 conf=1.5382 grad_norm=4.7765 tensors_with_grad=69/72
[train] step 243: T=615 positions=16 loss=1.0404 ce=2.3323 tv=0.4500 conf=1.3447 grad_norm=6.6327 tensors_with_grad=69/72
[train] step 244: T=1500 positions=16 loss=1.3281 ce=2.8572 tv=0.4541 conf=0.9291 grad_norm=6.5020 tensors_with_grad=69/72
[train] step 245: T=672 positions=16 loss=1.6620 ce=3.1740 tv=0.5633 conf=1.1017 grad_norm=5.7413 tensors_with_grad=69/72
[train] step 246: T=561 positions=16 loss=0.4720 ce=0.8802 tv=0.1993 conf=0.8972 grad_norm=2.4305 tensors_with_grad=69/72
[train] step 247: T=610 positions=16 loss=0.8292 ce=1.6032 tv=0.3579 conf=0.6635 grad_norm=3.1232 tensors_with_grad=69/72
[train] step 248: T=535 positions=16 loss=0.4497 ce=1.5433 tv=0.2331 conf=0.4605 grad_norm=1.6652 tensors_with_grad=69/72
[train] step 249: T=587 positions=16 loss=0.1681 ce=0.6032 tv=0.1811 conf=0.5810 grad_norm=3.5229 tensors_with_grad=69/72
[train] step 250: T=633 positions=16 loss=0.1471 ce=0.3320 tv=0.1313 conf=0.4050 grad_norm=1.3974 tensors_with_grad=69/72
[train] step 251: T=677 positions=16 loss=0.5990 ce=1.7358 tv=0.3554 conf=1.1757 grad_norm=11.6288 tensors_with_grad=69/72
[train] step 252: T=598 positions=16 loss=0.3301 ce=0.6231 tv=0.2487 conf=1.2532 grad_norm=3.9847 tensors_with_grad=69/72
[train] step 253: T=654 positions=16 loss=1.3123 ce=2.3777 tv=0.4909 conf=0.9826 grad_norm=4.4826 tensors_with_grad=69/72
[train] step 254: T=546 positions=16 loss=0.4491 ce=1.0676 tv=0.0928 conf=0.9507 grad_norm=2.8119 tensors_with_grad=69/72
[train] step 255: T=617 positions=16 loss=0.3195 ce=0.9480 tv=0.2585 conf=1.0218 grad_norm=6.8222 tensors_with_grad=69/72
[train] step 256: T=537 positions=16 loss=0.1133 ce=0.2335 tv=0.0896 conf=0.3161 grad_norm=0.8489 tensors_with_grad=69/72
[train] step 257: T=649 positions=16 loss=0.9600 ce=2.0801 tv=0.4631 conf=1.2339 grad_norm=4.8996 tensors_with_grad=69/72
[train] step 258: T=676 positions=16 loss=0.8476 ce=1.7690 tv=0.3342 conf=0.8273 grad_norm=7.5305 tensors_with_grad=69/72
[train] step 259: T=672 positions=16 loss=1.2436 ce=2.5108 tv=0.4905 conf=1.6224 grad_norm=4.1247 tensors_with_grad=69/72
[train] step 260: T=665 positions=16 loss=0.3294 ce=0.8266 tv=0.1822 conf=0.5413 grad_norm=2.5028 tensors_with_grad=69/72
[train] step 261: T=542 positions=16 loss=0.4370 ce=0.9732 tv=0.1662 conf=0.8143 grad_norm=1.6782 tensors_with_grad=69/72
[train] step 262: T=526 positions=16 loss=1.3035 ce=2.5014 tv=0.4609 conf=1.1265 grad_norm=5.8284 tensors_with_grad=69/72
[train] step 263: T=570 positions=16 loss=0.3416 ce=0.7871 tv=0.1303 conf=0.7345 grad_norm=3.2339 tensors_with_grad=69/72
[train] step 264: T=673 positions=16 loss=0.2340 ce=1.1699 tv=0.2190 conf=1.0931 grad_norm=2.2452 tensors_with_grad=69/72
[train] step 265: T=1148 positions=16 loss=1.3689 ce=2.8589 tv=0.4099 conf=1.2545 grad_norm=5.4263 tensors_with_grad=69/72
[train] step 266: T=675 positions=16 loss=0.8013 ce=1.5347 tv=0.3260 conf=0.9148 grad_norm=9.0521 tensors_with_grad=69/72
[train] step 267: T=609 positions=16 loss=0.4793 ce=0.8881 tv=0.2557 conf=1.3490 grad_norm=2.6541 tensors_with_grad=69/72
[train] step 268: T=528 positions=16 loss=1.1253 ce=2.0121 tv=0.3976 conf=0.9768 grad_norm=7.0208 tensors_with_grad=69/72
[train] step 269: T=547 positions=16 loss=0.4420 ce=0.8144 tv=0.2330 conf=0.7235 grad_norm=4.5156 tensors_with_grad=69/72
[train] step 270: T=529 positions=16 loss=0.4817 ce=0.8905 tv=0.2025 conf=0.7265 grad_norm=4.0327 tensors_with_grad=69/72
[train] step 271: T=550 positions=16 loss=0.8995 ce=1.4365 tv=0.3422 conf=0.5029 grad_norm=8.3001 tensors_with_grad=69/72
[train] step 272: T=639 positions=16 loss=0.7990 ce=1.7964 tv=0.3609 conf=1.1779 grad_norm=6.2205 tensors_with_grad=69/72
[train] step 273: T=615 positions=16 loss=0.5560 ce=1.3038 tv=0.2261 conf=1.1978 grad_norm=5.7910 tensors_with_grad=69/72
[train] step 274: T=536 positions=16 loss=0.1027 ce=0.2551 tv=0.0988 conf=0.6139 grad_norm=1.1516 tensors_with_grad=69/72
[train] step 275: T=534 positions=16 loss=0.2856 ce=0.7407 tv=0.1517 conf=0.7778 grad_norm=1.7957 tensors_with_grad=69/72
[train] step 276: T=538 positions=16 loss=1.5211 ce=2.6766 tv=0.5592 conf=0.9493 grad_norm=5.7828 tensors_with_grad=69/72
[train] step 277: T=525 positions=16 loss=0.7590 ce=1.4978 tv=0.3369 conf=1.2414 grad_norm=4.6403 tensors_with_grad=69/72
[train] step 278: T=671 positions=16 loss=1.8076 ce=3.4628 tv=0.5827 conf=1.1255 grad_norm=6.8265 tensors_with_grad=69/72
[train] step 279: T=536 positions=16 loss=0.3620 ce=0.9634 tv=0.1988 conf=0.6242 grad_norm=2.7239 tensors_with_grad=69/72
[train] step 280: T=532 positions=16 loss=0.3145 ce=0.6862 tv=0.2256 conf=1.0422 grad_norm=4.4094 tensors_with_grad=69/72
[train] step 281: T=553 positions=16 loss=0.7585 ce=1.2250 tv=0.2052 conf=0.4556 grad_norm=3.5811 tensors_with_grad=69/72
[train] step 282: T=673 positions=16 loss=1.6644 ce=3.3319 tv=0.5240 conf=0.8397 grad_norm=6.7843 tensors_with_grad=69/72
[train] step 283: T=1324 positions=16 loss=2.0241 ce=4.2488 tv=0.5112 conf=1.3964 grad_norm=3.5613 tensors_with_grad=69/72
[train] step 284: T=642 positions=16 loss=0.8641 ce=1.5658 tv=0.3250 conf=1.4049 grad_norm=4.9736 tensors_with_grad=69/72
[train] step 285: T=548 positions=16 loss=0.6180 ce=1.3061 tv=0.1993 conf=0.8180 grad_norm=3.9562 tensors_with_grad=69/72
[train] step 286: T=642 positions=16 loss=1.0585 ce=2.0744 tv=0.4546 conf=1.2742 grad_norm=7.4842 tensors_with_grad=69/72
[train] step 287: T=528 positions=16 loss=1.3208 ce=2.3521 tv=0.5015 conf=1.1391 grad_norm=3.4526 tensors_with_grad=69/72
[train] step 288: T=537 positions=16 loss=0.2284 ce=0.8303 tv=0.1695 conf=0.9418 grad_norm=2.4401 tensors_with_grad=69/72
[train] step 289: T=672 positions=16 loss=0.8811 ce=1.6498 tv=0.3360 conf=0.9841 grad_norm=4.5929 tensors_with_grad=69/72
[train] step 290: T=526 positions=16 loss=0.3398 ce=0.7872 tv=0.2007 conf=0.8250 grad_norm=4.0661 tensors_with_grad=69/72
[train] step 291: T=538 positions=16 loss=0.7661 ce=1.5676 tv=0.4072 conf=1.9017 grad_norm=5.7328 tensors_with_grad=69/72
[train] step 292: T=527 positions=16 loss=0.5618 ce=1.3642 tv=0.3384 conf=2.0817 grad_norm=3.6100 tensors_with_grad=69/72
[train] step 293: T=526 positions=16 loss=0.6297 ce=1.2359 tv=0.2531 conf=1.1433 grad_norm=3.8258 tensors_with_grad=69/72
[train] step 294: T=529 positions=16 loss=0.2821 ce=0.7482 tv=0.1694 conf=1.0232 grad_norm=1.8158 tensors_with_grad=69/72
[train] step 295: T=968 positions=16 loss=1.2967 ce=2.9856 tv=0.4891 conf=2.1017 grad_norm=5.1556 tensors_with_grad=69/72
[train] step 296: T=1360 positions=16 loss=2.3190 ce=4.6724 tv=0.5725 conf=1.6982 grad_norm=8.7675 tensors_with_grad=69/72
[train] step 297: T=672 positions=16 loss=1.6391 ce=2.9878 tv=0.5414 conf=1.5660 grad_norm=3.2817 tensors_with_grad=69/72
[train] step 298: T=582 positions=16 loss=1.1712 ce=2.6217 tv=0.3945 conf=1.2786 grad_norm=3.9522 tensors_with_grad=69/72
[train] step 299: T=613 positions=16 loss=0.8497 ce=1.6242 tv=0.4039 conf=1.4777 grad_norm=5.6598 tensors_with_grad=69/72
[train] step 300: T=646 positions=16 loss=1.0725 ce=2.2087 tv=0.4771 conf=1.7610 grad_norm=3.9798 tensors_with_grad=69/72
[train] step 301: T=672 positions=16 loss=1.2741 ce=2.7953 tv=0.5246 conf=2.2418 grad_norm=3.7595 tensors_with_grad=69/72
[train] step 302: T=535 positions=16 loss=1.0373 ce=2.7810 tv=0.4178 conf=2.0214 grad_norm=4.4276 tensors_with_grad=69/72
[train] step 303: T=537 positions=16 loss=0.5952 ce=1.3130 tv=0.2696 conf=0.6838 grad_norm=7.6238 tensors_with_grad=69/72
[train] step 304: T=1797 positions=16 loss=1.5925 ce=3.3336 tv=0.4871 conf=2.2981 grad_norm=8.9757 tensors_with_grad=69/72
[train] step 305: T=527 positions=16 loss=1.1427 ce=2.2432 tv=0.5078 conf=1.2691 grad_norm=5.7480 tensors_with_grad=69/72
[train] step 306: T=544 positions=16 loss=0.1676 ce=0.3785 tv=0.1073 conf=0.7651 grad_norm=3.2859 tensors_with_grad=69/72
[train] step 307: T=675 positions=16 loss=0.4488 ce=1.3053 tv=0.2547 conf=1.3139 grad_norm=3.4615 tensors_with_grad=69/72
[train] step 308: T=525 positions=16 loss=1.1237 ce=2.0141 tv=0.4800 conf=1.7250 grad_norm=5.8319 tensors_with_grad=69/72
[train] step 309: T=583 positions=16 loss=0.1374 ce=0.4698 tv=0.1025 conf=0.5291 grad_norm=1.8795 tensors_with_grad=69/72
[train] step 310: T=620 positions=16 loss=0.5870 ce=1.4014 tv=0.2787 conf=1.7525 grad_norm=4.2108 tensors_with_grad=69/72
[train] step 311: T=538 positions=16 loss=0.2778 ce=0.5698 tv=0.1378 conf=0.5346 grad_norm=3.6970 tensors_with_grad=69/72
[train] step 312: T=637 positions=16 loss=0.1278 ce=0.2879 tv=0.1470 conf=0.7804 grad_norm=1.3248 tensors_with_grad=69/72
[train] step 313: T=658 positions=16 loss=0.7775 ce=1.7532 tv=0.4085 conf=1.6474 grad_norm=7.4739 tensors_with_grad=69/72
[train] step 314: T=609 positions=16 loss=0.4079 ce=1.2776 tv=0.2455 conf=1.0522 grad_norm=3.1269 tensors_with_grad=69/72
[train] step 315: T=903 positions=16 loss=1.7722 ce=3.7752 tv=0.5096 conf=1.8805 grad_norm=6.2479 tensors_with_grad=69/72
[train] step 316: T=524 positions=16 loss=0.9751 ce=1.9540 tv=0.4384 conf=1.3000 grad_norm=5.4566 tensors_with_grad=69/72
[train] step 317: T=829 positions=16 loss=1.2070 ce=2.2511 tv=0.3438 conf=0.7790 grad_norm=4.7181 tensors_with_grad=69/72
[train] step 318: T=875 positions=16 loss=1.2256 ce=2.3868 tv=0.3682 conf=1.0084 grad_norm=5.9955 tensors_with_grad=69/72
[train] step 319: T=533 positions=16 loss=1.1042 ce=2.0827 tv=0.3574 conf=0.5162 grad_norm=4.8678 tensors_with_grad=69/72
[train] step 320: T=675 positions=16 loss=0.5756 ce=1.5317 tv=0.3176 conf=1.5588 grad_norm=2.9632 tensors_with_grad=69/72
[train] step 321: T=672 positions=16 loss=0.9063 ce=1.9029 tv=0.3100 conf=1.2110 grad_norm=6.9983 tensors_with_grad=69/72
[train] step 322: T=672 positions=16 loss=0.1076 ce=0.4249 tv=0.1676 conf=1.2633 grad_norm=1.6603 tensors_with_grad=69/72
[train] step 323: T=1087 positions=16 loss=0.8867 ce=1.6937 tv=0.3625 conf=1.0952 grad_norm=5.0780 tensors_with_grad=69/72
[train] step 324: T=672 positions=16 loss=1.1354 ce=2.4956 tv=0.3497 conf=1.1132 grad_norm=8.8499 tensors_with_grad=69/72
[train] step 325: T=854 positions=16 loss=1.7689 ce=4.0100 tv=0.4907 conf=1.4967 grad_norm=6.5372 tensors_with_grad=69/72
[train] step 326: T=609 positions=16 loss=0.3357 ce=0.7728 tv=0.2192 conf=1.1321 grad_norm=3.2826 tensors_with_grad=69/72
[train] step 327: T=545 positions=16 loss=0.5015 ce=1.2670 tv=0.2665 conf=1.1284 grad_norm=2.9490 tensors_with_grad=69/72
[train] step 328: T=634 positions=16 loss=0.6439 ce=1.6793 tv=0.4345 conf=1.3575 grad_norm=2.8280 tensors_with_grad=69/72
[train] step 329: T=649 positions=16 loss=0.7508 ce=1.5120 tv=0.3147 conf=0.8815 grad_norm=5.1287 tensors_with_grad=69/72
[train] step 330: T=675 positions=16 loss=0.6493 ce=1.6533 tv=0.3407 conf=1.6543 grad_norm=5.3707 tensors_with_grad=69/72
[train] step 331: T=560 positions=16 loss=0.2436 ce=0.5450 tv=0.1323 conf=0.6803 grad_norm=2.0867 tensors_with_grad=69/72
[train] step 332: T=535 positions=16 loss=0.1202 ce=0.2648 tv=0.0881 conf=0.3518 grad_norm=3.2154 tensors_with_grad=69/72
[train] step 333: T=532 positions=16 loss=0.3234 ce=0.7059 tv=0.1580 conf=0.2726 grad_norm=1.4005 tensors_with_grad=69/72
[train] step 334: T=903 positions=16 loss=0.8142 ce=1.6852 tv=0.3612 conf=0.8715 grad_norm=5.9765 tensors_with_grad=69/72
[train] step 335: T=621 positions=16 loss=0.4420 ce=1.0248 tv=0.2669 conf=1.1921 grad_norm=6.8479 tensors_with_grad=69/72
[train] step 336: T=903 positions=16 loss=1.0463 ce=2.4804 tv=0.3326 conf=1.1712 grad_norm=3.7872 tensors_with_grad=69/72
[train] step 337: T=539 positions=16 loss=0.4604 ce=0.9425 tv=0.1928 conf=0.5331 grad_norm=7.4466 tensors_with_grad=69/72
[train] step 338: T=553 positions=16 loss=0.5664 ce=1.0186 tv=0.1890 conf=0.6644 grad_norm=3.8649 tensors_with_grad=69/72
[train] step 339: T=546 positions=16 loss=1.1967 ce=2.6392 tv=0.5473 conf=3.0385 grad_norm=5.4902 tensors_with_grad=69/72
[train] step 340: T=597 positions=16 loss=0.4178 ce=1.1192 tv=0.2338 conf=1.0668 grad_norm=3.4021 tensors_with_grad=69/72
[train] step 341: T=942 positions=16 loss=1.2886 ce=2.8251 tv=0.3914 conf=1.4040 grad_norm=5.7956 tensors_with_grad=69/72
[train] step 342: T=672 positions=16 loss=1.1366 ce=2.5183 tv=0.4832 conf=1.3015 grad_norm=5.1440 tensors_with_grad=69/72
[train] step 343: T=527 positions=16 loss=0.7499 ce=1.6979 tv=0.3750 conf=1.4757 grad_norm=5.9087 tensors_with_grad=69/72
[train] step 344: T=589 positions=16 loss=0.1349 ce=0.3508 tv=0.1196 conf=0.3493 grad_norm=1.0208 tensors_with_grad=69/72
[train] step 345: T=541 positions=16 loss=0.7209 ce=1.4754 tv=0.3681 conf=2.2369 grad_norm=3.8517 tensors_with_grad=69/72
[train] step 346: T=581 positions=16 loss=0.1594 ce=0.4578 tv=0.1327 conf=1.0144 grad_norm=2.8367 tensors_with_grad=69/72
[train] step 347: T=678 positions=16 loss=0.5313 ce=1.3225 tv=0.2990 conf=1.2911 grad_norm=2.0260 tensors_with_grad=69/72
[train] step 348: T=673 positions=16 loss=1.6982 ce=3.2176 tv=0.5589 conf=1.5905 grad_norm=6.9381 tensors_with_grad=69/72
[train] step 349: T=628 positions=16 loss=0.3211 ce=0.7320 tv=0.1638 conf=1.1318 grad_norm=3.5619 tensors_with_grad=69/72
[train] step 350: T=661 positions=16 loss=0.8694 ce=2.0339 tv=0.3887 conf=1.3123 grad_norm=4.6946 tensors_with_grad=69/72
[train] step 351: T=544 positions=16 loss=0.4085 ce=1.0206 tv=0.2652 conf=0.9138 grad_norm=4.2662 tensors_with_grad=69/72
[train] step 352: T=538 positions=16 loss=0.1744 ce=0.4020 tv=0.1131 conf=0.4005 grad_norm=2.4195 tensors_with_grad=69/72
[train] step 353: T=539 positions=16 loss=0.1058 ce=0.3137 tv=0.0980 conf=0.5543 grad_norm=1.0152 tensors_with_grad=69/72
[train] step 354: T=1009 positions=16 loss=1.9990 ce=4.0872 tv=0.4717 conf=1.3407 grad_norm=5.7659 tensors_with_grad=69/72
[train] step 355: T=531 positions=16 loss=0.9168 ce=1.9976 tv=0.3218 conf=1.1327 grad_norm=7.6740 tensors_with_grad=69/72
[train] step 356: T=537 positions=16 loss=0.0621 ce=0.2094 tv=0.0890 conf=0.6320 grad_norm=1.8545 tensors_with_grad=69/72
[train] step 357: T=531 positions=16 loss=1.0219 ce=1.9189 tv=0.3429 conf=0.5600 grad_norm=5.1031 tensors_with_grad=69/72
[train] step 358: T=629 positions=16 loss=0.7623 ce=1.4467 tv=0.3751 conf=1.2628 grad_norm=5.0919 tensors_with_grad=69/72
[train] step 359: T=674 positions=16 loss=0.9498 ce=2.0164 tv=0.3994 conf=1.6978 grad_norm=4.6616 tensors_with_grad=69/72
[train] step 360: T=674 positions=16 loss=0.2410 ce=0.5616 tv=0.2023 conf=0.9222 grad_norm=2.1536 tensors_with_grad=69/72
[train] step 361: T=548 positions=16 loss=0.1615 ce=0.4379 tv=0.1657 conf=1.3106 grad_norm=1.3897 tensors_with_grad=69/72
[train] step 362: T=539 positions=16 loss=0.3304 ce=0.7559 tv=0.2377 conf=1.2872 grad_norm=2.2179 tensors_with_grad=69/72
[train] step 363: T=672 positions=16 loss=1.4126 ce=2.8540 tv=0.5386 conf=1.5378 grad_norm=4.9444 tensors_with_grad=69/72
[train] step 364: T=639 positions=16 loss=0.3996 ce=0.9343 tv=0.3111 conf=1.3662 grad_norm=8.2373 tensors_with_grad=69/72
[train] step 365: T=672 positions=16 loss=1.1506 ce=1.8171 tv=0.4911 conf=1.5370 grad_norm=9.3661 tensors_with_grad=69/72
[train] step 366: T=539 positions=16 loss=0.3152 ce=0.8933 tv=0.2003 conf=0.6052 grad_norm=3.5263 tensors_with_grad=69/72
[train] step 367: T=591 positions=16 loss=1.4881 ce=2.6593 tv=0.5219 conf=1.2299 grad_norm=5.8917 tensors_with_grad=69/72
[train] step 368: T=584 positions=16 loss=0.2751 ce=0.7320 tv=0.2121 conf=1.0497 grad_norm=3.0388 tensors_with_grad=69/72
[train] step 369: T=591 positions=16 loss=0.4250 ce=0.7838 tv=0.2571 conf=1.1065 grad_norm=6.3607 tensors_with_grad=69/72
[train] step 370: T=568 positions=16 loss=1.5293 ce=3.0710 tv=0.5003 conf=2.0255 grad_norm=6.2381 tensors_with_grad=69/72
[train] step 371: T=538 positions=16 loss=0.7615 ce=1.6493 tv=0.3197 conf=1.5523 grad_norm=4.4411 tensors_with_grad=69/72
[train] step 372: T=598 positions=16 loss=0.3980 ce=0.8021 tv=0.1636 conf=0.3161 grad_norm=4.7144 tensors_with_grad=69/72
[train] step 373: T=528 positions=16 loss=0.5235 ce=1.0185 tv=0.2371 conf=0.6102 grad_norm=2.8469 tensors_with_grad=69/72
[train] step 374: T=527 positions=16 loss=0.4127 ce=0.9589 tv=0.2773 conf=2.2376 grad_norm=5.9505 tensors_with_grad=69/72
[train] step 375: T=559 positions=16 loss=0.8462 ce=1.9228 tv=0.2193 conf=0.5888 grad_norm=8.3263 tensors_with_grad=69/72
[train] step 376: T=525 positions=16 loss=0.4840 ce=0.9686 tv=0.2074 conf=1.4176 grad_norm=3.5641 tensors_with_grad=69/72
[train] step 377: T=539 positions=16 loss=0.7834 ce=1.3167 tv=0.2742 conf=0.8358 grad_norm=5.5637 tensors_with_grad=69/72
[train] step 378: T=1627 positions=16 loss=1.3982 ce=2.8115 tv=0.4947 conf=2.0934 grad_norm=7.6940 tensors_with_grad=69/72
[train] step 379: T=565 positions=16 loss=0.5877 ce=1.2297 tv=0.2814 conf=1.7307 grad_norm=4.2978 tensors_with_grad=69/72
[train] step 380: T=613 positions=16 loss=0.2880 ce=0.8935 tv=0.2385 conf=1.1901 grad_norm=2.2276 tensors_with_grad=69/72
[train] step 381: T=573 positions=16 loss=0.1070 ce=0.2356 tv=0.1270 conf=1.9032 grad_norm=2.1091 tensors_with_grad=69/72
[train] step 382: T=676 positions=16 loss=0.5814 ce=1.1773 tv=0.2964 conf=2.8524 grad_norm=5.3755 tensors_with_grad=69/72
[train] step 383: T=870 positions=16 loss=0.9242 ce=2.2326 tv=0.2876 conf=2.9988 grad_norm=3.7413 tensors_with_grad=69/72
[train] step 384: T=640 positions=16 loss=1.3460 ce=2.5552 tv=0.4794 conf=2.1220 grad_norm=4.3735 tensors_with_grad=69/72
[train] step 385: T=659 positions=16 loss=0.9411 ce=1.8009 tv=0.4408 conf=3.3740 grad_norm=3.5942 tensors_with_grad=69/72
[train] step 386: T=615 positions=16 loss=0.3882 ce=1.2536 tv=0.2576 conf=1.4763 grad_norm=3.2851 tensors_with_grad=69/72
[train] step 387: T=526 positions=16 loss=1.2203 ce=2.4642 tv=0.4913 conf=1.2520 grad_norm=4.1884 tensors_with_grad=69/72
[train] step 388: T=1042 positions=16 loss=1.2016 ce=2.5258 tv=0.3078 conf=1.1185 grad_norm=5.2937 tensors_with_grad=69/72
[train] step 389: T=581 positions=16 loss=0.6042 ce=1.8115 tv=0.2565 conf=1.7214 grad_norm=4.3363 tensors_with_grad=69/72
[train] step 390: T=946 positions=16 loss=1.4497 ce=2.7621 tv=0.4219 conf=1.9320 grad_norm=5.9499 tensors_with_grad=69/72
[train] step 391: T=669 positions=16 loss=0.8836 ce=1.7552 tv=0.4087 conf=2.2708 grad_norm=8.7222 tensors_with_grad=69/72
[train] step 392: T=959 positions=16 loss=1.1495 ce=2.1720 tv=0.4322 conf=2.6300 grad_norm=3.6377 tensors_with_grad=69/72
[train] step 393: T=538 positions=16 loss=1.1368 ce=2.0025 tv=0.4431 conf=2.2174 grad_norm=11.7949 tensors_with_grad=69/72
[train] step 394: T=538 positions=16 loss=0.1610 ce=0.4153 tv=0.1408 conf=0.5678 grad_norm=4.2551 tensors_with_grad=69/72
[train] step 395: T=564 positions=16 loss=1.6941 ce=3.1361 tv=0.5527 conf=2.0914 grad_norm=10.6064 tensors_with_grad=69/72
[train] step 396: T=581 positions=16 loss=0.2531 ce=0.6145 tv=0.1395 conf=0.8272 grad_norm=2.2263 tensors_with_grad=69/72
[train] step 397: T=545 positions=16 loss=0.9519 ce=1.7841 tv=0.4425 conf=2.2701 grad_norm=8.2788 tensors_with_grad=69/72
[train] step 398: T=525 positions=16 loss=1.4087 ce=2.7996 tv=0.5494 conf=2.8980 grad_norm=6.0679 tensors_with_grad=69/72
[train] step 399: T=565 positions=16 loss=0.9408 ce=2.3221 tv=0.3038 conf=2.4297 grad_norm=9.0939 tensors_with_grad=69/72
[train] step 400: T=554 positions=16 loss=0.3010 ce=0.5959 tv=0.1657 conf=0.8543 grad_norm=2.3858 tensors_with_grad=69/72
[train] step 401: T=1014 positions=16 loss=1.1414 ce=2.2460 tv=0.3251 conf=2.2933 grad_norm=5.4316 tensors_with_grad=69/72
[train] step 402: T=541 positions=16 loss=0.3912 ce=1.0010 tv=0.1741 conf=0.5878 grad_norm=2.3103 tensors_with_grad=69/72
[train] step 403: T=538 positions=16 loss=0.2452 ce=0.4991 tv=0.1947 conf=1.0523 grad_norm=3.4888 tensors_with_grad=69/72
[train] step 404: T=585 positions=16 loss=0.8845 ce=1.8103 tv=0.3370 conf=2.1897 grad_norm=5.4421 tensors_with_grad=69/72
[train] step 405: T=535 positions=16 loss=0.5015 ce=1.1726 tv=0.2601 conf=1.0362 grad_norm=18.0911 tensors_with_grad=69/72
[train] step 406: T=534 positions=16 loss=0.3515 ce=1.0561 tv=0.2520 conf=1.1947 grad_norm=3.8472 tensors_with_grad=69/72
[train] step 407: T=674 positions=16 loss=1.4465 ce=2.5149 tv=0.5146 conf=1.9445 grad_norm=5.5964 tensors_with_grad=69/72
[train] step 408: T=1629 positions=16 loss=1.4742 ce=3.4897 tv=0.3695 conf=1.6256 grad_norm=4.0230 tensors_with_grad=69/72
[train] step 409: T=529 positions=16 loss=0.9203 ce=1.6294 tv=0.4250 conf=1.3606 grad_norm=7.6215 tensors_with_grad=69/72
[train] step 410: T=604 positions=16 loss=0.2322 ce=0.6968 tv=0.1969 conf=1.5062 grad_norm=4.1597 tensors_with_grad=69/72
[train] step 411: T=615 positions=16 loss=0.3261 ce=0.7092 tv=0.2084 conf=2.2763 grad_norm=2.8184 tensors_with_grad=69/72
[train] step 412: T=563 positions=16 loss=0.2220 ce=0.5903 tv=0.1364 conf=0.8256 grad_norm=1.3425 tensors_with_grad=69/72
[train] step 413: T=572 positions=16 loss=0.3702 ce=0.7520 tv=0.2186 conf=1.3819 grad_norm=1.9728 tensors_with_grad=69/72
[train] step 414: T=591 positions=16 loss=0.4772 ce=0.8687 tv=0.2735 conf=1.3846 grad_norm=6.1907 tensors_with_grad=69/72
[train] step 415: T=595 positions=16 loss=0.5396 ce=1.5597 tv=0.3198 conf=0.8805 grad_norm=3.6469 tensors_with_grad=69/72
[train] step 416: T=541 positions=16 loss=0.6300 ce=1.2337 tv=0.3161 conf=0.9473 grad_norm=4.6550 tensors_with_grad=69/72
[train] step 417: T=543 positions=16 loss=0.8638 ce=1.7763 tv=0.4138 conf=1.3143 grad_norm=4.9986 tensors_with_grad=69/72
[train] step 418: T=678 positions=16 loss=1.0303 ce=2.0719 tv=0.3713 conf=1.8583 grad_norm=3.3317 tensors_with_grad=69/72
[train] step 419: T=592 positions=16 loss=0.0885 ce=0.2818 tv=0.1056 conf=0.9383 grad_norm=1.2870 tensors_with_grad=69/72
[train] step 420: T=633 positions=16 loss=1.0117 ce=1.9162 tv=0.4128 conf=1.7426 grad_norm=5.3347 tensors_with_grad=69/72
[train] step 421: T=531 positions=16 loss=0.5431 ce=0.9063 tv=0.2992 conf=1.1990 grad_norm=8.5068 tensors_with_grad=69/72
[train] step 422: T=576 positions=16 loss=0.5118 ce=1.0053 tv=0.2824 conf=1.5543 grad_norm=7.2785 tensors_with_grad=69/72
[train] step 423: T=535 positions=16 loss=0.5793 ce=1.3996 tv=0.2302 conf=0.7313 grad_norm=7.2030 tensors_with_grad=69/72
[train] step 424: T=606 positions=16 loss=0.8464 ce=2.1035 tv=0.4087 conf=1.8184 grad_norm=2.8118 tensors_with_grad=69/72
[train] step 425: T=577 positions=16 loss=0.1828 ce=0.6105 tv=0.2585 conf=1.8048 grad_norm=2.8142 tensors_with_grad=69/72
[train] step 426: T=531 positions=16 loss=0.3469 ce=1.0515 tv=0.2343 conf=1.5126 grad_norm=3.4526 tensors_with_grad=69/72
[train] step 427: T=667 positions=16 loss=0.4285 ce=0.8770 tv=0.2333 conf=1.5346 grad_norm=4.4929 tensors_with_grad=69/72
[train] step 428: T=639 positions=16 loss=1.1791 ce=2.4247 tv=0.4582 conf=1.5343 grad_norm=4.1578 tensors_with_grad=69/72
[train] step 429: T=527 positions=16 loss=1.0993 ce=2.1758 tv=0.4626 conf=1.6010 grad_norm=4.5020 tensors_with_grad=69/72
[train] step 430: T=673 positions=16 loss=1.8315 ce=3.1038 tv=0.5806 conf=0.7658 grad_norm=7.3104 tensors_with_grad=69/72
[train] step 431: T=599 positions=16 loss=0.1931 ce=0.2964 tv=0.1215 conf=0.4513 grad_norm=2.0637 tensors_with_grad=69/72
[train] step 432: T=533 positions=16 loss=0.1534 ce=0.4653 tv=0.1113 conf=0.3477 grad_norm=2.2320 tensors_with_grad=69/72
[train] step 433: T=535 positions=16 loss=0.6981 ce=1.0981 tv=0.3407 conf=0.8174 grad_norm=4.8915 tensors_with_grad=69/72
[train] step 434: T=584 positions=16 loss=1.1826 ce=2.4363 tv=0.4302 conf=1.3855 grad_norm=9.9205 tensors_with_grad=69/72
[train] step 435: T=568 positions=16 loss=0.8776 ce=1.9854 tv=0.3909 conf=1.4290 grad_norm=4.5348 tensors_with_grad=69/72
[train] step 436: T=1111 positions=16 loss=1.0005 ce=1.7259 tv=0.3390 conf=1.2066 grad_norm=6.8114 tensors_with_grad=69/72
[train] step 437: T=673 positions=16 loss=0.8988 ce=2.0610 tv=0.4024 conf=1.1392 grad_norm=5.6892 tensors_with_grad=69/72
[train] step 438: T=614 positions=16 loss=0.7808 ce=1.9570 tv=0.3639 conf=1.2600 grad_norm=3.0968 tensors_with_grad=69/72
[train] step 439: T=526 positions=16 loss=0.5955 ce=1.3502 tv=0.3554 conf=1.9734 grad_norm=5.0249 tensors_with_grad=69/72
[train] step 440: T=532 positions=16 loss=0.2430 ce=0.5450 tv=0.0989 conf=0.9985 grad_norm=1.5290 tensors_with_grad=69/72
[train] step 441: T=624 positions=16 loss=0.5270 ce=1.2358 tv=0.3133 conf=1.3876 grad_norm=5.0921 tensors_with_grad=69/72
[train] step 442: T=530 positions=16 loss=1.0535 ce=2.0676 tv=0.3890 conf=1.0521 grad_norm=5.3268 tensors_with_grad=69/72
[train] step 443: T=546 positions=16 loss=0.5499 ce=1.1500 tv=0.2743 conf=1.2656 grad_norm=3.1494 tensors_with_grad=69/72
[train] step 444: T=672 positions=16 loss=0.9031 ce=2.4800 tv=0.3990 conf=2.3548 grad_norm=4.8258 tensors_with_grad=69/72
[train] step 445: T=528 positions=16 loss=1.1226 ce=2.2122 tv=0.4797 conf=1.0278 grad_norm=5.6022 tensors_with_grad=69/72
[train] step 446: T=536 positions=16 loss=0.1010 ce=0.3250 tv=0.0766 conf=0.2227 grad_norm=1.9972 tensors_with_grad=69/72
[train] step 447: T=1543 positions=16 loss=1.8094 ce=3.6483 tv=0.4663 conf=0.9269 grad_norm=5.5247 tensors_with_grad=69/72
[train] step 448: T=673 positions=16 loss=1.4239 ce=2.9108 tv=0.4600 conf=1.0404 grad_norm=5.0000 tensors_with_grad=69/72
[train] step 449: T=587 positions=16 loss=0.1911 ce=0.3687 tv=0.1444 conf=1.0570 grad_norm=3.8286 tensors_with_grad=69/72
[train] step 450: T=529 positions=16 loss=0.4497 ce=0.7713 tv=0.2570 conf=1.1673 grad_norm=4.9840 tensors_with_grad=69/72
[train] step 451: T=981 positions=16 loss=1.2435 ce=2.4921 tv=0.4386 conf=1.6318 grad_norm=3.4229 tensors_with_grad=69/72
[train] step 452: T=557 positions=16 loss=0.4808 ce=1.0941 tv=0.2275 conf=0.9319 grad_norm=4.2495 tensors_with_grad=69/72
[train] step 453: T=543 positions=16 loss=0.5306 ce=1.2497 tv=0.2754 conf=0.8179 grad_norm=4.9508 tensors_with_grad=69/72
[train] step 454: T=955 positions=16 loss=0.8945 ce=1.7816 tv=0.3322 conf=1.0379 grad_norm=3.6672 tensors_with_grad=69/72
[train] step 455: T=536 positions=16 loss=0.3848 ce=0.7559 tv=0.2637 conf=1.1354 grad_norm=3.0209 tensors_with_grad=69/72
[train] step 456: T=952 positions=16 loss=1.4514 ce=2.5940 tv=0.4161 conf=0.9916 grad_norm=6.6657 tensors_with_grad=69/72
[train] step 457: T=960 positions=16 loss=1.5052 ce=3.2809 tv=0.4288 conf=1.8623 grad_norm=3.9106 tensors_with_grad=69/72
[train] step 458: T=525 positions=16 loss=1.5138 ce=2.9872 tv=0.5163 conf=1.3865 grad_norm=5.1824 tensors_with_grad=69/72
[train] step 459: T=1031 positions=16 loss=1.4664 ce=3.0687 tv=0.4619 conf=1.3633 grad_norm=4.1541 tensors_with_grad=69/72
[train] step 460: T=674 positions=16 loss=0.7407 ce=1.4817 tv=0.4015 conf=1.6166 grad_norm=4.0880 tensors_with_grad=69/72
[train] step 461: T=1015 positions=16 loss=1.4695 ce=2.8794 tv=0.4924 conf=1.4768 grad_norm=4.0549 tensors_with_grad=69/72
[train] step 462: T=540 positions=16 loss=1.1071 ce=2.0180 tv=0.4966 conf=1.1927 grad_norm=4.8987 tensors_with_grad=69/72
[train] step 463: T=557 positions=16 loss=0.9550 ce=2.1572 tv=0.3935 conf=1.2975 grad_norm=6.3114 tensors_with_grad=69/72
[train] step 464: T=672 positions=16 loss=0.7089 ce=1.7701 tv=0.3377 conf=1.7375 grad_norm=2.6967 tensors_with_grad=69/72
[train] step 465: T=531 positions=16 loss=1.0681 ce=2.1009 tv=0.4998 conf=1.5431 grad_norm=5.6218 tensors_with_grad=69/72
[train] step 466: T=536 positions=16 loss=0.2375 ce=0.5630 tv=0.1505 conf=0.4212 grad_norm=4.0153 tensors_with_grad=69/72
[train] step 467: T=532 positions=16 loss=1.9535 ce=3.6911 tv=0.6008 conf=1.0084 grad_norm=7.6308 tensors_with_grad=69/72
[train] step 468: T=536 positions=16 loss=0.2796 ce=0.8612 tv=0.1993 conf=0.8421 grad_norm=3.3340 tensors_with_grad=69/72
[train] step 469: T=554 positions=16 loss=0.5798 ce=1.2031 tv=0.3549 conf=1.3534 grad_norm=3.1106 tensors_with_grad=69/72
[train] step 470: T=673 positions=16 loss=1.3224 ce=2.7799 tv=0.4503 conf=0.8069 grad_norm=9.4727 tensors_with_grad=69/72
[train] step 471: T=630 positions=16 loss=0.4871 ce=1.0628 tv=0.2443 conf=1.4794 grad_norm=2.6783 tensors_with_grad=69/72
[train] step 472: T=636 positions=16 loss=0.6945 ce=1.8904 tv=0.2687 conf=0.9684 grad_norm=7.9156 tensors_with_grad=69/72
[train] step 473: T=673 positions=16 loss=1.3967 ce=2.8616 tv=0.4547 conf=1.5870 grad_norm=3.4638 tensors_with_grad=69/72
[train] step 474: T=677 positions=16 loss=1.0341 ce=1.9286 tv=0.2585 conf=1.0581 grad_norm=5.9300 tensors_with_grad=69/72
[train] step 475: T=576 positions=16 loss=0.4479 ce=0.9544 tv=0.2652 conf=1.9141 grad_norm=2.8739 tensors_with_grad=69/72
[train] step 476: T=541 positions=16 loss=1.1303 ce=2.2211 tv=0.5023 conf=2.1471 grad_norm=3.5365 tensors_with_grad=69/72
[train] step 477: T=612 positions=16 loss=0.0976 ce=0.3035 tv=0.1469 conf=0.8988 grad_norm=3.0951 tensors_with_grad=69/72
[train] step 478: T=566 positions=16 loss=1.8437 ce=4.0688 tv=0.5659 conf=1.1039 grad_norm=10.7611 tensors_with_grad=69/72
[train] step 479: T=528 positions=16 loss=1.4277 ce=2.8523 tv=0.5496 conf=2.7119 grad_norm=5.3820 tensors_with_grad=69/72
[train] step 480: T=548 positions=16 loss=0.2891 ce=0.6270 tv=0.1606 conf=0.7827 grad_norm=3.2769 tensors_with_grad=69/72
[train] step 481: T=576 positions=16 loss=1.5697 ce=3.0908 tv=0.4701 conf=1.6186 grad_norm=7.3493 tensors_with_grad=69/72
[train] step 482: T=1222 positions=16 loss=1.0957 ce=2.6325 tv=0.3602 conf=1.8781 grad_norm=6.4125 tensors_with_grad=69/72
[train] step 483: T=869 positions=16 loss=1.4884 ce=2.9010 tv=0.4071 conf=1.0479 grad_norm=6.4499 tensors_with_grad=69/72
[train] step 484: T=526 positions=16 loss=0.6817 ce=1.6430 tv=0.3927 conf=2.4442 grad_norm=3.6265 tensors_with_grad=69/72
[train] step 485: T=850 positions=16 loss=1.1914 ce=2.4132 tv=0.3599 conf=0.6727 grad_norm=4.1729 tensors_with_grad=69/72
[train] step 486: T=907 positions=16 loss=1.0142 ce=2.0046 tv=0.3317 conf=1.6767 grad_norm=4.5675 tensors_with_grad=69/72
[train] step 487: T=1184 positions=16 loss=1.8386 ce=3.6114 tv=0.4775 conf=1.1319 grad_norm=5.7092 tensors_with_grad=69/72
[train] step 488: T=592 positions=16 loss=0.7417 ce=1.7675 tv=0.3426 conf=0.8254 grad_norm=5.6381 tensors_with_grad=69/72
[train] step 489: T=531 positions=16 loss=0.6625 ce=1.3657 tv=0.2714 conf=1.3626 grad_norm=2.7614 tensors_with_grad=69/72
[train] step 490: T=599 positions=16 loss=0.2717 ce=0.7033 tv=0.1950 conf=1.5449 grad_norm=2.0702 tensors_with_grad=69/72
[diag] draft-argmax == TARGET-argmax : 66.8%  | == ground-truth token: 66.0%
[diag] mean top-1 prob  target 0.836  draft 0.738   (TV near 1 with a PEAKED draft => misalignment; with a FLAT draft => genuine)
[train] saved 72 trained tensors -> /cap/s3recap-p25b-p2-b0.2/c1/trained/mtp_trained.safetensors
[train] saved AdamW state -> /cap/s3recap-p25b-p2-b0.2/c1/trained/opt_state.pt (needed for --resume to be equivalent to one continuous run)
[train] metrics -> /cap/s3recap-p25b-p2-b0.2/c1/train_metrics.json  (loss 0.7708 -> 0.2717, tail mean 0.9572)
[train] TRAIN OK
