[train] device=cuda torch=2.10.0
  loading model-00046-of-00048.safetensors ...
  loading model-00047-of-00048.safetensors ...
  loading model-00048-of-00048.safetensors ...
  dequantised 1512 tensors, 12.60 B params, 23.5 GiB bf16
[train] weights ready in 11.7s
[train] trainable 517.3 M in 72 tensors | frozen experts 12.08 B
[train] capture: 491 sample(s)
[Gloo] Rank 0 is connected to 0 peer ranks. Expected number of connected peer ranks is : 0
[train] ModelArgs: n_mtp=3 block=5 taps=[40, 41, 42] markov_rank=256
[train] built 3 DSparkBlock(s) on meta
[train] re-materialised freqs_cis on 3 attention module(s) (persistent=False buffers are NOT in state_dict and to_empty() zapped them)
[train] load_state_dict: 0 missing, 0 unexpected
[train] GATE1 model construction OK
[train] aux: embed.weight(129280, 4096), head.weight(129280, 4096)
[train] trainable tensors in graph: 72 / 517.3 M
[train] resumed 72/72 trained tensors from /cap/s3recap/c0/trained/mtp_trained.safetensors
[train] resumed AdamW state: 69/72 tensors carry moments (3 never received a gradient, expected), indices aligned
[train] lr schedule: linear warmup 73 step(s) -> cosine over 1472 session step(s), peak 5e-05; this chunk is steps 491..981
/work/train/train_head.py:115: UserWarning: Converting a tensor with requires_grad=True to a scalar may lead to unexpected behavior.
Consider using tensor.detach() first. (Triggered internally at /opt/pytorch/torch/csrc/autograd/generated/python_variable_methods.cpp:836.)
  parts = {"ce": float((w * ce).sum()), "tv": float((w * tv).sum()), "conf": 0.0}
[train] step 0: T=675 positions=16 loss=0.4975 ce=1.5472 tv=0.3808 conf=0.8851 grad_norm=3.2469 tensors_with_grad=69/72
[train] step 1: T=593 positions=16 loss=0.2434 ce=1.0575 tv=0.1529 conf=0.7006 grad_norm=4.2320 tensors_with_grad=69/72
[train] step 2: T=984 positions=16 loss=0.7003 ce=3.4328 tv=0.3967 conf=0.9264 grad_norm=2.6167 tensors_with_grad=69/72
[train] step 3: T=672 positions=16 loss=0.3724 ce=1.2180 tv=0.2784 conf=0.8191 grad_norm=2.7620 tensors_with_grad=69/72
[train] step 4: T=675 positions=16 loss=0.4716 ce=1.7303 tv=0.3318 conf=1.1098 grad_norm=2.8259 tensors_with_grad=69/72
[train] step 5: T=1257 positions=16 loss=0.8543 ce=4.1562 tv=0.4875 conf=0.9743 grad_norm=3.0641 tensors_with_grad=69/72
[train] step 6: T=673 positions=16 loss=0.7263 ce=2.6667 tv=0.5107 conf=1.4521 grad_norm=3.9988 tensors_with_grad=69/72
[train] step 7: T=535 positions=16 loss=0.2971 ce=0.9451 tv=0.2251 conf=0.4336 grad_norm=1.5588 tensors_with_grad=69/72
[train] step 8: T=608 positions=16 loss=0.4971 ce=1.6372 tv=0.3705 conf=1.3852 grad_norm=3.1910 tensors_with_grad=69/72
[train] step 9: T=524 positions=16 loss=0.8488 ce=3.1849 tv=0.5892 conf=1.1422 grad_norm=3.4707 tensors_with_grad=69/72
[train] step 10: T=629 positions=16 loss=0.3682 ce=1.2431 tv=0.2710 conf=0.6282 grad_norm=3.9588 tensors_with_grad=69/72
[train] step 11: T=533 positions=16 loss=0.3583 ce=1.1624 tv=0.2690 conf=0.5469 grad_norm=2.0106 tensors_with_grad=69/72
[train] step 12: T=524 positions=16 loss=0.7219 ce=2.4748 tv=0.5271 conf=1.1472 grad_norm=4.7333 tensors_with_grad=69/72
[train] step 13: T=672 positions=16 loss=0.6575 ce=2.3507 tv=0.4694 conf=0.6738 grad_norm=4.2920 tensors_with_grad=69/72
[train] step 14: T=597 positions=16 loss=0.3486 ce=1.1471 tv=0.2599 conf=1.0938 grad_norm=2.3032 tensors_with_grad=69/72
[train] step 15: T=605 positions=16 loss=0.5285 ce=1.6372 tv=0.4053 conf=1.1884 grad_norm=3.1663 tensors_with_grad=69/72
[train] step 16: T=672 positions=16 loss=0.7857 ce=3.2318 tv=0.5139 conf=1.1482 grad_norm=2.1790 tensors_with_grad=69/72
[train] step 17: T=524 positions=16 loss=0.6800 ce=2.4293 tv=0.4856 conf=1.2987 grad_norm=4.2209 tensors_with_grad=69/72
[train] step 18: T=533 positions=16 loss=0.1793 ce=0.5425 tv=0.1390 conf=0.3692 grad_norm=1.0786 tensors_with_grad=69/72
[train] step 19: T=609 positions=16 loss=0.4524 ce=1.3809 tv=0.3492 conf=1.0041 grad_norm=3.8187 tensors_with_grad=69/72
[train] step 20: T=622 positions=16 loss=0.5270 ce=1.8694 tv=0.3779 conf=1.1324 grad_norm=4.4735 tensors_with_grad=69/72
[train] step 21: T=932 positions=16 loss=0.6069 ce=2.3694 tv=0.4111 conf=0.7523 grad_norm=5.3078 tensors_with_grad=69/72
[train] step 22: T=529 positions=16 loss=0.6113 ce=2.6826 tv=0.3811 conf=1.0552 grad_norm=3.1781 tensors_with_grad=69/72
[train] step 23: T=677 positions=16 loss=0.6864 ce=2.7620 tv=0.4558 conf=1.4427 grad_norm=2.4525 tensors_with_grad=69/72
[train] step 24: T=1210 positions=16 loss=0.8904 ce=4.6261 tv=0.4754 conf=0.9950 grad_norm=7.1345 tensors_with_grad=69/72
[train] step 25: T=533 positions=16 loss=0.2488 ce=1.0386 tv=0.1610 conf=0.8362 grad_norm=3.2817 tensors_with_grad=69/72
[train] step 26: T=618 positions=16 loss=0.4100 ce=1.4440 tv=0.2952 conf=1.2302 grad_norm=4.0974 tensors_with_grad=69/72
[train] step 27: T=530 positions=16 loss=0.4676 ce=1.8956 tv=0.3090 conf=0.6974 grad_norm=3.1158 tensors_with_grad=69/72
[train] step 28: T=527 positions=16 loss=0.5328 ce=1.7282 tv=0.4000 conf=1.0198 grad_norm=2.1156 tensors_with_grad=69/72
[train] step 29: T=924 positions=16 loss=0.6379 ce=2.6203 tv=0.4177 conf=0.9426 grad_norm=3.2694 tensors_with_grad=69/72
[train] step 30: T=550 positions=16 loss=0.7039 ce=2.6649 tv=0.4860 conf=1.2408 grad_norm=2.8458 tensors_with_grad=69/72
[train] step 31: T=653 positions=16 loss=0.7839 ce=3.3328 tv=0.5007 conf=1.4397 grad_norm=2.5758 tensors_with_grad=69/72
[train] step 32: T=659 positions=16 loss=0.5426 ce=2.1766 tv=0.3610 conf=0.4552 grad_norm=2.2291 tensors_with_grad=69/72
[train] step 33: T=535 positions=16 loss=0.2563 ce=0.9211 tv=0.1824 conf=0.5891 grad_norm=3.2304 tensors_with_grad=69/72
[train] step 34: T=675 positions=16 loss=0.6514 ce=2.1774 tv=0.4819 conf=1.0778 grad_norm=2.5255 tensors_with_grad=69/72
[train] step 35: T=624 positions=16 loss=0.3323 ce=1.1207 tv=0.2447 conf=1.3422 grad_norm=4.4421 tensors_with_grad=69/72
[train] step 36: T=634 positions=16 loss=0.6194 ce=2.3678 tv=0.4252 conf=0.7521 grad_norm=5.3811 tensors_with_grad=69/72
[train] step 37: T=547 positions=16 loss=0.5164 ce=1.8701 tv=0.3660 conf=1.1072 grad_norm=3.7662 tensors_with_grad=69/72
[train] step 38: T=536 positions=16 loss=0.4800 ce=1.8547 tv=0.3272 conf=1.3858 grad_norm=4.2760 tensors_with_grad=69/72
[train] step 39: T=672 positions=16 loss=0.2043 ce=0.6194 tv=0.1582 conf=0.9798 grad_norm=2.2305 tensors_with_grad=69/72
[train] step 40: T=673 positions=16 loss=0.3608 ce=1.3082 tv=0.2556 conf=1.2934 grad_norm=3.1017 tensors_with_grad=69/72
[train] step 41: T=574 positions=16 loss=0.6597 ce=2.8695 tv=0.4142 conf=0.9814 grad_norm=3.6599 tensors_with_grad=69/72
[train] step 42: T=673 positions=16 loss=0.6115 ce=2.0187 tv=0.4552 conf=1.2219 grad_norm=4.2411 tensors_with_grad=69/72
[train] step 43: T=1093 positions=16 loss=0.7700 ce=3.3276 tv=0.4858 conf=1.3577 grad_norm=2.6902 tensors_with_grad=69/72
[train] step 44: T=572 positions=16 loss=0.7661 ce=3.1997 tv=0.4957 conf=1.3237 grad_norm=3.7253 tensors_with_grad=69/72
[train] step 45: T=607 positions=16 loss=0.5593 ce=2.2838 tv=0.3677 conf=0.5047 grad_norm=8.1332 tensors_with_grad=69/72
[train] step 46: T=604 positions=16 loss=0.2995 ce=0.9317 tv=0.2293 conf=1.2113 grad_norm=5.4442 tensors_with_grad=69/72
[train] step 47: T=674 positions=16 loss=0.5031 ce=2.2710 tv=0.3067 conf=1.1028 grad_norm=2.9838 tensors_with_grad=69/72
[train] step 48: T=529 positions=16 loss=0.5021 ce=1.7214 tv=0.3666 conf=2.0358 grad_norm=4.0766 tensors_with_grad=69/72
[train] step 49: T=674 positions=16 loss=0.2775 ce=0.9638 tv=0.2013 conf=1.1640 grad_norm=2.8062 tensors_with_grad=69/72
[train] step 50: T=983 positions=16 loss=0.6266 ce=3.0759 tv=0.3544 conf=0.6912 grad_norm=1.9657 tensors_with_grad=69/72
[train] step 51: T=531 positions=16 loss=0.2089 ce=0.6667 tv=0.1580 conf=0.8663 grad_norm=2.5805 tensors_with_grad=69/72
[train] step 52: T=643 positions=16 loss=0.7282 ce=2.6553 tv=0.5141 conf=1.3980 grad_norm=2.9702 tensors_with_grad=69/72
[train] step 53: T=672 positions=16 loss=0.4484 ce=1.7982 tv=0.2984 conf=0.7995 grad_norm=2.9082 tensors_with_grad=69/72
[train] step 54: T=577 positions=16 loss=0.3343 ce=1.1545 tv=0.2432 conf=0.8887 grad_norm=3.4055 tensors_with_grad=69/72
[train] step 55: T=540 positions=16 loss=0.2948 ce=0.9123 tv=0.2262 conf=0.9859 grad_norm=3.4021 tensors_with_grad=69/72
[train] step 56: T=1793 positions=16 loss=0.7874 ce=3.5460 tv=0.4809 conf=1.3274 grad_norm=3.3441 tensors_with_grad=69/72
[train] step 57: T=1349 positions=16 loss=0.7672 ce=3.4011 tv=0.4746 conf=0.9828 grad_norm=6.9811 tensors_with_grad=69/72
[train] step 58: T=658 positions=16 loss=0.6514 ce=2.3891 tv=0.4584 conf=0.8302 grad_norm=3.5775 tensors_with_grad=69/72
[train] step 59: T=537 positions=16 loss=0.6651 ce=2.9938 tv=0.4063 conf=1.0060 grad_norm=2.9497 tensors_with_grad=69/72
[train] step 60: T=532 positions=16 loss=0.3540 ce=1.0883 tv=0.2724 conf=0.7543 grad_norm=5.5213 tensors_with_grad=69/72
[train] step 61: T=591 positions=16 loss=0.3948 ce=1.7638 tv=0.2427 conf=0.4297 grad_norm=2.6003 tensors_with_grad=69/72
[train] step 62: T=525 positions=16 loss=0.6401 ce=2.5740 tv=0.4252 conf=0.6619 grad_norm=2.8724 tensors_with_grad=69/72
[train] step 63: T=526 positions=16 loss=0.2975 ce=0.8864 tv=0.2321 conf=0.7995 grad_norm=5.3603 tensors_with_grad=69/72
[train] step 64: T=588 positions=16 loss=0.1763 ce=0.6454 tv=0.1242 conf=0.5052 grad_norm=2.7508 tensors_with_grad=69/72
[train] step 65: T=605 positions=16 loss=0.2700 ce=1.3366 tv=0.1515 conf=0.5456 grad_norm=2.2495 tensors_with_grad=69/72
[train] step 66: T=532 positions=16 loss=0.2476 ce=0.8215 tv=0.1839 conf=0.5633 grad_norm=2.0959 tensors_with_grad=69/72
[train] step 67: T=980 positions=16 loss=0.7265 ce=2.9013 tv=0.4849 conf=1.1861 grad_norm=2.7034 tensors_with_grad=69/72
[train] step 68: T=533 positions=16 loss=0.7947 ce=3.2510 tv=0.5218 conf=0.5728 grad_norm=5.4723 tensors_with_grad=69/72
[train] step 69: T=563 positions=16 loss=0.2587 ce=0.9978 tv=0.1766 conf=0.5282 grad_norm=2.5020 tensors_with_grad=69/72
[train] step 70: T=532 positions=16 loss=0.3137 ce=1.1745 tv=0.2180 conf=0.8294 grad_norm=2.7033 tensors_with_grad=69/72
[train] step 71: T=584 positions=16 loss=0.5402 ce=1.9661 tv=0.3817 conf=1.3281 grad_norm=1.8745 tensors_with_grad=69/72
[train] step 72: T=534 positions=16 loss=0.5089 ce=2.5494 tv=0.2822 conf=0.6012 grad_norm=3.2055 tensors_with_grad=69/72
[train] step 73: T=528 positions=16 loss=0.5466 ce=1.9193 tv=0.3941 conf=1.0348 grad_norm=3.9773 tensors_with_grad=69/72
[train] step 74: T=539 positions=16 loss=0.2061 ce=0.8001 tv=0.1401 conf=0.6858 grad_norm=2.4010 tensors_with_grad=69/72
[train] step 75: T=650 positions=16 loss=0.2094 ce=1.0337 tv=0.1178 conf=1.0988 grad_norm=1.4907 tensors_with_grad=69/72
[train] step 76: T=550 positions=16 loss=0.3732 ce=1.1661 tv=0.2851 conf=1.1572 grad_norm=4.2863 tensors_with_grad=69/72
[train] step 77: T=676 positions=16 loss=0.4963 ce=1.8915 tv=0.3413 conf=1.3109 grad_norm=5.7546 tensors_with_grad=69/72
[train] step 78: T=676 positions=16 loss=0.5222 ce=2.0764 tv=0.3496 conf=1.1167 grad_norm=2.8310 tensors_with_grad=69/72
[train] step 79: T=530 positions=16 loss=0.6973 ce=2.7958 tv=0.4641 conf=0.6567 grad_norm=4.7808 tensors_with_grad=69/72
[train] step 80: T=576 positions=16 loss=0.7329 ce=2.8516 tv=0.4975 conf=1.5387 grad_norm=5.0964 tensors_with_grad=69/72
[train] step 81: T=598 positions=16 loss=0.4354 ce=1.5385 tv=0.3128 conf=1.6853 grad_norm=7.5295 tensors_with_grad=69/72
[train] step 82: T=531 positions=16 loss=0.2885 ce=0.8654 tv=0.2244 conf=1.0930 grad_norm=4.5704 tensors_with_grad=69/72
[train] step 83: T=1060 positions=16 loss=0.7576 ce=3.4808 tv=0.4550 conf=1.4509 grad_norm=3.8882 tensors_with_grad=69/72
[train] step 84: T=563 positions=16 loss=0.4346 ce=1.5304 tv=0.3128 conf=1.0569 grad_norm=4.1899 tensors_with_grad=69/72
[train] step 85: T=644 positions=16 loss=0.1428 ce=0.4475 tv=0.1089 conf=0.4529 grad_norm=0.8728 tensors_with_grad=69/72
[train] step 86: T=621 positions=16 loss=0.2070 ce=0.7965 tv=0.1415 conf=0.7154 grad_norm=3.7969 tensors_with_grad=69/72
[train] step 87: T=641 positions=16 loss=0.3926 ce=1.6210 tv=0.2561 conf=1.2496 grad_norm=4.4516 tensors_with_grad=69/72
[train] step 88: T=528 positions=16 loss=0.1735 ce=0.7855 tv=0.1055 conf=0.5244 grad_norm=1.4679 tensors_with_grad=69/72
[train] step 89: T=602 positions=16 loss=0.5223 ce=1.8367 tv=0.3763 conf=0.9490 grad_norm=2.4045 tensors_with_grad=69/72
[train] step 90: T=538 positions=16 loss=0.5771 ce=2.6406 tv=0.3478 conf=1.0065 grad_norm=4.2265 tensors_with_grad=69/72
[train] step 91: T=538 positions=16 loss=0.0846 ce=0.2586 tv=0.0653 conf=0.3262 grad_norm=1.5074 tensors_with_grad=69/72
[train] step 92: T=542 positions=16 loss=0.1853 ce=0.3766 tv=0.1641 conf=0.8474 grad_norm=2.6412 tensors_with_grad=69/72
[train] step 93: T=673 positions=16 loss=0.6061 ce=2.2311 tv=0.4255 conf=1.4396 grad_norm=3.7407 tensors_with_grad=69/72
[train] step 94: T=597 positions=16 loss=0.4256 ce=1.6619 tv=0.2883 conf=1.0730 grad_norm=2.8978 tensors_with_grad=69/72
[train] step 95: T=537 positions=16 loss=0.2852 ce=0.8244 tv=0.2253 conf=0.3559 grad_norm=5.0787 tensors_with_grad=69/72
[train] step 96: T=533 positions=16 loss=0.0850 ce=0.2050 tv=0.0717 conf=0.2943 grad_norm=3.4431 tensors_with_grad=69/72
[train] step 97: T=674 positions=16 loss=0.5208 ce=1.8246 tv=0.3759 conf=1.4063 grad_norm=5.1664 tensors_with_grad=69/72
[train] step 98: T=550 positions=16 loss=0.0745 ce=0.1898 tv=0.0617 conf=0.4527 grad_norm=1.0772 tensors_with_grad=69/72
[train] step 99: T=621 positions=16 loss=0.3514 ce=1.3265 tv=0.2431 conf=0.7416 grad_norm=1.6696 tensors_with_grad=69/72
[train] step 100: T=535 positions=16 loss=0.5611 ce=1.8198 tv=0.4212 conf=1.1366 grad_norm=3.2603 tensors_with_grad=69/72
[train] step 101: T=526 positions=16 loss=0.4728 ce=2.1516 tv=0.2863 conf=0.7484 grad_norm=3.2869 tensors_with_grad=69/72
[train] step 102: T=987 positions=16 loss=0.6452 ce=2.7438 tv=0.4120 conf=1.0023 grad_norm=2.2873 tensors_with_grad=69/72
[train] step 103: T=673 positions=16 loss=0.7275 ce=2.4036 tv=0.5412 conf=1.3625 grad_norm=2.7853 tensors_with_grad=69/72
[train] step 104: T=532 positions=16 loss=0.4635 ce=1.9788 tv=0.2951 conf=1.4238 grad_norm=3.9603 tensors_with_grad=69/72
[train] step 105: T=675 positions=16 loss=0.5941 ce=2.5110 tv=0.3811 conf=0.8186 grad_norm=3.2861 tensors_with_grad=69/72
[train] step 106: T=553 positions=16 loss=0.3940 ce=1.5968 tv=0.2604 conf=1.1582 grad_norm=3.8021 tensors_with_grad=69/72
[train] step 107: T=673 positions=16 loss=0.6326 ce=2.8780 tv=0.3832 conf=0.8881 grad_norm=5.8426 tensors_with_grad=69/72
[train] step 108: T=526 positions=16 loss=0.4131 ce=1.1605 tv=0.3300 conf=0.5967 grad_norm=3.3936 tensors_with_grad=69/72
[train] step 109: T=533 positions=16 loss=0.3435 ce=1.2856 tv=0.2389 conf=0.4581 grad_norm=3.8845 tensors_with_grad=69/72
[train] step 110: T=1795 positions=16 loss=0.8024 ce=3.6600 tv=0.4849 conf=1.3206 grad_norm=2.7542 tensors_with_grad=69/72
[train] step 111: T=536 positions=16 loss=0.2281 ce=0.7080 tv=0.1748 conf=0.7939 grad_norm=2.4515 tensors_with_grad=69/72
[train] step 112: T=676 positions=16 loss=0.6015 ce=2.3054 tv=0.4122 conf=0.8916 grad_norm=5.4396 tensors_with_grad=69/72
[train] step 113: T=586 positions=16 loss=0.1787 ce=0.6565 tv=0.1256 conf=0.6589 grad_norm=1.2536 tensors_with_grad=69/72
[train] step 114: T=553 positions=16 loss=0.4782 ce=1.7249 tv=0.3397 conf=0.9288 grad_norm=4.5027 tensors_with_grad=69/72
[train] step 115: T=614 positions=16 loss=0.2087 ce=0.7484 tv=0.1487 conf=0.4717 grad_norm=2.2054 tensors_with_grad=69/72
[train] step 116: T=530 positions=16 loss=0.3125 ce=0.9946 tv=0.2367 conf=1.4199 grad_norm=2.4318 tensors_with_grad=69/72
[train] step 117: T=597 positions=16 loss=0.1114 ce=0.1239 tv=0.1101 conf=0.6070 grad_norm=0.7325 tensors_with_grad=69/72
[train] step 118: T=628 positions=16 loss=0.3594 ce=1.2572 tv=0.2596 conf=1.1147 grad_norm=2.5588 tensors_with_grad=69/72
[train] step 119: T=672 positions=16 loss=0.8308 ce=3.2527 tv=0.5617 conf=1.0601 grad_norm=3.4890 tensors_with_grad=69/72
[train] step 120: T=672 positions=16 loss=0.8195 ce=3.3572 tv=0.5375 conf=1.0165 grad_norm=3.1991 tensors_with_grad=69/72
[train] step 121: T=593 positions=16 loss=0.1621 ce=0.5463 tv=0.1195 conf=0.2814 grad_norm=1.6927 tensors_with_grad=69/72
[train] step 122: T=576 positions=16 loss=0.6377 ce=2.3622 tv=0.4461 conf=1.2401 grad_norm=3.7355 tensors_with_grad=69/72
[train] step 123: T=669 positions=16 loss=0.2158 ce=0.7633 tv=0.1550 conf=0.7835 grad_norm=2.7001 tensors_with_grad=69/72
[train] step 124: T=530 positions=16 loss=0.7930 ce=2.9014 tv=0.5587 conf=1.3412 grad_norm=3.1772 tensors_with_grad=69/72
[train] step 125: T=678 positions=16 loss=0.4617 ce=1.5082 tv=0.3455 conf=1.0987 grad_norm=3.4282 tensors_with_grad=69/72
[train] step 126: T=675 positions=16 loss=0.4747 ce=1.8311 tv=0.3240 conf=0.8647 grad_norm=2.8200 tensors_with_grad=69/72
[train] step 127: T=537 positions=16 loss=0.2693 ce=1.0999 tv=0.1770 conf=0.4518 grad_norm=2.6786 tensors_with_grad=69/72
[train] step 128: T=577 positions=16 loss=0.4060 ce=1.3670 tv=0.2992 conf=0.9533 grad_norm=2.4006 tensors_with_grad=69/72
[train] step 129: T=613 positions=16 loss=0.2676 ce=1.0075 tv=0.1853 conf=0.2831 grad_norm=2.7104 tensors_with_grad=69/72
[train] step 130: T=548 positions=16 loss=0.2858 ce=1.1007 tv=0.1953 conf=0.4757 grad_norm=2.5532 tensors_with_grad=69/72
[train] step 131: T=526 positions=16 loss=0.7433 ce=2.5176 tv=0.5461 conf=1.6750 grad_norm=3.2993 tensors_with_grad=69/72
[train] step 132: T=607 positions=16 loss=0.1421 ce=0.6196 tv=0.0890 conf=0.4345 grad_norm=2.2365 tensors_with_grad=69/72
[train] step 133: T=674 positions=16 loss=0.3905 ce=1.5804 tv=0.2583 conf=0.7270 grad_norm=4.5201 tensors_with_grad=69/72
[train] step 134: T=1001 positions=16 loss=0.6709 ce=2.8352 tv=0.4304 conf=1.9827 grad_norm=2.5863 tensors_with_grad=69/72
[train] step 135: T=537 positions=16 loss=0.4833 ce=2.1160 tv=0.3019 conf=0.3325 grad_norm=1.3346 tensors_with_grad=69/72
[train] step 136: T=534 positions=16 loss=0.0901 ce=0.2114 tv=0.0766 conf=0.0556 grad_norm=0.4470 tensors_with_grad=69/72
[train] step 137: T=542 positions=16 loss=0.3526 ce=1.0976 tv=0.2698 conf=0.5906 grad_norm=5.7362 tensors_with_grad=69/72
[train] step 138: T=676 positions=16 loss=0.7695 ce=2.5385 tv=0.5729 conf=1.3032 grad_norm=4.6396 tensors_with_grad=69/72
[train] step 139: T=536 positions=16 loss=0.2502 ce=1.1068 tv=0.1550 conf=0.5064 grad_norm=2.0478 tensors_with_grad=69/72
[train] step 140: T=524 positions=16 loss=0.6440 ce=2.5929 tv=0.4274 conf=0.9018 grad_norm=6.2620 tensors_with_grad=69/72
[train] step 141: T=563 positions=16 loss=0.3559 ce=1.4814 tv=0.2309 conf=0.5402 grad_norm=3.1004 tensors_with_grad=69/72
[train] step 142: T=617 positions=16 loss=0.3608 ce=1.2172 tv=0.2657 conf=1.0269 grad_norm=3.3152 tensors_with_grad=69/72
[train] step 143: T=537 positions=16 loss=0.2714 ce=0.7190 tv=0.2217 conf=1.0351 grad_norm=3.9949 tensors_with_grad=69/72
[train] step 144: T=621 positions=16 loss=0.3198 ce=0.8990 tv=0.2554 conf=1.1169 grad_norm=3.0341 tensors_with_grad=69/72
[train] step 145: T=672 positions=16 loss=0.5368 ce=1.9642 tv=0.3782 conf=1.3816 grad_norm=1.9104 tensors_with_grad=69/72
[train] step 146: T=631 positions=16 loss=0.1691 ce=0.4350 tv=0.1396 conf=0.5940 grad_norm=1.7693 tensors_with_grad=69/72
[train] step 147: T=528 positions=16 loss=0.3267 ce=1.2923 tv=0.2195 conf=1.6348 grad_norm=2.9847 tensors_with_grad=69/72
[train] step 148: T=1043 positions=16 loss=0.7682 ce=3.4165 tv=0.4740 conf=1.9497 grad_norm=5.2713 tensors_with_grad=69/72
[train] step 149: T=584 positions=16 loss=0.2655 ce=1.1482 tv=0.1674 conf=0.7579 grad_norm=1.7723 tensors_with_grad=69/72
[train] step 150: T=656 positions=16 loss=0.5057 ce=1.7031 tv=0.3727 conf=1.4201 grad_norm=2.9102 tensors_with_grad=69/72
[train] step 151: T=673 positions=16 loss=0.5801 ce=2.1640 tv=0.4042 conf=1.1888 grad_norm=2.5693 tensors_with_grad=69/72
[train] step 152: T=532 positions=16 loss=0.2172 ce=0.9855 tv=0.1319 conf=0.7156 grad_norm=2.3829 tensors_with_grad=69/72
[train] step 153: T=629 positions=16 loss=0.2089 ce=0.5990 tv=0.1655 conf=0.6600 grad_norm=1.2807 tensors_with_grad=69/72
[train] step 154: T=546 positions=16 loss=0.5623 ce=2.0676 tv=0.3950 conf=0.6029 grad_norm=3.6204 tensors_with_grad=69/72
[train] step 155: T=576 positions=16 loss=0.4389 ce=1.6586 tv=0.3034 conf=1.1898 grad_norm=3.6537 tensors_with_grad=69/72
[train] step 156: T=607 positions=16 loss=0.2684 ce=0.9479 tv=0.1929 conf=0.6397 grad_norm=6.0853 tensors_with_grad=69/72
[train] step 157: T=582 positions=16 loss=0.5382 ce=2.0013 tv=0.3756 conf=1.1244 grad_norm=3.9680 tensors_with_grad=69/72
[train] step 158: T=919 positions=16 loss=0.5963 ce=2.2532 tv=0.4122 conf=0.8626 grad_norm=2.4730 tensors_with_grad=69/72
[train] step 159: T=531 positions=16 loss=0.1872 ce=0.8296 tv=0.1158 conf=0.3480 grad_norm=3.6254 tensors_with_grad=69/72
[train] step 160: T=650 positions=16 loss=0.2146 ce=0.5417 tv=0.1782 conf=0.6317 grad_norm=6.3787 tensors_with_grad=69/72
[train] step 161: T=1101 positions=16 loss=0.7438 ce=3.2066 tv=0.4701 conf=1.2367 grad_norm=3.2134 tensors_with_grad=69/72
[train] step 162: T=618 positions=16 loss=0.2943 ce=0.9268 tv=0.2241 conf=0.9225 grad_norm=3.6980 tensors_with_grad=69/72
[train] step 163: T=1573 positions=16 loss=0.7251 ce=3.6453 tv=0.4006 conf=0.6963 grad_norm=2.2570 tensors_with_grad=69/72
[train] step 164: T=675 positions=16 loss=0.3622 ce=1.4882 tv=0.2371 conf=0.7322 grad_norm=4.2186 tensors_with_grad=69/72
[train] step 165: T=677 positions=16 loss=0.3025 ce=1.0333 tv=0.2213 conf=0.4078 grad_norm=3.0750 tensors_with_grad=69/72
[train] step 166: T=678 positions=16 loss=0.7569 ce=2.8523 tv=0.5241 conf=0.7185 grad_norm=6.0317 tensors_with_grad=69/72
[train] step 167: T=618 positions=16 loss=0.1326 ce=0.1773 tv=0.1277 conf=0.4084 grad_norm=2.5081 tensors_with_grad=69/72
[train] step 168: T=540 positions=16 loss=0.2083 ce=0.6587 tv=0.1583 conf=0.1669 grad_norm=1.4434 tensors_with_grad=69/72
[train] step 169: T=537 positions=16 loss=0.2120 ce=0.7279 tv=0.1547 conf=0.4377 grad_norm=3.1677 tensors_with_grad=69/72
[train] step 170: T=637 positions=16 loss=0.1767 ce=0.5437 tv=0.1359 conf=0.3825 grad_norm=2.4275 tensors_with_grad=69/72
[train] step 171: T=675 positions=16 loss=0.3150 ce=1.0292 tv=0.2357 conf=0.7905 grad_norm=3.9971 tensors_with_grad=69/72
[train] step 172: T=670 positions=16 loss=0.4309 ce=1.7577 tv=0.2834 conf=1.0723 grad_norm=3.8594 tensors_with_grad=69/72
[train] step 173: T=529 positions=16 loss=0.4421 ce=1.4556 tv=0.3294 conf=0.8282 grad_norm=3.8535 tensors_with_grad=69/72
[train] step 174: T=615 positions=16 loss=0.2776 ce=1.0012 tv=0.1972 conf=0.6799 grad_norm=2.8252 tensors_with_grad=69/72
[train] step 175: T=529 positions=16 loss=0.7480 ce=2.7529 tv=0.5252 conf=1.4716 grad_norm=6.5107 tensors_with_grad=69/72
[train] step 176: T=889 positions=16 loss=0.4294 ce=1.7088 tv=0.2872 conf=0.8677 grad_norm=3.4087 tensors_with_grad=69/72
[train] step 177: T=676 positions=16 loss=0.4313 ce=1.3953 tv=0.3242 conf=1.5249 grad_norm=3.2847 tensors_with_grad=69/72
[train] step 178: T=545 positions=16 loss=0.1727 ce=0.7223 tv=0.1116 conf=0.4096 grad_norm=1.5053 tensors_with_grad=69/72
[train] step 179: T=669 positions=16 loss=0.4846 ce=1.7510 tv=0.3438 conf=0.9636 grad_norm=2.6089 tensors_with_grad=69/72
[train] step 180: T=672 positions=16 loss=0.3145 ce=1.0523 tv=0.2325 conf=1.1586 grad_norm=3.9190 tensors_with_grad=69/72
[train] step 181: T=546 positions=16 loss=0.3799 ce=0.9633 tv=0.3151 conf=0.4283 grad_norm=1.1846 tensors_with_grad=69/72
[train] step 182: T=532 positions=16 loss=0.3869 ce=1.5444 tv=0.2583 conf=0.5623 grad_norm=3.4134 tensors_with_grad=69/72
[train] step 183: T=1190 positions=16 loss=0.6818 ce=3.1603 tv=0.4064 conf=1.9984 grad_norm=2.2810 tensors_with_grad=69/72
[train] step 184: T=611 positions=16 loss=0.3686 ce=1.0734 tv=0.2903 conf=1.1184 grad_norm=4.3704 tensors_with_grad=69/72
[train] step 185: T=526 positions=16 loss=0.1760 ce=0.5536 tv=0.1340 conf=0.7481 grad_norm=4.4096 tensors_with_grad=69/72
[train] step 186: T=673 positions=16 loss=0.8678 ce=3.4562 tv=0.5802 conf=1.9251 grad_norm=2.9659 tensors_with_grad=69/72
[train] step 187: T=539 positions=16 loss=0.1653 ce=0.4972 tv=0.1284 conf=0.4769 grad_norm=2.3005 tensors_with_grad=69/72
[train] step 188: T=526 positions=16 loss=0.4482 ce=2.1449 tv=0.2597 conf=2.1609 grad_norm=4.7831 tensors_with_grad=69/72
[train] step 189: T=675 positions=16 loss=0.3448 ce=1.1112 tv=0.2597 conf=1.9821 grad_norm=2.6667 tensors_with_grad=69/72
[train] step 190: T=552 positions=16 loss=0.3791 ce=2.3721 tv=0.1576 conf=0.3701 grad_norm=1.2889 tensors_with_grad=69/72
[train] step 191: T=616 positions=16 loss=0.5700 ce=2.0628 tv=0.4042 conf=1.6215 grad_norm=2.9856 tensors_with_grad=69/72
[train] step 192: T=528 positions=16 loss=0.6455 ce=2.3570 tv=0.4553 conf=1.4307 grad_norm=3.4143 tensors_with_grad=69/72
[train] step 193: T=525 positions=16 loss=0.8713 ce=3.5581 tv=0.5727 conf=2.0498 grad_norm=3.3109 tensors_with_grad=69/72
[train] step 194: T=675 positions=16 loss=0.5211 ce=1.9157 tv=0.3661 conf=1.5253 grad_norm=3.0989 tensors_with_grad=69/72
[train] step 195: T=611 positions=16 loss=0.4119 ce=1.7203 tv=0.2666 conf=0.9891 grad_norm=3.0000 tensors_with_grad=69/72
[train] step 196: T=594 positions=16 loss=0.7278 ce=3.0651 tv=0.4681 conf=1.8546 grad_norm=6.9302 tensors_with_grad=69/72
[train] step 197: T=654 positions=16 loss=0.5116 ce=1.9896 tv=0.3474 conf=0.9473 grad_norm=3.2563 tensors_with_grad=69/72
[train] step 198: T=539 positions=16 loss=0.1551 ce=0.5611 tv=0.1100 conf=0.4398 grad_norm=3.0966 tensors_with_grad=69/72
[train] step 199: T=529 positions=16 loss=0.4935 ce=2.3450 tv=0.2878 conf=2.1131 grad_norm=3.6902 tensors_with_grad=69/72
[train] step 200: T=631 positions=16 loss=0.5269 ce=2.7485 tv=0.2800 conf=1.0412 grad_norm=4.5492 tensors_with_grad=69/72
[train] step 201: T=533 positions=16 loss=0.2352 ce=0.7750 tv=0.1752 conf=0.7735 grad_norm=2.7212 tensors_with_grad=69/72
[train] step 202: T=537 positions=16 loss=0.2175 ce=0.8909 tv=0.1427 conf=0.4891 grad_norm=1.8726 tensors_with_grad=69/72
[train] step 203: T=525 positions=16 loss=0.8805 ce=3.4229 tv=0.5981 conf=2.8370 grad_norm=4.5911 tensors_with_grad=69/72
[train] step 204: T=851 positions=16 loss=0.5297 ce=1.9283 tv=0.3744 conf=1.8414 grad_norm=7.6950 tensors_with_grad=69/72
[train] step 205: T=551 positions=16 loss=0.3807 ce=1.2863 tv=0.2800 conf=1.2266 grad_norm=2.6998 tensors_with_grad=69/72
[train] step 206: T=897 positions=16 loss=0.6862 ce=3.3067 tv=0.3950 conf=1.9002 grad_norm=3.9372 tensors_with_grad=69/72
[train] step 207: T=603 positions=16 loss=0.1113 ce=0.2712 tv=0.0936 conf=0.8977 grad_norm=2.4790 tensors_with_grad=69/72
[train] step 208: T=578 positions=16 loss=0.7696 ce=3.3552 tv=0.4823 conf=1.3017 grad_norm=4.7186 tensors_with_grad=69/72
[train] step 209: T=532 positions=16 loss=0.2530 ce=0.9358 tv=0.1771 conf=1.4468 grad_norm=3.1152 tensors_with_grad=69/72
[train] step 210: T=675 positions=16 loss=0.2845 ce=0.9119 tv=0.2148 conf=1.5552 grad_norm=3.1539 tensors_with_grad=69/72
[train] step 211: T=536 positions=16 loss=0.2671 ce=1.1529 tv=0.1687 conf=0.3002 grad_norm=2.6884 tensors_with_grad=69/72
[train] step 212: T=526 positions=16 loss=0.5449 ce=1.9277 tv=0.3913 conf=1.5556 grad_norm=3.4174 tensors_with_grad=69/72
[train] step 213: T=530 positions=16 loss=0.3926 ce=1.2385 tv=0.2986 conf=2.9713 grad_norm=6.0294 tensors_with_grad=69/72
[train] step 214: T=527 positions=16 loss=0.7939 ce=3.4210 tv=0.5020 conf=1.9799 grad_norm=3.4995 tensors_with_grad=69/72
[train] step 215: T=535 positions=16 loss=0.1174 ce=0.3641 tv=0.0900 conf=0.2078 grad_norm=2.3096 tensors_with_grad=69/72
[train] step 216: T=531 positions=16 loss=0.5794 ce=2.0660 tv=0.4143 conf=1.8378 grad_norm=3.7623 tensors_with_grad=69/72
[train] step 217: T=536 positions=16 loss=0.1657 ce=0.5195 tv=0.1264 conf=0.1273 grad_norm=4.3900 tensors_with_grad=69/72
[train] step 218: T=585 positions=16 loss=0.3313 ce=1.0035 tv=0.2566 conf=1.6634 grad_norm=6.5520 tensors_with_grad=69/72
[train] step 219: T=524 positions=16 loss=0.6563 ce=2.2294 tv=0.4815 conf=1.9191 grad_norm=2.2504 tensors_with_grad=69/72
[train] step 220: T=562 positions=16 loss=0.3044 ce=0.8557 tv=0.2432 conf=2.2880 grad_norm=3.8089 tensors_with_grad=69/72
[train] step 221: T=1482 positions=16 loss=0.7394 ce=3.4547 tv=0.4377 conf=3.6869 grad_norm=4.0929 tensors_with_grad=69/72
[train] step 222: T=669 positions=16 loss=0.4653 ce=1.3564 tv=0.3663 conf=1.2821 grad_norm=3.5187 tensors_with_grad=69/72
[train] step 223: T=591 positions=16 loss=0.1667 ce=0.4230 tv=0.1382 conf=1.6957 grad_norm=3.0178 tensors_with_grad=69/72
[train] step 224: T=524 positions=16 loss=0.5999 ce=2.1696 tv=0.4255 conf=2.8630 grad_norm=5.4171 tensors_with_grad=69/72
[train] step 225: T=532 positions=16 loss=0.3374 ce=1.0326 tv=0.2602 conf=1.3237 grad_norm=4.2137 tensors_with_grad=69/72
[train] step 226: T=672 positions=16 loss=0.5070 ce=1.7738 tv=0.3663 conf=1.8597 grad_norm=3.9349 tensors_with_grad=69/72
[train] step 227: T=534 positions=16 loss=0.4430 ce=1.3759 tv=0.3393 conf=2.6726 grad_norm=4.5707 tensors_with_grad=69/72
[train] step 228: T=1014 positions=16 loss=0.6378 ce=2.6458 tv=0.4146 conf=2.1578 grad_norm=2.8553 tensors_with_grad=69/72
[train] step 229: T=675 positions=16 loss=0.3995 ce=1.6583 tv=0.2596 conf=1.4528 grad_norm=4.2048 tensors_with_grad=69/72
[train] step 230: T=647 positions=16 loss=0.5618 ce=2.0332 tv=0.3983 conf=2.6595 grad_norm=6.6753 tensors_with_grad=69/72
[train] step 231: T=596 positions=16 loss=0.2374 ce=0.6653 tv=0.1899 conf=0.9503 grad_norm=4.2455 tensors_with_grad=69/72
[train] step 232: T=674 positions=16 loss=0.6382 ce=2.4476 tv=0.4371 conf=1.5502 grad_norm=2.9237 tensors_with_grad=69/72
[train] step 233: T=858 positions=16 loss=0.3757 ce=1.3461 tv=0.2678 conf=0.5060 grad_norm=3.0884 tensors_with_grad=69/72
[train] step 234: T=597 positions=16 loss=0.3110 ce=0.9125 tv=0.2442 conf=1.1903 grad_norm=3.0904 tensors_with_grad=69/72
[train] step 235: T=604 positions=16 loss=0.3523 ce=1.2697 tv=0.2504 conf=0.9876 grad_norm=3.8720 tensors_with_grad=69/72
[train] step 236: T=589 positions=16 loss=0.1446 ce=0.3040 tv=0.1269 conf=0.4774 grad_norm=2.2619 tensors_with_grad=69/72
[train] step 237: T=623 positions=16 loss=0.2529 ce=0.9374 tv=0.1769 conf=1.8531 grad_norm=3.9442 tensors_with_grad=69/72
[train] step 238: T=884 positions=16 loss=0.7180 ce=3.3784 tv=0.4223 conf=1.0790 grad_norm=5.1433 tensors_with_grad=69/72
[train] step 239: T=673 positions=16 loss=0.4688 ce=1.8216 tv=0.3185 conf=1.3812 grad_norm=3.3608 tensors_with_grad=69/72
[train] step 240: T=540 positions=16 loss=0.1045 ce=0.3401 tv=0.0783 conf=0.4677 grad_norm=3.0027 tensors_with_grad=69/72
[train] step 241: T=1324 positions=16 loss=0.7802 ce=3.8290 tv=0.4415 conf=0.7590 grad_norm=2.9202 tensors_with_grad=69/72
[train] step 242: T=677 positions=16 loss=0.5360 ce=1.9898 tv=0.3745 conf=1.4705 grad_norm=2.8515 tensors_with_grad=69/72
[train] step 243: T=615 positions=16 loss=0.5769 ce=2.0650 tv=0.4115 conf=1.4009 grad_norm=4.7137 tensors_with_grad=69/72
[train] step 244: T=1500 positions=16 loss=0.6356 ce=2.7835 tv=0.3970 conf=0.8043 grad_norm=4.7829 tensors_with_grad=69/72
[train] step 245: T=672 positions=16 loss=0.8143 ce=3.1840 tv=0.5510 conf=1.1935 grad_norm=2.4201 tensors_with_grad=69/72
[train] step 246: T=561 positions=16 loss=0.2136 ce=0.7688 tv=0.1519 conf=0.6329 grad_norm=5.0356 tensors_with_grad=69/72
[train] step 247: T=610 positions=16 loss=0.4389 ce=1.5162 tv=0.3192 conf=0.6412 grad_norm=2.0017 tensors_with_grad=69/72
[train] step 248: T=535 positions=16 loss=0.3226 ce=1.3675 tv=0.2064 conf=0.5090 grad_norm=3.2494 tensors_with_grad=69/72
[train] step 249: T=587 positions=16 loss=0.1610 ce=0.3768 tv=0.1370 conf=0.5471 grad_norm=1.9894 tensors_with_grad=69/72
[train] step 250: T=633 positions=16 loss=0.1250 ce=0.2038 tv=0.1162 conf=0.3519 grad_norm=1.9854 tensors_with_grad=69/72
[train] step 251: T=677 positions=16 loss=0.3886 ce=1.3765 tv=0.2789 conf=0.9965 grad_norm=5.5603 tensors_with_grad=69/72
[train] step 252: T=598 positions=16 loss=0.2267 ce=0.5247 tv=0.1936 conf=1.1361 grad_norm=2.9587 tensors_with_grad=69/72
[train] step 253: T=654 positions=16 loss=0.6389 ce=2.2814 tv=0.4563 conf=1.1284 grad_norm=4.4272 tensors_with_grad=69/72
[train] step 254: T=546 positions=16 loss=0.1948 ce=1.1073 tv=0.0935 conf=0.5304 grad_norm=1.4806 tensors_with_grad=69/72
[train] step 255: T=617 positions=16 loss=0.2762 ce=0.7425 tv=0.2244 conf=1.0530 grad_norm=6.0191 tensors_with_grad=69/72
[train] step 256: T=537 positions=16 loss=0.0929 ce=0.2085 tv=0.0800 conf=0.1899 grad_norm=0.4314 tensors_with_grad=69/72
[train] step 257: T=649 positions=16 loss=0.6027 ce=2.0419 tv=0.4428 conf=1.3952 grad_norm=3.4578 tensors_with_grad=69/72
[train] step 258: T=676 positions=16 loss=0.4672 ce=1.7661 tv=0.3229 conf=0.8301 grad_norm=4.9856 tensors_with_grad=69/72
[train] step 259: T=672 positions=16 loss=0.6696 ce=2.4122 tv=0.4759 conf=1.8153 grad_norm=2.7976 tensors_with_grad=69/72
[train] step 260: T=665 positions=16 loss=0.2458 ce=0.8326 tv=0.1805 conf=0.5433 grad_norm=2.3761 tensors_with_grad=69/72
[train] step 261: T=542 positions=16 loss=0.1947 ce=0.8522 tv=0.1217 conf=0.5606 grad_norm=2.2539 tensors_with_grad=69/72
[train] step 262: T=526 positions=16 loss=0.6165 ce=2.4443 tv=0.4134 conf=0.8558 grad_norm=4.9325 tensors_with_grad=69/72
[train] step 263: T=570 positions=16 loss=0.1865 ce=0.7683 tv=0.1218 conf=0.7063 grad_norm=1.9951 tensors_with_grad=69/72
[train] step 264: T=673 positions=16 loss=0.2269 ce=0.9251 tv=0.1494 conf=0.9547 grad_norm=2.7032 tensors_with_grad=69/72
[train] step 265: T=1148 positions=16 loss=0.6357 ce=2.8961 tv=0.3845 conf=1.0301 grad_norm=3.0200 tensors_with_grad=69/72
[train] step 266: T=675 positions=16 loss=0.4376 ce=1.5277 tv=0.3165 conf=0.6938 grad_norm=6.2871 tensors_with_grad=69/72
[train] step 267: T=609 positions=16 loss=0.2557 ce=0.7718 tv=0.1984 conf=1.5416 grad_norm=2.3193 tensors_with_grad=69/72
[train] step 268: T=528 positions=16 loss=0.5668 ce=2.2089 tv=0.3843 conf=0.8112 grad_norm=6.0747 tensors_with_grad=69/72
[train] step 269: T=547 positions=16 loss=0.2680 ce=0.7410 tv=0.2154 conf=0.7744 grad_norm=4.0236 tensors_with_grad=69/72
[train] step 270: T=529 positions=16 loss=0.2109 ce=0.8254 tv=0.1426 conf=0.5607 grad_norm=2.5466 tensors_with_grad=69/72
[train] step 271: T=550 positions=16 loss=0.4327 ce=1.4843 tv=0.3159 conf=0.4602 grad_norm=4.7963 tensors_with_grad=69/72
[train] step 272: T=639 positions=16 loss=0.4876 ce=1.7937 tv=0.3425 conf=1.2920 grad_norm=4.7509 tensors_with_grad=69/72
[train] step 273: T=615 positions=16 loss=0.3025 ce=1.1700 tv=0.2061 conf=1.1421 grad_norm=3.4409 tensors_with_grad=69/72
[train] step 274: T=536 positions=16 loss=0.0533 ce=0.1276 tv=0.0450 conf=0.2024 grad_norm=1.0078 tensors_with_grad=69/72
[train] step 275: T=534 positions=16 loss=0.2228 ce=0.8531 tv=0.1528 conf=0.4870 grad_norm=1.2320 tensors_with_grad=69/72
[train] step 276: T=538 positions=16 loss=0.7237 ce=2.5349 tv=0.5224 conf=1.3710 grad_norm=3.5034 tensors_with_grad=69/72
[train] step 277: T=525 positions=16 loss=0.4053 ce=1.4418 tv=0.2901 conf=0.9031 grad_norm=1.8827 tensors_with_grad=69/72
[train] step 278: T=671 positions=16 loss=0.8450 ce=3.3556 tv=0.5661 conf=1.6794 grad_norm=3.4369 tensors_with_grad=69/72
[train] step 279: T=536 positions=16 loss=0.2723 ce=1.0263 tv=0.1886 conf=0.5763 grad_norm=3.9639 tensors_with_grad=69/72
[train] step 280: T=532 positions=16 loss=0.2245 ce=0.5976 tv=0.1830 conf=1.1436 grad_norm=3.9921 tensors_with_grad=69/72
[train] step 281: T=553 positions=16 loss=0.3067 ce=1.2218 tv=0.2050 conf=0.7977 grad_norm=1.7155 tensors_with_grad=69/72
[train] step 282: T=673 positions=16 loss=0.7858 ce=3.2969 tv=0.5068 conf=0.9970 grad_norm=4.3532 tensors_with_grad=69/72
[train] step 283: T=1324 positions=16 loss=0.8737 ce=4.2676 tv=0.4966 conf=1.3304 grad_norm=3.5875 tensors_with_grad=69/72
[train] step 284: T=642 positions=16 loss=0.4104 ce=1.5048 tv=0.2888 conf=1.6910 grad_norm=3.0279 tensors_with_grad=69/72
[train] step 285: T=548 positions=16 loss=0.2642 ce=1.2531 tv=0.1543 conf=0.6660 grad_norm=1.8533 tensors_with_grad=69/72
[train] step 286: T=642 positions=16 loss=0.5959 ce=2.0007 tv=0.4398 conf=1.5765 grad_norm=5.3332 tensors_with_grad=69/72
[train] step 287: T=528 positions=16 loss=0.6296 ce=2.1020 tv=0.4660 conf=1.6164 grad_norm=2.7303 tensors_with_grad=69/72
[train] step 288: T=537 positions=16 loss=0.2071 ce=0.7832 tv=0.1430 conf=0.8769 grad_norm=2.0786 tensors_with_grad=69/72
[train] step 289: T=672 positions=16 loss=0.4338 ce=1.6165 tv=0.3024 conf=0.9262 grad_norm=2.7242 tensors_with_grad=69/72
[train] step 290: T=526 positions=16 loss=0.2426 ce=0.7480 tv=0.1864 conf=1.0292 grad_norm=3.6570 tensors_with_grad=69/72
[train] step 291: T=538 positions=16 loss=0.4814 ce=1.4894 tv=0.3694 conf=2.6586 grad_norm=2.6057 tensors_with_grad=69/72
[train] step 292: T=527 positions=16 loss=0.4130 ce=1.2986 tv=0.3145 conf=2.4238 grad_norm=5.6724 tensors_with_grad=69/72
[train] step 293: T=526 positions=16 loss=0.2671 ce=1.0907 tv=0.1756 conf=1.0399 grad_norm=2.4661 tensors_with_grad=69/72
[train] step 294: T=529 positions=16 loss=0.2021 ce=0.6311 tv=0.1545 conf=1.0178 grad_norm=1.5778 tensors_with_grad=69/72
[train] step 295: T=968 positions=16 loss=0.7072 ce=2.9742 tv=0.4553 conf=2.9036 grad_norm=2.7482 tensors_with_grad=69/72
[train] step 296: T=1360 positions=16 loss=0.9134 ce=4.5224 tv=0.5124 conf=2.5081 grad_norm=4.0929 tensors_with_grad=69/72
[train] step 297: T=672 positions=16 loss=0.7500 ce=2.8630 tv=0.5153 conf=2.3900 grad_norm=2.6681 tensors_with_grad=69/72
[train] step 298: T=582 positions=16 loss=0.5822 ce=2.5530 tv=0.3632 conf=1.8096 grad_norm=2.4444 tensors_with_grad=69/72
[train] step 299: T=613 positions=16 loss=0.4873 ce=1.4744 tv=0.3777 conf=2.2645 grad_norm=5.9031 tensors_with_grad=69/72
[train] step 300: T=646 positions=16 loss=0.6147 ce=2.0875 tv=0.4511 conf=2.4513 grad_norm=2.4575 tensors_with_grad=69/72
[train] step 301: T=672 positions=16 loss=0.7324 ce=2.7338 tv=0.5100 conf=2.8829 grad_norm=2.9157 tensors_with_grad=69/72
[train] step 302: T=535 positions=16 loss=0.6176 ce=2.7555 tv=0.3800 conf=1.6045 grad_norm=4.9166 tensors_with_grad=69/72
[train] step 303: T=537 positions=16 loss=0.3371 ce=1.2064 tv=0.2405 conf=1.0362 grad_norm=5.5609 tensors_with_grad=69/72
[train] step 304: T=1797 positions=16 loss=0.7377 ce=3.3342 tv=0.4492 conf=2.5822 grad_norm=4.4195 tensors_with_grad=69/72
[train] step 305: T=527 positions=16 loss=0.6242 ce=2.0223 tv=0.4688 conf=1.6282 grad_norm=2.7618 tensors_with_grad=69/72
[train] step 306: T=544 positions=16 loss=0.1335 ce=0.4638 tv=0.0968 conf=0.3766 grad_norm=2.0626 tensors_with_grad=69/72
[train] step 307: T=675 positions=16 loss=0.3080 ce=1.1798 tv=0.2111 conf=1.7329 grad_norm=3.5448 tensors_with_grad=69/72
[train] step 308: T=525 positions=16 loss=0.6190 ce=1.9264 tv=0.4737 conf=1.8636 grad_norm=2.5825 tensors_with_grad=69/72
[train] step 309: T=583 positions=16 loss=0.1227 ce=0.4063 tv=0.0912 conf=0.6104 grad_norm=1.8829 tensors_with_grad=69/72
[train] step 310: T=620 positions=16 loss=0.3752 ce=1.3727 tv=0.2643 conf=2.1063 grad_norm=6.1330 tensors_with_grad=69/72
[train] step 311: T=538 positions=16 loss=0.1554 ce=0.5212 tv=0.1147 conf=0.3798 grad_norm=1.9401 tensors_with_grad=69/72
[train] step 312: T=637 positions=16 loss=0.1181 ce=0.2057 tv=0.1083 conf=0.9495 grad_norm=1.1663 tensors_with_grad=69/72
[train] step 313: T=658 positions=16 loss=0.4963 ce=1.5953 tv=0.3741 conf=2.2649 grad_norm=3.7453 tensors_with_grad=69/72
[train] step 314: T=609 positions=16 loss=0.2907 ce=1.0507 tv=0.2063 conf=1.2771 grad_norm=2.8162 tensors_with_grad=69/72
[train] step 315: T=903 positions=16 loss=0.8104 ce=3.7824 tv=0.4802 conf=2.0305 grad_norm=2.7840 tensors_with_grad=69/72
[train] step 316: T=524 positions=16 loss=0.5965 ce=1.9940 tv=0.4412 conf=1.2088 grad_norm=8.9607 tensors_with_grad=69/72
[train] step 317: T=829 positions=16 loss=0.5114 ce=2.2847 tv=0.3143 conf=0.7844 grad_norm=2.0952 tensors_with_grad=69/72
[train] step 318: T=875 positions=16 loss=0.5286 ce=2.3049 tv=0.3312 conf=0.9443 grad_norm=3.1273 tensors_with_grad=69/72
[train] step 319: T=533 positions=16 loss=0.4998 ce=2.0578 tv=0.3267 conf=0.3585 grad_norm=2.7883 tensors_with_grad=69/72
[train] step 320: T=675 positions=16 loss=0.3861 ce=1.3613 tv=0.2777 conf=1.6298 grad_norm=2.2698 tensors_with_grad=69/72
[train] step 321: T=672 positions=16 loss=0.4543 ce=1.9550 tv=0.2875 conf=1.1448 grad_norm=2.1021 tensors_with_grad=69/72
[train] step 322: T=672 positions=16 loss=0.1658 ce=0.3301 tv=0.1475 conf=0.9323 grad_norm=4.0868 tensors_with_grad=69/72
[train] step 323: T=1087 positions=16 loss=0.4538 ce=1.5933 tv=0.3272 conf=1.1272 grad_norm=2.6205 tensors_with_grad=69/72
[train] step 324: T=672 positions=16 loss=0.5783 ce=2.6232 tv=0.3511 conf=1.0838 grad_norm=4.3339 tensors_with_grad=69/72
[train] step 325: T=854 positions=16 loss=0.8442 ce=4.0474 tv=0.4883 conf=1.9643 grad_norm=3.3697 tensors_with_grad=69/72
[train] step 326: T=609 positions=16 loss=0.2312 ce=0.6541 tv=0.1842 conf=1.1394 grad_norm=2.7355 tensors_with_grad=69/72
[train] step 327: T=545 positions=16 loss=0.3429 ce=1.2621 tv=0.2408 conf=1.1912 grad_norm=2.2466 tensors_with_grad=69/72
[train] step 328: T=634 positions=16 loss=0.4544 ce=1.2619 tv=0.3646 conf=1.2957 grad_norm=3.5249 tensors_with_grad=69/72
[train] step 329: T=649 positions=16 loss=0.4382 ce=1.5687 tv=0.3126 conf=1.0057 grad_norm=3.5280 tensors_with_grad=69/72
[train] step 330: T=675 positions=16 loss=0.4102 ce=1.5640 tv=0.2821 conf=1.7880 grad_norm=4.0688 tensors_with_grad=69/72
[train] step 331: T=560 positions=16 loss=0.1532 ce=0.5286 tv=0.1115 conf=0.6076 grad_norm=1.5096 tensors_with_grad=69/72
[train] step 332: T=535 positions=16 loss=0.1034 ce=0.2550 tv=0.0866 conf=0.2045 grad_norm=0.9896 tensors_with_grad=69/72
[train] step 333: T=532 positions=16 loss=0.2115 ce=0.7181 tv=0.1552 conf=0.3033 grad_norm=1.2818 tensors_with_grad=69/72
[train] step 334: T=903 positions=16 loss=0.4319 ce=1.5782 tv=0.3046 conf=0.7779 grad_norm=4.2444 tensors_with_grad=69/72
[train] step 335: T=621 positions=16 loss=0.3036 ce=0.9876 tv=0.2276 conf=1.3169 grad_norm=6.5766 tensors_with_grad=69/72
[train] step 336: T=903 positions=16 loss=0.5013 ce=2.4069 tv=0.2896 conf=1.3211 grad_norm=3.4928 tensors_with_grad=69/72
[train] step 337: T=539 positions=16 loss=0.1955 ce=0.7713 tv=0.1315 conf=0.5785 grad_norm=6.3543 tensors_with_grad=69/72
[train] step 338: T=553 positions=16 loss=0.2376 ce=0.9940 tv=0.1536 conf=0.4736 grad_norm=1.7471 tensors_with_grad=69/72
[train] step 339: T=546 positions=16 loss=0.7111 ce=2.4471 tv=0.5182 conf=3.0274 grad_norm=3.4711 tensors_with_grad=69/72
[train] step 340: T=597 positions=16 loss=0.2618 ce=0.9468 tv=0.1857 conf=1.3961 grad_norm=1.9270 tensors_with_grad=69/72
[train] step 341: T=942 positions=16 loss=0.6247 ce=2.8205 tv=0.3807 conf=1.6589 grad_norm=3.6909 tensors_with_grad=69/72
[train] step 342: T=672 positions=16 loss=0.6011 ce=2.3059 tv=0.4117 conf=0.9691 grad_norm=5.0326 tensors_with_grad=69/72
[train] step 343: T=527 positions=16 loss=0.4985 ce=1.6958 tv=0.3655 conf=1.9558 grad_norm=4.0334 tensors_with_grad=69/72
[train] step 344: T=589 positions=16 loss=0.1194 ce=0.2628 tv=0.1035 conf=0.4636 grad_norm=0.8993 tensors_with_grad=69/72
[train] step 345: T=541 positions=16 loss=0.4378 ce=1.3844 tv=0.3326 conf=2.1577 grad_norm=2.8575 tensors_with_grad=69/72
[train] step 346: T=581 positions=16 loss=0.1556 ce=0.3794 tv=0.1307 conf=0.9839 grad_norm=3.0081 tensors_with_grad=69/72
[train] step 347: T=678 positions=16 loss=0.3546 ce=1.1940 tv=0.2614 conf=1.3921 grad_norm=1.4895 tensors_with_grad=69/72
[train] step 348: T=673 positions=16 loss=0.8260 ce=3.1976 tv=0.5625 conf=1.6754 grad_norm=5.7114 tensors_with_grad=69/72
[train] step 349: T=628 positions=16 loss=0.2070 ce=0.6533 tv=0.1574 conf=1.0215 grad_norm=1.5619 tensors_with_grad=69/72
[train] step 350: T=661 positions=16 loss=0.5273 ce=1.9677 tv=0.3672 conf=1.9364 grad_norm=3.8771 tensors_with_grad=69/72
[train] step 351: T=544 positions=16 loss=0.2889 ce=0.8052 tv=0.2315 conf=0.9247 grad_norm=3.8668 tensors_with_grad=69/72
[train] step 352: T=538 positions=16 loss=0.1412 ce=0.4244 tv=0.1097 conf=0.3993 grad_norm=3.1472 tensors_with_grad=69/72
[train] step 353: T=539 positions=16 loss=0.0948 ce=0.2821 tv=0.0740 conf=0.5601 grad_norm=1.6192 tensors_with_grad=69/72
[train] step 354: T=1009 positions=16 loss=0.8289 ce=4.0986 tv=0.4657 conf=1.2014 grad_norm=2.1901 tensors_with_grad=69/72
[train] step 355: T=531 positions=16 loss=0.3802 ce=1.6757 tv=0.2362 conf=0.9988 grad_norm=7.3062 tensors_with_grad=69/72
[train] step 356: T=537 positions=16 loss=0.0486 ce=0.1081 tv=0.0420 conf=0.4791 grad_norm=1.9856 tensors_with_grad=69/72
[train] step 357: T=531 positions=16 loss=0.5163 ce=2.1240 tv=0.3377 conf=0.6070 grad_norm=2.5890 tensors_with_grad=69/72
[train] step 358: T=629 positions=16 loss=0.4512 ce=1.3584 tv=0.3504 conf=1.3885 grad_norm=4.4604 tensors_with_grad=69/72
[train] step 359: T=674 positions=16 loss=0.5656 ce=2.1263 tv=0.3922 conf=2.2216 grad_norm=4.1544 tensors_with_grad=69/72
[train] step 360: T=674 positions=16 loss=0.1741 ce=0.3577 tv=0.1537 conf=1.0250 grad_norm=3.7428 tensors_with_grad=69/72
[train] step 361: T=548 positions=16 loss=0.1605 ce=0.3645 tv=0.1378 conf=1.2046 grad_norm=7.1057 tensors_with_grad=69/72
[train] step 362: T=539 positions=16 loss=0.2600 ce=0.6958 tv=0.2116 conf=1.3322 grad_norm=2.6344 tensors_with_grad=69/72
[train] step 363: T=672 positions=16 loss=0.7270 ce=2.7511 tv=0.5022 conf=1.9214 grad_norm=2.3444 tensors_with_grad=69/72
[train] step 364: T=639 positions=16 loss=0.2910 ce=0.7758 tv=0.2371 conf=1.4167 grad_norm=19.2592 tensors_with_grad=69/72
[train] step 365: T=672 positions=16 loss=0.5850 ce=1.6147 tv=0.4706 conf=2.1182 grad_norm=6.3957 tensors_with_grad=69/72
[train] step 366: T=539 positions=16 loss=0.2085 ce=0.7502 tv=0.1483 conf=0.6531 grad_norm=2.8478 tensors_with_grad=69/72
[train] step 367: T=591 positions=16 loss=0.6892 ce=2.4708 tv=0.4913 conf=1.7207 grad_norm=2.4007 tensors_with_grad=69/72
[train] step 368: T=584 positions=16 loss=0.2055 ce=0.5697 tv=0.1650 conf=1.1421 grad_norm=4.0477 tensors_with_grad=69/72
[train] step 369: T=591 positions=16 loss=0.2489 ce=0.5649 tv=0.2138 conf=1.2847 grad_norm=4.4481 tensors_with_grad=69/72
[train] step 370: T=568 positions=16 loss=0.7065 ce=2.9296 tv=0.4595 conf=2.2455 grad_norm=6.5270 tensors_with_grad=69/72
[train] step 371: T=538 positions=16 loss=0.3922 ce=1.4692 tv=0.2725 conf=1.9296 grad_norm=2.5449 tensors_with_grad=69/72
[train] step 372: T=598 positions=16 loss=0.1934 ce=0.7680 tv=0.1295 conf=0.3959 grad_norm=1.1262 tensors_with_grad=69/72
[train] step 373: T=528 positions=16 loss=0.2346 ce=0.8706 tv=0.1639 conf=0.4160 grad_norm=1.1452 tensors_with_grad=69/72
[train] step 374: T=527 positions=16 loss=0.3008 ce=0.8524 tv=0.2395 conf=2.7170 grad_norm=4.7006 tensors_with_grad=69/72
[train] step 375: T=559 positions=16 loss=0.3998 ce=2.0007 tv=0.2219 conf=0.6497 grad_norm=4.5918 tensors_with_grad=69/72
[train] step 376: T=525 positions=16 loss=0.2665 ce=0.9798 tv=0.1873 conf=2.0228 grad_norm=4.2757 tensors_with_grad=69/72
[train] step 377: T=539 positions=16 loss=0.3364 ce=1.2891 tv=0.2305 conf=0.7403 grad_norm=2.4681 tensors_with_grad=69/72
[train] step 378: T=1627 positions=16 loss=0.6914 ce=2.7155 tv=0.4665 conf=2.5957 grad_norm=5.0798 tensors_with_grad=69/72
[train] step 379: T=565 positions=16 loss=0.3239 ce=1.1486 tv=0.2323 conf=1.4831 grad_norm=3.9664 tensors_with_grad=69/72
[train] step 380: T=613 positions=16 loss=0.2348 ce=0.6997 tv=0.1832 conf=1.4574 grad_norm=3.0801 tensors_with_grad=69/72
[train] step 381: T=573 positions=16 loss=0.0965 ce=0.1855 tv=0.0866 conf=1.7979 grad_norm=1.5384 tensors_with_grad=69/72
[train] step 382: T=676 positions=16 loss=0.3439 ce=1.1134 tv=0.2584 conf=2.6159 grad_norm=3.7505 tensors_with_grad=69/72
[train] step 383: T=870 positions=16 loss=0.4811 ce=2.2651 tv=0.2829 conf=3.0225 grad_norm=2.0687 tensors_with_grad=69/72
[train] step 384: T=640 positions=16 loss=0.6445 ce=2.4623 tv=0.4426 conf=1.9401 grad_norm=2.9219 tensors_with_grad=69/72
[train] step 385: T=659 positions=16 loss=0.5657 ce=1.7709 tv=0.4318 conf=2.8593 grad_norm=2.1287 tensors_with_grad=69/72
[train] step 386: T=615 positions=16 loss=0.3128 ce=1.0989 tv=0.2255 conf=1.5928 grad_norm=3.9118 tensors_with_grad=69/72
[train] step 387: T=526 positions=16 loss=0.6517 ce=2.3512 tv=0.4629 conf=1.5858 grad_norm=3.1535 tensors_with_grad=69/72
[train] step 388: T=1042 positions=16 loss=0.5335 ce=2.6047 tv=0.3033 conf=1.2894 grad_norm=1.6385 tensors_with_grad=69/72
[train] step 389: T=581 positions=16 loss=0.3387 ce=1.6985 tv=0.1876 conf=1.5219 grad_norm=3.5802 tensors_with_grad=69/72
[train] step 390: T=946 positions=16 loss=0.5992 ce=2.5384 tv=0.3837 conf=2.3131 grad_norm=3.3320 tensors_with_grad=69/72
[train] step 391: T=669 positions=16 loss=0.4860 ce=1.6082 tv=0.3614 conf=1.5187 grad_norm=5.4007 tensors_with_grad=69/72
[train] step 392: T=959 positions=16 loss=0.5693 ce=2.1623 tv=0.3923 conf=2.6517 grad_norm=3.7658 tensors_with_grad=69/72
[train] step 393: T=538 positions=16 loss=0.5333 ce=1.9006 tv=0.3813 conf=1.4496 grad_norm=3.2394 tensors_with_grad=69/72
[train] step 394: T=538 positions=16 loss=0.0778 ce=0.2243 tv=0.0615 conf=0.1758 grad_norm=4.2401 tensors_with_grad=69/72
[train] step 395: T=564 positions=16 loss=0.7591 ce=2.9534 tv=0.5153 conf=2.6718 grad_norm=6.0729 tensors_with_grad=69/72
[train] step 396: T=581 positions=16 loss=0.1477 ce=0.5686 tv=0.1009 conf=0.7607 grad_norm=1.5946 tensors_with_grad=69/72
[train] step 397: T=545 positions=16 loss=0.5637 ce=1.7498 tv=0.4319 conf=1.9838 grad_norm=4.2138 tensors_with_grad=69/72
[train] step 398: T=525 positions=16 loss=0.7200 ce=2.6758 tv=0.5026 conf=2.7232 grad_norm=2.0134 tensors_with_grad=69/72
[train] step 399: T=565 positions=16 loss=0.4834 ce=2.2730 tv=0.2845 conf=2.3922 grad_norm=4.2069 tensors_with_grad=69/72
[train] step 400: T=554 positions=16 loss=0.1948 ce=0.5799 tv=0.1521 conf=1.0099 grad_norm=1.9536 tensors_with_grad=69/72
[train] step 401: T=1014 positions=16 loss=0.5074 ce=2.2424 tv=0.3146 conf=2.4554 grad_norm=2.6223 tensors_with_grad=69/72
[train] step 402: T=541 positions=16 loss=0.1846 ce=0.7812 tv=0.1183 conf=0.3172 grad_norm=1.4604 tensors_with_grad=69/72
[train] step 403: T=538 positions=16 loss=0.1518 ce=0.3518 tv=0.1296 conf=1.0002 grad_norm=1.9006 tensors_with_grad=69/72
[train] step 404: T=585 positions=16 loss=0.4774 ce=1.8431 tv=0.3256 conf=2.1513 grad_norm=4.6112 tensors_with_grad=69/72
[train] step 405: T=535 positions=16 loss=0.3028 ce=1.0556 tv=0.2191 conf=0.6563 grad_norm=5.0126 tensors_with_grad=69/72
[train] step 406: T=534 positions=16 loss=0.2634 ce=0.9052 tv=0.1920 conf=1.1264 grad_norm=5.4083 tensors_with_grad=69/72
[train] step 407: T=674 positions=16 loss=0.6533 ce=2.3238 tv=0.4677 conf=2.4580 grad_norm=4.6003 tensors_with_grad=69/72
[train] step 408: T=1629 positions=16 loss=0.6742 ce=3.4940 tv=0.3609 conf=1.9105 grad_norm=2.1139 tensors_with_grad=69/72
[train] step 409: T=529 positions=16 loss=0.4750 ce=1.3735 tv=0.3752 conf=1.4020 grad_norm=1.9570 tensors_with_grad=69/72
[train] step 410: T=604 positions=16 loss=0.2259 ce=0.6143 tv=0.1828 conf=1.5739 grad_norm=5.4641 tensors_with_grad=69/72
[train] step 411: T=615 positions=16 loss=0.1821 ce=0.5468 tv=0.1416 conf=1.7950 grad_norm=2.0317 tensors_with_grad=69/72
[train] step 412: T=563 positions=16 loss=0.1582 ce=0.5665 tv=0.1128 conf=0.6392 grad_norm=1.4177 tensors_with_grad=69/72
[train] step 413: T=572 positions=16 loss=0.2636 ce=0.8348 tv=0.2001 conf=1.1674 grad_norm=2.1189 tensors_with_grad=69/72
[train] step 414: T=591 positions=16 loss=0.2448 ce=0.6850 tv=0.1958 conf=1.5511 grad_norm=4.8625 tensors_with_grad=69/72
[train] step 415: T=595 positions=16 loss=0.4102 ce=1.6023 tv=0.2777 conf=0.9438 grad_norm=6.1969 tensors_with_grad=69/72
[train] step 416: T=541 positions=16 loss=0.3614 ce=1.0679 tv=0.2829 conf=1.0107 grad_norm=3.1969 tensors_with_grad=69/72
[train] step 417: T=543 positions=16 loss=0.4740 ce=1.4539 tv=0.3651 conf=1.5291 grad_norm=3.0355 tensors_with_grad=69/72
[train] step 418: T=678 positions=16 loss=0.5221 ce=2.0129 tv=0.3564 conf=2.0615 grad_norm=5.0534 tensors_with_grad=69/72
[train] step 419: T=592 positions=16 loss=0.1011 ce=0.2397 tv=0.0857 conf=1.2596 grad_norm=0.7279 tensors_with_grad=69/72
[train] step 420: T=633 positions=16 loss=0.5382 ce=1.8421 tv=0.3934 conf=1.6240 grad_norm=3.9388 tensors_with_grad=69/72
[train] step 421: T=531 positions=16 loss=0.2472 ce=0.5744 tv=0.2109 conf=0.4935 grad_norm=1.3205 tensors_with_grad=69/72
[train] step 422: T=576 positions=16 loss=0.2921 ce=0.7811 tv=0.2378 conf=2.0244 grad_norm=2.4424 tensors_with_grad=69/72
[train] step 423: T=535 positions=16 loss=0.3232 ce=1.4657 tv=0.1963 conf=0.6222 grad_norm=3.7802 tensors_with_grad=69/72
[train] step 424: T=606 positions=16 loss=0.5434 ce=1.9908 tv=0.3826 conf=2.6601 grad_norm=1.8711 tensors_with_grad=69/72
[train] step 425: T=577 positions=16 loss=0.2297 ce=0.4799 tv=0.2019 conf=1.8636 grad_norm=3.5062 tensors_with_grad=69/72
[train] step 426: T=531 positions=16 loss=0.3451 ce=1.2420 tv=0.2455 conf=2.2470 grad_norm=7.1192 tensors_with_grad=69/72
[train] step 427: T=667 positions=16 loss=0.2487 ce=0.8500 tv=0.1818 conf=1.2978 grad_norm=3.5301 tensors_with_grad=69/72
[train] step 428: T=639 positions=16 loss=0.6371 ce=2.3601 tv=0.4457 conf=1.7288 grad_norm=2.0398 tensors_with_grad=69/72
[train] step 429: T=527 positions=16 loss=0.6122 ce=2.0870 tv=0.4483 conf=1.8545 grad_norm=2.6895 tensors_with_grad=69/72
[train] step 430: T=673 positions=16 loss=0.8453 ce=3.2129 tv=0.5823 conf=1.3671 grad_norm=3.0889 tensors_with_grad=69/72
[train] step 431: T=599 positions=16 loss=0.1215 ce=0.2461 tv=0.1076 conf=0.8665 grad_norm=1.5794 tensors_with_grad=69/72
[train] step 432: T=533 positions=16 loss=0.1509 ce=0.4738 tv=0.1150 conf=0.1664 grad_norm=2.0858 tensors_with_grad=69/72
[train] step 433: T=535 positions=16 loss=0.3101 ce=0.8054 tv=0.2551 conf=0.8304 grad_norm=2.0854 tensors_with_grad=69/72
[train] step 434: T=584 positions=16 loss=0.5818 ce=2.2565 tv=0.3957 conf=2.3511 grad_norm=7.8303 tensors_with_grad=69/72
[train] step 435: T=568 positions=16 loss=0.4996 ce=1.7936 tv=0.3559 conf=2.1079 grad_norm=3.0890 tensors_with_grad=69/72
[train] step 436: T=1111 positions=16 loss=0.4849 ce=1.7724 tv=0.3418 conf=1.9884 grad_norm=3.0906 tensors_with_grad=69/72
[train] step 437: T=673 positions=16 loss=0.5181 ce=1.8502 tv=0.3701 conf=1.7034 grad_norm=4.3615 tensors_with_grad=69/72
[train] step 438: T=614 positions=16 loss=0.4882 ce=1.8087 tv=0.3415 conf=1.7438 grad_norm=2.9473 tensors_with_grad=69/72
[train] step 439: T=526 positions=16 loss=0.3759 ce=1.0697 tv=0.2989 conf=2.3120 grad_norm=3.6547 tensors_with_grad=69/72
[train] step 440: T=532 positions=16 loss=0.1185 ce=0.5188 tv=0.0740 conf=0.7709 grad_norm=1.2784 tensors_with_grad=69/72
[train] step 441: T=624 positions=16 loss=0.3779 ce=1.1461 tv=0.2926 conf=1.5466 grad_norm=4.9356 tensors_with_grad=69/72
[train] step 442: T=530 positions=16 loss=0.5243 ce=1.9489 tv=0.3660 conf=1.3609 grad_norm=3.3363 tensors_with_grad=69/72
[train] step 443: T=546 positions=16 loss=0.3127 ce=1.0493 tv=0.2308 conf=1.1200 grad_norm=2.1878 tensors_with_grad=69/72
[train] step 444: T=672 positions=16 loss=0.5863 ce=2.4458 tv=0.3797 conf=3.4418 grad_norm=4.7721 tensors_with_grad=69/72
[train] step 445: T=528 positions=16 loss=0.5992 ce=2.0439 tv=0.4387 conf=1.0222 grad_norm=3.6148 tensors_with_grad=69/72
[train] step 446: T=536 positions=16 loss=0.0850 ce=0.2793 tv=0.0634 conf=0.0884 grad_norm=0.4441 tensors_with_grad=69/72
[train] step 447: T=1543 positions=16 loss=0.7914 ce=3.7588 tv=0.4617 conf=1.1021 grad_norm=2.8708 tensors_with_grad=69/72
[train] step 448: T=673 positions=16 loss=0.6471 ce=2.7123 tv=0.4176 conf=0.7573 grad_norm=2.5526 tensors_with_grad=69/72
[train] step 449: T=587 positions=16 loss=0.1426 ce=0.2735 tv=0.1281 conf=1.1024 grad_norm=2.8489 tensors_with_grad=69/72
[train] step 450: T=529 positions=16 loss=0.2642 ce=0.6336 tv=0.2232 conf=1.3057 grad_norm=5.9094 tensors_with_grad=69/72
[train] step 451: T=981 positions=16 loss=0.6211 ce=2.4437 tv=0.4186 conf=1.7649 grad_norm=2.3812 tensors_with_grad=69/72
[train] step 452: T=557 positions=16 loss=0.2992 ce=1.1212 tv=0.2078 conf=0.6385 grad_norm=3.4584 tensors_with_grad=69/72
[train] step 453: T=543 positions=16 loss=0.3394 ce=1.1340 tv=0.2511 conf=0.9728 grad_norm=5.9468 tensors_with_grad=69/72
[train] step 454: T=955 positions=16 loss=0.4736 ce=1.7759 tv=0.3289 conf=1.3518 grad_norm=1.9562 tensors_with_grad=69/72
[train] step 455: T=536 positions=16 loss=0.2508 ce=0.6662 tv=0.2046 conf=1.2250 grad_norm=2.2033 tensors_with_grad=69/72
[train] step 456: T=952 positions=16 loss=0.6261 ce=2.5913 tv=0.4078 conf=1.1135 grad_norm=2.3551 tensors_with_grad=69/72
[train] step 457: T=960 positions=16 loss=0.6864 ce=3.2743 tv=0.3989 conf=2.0637 grad_norm=3.4658 tensors_with_grad=69/72
[train] step 458: T=525 positions=16 loss=0.7051 ce=2.8626 tv=0.4654 conf=2.1280 grad_norm=3.2903 tensors_with_grad=69/72
[train] step 459: T=1031 positions=16 loss=0.7129 ce=3.0771 tv=0.4503 conf=1.4306 grad_norm=2.4587 tensors_with_grad=69/72
[train] step 460: T=674 positions=16 loss=0.4534 ce=1.3268 tv=0.3563 conf=1.7013 grad_norm=2.5987 tensors_with_grad=69/72
[train] step 461: T=1015 positions=16 loss=0.7247 ce=2.8761 tv=0.4857 conf=2.1933 grad_norm=2.6703 tensors_with_grad=69/72
[train] step 462: T=540 positions=16 loss=0.6239 ce=1.9040 tv=0.4817 conf=1.4903 grad_norm=2.3707 tensors_with_grad=69/72
[train] step 463: T=557 positions=16 loss=0.5088 ce=1.9692 tv=0.3465 conf=1.5216 grad_norm=2.1342 tensors_with_grad=69/72
[train] step 464: T=672 positions=16 loss=0.4450 ce=1.6881 tv=0.3069 conf=2.0816 grad_norm=2.6967 tensors_with_grad=69/72
[train] step 465: T=531 positions=16 loss=0.6018 ce=1.8814 tv=0.4596 conf=1.5204 grad_norm=3.3270 tensors_with_grad=69/72
[train] step 466: T=536 positions=16 loss=0.1756 ce=0.5302 tv=0.1362 conf=0.5225 grad_norm=3.1538 tensors_with_grad=69/72
[train] step 467: T=532 positions=16 loss=0.8603 ce=3.4942 tv=0.5676 conf=1.7377 grad_norm=4.6401 tensors_with_grad=69/72
[train] step 468: T=536 positions=16 loss=0.1988 ce=0.5618 tv=0.1585 conf=0.7067 grad_norm=3.3567 tensors_with_grad=69/72
[train] step 469: T=554 positions=16 loss=0.4037 ce=1.1961 tv=0.3156 conf=1.5135 grad_norm=1.7611 tensors_with_grad=69/72
[train] step 470: T=673 positions=16 loss=0.6416 ce=2.6456 tv=0.4189 conf=1.1488 grad_norm=6.4435 tensors_with_grad=69/72
[train] step 471: T=630 positions=16 loss=0.2920 ce=0.9596 tv=0.2178 conf=1.8705 grad_norm=2.4319 tensors_with_grad=69/72
[train] step 472: T=636 positions=16 loss=0.3985 ce=1.8066 tv=0.2420 conf=1.2730 grad_norm=5.2380 tensors_with_grad=69/72
[train] step 473: T=673 positions=16 loss=0.6861 ce=2.8575 tv=0.4449 conf=2.0474 grad_norm=3.0967 tensors_with_grad=69/72
[train] step 474: T=677 positions=16 loss=0.4171 ce=1.9344 tv=0.2485 conf=0.5721 grad_norm=2.8848 tensors_with_grad=69/72
[train] step 475: T=576 positions=16 loss=0.3089 ce=0.9317 tv=0.2397 conf=1.8865 grad_norm=2.8357 tensors_with_grad=69/72
[train] step 476: T=541 positions=16 loss=0.6298 ce=2.0083 tv=0.4766 conf=2.7930 grad_norm=3.9953 tensors_with_grad=69/72
[train] step 477: T=612 positions=16 loss=0.1230 ce=0.2351 tv=0.1105 conf=1.0145 grad_norm=2.5153 tensors_with_grad=69/72
[train] step 478: T=566 positions=16 loss=0.8331 ce=3.8581 tv=0.4969 conf=1.2217 grad_norm=4.0227 tensors_with_grad=69/72
[train] step 479: T=528 positions=16 loss=0.7434 ce=2.7065 tv=0.5253 conf=3.3811 grad_norm=3.0135 tensors_with_grad=69/72
[train] step 480: T=548 positions=16 loss=0.1976 ce=0.6196 tv=0.1507 conf=0.8952 grad_norm=2.1292 tensors_with_grad=69/72
[train] step 481: T=576 positions=16 loss=0.6783 ce=3.0997 tv=0.4093 conf=1.8000 grad_norm=4.7658 tensors_with_grad=69/72
[train] step 482: T=1222 positions=16 loss=0.5877 ce=2.6927 tv=0.3538 conf=2.6661 grad_norm=3.0121 tensors_with_grad=69/72
[train] step 483: T=869 positions=16 loss=0.6532 ce=2.9670 tv=0.3961 conf=1.5106 grad_norm=2.8779 tensors_with_grad=69/72
[train] step 484: T=526 positions=16 loss=0.4944 ce=1.5436 tv=0.3778 conf=2.9829 grad_norm=2.9420 tensors_with_grad=69/72
[train] step 485: T=850 positions=16 loss=0.5383 ce=2.3210 tv=0.3402 conf=0.8927 grad_norm=2.5509 tensors_with_grad=69/72
[train] step 486: T=907 positions=16 loss=0.4815 ce=1.9238 tv=0.3212 conf=1.6711 grad_norm=3.9625 tensors_with_grad=69/72
[train] step 487: T=1184 positions=16 loss=0.7883 ce=3.6143 tv=0.4743 conf=1.8079 grad_norm=3.8869 tensors_with_grad=69/72
[train] step 488: T=592 positions=16 loss=0.3773 ce=1.3157 tv=0.2730 conf=0.9062 grad_norm=6.0665 tensors_with_grad=69/72
[train] step 489: T=531 positions=16 loss=0.3641 ce=1.4605 tv=0.2423 conf=1.2319 grad_norm=2.8324 tensors_with_grad=69/72
[train] step 490: T=599 positions=16 loss=0.2485 ce=0.7965 tv=0.1876 conf=1.6924 grad_norm=3.3788 tensors_with_grad=69/72
[diag] draft-argmax == TARGET-argmax : 69.8%  | == ground-truth token: 69.1%
[diag] mean top-1 prob  target 0.836  draft 0.774   (TV near 1 with a PEAKED draft => misalignment; with a FLAT draft => genuine)
[train] saved 72 trained tensors -> /cap/s3recap/c1/trained/mtp_trained.safetensors
[train] saved AdamW state -> /cap/s3recap/c1/trained/opt_state.pt (needed for --resume to be equivalent to one continuous run)
[train] metrics -> /cap/s3recap/c1/train_metrics.json  (loss 0.4975 -> 0.2485, tail mean 0.4928)
[train] TRAIN OK
