[train] device=cuda torch=2.10.0
  loading model-00046-of-00048.safetensors ...
  loading model-00047-of-00048.safetensors ...
  loading model-00048-of-00048.safetensors ...
  dequantised 1512 tensors, 12.60 B params, 23.5 GiB bf16
[train] weights ready in 11.6s
[train] trainable 517.3 M in 72 tensors | frozen experts 12.08 B
[train] capture: 490 sample(s)
[Gloo] Rank 0 is connected to 0 peer ranks. Expected number of connected peer ranks is : 0
[train] ModelArgs: n_mtp=3 block=5 taps=[40, 41, 42] markov_rank=256
[train] built 3 DSparkBlock(s) on meta
[train] re-materialised freqs_cis on 3 attention module(s) (persistent=False buffers are NOT in state_dict and to_empty() zapped them)
[train] load_state_dict: 0 missing, 0 unexpected
[train] GATE1 model construction OK
[train] aux: embed.weight(129280, 4096), head.weight(129280, 4096)
[train] trainable tensors in graph: 72 / 517.3 M
[train] resumed 72/72 trained tensors from /cap/s3recap/c1/trained/mtp_trained.safetensors
[train] resumed AdamW state: 69/72 tensors carry moments (3 never received a gradient, expected), indices aligned
[train] lr schedule: linear warmup 73 step(s) -> cosine over 1472 session step(s), peak 5e-05; this chunk is steps 982..1471
/work/train/train_head.py:115: UserWarning: Converting a tensor with requires_grad=True to a scalar may lead to unexpected behavior.
Consider using tensor.detach() first. (Triggered internally at /opt/pytorch/torch/csrc/autograd/generated/python_variable_methods.cpp:836.)
  parts = {"ce": float((w * ce).sum()), "tv": float((w * tv).sum()), "conf": 0.0}
[train] step 0: T=527 positions=16 loss=0.4766 ce=1.5287 tv=0.3596 conf=1.9792 grad_norm=2.2902 tensors_with_grad=69/72
[train] step 1: T=616 positions=16 loss=0.4098 ce=1.5761 tv=0.2802 conf=1.8335 grad_norm=6.1771 tensors_with_grad=69/72
[train] step 2: T=533 positions=16 loss=0.4335 ce=1.6422 tv=0.2992 conf=1.3064 grad_norm=4.3628 tensors_with_grad=69/72
[train] step 3: T=626 positions=16 loss=0.2495 ce=0.7310 tv=0.1959 conf=1.7320 grad_norm=2.7174 tensors_with_grad=69/72
[train] step 4: T=638 positions=16 loss=0.3127 ce=1.2172 tv=0.2122 conf=1.1632 grad_norm=2.6739 tensors_with_grad=69/72
[train] step 5: T=535 positions=16 loss=0.2700 ce=1.1169 tv=0.1759 conf=0.7602 grad_norm=3.5818 tensors_with_grad=69/72
[train] step 6: T=1429 positions=16 loss=0.7424 ce=3.3285 tv=0.4551 conf=1.9669 grad_norm=2.6606 tensors_with_grad=69/72
[train] step 7: T=675 positions=16 loss=0.3458 ce=1.1126 tv=0.2606 conf=2.1298 grad_norm=2.7175 tensors_with_grad=69/72
[train] step 8: T=529 positions=16 loss=0.7292 ce=3.1344 tv=0.4619 conf=1.2194 grad_norm=2.7598 tensors_with_grad=69/72
[train] step 9: T=673 positions=16 loss=0.5512 ce=2.2483 tv=0.3626 conf=1.1221 grad_norm=3.2832 tensors_with_grad=69/72
[train] step 10: T=622 positions=16 loss=0.2208 ce=0.7187 tv=0.1655 conf=1.2941 grad_norm=1.8916 tensors_with_grad=69/72
[train] step 11: T=630 positions=16 loss=0.5595 ce=2.2404 tv=0.3727 conf=3.1100 grad_norm=4.4999 tensors_with_grad=69/72
[train] step 12: T=586 positions=16 loss=0.4647 ce=1.4992 tv=0.3497 conf=2.6892 grad_norm=3.5130 tensors_with_grad=69/72
[train] step 13: T=535 positions=16 loss=0.7097 ce=2.5921 tv=0.5005 conf=2.4877 grad_norm=2.2404 tensors_with_grad=69/72
[train] step 14: T=625 positions=16 loss=0.4302 ce=1.8260 tv=0.2751 conf=2.1144 grad_norm=3.2986 tensors_with_grad=69/72
[train] step 15: T=535 positions=16 loss=0.2857 ce=0.9784 tv=0.2087 conf=0.7942 grad_norm=2.8069 tensors_with_grad=69/72
[train] step 16: T=553 positions=16 loss=0.4353 ce=1.6207 tv=0.3036 conf=2.3333 grad_norm=2.7177 tensors_with_grad=69/72
[train] step 17: T=532 positions=16 loss=0.2095 ce=0.6605 tv=0.1594 conf=1.0845 grad_norm=2.1244 tensors_with_grad=69/72
[train] step 18: T=536 positions=16 loss=0.0750 ce=0.2633 tv=0.0541 conf=0.5482 grad_norm=1.4077 tensors_with_grad=69/72
[train] step 19: T=896 positions=16 loss=0.5399 ce=2.3031 tv=0.3440 conf=1.7753 grad_norm=3.3729 tensors_with_grad=69/72
[train] step 20: T=544 positions=16 loss=0.3319 ce=1.3465 tv=0.2192 conf=1.9125 grad_norm=7.4846 tensors_with_grad=69/72
[train] step 21: T=581 positions=16 loss=0.3641 ce=1.3912 tv=0.2500 conf=1.8761 grad_norm=3.2635 tensors_with_grad=69/72
[train] step 22: T=672 positions=16 loss=0.7084 ce=2.6858 tv=0.4887 conf=2.2823 grad_norm=3.1131 tensors_with_grad=69/72
[train] step 23: T=587 positions=16 loss=0.1563 ce=0.3404 tv=0.1359 conf=1.6882 grad_norm=3.4355 tensors_with_grad=69/72
[train] step 24: T=674 positions=16 loss=0.4676 ce=1.6269 tv=0.3388 conf=2.8087 grad_norm=3.0480 tensors_with_grad=69/72
[train] step 25: T=563 positions=16 loss=0.2253 ce=0.7041 tv=0.1721 conf=0.9222 grad_norm=2.3326 tensors_with_grad=69/72
[train] step 26: T=566 positions=16 loss=0.5410 ce=2.1039 tv=0.3674 conf=1.1397 grad_norm=3.4918 tensors_with_grad=69/72
[train] step 27: T=612 positions=16 loss=0.3695 ce=1.1632 tv=0.2813 conf=1.9484 grad_norm=3.6228 tensors_with_grad=69/72
[train] step 28: T=673 positions=16 loss=0.2307 ce=0.6278 tv=0.1866 conf=2.2393 grad_norm=1.3041 tensors_with_grad=69/72
[train] step 29: T=537 positions=16 loss=0.7190 ce=2.6750 tv=0.5017 conf=2.8262 grad_norm=5.3117 tensors_with_grad=69/72
[train] step 30: T=657 positions=16 loss=0.1784 ce=0.5121 tv=0.1413 conf=1.5071 grad_norm=4.2909 tensors_with_grad=69/72
[train] step 31: T=595 positions=16 loss=0.1862 ce=0.7542 tv=0.1231 conf=2.6372 grad_norm=3.6660 tensors_with_grad=69/72
[train] step 32: T=970 positions=16 loss=0.6509 ce=2.8606 tv=0.4054 conf=1.3606 grad_norm=3.5186 tensors_with_grad=69/72
[train] step 33: T=1741 positions=16 loss=0.9763 ce=4.6567 tv=0.5674 conf=3.3011 grad_norm=4.4151 tensors_with_grad=69/72
[train] step 34: T=574 positions=16 loss=0.6716 ce=2.6458 tv=0.4523 conf=1.4973 grad_norm=2.8147 tensors_with_grad=69/72
[train] step 35: T=581 positions=16 loss=0.4028 ce=1.3743 tv=0.2949 conf=1.0741 grad_norm=2.1068 tensors_with_grad=69/72
[train] step 36: T=563 positions=16 loss=0.3754 ce=1.6377 tv=0.2352 conf=1.5124 grad_norm=4.3111 tensors_with_grad=69/72
[train] step 37: T=534 positions=16 loss=0.1231 ce=0.2859 tv=0.1051 conf=0.5871 grad_norm=0.7726 tensors_with_grad=69/72
[train] step 38: T=645 positions=16 loss=0.7850 ce=3.0088 tv=0.5379 conf=2.7509 grad_norm=3.5143 tensors_with_grad=69/72
[train] step 39: T=672 positions=16 loss=0.5874 ce=2.3717 tv=0.3892 conf=2.4942 grad_norm=3.5068 tensors_with_grad=69/72
[train] step 40: T=578 positions=16 loss=0.3897 ce=1.4906 tv=0.2674 conf=1.2800 grad_norm=2.4046 tensors_with_grad=69/72
[train] step 41: T=527 positions=16 loss=0.4986 ce=1.9532 tv=0.3370 conf=1.7389 grad_norm=3.5165 tensors_with_grad=69/72
[train] step 42: T=645 positions=16 loss=0.3642 ce=1.3263 tv=0.2573 conf=1.6758 grad_norm=5.5613 tensors_with_grad=69/72
[train] step 43: T=1008 positions=16 loss=0.5090 ce=2.2522 tv=0.3153 conf=1.4530 grad_norm=1.8812 tensors_with_grad=69/72
[train] step 44: T=676 positions=16 loss=0.3696 ce=1.1816 tv=0.2793 conf=1.4630 grad_norm=3.6003 tensors_with_grad=69/72
[train] step 45: T=674 positions=16 loss=0.5648 ce=2.1732 tv=0.3861 conf=1.3393 grad_norm=1.7642 tensors_with_grad=69/72
[train] step 46: T=528 positions=16 loss=0.5960 ce=2.0126 tv=0.4386 conf=1.6187 grad_norm=3.2283 tensors_with_grad=69/72
[train] step 47: T=538 positions=16 loss=0.4610 ce=1.5224 tv=0.3431 conf=1.0101 grad_norm=4.0782 tensors_with_grad=69/72
[train] step 48: T=572 positions=16 loss=0.5858 ce=2.2836 tv=0.3972 conf=1.9239 grad_norm=3.6365 tensors_with_grad=69/72
[train] step 49: T=536 positions=16 loss=0.2856 ce=0.6759 tv=0.2422 conf=1.6028 grad_norm=3.9504 tensors_with_grad=69/72
[train] step 50: T=673 positions=16 loss=0.6894 ce=2.6609 tv=0.4703 conf=1.3058 grad_norm=2.2793 tensors_with_grad=69/72
[train] step 51: T=603 positions=16 loss=0.1951 ce=0.7260 tv=0.1361 conf=0.8853 grad_norm=1.3336 tensors_with_grad=69/72
[train] step 52: T=532 positions=16 loss=0.3505 ce=1.3118 tv=0.2436 conf=0.4169 grad_norm=6.0760 tensors_with_grad=69/72
[train] step 53: T=618 positions=16 loss=0.3318 ce=0.9844 tv=0.2593 conf=2.0905 grad_norm=7.0405 tensors_with_grad=69/72
[train] step 54: T=539 positions=16 loss=0.2391 ce=0.7911 tv=0.1777 conf=1.3466 grad_norm=4.7838 tensors_with_grad=69/72
[train] step 55: T=569 positions=16 loss=0.3920 ce=1.5321 tv=0.2653 conf=1.3736 grad_norm=2.0338 tensors_with_grad=69/72
[train] step 56: T=589 positions=16 loss=0.6298 ce=2.3170 tv=0.4423 conf=1.8268 grad_norm=3.3367 tensors_with_grad=69/72
[train] step 57: T=653 positions=16 loss=0.6516 ce=2.5043 tv=0.4457 conf=1.5832 grad_norm=4.8835 tensors_with_grad=69/72
[train] step 58: T=675 positions=16 loss=0.5391 ce=1.9599 tv=0.3812 conf=2.2810 grad_norm=4.3044 tensors_with_grad=69/72
[train] step 59: T=599 positions=16 loss=0.6806 ce=2.9752 tv=0.4256 conf=1.2855 grad_norm=4.6486 tensors_with_grad=69/72
[train] step 60: T=901 positions=16 loss=0.5358 ce=2.3157 tv=0.3381 conf=1.6058 grad_norm=2.7830 tensors_with_grad=69/72
[train] step 61: T=597 positions=16 loss=0.1216 ce=0.2704 tv=0.1051 conf=0.8334 grad_norm=1.0380 tensors_with_grad=69/72
[train] step 62: T=613 positions=16 loss=0.0982 ce=0.2364 tv=0.0829 conf=1.4220 grad_norm=3.6180 tensors_with_grad=69/72
[train] step 63: T=546 positions=16 loss=0.2715 ce=0.7019 tv=0.2236 conf=1.4172 grad_norm=2.7090 tensors_with_grad=69/72
[train] step 64: T=535 positions=16 loss=0.1080 ce=0.2291 tv=0.0945 conf=0.2383 grad_norm=3.7330 tensors_with_grad=69/72
[train] step 65: T=527 positions=16 loss=0.6231 ce=1.9986 tv=0.4703 conf=2.1272 grad_norm=2.4387 tensors_with_grad=69/72
[train] step 66: T=672 positions=16 loss=0.6949 ce=2.4394 tv=0.5010 conf=2.0193 grad_norm=3.7486 tensors_with_grad=69/72
[train] step 67: T=535 positions=16 loss=0.7269 ce=2.7253 tv=0.5049 conf=2.3639 grad_norm=4.0385 tensors_with_grad=69/72
[train] step 68: T=629 positions=16 loss=0.4626 ce=1.3246 tv=0.3669 conf=2.3079 grad_norm=2.9863 tensors_with_grad=69/72
[train] step 69: T=529 positions=16 loss=0.4333 ce=1.8903 tv=0.2715 conf=1.5102 grad_norm=4.1631 tensors_with_grad=69/72
[train] step 70: T=544 positions=16 loss=0.1374 ce=0.5325 tv=0.0935 conf=0.3283 grad_norm=1.3854 tensors_with_grad=69/72
[train] step 71: T=1433 positions=16 loss=0.8422 ce=4.0703 tv=0.4835 conf=2.5137 grad_norm=3.1536 tensors_with_grad=69/72
[train] step 72: T=528 positions=16 loss=0.4899 ce=2.1902 tv=0.3009 conf=1.8961 grad_norm=3.4854 tensors_with_grad=69/72
[train] step 73: T=674 positions=16 loss=0.5675 ce=2.2176 tv=0.3842 conf=1.4719 grad_norm=5.1219 tensors_with_grad=69/72
[train] step 74: T=527 positions=16 loss=0.3695 ce=1.2069 tv=0.2764 conf=1.8870 grad_norm=4.9809 tensors_with_grad=69/72
[train] step 75: T=642 positions=16 loss=0.5321 ce=1.9462 tv=0.3750 conf=2.5067 grad_norm=2.0879 tensors_with_grad=69/72
[train] step 76: T=598 positions=16 loss=0.2135 ce=0.7870 tv=0.1497 conf=1.1409 grad_norm=1.3324 tensors_with_grad=69/72
[train] step 77: T=933 positions=16 loss=0.5487 ce=2.1874 tv=0.3666 conf=2.0386 grad_norm=2.1883 tensors_with_grad=69/72
[train] step 78: T=653 positions=16 loss=0.7458 ce=2.8463 tv=0.5124 conf=2.4134 grad_norm=9.1269 tensors_with_grad=69/72
[train] step 79: T=655 positions=16 loss=0.4413 ce=1.6236 tv=0.3099 conf=1.4985 grad_norm=2.6433 tensors_with_grad=69/72
[train] step 80: T=585 positions=16 loss=0.1789 ce=0.5608 tv=0.1365 conf=0.8802 grad_norm=2.1274 tensors_with_grad=69/72
[train] step 81: T=641 positions=16 loss=0.6999 ce=2.6003 tv=0.4887 conf=2.3411 grad_norm=3.8827 tensors_with_grad=69/72
[train] step 82: T=532 positions=16 loss=0.4153 ce=1.5787 tv=0.2860 conf=0.8480 grad_norm=2.8492 tensors_with_grad=69/72
[train] step 83: T=526 positions=16 loss=0.6381 ce=2.2005 tv=0.4645 conf=1.9737 grad_norm=3.7668 tensors_with_grad=69/72
[train] step 84: T=590 positions=16 loss=0.2990 ce=0.9883 tv=0.2225 conf=1.5421 grad_norm=3.2009 tensors_with_grad=69/72
[train] step 85: T=527 positions=16 loss=0.4690 ce=1.5545 tv=0.3484 conf=1.9832 grad_norm=3.3005 tensors_with_grad=69/72
[train] step 86: T=838 positions=16 loss=0.5725 ce=2.1185 tv=0.4007 conf=2.0613 grad_norm=6.5868 tensors_with_grad=69/72
[train] step 87: T=528 positions=16 loss=0.2981 ce=1.0599 tv=0.2135 conf=0.3305 grad_norm=2.5984 tensors_with_grad=69/72
[train] step 88: T=594 positions=16 loss=0.2216 ce=0.5362 tv=0.1867 conf=1.2147 grad_norm=2.0701 tensors_with_grad=69/72
[train] step 89: T=634 positions=16 loss=0.2298 ce=0.6517 tv=0.1829 conf=1.7906 grad_norm=4.5425 tensors_with_grad=69/72
[train] step 90: T=558 positions=16 loss=0.5145 ce=1.8144 tv=0.3701 conf=1.5408 grad_norm=6.0611 tensors_with_grad=69/72
[train] step 91: T=649 positions=16 loss=0.3216 ce=1.0315 tv=0.2427 conf=1.7590 grad_norm=3.4873 tensors_with_grad=69/72
[train] step 92: T=1085 positions=16 loss=0.5685 ce=2.5444 tv=0.3490 conf=1.6677 grad_norm=3.0812 tensors_with_grad=69/72
[train] step 93: T=575 positions=16 loss=0.3262 ce=1.3386 tv=0.2137 conf=1.2097 grad_norm=2.5515 tensors_with_grad=69/72
[train] step 94: T=611 positions=16 loss=0.2407 ce=0.7434 tv=0.1848 conf=1.3123 grad_norm=1.2352 tensors_with_grad=69/72
[train] step 95: T=529 positions=16 loss=0.6891 ce=2.3502 tv=0.5045 conf=1.9992 grad_norm=2.1369 tensors_with_grad=69/72
[train] step 96: T=526 positions=16 loss=0.4389 ce=1.5256 tv=0.3181 conf=1.0947 grad_norm=3.8140 tensors_with_grad=69/72
[train] step 97: T=576 positions=16 loss=0.2851 ce=0.9669 tv=0.2093 conf=1.7919 grad_norm=3.5917 tensors_with_grad=69/72
[train] step 98: T=674 positions=16 loss=0.5882 ce=2.1410 tv=0.4157 conf=1.9922 grad_norm=3.2004 tensors_with_grad=69/72
[train] step 99: T=535 positions=16 loss=0.2762 ce=0.6947 tv=0.2297 conf=0.8561 grad_norm=1.3228 tensors_with_grad=69/72
[train] step 100: T=975 positions=16 loss=0.7007 ce=3.1834 tv=0.4248 conf=1.7155 grad_norm=2.1698 tensors_with_grad=69/72
[train] step 101: T=1794 positions=16 loss=0.7895 ce=3.4315 tv=0.4959 conf=1.8118 grad_norm=3.1800 tensors_with_grad=69/72
[train] step 102: T=532 positions=16 loss=0.5123 ce=1.5223 tv=0.4001 conf=1.2243 grad_norm=6.0817 tensors_with_grad=69/72
[train] step 103: T=552 positions=16 loss=0.4671 ce=2.1038 tv=0.2853 conf=1.1264 grad_norm=3.3171 tensors_with_grad=69/72
[train] step 104: T=541 positions=16 loss=0.5239 ce=1.9767 tv=0.3624 conf=2.3657 grad_norm=4.6430 tensors_with_grad=69/72
[train] step 105: T=678 positions=16 loss=0.3691 ce=1.3568 tv=0.2593 conf=1.1243 grad_norm=3.8375 tensors_with_grad=69/72
[train] step 106: T=527 positions=16 loss=0.7652 ce=3.1745 tv=0.4974 conf=1.9302 grad_norm=2.8719 tensors_with_grad=69/72
[train] step 107: T=648 positions=16 loss=0.6263 ce=2.4558 tv=0.4230 conf=2.1471 grad_norm=1.8893 tensors_with_grad=69/72
[train] step 108: T=543 positions=16 loss=0.1079 ce=0.2529 tv=0.0918 conf=0.6124 grad_norm=3.8921 tensors_with_grad=69/72
[train] step 109: T=920 positions=16 loss=0.7546 ce=3.3956 tv=0.4611 conf=1.3701 grad_norm=4.8271 tensors_with_grad=69/72
[train] step 110: T=672 positions=16 loss=0.4233 ce=1.5108 tv=0.3024 conf=1.4076 grad_norm=2.4252 tensors_with_grad=69/72
[train] step 111: T=882 positions=16 loss=0.5804 ce=2.3829 tv=0.3802 conf=1.0495 grad_norm=2.4513 tensors_with_grad=69/72
[train] step 112: T=528 positions=16 loss=0.1958 ce=0.6057 tv=0.1502 conf=1.2029 grad_norm=3.7640 tensors_with_grad=69/72
[train] step 113: T=674 positions=16 loss=0.5740 ce=2.3634 tv=0.3752 conf=2.0503 grad_norm=6.1184 tensors_with_grad=69/72
[train] step 114: T=533 positions=16 loss=0.1889 ce=0.5359 tv=0.1503 conf=1.0728 grad_norm=3.2231 tensors_with_grad=69/72
[train] step 115: T=623 positions=16 loss=0.4538 ce=1.5336 tv=0.3338 conf=2.4909 grad_norm=2.9305 tensors_with_grad=69/72
[train] step 116: T=1190 positions=16 loss=0.6036 ce=2.7927 tv=0.3604 conf=2.1753 grad_norm=2.8637 tensors_with_grad=69/72
[train] step 117: T=627 positions=16 loss=0.3908 ce=1.3399 tv=0.2853 conf=1.6062 grad_norm=3.0521 tensors_with_grad=69/72
[train] step 118: T=638 positions=16 loss=0.6170 ce=2.0654 tv=0.4561 conf=1.4392 grad_norm=2.9357 tensors_with_grad=69/72
[train] step 119: T=605 positions=16 loss=0.5604 ce=2.1638 tv=0.3822 conf=1.9293 grad_norm=3.0344 tensors_with_grad=69/72
[train] step 120: T=664 positions=16 loss=0.1528 ce=0.2793 tv=0.1387 conf=1.8605 grad_norm=2.5457 tensors_with_grad=69/72
[train] step 121: T=530 positions=16 loss=0.5005 ce=2.1755 tv=0.3144 conf=0.7462 grad_norm=3.0981 tensors_with_grad=69/72
[train] step 122: T=541 positions=16 loss=0.1561 ce=0.4952 tv=0.1184 conf=0.7079 grad_norm=1.9708 tensors_with_grad=69/72
[train] step 123: T=533 positions=16 loss=0.3872 ce=1.5874 tv=0.2539 conf=0.8447 grad_norm=2.2419 tensors_with_grad=69/72
[train] step 124: T=616 positions=16 loss=0.4865 ce=1.8995 tv=0.3295 conf=1.1026 grad_norm=2.7792 tensors_with_grad=69/72
[train] step 125: T=672 positions=16 loss=0.7872 ce=3.0340 tv=0.5376 conf=2.2712 grad_norm=4.5957 tensors_with_grad=69/72
[train] step 126: T=524 positions=16 loss=0.6107 ce=2.1290 tv=0.4420 conf=1.8538 grad_norm=4.0851 tensors_with_grad=69/72
[train] step 127: T=1177 positions=16 loss=0.6967 ce=3.0421 tv=0.4361 conf=1.6592 grad_norm=3.7011 tensors_with_grad=69/72
[train] step 128: T=543 positions=16 loss=0.3269 ce=1.0696 tv=0.2444 conf=1.5124 grad_norm=3.7092 tensors_with_grad=69/72
[train] step 129: T=537 positions=16 loss=0.3347 ce=1.0809 tv=0.2518 conf=2.4787 grad_norm=3.9438 tensors_with_grad=69/72
[train] step 130: T=533 positions=16 loss=0.2851 ce=1.3092 tv=0.1713 conf=0.7473 grad_norm=10.1589 tensors_with_grad=69/72
[train] step 131: T=532 positions=16 loss=0.5740 ce=2.1993 tv=0.3934 conf=2.5706 grad_norm=3.4837 tensors_with_grad=69/72
[train] step 132: T=572 positions=16 loss=0.1363 ce=0.4312 tv=0.1036 conf=1.3328 grad_norm=1.5428 tensors_with_grad=69/72
[train] step 133: T=531 positions=16 loss=0.7930 ce=3.1844 tv=0.5273 conf=1.3535 grad_norm=3.6182 tensors_with_grad=69/72
[train] step 134: T=553 positions=16 loss=0.2667 ce=1.0666 tv=0.1778 conf=0.4641 grad_norm=6.5934 tensors_with_grad=69/72
[train] step 135: T=540 positions=16 loss=0.3226 ce=1.0787 tv=0.2386 conf=0.5959 grad_norm=2.4740 tensors_with_grad=69/72
[train] step 136: T=532 positions=16 loss=0.3877 ce=1.7795 tv=0.2331 conf=1.3979 grad_norm=2.6827 tensors_with_grad=69/72
[train] step 137: T=552 positions=16 loss=0.3957 ce=1.6473 tv=0.2567 conf=0.8873 grad_norm=2.1362 tensors_with_grad=69/72
[train] step 138: T=565 positions=16 loss=0.2407 ce=0.8976 tv=0.1678 conf=1.5711 grad_norm=5.6435 tensors_with_grad=69/72
[train] step 139: T=534 positions=16 loss=0.2625 ce=0.9191 tv=0.1896 conf=1.3851 grad_norm=2.9021 tensors_with_grad=69/72
[train] step 140: T=1720 positions=16 loss=0.7841 ce=2.9579 tv=0.5426 conf=1.4644 grad_norm=3.7019 tensors_with_grad=69/72
[train] step 141: T=539 positions=16 loss=0.4378 ce=1.7891 tv=0.2877 conf=1.6446 grad_norm=4.7407 tensors_with_grad=69/72
[train] step 142: T=1793 positions=16 loss=1.0063 ce=5.2922 tv=0.5301 conf=2.1990 grad_norm=3.6269 tensors_with_grad=69/72
[train] step 143: T=581 positions=16 loss=0.2956 ce=1.0686 tv=0.2097 conf=1.6200 grad_norm=3.2944 tensors_with_grad=69/72
[train] step 144: T=1033 positions=16 loss=0.9730 ce=4.7516 tv=0.5532 conf=1.6059 grad_norm=3.8524 tensors_with_grad=69/72
[train] step 145: T=544 positions=16 loss=0.2659 ce=0.8761 tv=0.1981 conf=0.7792 grad_norm=1.5945 tensors_with_grad=69/72
[train] step 146: T=1570 positions=16 loss=0.7552 ce=3.3706 tv=0.4646 conf=2.0747 grad_norm=3.3029 tensors_with_grad=69/72
[train] step 147: T=1007 positions=16 loss=0.6912 ce=3.1711 tv=0.4157 conf=1.7351 grad_norm=2.5173 tensors_with_grad=69/72
[train] step 148: T=656 positions=16 loss=0.3542 ce=1.6643 tv=0.2086 conf=1.4795 grad_norm=3.1462 tensors_with_grad=69/72
[train] step 149: T=605 positions=16 loss=0.2787 ce=0.9501 tv=0.2041 conf=1.2815 grad_norm=1.6972 tensors_with_grad=69/72
[train] step 150: T=1792 positions=16 loss=0.9857 ce=5.0352 tv=0.5357 conf=1.5369 grad_norm=2.8604 tensors_with_grad=69/72
[train] step 151: T=535 positions=16 loss=0.1366 ce=0.5630 tv=0.0893 conf=3.0182 grad_norm=2.4568 tensors_with_grad=69/72
[train] step 152: T=550 positions=16 loss=0.4705 ce=1.7096 tv=0.3328 conf=1.9496 grad_norm=3.0475 tensors_with_grad=69/72
[train] step 153: T=608 positions=16 loss=0.4156 ce=1.4831 tv=0.2970 conf=2.3251 grad_norm=3.9383 tensors_with_grad=69/72
[train] step 154: T=901 positions=16 loss=0.4665 ce=1.8619 tv=0.3114 conf=1.7182 grad_norm=3.3502 tensors_with_grad=69/72
[train] step 155: T=527 positions=16 loss=0.6660 ce=2.5460 tv=0.4572 conf=2.7726 grad_norm=2.7537 tensors_with_grad=69/72
[train] step 156: T=1058 positions=16 loss=0.6387 ce=2.8659 tv=0.3912 conf=1.8912 grad_norm=5.3099 tensors_with_grad=69/72
[train] step 157: T=629 positions=16 loss=0.2071 ce=0.5535 tv=0.1686 conf=1.3113 grad_norm=1.5607 tensors_with_grad=69/72
[train] step 158: T=532 positions=16 loss=0.2712 ce=1.0396 tv=0.1858 conf=1.1074 grad_norm=6.8089 tensors_with_grad=69/72
[train] step 159: T=674 positions=16 loss=0.5451 ce=1.9657 tv=0.3872 conf=1.2304 grad_norm=2.6655 tensors_with_grad=69/72
[train] step 160: T=546 positions=16 loss=0.1430 ce=0.3196 tv=0.1234 conf=0.7417 grad_norm=2.1590 tensors_with_grad=69/72
[train] step 161: T=574 positions=16 loss=0.4064 ce=1.5234 tv=0.2823 conf=2.3300 grad_norm=3.4261 tensors_with_grad=69/72
[train] step 162: T=675 positions=16 loss=0.4446 ce=1.6895 tv=0.3063 conf=1.3757 grad_norm=5.6972 tensors_with_grad=69/72
[train] step 163: T=549 positions=16 loss=0.3531 ce=1.1442 tv=0.2652 conf=1.4044 grad_norm=2.4312 tensors_with_grad=69/72
[train] step 164: T=671 positions=16 loss=0.5988 ce=1.9866 tv=0.4446 conf=1.7406 grad_norm=2.6896 tensors_with_grad=69/72
[train] step 165: T=609 positions=16 loss=0.3507 ce=0.9109 tv=0.2884 conf=2.6451 grad_norm=3.3844 tensors_with_grad=69/72
[train] step 166: T=570 positions=16 loss=0.6996 ce=3.4114 tv=0.3983 conf=2.1422 grad_norm=4.3979 tensors_with_grad=69/72
[train] step 167: T=540 positions=16 loss=0.2897 ce=1.0300 tv=0.2074 conf=1.5163 grad_norm=3.0728 tensors_with_grad=69/72
[train] step 168: T=618 positions=16 loss=0.3612 ce=1.3103 tv=0.2557 conf=1.8935 grad_norm=1.9326 tensors_with_grad=69/72
[train] step 169: T=524 positions=16 loss=0.6939 ce=2.5834 tv=0.4839 conf=2.0803 grad_norm=3.6585 tensors_with_grad=69/72
[train] step 170: T=673 positions=16 loss=0.6635 ce=2.4592 tv=0.4640 conf=1.5951 grad_norm=3.0095 tensors_with_grad=69/72
[train] step 171: T=526 positions=16 loss=0.2275 ce=0.7066 tv=0.1743 conf=1.2328 grad_norm=3.8301 tensors_with_grad=69/72
[train] step 172: T=531 positions=16 loss=0.3780 ce=1.5430 tv=0.2486 conf=1.0964 grad_norm=2.9825 tensors_with_grad=69/72
[train] step 173: T=536 positions=16 loss=0.3084 ce=1.1344 tv=0.2166 conf=1.1520 grad_norm=3.0432 tensors_with_grad=69/72
[train] step 174: T=601 positions=16 loss=0.2337 ce=0.8114 tv=0.1695 conf=1.4506 grad_norm=4.3634 tensors_with_grad=69/72
[train] step 175: T=647 positions=16 loss=0.6301 ce=2.3054 tv=0.4440 conf=1.8487 grad_norm=2.6115 tensors_with_grad=69/72
[train] step 176: T=532 positions=16 loss=0.3262 ce=1.0430 tv=0.2465 conf=0.6163 grad_norm=2.0038 tensors_with_grad=69/72
[train] step 177: T=544 positions=16 loss=0.2830 ce=1.1506 tv=0.1866 conf=1.8467 grad_norm=8.1230 tensors_with_grad=69/72
[train] step 178: T=673 positions=16 loss=0.7008 ce=2.6078 tv=0.4890 conf=1.8502 grad_norm=2.1650 tensors_with_grad=69/72
[train] step 179: T=593 positions=16 loss=0.2126 ce=0.6306 tv=0.1661 conf=1.0675 grad_norm=2.6373 tensors_with_grad=69/72
[train] step 180: T=568 positions=16 loss=0.1165 ce=0.4032 tv=0.0846 conf=1.1673 grad_norm=1.6112 tensors_with_grad=69/72
[train] step 181: T=589 positions=16 loss=0.1301 ce=0.3056 tv=0.1106 conf=0.8325 grad_norm=3.4806 tensors_with_grad=69/72
[train] step 182: T=526 positions=16 loss=0.2851 ce=1.0067 tv=0.2050 conf=1.4107 grad_norm=2.9240 tensors_with_grad=69/72
[train] step 183: T=538 positions=16 loss=0.1320 ce=0.5082 tv=0.0902 conf=0.5750 grad_norm=0.8981 tensors_with_grad=69/72
[train] step 184: T=1365 positions=16 loss=0.8900 ce=4.4802 tv=0.4911 conf=2.0517 grad_norm=10.4583 tensors_with_grad=69/72
[train] step 185: T=533 positions=16 loss=0.2561 ce=0.7867 tv=0.1972 conf=0.8322 grad_norm=4.8816 tensors_with_grad=69/72
[train] step 186: T=526 positions=16 loss=0.6379 ce=2.0286 tv=0.4833 conf=2.9969 grad_norm=5.0687 tensors_with_grad=69/72
[train] step 187: T=625 positions=16 loss=0.1089 ce=0.1697 tv=0.1022 conf=1.5783 grad_norm=1.3857 tensors_with_grad=69/72
[train] step 188: T=544 positions=16 loss=0.6184 ce=2.3498 tv=0.4260 conf=1.3603 grad_norm=2.9892 tensors_with_grad=69/72
[train] step 189: T=531 positions=16 loss=0.6419 ce=2.4269 tv=0.4436 conf=2.0191 grad_norm=4.2607 tensors_with_grad=69/72
[train] step 190: T=1057 positions=16 loss=0.6473 ce=2.9271 tv=0.3940 conf=1.4589 grad_norm=3.4518 tensors_with_grad=69/72
[train] step 191: T=1004 positions=16 loss=0.6581 ce=2.7335 tv=0.4275 conf=1.4650 grad_norm=3.8200 tensors_with_grad=69/72
[train] step 192: T=673 positions=16 loss=0.6027 ce=2.1614 tv=0.4295 conf=2.1711 grad_norm=4.2935 tensors_with_grad=69/72
[train] step 193: T=541 positions=16 loss=0.1284 ce=0.4042 tv=0.0977 conf=0.7430 grad_norm=1.6784 tensors_with_grad=69/72
[train] step 194: T=531 positions=16 loss=0.1729 ce=0.5421 tv=0.1319 conf=0.8203 grad_norm=4.9866 tensors_with_grad=69/72
[train] step 195: T=561 positions=16 loss=0.1878 ce=0.5781 tv=0.1444 conf=0.7146 grad_norm=2.9326 tensors_with_grad=69/72
[train] step 196: T=535 positions=16 loss=0.2306 ce=0.6267 tv=0.1866 conf=1.0877 grad_norm=3.0979 tensors_with_grad=69/72
[train] step 197: T=571 positions=16 loss=0.3136 ce=0.9566 tv=0.2421 conf=1.7955 grad_norm=5.6644 tensors_with_grad=69/72
[train] step 198: T=672 positions=16 loss=0.7522 ce=2.6883 tv=0.5371 conf=2.2557 grad_norm=3.3616 tensors_with_grad=69/72
[train] step 199: T=540 positions=16 loss=0.1272 ce=0.4139 tv=0.0954 conf=0.6538 grad_norm=4.1641 tensors_with_grad=69/72
[train] step 200: T=532 positions=16 loss=0.0689 ce=0.1922 tv=0.0552 conf=0.3371 grad_norm=2.9613 tensors_with_grad=69/72
[train] step 201: T=676 positions=16 loss=0.6074 ce=2.2144 tv=0.4289 conf=1.6376 grad_norm=2.8527 tensors_with_grad=69/72
[train] step 202: T=838 positions=16 loss=0.4674 ce=1.7264 tv=0.3276 conf=2.3569 grad_norm=1.9844 tensors_with_grad=69/72
[train] step 203: T=583 positions=16 loss=0.4718 ce=1.7536 tv=0.3294 conf=1.3217 grad_norm=2.6874 tensors_with_grad=69/72
[train] step 204: T=527 positions=16 loss=0.2490 ce=0.7677 tv=0.1913 conf=2.0925 grad_norm=2.7069 tensors_with_grad=69/72
[train] step 205: T=675 positions=16 loss=0.5358 ce=2.2890 tv=0.3410 conf=1.5464 grad_norm=3.7592 tensors_with_grad=69/72
[train] step 206: T=542 positions=16 loss=0.3528 ce=1.2517 tv=0.2530 conf=2.1088 grad_norm=3.7418 tensors_with_grad=69/72
[train] step 207: T=1211 positions=16 loss=0.6580 ce=3.0679 tv=0.3902 conf=1.7247 grad_norm=3.0397 tensors_with_grad=69/72
[train] step 208: T=527 positions=16 loss=0.0967 ce=0.4270 tv=0.0600 conf=0.2789 grad_norm=0.7937 tensors_with_grad=69/72
[train] step 209: T=1106 positions=16 loss=0.8767 ce=4.2739 tv=0.4992 conf=1.4730 grad_norm=3.2543 tensors_with_grad=69/72
[train] step 210: T=533 positions=16 loss=0.1898 ce=0.5940 tv=0.1449 conf=0.4307 grad_norm=2.4197 tensors_with_grad=69/72
[train] step 211: T=1721 positions=16 loss=0.7708 ce=3.4227 tv=0.4762 conf=3.5714 grad_norm=2.6649 tensors_with_grad=69/72
[train] step 212: T=616 positions=16 loss=0.1519 ce=0.3659 tv=0.1281 conf=1.3429 grad_norm=3.1042 tensors_with_grad=69/72
[train] step 213: T=672 positions=16 loss=0.5500 ce=2.0783 tv=0.3802 conf=1.9298 grad_norm=4.6580 tensors_with_grad=69/72
[train] step 214: T=529 positions=16 loss=0.6015 ce=2.0493 tv=0.4406 conf=2.5072 grad_norm=2.7989 tensors_with_grad=69/72
[train] step 215: T=536 positions=16 loss=0.2012 ce=0.7921 tv=0.1355 conf=1.4275 grad_norm=5.3062 tensors_with_grad=69/72
[train] step 216: T=550 positions=16 loss=0.3898 ce=1.2742 tv=0.2916 conf=1.3144 grad_norm=5.0871 tensors_with_grad=69/72
[train] step 217: T=1223 positions=16 loss=0.8943 ce=4.2290 tv=0.5238 conf=2.8395 grad_norm=4.0445 tensors_with_grad=69/72
[train] step 218: T=528 positions=16 loss=0.4444 ce=1.7006 tv=0.3049 conf=2.0216 grad_norm=7.8262 tensors_with_grad=69/72
[train] step 219: T=535 positions=16 loss=0.2028 ce=0.4940 tv=0.1704 conf=0.8830 grad_norm=3.2926 tensors_with_grad=69/72
[train] step 220: T=580 positions=16 loss=0.3294 ce=0.8978 tv=0.2663 conf=1.5873 grad_norm=4.3700 tensors_with_grad=69/72
[train] step 221: T=533 positions=16 loss=0.0652 ce=0.2392 tv=0.0459 conf=0.0600 grad_norm=2.1502 tensors_with_grad=69/72
[train] step 222: T=531 positions=16 loss=0.2927 ce=0.9808 tv=0.2162 conf=1.2323 grad_norm=5.5245 tensors_with_grad=69/72
[train] step 223: T=577 positions=16 loss=0.4902 ce=1.7052 tv=0.3552 conf=2.0409 grad_norm=3.7284 tensors_with_grad=69/72
[train] step 224: T=583 positions=16 loss=0.5464 ce=2.3434 tv=0.3467 conf=2.2027 grad_norm=7.4307 tensors_with_grad=69/72
[train] step 225: T=673 positions=16 loss=0.7154 ce=2.9172 tv=0.4708 conf=1.4464 grad_norm=2.8367 tensors_with_grad=69/72
[train] step 226: T=672 positions=16 loss=0.3657 ce=1.2498 tv=0.2674 conf=2.3291 grad_norm=4.1632 tensors_with_grad=69/72
[train] step 227: T=1189 positions=16 loss=0.6749 ce=2.9133 tv=0.4261 conf=2.9667 grad_norm=2.5541 tensors_with_grad=69/72
[train] step 228: T=534 positions=16 loss=0.6894 ce=2.7433 tv=0.4612 conf=1.9977 grad_norm=3.8466 tensors_with_grad=69/72
[train] step 229: T=531 positions=16 loss=0.3017 ce=1.1560 tv=0.2068 conf=0.9184 grad_norm=4.5330 tensors_with_grad=69/72
[train] step 230: T=678 positions=16 loss=0.4592 ce=1.5203 tv=0.3413 conf=1.8020 grad_norm=2.9509 tensors_with_grad=69/72
[train] step 231: T=525 positions=16 loss=0.5547 ce=2.0008 tv=0.3941 conf=2.2192 grad_norm=1.8570 tensors_with_grad=69/72
[train] step 232: T=674 positions=16 loss=0.2391 ce=0.7123 tv=0.1866 conf=2.0233 grad_norm=3.3996 tensors_with_grad=69/72
[train] step 233: T=550 positions=16 loss=0.1809 ce=0.3524 tv=0.1619 conf=1.1366 grad_norm=3.0695 tensors_with_grad=69/72
[train] step 234: T=534 positions=16 loss=0.4565 ce=1.5470 tv=0.3354 conf=1.9458 grad_norm=2.7299 tensors_with_grad=69/72
[train] step 235: T=607 positions=16 loss=0.3494 ce=1.4815 tv=0.2236 conf=1.2893 grad_norm=4.2679 tensors_with_grad=69/72
[train] step 236: T=529 positions=16 loss=0.7755 ce=3.4629 tv=0.4769 conf=1.7297 grad_norm=5.5590 tensors_with_grad=69/72
[train] step 237: T=538 positions=16 loss=0.6524 ce=2.2082 tv=0.4796 conf=1.8593 grad_norm=2.3428 tensors_with_grad=69/72
[train] step 238: T=538 positions=16 loss=0.2598 ce=0.8409 tv=0.1952 conf=0.3995 grad_norm=3.7610 tensors_with_grad=69/72
[train] step 239: T=538 positions=16 loss=0.1900 ce=0.7888 tv=0.1235 conf=0.2651 grad_norm=1.9166 tensors_with_grad=69/72
[train] step 240: T=851 positions=16 loss=0.8737 ce=3.5973 tv=0.5711 conf=1.7613 grad_norm=4.3056 tensors_with_grad=69/72
[train] step 241: T=533 positions=16 loss=0.3971 ce=1.5193 tv=0.2724 conf=2.1113 grad_norm=4.0014 tensors_with_grad=69/72
[train] step 242: T=1623 positions=16 loss=0.8024 ce=3.8460 tv=0.4642 conf=1.2128 grad_norm=3.0839 tensors_with_grad=69/72
[train] step 243: T=547 positions=16 loss=0.3690 ce=1.2648 tv=0.2695 conf=1.3723 grad_norm=3.4470 tensors_with_grad=69/72
[train] step 244: T=876 positions=16 loss=0.7344 ce=3.7040 tv=0.4045 conf=1.2322 grad_norm=3.2498 tensors_with_grad=69/72
[train] step 245: T=528 positions=16 loss=0.4731 ce=2.2755 tv=0.2728 conf=0.5629 grad_norm=2.8099 tensors_with_grad=69/72
[train] step 246: T=652 positions=16 loss=0.6890 ce=2.6495 tv=0.4711 conf=2.2868 grad_norm=2.6354 tensors_with_grad=69/72
[train] step 247: T=611 positions=16 loss=0.2086 ce=0.5245 tv=0.1736 conf=1.3959 grad_norm=3.7703 tensors_with_grad=69/72
[train] step 248: T=588 positions=16 loss=0.1343 ce=0.5115 tv=0.0924 conf=1.0754 grad_norm=1.4676 tensors_with_grad=69/72
[train] step 249: T=554 positions=16 loss=0.3205 ce=1.1718 tv=0.2259 conf=1.7746 grad_norm=2.3741 tensors_with_grad=69/72
[train] step 250: T=592 positions=16 loss=0.4674 ce=1.8383 tv=0.3150 conf=1.4724 grad_norm=2.8858 tensors_with_grad=69/72
[train] step 251: T=540 positions=16 loss=0.2794 ce=1.3392 tv=0.1617 conf=0.7075 grad_norm=2.2383 tensors_with_grad=69/72
[train] step 252: T=537 positions=16 loss=0.3070 ce=0.8489 tv=0.2468 conf=1.0660 grad_norm=3.1675 tensors_with_grad=69/72
[train] step 253: T=673 positions=16 loss=0.3026 ce=0.9516 tv=0.2305 conf=1.2288 grad_norm=2.3139 tensors_with_grad=69/72
[train] step 254: T=575 positions=16 loss=0.1537 ce=0.4133 tv=0.1248 conf=0.9219 grad_norm=0.7713 tensors_with_grad=69/72
[train] step 255: T=545 positions=16 loss=0.6109 ce=2.4256 tv=0.4092 conf=1.8390 grad_norm=4.4869 tensors_with_grad=69/72
[train] step 256: T=540 positions=16 loss=0.2917 ce=0.9010 tv=0.2240 conf=1.2766 grad_norm=1.9998 tensors_with_grad=69/72
[train] step 257: T=525 positions=16 loss=0.4158 ce=1.4532 tv=0.3005 conf=0.8840 grad_norm=2.3950 tensors_with_grad=69/72
[train] step 258: T=1002 positions=16 loss=0.8462 ce=3.7205 tv=0.5268 conf=1.7581 grad_norm=3.2741 tensors_with_grad=69/72
[train] step 259: T=599 positions=16 loss=0.3095 ce=1.3154 tv=0.1978 conf=0.8052 grad_norm=3.4061 tensors_with_grad=69/72
[train] step 260: T=566 positions=16 loss=0.2253 ce=0.7233 tv=0.1700 conf=1.0197 grad_norm=2.6519 tensors_with_grad=69/72
[train] step 261: T=542 positions=16 loss=0.4504 ce=1.5332 tv=0.3301 conf=1.8766 grad_norm=3.2036 tensors_with_grad=69/72
[train] step 262: T=571 positions=16 loss=0.6891 ce=3.0516 tv=0.4266 conf=1.3540 grad_norm=2.6672 tensors_with_grad=69/72
[train] step 263: T=551 positions=16 loss=0.6840 ce=3.3443 tv=0.3884 conf=1.7029 grad_norm=2.8053 tensors_with_grad=69/72
[train] step 264: T=557 positions=16 loss=0.4562 ce=1.5752 tv=0.3319 conf=1.9114 grad_norm=4.1589 tensors_with_grad=69/72
[train] step 265: T=1795 positions=16 loss=0.8830 ce=4.0416 tv=0.5320 conf=2.9238 grad_norm=5.8214 tensors_with_grad=69/72
[train] step 266: T=654 positions=16 loss=0.4895 ce=1.7058 tv=0.3544 conf=1.3559 grad_norm=2.4626 tensors_with_grad=69/72
[train] step 267: T=1011 positions=16 loss=0.6457 ce=2.7243 tv=0.4148 conf=1.4534 grad_norm=1.8944 tensors_with_grad=69/72
[train] step 268: T=673 positions=16 loss=0.5152 ce=1.7526 tv=0.3777 conf=2.6554 grad_norm=3.7285 tensors_with_grad=69/72
[train] step 269: T=588 positions=16 loss=0.5393 ce=2.4278 tv=0.3294 conf=1.5310 grad_norm=3.7896 tensors_with_grad=69/72
[train] step 270: T=540 positions=16 loss=0.3921 ce=1.4140 tv=0.2786 conf=2.5723 grad_norm=5.3680 tensors_with_grad=69/72
[train] step 271: T=667 positions=16 loss=0.1962 ce=0.4853 tv=0.1640 conf=0.8320 grad_norm=1.9906 tensors_with_grad=69/72
[train] step 272: T=952 positions=16 loss=0.6101 ce=2.3098 tv=0.4212 conf=2.2511 grad_norm=4.5221 tensors_with_grad=69/72
[train] step 273: T=862 positions=16 loss=0.6051 ce=2.2716 tv=0.4199 conf=2.0602 grad_norm=3.5743 tensors_with_grad=69/72
[train] step 274: T=945 positions=16 loss=0.9000 ce=4.4190 tv=0.5090 conf=1.7479 grad_norm=4.5927 tensors_with_grad=69/72
[train] step 275: T=545 positions=16 loss=0.5468 ce=2.0034 tv=0.3849 conf=1.4927 grad_norm=2.4778 tensors_with_grad=69/72
[train] step 276: T=677 positions=16 loss=0.3833 ce=1.5883 tv=0.2494 conf=1.2425 grad_norm=3.5479 tensors_with_grad=69/72
[train] step 277: T=659 positions=16 loss=0.5633 ce=2.4536 tv=0.3533 conf=1.1062 grad_norm=4.3682 tensors_with_grad=69/72
[train] step 278: T=676 positions=16 loss=0.3429 ce=1.2489 tv=0.2422 conf=1.4698 grad_norm=4.2537 tensors_with_grad=69/72
[train] step 279: T=525 positions=16 loss=0.5699 ce=1.8164 tv=0.4314 conf=2.5119 grad_norm=3.4901 tensors_with_grad=69/72
[train] step 280: T=568 positions=16 loss=0.3775 ce=1.3721 tv=0.2669 conf=1.7629 grad_norm=5.3587 tensors_with_grad=69/72
[train] step 281: T=613 positions=16 loss=0.2277 ce=0.6476 tv=0.1810 conf=1.6519 grad_norm=3.9306 tensors_with_grad=69/72
[train] step 282: T=535 positions=16 loss=0.2941 ce=0.9069 tv=0.2261 conf=1.0280 grad_norm=2.2125 tensors_with_grad=69/72
[train] step 283: T=524 positions=16 loss=0.4013 ce=1.3277 tv=0.2984 conf=1.5713 grad_norm=3.2939 tensors_with_grad=69/72
[train] step 284: T=529 positions=16 loss=0.4410 ce=1.4497 tv=0.3290 conf=1.8554 grad_norm=2.7566 tensors_with_grad=69/72
[train] step 285: T=549 positions=16 loss=0.3203 ce=1.1009 tv=0.2335 conf=0.9188 grad_norm=1.6722 tensors_with_grad=69/72
[train] step 286: T=878 positions=16 loss=0.5995 ce=2.3729 tv=0.4025 conf=1.9996 grad_norm=3.9302 tensors_with_grad=69/72
[train] step 287: T=570 positions=16 loss=0.3657 ce=1.2609 tv=0.2662 conf=1.2632 grad_norm=5.1790 tensors_with_grad=69/72
[train] step 288: T=675 positions=16 loss=0.4173 ce=1.6032 tv=0.2855 conf=1.2334 grad_norm=6.6680 tensors_with_grad=69/72
[train] step 289: T=590 positions=16 loss=0.5032 ce=1.5644 tv=0.3853 conf=2.2746 grad_norm=2.4886 tensors_with_grad=69/72
[train] step 290: T=619 positions=16 loss=0.2247 ce=0.6419 tv=0.1783 conf=1.4479 grad_norm=1.0930 tensors_with_grad=69/72
[train] step 291: T=540 positions=16 loss=0.1943 ce=0.7110 tv=0.1369 conf=0.3562 grad_norm=1.6525 tensors_with_grad=69/72
[train] step 292: T=557 positions=16 loss=0.6216 ce=2.4634 tv=0.4169 conf=2.0347 grad_norm=4.3381 tensors_with_grad=69/72
[train] step 293: T=674 positions=16 loss=0.6660 ce=2.3660 tv=0.4771 conf=1.3036 grad_norm=2.3076 tensors_with_grad=69/72
[train] step 294: T=551 positions=16 loss=0.3304 ce=1.5539 tv=0.1945 conf=1.0879 grad_norm=4.4072 tensors_with_grad=69/72
[train] step 295: T=536 positions=16 loss=0.4546 ce=1.5142 tv=0.3369 conf=1.6995 grad_norm=3.5804 tensors_with_grad=69/72
[train] step 296: T=562 positions=16 loss=0.2707 ce=0.7751 tv=0.2146 conf=1.4543 grad_norm=2.6544 tensors_with_grad=69/72
[train] step 297: T=914 positions=16 loss=0.6633 ce=2.9555 tv=0.4086 conf=1.7558 grad_norm=4.1659 tensors_with_grad=69/72
[train] step 298: T=603 positions=16 loss=0.3663 ce=1.3602 tv=0.2558 conf=1.6134 grad_norm=2.4271 tensors_with_grad=69/72
[train] step 299: T=637 positions=16 loss=0.3933 ce=1.5141 tv=0.2688 conf=2.1215 grad_norm=2.7524 tensors_with_grad=69/72
[train] step 300: T=678 positions=16 loss=0.5611 ce=1.9987 tv=0.4014 conf=1.7775 grad_norm=2.6684 tensors_with_grad=69/72
[train] step 301: T=1167 positions=16 loss=0.7545 ce=3.2787 tv=0.4740 conf=2.3100 grad_norm=3.1255 tensors_with_grad=69/72
[train] step 302: T=590 positions=16 loss=0.1131 ce=0.2851 tv=0.0939 conf=0.5519 grad_norm=3.2844 tensors_with_grad=69/72
[train] step 303: T=539 positions=16 loss=0.2596 ce=0.9819 tv=0.1793 conf=1.0245 grad_norm=2.6276 tensors_with_grad=69/72
[train] step 304: T=1006 positions=16 loss=0.5698 ce=2.3113 tv=0.3763 conf=2.6049 grad_norm=3.5109 tensors_with_grad=69/72
[train] step 305: T=528 positions=16 loss=0.8582 ce=3.5347 tv=0.5608 conf=1.1985 grad_norm=4.1241 tensors_with_grad=69/72
[train] step 306: T=535 positions=16 loss=0.4394 ce=1.4113 tv=0.3315 conf=1.5454 grad_norm=2.1517 tensors_with_grad=69/72
[train] step 307: T=607 positions=16 loss=0.3020 ce=1.0103 tv=0.2233 conf=1.3173 grad_norm=3.1090 tensors_with_grad=69/72
[train] step 308: T=540 positions=16 loss=0.1112 ce=0.2773 tv=0.0928 conf=0.8884 grad_norm=1.7640 tensors_with_grad=69/72
[train] step 309: T=1532 positions=16 loss=0.6658 ce=3.0021 tv=0.4062 conf=1.2071 grad_norm=3.1362 tensors_with_grad=69/72
[train] step 310: T=532 positions=16 loss=0.3505 ce=1.5029 tv=0.2224 conf=0.9496 grad_norm=4.4750 tensors_with_grad=69/72
[train] step 311: T=1716 positions=16 loss=0.8209 ce=3.7586 tv=0.4945 conf=2.1153 grad_norm=2.1934 tensors_with_grad=69/72
[train] step 312: T=545 positions=16 loss=0.4133 ce=1.5341 tv=0.2888 conf=1.8808 grad_norm=3.3975 tensors_with_grad=69/72
[train] step 313: T=606 positions=16 loss=0.4260 ce=1.4923 tv=0.3075 conf=2.0492 grad_norm=8.2868 tensors_with_grad=69/72
[train] step 314: T=582 positions=16 loss=0.2449 ce=0.7074 tv=0.1935 conf=0.9128 grad_norm=2.9823 tensors_with_grad=69/72
[train] step 315: T=615 positions=16 loss=0.5257 ce=2.1284 tv=0.3476 conf=1.2927 grad_norm=4.1597 tensors_with_grad=69/72
[train] step 316: T=534 positions=16 loss=0.3833 ce=1.2436 tv=0.2877 conf=0.8971 grad_norm=4.5540 tensors_with_grad=69/72
[train] step 317: T=542 positions=16 loss=0.3235 ce=1.0920 tv=0.2381 conf=1.2225 grad_norm=3.9364 tensors_with_grad=69/72
[train] step 318: T=626 positions=16 loss=0.3038 ce=0.9384 tv=0.2333 conf=1.5066 grad_norm=2.9603 tensors_with_grad=69/72
[train] step 319: T=525 positions=16 loss=0.5080 ce=1.7959 tv=0.3649 conf=1.4144 grad_norm=3.8970 tensors_with_grad=69/72
[train] step 320: T=627 positions=16 loss=0.1694 ce=0.2323 tv=0.1625 conf=2.9259 grad_norm=3.0758 tensors_with_grad=69/72
[train] step 321: T=641 positions=16 loss=0.3982 ce=1.6122 tv=0.2633 conf=1.3432 grad_norm=2.4827 tensors_with_grad=69/72
[train] step 322: T=605 positions=16 loss=0.2602 ce=0.7426 tv=0.2066 conf=1.5845 grad_norm=3.3235 tensors_with_grad=69/72
[train] step 323: T=532 positions=16 loss=0.3123 ce=1.2682 tv=0.2061 conf=0.7436 grad_norm=2.1180 tensors_with_grad=69/72
[train] step 324: T=526 positions=16 loss=0.6635 ce=2.4294 tv=0.4673 conf=1.7556 grad_norm=2.0527 tensors_with_grad=69/72
[train] step 325: T=545 positions=16 loss=0.2069 ce=0.5937 tv=0.1639 conf=0.7192 grad_norm=2.5564 tensors_with_grad=69/72
[train] step 326: T=561 positions=16 loss=0.4816 ce=2.0995 tv=0.3019 conf=2.0992 grad_norm=2.8510 tensors_with_grad=69/72
[train] step 327: T=540 positions=16 loss=0.2789 ce=0.9183 tv=0.2079 conf=1.0437 grad_norm=7.5757 tensors_with_grad=69/72
[train] step 328: T=1025 positions=16 loss=0.8110 ce=3.4933 tv=0.5130 conf=2.7151 grad_norm=3.0799 tensors_with_grad=69/72
[train] step 329: T=1316 positions=16 loss=0.6454 ce=2.9163 tv=0.3930 conf=1.4530 grad_norm=1.8107 tensors_with_grad=69/72
[train] step 330: T=593 positions=16 loss=0.7229 ce=3.0929 tv=0.4595 conf=2.7637 grad_norm=2.8608 tensors_with_grad=69/72
[train] step 331: T=1364 positions=16 loss=0.8668 ce=4.0529 tv=0.5128 conf=1.1481 grad_norm=3.8790 tensors_with_grad=69/72
[train] step 332: T=563 positions=16 loss=0.5253 ce=2.2655 tv=0.3320 conf=1.1388 grad_norm=3.1491 tensors_with_grad=69/72
[train] step 333: T=621 positions=16 loss=0.5277 ce=2.0442 tv=0.3592 conf=1.6783 grad_norm=4.4419 tensors_with_grad=69/72
[train] step 334: T=1798 positions=16 loss=0.6672 ce=2.9383 tv=0.4149 conf=2.7438 grad_norm=3.1824 tensors_with_grad=69/72
[train] step 335: T=565 positions=16 loss=0.5827 ce=2.1537 tv=0.4081 conf=1.5692 grad_norm=4.4838 tensors_with_grad=69/72
[train] step 336: T=592 positions=16 loss=0.3019 ce=0.9008 tv=0.2354 conf=1.3983 grad_norm=4.2686 tensors_with_grad=69/72
[train] step 337: T=559 positions=16 loss=0.1537 ce=0.5462 tv=0.1101 conf=0.8597 grad_norm=2.0031 tensors_with_grad=69/72
[train] step 338: T=538 positions=16 loss=0.0791 ce=0.2180 tv=0.0637 conf=0.3656 grad_norm=3.9372 tensors_with_grad=69/72
[train] step 339: T=554 positions=16 loss=0.4835 ce=1.9455 tv=0.3211 conf=1.6168 grad_norm=3.2130 tensors_with_grad=69/72
[train] step 340: T=577 positions=16 loss=0.6956 ce=2.7290 tv=0.4697 conf=2.1665 grad_norm=3.1251 tensors_with_grad=69/72
[train] step 341: T=630 positions=16 loss=0.1815 ce=0.5851 tv=0.1366 conf=0.8421 grad_norm=3.6032 tensors_with_grad=69/72
[train] step 342: T=672 positions=16 loss=0.4919 ce=1.8258 tv=0.3437 conf=0.7210 grad_norm=4.2726 tensors_with_grad=69/72
[train] step 343: T=536 positions=16 loss=0.1505 ce=0.4686 tv=0.1152 conf=0.8527 grad_norm=2.2783 tensors_with_grad=69/72
[train] step 344: T=528 positions=16 loss=0.3034 ce=1.1480 tv=0.2095 conf=1.3000 grad_norm=2.1275 tensors_with_grad=69/72
[train] step 345: T=547 positions=16 loss=0.4421 ce=1.5097 tv=0.3234 conf=1.3697 grad_norm=2.7223 tensors_with_grad=69/72
[train] step 346: T=639 positions=16 loss=0.1862 ce=0.6348 tv=0.1363 conf=0.7471 grad_norm=2.5932 tensors_with_grad=69/72
[train] step 347: T=602 positions=16 loss=0.3664 ce=1.6803 tv=0.2204 conf=1.5979 grad_norm=5.8905 tensors_with_grad=69/72
[train] step 348: T=665 positions=16 loss=0.1834 ce=0.5448 tv=0.1432 conf=0.8744 grad_norm=2.0731 tensors_with_grad=69/72
[train] step 349: T=600 positions=16 loss=0.5611 ce=2.2506 tv=0.3733 conf=1.8066 grad_norm=2.8708 tensors_with_grad=69/72
[train] step 350: T=1649 positions=16 loss=0.9372 ce=4.5293 tv=0.5381 conf=1.6420 grad_norm=3.5230 tensors_with_grad=69/72
[train] step 351: T=1232 positions=16 loss=0.7700 ce=2.8919 tv=0.5342 conf=2.6867 grad_norm=2.1475 tensors_with_grad=69/72
[train] step 352: T=528 positions=16 loss=0.5685 ce=1.8074 tv=0.4308 conf=1.2099 grad_norm=2.8487 tensors_with_grad=69/72
[train] step 353: T=1067 positions=16 loss=0.7933 ce=3.3446 tv=0.5098 conf=2.6628 grad_norm=4.2183 tensors_with_grad=69/72
[train] step 354: T=524 positions=16 loss=0.7572 ce=3.2851 tv=0.4763 conf=1.9028 grad_norm=2.5218 tensors_with_grad=69/72
[train] step 355: T=634 positions=16 loss=0.3413 ce=0.8750 tv=0.2820 conf=2.1241 grad_norm=2.1325 tensors_with_grad=69/72
[train] step 356: T=593 positions=16 loss=0.2715 ce=1.0465 tv=0.1854 conf=1.5288 grad_norm=6.9499 tensors_with_grad=69/72
[train] step 357: T=524 positions=16 loss=0.4930 ce=1.6329 tv=0.3663 conf=1.7620 grad_norm=4.5002 tensors_with_grad=69/72
[train] step 358: T=574 positions=16 loss=0.3475 ce=1.1434 tv=0.2590 conf=1.6576 grad_norm=4.5657 tensors_with_grad=69/72
[train] step 359: T=602 positions=16 loss=0.3444 ce=1.0424 tv=0.2669 conf=1.6768 grad_norm=2.1867 tensors_with_grad=69/72
[train] step 360: T=573 positions=16 loss=0.2196 ce=0.8061 tv=0.1544 conf=0.6141 grad_norm=2.7514 tensors_with_grad=69/72
[train] step 361: T=677 positions=16 loss=0.4585 ce=1.6705 tv=0.3239 conf=1.6807 grad_norm=5.3327 tensors_with_grad=69/72
[train] step 362: T=568 positions=16 loss=0.7666 ce=2.9068 tv=0.5288 conf=2.0785 grad_norm=3.9024 tensors_with_grad=69/72
[train] step 363: T=961 positions=16 loss=0.6033 ce=2.3492 tv=0.4093 conf=3.2504 grad_norm=8.6312 tensors_with_grad=69/72
[train] step 364: T=569 positions=16 loss=0.6400 ce=2.3832 tv=0.4463 conf=1.6881 grad_norm=5.0943 tensors_with_grad=69/72
[train] step 365: T=533 positions=16 loss=0.4012 ce=1.3582 tv=0.2948 conf=2.7284 grad_norm=4.5674 tensors_with_grad=69/72
[train] step 366: T=539 positions=16 loss=0.4593 ce=1.3356 tv=0.3619 conf=1.5413 grad_norm=2.9560 tensors_with_grad=69/72
[train] step 367: T=562 positions=16 loss=0.3173 ce=1.1690 tv=0.2227 conf=0.9443 grad_norm=2.3667 tensors_with_grad=69/72
[train] step 368: T=531 positions=16 loss=0.2292 ce=0.8395 tv=0.1614 conf=0.2502 grad_norm=2.4832 tensors_with_grad=69/72
[train] step 369: T=539 positions=16 loss=0.5201 ce=2.1493 tv=0.3391 conf=1.1677 grad_norm=5.8798 tensors_with_grad=69/72
[train] step 370: T=618 positions=16 loss=0.4129 ce=1.4477 tv=0.2980 conf=1.7479 grad_norm=6.1563 tensors_with_grad=69/72
[train] step 371: T=535 positions=16 loss=0.0591 ce=0.1605 tv=0.0479 conf=0.5179 grad_norm=1.1216 tensors_with_grad=69/72
[train] step 372: T=675 positions=16 loss=0.6452 ce=2.3393 tv=0.4569 conf=2.4263 grad_norm=2.7002 tensors_with_grad=69/72
[train] step 373: T=606 positions=16 loss=0.1221 ce=0.4139 tv=0.0896 conf=0.5691 grad_norm=1.5998 tensors_with_grad=69/72
[train] step 374: T=529 positions=16 loss=0.5375 ce=1.9190 tv=0.3840 conf=1.5240 grad_norm=1.7289 tensors_with_grad=69/72
[train] step 375: T=529 positions=16 loss=0.8535 ce=3.2763 tv=0.5843 conf=2.3401 grad_norm=2.4864 tensors_with_grad=69/72
[train] step 376: T=530 positions=16 loss=0.5406 ce=1.8951 tv=0.3901 conf=1.3903 grad_norm=2.2799 tensors_with_grad=69/72
[train] step 377: T=1003 positions=16 loss=0.5042 ce=2.1854 tv=0.3174 conf=1.4313 grad_norm=2.0601 tensors_with_grad=69/72
[train] step 378: T=551 positions=16 loss=0.4613 ce=2.1458 tv=0.2741 conf=1.3297 grad_norm=3.6130 tensors_with_grad=69/72
[train] step 379: T=810 positions=16 loss=0.4042 ce=1.7292 tv=0.2570 conf=0.8679 grad_norm=1.5757 tensors_with_grad=69/72
[train] step 380: T=533 positions=16 loss=0.2662 ce=0.7934 tv=0.2077 conf=1.3158 grad_norm=3.1057 tensors_with_grad=69/72
[train] step 381: T=672 positions=16 loss=0.6460 ce=2.1169 tv=0.4825 conf=1.8021 grad_norm=2.6998 tensors_with_grad=69/72
[train] step 382: T=1041 positions=16 loss=0.7510 ce=3.8889 tv=0.4023 conf=1.8457 grad_norm=5.0362 tensors_with_grad=69/72
[train] step 383: T=599 positions=16 loss=0.3067 ce=0.9470 tv=0.2355 conf=1.3813 grad_norm=3.5331 tensors_with_grad=69/72
[train] step 384: T=678 positions=16 loss=0.2055 ce=0.5087 tv=0.1719 conf=1.3172 grad_norm=2.0723 tensors_with_grad=69/72
[train] step 385: T=672 positions=16 loss=0.5936 ce=2.2821 tv=0.4060 conf=1.5122 grad_norm=6.8907 tensors_with_grad=69/72
[train] step 386: T=570 positions=16 loss=0.7726 ce=3.0435 tv=0.5203 conf=1.6338 grad_norm=5.4225 tensors_with_grad=69/72
[train] step 387: T=1218 positions=16 loss=0.8929 ce=4.2193 tv=0.5233 conf=2.4881 grad_norm=3.3633 tensors_with_grad=69/72
[train] step 388: T=529 positions=16 loss=0.2913 ce=0.9048 tv=0.2231 conf=0.8101 grad_norm=2.2370 tensors_with_grad=69/72
[train] step 389: T=532 positions=16 loss=0.3132 ce=1.0461 tv=0.2318 conf=1.3136 grad_norm=4.0407 tensors_with_grad=69/72
[train] step 390: T=541 positions=16 loss=0.2049 ce=0.7319 tv=0.1464 conf=0.7848 grad_norm=2.4099 tensors_with_grad=69/72
[train] step 391: T=531 positions=16 loss=0.3271 ce=1.1956 tv=0.2306 conf=1.2731 grad_norm=3.2258 tensors_with_grad=69/72
[train] step 392: T=630 positions=16 loss=0.2815 ce=1.1688 tv=0.1829 conf=0.9130 grad_norm=2.4446 tensors_with_grad=69/72
[train] step 393: T=1225 positions=16 loss=0.7537 ce=3.2762 tv=0.4734 conf=2.6822 grad_norm=2.7075 tensors_with_grad=69/72
[train] step 394: T=622 positions=16 loss=0.5031 ce=1.7935 tv=0.3597 conf=1.3915 grad_norm=3.9356 tensors_with_grad=69/72
[train] step 395: T=950 positions=16 loss=0.5486 ce=2.1307 tv=0.3728 conf=2.2753 grad_norm=4.3408 tensors_with_grad=69/72
[train] step 396: T=537 positions=16 loss=0.1407 ce=0.5453 tv=0.0958 conf=0.2472 grad_norm=1.3325 tensors_with_grad=69/72
[train] step 397: T=616 positions=16 loss=0.1455 ce=0.4112 tv=0.1160 conf=0.6646 grad_norm=1.4685 tensors_with_grad=69/72
[train] step 398: T=532 positions=16 loss=0.1071 ce=0.2334 tv=0.0930 conf=1.2950 grad_norm=2.0119 tensors_with_grad=69/72
[train] step 399: T=587 positions=16 loss=0.1984 ce=0.4885 tv=0.1662 conf=0.9284 grad_norm=2.5402 tensors_with_grad=69/72
[train] step 400: T=611 positions=16 loss=0.4912 ce=2.0113 tv=0.3223 conf=1.8474 grad_norm=2.8096 tensors_with_grad=69/72
[train] step 401: T=534 positions=16 loss=0.2000 ce=0.5669 tv=0.1592 conf=0.3618 grad_norm=2.5921 tensors_with_grad=69/72
[train] step 402: T=532 positions=16 loss=0.0809 ce=0.1614 tv=0.0720 conf=0.0899 grad_norm=0.8090 tensors_with_grad=69/72
[train] step 403: T=525 positions=16 loss=0.2426 ce=1.0808 tv=0.1495 conf=0.9604 grad_norm=1.7409 tensors_with_grad=69/72
[train] step 404: T=628 positions=16 loss=0.4351 ce=1.6239 tv=0.3030 conf=1.7285 grad_norm=2.2493 tensors_with_grad=69/72
[train] step 405: T=940 positions=16 loss=0.6792 ce=3.1568 tv=0.4039 conf=2.5714 grad_norm=3.3635 tensors_with_grad=69/72
[train] step 406: T=672 positions=16 loss=0.3013 ce=0.9058 tv=0.2341 conf=1.0089 grad_norm=2.5563 tensors_with_grad=69/72
[train] step 407: T=642 positions=16 loss=0.6491 ce=2.4811 tv=0.4456 conf=2.5970 grad_norm=3.2563 tensors_with_grad=69/72
[train] step 408: T=673 positions=16 loss=0.5392 ce=1.6044 tv=0.4209 conf=2.6728 grad_norm=3.0405 tensors_with_grad=69/72
[train] step 409: T=532 positions=16 loss=0.3753 ce=1.4177 tv=0.2595 conf=1.4237 grad_norm=2.7872 tensors_with_grad=69/72
[train] step 410: T=528 positions=16 loss=0.6563 ce=2.3983 tv=0.4628 conf=2.4262 grad_norm=3.5467 tensors_with_grad=69/72
[train] step 411: T=585 positions=16 loss=0.5136 ce=1.8199 tv=0.3685 conf=1.6149 grad_norm=3.6585 tensors_with_grad=69/72
[train] step 412: T=544 positions=16 loss=0.1660 ce=0.4838 tv=0.1307 conf=1.0058 grad_norm=3.4495 tensors_with_grad=69/72
[train] step 413: T=544 positions=16 loss=0.1935 ce=0.5181 tv=0.1575 conf=0.7633 grad_norm=2.7554 tensors_with_grad=69/72
[train] step 414: T=674 positions=16 loss=0.5698 ce=2.0763 tv=0.4024 conf=1.7192 grad_norm=4.5372 tensors_with_grad=69/72
[train] step 415: T=558 positions=16 loss=0.1948 ce=0.5161 tv=0.1591 conf=1.2790 grad_norm=2.9103 tensors_with_grad=69/72
[train] step 416: T=596 positions=16 loss=0.3339 ce=0.9594 tv=0.2644 conf=1.9253 grad_norm=5.7082 tensors_with_grad=69/72
[train] step 417: T=644 positions=16 loss=0.5097 ce=1.5339 tv=0.3959 conf=2.2118 grad_norm=4.5258 tensors_with_grad=69/72
[train] step 418: T=676 positions=16 loss=0.3457 ce=1.1879 tv=0.2522 conf=1.4317 grad_norm=3.2972 tensors_with_grad=69/72
[train] step 419: T=643 positions=16 loss=0.4933 ce=1.5109 tv=0.3803 conf=1.6388 grad_norm=3.0194 tensors_with_grad=69/72
[train] step 420: T=526 positions=16 loss=0.1442 ce=0.5105 tv=0.1035 conf=0.2068 grad_norm=0.9906 tensors_with_grad=69/72
[train] step 421: T=540 positions=16 loss=0.1194 ce=0.2895 tv=0.1005 conf=0.6703 grad_norm=0.9000 tensors_with_grad=69/72
[train] step 422: T=665 positions=16 loss=0.6632 ce=2.6370 tv=0.4439 conf=2.4440 grad_norm=3.2454 tensors_with_grad=69/72
[train] step 423: T=530 positions=16 loss=0.4541 ce=1.7474 tv=0.3104 conf=2.4018 grad_norm=7.7527 tensors_with_grad=69/72
[train] step 424: T=526 positions=16 loss=0.4365 ce=1.9165 tv=0.2720 conf=0.5832 grad_norm=3.8839 tensors_with_grad=69/72
[train] step 425: T=539 positions=16 loss=0.1726 ce=0.5547 tv=0.1301 conf=0.6669 grad_norm=2.3551 tensors_with_grad=69/72
[train] step 426: T=548 positions=16 loss=0.5075 ce=2.1119 tv=0.3292 conf=1.7019 grad_norm=4.4119 tensors_with_grad=69/72
[train] step 427: T=545 positions=16 loss=0.3797 ce=1.8264 tv=0.2189 conf=0.6873 grad_norm=2.5946 tensors_with_grad=69/72
[train] step 428: T=889 positions=16 loss=0.7352 ce=3.2311 tv=0.4578 conf=0.9427 grad_norm=4.9962 tensors_with_grad=69/72
[train] step 429: T=673 positions=16 loss=0.4272 ce=1.7301 tv=0.2825 conf=0.7137 grad_norm=2.5881 tensors_with_grad=69/72
[train] step 430: T=597 positions=16 loss=0.1381 ce=0.3059 tv=0.1195 conf=0.9432 grad_norm=1.9179 tensors_with_grad=69/72
[train] step 431: T=601 positions=16 loss=0.3710 ce=1.4363 tv=0.2527 conf=1.3624 grad_norm=3.1788 tensors_with_grad=69/72
[train] step 432: T=525 positions=16 loss=0.6444 ce=2.2570 tv=0.4653 conf=2.4188 grad_norm=2.9720 tensors_with_grad=69/72
[train] step 433: T=541 positions=16 loss=0.1360 ce=0.2672 tv=0.1214 conf=0.4679 grad_norm=1.5392 tensors_with_grad=69/72
[train] step 434: T=561 positions=16 loss=0.2810 ce=0.8815 tv=0.2143 conf=1.7225 grad_norm=4.2910 tensors_with_grad=69/72
[train] step 435: T=556 positions=16 loss=0.2733 ce=1.1368 tv=0.1773 conf=0.8125 grad_norm=2.3782 tensors_with_grad=69/72
[train] step 436: T=541 positions=16 loss=0.1258 ce=0.3083 tv=0.1055 conf=0.9131 grad_norm=2.4782 tensors_with_grad=69/72
[train] step 437: T=582 positions=16 loss=0.5835 ce=2.2404 tv=0.3994 conf=0.6992 grad_norm=4.3006 tensors_with_grad=69/72
[train] step 438: T=543 positions=16 loss=0.4476 ce=1.9595 tv=0.2797 conf=0.9625 grad_norm=3.1780 tensors_with_grad=69/72
[train] step 439: T=636 positions=16 loss=0.3816 ce=1.0159 tv=0.3111 conf=1.3722 grad_norm=1.9137 tensors_with_grad=69/72
[train] step 440: T=530 positions=16 loss=0.5801 ce=1.9090 tv=0.4324 conf=2.4121 grad_norm=1.8756 tensors_with_grad=69/72
[train] step 441: T=581 positions=16 loss=0.4060 ce=1.2173 tv=0.3158 conf=0.9247 grad_norm=3.5133 tensors_with_grad=69/72
[train] step 442: T=569 positions=16 loss=0.3397 ce=1.2882 tv=0.2343 conf=1.0912 grad_norm=3.2045 tensors_with_grad=69/72
[train] step 443: T=573 positions=16 loss=0.4063 ce=1.6641 tv=0.2665 conf=1.5976 grad_norm=2.1775 tensors_with_grad=69/72
[train] step 444: T=543 positions=16 loss=0.6714 ce=2.8088 tv=0.4339 conf=1.5779 grad_norm=4.0800 tensors_with_grad=69/72
[train] step 445: T=546 positions=16 loss=0.1814 ce=0.6520 tv=0.1291 conf=0.8739 grad_norm=3.5955 tensors_with_grad=69/72
[train] step 446: T=672 positions=16 loss=0.6823 ce=2.3224 tv=0.5001 conf=3.0194 grad_norm=3.4054 tensors_with_grad=69/72
[train] step 447: T=604 positions=16 loss=0.5733 ce=2.4644 tv=0.3632 conf=1.3376 grad_norm=4.6222 tensors_with_grad=69/72
[train] step 448: T=622 positions=16 loss=0.4130 ce=1.5430 tv=0.2874 conf=1.2767 grad_norm=2.1438 tensors_with_grad=69/72
[train] step 449: T=542 positions=16 loss=0.4892 ce=2.2104 tv=0.2979 conf=0.9464 grad_norm=4.5737 tensors_with_grad=69/72
[train] step 450: T=539 positions=16 loss=0.2179 ce=0.5462 tv=0.1814 conf=2.0558 grad_norm=4.1405 tensors_with_grad=69/72
[train] step 451: T=636 positions=16 loss=0.2918 ce=0.9329 tv=0.2205 conf=1.5557 grad_norm=4.4148 tensors_with_grad=69/72
[train] step 452: T=587 positions=16 loss=0.1764 ce=0.8439 tv=0.1022 conf=0.9775 grad_norm=1.0635 tensors_with_grad=69/72
[train] step 453: T=633 positions=16 loss=0.4721 ce=1.6971 tv=0.3360 conf=1.8513 grad_norm=3.8610 tensors_with_grad=69/72
[train] step 454: T=536 positions=16 loss=0.1070 ce=0.3450 tv=0.0805 conf=0.5549 grad_norm=2.8117 tensors_with_grad=69/72
[train] step 455: T=529 positions=16 loss=0.2275 ce=0.8557 tv=0.1577 conf=1.6119 grad_norm=4.1024 tensors_with_grad=69/72
[train] step 456: T=580 positions=16 loss=0.1550 ce=0.4010 tv=0.1277 conf=0.9523 grad_norm=1.2285 tensors_with_grad=69/72
[train] step 457: T=1549 positions=16 loss=0.7229 ce=3.1912 tv=0.4487 conf=3.1179 grad_norm=2.6021 tensors_with_grad=69/72
[train] step 458: T=636 positions=16 loss=0.2652 ce=0.7105 tv=0.2157 conf=1.8191 grad_norm=4.8024 tensors_with_grad=69/72
[train] step 459: T=899 positions=16 loss=0.4252 ce=1.8398 tv=0.2681 conf=1.4149 grad_norm=1.5888 tensors_with_grad=69/72
[train] step 460: T=611 positions=16 loss=0.1225 ce=0.3612 tv=0.0959 conf=0.6419 grad_norm=1.1340 tensors_with_grad=69/72
[train] step 461: T=533 positions=16 loss=0.2417 ce=0.7757 tv=0.1823 conf=0.8748 grad_norm=2.5793 tensors_with_grad=69/72
[train] step 462: T=567 positions=16 loss=0.5653 ce=2.3027 tv=0.3722 conf=2.0824 grad_norm=3.0180 tensors_with_grad=69/72
[train] step 463: T=539 positions=16 loss=0.0892 ce=0.2544 tv=0.0708 conf=0.6573 grad_norm=0.6260 tensors_with_grad=69/72
[train] step 464: T=539 positions=16 loss=0.0757 ce=0.1562 tv=0.0667 conf=0.5083 grad_norm=1.6265 tensors_with_grad=69/72
[train] step 465: T=663 positions=16 loss=0.3449 ce=1.0418 tv=0.2675 conf=1.7239 grad_norm=3.8712 tensors_with_grad=69/72
[train] step 466: T=601 positions=16 loss=0.4406 ce=1.6829 tv=0.3025 conf=1.3373 grad_norm=1.6696 tensors_with_grad=69/72
[train] step 467: T=532 positions=16 loss=0.1815 ce=0.6200 tv=0.1328 conf=0.3786 grad_norm=2.2990 tensors_with_grad=69/72
[train] step 468: T=575 positions=16 loss=0.4964 ce=1.5776 tv=0.3762 conf=1.5591 grad_norm=2.2505 tensors_with_grad=69/72
[train] step 469: T=542 positions=16 loss=0.1963 ce=0.5165 tv=0.1607 conf=1.1697 grad_norm=3.7705 tensors_with_grad=69/72
[train] step 470: T=1125 positions=16 loss=0.4888 ce=2.0189 tv=0.3188 conf=2.7304 grad_norm=2.5619 tensors_with_grad=69/72
[train] step 471: T=586 positions=16 loss=0.4526 ce=1.6769 tv=0.3165 conf=1.2663 grad_norm=5.2722 tensors_with_grad=69/72
[train] step 472: T=576 positions=16 loss=0.2570 ce=0.7365 tv=0.2037 conf=1.5768 grad_norm=2.1191 tensors_with_grad=69/72
[train] step 473: T=534 positions=16 loss=0.2552 ce=0.7579 tv=0.1993 conf=2.1097 grad_norm=3.3963 tensors_with_grad=69/72
[train] step 474: T=535 positions=16 loss=0.3090 ce=1.3432 tv=0.1941 conf=0.3869 grad_norm=3.1128 tensors_with_grad=69/72
[train] step 475: T=663 positions=16 loss=0.5689 ce=1.6736 tv=0.4462 conf=2.7207 grad_norm=3.1925 tensors_with_grad=69/72
[train] step 476: T=593 positions=16 loss=0.5421 ce=2.5228 tv=0.3220 conf=1.2795 grad_norm=3.5583 tensors_with_grad=69/72
[train] step 477: T=672 positions=16 loss=0.7554 ce=2.9716 tv=0.5092 conf=1.8578 grad_norm=2.3799 tensors_with_grad=69/72
[train] step 478: T=572 positions=16 loss=0.6177 ce=2.5104 tv=0.4074 conf=1.3767 grad_norm=4.5496 tensors_with_grad=69/72
[train] step 479: T=672 positions=16 loss=0.5388 ce=1.8398 tv=0.3943 conf=2.3690 grad_norm=2.7887 tensors_with_grad=69/72
[train] step 480: T=557 positions=16 loss=0.2280 ce=0.7863 tv=0.1660 conf=1.0054 grad_norm=2.8678 tensors_with_grad=69/72
[train] step 481: T=676 positions=16 loss=0.5260 ce=2.0127 tv=0.3608 conf=1.9928 grad_norm=2.9643 tensors_with_grad=69/72
[train] step 482: T=676 positions=16 loss=0.6023 ce=2.2072 tv=0.4240 conf=2.1184 grad_norm=1.9556 tensors_with_grad=69/72
[train] step 483: T=526 positions=16 loss=0.6301 ce=2.0839 tv=0.4686 conf=1.9433 grad_norm=5.0635 tensors_with_grad=69/72
[train] step 484: T=585 positions=16 loss=0.3323 ce=1.1720 tv=0.2390 conf=1.0650 grad_norm=2.5441 tensors_with_grad=69/72
[train] step 485: T=542 positions=16 loss=0.3459 ce=0.9967 tv=0.2736 conf=1.0616 grad_norm=3.4669 tensors_with_grad=69/72
[train] step 486: T=572 positions=16 loss=0.3541 ce=1.3658 tv=0.2417 conf=0.9883 grad_norm=4.1155 tensors_with_grad=69/72
[train] step 487: T=567 positions=16 loss=0.5858 ce=2.2229 tv=0.4039 conf=2.0975 grad_norm=4.0895 tensors_with_grad=69/72
[train] step 488: T=591 positions=16 loss=0.3339 ce=1.3612 tv=0.2197 conf=1.0247 grad_norm=7.4331 tensors_with_grad=69/72
[train] step 489: T=536 positions=16 loss=0.0317 ce=0.0815 tv=0.0262 conf=0.2109 grad_norm=0.4664 tensors_with_grad=69/72
[diag] draft-argmax == TARGET-argmax : 69.8%  | == ground-truth token: 68.9%
[diag] mean top-1 prob  target 0.840  draft 0.775   (TV near 1 with a PEAKED draft => misalignment; with a FLAT draft => genuine)
[train] saved 72 trained tensors -> /cap/s3recap/c2/trained/mtp_trained.safetensors
[train] saved AdamW state -> /cap/s3recap/c2/trained/opt_state.pt (needed for --resume to be equivalent to one continuous run)
[train] metrics -> /cap/s3recap/c2/train_metrics.json  (loss 0.4766 -> 0.0317, tail mean 0.3823)
[train] TRAIN OK
