[train] device=cuda torch=2.10.0
  loading model-00046-of-00048.safetensors ...
  loading model-00047-of-00048.safetensors ...
  loading model-00048-of-00048.safetensors ...
  dequantised 1512 tensors, 12.60 B params, 23.5 GiB bf16
[train] weights ready in 9.6s
[train] trainable 517.3 M in 72 tensors | frozen experts 12.08 B
[train] capture: 490 sample(s)
[Gloo] Rank 0 is connected to 0 peer ranks. Expected number of connected peer ranks is : 0
[train] ModelArgs: n_mtp=3 block=5 taps=[40, 41, 42] markov_rank=256
[train] built 3 DSparkBlock(s) on meta
[train] re-materialised freqs_cis on 3 attention module(s) (persistent=False buffers are NOT in state_dict and to_empty() zapped them)
[train] load_state_dict: 0 missing, 0 unexpected
[train] GATE1 model construction OK
[train] aux: embed.weight(129280, 4096), head.weight(129280, 4096)
[train] trainable tensors in graph: 72 / 517.3 M
[train] resumed 72/72 trained tensors from /cap/s3recap-hass1/c1/trained/mtp_trained.safetensors
[train] resumed AdamW state: 69/72 tensors carry moments (3 never received a gradient, expected), indices aligned
[train] lr schedule: linear warmup 73 step(s) -> cosine over 1472 session step(s), peak 5e-05; this chunk is steps 982..1471
/work/train/train_head.py:115: UserWarning: Converting a tensor with requires_grad=True to a scalar may lead to unexpected behavior.
Consider using tensor.detach() first. (Triggered internally at /opt/pytorch/torch/csrc/autograd/generated/python_variable_methods.cpp:836.)
  parts = {"ce": float((w * ce).sum()), "tv": float((w * tv).sum()), "conf": 0.0}
[train] step 0: T=527 positions=16 loss=0.6902 ce=3.0868 tv=0.4239 conf=0.9214 grad_norm=2.1546 tensors_with_grad=69/72
[train] step 1: T=616 positions=16 loss=0.5737 ce=2.6996 tv=0.3375 conf=0.6191 grad_norm=4.8394 tensors_with_grad=69/72
[train] step 2: T=533 positions=16 loss=0.6168 ce=2.7944 tv=0.3748 conf=0.5966 grad_norm=3.5100 tensors_with_grad=69/72
[train] step 3: T=626 positions=16 loss=0.3856 ce=1.6897 tv=0.2407 conf=0.9515 grad_norm=2.9071 tensors_with_grad=69/72
[train] step 4: T=638 positions=16 loss=0.4788 ce=2.6604 tv=0.2364 conf=0.8513 grad_norm=2.0772 tensors_with_grad=69/72
[train] step 5: T=535 positions=16 loss=0.4017 ce=2.0480 tv=0.2187 conf=0.6028 grad_norm=4.2568 tensors_with_grad=69/72
[train] step 6: T=1429 positions=16 loss=1.0662 ce=5.8876 tv=0.5305 conf=0.7534 grad_norm=2.5380 tensors_with_grad=69/72
[train] step 7: T=675 positions=16 loss=0.6398 ce=3.3372 tv=0.3401 conf=0.9993 grad_norm=3.3619 tensors_with_grad=69/72
[train] step 8: T=529 positions=16 loss=0.9379 ce=4.6905 tv=0.5210 conf=0.7050 grad_norm=1.9665 tensors_with_grad=69/72
[train] step 9: T=673 positions=16 loss=0.6677 ce=3.0694 tv=0.4009 conf=0.8454 grad_norm=2.8681 tensors_with_grad=69/72
[train] step 10: T=622 positions=16 loss=0.2256 ce=0.7570 tv=0.1666 conf=0.9343 grad_norm=2.0588 tensors_with_grad=69/72
[train] step 11: T=630 positions=16 loss=0.8985 ce=4.2900 tv=0.5217 conf=3.2879 grad_norm=7.3438 tensors_with_grad=69/72
[train] step 12: T=586 positions=16 loss=0.7391 ce=3.4134 tv=0.4419 conf=2.1541 grad_norm=4.2282 tensors_with_grad=69/72
[train] step 13: T=535 positions=16 loss=0.9448 ce=4.1547 tv=0.5882 conf=1.2607 grad_norm=3.4054 tensors_with_grad=69/72
[train] step 14: T=625 positions=16 loss=0.5833 ce=2.8041 tv=0.3366 conf=1.3269 grad_norm=3.2340 tensors_with_grad=69/72
[train] step 15: T=535 positions=16 loss=0.3456 ce=1.4548 tv=0.2223 conf=0.7409 grad_norm=2.6802 tensors_with_grad=69/72
[train] step 16: T=553 positions=16 loss=0.6518 ce=3.3080 tv=0.3567 conf=2.0350 grad_norm=3.8638 tensors_with_grad=69/72
[train] step 17: T=532 positions=16 loss=0.2744 ce=1.0836 tv=0.1845 conf=0.5522 grad_norm=1.8936 tensors_with_grad=69/72
[train] step 18: T=536 positions=16 loss=0.1061 ce=0.4366 tv=0.0694 conf=0.3067 grad_norm=0.9965 tensors_with_grad=69/72
[train] step 19: T=896 positions=16 loss=0.8494 ce=4.6539 tv=0.4267 conf=0.6816 grad_norm=2.6188 tensors_with_grad=69/72
[train] step 20: T=544 positions=16 loss=0.5459 ce=2.8993 tv=0.2844 conf=1.9759 grad_norm=9.2002 tensors_with_grad=69/72
[train] step 21: T=581 positions=16 loss=0.4653 ce=2.1902 tv=0.2736 conf=1.2119 grad_norm=3.6166 tensors_with_grad=69/72
[train] step 22: T=672 positions=16 loss=0.8805 ce=3.9225 tv=0.5424 conf=1.1308 grad_norm=2.3393 tensors_with_grad=69/72
[train] step 23: T=587 positions=16 loss=0.2441 ce=0.9516 tv=0.1654 conf=1.3615 grad_norm=3.4279 tensors_with_grad=69/72
[train] step 24: T=674 positions=16 loss=0.7641 ce=3.5078 tv=0.4593 conf=0.9016 grad_norm=4.7468 tensors_with_grad=69/72
[train] step 25: T=563 positions=16 loss=0.3148 ce=1.4067 tv=0.1934 conf=0.2200 grad_norm=2.1358 tensors_with_grad=69/72
[train] step 26: T=566 positions=16 loss=0.8034 ce=4.3270 tv=0.4119 conf=0.5164 grad_norm=2.7793 tensors_with_grad=69/72
[train] step 27: T=612 positions=16 loss=0.4715 ce=1.9154 tv=0.3110 conf=1.6302 grad_norm=3.0108 tensors_with_grad=69/72
[train] step 28: T=673 positions=16 loss=0.3074 ce=1.0179 tv=0.2285 conf=1.3835 grad_norm=2.8229 tensors_with_grad=69/72
[train] step 29: T=537 positions=16 loss=0.9239 ce=4.0846 tv=0.5727 conf=1.6272 grad_norm=3.0348 tensors_with_grad=69/72
[train] step 30: T=657 positions=16 loss=0.3501 ce=1.7296 tv=0.1968 conf=1.2378 grad_norm=4.1482 tensors_with_grad=69/72
[train] step 31: T=595 positions=16 loss=0.2998 ce=1.4216 tv=0.1752 conf=1.4736 grad_norm=3.7196 tensors_with_grad=69/72
[train] step 32: T=970 positions=16 loss=0.8959 ce=4.7406 tv=0.4687 conf=0.6901 grad_norm=2.8959 tensors_with_grad=69/72
[train] step 33: T=1741 positions=16 loss=1.3587 ce=7.5382 tv=0.6720 conf=1.0108 grad_norm=4.0471 tensors_with_grad=69/72
[train] step 34: T=574 positions=16 loss=1.0222 ce=5.0629 tv=0.5732 conf=0.6214 grad_norm=3.5966 tensors_with_grad=69/72
[train] step 35: T=581 positions=16 loss=0.5979 ce=2.9754 tv=0.3338 conf=0.6590 grad_norm=1.4964 tensors_with_grad=69/72
[train] step 36: T=563 positions=16 loss=0.5200 ce=2.5714 tv=0.2921 conf=0.7959 grad_norm=3.8739 tensors_with_grad=69/72
[train] step 37: T=534 positions=16 loss=0.1625 ce=0.4935 tv=0.1258 conf=0.4498 grad_norm=0.6601 tensors_with_grad=69/72
[train] step 38: T=645 positions=16 loss=1.1501 ce=5.8089 tv=0.6324 conf=1.3906 grad_norm=3.7383 tensors_with_grad=69/72
[train] step 39: T=672 positions=16 loss=0.7635 ce=3.6813 tv=0.4393 conf=1.2325 grad_norm=6.2875 tensors_with_grad=69/72
[train] step 40: T=578 positions=16 loss=0.4860 ce=2.2093 tv=0.2945 conf=1.1147 grad_norm=3.1097 tensors_with_grad=69/72
[train] step 41: T=527 positions=16 loss=0.7370 ce=3.7871 tv=0.3981 conf=1.0717 grad_norm=3.4231 tensors_with_grad=69/72
[train] step 42: T=645 positions=16 loss=0.4784 ce=2.2507 tv=0.2814 conf=1.1085 grad_norm=4.2040 tensors_with_grad=69/72
[train] step 43: T=1008 positions=16 loss=0.8061 ce=4.6585 tv=0.3780 conf=0.4330 grad_norm=2.0896 tensors_with_grad=69/72
[train] step 44: T=676 positions=16 loss=0.6136 ce=2.9969 tv=0.3488 conf=1.0024 grad_norm=4.2115 tensors_with_grad=69/72
[train] step 45: T=674 positions=16 loss=0.8130 ce=3.8076 tv=0.4803 conf=0.6075 grad_norm=2.4354 tensors_with_grad=69/72
[train] step 46: T=528 positions=16 loss=0.8440 ce=3.8254 tv=0.5127 conf=0.7950 grad_norm=2.8628 tensors_with_grad=69/72
[train] step 47: T=538 positions=16 loss=0.7527 ce=3.7040 tv=0.4248 conf=1.3567 grad_norm=2.9773 tensors_with_grad=69/72
[train] step 48: T=572 positions=16 loss=0.8489 ce=4.3850 tv=0.4561 conf=1.4429 grad_norm=3.0196 tensors_with_grad=69/72
[train] step 49: T=536 positions=16 loss=0.4660 ce=1.9992 tv=0.2957 conf=1.1020 grad_norm=3.5599 tensors_with_grad=69/72
[train] step 50: T=673 positions=16 loss=0.9335 ce=4.5239 tv=0.5346 conf=0.8029 grad_norm=4.1895 tensors_with_grad=69/72
[train] step 51: T=603 positions=16 loss=0.3246 ce=1.8685 tv=0.1530 conf=0.6414 grad_norm=1.0581 tensors_with_grad=69/72
[train] step 52: T=532 positions=16 loss=0.5190 ce=2.4012 tv=0.3098 conf=0.4116 grad_norm=5.1181 tensors_with_grad=69/72
[train] step 53: T=618 positions=16 loss=0.4197 ce=1.7475 tv=0.2721 conf=1.5381 grad_norm=4.3930 tensors_with_grad=69/72
[train] step 54: T=539 positions=16 loss=0.3417 ce=1.4601 tv=0.2174 conf=0.9491 grad_norm=3.9922 tensors_with_grad=69/72
[train] step 55: T=569 positions=16 loss=0.6134 ce=3.0345 tv=0.3444 conf=0.4456 grad_norm=1.8279 tensors_with_grad=69/72
[train] step 56: T=589 positions=16 loss=0.8874 ce=4.2128 tv=0.5180 conf=1.7162 grad_norm=4.7491 tensors_with_grad=69/72
[train] step 57: T=653 positions=16 loss=1.0450 ce=5.7210 tv=0.5255 conf=1.1344 grad_norm=4.7299 tensors_with_grad=69/72
[train] step 58: T=675 positions=16 loss=0.7885 ce=3.7850 tv=0.4556 conf=1.0671 grad_norm=4.9829 tensors_with_grad=69/72
[train] step 59: T=599 positions=16 loss=1.0529 ce=5.8044 tv=0.5250 conf=1.2000 grad_norm=3.8630 tensors_with_grad=69/72
[train] step 60: T=901 positions=16 loss=0.7799 ce=4.0748 tv=0.4138 conf=1.3040 grad_norm=3.4824 tensors_with_grad=69/72
[train] step 61: T=597 positions=16 loss=0.2545 ce=1.2108 tv=0.1482 conf=0.4997 grad_norm=0.6811 tensors_with_grad=69/72
[train] step 62: T=613 positions=16 loss=0.1086 ce=0.2565 tv=0.0922 conf=1.2389 grad_norm=3.4554 tensors_with_grad=69/72
[train] step 63: T=546 positions=16 loss=0.3650 ce=1.3228 tv=0.2585 conf=0.7340 grad_norm=2.3178 tensors_with_grad=69/72
[train] step 64: T=535 positions=16 loss=0.1140 ce=0.3022 tv=0.0931 conf=0.2364 grad_norm=1.7035 tensors_with_grad=69/72
[train] step 65: T=527 positions=16 loss=0.8508 ce=3.5297 tv=0.5532 conf=0.7214 grad_norm=1.8613 tensors_with_grad=69/72
[train] step 66: T=672 positions=16 loss=0.9989 ce=4.7293 tv=0.5844 conf=1.2082 grad_norm=2.3966 tensors_with_grad=69/72
[train] step 67: T=535 positions=16 loss=0.8283 ce=3.5672 tv=0.5240 conf=1.4451 grad_norm=3.2069 tensors_with_grad=69/72
[train] step 68: T=629 positions=16 loss=0.6918 ce=2.9581 tv=0.4400 conf=1.4717 grad_norm=4.3714 tensors_with_grad=69/72
[train] step 69: T=529 positions=16 loss=0.5065 ce=2.3958 tv=0.2966 conf=1.2207 grad_norm=4.3264 tensors_with_grad=69/72
[train] step 70: T=544 positions=16 loss=0.1587 ce=0.6737 tv=0.1015 conf=0.3087 grad_norm=1.1780 tensors_with_grad=69/72
[train] step 71: T=1433 positions=16 loss=1.1188 ce=5.8919 tv=0.5884 conf=1.5195 grad_norm=2.8305 tensors_with_grad=69/72
[train] step 72: T=528 positions=16 loss=0.7538 ce=3.7756 tv=0.4181 conf=0.7009 grad_norm=3.2227 tensors_with_grad=69/72
[train] step 73: T=674 positions=16 loss=0.7637 ce=3.5497 tv=0.4541 conf=0.8637 grad_norm=3.8169 tensors_with_grad=69/72
[train] step 74: T=527 positions=16 loss=0.5784 ce=2.7554 tv=0.3365 conf=0.7972 grad_norm=4.2137 tensors_with_grad=69/72
[train] step 75: T=642 positions=16 loss=0.8843 ce=4.4823 tv=0.4845 conf=1.1606 grad_norm=2.3147 tensors_with_grad=69/72
[train] step 76: T=598 positions=16 loss=0.2633 ce=1.1870 tv=0.1606 conf=0.8761 grad_norm=2.1617 tensors_with_grad=69/72
[train] step 77: T=933 positions=16 loss=0.7727 ce=3.7412 tv=0.4429 conf=1.1761 grad_norm=2.4892 tensors_with_grad=69/72
[train] step 78: T=653 positions=16 loss=1.0616 ce=5.2721 tv=0.5938 conf=1.4524 grad_norm=7.7583 tensors_with_grad=69/72
[train] step 79: T=655 positions=16 loss=0.6805 ce=3.1975 tv=0.4008 conf=1.6082 grad_norm=3.1187 tensors_with_grad=69/72
[train] step 80: T=585 positions=16 loss=0.2822 ce=1.2228 tv=0.1777 conf=0.5447 grad_norm=2.0223 tensors_with_grad=69/72
[train] step 81: T=641 positions=16 loss=1.0321 ce=4.9244 tv=0.5996 conf=0.7239 grad_norm=4.5950 tensors_with_grad=69/72
[train] step 82: T=532 positions=16 loss=0.5932 ce=2.9659 tv=0.3296 conf=0.4734 grad_norm=2.6022 tensors_with_grad=69/72
[train] step 83: T=526 positions=16 loss=0.9083 ce=4.1810 tv=0.5446 conf=0.9397 grad_norm=3.7964 tensors_with_grad=69/72
[train] step 84: T=590 positions=16 loss=0.4675 ce=2.1723 tv=0.2781 conf=1.1322 grad_norm=2.6969 tensors_with_grad=69/72
[train] step 85: T=527 positions=16 loss=0.7266 ce=3.3274 tv=0.4376 conf=0.9969 grad_norm=3.0146 tensors_with_grad=69/72
[train] step 86: T=838 positions=16 loss=0.7497 ce=3.3842 tv=0.4570 conf=0.8435 grad_norm=6.6617 tensors_with_grad=69/72
[train] step 87: T=528 positions=16 loss=0.3695 ce=1.6365 tv=0.2287 conf=0.0841 grad_norm=1.4310 tensors_with_grad=69/72
[train] step 88: T=594 positions=16 loss=0.3880 ce=1.8525 tv=0.2252 conf=0.6983 grad_norm=2.7989 tensors_with_grad=69/72
[train] step 89: T=634 positions=16 loss=0.5232 ce=2.6650 tv=0.2852 conf=0.8930 grad_norm=3.9866 tensors_with_grad=69/72
[train] step 90: T=558 positions=16 loss=0.6367 ce=2.7566 tv=0.4012 conf=1.0407 grad_norm=3.5098 tensors_with_grad=69/72
[train] step 91: T=649 positions=16 loss=0.5450 ce=2.5853 tv=0.3183 conf=1.4118 grad_norm=3.2402 tensors_with_grad=69/72
[train] step 92: T=1085 positions=16 loss=0.7600 ce=3.8195 tv=0.4200 conf=0.5359 grad_norm=3.8027 tensors_with_grad=69/72
[train] step 93: T=575 positions=16 loss=0.3943 ce=1.8352 tv=0.2342 conf=0.9467 grad_norm=2.5612 tensors_with_grad=69/72
[train] step 94: T=611 positions=16 loss=0.3457 ce=1.3998 tv=0.2285 conf=0.7478 grad_norm=1.3349 tensors_with_grad=69/72
[train] step 95: T=529 positions=16 loss=1.0150 ce=4.5491 tv=0.6223 conf=0.4374 grad_norm=2.5031 tensors_with_grad=69/72
[train] step 96: T=526 positions=16 loss=0.6164 ce=2.7805 tv=0.3760 conf=0.6784 grad_norm=2.6486 tensors_with_grad=69/72
[train] step 97: T=576 positions=16 loss=0.5886 ce=2.7021 tv=0.3537 conf=1.6383 grad_norm=4.1145 tensors_with_grad=69/72
[train] step 98: T=674 positions=16 loss=0.8921 ce=4.2657 tv=0.5173 conf=0.8828 grad_norm=3.3844 tensors_with_grad=69/72
[train] step 99: T=535 positions=16 loss=0.3419 ce=1.2028 tv=0.2463 conf=0.3058 grad_norm=1.2636 tensors_with_grad=69/72
[train] step 100: T=975 positions=16 loss=0.9246 ce=4.9292 tv=0.4796 conf=0.7063 grad_norm=3.1012 tensors_with_grad=69/72
[train] step 101: T=1794 positions=16 loss=1.1329 ce=5.9975 tv=0.5924 conf=0.7651 grad_norm=2.1786 tensors_with_grad=69/72
[train] step 102: T=532 positions=16 loss=0.6046 ce=2.3662 tv=0.4088 conf=0.7859 grad_norm=7.0307 tensors_with_grad=69/72
[train] step 103: T=552 positions=16 loss=0.7087 ce=3.6883 tv=0.3777 conf=0.8651 grad_norm=3.4199 tensors_with_grad=69/72
[train] step 104: T=541 positions=16 loss=0.7634 ce=3.9736 tv=0.4068 conf=1.2393 grad_norm=4.6273 tensors_with_grad=69/72
[train] step 105: T=678 positions=16 loss=0.4833 ce=2.1400 tv=0.2993 conf=0.8920 grad_norm=3.1207 tensors_with_grad=69/72
[train] step 106: T=527 positions=16 loss=1.0669 ce=5.6576 tv=0.5568 conf=0.5276 grad_norm=2.9911 tensors_with_grad=69/72
[train] step 107: T=648 positions=16 loss=0.8618 ce=4.1226 tv=0.4995 conf=1.4409 grad_norm=2.4090 tensors_with_grad=69/72
[train] step 108: T=543 positions=16 loss=0.2270 ce=0.7111 tv=0.1733 conf=1.9973 grad_norm=3.5727 tensors_with_grad=69/72
[train] step 109: T=920 positions=16 loss=1.1327 ce=6.1889 tv=0.5709 conf=0.5816 grad_norm=5.3728 tensors_with_grad=69/72
[train] step 110: T=672 positions=16 loss=0.5696 ce=2.6020 tv=0.3438 conf=0.4641 grad_norm=2.1565 tensors_with_grad=69/72
[train] step 111: T=882 positions=16 loss=0.7572 ce=3.7688 tv=0.4226 conf=0.3019 grad_norm=2.6679 tensors_with_grad=69/72
[train] step 112: T=528 positions=16 loss=0.2439 ce=0.8623 tv=0.1752 conf=1.5622 grad_norm=3.9077 tensors_with_grad=69/72
[train] step 113: T=674 positions=16 loss=0.9039 ce=4.8412 tv=0.4664 conf=0.9809 grad_norm=3.6742 tensors_with_grad=69/72
[train] step 114: T=533 positions=16 loss=0.2901 ce=1.2584 tv=0.1825 conf=0.7947 grad_norm=2.9300 tensors_with_grad=69/72
[train] step 115: T=623 positions=16 loss=0.8217 ce=4.2361 tv=0.4423 conf=1.3346 grad_norm=3.1063 tensors_with_grad=69/72
[train] step 116: T=1190 positions=16 loss=0.9271 ce=5.0950 tv=0.4640 conf=1.1405 grad_norm=3.3885 tensors_with_grad=69/72
[train] step 117: T=627 positions=16 loss=0.5266 ce=2.3806 tv=0.3206 conf=1.1655 grad_norm=3.9001 tensors_with_grad=69/72
[train] step 118: T=638 positions=16 loss=0.7833 ce=3.3784 tv=0.4950 conf=0.7257 grad_norm=2.1364 tensors_with_grad=69/72
[train] step 119: T=605 positions=16 loss=0.7351 ce=3.5624 tv=0.4210 conf=0.9767 grad_norm=3.0480 tensors_with_grad=69/72
[train] step 120: T=664 positions=16 loss=0.2982 ce=1.1384 tv=0.2048 conf=0.5817 grad_norm=3.2431 tensors_with_grad=69/72
[train] step 121: T=530 positions=16 loss=0.7269 ce=3.8870 tv=0.3758 conf=0.7077 grad_norm=3.4942 tensors_with_grad=69/72
[train] step 122: T=541 positions=16 loss=0.1964 ce=0.7523 tv=0.1347 conf=0.3192 grad_norm=2.1126 tensors_with_grad=69/72
[train] step 123: T=533 positions=16 loss=0.4798 ce=2.4201 tv=0.2642 conf=0.5423 grad_norm=2.3617 tensors_with_grad=69/72
[train] step 124: T=616 positions=16 loss=0.6684 ce=3.2887 tv=0.3772 conf=0.5678 grad_norm=2.8379 tensors_with_grad=69/72
[train] step 125: T=672 positions=16 loss=1.0651 ce=4.8910 tv=0.6400 conf=0.9775 grad_norm=3.4393 tensors_with_grad=69/72
[train] step 126: T=524 positions=16 loss=0.8528 ce=4.1714 tv=0.4840 conf=0.7481 grad_norm=3.7502 tensors_with_grad=69/72
[train] step 127: T=1177 positions=16 loss=1.0698 ce=5.5971 tv=0.5667 conf=1.1564 grad_norm=3.0634 tensors_with_grad=69/72
[train] step 128: T=543 positions=16 loss=0.4895 ce=2.1835 tv=0.3012 conf=0.5921 grad_norm=2.7685 tensors_with_grad=69/72
[train] step 129: T=537 positions=16 loss=0.4878 ce=2.1149 tv=0.3070 conf=1.0532 grad_norm=4.1074 tensors_with_grad=69/72
[train] step 130: T=533 positions=16 loss=0.4502 ce=2.6164 tv=0.2095 conf=0.4359 grad_norm=6.2911 tensors_with_grad=69/72
[train] step 131: T=532 positions=16 loss=0.7565 ce=3.5169 tv=0.4498 conf=1.3784 grad_norm=3.0381 tensors_with_grad=69/72
[train] step 132: T=572 positions=16 loss=0.1755 ce=0.7539 tv=0.1112 conf=0.7377 grad_norm=2.0255 tensors_with_grad=69/72
[train] step 133: T=531 positions=16 loss=0.9639 ce=4.4416 tv=0.5775 conf=0.9520 grad_norm=2.8201 tensors_with_grad=69/72
[train] step 134: T=553 positions=16 loss=0.4296 ce=2.2260 tv=0.2300 conf=0.3203 grad_norm=6.4188 tensors_with_grad=69/72
[train] step 135: T=540 positions=16 loss=0.4795 ce=2.2084 tv=0.2874 conf=0.2197 grad_norm=2.5798 tensors_with_grad=69/72
[train] step 136: T=532 positions=16 loss=0.5505 ce=2.8073 tv=0.2998 conf=0.6268 grad_norm=2.4876 tensors_with_grad=69/72
[train] step 137: T=552 positions=16 loss=0.4943 ce=2.3182 tv=0.2917 conf=0.6263 grad_norm=2.2225 tensors_with_grad=69/72
[train] step 138: T=565 positions=16 loss=0.2568 ce=1.0637 tv=0.1671 conf=0.6768 grad_norm=5.7856 tensors_with_grad=69/72
[train] step 139: T=534 positions=16 loss=0.3922 ce=1.8196 tv=0.2336 conf=0.5349 grad_norm=2.8720 tensors_with_grad=69/72
[train] step 140: T=1720 positions=16 loss=1.1421 ce=5.3882 tv=0.6703 conf=1.2508 grad_norm=3.0241 tensors_with_grad=69/72
[train] step 141: T=539 positions=16 loss=0.5888 ce=2.8491 tv=0.3377 conf=0.8978 grad_norm=6.8320 tensors_with_grad=69/72
[train] step 142: T=1793 positions=16 loss=1.3333 ce=7.5488 tv=0.6427 conf=0.8880 grad_norm=3.5694 tensors_with_grad=69/72
[train] step 143: T=581 positions=16 loss=0.5273 ce=2.4705 tv=0.3114 conf=0.4253 grad_norm=2.8476 tensors_with_grad=69/72
[train] step 144: T=1033 positions=16 loss=1.3809 ce=8.1893 tv=0.6245 conf=0.5730 grad_norm=3.2943 tensors_with_grad=69/72
[train] step 145: T=544 positions=16 loss=0.3609 ce=1.6453 tv=0.2182 conf=0.3130 grad_norm=1.9457 tensors_with_grad=69/72
[train] step 146: T=1570 positions=16 loss=1.1601 ce=5.9674 tv=0.6260 conf=0.8746 grad_norm=3.1663 tensors_with_grad=69/72
[train] step 147: T=1007 positions=16 loss=0.9202 ce=4.8449 tv=0.4841 conf=1.0415 grad_norm=2.9699 tensors_with_grad=69/72
[train] step 148: T=656 positions=16 loss=0.4336 ce=2.2144 tv=0.2358 conf=0.9032 grad_norm=3.8477 tensors_with_grad=69/72
[train] step 149: T=605 positions=16 loss=0.3400 ce=1.3862 tv=0.2237 conf=1.2011 grad_norm=1.8683 tensors_with_grad=69/72
[train] step 150: T=1792 positions=16 loss=1.3646 ce=8.0780 tv=0.6186 conf=0.3316 grad_norm=2.9669 tensors_with_grad=69/72
[train] step 151: T=535 positions=16 loss=0.2218 ce=1.2415 tv=0.1085 conf=1.5371 grad_norm=2.0801 tensors_with_grad=69/72
[train] step 152: T=550 positions=16 loss=0.8182 ce=4.2349 tv=0.4386 conf=1.0676 grad_norm=2.6931 tensors_with_grad=69/72
[train] step 153: T=608 positions=16 loss=0.5856 ce=2.5177 tv=0.3709 conf=1.1216 grad_norm=4.2002 tensors_with_grad=69/72
[train] step 154: T=901 positions=16 loss=0.6598 ce=3.2740 tv=0.3693 conf=0.6828 grad_norm=2.4200 tensors_with_grad=69/72
[train] step 155: T=527 positions=16 loss=0.9603 ce=4.6406 tv=0.5514 conf=1.1267 grad_norm=2.4501 tensors_with_grad=69/72
[train] step 156: T=1058 positions=16 loss=0.8016 ce=3.9372 tv=0.4532 conf=1.2739 grad_norm=4.9310 tensors_with_grad=69/72
[train] step 157: T=629 positions=16 loss=0.3223 ce=1.2908 tv=0.2147 conf=0.9066 grad_norm=2.1776 tensors_with_grad=69/72
[train] step 158: T=532 positions=16 loss=0.3290 ce=1.4734 tv=0.2019 conf=1.2079 grad_norm=5.3698 tensors_with_grad=69/72
[train] step 159: T=674 positions=16 loss=0.7150 ce=3.2732 tv=0.4307 conf=0.5956 grad_norm=1.9398 tensors_with_grad=69/72
[train] step 160: T=546 positions=16 loss=0.2756 ce=1.0047 tv=0.1946 conf=0.4620 grad_norm=1.6481 tensors_with_grad=69/72
[train] step 161: T=574 positions=16 loss=0.5086 ce=2.3212 tv=0.3072 conf=1.2135 grad_norm=3.0574 tensors_with_grad=69/72
[train] step 162: T=675 positions=16 loss=0.6973 ce=3.5233 tv=0.3833 conf=0.8673 grad_norm=5.3267 tensors_with_grad=69/72
[train] step 163: T=549 positions=16 loss=0.5609 ce=2.4402 tv=0.3521 conf=0.5582 grad_norm=2.4474 tensors_with_grad=69/72
[train] step 164: T=671 positions=16 loss=0.7966 ce=3.4641 tv=0.5003 conf=0.7625 grad_norm=3.1319 tensors_with_grad=69/72
[train] step 165: T=609 positions=16 loss=0.5823 ce=2.1846 tv=0.4043 conf=1.3204 grad_norm=4.3117 tensors_with_grad=69/72
[train] step 166: T=570 positions=16 loss=0.8347 ce=4.3788 tv=0.4409 conf=1.0856 grad_norm=4.0525 tensors_with_grad=69/72
[train] step 167: T=540 positions=16 loss=0.4528 ce=2.1861 tv=0.2602 conf=0.6642 grad_norm=1.9330 tensors_with_grad=69/72
[train] step 168: T=618 positions=16 loss=0.5801 ce=2.8646 tv=0.3262 conf=1.2170 grad_norm=3.3973 tensors_with_grad=69/72
[train] step 169: T=524 positions=16 loss=0.9723 ce=4.5814 tv=0.5713 conf=1.1499 grad_norm=4.9833 tensors_with_grad=69/72
[train] step 170: T=673 positions=16 loss=0.8482 ce=4.1101 tv=0.4858 conf=1.2091 grad_norm=2.9415 tensors_with_grad=69/72
[train] step 171: T=526 positions=16 loss=0.3096 ce=1.1515 tv=0.2161 conf=1.0712 grad_norm=4.4913 tensors_with_grad=69/72
[train] step 172: T=531 positions=16 loss=0.5231 ce=2.6816 tv=0.2833 conf=0.4920 grad_norm=3.6443 tensors_with_grad=69/72
[train] step 173: T=536 positions=16 loss=0.3766 ce=1.6290 tv=0.2375 conf=0.7470 grad_norm=4.2427 tensors_with_grad=69/72
[train] step 174: T=601 positions=16 loss=0.3341 ce=1.4892 tv=0.2058 conf=1.0123 grad_norm=2.8669 tensors_with_grad=69/72
[train] step 175: T=647 positions=16 loss=0.8054 ce=3.7246 tv=0.4811 conf=1.0170 grad_norm=3.4089 tensors_with_grad=69/72
[train] step 176: T=532 positions=16 loss=0.4188 ce=1.6938 tv=0.2771 conf=0.3653 grad_norm=2.2522 tensors_with_grad=69/72
[train] step 177: T=544 positions=16 loss=0.3687 ce=1.9170 tv=0.1967 conf=0.4704 grad_norm=5.7632 tensors_with_grad=69/72
[train] step 178: T=673 positions=16 loss=0.8498 ce=3.7669 tv=0.5257 conf=0.9291 grad_norm=2.1715 tensors_with_grad=69/72
[train] step 179: T=593 positions=16 loss=0.3117 ce=1.2606 tv=0.2063 conf=0.4457 grad_norm=3.1582 tensors_with_grad=69/72
[train] step 180: T=568 positions=16 loss=0.2491 ce=1.4392 tv=0.1168 conf=0.9441 grad_norm=1.3015 tensors_with_grad=69/72
[train] step 181: T=589 positions=16 loss=0.1617 ce=0.3849 tv=0.1369 conf=0.5534 grad_norm=5.3138 tensors_with_grad=69/72
[train] step 182: T=526 positions=16 loss=0.4183 ce=1.8482 tv=0.2594 conf=1.5583 grad_norm=4.5365 tensors_with_grad=69/72
[train] step 183: T=538 positions=16 loss=0.2032 ce=1.0299 tv=0.1113 conf=0.1065 grad_norm=0.9096 tensors_with_grad=69/72
[train] step 184: T=1365 positions=16 loss=1.0972 ce=6.0814 tv=0.5434 conf=1.5208 grad_norm=7.5326 tensors_with_grad=69/72
[train] step 185: T=533 positions=16 loss=0.4144 ce=1.8025 tv=0.2602 conf=0.3448 grad_norm=5.0524 tensors_with_grad=69/72
[train] step 186: T=526 positions=16 loss=0.9681 ce=4.2846 tv=0.5996 conf=1.0479 grad_norm=5.5762 tensors_with_grad=69/72
[train] step 187: T=625 positions=16 loss=0.1854 ce=0.6362 tv=0.1353 conf=0.9403 grad_norm=2.0124 tensors_with_grad=69/72
[train] step 188: T=544 positions=16 loss=0.9149 ce=4.4037 tv=0.5273 conf=1.0013 grad_norm=2.6518 tensors_with_grad=69/72
[train] step 189: T=531 positions=16 loss=0.9216 ce=4.5793 tv=0.5151 conf=1.2057 grad_norm=3.8638 tensors_with_grad=69/72
[train] step 190: T=1057 positions=16 loss=0.8032 ce=4.1016 tv=0.4367 conf=0.5954 grad_norm=3.2183 tensors_with_grad=69/72
[train] step 191: T=1004 positions=16 loss=0.9134 ce=4.6964 tv=0.4931 conf=0.4553 grad_norm=4.1870 tensors_with_grad=69/72
[train] step 192: T=673 positions=16 loss=0.8320 ce=3.8865 tv=0.4926 conf=1.5459 grad_norm=5.5928 tensors_with_grad=69/72
[train] step 193: T=541 positions=16 loss=0.2297 ce=1.0306 tv=0.1407 conf=0.2843 grad_norm=1.8038 tensors_with_grad=69/72
[train] step 194: T=531 positions=16 loss=0.1827 ce=0.6138 tv=0.1348 conf=0.7506 grad_norm=3.3955 tensors_with_grad=69/72
[train] step 195: T=561 positions=16 loss=0.1922 ce=0.5682 tv=0.1504 conf=0.1648 grad_norm=3.4842 tensors_with_grad=69/72
[train] step 196: T=535 positions=16 loss=0.5601 ce=2.9070 tv=0.2993 conf=0.5557 grad_norm=2.8108 tensors_with_grad=69/72
[train] step 197: T=571 positions=16 loss=0.4032 ce=1.6304 tv=0.2668 conf=0.7534 grad_norm=3.4391 tensors_with_grad=69/72
[train] step 198: T=672 positions=16 loss=1.1539 ce=5.5895 tv=0.6611 conf=1.2376 grad_norm=4.9666 tensors_with_grad=69/72
[train] step 199: T=540 positions=16 loss=0.1754 ce=0.7494 tv=0.1117 conf=0.3421 grad_norm=3.9943 tensors_with_grad=69/72
[train] step 200: T=532 positions=16 loss=0.1056 ce=0.4334 tv=0.0692 conf=0.0833 grad_norm=2.7674 tensors_with_grad=69/72
[train] step 201: T=676 positions=16 loss=0.8878 ce=4.1935 tv=0.5205 conf=0.6705 grad_norm=2.9183 tensors_with_grad=69/72
[train] step 202: T=838 positions=16 loss=0.6746 ce=3.3181 tv=0.3809 conf=0.8005 grad_norm=2.4718 tensors_with_grad=69/72
[train] step 203: T=583 positions=16 loss=0.6962 ce=3.3789 tv=0.3981 conf=0.3281 grad_norm=2.2433 tensors_with_grad=69/72
[train] step 204: T=527 positions=16 loss=0.4238 ce=1.9005 tv=0.2597 conf=0.8761 grad_norm=2.5524 tensors_with_grad=69/72
[train] step 205: T=675 positions=16 loss=0.7482 ce=3.8137 tv=0.4076 conf=0.5413 grad_norm=3.6268 tensors_with_grad=69/72
[train] step 206: T=542 positions=16 loss=0.5278 ce=2.6383 tv=0.2933 conf=0.8912 grad_norm=3.3690 tensors_with_grad=69/72
[train] step 207: T=1211 positions=16 loss=0.9023 ce=4.7151 tv=0.4787 conf=0.7025 grad_norm=2.3526 tensors_with_grad=69/72
[train] step 208: T=527 positions=16 loss=0.1293 ce=0.6149 tv=0.0754 conf=0.1621 grad_norm=1.9206 tensors_with_grad=69/72
[train] step 209: T=1106 positions=16 loss=1.2375 ce=7.1104 tv=0.5849 conf=0.7635 grad_norm=2.8869 tensors_with_grad=69/72
[train] step 210: T=533 positions=16 loss=0.2216 ce=0.7339 tv=0.1647 conf=0.3139 grad_norm=2.8984 tensors_with_grad=69/72
[train] step 211: T=1721 positions=16 loss=1.0910 ce=5.7527 tv=0.5730 conf=1.8743 grad_norm=2.6370 tensors_with_grad=69/72
[train] step 212: T=616 positions=16 loss=0.3209 ce=1.5885 tv=0.1801 conf=0.6111 grad_norm=3.0173 tensors_with_grad=69/72
[train] step 213: T=672 positions=16 loss=0.9718 ce=5.3638 tv=0.4838 conf=1.4027 grad_norm=5.1765 tensors_with_grad=69/72
[train] step 214: T=529 positions=16 loss=0.8785 ce=4.0567 tv=0.5254 conf=0.8234 grad_norm=2.4486 tensors_with_grad=69/72
[train] step 215: T=536 positions=16 loss=0.2235 ce=0.8361 tv=0.1554 conf=0.7178 grad_norm=7.4598 tensors_with_grad=69/72
[train] step 216: T=550 positions=16 loss=0.6924 ce=3.2402 tv=0.4094 conf=0.5371 grad_norm=6.7409 tensors_with_grad=69/72
[train] step 217: T=1223 positions=16 loss=1.1826 ce=6.2713 tv=0.6172 conf=1.8159 grad_norm=4.3504 tensors_with_grad=69/72
[train] step 218: T=528 positions=16 loss=0.5290 ce=2.4414 tv=0.3165 conf=1.4592 grad_norm=7.1792 tensors_with_grad=69/72
[train] step 219: T=535 positions=16 loss=0.2949 ce=1.2722 tv=0.1863 conf=0.7137 grad_norm=3.9123 tensors_with_grad=69/72
[train] step 220: T=580 positions=16 loss=0.4182 ce=1.5827 tv=0.2888 conf=1.1212 grad_norm=4.0139 tensors_with_grad=69/72
[train] step 221: T=533 positions=16 loss=0.0605 ce=0.2281 tv=0.0419 conf=0.1278 grad_norm=1.7895 tensors_with_grad=69/72
[train] step 222: T=531 positions=16 loss=0.4185 ce=1.8190 tv=0.2629 conf=0.8823 grad_norm=5.7116 tensors_with_grad=69/72
[train] step 223: T=577 positions=16 loss=0.7989 ce=3.8792 tv=0.4566 conf=0.9934 grad_norm=2.7393 tensors_with_grad=69/72
[train] step 224: T=583 positions=16 loss=0.7832 ce=3.9925 tv=0.4266 conf=1.3885 grad_norm=6.4319 tensors_with_grad=69/72
[train] step 225: T=673 positions=16 loss=0.8629 ce=4.0435 tv=0.5095 conf=0.8090 grad_norm=3.3823 tensors_with_grad=69/72
[train] step 226: T=672 positions=16 loss=0.5613 ce=2.5715 tv=0.3379 conf=0.7817 grad_norm=3.9299 tensors_with_grad=69/72
[train] step 227: T=1189 positions=16 loss=1.0398 ce=5.5320 tv=0.5407 conf=1.0178 grad_norm=3.3209 tensors_with_grad=69/72
[train] step 228: T=534 positions=16 loss=1.0470 ce=5.3770 tv=0.5659 conf=0.7113 grad_norm=3.6423 tensors_with_grad=69/72
[train] step 229: T=531 positions=16 loss=0.4487 ce=2.1316 tv=0.2617 conf=0.9985 grad_norm=4.8567 tensors_with_grad=69/72
[train] step 230: T=678 positions=16 loss=0.8258 ce=4.1455 tv=0.4569 conf=1.1229 grad_norm=3.0758 tensors_with_grad=69/72
[train] step 231: T=525 positions=16 loss=0.7857 ce=3.7734 tv=0.4537 conf=0.8686 grad_norm=2.0438 tensors_with_grad=69/72
[train] step 232: T=674 positions=16 loss=0.3391 ce=1.6554 tv=0.1928 conf=1.2537 grad_norm=3.5556 tensors_with_grad=69/72
[train] step 233: T=550 positions=16 loss=0.2875 ce=1.0872 tv=0.1986 conf=0.5911 grad_norm=3.0616 tensors_with_grad=69/72
[train] step 234: T=534 positions=16 loss=0.6665 ce=3.1558 tv=0.3899 conf=0.8138 grad_norm=2.8296 tensors_with_grad=69/72
[train] step 235: T=607 positions=16 loss=0.5224 ce=2.5569 tv=0.2964 conf=1.2339 grad_norm=5.5705 tensors_with_grad=69/72
[train] step 236: T=529 positions=16 loss=1.1289 ce=5.7126 tv=0.6196 conf=1.6127 grad_norm=6.8083 tensors_with_grad=69/72
[train] step 237: T=538 positions=16 loss=0.8642 ce=3.8142 tv=0.5364 conf=0.8986 grad_norm=2.1384 tensors_with_grad=69/72
[train] step 238: T=538 positions=16 loss=0.3011 ce=1.2797 tv=0.1924 conf=0.3336 grad_norm=6.0112 tensors_with_grad=69/72
[train] step 239: T=538 positions=16 loss=0.2481 ce=1.1434 tv=0.1486 conf=0.1427 grad_norm=2.8023 tensors_with_grad=69/72
[train] step 240: T=851 positions=16 loss=1.2507 ce=6.8415 tv=0.6295 conf=0.6338 grad_norm=4.5111 tensors_with_grad=69/72
[train] step 241: T=533 positions=16 loss=0.5343 ce=2.4579 tv=0.3206 conf=1.5864 grad_norm=3.6122 tensors_with_grad=69/72
[train] step 242: T=1623 positions=16 loss=1.1397 ce=6.5298 tv=0.5408 conf=0.3411 grad_norm=2.7277 tensors_with_grad=69/72
[train] step 243: T=547 positions=16 loss=0.4955 ce=2.3591 tv=0.2884 conf=0.6748 grad_norm=2.2836 tensors_with_grad=69/72
[train] step 244: T=876 positions=16 loss=0.9766 ce=5.5599 tv=0.4674 conf=0.6052 grad_norm=3.3313 tensors_with_grad=69/72
[train] step 245: T=528 positions=16 loss=0.6127 ce=3.3798 tv=0.3052 conf=0.1849 grad_norm=3.5468 tensors_with_grad=69/72
[train] step 246: T=652 positions=16 loss=1.0117 ce=5.0614 tv=0.5617 conf=1.1457 grad_norm=2.3280 tensors_with_grad=69/72
[train] step 247: T=611 positions=16 loss=0.2848 ce=0.9503 tv=0.2109 conf=0.9621 grad_norm=3.8004 tensors_with_grad=69/72
[train] step 248: T=588 positions=16 loss=0.1866 ce=0.8653 tv=0.1112 conf=0.6105 grad_norm=2.1097 tensors_with_grad=69/72
[train] step 249: T=554 positions=16 loss=0.4793 ce=2.4292 tv=0.2626 conf=1.1726 grad_norm=3.0064 tensors_with_grad=69/72
[train] step 250: T=592 positions=16 loss=0.8119 ce=4.2776 tv=0.4269 conf=1.2126 grad_norm=1.6994 tensors_with_grad=69/72
[train] step 251: T=540 positions=16 loss=0.4042 ce=2.0372 tv=0.2228 conf=0.7379 grad_norm=3.8567 tensors_with_grad=69/72
[train] step 252: T=537 positions=16 loss=0.4087 ce=1.7090 tv=0.2642 conf=0.5114 grad_norm=4.7652 tensors_with_grad=69/72
[train] step 253: T=673 positions=16 loss=0.4563 ce=2.2233 tv=0.2600 conf=0.7448 grad_norm=3.4029 tensors_with_grad=69/72
[train] step 254: T=575 positions=16 loss=0.1896 ce=0.5196 tv=0.1529 conf=0.7506 grad_norm=0.9573 tensors_with_grad=69/72
[train] step 255: T=545 positions=16 loss=0.8472 ce=4.2491 tv=0.4692 conf=0.6530 grad_norm=2.9970 tensors_with_grad=69/72
[train] step 256: T=540 positions=16 loss=0.4038 ce=1.7146 tv=0.2582 conf=0.6498 grad_norm=1.9060 tensors_with_grad=69/72
[train] step 257: T=525 positions=16 loss=0.5002 ce=2.1709 tv=0.3145 conf=0.3929 grad_norm=2.5796 tensors_with_grad=69/72
[train] step 258: T=1002 positions=16 loss=1.1224 ce=6.1598 tv=0.5627 conf=0.9193 grad_norm=2.5588 tensors_with_grad=69/72
[train] step 259: T=599 positions=16 loss=0.4584 ce=2.5180 tv=0.2295 conf=0.3632 grad_norm=2.7954 tensors_with_grad=69/72
[train] step 260: T=566 positions=16 loss=0.3255 ce=1.2967 tv=0.2176 conf=0.8679 grad_norm=4.3267 tensors_with_grad=69/72
[train] step 261: T=542 positions=16 loss=0.7018 ce=3.3898 tv=0.4032 conf=1.1650 grad_norm=3.0117 tensors_with_grad=69/72
[train] step 262: T=571 positions=16 loss=0.9720 ce=5.2117 tv=0.5010 conf=0.5649 grad_norm=2.3978 tensors_with_grad=69/72
[train] step 263: T=551 positions=16 loss=0.9002 ce=5.1165 tv=0.4318 conf=0.7869 grad_norm=2.5994 tensors_with_grad=69/72
[train] step 264: T=557 positions=16 loss=0.6284 ce=2.7835 tv=0.3889 conf=1.2547 grad_norm=4.4239 tensors_with_grad=69/72
[train] step 265: T=1795 positions=16 loss=1.4214 ce=8.2742 tv=0.6600 conf=1.1198 grad_norm=5.7175 tensors_with_grad=69/72
[train] step 266: T=654 positions=16 loss=0.6535 ce=2.9837 tv=0.3946 conf=1.1088 grad_norm=3.9996 tensors_with_grad=69/72
[train] step 267: T=1011 positions=16 loss=0.8601 ce=4.3095 tv=0.4768 conf=0.6320 grad_norm=2.2737 tensors_with_grad=69/72
[train] step 268: T=673 positions=16 loss=0.7504 ce=3.2570 tv=0.4719 conf=1.5796 grad_norm=5.5667 tensors_with_grad=69/72
[train] step 269: T=588 positions=16 loss=0.7211 ce=3.7524 tv=0.3843 conf=0.4844 grad_norm=2.7760 tensors_with_grad=69/72
[train] step 270: T=540 positions=16 loss=0.6306 ce=3.1109 tv=0.3551 conf=1.2412 grad_norm=3.9810 tensors_with_grad=69/72
[train] step 271: T=667 positions=16 loss=0.2520 ce=0.8974 tv=0.1803 conf=0.5725 grad_norm=2.1376 tensors_with_grad=69/72
[train] step 272: T=952 positions=16 loss=1.0200 ce=5.3951 tv=0.5339 conf=1.0278 grad_norm=3.2006 tensors_with_grad=69/72
[train] step 273: T=862 positions=16 loss=0.8414 ce=4.2814 tv=0.4592 conf=0.7276 grad_norm=3.7354 tensors_with_grad=69/72
[train] step 274: T=945 positions=16 loss=1.2379 ce=7.0084 tv=0.5968 conf=1.3999 grad_norm=3.4274 tensors_with_grad=69/72
[train] step 275: T=545 positions=16 loss=0.6887 ce=2.9986 tv=0.4320 conf=1.1139 grad_norm=2.0787 tensors_with_grad=69/72
[train] step 276: T=677 positions=16 loss=0.5170 ce=2.4073 tv=0.3069 conf=0.4767 grad_norm=2.6968 tensors_with_grad=69/72
[train] step 277: T=659 positions=16 loss=0.7830 ce=4.0863 tv=0.4159 conf=0.6232 grad_norm=2.8970 tensors_with_grad=69/72
[train] step 278: T=676 positions=16 loss=0.4695 ce=1.9609 tv=0.3038 conf=0.9209 grad_norm=3.7173 tensors_with_grad=69/72
[train] step 279: T=525 positions=16 loss=0.7402 ce=3.0566 tv=0.4829 conf=1.2659 grad_norm=3.7040 tensors_with_grad=69/72
[train] step 280: T=568 positions=16 loss=0.7589 ce=3.9845 tv=0.4005 conf=1.7406 grad_norm=3.9580 tensors_with_grad=69/72
[train] step 281: T=613 positions=16 loss=0.3785 ce=1.3353 tv=0.2721 conf=1.3694 grad_norm=3.1648 tensors_with_grad=69/72
[train] step 282: T=535 positions=16 loss=0.3514 ce=1.2776 tv=0.2485 conf=0.8552 grad_norm=2.4739 tensors_with_grad=69/72
[train] step 283: T=524 positions=16 loss=0.7810 ce=3.7386 tv=0.4524 conf=0.8383 grad_norm=2.4551 tensors_with_grad=69/72
[train] step 284: T=529 positions=16 loss=0.5912 ce=2.4432 tv=0.3854 conf=0.8369 grad_norm=2.7463 tensors_with_grad=69/72
[train] step 285: T=549 positions=16 loss=0.4510 ce=2.0924 tv=0.2686 conf=0.5943 grad_norm=1.5868 tensors_with_grad=69/72
[train] step 286: T=878 positions=16 loss=0.9317 ce=5.0161 tv=0.4779 conf=1.0448 grad_norm=3.0453 tensors_with_grad=69/72
[train] step 287: T=570 positions=16 loss=0.5200 ce=2.4808 tv=0.3022 conf=0.6402 grad_norm=4.0901 tensors_with_grad=69/72
[train] step 288: T=675 positions=16 loss=0.5286 ce=2.5817 tv=0.3005 conf=0.7855 grad_norm=7.4917 tensors_with_grad=69/72
[train] step 289: T=590 positions=16 loss=0.8130 ce=3.5676 tv=0.5069 conf=1.9359 grad_norm=2.8837 tensors_with_grad=69/72
[train] step 290: T=619 positions=16 loss=0.3088 ce=1.3802 tv=0.1897 conf=1.1123 grad_norm=1.0229 tensors_with_grad=69/72
[train] step 291: T=540 positions=16 loss=0.3394 ce=1.8889 tv=0.1672 conf=0.1859 grad_norm=2.4780 tensors_with_grad=69/72
[train] step 292: T=557 positions=16 loss=0.8453 ce=4.2935 tv=0.4621 conf=0.9565 grad_norm=4.1846 tensors_with_grad=69/72
[train] step 293: T=674 positions=16 loss=1.0075 ce=4.9273 tv=0.5720 conf=0.4297 grad_norm=1.9414 tensors_with_grad=69/72
[train] step 294: T=551 positions=16 loss=0.4513 ce=2.4706 tv=0.2269 conf=0.5705 grad_norm=3.2923 tensors_with_grad=69/72
[train] step 295: T=536 positions=16 loss=0.6366 ce=2.7921 tv=0.3971 conf=1.0825 grad_norm=2.9488 tensors_with_grad=69/72
[train] step 296: T=562 positions=16 loss=0.4014 ce=1.6152 tv=0.2666 conf=0.7184 grad_norm=2.7193 tensors_with_grad=69/72
[train] step 297: T=914 positions=16 loss=0.9450 ce=5.1868 tv=0.4737 conf=0.7310 grad_norm=2.8759 tensors_with_grad=69/72
[train] step 298: T=603 positions=16 loss=0.5258 ce=2.4880 tv=0.3078 conf=0.8581 grad_norm=1.9735 tensors_with_grad=69/72
[train] step 299: T=637 positions=16 loss=0.6472 ce=3.1448 tv=0.3696 conf=1.4661 grad_norm=2.9781 tensors_with_grad=69/72
[train] step 300: T=678 positions=16 loss=0.8814 ce=4.3268 tv=0.4986 conf=0.6643 grad_norm=2.3606 tensors_with_grad=69/72
[train] step 301: T=1167 positions=16 loss=1.0156 ce=5.1308 tv=0.5583 conf=0.8626 grad_norm=3.9375 tensors_with_grad=69/72
[train] step 302: T=590 positions=16 loss=0.1128 ce=0.2263 tv=0.1002 conf=0.5143 grad_norm=1.9543 tensors_with_grad=69/72
[train] step 303: T=539 positions=16 loss=0.4865 ce=2.4274 tv=0.2709 conf=0.3524 grad_norm=2.3278 tensors_with_grad=69/72
[train] step 304: T=1006 positions=16 loss=0.8341 ce=3.8697 tv=0.4968 conf=1.1930 grad_norm=2.9814 tensors_with_grad=69/72
[train] step 305: T=528 positions=16 loss=1.1872 ce=6.3402 tv=0.6146 conf=0.7427 grad_norm=2.5396 tensors_with_grad=69/72
[train] step 306: T=535 positions=16 loss=0.5068 ce=1.9271 tv=0.3490 conf=0.8956 grad_norm=2.3265 tensors_with_grad=69/72
[train] step 307: T=607 positions=16 loss=0.4620 ce=2.1397 tv=0.2756 conf=1.0402 grad_norm=3.8062 tensors_with_grad=69/72
[train] step 308: T=540 positions=16 loss=0.2189 ce=0.9750 tv=0.1348 conf=0.2750 grad_norm=2.2368 tensors_with_grad=69/72
[train] step 309: T=1532 positions=16 loss=0.8398 ce=4.4674 tv=0.4368 conf=0.9181 grad_norm=2.5202 tensors_with_grad=69/72
[train] step 310: T=532 positions=16 loss=0.5373 ce=3.0009 tv=0.2635 conf=0.3219 grad_norm=4.6171 tensors_with_grad=69/72
[train] step 311: T=1716 positions=16 loss=1.1467 ce=6.3562 tv=0.5678 conf=0.7078 grad_norm=2.0138 tensors_with_grad=69/72
[train] step 312: T=545 positions=16 loss=0.5855 ce=2.6137 tv=0.3601 conf=1.8261 grad_norm=3.7136 tensors_with_grad=69/72
[train] step 313: T=606 positions=16 loss=0.6096 ce=2.8146 tv=0.3646 conf=1.0845 grad_norm=6.5111 tensors_with_grad=69/72
[train] step 314: T=582 positions=16 loss=0.3373 ce=1.3299 tv=0.2270 conf=0.6851 grad_norm=2.1533 tensors_with_grad=69/72
[train] step 315: T=615 positions=16 loss=0.8008 ce=4.4659 tv=0.3936 conf=0.6536 grad_norm=2.7934 tensors_with_grad=69/72
[train] step 316: T=534 positions=16 loss=0.4680 ce=1.9979 tv=0.2980 conf=0.4696 grad_norm=4.3657 tensors_with_grad=69/72
[train] step 317: T=542 positions=16 loss=0.5557 ce=2.5344 tv=0.3358 conf=0.4930 grad_norm=3.8682 tensors_with_grad=69/72
[train] step 318: T=626 positions=16 loss=0.4387 ce=2.0187 tv=0.2632 conf=1.1465 grad_norm=3.9845 tensors_with_grad=69/72
[train] step 319: T=525 positions=16 loss=0.6627 ce=2.9940 tv=0.4036 conf=0.5281 grad_norm=2.1600 tensors_with_grad=69/72
[train] step 320: T=627 positions=16 loss=0.2241 ce=0.5009 tv=0.1934 conf=2.0266 grad_norm=3.2680 tensors_with_grad=69/72
[train] step 321: T=641 positions=16 loss=0.7170 ce=4.1065 tv=0.3404 conf=0.9948 grad_norm=2.4130 tensors_with_grad=69/72
[train] step 322: T=605 positions=16 loss=0.3665 ce=1.4648 tv=0.2444 conf=1.1079 grad_norm=4.3225 tensors_with_grad=69/72
[train] step 323: T=532 positions=16 loss=0.4029 ce=2.0315 tv=0.2220 conf=0.4339 grad_norm=2.2141 tensors_with_grad=69/72
[train] step 324: T=526 positions=16 loss=0.9490 ce=4.6052 tv=0.5427 conf=0.8310 grad_norm=2.0705 tensors_with_grad=69/72
[train] step 325: T=545 positions=16 loss=0.2348 ce=0.7595 tv=0.1765 conf=0.4436 grad_norm=2.3884 tensors_with_grad=69/72
[train] step 326: T=561 positions=16 loss=0.6018 ce=3.1376 tv=0.3200 conf=0.9097 grad_norm=3.1343 tensors_with_grad=69/72
[train] step 327: T=540 positions=16 loss=0.4227 ce=2.0640 tv=0.2404 conf=0.5237 grad_norm=5.9354 tensors_with_grad=69/72
[train] step 328: T=1025 positions=16 loss=1.0616 ce=5.6676 tv=0.5498 conf=0.9032 grad_norm=2.7164 tensors_with_grad=69/72
[train] step 329: T=1316 positions=16 loss=0.9233 ce=5.1086 tv=0.4583 conf=0.5556 grad_norm=1.7350 tensors_with_grad=69/72
[train] step 330: T=593 positions=16 loss=0.8030 ce=3.6489 tv=0.4868 conf=1.5553 grad_norm=2.2460 tensors_with_grad=69/72
[train] step 331: T=1364 positions=16 loss=1.1925 ce=6.3918 tv=0.6148 conf=0.4253 grad_norm=2.9291 tensors_with_grad=69/72
[train] step 332: T=563 positions=16 loss=0.7350 ce=3.9941 tv=0.3729 conf=0.5202 grad_norm=2.7119 tensors_with_grad=69/72
[train] step 333: T=621 positions=16 loss=0.6098 ce=2.6698 tv=0.3809 conf=1.0766 grad_norm=4.1625 tensors_with_grad=69/72
[train] step 334: T=1798 positions=16 loss=0.9732 ce=5.4409 tv=0.4768 conf=1.5570 grad_norm=1.9535 tensors_with_grad=69/72
[train] step 335: T=565 positions=16 loss=0.8097 ce=3.7287 tv=0.4854 conf=0.3010 grad_norm=6.3182 tensors_with_grad=69/72
[train] step 336: T=592 positions=16 loss=0.4509 ce=1.9410 tv=0.2853 conf=1.0031 grad_norm=3.5735 tensors_with_grad=69/72
[train] step 337: T=559 positions=16 loss=0.2322 ce=1.1264 tv=0.1329 conf=0.2347 grad_norm=1.4769 tensors_with_grad=69/72
[train] step 338: T=538 positions=16 loss=0.1361 ce=0.6461 tv=0.0794 conf=0.0549 grad_norm=3.8528 tensors_with_grad=69/72
[train] step 339: T=554 positions=16 loss=0.6487 ce=3.1423 tv=0.3716 conf=1.0082 grad_norm=2.7733 tensors_with_grad=69/72
[train] step 340: T=577 positions=16 loss=0.8647 ce=4.1689 tv=0.4976 conf=1.1330 grad_norm=2.5752 tensors_with_grad=69/72
[train] step 341: T=630 positions=16 loss=0.2637 ce=1.1167 tv=0.1690 conf=0.5320 grad_norm=3.0216 tensors_with_grad=69/72
[train] step 342: T=672 positions=16 loss=0.7889 ce=4.0534 tv=0.4262 conf=0.6756 grad_norm=2.4385 tensors_with_grad=69/72
[train] step 343: T=536 positions=16 loss=0.2406 ce=1.1423 tv=0.1404 conf=0.4548 grad_norm=2.2757 tensors_with_grad=69/72
[train] step 344: T=528 positions=16 loss=0.4776 ce=2.2498 tv=0.2807 conf=0.7824 grad_norm=1.9297 tensors_with_grad=69/72
[train] step 345: T=547 positions=16 loss=0.7439 ce=3.7139 tv=0.4139 conf=0.6882 grad_norm=2.4902 tensors_with_grad=69/72
[train] step 346: T=639 positions=16 loss=0.3200 ce=1.5747 tv=0.1806 conf=0.5569 grad_norm=2.4570 tensors_with_grad=69/72
[train] step 347: T=602 positions=16 loss=0.4876 ce=2.4452 tv=0.2701 conf=1.2211 grad_norm=8.0181 tensors_with_grad=69/72
[train] step 348: T=665 positions=16 loss=0.2345 ce=0.8229 tv=0.1692 conf=0.6288 grad_norm=2.1280 tensors_with_grad=69/72
[train] step 349: T=600 positions=16 loss=0.7912 ce=4.0217 tv=0.4322 conf=1.1354 grad_norm=4.5547 tensors_with_grad=69/72
[train] step 350: T=1649 positions=16 loss=1.2019 ce=6.3348 tv=0.6316 conf=0.6649 grad_norm=2.2883 tensors_with_grad=69/72
[train] step 351: T=1232 positions=16 loss=0.9813 ce=4.4045 tv=0.6010 conf=1.3710 grad_norm=3.2243 tensors_with_grad=69/72
[train] step 352: T=528 positions=16 loss=0.7152 ce=3.0994 tv=0.4503 conf=0.5892 grad_norm=2.1564 tensors_with_grad=69/72
[train] step 353: T=1067 positions=16 loss=1.0972 ce=5.7037 tv=0.5854 conf=1.4331 grad_norm=3.7584 tensors_with_grad=69/72
[train] step 354: T=524 positions=16 loss=1.1475 ce=6.4344 tv=0.5601 conf=0.7454 grad_norm=2.7276 tensors_with_grad=69/72
[train] step 355: T=634 positions=16 loss=0.5577 ce=2.3014 tv=0.3640 conf=1.6121 grad_norm=2.8487 tensors_with_grad=69/72
[train] step 356: T=593 positions=16 loss=0.4076 ce=2.1103 tv=0.2185 conf=0.8503 grad_norm=4.1058 tensors_with_grad=69/72
[train] step 357: T=524 positions=16 loss=0.6404 ce=2.6267 tv=0.4197 conf=0.5944 grad_norm=4.4652 tensors_with_grad=69/72
[train] step 358: T=574 positions=16 loss=0.4565 ce=1.9826 tv=0.2869 conf=0.6536 grad_norm=4.9197 tensors_with_grad=69/72
[train] step 359: T=602 positions=16 loss=0.4500 ce=1.8569 tv=0.2936 conf=0.9238 grad_norm=2.0287 tensors_with_grad=69/72
[train] step 360: T=573 positions=16 loss=0.3636 ce=1.8953 tv=0.1934 conf=0.2916 grad_norm=2.4154 tensors_with_grad=69/72
[train] step 361: T=677 positions=16 loss=0.6719 ce=3.2387 tv=0.3867 conf=1.3832 grad_norm=6.3023 tensors_with_grad=69/72
[train] step 362: T=568 positions=16 loss=1.2121 ce=6.2902 tv=0.6478 conf=0.9741 grad_norm=2.5446 tensors_with_grad=69/72
[train] step 363: T=961 positions=16 loss=1.0542 ce=5.4094 tv=0.5703 conf=2.3900 grad_norm=4.8787 tensors_with_grad=69/72
[train] step 364: T=569 positions=16 loss=0.9732 ce=4.8243 tv=0.5452 conf=1.1311 grad_norm=4.2093 tensors_with_grad=69/72
[train] step 365: T=533 positions=16 loss=0.5046 ce=1.8948 tv=0.3502 conf=0.8889 grad_norm=5.2274 tensors_with_grad=69/72
[train] step 366: T=539 positions=16 loss=0.7023 ce=3.0832 tv=0.4378 conf=0.7239 grad_norm=2.7525 tensors_with_grad=69/72
[train] step 367: T=562 positions=16 loss=0.4165 ce=1.8198 tv=0.2606 conf=0.6042 grad_norm=2.2566 tensors_with_grad=69/72
[train] step 368: T=531 positions=16 loss=0.3624 ce=1.8216 tv=0.2003 conf=0.0764 grad_norm=1.8528 tensors_with_grad=69/72
[train] step 369: T=539 positions=16 loss=0.7255 ce=3.5354 tv=0.4133 conf=0.6036 grad_norm=4.1774 tensors_with_grad=69/72
[train] step 370: T=618 positions=16 loss=0.7257 ce=3.3867 tv=0.4300 conf=1.1781 grad_norm=4.8927 tensors_with_grad=69/72
[train] step 371: T=535 positions=16 loss=0.1246 ce=0.5285 tv=0.0798 conf=0.3414 grad_norm=2.6154 tensors_with_grad=69/72
[train] step 372: T=675 positions=16 loss=0.8718 ce=4.2365 tv=0.4980 conf=1.1967 grad_norm=2.9301 tensors_with_grad=69/72
[train] step 373: T=606 positions=16 loss=0.2188 ce=1.1432 tv=0.1160 conf=0.4687 grad_norm=1.0164 tensors_with_grad=69/72
[train] step 374: T=529 positions=16 loss=0.7101 ce=3.3633 tv=0.4153 conf=0.5303 grad_norm=2.1627 tensors_with_grad=69/72
[train] step 375: T=529 positions=16 loss=1.1116 ce=5.0332 tv=0.6758 conf=1.2203 grad_norm=2.6318 tensors_with_grad=69/72
[train] step 376: T=530 positions=16 loss=0.6874 ce=2.9687 tv=0.4339 conf=0.8132 grad_norm=2.0286 tensors_with_grad=69/72
[train] step 377: T=1003 positions=16 loss=0.8326 ce=4.5613 tv=0.4183 conf=0.3466 grad_norm=2.0675 tensors_with_grad=69/72
[train] step 378: T=551 positions=16 loss=0.8226 ce=4.3172 tv=0.4343 conf=1.6642 grad_norm=4.4826 tensors_with_grad=69/72
[train] step 379: T=810 positions=16 loss=0.5842 ce=3.0573 tv=0.3094 conf=0.2189 grad_norm=2.8517 tensors_with_grad=69/72
[train] step 380: T=533 positions=16 loss=0.3634 ce=1.3419 tv=0.2546 conf=0.5475 grad_norm=2.4117 tensors_with_grad=69/72
[train] step 381: T=672 positions=16 loss=0.9239 ce=4.1609 tv=0.5642 conf=0.9004 grad_norm=2.7133 tensors_with_grad=69/72
[train] step 382: T=1041 positions=16 loss=1.0024 ce=5.7456 tv=0.4754 conf=0.9237 grad_norm=5.1773 tensors_with_grad=69/72
[train] step 383: T=599 positions=16 loss=0.5075 ce=2.6644 tv=0.2679 conf=1.1239 grad_norm=4.4922 tensors_with_grad=69/72
[train] step 384: T=678 positions=16 loss=0.3308 ce=1.4101 tv=0.2109 conf=0.9318 grad_norm=2.1174 tensors_with_grad=69/72
[train] step 385: T=672 positions=16 loss=0.8967 ce=4.6896 tv=0.4753 conf=0.5107 grad_norm=6.1570 tensors_with_grad=69/72
[train] step 386: T=570 positions=16 loss=1.1551 ce=5.9393 tv=0.6235 conf=0.5087 grad_norm=5.4038 tensors_with_grad=69/72
[train] step 387: T=1218 positions=16 loss=1.1771 ce=6.3717 tv=0.5999 conf=1.4594 grad_norm=3.6328 tensors_with_grad=69/72
[train] step 388: T=529 positions=16 loss=0.4926 ce=2.1833 tv=0.3048 conf=0.2420 grad_norm=2.2898 tensors_with_grad=69/72
[train] step 389: T=532 positions=16 loss=0.3297 ce=1.1302 tv=0.2407 conf=0.9976 grad_norm=3.6630 tensors_with_grad=69/72
[train] step 390: T=541 positions=16 loss=0.4321 ce=2.3255 tv=0.2218 conf=0.2286 grad_norm=2.3866 tensors_with_grad=69/72
[train] step 391: T=531 positions=16 loss=0.3859 ce=1.6362 tv=0.2470 conf=1.1358 grad_norm=3.2314 tensors_with_grad=69/72
[train] step 392: T=630 positions=16 loss=0.3222 ce=1.3048 tv=0.2130 conf=0.8975 grad_norm=3.2624 tensors_with_grad=69/72
[train] step 393: T=1225 positions=16 loss=1.0331 ce=5.5872 tv=0.5271 conf=1.2037 grad_norm=2.9723 tensors_with_grad=69/72
[train] step 394: T=622 positions=16 loss=0.6606 ce=3.1687 tv=0.3820 conf=1.0665 grad_norm=3.4222 tensors_with_grad=69/72
[train] step 395: T=950 positions=16 loss=0.8529 ce=4.4748 tv=0.4505 conf=1.0116 grad_norm=4.5890 tensors_with_grad=69/72
[train] step 396: T=537 positions=16 loss=0.1766 ce=0.8720 tv=0.0993 conf=0.2713 grad_norm=1.1935 tensors_with_grad=69/72
[train] step 397: T=616 positions=16 loss=0.2280 ce=1.0330 tv=0.1386 conf=0.5509 grad_norm=1.9586 tensors_with_grad=69/72
[train] step 398: T=532 positions=16 loss=0.1368 ce=0.4501 tv=0.1020 conf=0.7410 grad_norm=1.6461 tensors_with_grad=69/72
[train] step 399: T=587 positions=16 loss=0.2446 ce=0.7806 tv=0.1850 conf=1.1889 grad_norm=3.7959 tensors_with_grad=69/72
[train] step 400: T=611 positions=16 loss=0.8150 ce=4.0180 tv=0.4591 conf=0.7656 grad_norm=3.3997 tensors_with_grad=69/72
[train] step 401: T=534 positions=16 loss=0.2495 ce=1.0712 tv=0.1582 conf=0.3116 grad_norm=2.0688 tensors_with_grad=69/72
[train] step 402: T=532 positions=16 loss=0.0836 ce=0.1517 tv=0.0760 conf=0.0831 grad_norm=1.2805 tensors_with_grad=69/72
[train] step 403: T=525 positions=16 loss=0.3320 ce=1.7516 tv=0.1743 conf=0.7462 grad_norm=1.7998 tensors_with_grad=69/72
[train] step 404: T=628 positions=16 loss=0.6232 ce=2.6103 tv=0.4024 conf=1.1870 grad_norm=2.7011 tensors_with_grad=69/72
[train] step 405: T=940 positions=16 loss=0.9520 ce=5.0738 tv=0.4940 conf=1.6657 grad_norm=3.2498 tensors_with_grad=69/72
[train] step 406: T=672 positions=16 loss=0.3691 ce=1.4139 tv=0.2530 conf=0.5753 grad_norm=2.8992 tensors_with_grad=69/72
[train] step 407: T=642 positions=16 loss=0.8144 ce=3.6168 tv=0.5031 conf=1.5834 grad_norm=2.6156 tensors_with_grad=69/72
[train] step 408: T=673 positions=16 loss=0.8647 ce=3.7706 tv=0.5419 conf=1.1812 grad_norm=3.9436 tensors_with_grad=69/72
[train] step 409: T=532 positions=16 loss=0.4902 ce=2.2609 tv=0.2935 conf=0.6492 grad_norm=3.0071 tensors_with_grad=69/72
[train] step 410: T=528 positions=16 loss=1.0218 ce=5.2789 tv=0.5487 conf=1.0328 grad_norm=3.6707 tensors_with_grad=69/72
[train] step 411: T=585 positions=16 loss=0.7155 ce=3.2450 tv=0.4344 conf=0.6926 grad_norm=4.4206 tensors_with_grad=69/72
[train] step 412: T=544 positions=16 loss=0.1686 ce=0.5459 tv=0.1267 conf=0.5293 grad_norm=2.3096 tensors_with_grad=69/72
[train] step 413: T=544 positions=16 loss=0.2052 ce=0.6110 tv=0.1602 conf=0.7523 grad_norm=3.4474 tensors_with_grad=69/72
[train] step 414: T=674 positions=16 loss=0.8002 ce=3.7655 tv=0.4707 conf=0.9592 grad_norm=4.0583 tensors_with_grad=69/72
[train] step 415: T=558 positions=16 loss=0.2611 ce=0.8704 tv=0.1933 conf=1.4527 grad_norm=2.4635 tensors_with_grad=69/72
[train] step 416: T=596 positions=16 loss=0.4913 ce=1.8889 tv=0.3360 conf=0.9299 grad_norm=4.2202 tensors_with_grad=69/72
[train] step 417: T=644 positions=16 loss=0.8002 ce=3.5691 tv=0.4926 conf=1.2944 grad_norm=3.8649 tensors_with_grad=69/72
[train] step 418: T=676 positions=16 loss=0.4754 ce=2.1700 tv=0.2871 conf=0.6686 grad_norm=5.6973 tensors_with_grad=69/72
[train] step 419: T=643 positions=16 loss=0.7064 ce=3.1241 tv=0.4378 conf=0.5734 grad_norm=2.3830 tensors_with_grad=69/72
[train] step 420: T=526 positions=16 loss=0.2237 ce=1.1189 tv=0.1242 conf=0.0722 grad_norm=1.0264 tensors_with_grad=69/72
[train] step 421: T=540 positions=16 loss=0.1992 ce=0.9145 tv=0.1197 conf=0.2680 grad_norm=0.8820 tensors_with_grad=69/72
[train] step 422: T=665 positions=16 loss=0.9037 ce=4.2993 tv=0.5264 conf=0.8104 grad_norm=3.8049 tensors_with_grad=69/72
[train] step 423: T=530 positions=16 loss=0.7026 ce=3.4573 tv=0.3965 conf=1.7418 grad_norm=9.7456 tensors_with_grad=69/72
[train] step 424: T=526 positions=16 loss=0.6147 ce=3.3224 tv=0.3138 conf=0.1775 grad_norm=3.5578 tensors_with_grad=69/72
[train] step 425: T=539 positions=16 loss=0.2397 ce=0.8882 tv=0.1676 conf=0.6223 grad_norm=2.4412 tensors_with_grad=69/72
[train] step 426: T=548 positions=16 loss=0.6789 ce=3.3177 tv=0.3857 conf=0.4595 grad_norm=3.1742 tensors_with_grad=69/72
[train] step 427: T=545 positions=16 loss=0.4273 ce=2.0930 tv=0.2422 conf=0.6319 grad_norm=3.4474 tensors_with_grad=69/72
[train] step 428: T=889 positions=16 loss=0.9681 ce=4.9805 tv=0.5223 conf=0.5201 grad_norm=3.8356 tensors_with_grad=69/72
[train] step 429: T=673 positions=16 loss=0.5954 ce=2.9065 tv=0.3386 conf=0.3145 grad_norm=2.7229 tensors_with_grad=69/72
[train] step 430: T=597 positions=16 loss=0.1700 ce=0.4902 tv=0.1344 conf=0.6651 grad_norm=2.0032 tensors_with_grad=69/72
[train] step 431: T=601 positions=16 loss=0.5698 ce=3.0088 tv=0.2988 conf=1.2759 grad_norm=3.5531 tensors_with_grad=69/72
[train] step 432: T=525 positions=16 loss=0.8100 ce=3.4493 tv=0.5168 conf=1.3911 grad_norm=3.7024 tensors_with_grad=69/72
[train] step 433: T=541 positions=16 loss=0.1382 ce=0.2551 tv=0.1252 conf=0.3991 grad_norm=1.5760 tensors_with_grad=69/72
[train] step 434: T=561 positions=16 loss=0.4016 ce=1.7888 tv=0.2475 conf=0.8907 grad_norm=2.7429 tensors_with_grad=69/72
[train] step 435: T=556 positions=16 loss=0.4849 ce=2.6559 tv=0.2437 conf=0.6321 grad_norm=2.4900 tensors_with_grad=69/72
[train] step 436: T=541 positions=16 loss=0.1958 ce=0.7248 tv=0.1370 conf=0.4946 grad_norm=2.1602 tensors_with_grad=69/72
[train] step 437: T=582 positions=16 loss=0.7403 ce=3.5968 tv=0.4229 conf=0.6858 grad_norm=4.0471 tensors_with_grad=69/72
[train] step 438: T=543 positions=16 loss=0.6741 ce=3.8612 tv=0.3200 conf=0.6871 grad_norm=3.2835 tensors_with_grad=69/72
[train] step 439: T=636 positions=16 loss=0.6021 ce=2.6199 tv=0.3779 conf=2.0586 grad_norm=2.0463 tensors_with_grad=69/72
[train] step 440: T=530 positions=16 loss=0.7504 ce=3.0586 tv=0.4939 conf=1.2108 grad_norm=2.0393 tensors_with_grad=69/72
[train] step 441: T=581 positions=16 loss=0.5565 ce=2.3770 tv=0.3543 conf=0.5210 grad_norm=2.9717 tensors_with_grad=69/72
[train] step 442: T=569 positions=16 loss=0.4245 ce=1.8373 tv=0.2675 conf=0.5968 grad_norm=3.0688 tensors_with_grad=69/72
[train] step 443: T=573 positions=16 loss=0.5114 ce=2.4211 tv=0.2992 conf=0.7373 grad_norm=2.2014 tensors_with_grad=69/72
[train] step 444: T=543 positions=16 loss=0.8719 ce=4.4665 tv=0.4725 conf=1.2387 grad_norm=5.4395 tensors_with_grad=69/72
[train] step 445: T=546 positions=16 loss=0.2531 ce=1.2398 tv=0.1434 conf=0.6645 grad_norm=2.5176 tensors_with_grad=69/72
[train] step 446: T=672 positions=16 loss=1.0646 ce=5.2819 tv=0.5961 conf=1.0199 grad_norm=3.2842 tensors_with_grad=69/72
[train] step 447: T=604 positions=16 loss=0.6255 ce=2.8204 tv=0.3816 conf=1.0371 grad_norm=7.8620 tensors_with_grad=69/72
[train] step 448: T=622 positions=16 loss=0.5859 ce=2.9689 tv=0.3211 conf=0.7188 grad_norm=1.5260 tensors_with_grad=69/72
[train] step 449: T=542 positions=16 loss=0.5864 ce=2.7501 tv=0.3460 conf=0.8433 grad_norm=4.9915 tensors_with_grad=69/72
[train] step 450: T=539 positions=16 loss=0.2914 ce=1.2705 tv=0.1826 conf=0.9776 grad_norm=3.2590 tensors_with_grad=69/72
[train] step 451: T=636 positions=16 loss=0.3540 ce=1.3008 tv=0.2488 conf=0.8346 grad_norm=3.4474 tensors_with_grad=69/72
[train] step 452: T=587 positions=16 loss=0.2325 ce=1.2176 tv=0.1230 conf=0.7234 grad_norm=1.1279 tensors_with_grad=69/72
[train] step 453: T=633 positions=16 loss=0.7830 ce=4.0388 tv=0.4212 conf=0.6920 grad_norm=3.7107 tensors_with_grad=69/72
[train] step 454: T=536 positions=16 loss=0.1322 ce=0.5132 tv=0.0898 conf=0.1911 grad_norm=1.6200 tensors_with_grad=69/72
[train] step 455: T=529 positions=16 loss=0.4317 ce=2.2185 tv=0.2331 conf=1.0906 grad_norm=3.8286 tensors_with_grad=69/72
[train] step 456: T=580 positions=16 loss=0.2226 ce=0.7959 tv=0.1589 conf=0.6776 grad_norm=2.3873 tensors_with_grad=69/72
[train] step 457: T=1549 positions=16 loss=1.1698 ce=6.3021 tv=0.5995 conf=0.3417 grad_norm=2.0151 tensors_with_grad=69/72
[train] step 458: T=636 positions=16 loss=0.3835 ce=1.5088 tv=0.2584 conf=0.9685 grad_norm=4.9100 tensors_with_grad=69/72
[train] step 459: T=899 positions=16 loss=0.6624 ce=3.4177 tv=0.3563 conf=0.9051 grad_norm=1.8213 tensors_with_grad=69/72
[train] step 460: T=611 positions=16 loss=0.1960 ce=0.8437 tv=0.1241 conf=0.4867 grad_norm=0.9541 tensors_with_grad=69/72
[train] step 461: T=533 positions=16 loss=0.3024 ce=1.1513 tv=0.2081 conf=0.3675 grad_norm=2.2409 tensors_with_grad=69/72
[train] step 462: T=567 positions=16 loss=0.7596 ce=3.6179 tv=0.4420 conf=1.0755 grad_norm=3.1958 tensors_with_grad=69/72
[train] step 463: T=539 positions=16 loss=0.1617 ce=0.7117 tv=0.1005 conf=0.1308 grad_norm=1.2406 tensors_with_grad=69/72
[train] step 464: T=539 positions=16 loss=0.2284 ce=1.1464 tv=0.1264 conf=0.1487 grad_norm=1.8639 tensors_with_grad=69/72
[train] step 465: T=663 positions=16 loss=0.5158 ce=2.3122 tv=0.3162 conf=0.7557 grad_norm=4.1583 tensors_with_grad=69/72
[train] step 466: T=601 positions=16 loss=0.5657 ce=2.5041 tv=0.3503 conf=0.6559 grad_norm=1.9762 tensors_with_grad=69/72
[train] step 467: T=532 positions=16 loss=0.2910 ce=1.4625 tv=0.1608 conf=0.2285 grad_norm=2.5084 tensors_with_grad=69/72
[train] step 468: T=575 positions=16 loss=0.7232 ce=3.3154 tv=0.4352 conf=0.7787 grad_norm=1.9111 tensors_with_grad=69/72
[train] step 469: T=542 positions=16 loss=0.3300 ce=1.3828 tv=0.2130 conf=0.6510 grad_norm=4.0121 tensors_with_grad=69/72
[train] step 470: T=1125 positions=16 loss=0.7120 ce=3.5654 tv=0.3950 conf=0.6119 grad_norm=3.2388 tensors_with_grad=69/72
[train] step 471: T=586 positions=16 loss=0.6943 ce=3.1920 tv=0.4168 conf=1.0722 grad_norm=5.8034 tensors_with_grad=69/72
[train] step 472: T=576 positions=16 loss=0.4249 ce=1.8158 tv=0.2704 conf=1.0748 grad_norm=2.0416 tensors_with_grad=69/72
[train] step 473: T=534 positions=16 loss=0.4902 ce=2.2170 tv=0.2983 conf=0.9301 grad_norm=2.7205 tensors_with_grad=69/72
[train] step 474: T=535 positions=16 loss=0.3736 ce=1.8228 tv=0.2126 conf=0.3022 grad_norm=3.1100 tensors_with_grad=69/72
[train] step 475: T=663 positions=16 loss=0.8113 ce=3.4549 tv=0.5176 conf=0.9454 grad_norm=3.3586 tensors_with_grad=69/72
[train] step 476: T=593 positions=16 loss=0.7605 ce=3.9802 tv=0.4027 conf=1.3393 grad_norm=4.4109 tensors_with_grad=69/72
[train] step 477: T=672 positions=16 loss=1.0436 ce=5.2524 tv=0.5759 conf=0.7734 grad_norm=2.8258 tensors_with_grad=69/72
[train] step 478: T=572 positions=16 loss=0.8799 ce=4.6422 tv=0.4618 conf=1.0977 grad_norm=2.6749 tensors_with_grad=69/72
[train] step 479: T=672 positions=16 loss=0.8191 ce=3.7497 tv=0.4934 conf=0.9113 grad_norm=2.7760 tensors_with_grad=69/72
[train] step 480: T=557 positions=16 loss=0.3351 ce=1.4300 tv=0.2134 conf=0.4759 grad_norm=2.8580 tensors_with_grad=69/72
[train] step 481: T=676 positions=16 loss=0.6302 ce=2.7863 tv=0.3907 conf=1.1773 grad_norm=2.8238 tensors_with_grad=69/72
[train] step 482: T=676 positions=16 loss=0.8358 ce=3.8966 tv=0.4957 conf=0.7503 grad_norm=2.4377 tensors_with_grad=69/72
[train] step 483: T=526 positions=16 loss=0.8459 ce=3.6186 tv=0.5378 conf=1.0846 grad_norm=5.0483 tensors_with_grad=69/72
[train] step 484: T=585 positions=16 loss=0.4339 ce=1.9451 tv=0.2660 conf=0.8404 grad_norm=2.7813 tensors_with_grad=69/72
[train] step 485: T=542 positions=16 loss=0.4757 ce=1.8421 tv=0.3239 conf=0.4196 grad_norm=4.2609 tensors_with_grad=69/72
[train] step 486: T=572 positions=16 loss=0.4700 ce=2.0679 tv=0.2925 conf=0.8377 grad_norm=3.6973 tensors_with_grad=69/72
[train] step 487: T=567 positions=16 loss=0.7301 ce=3.2840 tv=0.4463 conf=1.4622 grad_norm=4.7251 tensors_with_grad=69/72
[train] step 488: T=591 positions=16 loss=0.4864 ce=2.3155 tv=0.2831 conf=0.6955 grad_norm=6.4846 tensors_with_grad=69/72
[train] step 489: T=536 positions=16 loss=0.0758 ce=0.3927 tv=0.0406 conf=0.0359 grad_norm=0.4279 tensors_with_grad=69/72
[diag] draft-argmax == TARGET-argmax : 62.6%  | == ground-truth token: 62.4%
[diag] mean top-1 prob  target 0.840  draft 0.764   (TV near 1 with a PEAKED draft => misalignment; with a FLAT draft => genuine)
[train] saved 72 trained tensors -> /cap/s3recap-hass1/c2/trained/mtp_trained.safetensors
[train] saved AdamW state -> /cap/s3recap-hass1/c2/trained/opt_state.pt (needed for --resume to be equivalent to one continuous run)
[train] metrics -> /cap/s3recap-hass1/c2/train_metrics.json  (loss 0.6902 -> 0.0758, tail mean 0.5417)
[train] TRAIN OK
