[train] device=cuda torch=2.10.0
  loading model-00046-of-00048.safetensors ...
  loading model-00047-of-00048.safetensors ...
  loading model-00048-of-00048.safetensors ...
  dequantised 1512 tensors, 12.60 B params, 23.5 GiB bf16
[train] weights ready in 8.8s
[train] trainable 517.3 M in 72 tensors | frozen experts 12.08 B
[train] capture: 491 sample(s)
[Gloo] Rank 0 is connected to 0 peer ranks. Expected number of connected peer ranks is : 0
[train] ModelArgs: n_mtp=3 block=5 taps=[40, 41, 42] markov_rank=256
[train] built 3 DSparkBlock(s) on meta
[train] re-materialised freqs_cis on 3 attention module(s) (persistent=False buffers are NOT in state_dict and to_empty() zapped them)
[train] load_state_dict: 0 missing, 0 unexpected
[train] GATE1 model construction OK
[train] aux: embed.weight(129280, 4096), head.weight(129280, 4096)
[train] trainable tensors in graph: 72 / 517.3 M
[train] lr schedule: linear warmup 73 step(s) -> cosine over 1472 session step(s), peak 5e-05; this chunk is steps 0..490
/work/train/train_head.py:115: UserWarning: Converting a tensor with requires_grad=True to a scalar may lead to unexpected behavior.
Consider using tensor.detach() first. (Triggered internally at /opt/pytorch/torch/csrc/autograd/generated/python_variable_methods.cpp:836.)
  parts = {"ce": float((w * ce).sum()), "tv": float((w * tv).sum()), "conf": 0.0}
[train] step 0: T=541 positions=16 loss=1.6274 ce=3.7850 tv=0.5689 conf=0.8762 grad_norm=10.2535 tensors_with_grad=69/72
[train] step 1: T=645 positions=16 loss=2.2236 ce=4.7431 tv=0.7353 conf=0.5140 grad_norm=12.1296 tensors_with_grad=69/72
[train] step 2: T=527 positions=16 loss=1.0089 ce=4.7901 tv=0.5018 conf=0.6811 grad_norm=7.1102 tensors_with_grad=69/72
[train] step 3: T=848 positions=16 loss=0.9848 ce=3.7278 tv=0.4800 conf=0.4758 grad_norm=9.7899 tensors_with_grad=69/72
[train] step 4: T=675 positions=16 loss=1.2946 ce=4.8137 tv=0.4060 conf=0.8132 grad_norm=6.7969 tensors_with_grad=69/72
[train] step 5: T=536 positions=16 loss=0.7841 ce=3.1088 tv=0.2472 conf=0.4552 grad_norm=5.4242 tensors_with_grad=69/72
[train] step 6: T=619 positions=16 loss=0.5554 ce=1.9368 tv=0.1576 conf=0.4719 grad_norm=4.8271 tensors_with_grad=69/72
[train] step 7: T=632 positions=16 loss=1.7789 ce=3.9566 tv=0.7113 conf=0.5755 grad_norm=8.9292 tensors_with_grad=69/72
[train] step 8: T=529 positions=16 loss=0.7653 ce=2.2304 tv=0.4638 conf=0.6911 grad_norm=9.2113 tensors_with_grad=69/72
[train] step 9: T=530 positions=16 loss=0.7555 ce=2.0620 tv=0.3999 conf=0.5805 grad_norm=6.4984 tensors_with_grad=69/72
[train] step 10: T=660 positions=16 loss=1.8296 ce=4.6838 tv=0.7212 conf=0.4682 grad_norm=8.5125 tensors_with_grad=69/72
[train] step 11: T=1056 positions=16 loss=1.7371 ce=5.0317 tv=0.5764 conf=0.6195 grad_norm=7.9842 tensors_with_grad=69/72
[train] step 12: T=537 positions=16 loss=0.5042 ce=1.8454 tv=0.3042 conf=0.7118 grad_norm=3.6222 tensors_with_grad=69/72
[train] step 13: T=539 positions=16 loss=1.2313 ce=3.1741 tv=0.5844 conf=0.8549 grad_norm=11.8057 tensors_with_grad=69/72
[train] step 14: T=627 positions=16 loss=0.6713 ce=2.1667 tv=0.2234 conf=0.4468 grad_norm=4.8329 tensors_with_grad=69/72
[train] step 15: T=526 positions=16 loss=1.6401 ce=4.2898 tv=0.6763 conf=0.6512 grad_norm=8.7844 tensors_with_grad=69/72
[train] step 16: T=1697 positions=16 loss=2.1117 ce=5.5535 tv=0.7455 conf=0.5081 grad_norm=6.3700 tensors_with_grad=69/72
[train] step 17: T=608 positions=16 loss=1.1272 ce=3.6755 tv=0.5370 conf=0.7661 grad_norm=10.0976 tensors_with_grad=69/72
[train] step 18: T=541 positions=16 loss=0.4769 ce=1.7927 tv=0.2740 conf=0.6197 grad_norm=4.9753 tensors_with_grad=69/72
[train] step 19: T=528 positions=16 loss=1.6463 ce=4.2756 tv=0.6522 conf=0.4701 grad_norm=6.2537 tensors_with_grad=69/72
[train] step 20: T=531 positions=16 loss=0.8101 ce=2.5570 tv=0.4243 conf=0.4939 grad_norm=9.4045 tensors_with_grad=69/72
[train] step 21: T=531 positions=16 loss=0.7314 ce=2.1493 tv=0.4818 conf=0.7918 grad_norm=6.0760 tensors_with_grad=69/72
[train] step 22: T=536 positions=16 loss=1.5757 ce=4.9774 tv=0.5987 conf=0.8519 grad_norm=6.8270 tensors_with_grad=69/72
[train] step 23: T=571 positions=16 loss=1.6775 ce=4.5725 tv=0.6838 conf=0.6847 grad_norm=13.4859 tensors_with_grad=69/72
[train] step 24: T=524 positions=16 loss=0.7379 ce=2.2667 tv=0.2268 conf=0.3231 grad_norm=4.0677 tensors_with_grad=69/72
[train] step 25: T=675 positions=16 loss=1.8492 ce=5.0083 tv=0.6877 conf=0.4995 grad_norm=13.8894 tensors_with_grad=69/72
[train] step 26: T=615 positions=16 loss=0.5904 ce=1.9875 tv=0.3139 conf=0.5124 grad_norm=5.0064 tensors_with_grad=69/72
[train] step 27: T=677 positions=16 loss=1.0879 ce=3.1192 tv=0.5405 conf=0.7611 grad_norm=5.7273 tensors_with_grad=69/72
[train] step 28: T=537 positions=16 loss=1.5164 ce=5.2368 tv=0.5794 conf=0.7110 grad_norm=13.4792 tensors_with_grad=69/72
[train] step 29: T=652 positions=16 loss=1.7502 ce=4.3954 tv=0.7200 conf=0.4799 grad_norm=8.1991 tensors_with_grad=69/72
[train] step 30: T=553 positions=16 loss=0.4863 ce=1.4453 tv=0.3154 conf=0.4797 grad_norm=2.8969 tensors_with_grad=69/72
[train] step 31: T=528 positions=16 loss=0.5175 ce=1.5245 tv=0.3764 conf=0.5100 grad_norm=5.0886 tensors_with_grad=69/72
[train] step 32: T=591 positions=16 loss=0.4629 ce=2.3730 tv=0.2616 conf=0.9045 grad_norm=2.8978 tensors_with_grad=69/72
[train] step 33: T=528 positions=16 loss=0.2357 ce=0.5640 tv=0.2149 conf=0.4013 grad_norm=10.3830 tensors_with_grad=69/72
[train] step 34: T=539 positions=16 loss=0.4986 ce=1.7892 tv=0.2073 conf=0.6634 grad_norm=7.6455 tensors_with_grad=69/72
[train] step 35: T=608 positions=16 loss=0.7052 ce=3.1240 tv=0.3768 conf=0.7474 grad_norm=6.7517 tensors_with_grad=69/72
[train] step 36: T=538 positions=16 loss=0.7779 ce=1.9541 tv=0.4297 conf=0.5238 grad_norm=5.8615 tensors_with_grad=69/72
[train] step 37: T=542 positions=16 loss=1.0663 ce=2.5430 tv=0.5203 conf=0.6146 grad_norm=8.2751 tensors_with_grad=69/72
[train] step 38: T=672 positions=16 loss=2.1330 ce=5.6303 tv=0.7535 conf=0.5676 grad_norm=6.2158 tensors_with_grad=69/72
[train] step 39: T=672 positions=16 loss=0.9205 ce=2.5025 tv=0.3251 conf=0.3027 grad_norm=10.2558 tensors_with_grad=69/72
[train] step 40: T=823 positions=16 loss=2.2741 ce=6.7000 tv=0.6131 conf=0.7019 grad_norm=14.5792 tensors_with_grad=69/72
[train] step 41: T=542 positions=16 loss=1.0185 ce=4.8205 tv=0.5154 conf=0.9023 grad_norm=12.2116 tensors_with_grad=69/72
[train] step 42: T=528 positions=16 loss=2.3981 ce=8.1216 tv=0.7070 conf=0.7629 grad_norm=14.0294 tensors_with_grad=69/72
[train] step 43: T=892 positions=16 loss=1.4329 ce=4.2690 tv=0.3970 conf=0.6217 grad_norm=5.9684 tensors_with_grad=69/72
[train] step 44: T=641 positions=16 loss=1.8208 ce=4.5705 tv=0.7151 conf=0.5591 grad_norm=6.0019 tensors_with_grad=69/72
[train] step 45: T=527 positions=16 loss=0.9635 ce=2.9638 tv=0.4053 conf=0.7532 grad_norm=4.8828 tensors_with_grad=69/72
[train] step 46: T=527 positions=16 loss=1.0033 ce=3.3536 tv=0.3395 conf=0.8145 grad_norm=7.8684 tensors_with_grad=69/72
[train] step 47: T=989 positions=16 loss=2.1695 ce=6.1267 tv=0.5567 conf=0.6173 grad_norm=10.3279 tensors_with_grad=69/72
[train] step 48: T=611 positions=16 loss=1.2956 ce=4.7207 tv=0.5728 conf=0.9163 grad_norm=8.6745 tensors_with_grad=69/72
[train] step 49: T=558 positions=16 loss=1.0471 ce=4.2765 tv=0.4985 conf=0.9121 grad_norm=6.4110 tensors_with_grad=69/72
[train] step 50: T=542 positions=16 loss=0.6749 ce=2.8760 tv=0.2039 conf=0.3690 grad_norm=4.9854 tensors_with_grad=69/72
[train] step 51: T=527 positions=16 loss=0.9964 ce=3.6572 tv=0.4384 conf=0.9655 grad_norm=5.7141 tensors_with_grad=69/72
[train] step 52: T=540 positions=16 loss=0.3315 ce=1.4787 tv=0.1787 conf=0.5256 grad_norm=2.3825 tensors_with_grad=69/72
[train] step 53: T=673 positions=16 loss=1.5992 ce=4.0772 tv=0.6843 conf=0.6051 grad_norm=7.0256 tensors_with_grad=69/72
[train] step 54: T=613 positions=16 loss=1.2418 ce=3.1337 tv=0.5960 conf=0.5965 grad_norm=12.6440 tensors_with_grad=69/72
[train] step 55: T=608 positions=16 loss=1.2173 ce=3.4808 tv=0.5516 conf=0.7182 grad_norm=7.0799 tensors_with_grad=69/72
[train] step 56: T=535 positions=16 loss=0.4642 ce=1.5359 tv=0.3662 conf=0.5793 grad_norm=5.0301 tensors_with_grad=69/72
[train] step 57: T=531 positions=16 loss=1.1683 ce=4.1876 tv=0.4966 conf=1.2310 grad_norm=10.6372 tensors_with_grad=69/72
[train] step 58: T=668 positions=16 loss=0.7966 ce=2.6726 tv=0.3053 conf=0.7754 grad_norm=3.6211 tensors_with_grad=69/72
[train] step 59: T=677 positions=16 loss=1.3570 ce=4.2414 tv=0.5729 conf=0.7841 grad_norm=6.6782 tensors_with_grad=69/72
[train] step 60: T=531 positions=16 loss=1.2045 ce=3.0047 tv=0.5670 conf=0.6155 grad_norm=8.3819 tensors_with_grad=69/72
[train] step 61: T=672 positions=16 loss=1.5370 ce=3.6986 tv=0.6389 conf=0.5774 grad_norm=18.4359 tensors_with_grad=69/72
[train] step 62: T=582 positions=16 loss=1.3789 ce=4.3532 tv=0.6035 conf=1.0060 grad_norm=23.6524 tensors_with_grad=69/72
[train] step 63: T=583 positions=16 loss=0.2613 ce=1.1549 tv=0.1954 conf=0.2975 grad_norm=5.2837 tensors_with_grad=69/72
[train] step 64: T=1047 positions=16 loss=1.9010 ce=5.2333 tv=0.5940 conf=0.8452 grad_norm=9.0705 tensors_with_grad=69/72
[train] step 65: T=673 positions=16 loss=1.7880 ce=4.4923 tv=0.6816 conf=0.5159 grad_norm=5.5163 tensors_with_grad=69/72
[train] step 66: T=600 positions=16 loss=0.9029 ce=2.7933 tv=0.4514 conf=0.6816 grad_norm=4.7353 tensors_with_grad=69/72
[train] step 67: T=672 positions=16 loss=1.5689 ce=4.1709 tv=0.5941 conf=0.5260 grad_norm=7.9502 tensors_with_grad=69/72
[train] step 68: T=622 positions=16 loss=0.2157 ce=0.7257 tv=0.1379 conf=0.3484 grad_norm=4.2155 tensors_with_grad=69/72
[train] step 69: T=531 positions=16 loss=1.4099 ce=3.5048 tv=0.6485 conf=0.5425 grad_norm=9.3661 tensors_with_grad=69/72
[train] step 70: T=531 positions=16 loss=1.0088 ce=2.7763 tv=0.3842 conf=0.4142 grad_norm=9.1631 tensors_with_grad=69/72
[train] step 71: T=527 positions=16 loss=1.9315 ce=4.6009 tv=0.7346 conf=0.5125 grad_norm=11.2268 tensors_with_grad=69/72
[train] step 72: T=542 positions=16 loss=1.1314 ce=2.5460 tv=0.5824 conf=0.6758 grad_norm=11.0867 tensors_with_grad=69/72
[train] step 73: T=527 positions=16 loss=1.4320 ce=3.6624 tv=0.6729 conf=0.5716 grad_norm=8.4107 tensors_with_grad=69/72
[train] step 74: T=629 positions=16 loss=1.4032 ce=4.0123 tv=0.5912 conf=0.7367 grad_norm=6.5504 tensors_with_grad=69/72
[train] step 75: T=646 positions=16 loss=0.8191 ce=2.5581 tv=0.4917 conf=0.6281 grad_norm=4.6573 tensors_with_grad=69/72
[train] step 76: T=527 positions=16 loss=1.2573 ce=3.3904 tv=0.6412 conf=0.7719 grad_norm=5.6553 tensors_with_grad=69/72
[train] step 77: T=581 positions=16 loss=1.3807 ce=4.2822 tv=0.5990 conf=0.6877 grad_norm=7.8516 tensors_with_grad=69/72
[train] step 78: T=528 positions=16 loss=0.7046 ce=2.1652 tv=0.3627 conf=0.5897 grad_norm=4.6815 tensors_with_grad=69/72
[train] step 79: T=534 positions=16 loss=2.0908 ce=6.5612 tv=0.7287 conf=0.9524 grad_norm=9.9520 tensors_with_grad=69/72
[train] step 80: T=532 positions=16 loss=1.5743 ce=3.9643 tv=0.6947 conf=0.5158 grad_norm=6.9467 tensors_with_grad=69/72
[train] step 81: T=533 positions=16 loss=0.8391 ce=3.2541 tv=0.4154 conf=0.5720 grad_norm=5.5591 tensors_with_grad=69/72
[train] step 82: T=527 positions=16 loss=1.2167 ce=3.9091 tv=0.6069 conf=0.7844 grad_norm=5.3985 tensors_with_grad=69/72
[train] step 83: T=580 positions=16 loss=1.0528 ce=4.1304 tv=0.5184 conf=0.9715 grad_norm=9.8273 tensors_with_grad=69/72
[train] step 84: T=1391 positions=16 loss=1.1943 ce=3.5120 tv=0.5393 conf=0.5729 grad_norm=5.4241 tensors_with_grad=69/72
[train] step 85: T=527 positions=16 loss=1.2303 ce=3.7888 tv=0.6493 conf=0.7457 grad_norm=5.2564 tensors_with_grad=69/72
[train] step 86: T=538 positions=16 loss=0.4051 ce=1.2223 tv=0.3142 conf=0.4058 grad_norm=6.8090 tensors_with_grad=69/72
[train] step 87: T=648 positions=16 loss=0.8658 ce=2.7460 tv=0.4008 conf=0.5482 grad_norm=5.5046 tensors_with_grad=69/72
[train] step 88: T=672 positions=16 loss=1.4246 ce=4.5597 tv=0.6456 conf=0.6897 grad_norm=9.4316 tensors_with_grad=69/72
[train] step 89: T=599 positions=16 loss=1.2083 ce=3.0733 tv=0.5941 conf=0.7245 grad_norm=5.0069 tensors_with_grad=69/72
[train] step 90: T=655 positions=16 loss=1.0350 ce=3.5490 tv=0.5162 conf=0.6301 grad_norm=7.5978 tensors_with_grad=69/72
[train] step 91: T=646 positions=16 loss=0.8355 ce=2.5270 tv=0.5067 conf=0.6566 grad_norm=6.6832 tensors_with_grad=69/72
[train] step 92: T=606 positions=16 loss=0.8494 ce=2.6076 tv=0.3545 conf=0.5179 grad_norm=6.8825 tensors_with_grad=69/72
[train] step 93: T=526 positions=16 loss=0.3325 ce=1.2979 tv=0.3058 conf=0.7275 grad_norm=3.2102 tensors_with_grad=69/72
[train] step 94: T=541 positions=16 loss=0.6192 ce=2.0371 tv=0.4029 conf=0.5899 grad_norm=7.0245 tensors_with_grad=69/72
[train] step 95: T=546 positions=16 loss=1.1314 ce=2.7383 tv=0.5692 conf=0.7591 grad_norm=5.7723 tensors_with_grad=69/72
[train] step 96: T=532 positions=16 loss=0.3193 ce=0.9436 tv=0.2474 conf=0.4613 grad_norm=3.1705 tensors_with_grad=69/72
[train] step 97: T=527 positions=16 loss=1.8573 ce=6.3341 tv=0.7791 conf=0.8145 grad_norm=5.8985 tensors_with_grad=69/72
[train] step 98: T=678 positions=16 loss=0.4861 ce=1.7866 tv=0.3910 conf=0.8158 grad_norm=3.5073 tensors_with_grad=69/72
[train] step 99: T=542 positions=16 loss=0.9485 ce=2.5061 tv=0.5237 conf=0.5937 grad_norm=12.5741 tensors_with_grad=69/72
[train] step 100: T=536 positions=16 loss=0.2169 ce=0.7552 tv=0.1350 conf=0.3173 grad_norm=1.5526 tensors_with_grad=69/72
[train] step 101: T=540 positions=16 loss=1.3323 ce=3.5592 tv=0.5988 conf=0.7777 grad_norm=4.3643 tensors_with_grad=69/72
[train] step 102: T=628 positions=16 loss=0.5097 ce=2.0391 tv=0.2243 conf=0.7806 grad_norm=3.7877 tensors_with_grad=69/72
[train] step 103: T=599 positions=16 loss=0.7002 ce=2.4883 tv=0.4494 conf=0.7501 grad_norm=4.6196 tensors_with_grad=69/72
[train] step 104: T=608 positions=16 loss=0.4631 ce=1.4254 tv=0.3050 conf=0.6794 grad_norm=3.1052 tensors_with_grad=69/72
[train] step 105: T=618 positions=16 loss=1.1539 ce=3.1038 tv=0.5695 conf=0.8640 grad_norm=15.4045 tensors_with_grad=69/72
[train] step 106: T=673 positions=16 loss=1.2797 ce=3.2657 tv=0.6069 conf=0.7132 grad_norm=8.5414 tensors_with_grad=69/72
[train] step 107: T=607 positions=16 loss=0.5846 ce=1.9982 tv=0.3415 conf=0.7485 grad_norm=6.2074 tensors_with_grad=69/72
[train] step 108: T=580 positions=16 loss=0.5322 ce=2.4129 tv=0.3825 conf=0.6098 grad_norm=4.8029 tensors_with_grad=69/72
[train] step 109: T=565 positions=16 loss=0.4454 ce=2.4000 tv=0.3143 conf=0.5441 grad_norm=2.2398 tensors_with_grad=69/72
[train] step 110: T=533 positions=16 loss=1.0390 ce=3.2996 tv=0.4775 conf=0.8791 grad_norm=5.2315 tensors_with_grad=69/72
[train] step 111: T=610 positions=16 loss=0.7185 ce=2.3270 tv=0.4129 conf=0.7444 grad_norm=4.8329 tensors_with_grad=69/72
[train] step 112: T=1026 positions=16 loss=0.7438 ce=1.7421 tv=0.3988 conf=0.4319 grad_norm=3.9457 tensors_with_grad=69/72
[train] step 113: T=613 positions=16 loss=0.8944 ce=2.2095 tv=0.4427 conf=0.5581 grad_norm=3.6190 tensors_with_grad=69/72
[train] step 114: T=675 positions=16 loss=0.9020 ce=2.7870 tv=0.4932 conf=0.6369 grad_norm=4.6739 tensors_with_grad=69/72
[train] step 115: T=1001 positions=16 loss=0.9384 ce=2.5497 tv=0.4405 conf=0.5344 grad_norm=9.6584 tensors_with_grad=69/72
[train] step 116: T=553 positions=16 loss=0.8524 ce=3.0439 tv=0.4448 conf=0.7578 grad_norm=6.4747 tensors_with_grad=69/72
[train] step 117: T=676 positions=16 loss=0.3017 ce=1.2764 tv=0.2330 conf=0.4314 grad_norm=2.0683 tensors_with_grad=69/72
[train] step 118: T=530 positions=16 loss=0.4842 ce=1.5105 tv=0.2709 conf=0.4845 grad_norm=3.7846 tensors_with_grad=69/72
[train] step 119: T=531 positions=16 loss=0.3386 ce=0.8619 tv=0.1794 conf=0.3070 grad_norm=2.0532 tensors_with_grad=69/72
[train] step 120: T=560 positions=16 loss=0.7472 ce=2.6623 tv=0.4967 conf=0.6511 grad_norm=7.1000 tensors_with_grad=69/72
[train] step 121: T=1390 positions=16 loss=1.8363 ce=5.5528 tv=0.6178 conf=0.5175 grad_norm=7.3658 tensors_with_grad=69/72
[train] step 122: T=536 positions=16 loss=0.5436 ce=1.8391 tv=0.4094 conf=0.6420 grad_norm=5.7155 tensors_with_grad=69/72
[train] step 123: T=622 positions=16 loss=1.1413 ce=2.9072 tv=0.5737 conf=0.6179 grad_norm=4.5311 tensors_with_grad=69/72
[train] step 124: T=557 positions=16 loss=0.9660 ce=2.2116 tv=0.4659 conf=0.6755 grad_norm=9.9329 tensors_with_grad=69/72
[train] step 125: T=563 positions=16 loss=0.7724 ce=2.1727 tv=0.4156 conf=0.5823 grad_norm=6.0866 tensors_with_grad=69/72
[train] step 126: T=653 positions=16 loss=0.5881 ce=1.6044 tv=0.3755 conf=0.6004 grad_norm=2.6540 tensors_with_grad=69/72
[train] step 127: T=554 positions=16 loss=1.0691 ce=2.9072 tv=0.5179 conf=0.6562 grad_norm=5.4149 tensors_with_grad=69/72
[train] step 128: T=672 positions=16 loss=1.1936 ce=3.7544 tv=0.4920 conf=0.7380 grad_norm=4.6166 tensors_with_grad=69/72
[train] step 129: T=609 positions=16 loss=0.3235 ce=1.4176 tv=0.2705 conf=0.6376 grad_norm=4.3171 tensors_with_grad=69/72
[train] step 130: T=571 positions=16 loss=0.7090 ce=1.8842 tv=0.4236 conf=0.7413 grad_norm=5.7127 tensors_with_grad=69/72
[train] step 131: T=561 positions=16 loss=0.4519 ce=1.4702 tv=0.3115 conf=0.5077 grad_norm=5.1496 tensors_with_grad=69/72
[train] step 132: T=531 positions=16 loss=1.3760 ce=3.3636 tv=0.6078 conf=0.5104 grad_norm=7.1158 tensors_with_grad=69/72
[train] step 133: T=591 positions=16 loss=0.8903 ce=2.3400 tv=0.3543 conf=0.5983 grad_norm=6.6475 tensors_with_grad=69/72
[train] step 134: T=560 positions=16 loss=0.9775 ce=2.4304 tv=0.4830 conf=0.5336 grad_norm=4.7225 tensors_with_grad=69/72
[train] step 135: T=626 positions=16 loss=0.4035 ce=1.5427 tv=0.3115 conf=0.8217 grad_norm=4.9494 tensors_with_grad=69/72
[train] step 136: T=1018 positions=16 loss=1.1762 ce=3.7534 tv=0.5129 conf=0.7434 grad_norm=4.7827 tensors_with_grad=69/72
[train] step 137: T=527 positions=16 loss=1.1438 ce=3.9246 tv=0.5875 conf=0.9035 grad_norm=7.6486 tensors_with_grad=69/72
[train] step 138: T=673 positions=16 loss=1.7521 ce=5.8662 tv=0.7071 conf=0.9463 grad_norm=14.7275 tensors_with_grad=69/72
[train] step 139: T=936 positions=16 loss=0.9270 ce=2.8510 tv=0.4563 conf=0.6574 grad_norm=3.4145 tensors_with_grad=69/72
[train] step 140: T=593 positions=16 loss=0.8291 ce=2.7647 tv=0.4875 conf=0.8717 grad_norm=7.3995 tensors_with_grad=69/72
[train] step 141: T=531 positions=16 loss=0.8148 ce=2.1593 tv=0.5006 conf=0.6802 grad_norm=6.3937 tensors_with_grad=69/72
[train] step 142: T=540 positions=16 loss=0.2761 ce=0.8570 tv=0.2407 conf=0.4729 grad_norm=1.6037 tensors_with_grad=69/72
[train] step 143: T=543 positions=16 loss=0.3381 ce=0.9377 tv=0.2268 conf=0.4355 grad_norm=1.5074 tensors_with_grad=69/72
[train] step 144: T=573 positions=16 loss=0.2412 ce=0.9729 tv=0.1264 conf=0.4824 grad_norm=2.3499 tensors_with_grad=69/72
[train] step 145: T=535 positions=16 loss=0.4535 ce=1.3368 tv=0.2855 conf=0.5491 grad_norm=3.6289 tensors_with_grad=69/72
[train] step 146: T=1001 positions=16 loss=1.3775 ce=4.6242 tv=0.5064 conf=0.6986 grad_norm=5.1312 tensors_with_grad=69/72
[train] step 147: T=620 positions=16 loss=0.3431 ce=1.5994 tv=0.3589 conf=0.9961 grad_norm=4.5592 tensors_with_grad=69/72
[train] step 148: T=630 positions=16 loss=0.7855 ce=1.8701 tv=0.5093 conf=0.8975 grad_norm=9.9221 tensors_with_grad=69/72
[train] step 149: T=1178 positions=16 loss=1.7864 ce=5.0862 tv=0.6027 conf=0.6170 grad_norm=7.1381 tensors_with_grad=69/72
[train] step 150: T=614 positions=16 loss=0.5178 ce=1.5252 tv=0.3712 conf=0.7304 grad_norm=3.8975 tensors_with_grad=69/72
[train] step 151: T=676 positions=16 loss=0.3780 ce=1.3780 tv=0.2293 conf=0.5411 grad_norm=4.0027 tensors_with_grad=69/72
[train] step 152: T=677 positions=16 loss=0.9415 ce=2.8854 tv=0.4702 conf=0.6951 grad_norm=10.0868 tensors_with_grad=69/72
[train] step 153: T=538 positions=16 loss=0.3933 ce=0.8971 tv=0.2412 conf=0.4308 grad_norm=3.4199 tensors_with_grad=69/72
[train] step 154: T=544 positions=16 loss=0.4861 ce=1.0294 tv=0.3032 conf=0.4560 grad_norm=5.8398 tensors_with_grad=69/72
[train] step 155: T=539 positions=16 loss=0.6214 ce=1.7045 tv=0.3187 conf=0.5856 grad_norm=4.5539 tensors_with_grad=69/72
[train] step 156: T=541 positions=16 loss=0.5288 ce=1.5491 tv=0.4198 conf=1.0227 grad_norm=6.7954 tensors_with_grad=69/72
[train] step 157: T=902 positions=16 loss=1.3265 ce=3.2144 tv=0.5247 conf=0.6101 grad_norm=7.7772 tensors_with_grad=69/72
[train] step 158: T=648 positions=16 loss=0.2789 ce=0.8459 tv=0.2324 conf=0.8096 grad_norm=3.0332 tensors_with_grad=69/72
[train] step 159: T=672 positions=16 loss=1.4526 ce=3.6581 tv=0.5959 conf=0.6717 grad_norm=6.6250 tensors_with_grad=69/72
[train] step 160: T=1629 positions=16 loss=1.6077 ce=3.9770 tv=0.5226 conf=0.4993 grad_norm=6.1639 tensors_with_grad=69/72
[train] step 161: T=594 positions=16 loss=0.3823 ce=1.6456 tv=0.2715 conf=0.5911 grad_norm=2.6911 tensors_with_grad=69/72
[train] step 162: T=672 positions=16 loss=1.2532 ce=3.3095 tv=0.6089 conf=0.8867 grad_norm=7.9971 tensors_with_grad=69/72
[train] step 163: T=538 positions=16 loss=0.6056 ce=1.9534 tv=0.3504 conf=0.8564 grad_norm=5.3238 tensors_with_grad=69/72
[train] step 164: T=563 positions=16 loss=0.9320 ce=2.8547 tv=0.4438 conf=0.5842 grad_norm=4.3526 tensors_with_grad=69/72
[train] step 165: T=555 positions=16 loss=0.4696 ce=1.2289 tv=0.2605 conf=0.3748 grad_norm=4.7964 tensors_with_grad=69/72
[train] step 166: T=539 positions=16 loss=0.4892 ce=1.5828 tv=0.2935 conf=0.7017 grad_norm=3.6202 tensors_with_grad=69/72
[train] step 167: T=528 positions=16 loss=1.3575 ce=3.1613 tv=0.6020 conf=0.6845 grad_norm=7.6663 tensors_with_grad=69/72
[train] step 168: T=568 positions=16 loss=0.4338 ce=1.0727 tv=0.2203 conf=0.3092 grad_norm=3.6487 tensors_with_grad=69/72
[train] step 169: T=638 positions=16 loss=0.3195 ce=1.0235 tv=0.1701 conf=0.6154 grad_norm=3.5186 tensors_with_grad=69/72
[train] step 170: T=541 positions=16 loss=0.1499 ce=0.5973 tv=0.1292 conf=0.6007 grad_norm=0.7041 tensors_with_grad=69/72
[train] step 171: T=546 positions=16 loss=1.1268 ce=2.8069 tv=0.5507 conf=0.6288 grad_norm=7.6225 tensors_with_grad=69/72
[train] step 172: T=960 positions=16 loss=1.1530 ce=3.0557 tv=0.5129 conf=0.5349 grad_norm=4.2696 tensors_with_grad=69/72
[train] step 173: T=645 positions=16 loss=1.1046 ce=2.6392 tv=0.5334 conf=0.5618 grad_norm=7.8088 tensors_with_grad=69/72
[train] step 174: T=595 positions=16 loss=0.6853 ce=2.0659 tv=0.3917 conf=0.7370 grad_norm=3.7707 tensors_with_grad=69/72
[train] step 175: T=535 positions=16 loss=0.4330 ce=1.4091 tv=0.3120 conf=0.6767 grad_norm=3.6985 tensors_with_grad=69/72
[train] step 176: T=672 positions=16 loss=1.3243 ce=3.1368 tv=0.5952 conf=0.6087 grad_norm=5.6762 tensors_with_grad=69/72
[train] step 177: T=526 positions=16 loss=1.5401 ce=4.5165 tv=0.6931 conf=1.1738 grad_norm=7.5024 tensors_with_grad=69/72
[train] step 178: T=588 positions=16 loss=0.6023 ce=1.8799 tv=0.2564 conf=0.4591 grad_norm=3.6753 tensors_with_grad=69/72
[train] step 179: T=634 positions=16 loss=1.4119 ce=3.6792 tv=0.5871 conf=0.6254 grad_norm=4.5931 tensors_with_grad=69/72
[train] step 180: T=608 positions=16 loss=0.3921 ce=1.0434 tv=0.2291 conf=0.5129 grad_norm=3.6522 tensors_with_grad=69/72
[train] step 181: T=675 positions=16 loss=1.1984 ce=3.0325 tv=0.5647 conf=0.9014 grad_norm=4.7885 tensors_with_grad=69/72
[train] step 182: T=667 positions=16 loss=2.1658 ce=6.2906 tv=0.6494 conf=0.8089 grad_norm=20.2356 tensors_with_grad=69/72
[train] step 183: T=576 positions=16 loss=0.6057 ce=1.9770 tv=0.2954 conf=0.4224 grad_norm=6.6310 tensors_with_grad=69/72
[train] step 184: T=534 positions=16 loss=0.7197 ce=2.5100 tv=0.3943 conf=0.9794 grad_norm=4.7792 tensors_with_grad=69/72
[train] step 185: T=543 positions=16 loss=0.7114 ce=2.0718 tv=0.3716 conf=0.5140 grad_norm=7.3928 tensors_with_grad=69/72
[train] step 186: T=524 positions=16 loss=0.8719 ce=2.4630 tv=0.5124 conf=0.7254 grad_norm=8.1292 tensors_with_grad=69/72
[train] step 187: T=674 positions=16 loss=0.5943 ce=2.0796 tv=0.3956 conf=0.7641 grad_norm=9.8986 tensors_with_grad=69/72
[train] step 188: T=542 positions=16 loss=0.4123 ce=1.1844 tv=0.3069 conf=0.4536 grad_norm=5.0341 tensors_with_grad=69/72
[train] step 189: T=672 positions=16 loss=0.9544 ce=2.4932 tv=0.4614 conf=0.8176 grad_norm=5.2909 tensors_with_grad=69/72
[train] step 190: T=528 positions=16 loss=0.7468 ce=2.1926 tv=0.3983 conf=1.0922 grad_norm=5.6218 tensors_with_grad=69/72
[train] step 191: T=542 positions=16 loss=0.4143 ce=1.4040 tv=0.2368 conf=0.5177 grad_norm=2.8513 tensors_with_grad=69/72
[train] step 192: T=584 positions=16 loss=1.0861 ce=3.3079 tv=0.5341 conf=0.7400 grad_norm=30.3815 tensors_with_grad=69/72
[train] step 193: T=650 positions=16 loss=1.0669 ce=2.7961 tv=0.5385 conf=0.6445 grad_norm=6.1847 tensors_with_grad=69/72
[train] step 194: T=1710 positions=16 loss=1.5524 ce=4.6719 tv=0.4909 conf=0.6654 grad_norm=7.3646 tensors_with_grad=69/72
[train] step 195: T=672 positions=16 loss=0.8868 ce=3.2343 tv=0.4740 conf=0.8809 grad_norm=5.3018 tensors_with_grad=69/72
[train] step 196: T=534 positions=16 loss=0.8485 ce=2.1649 tv=0.4367 conf=0.5938 grad_norm=5.2895 tensors_with_grad=69/72
[train] step 197: T=541 positions=16 loss=0.6571 ce=2.8435 tv=0.3332 conf=0.7945 grad_norm=3.8826 tensors_with_grad=69/72
[train] step 198: T=915 positions=16 loss=1.0272 ce=2.9400 tv=0.4192 conf=0.7342 grad_norm=3.7622 tensors_with_grad=69/72
[train] step 199: T=1176 positions=16 loss=1.1094 ce=2.5885 tv=0.4311 conf=0.5159 grad_norm=6.4401 tensors_with_grad=69/72
[train] step 200: T=621 positions=16 loss=1.1922 ce=2.7231 tv=0.6041 conf=0.7793 grad_norm=6.6571 tensors_with_grad=69/72
[train] step 201: T=672 positions=16 loss=1.4259 ce=3.7097 tv=0.5576 conf=0.7279 grad_norm=5.5109 tensors_with_grad=69/72
[train] step 202: T=600 positions=16 loss=0.3289 ce=0.9210 tv=0.2527 conf=0.5226 grad_norm=7.5037 tensors_with_grad=69/72
[train] step 203: T=537 positions=16 loss=0.5766 ce=1.5246 tv=0.3722 conf=0.6658 grad_norm=3.9497 tensors_with_grad=69/72
[train] step 204: T=540 positions=16 loss=1.5837 ce=4.5896 tv=0.6239 conf=0.9157 grad_norm=7.6730 tensors_with_grad=69/72
[train] step 205: T=538 positions=16 loss=0.1533 ce=0.5146 tv=0.1840 conf=0.4030 grad_norm=2.5640 tensors_with_grad=69/72
[train] step 206: T=543 positions=16 loss=0.1175 ce=0.5692 tv=0.1375 conf=0.4969 grad_norm=0.8585 tensors_with_grad=69/72
[train] step 207: T=532 positions=16 loss=0.7333 ce=2.1540 tv=0.3933 conf=0.7229 grad_norm=4.8680 tensors_with_grad=69/72
[train] step 208: T=672 positions=16 loss=0.8083 ce=2.0208 tv=0.4435 conf=0.7038 grad_norm=4.9664 tensors_with_grad=69/72
[train] step 209: T=621 positions=16 loss=0.3936 ce=2.1419 tv=0.3048 conf=0.7105 grad_norm=3.8731 tensors_with_grad=69/72
[train] step 210: T=678 positions=16 loss=0.6597 ce=1.9974 tv=0.3446 conf=1.3289 grad_norm=6.6457 tensors_with_grad=69/72
[train] step 211: T=658 positions=16 loss=0.5264 ce=1.6487 tv=0.3288 conf=0.6382 grad_norm=4.6828 tensors_with_grad=69/72
[train] step 212: T=954 positions=16 loss=1.5311 ce=4.3277 tv=0.4972 conf=0.6202 grad_norm=8.8677 tensors_with_grad=69/72
[train] step 213: T=534 positions=16 loss=0.5836 ce=1.7002 tv=0.3822 conf=1.1141 grad_norm=10.6524 tensors_with_grad=69/72
[train] step 214: T=538 positions=16 loss=0.4583 ce=1.3622 tv=0.3081 conf=0.6024 grad_norm=4.5689 tensors_with_grad=69/72
[train] step 215: T=674 positions=16 loss=0.9985 ce=2.4417 tv=0.4862 conf=0.9136 grad_norm=6.2666 tensors_with_grad=69/72
[train] step 216: T=623 positions=16 loss=1.1263 ce=2.6769 tv=0.5152 conf=0.7464 grad_norm=5.1698 tensors_with_grad=69/72
[train] step 217: T=577 positions=16 loss=0.9096 ce=2.2083 tv=0.3900 conf=0.6013 grad_norm=4.4363 tensors_with_grad=69/72
[train] step 218: T=597 positions=16 loss=0.5455 ce=1.8304 tv=0.4016 conf=1.1343 grad_norm=7.2188 tensors_with_grad=69/72
[train] step 219: T=569 positions=16 loss=0.9340 ce=2.6140 tv=0.4585 conf=0.8420 grad_norm=5.4074 tensors_with_grad=69/72
[train] step 220: T=527 positions=16 loss=0.4321 ce=1.0657 tv=0.2346 conf=0.8183 grad_norm=3.2680 tensors_with_grad=69/72
[train] step 221: T=532 positions=16 loss=0.6734 ce=1.9173 tv=0.3723 conf=0.8941 grad_norm=7.6591 tensors_with_grad=69/72
[train] step 222: T=532 positions=16 loss=2.0902 ce=6.3523 tv=0.6996 conf=1.0206 grad_norm=11.3144 tensors_with_grad=69/72
[train] step 223: T=673 positions=16 loss=1.0924 ce=2.7067 tv=0.5303 conf=0.9667 grad_norm=3.3679 tensors_with_grad=69/72
[train] step 224: T=584 positions=16 loss=0.4279 ce=1.2861 tv=0.2804 conf=0.4685 grad_norm=3.5382 tensors_with_grad=69/72
[train] step 225: T=538 positions=16 loss=0.9844 ce=2.6795 tv=0.5002 conf=0.9808 grad_norm=5.2688 tensors_with_grad=69/72
[train] step 226: T=548 positions=16 loss=0.4596 ce=1.5740 tv=0.3134 conf=0.6953 grad_norm=4.4496 tensors_with_grad=69/72
[train] step 227: T=541 positions=16 loss=0.3498 ce=1.1482 tv=0.2227 conf=0.5369 grad_norm=3.4477 tensors_with_grad=69/72
[train] step 228: T=607 positions=16 loss=0.1883 ce=0.7065 tv=0.1550 conf=0.3762 grad_norm=2.3942 tensors_with_grad=69/72
[train] step 229: T=530 positions=16 loss=0.3709 ce=1.2042 tv=0.2266 conf=0.5449 grad_norm=2.8094 tensors_with_grad=69/72
[train] step 230: T=561 positions=16 loss=0.2833 ce=1.1539 tv=0.2430 conf=0.7747 grad_norm=6.4029 tensors_with_grad=69/72
[train] step 231: T=976 positions=16 loss=1.5565 ce=3.2746 tv=0.5068 conf=0.5546 grad_norm=6.4130 tensors_with_grad=69/72
[train] step 232: T=557 positions=16 loss=1.0033 ce=2.8233 tv=0.5056 conf=0.6991 grad_norm=11.0640 tensors_with_grad=69/72
[train] step 233: T=648 positions=16 loss=0.5945 ce=1.4370 tv=0.3534 conf=1.1928 grad_norm=6.4226 tensors_with_grad=69/72
[train] step 234: T=542 positions=16 loss=0.6317 ce=1.4238 tv=0.2265 conf=0.4568 grad_norm=4.7809 tensors_with_grad=69/72
[train] step 235: T=644 positions=16 loss=0.6951 ce=1.8560 tv=0.3877 conf=0.6649 grad_norm=6.1566 tensors_with_grad=69/72
[train] step 236: T=534 positions=16 loss=0.9872 ce=2.5972 tv=0.4704 conf=1.0668 grad_norm=3.6187 tensors_with_grad=69/72
[train] step 237: T=1054 positions=16 loss=0.9794 ce=2.7052 tv=0.4680 conf=0.9177 grad_norm=5.5951 tensors_with_grad=69/72
[train] step 238: T=675 positions=16 loss=0.5995 ce=1.5470 tv=0.2960 conf=0.5421 grad_norm=4.8927 tensors_with_grad=69/72
[train] step 239: T=619 positions=16 loss=1.1871 ce=3.0128 tv=0.4869 conf=0.8802 grad_norm=3.6657 tensors_with_grad=69/72
[train] step 240: T=552 positions=16 loss=1.7403 ce=5.1962 tv=0.5874 conf=0.7702 grad_norm=11.8896 tensors_with_grad=69/72
[train] step 241: T=542 positions=16 loss=0.9191 ce=2.3575 tv=0.5089 conf=0.6300 grad_norm=8.3311 tensors_with_grad=69/72
[train] step 242: T=927 positions=16 loss=0.9421 ce=2.4676 tv=0.3913 conf=0.9066 grad_norm=7.1881 tensors_with_grad=69/72
[train] step 243: T=581 positions=16 loss=0.1543 ce=0.9539 tv=0.1852 conf=0.8933 grad_norm=2.0754 tensors_with_grad=69/72
[train] step 244: T=541 positions=16 loss=0.7623 ce=2.3265 tv=0.4234 conf=0.9044 grad_norm=7.0321 tensors_with_grad=69/72
[train] step 245: T=531 positions=16 loss=1.5185 ce=3.4099 tv=0.6220 conf=0.6224 grad_norm=9.0769 tensors_with_grad=69/72
[train] step 246: T=577 positions=16 loss=0.4655 ce=1.5456 tv=0.3476 conf=0.9127 grad_norm=4.0467 tensors_with_grad=69/72
[train] step 247: T=827 positions=16 loss=1.3356 ce=3.3758 tv=0.4885 conf=0.9193 grad_norm=7.1598 tensors_with_grad=69/72
[train] step 248: T=532 positions=16 loss=0.2673 ce=0.8252 tv=0.2895 conf=1.3528 grad_norm=5.6550 tensors_with_grad=69/72
[train] step 249: T=532 positions=16 loss=0.4437 ce=1.2112 tv=0.3073 conf=1.1014 grad_norm=2.9822 tensors_with_grad=69/72
[train] step 250: T=587 positions=16 loss=0.5209 ce=1.8451 tv=0.3748 conf=1.0200 grad_norm=4.6686 tensors_with_grad=69/72
[train] step 251: T=620 positions=16 loss=0.2865 ce=0.8032 tv=0.2060 conf=0.7157 grad_norm=2.5331 tensors_with_grad=69/72
[train] step 252: T=535 positions=16 loss=1.2716 ce=3.0723 tv=0.5307 conf=0.7744 grad_norm=4.8678 tensors_with_grad=69/72
[train] step 253: T=532 positions=16 loss=1.1593 ce=3.1115 tv=0.4448 conf=0.7635 grad_norm=5.3974 tensors_with_grad=69/72
[train] step 254: T=553 positions=16 loss=0.4805 ce=1.2778 tv=0.2474 conf=0.7051 grad_norm=3.0704 tensors_with_grad=69/72
[train] step 255: T=567 positions=16 loss=0.1381 ce=0.3744 tv=0.1421 conf=0.4958 grad_norm=2.3402 tensors_with_grad=69/72
[train] step 256: T=676 positions=16 loss=0.4912 ce=1.5987 tv=0.3046 conf=0.9146 grad_norm=2.8358 tensors_with_grad=69/72
[train] step 257: T=571 positions=16 loss=1.4827 ce=3.4792 tv=0.5444 conf=0.6133 grad_norm=6.5545 tensors_with_grad=69/72
[train] step 258: T=675 positions=16 loss=0.4686 ce=1.4218 tv=0.3054 conf=0.6726 grad_norm=9.5768 tensors_with_grad=69/72
[train] step 259: T=631 positions=16 loss=0.2601 ce=0.7337 tv=0.2040 conf=0.6330 grad_norm=5.3645 tensors_with_grad=69/72
[train] step 260: T=625 positions=16 loss=0.5214 ce=2.0651 tv=0.3594 conf=0.8336 grad_norm=4.6769 tensors_with_grad=69/72
[train] step 261: T=621 positions=16 loss=0.6830 ce=1.8701 tv=0.4257 conf=0.8346 grad_norm=3.5702 tensors_with_grad=69/72
[train] step 262: T=551 positions=16 loss=1.0551 ce=2.9431 tv=0.4091 conf=0.5169 grad_norm=3.8576 tensors_with_grad=69/72
[train] step 263: T=600 positions=16 loss=1.4817 ce=4.3345 tv=0.5440 conf=0.8153 grad_norm=8.3964 tensors_with_grad=69/72
[train] step 264: T=540 positions=16 loss=0.2391 ce=0.6425 tv=0.1463 conf=0.2747 grad_norm=2.1363 tensors_with_grad=69/72
[train] step 265: T=542 positions=16 loss=0.2048 ce=0.4810 tv=0.0988 conf=0.1833 grad_norm=2.7414 tensors_with_grad=69/72
[train] step 266: T=915 positions=16 loss=1.1970 ce=3.4121 tv=0.3933 conf=0.9035 grad_norm=7.3131 tensors_with_grad=69/72
[train] step 267: T=620 positions=16 loss=1.1539 ce=3.7361 tv=0.4925 conf=0.9450 grad_norm=9.7640 tensors_with_grad=69/72
[train] step 268: T=673 positions=16 loss=1.0303 ce=2.9361 tv=0.4633 conf=0.8260 grad_norm=3.3703 tensors_with_grad=69/72
[train] step 269: T=621 positions=16 loss=0.6117 ce=1.6382 tv=0.3805 conf=0.8111 grad_norm=3.7184 tensors_with_grad=69/72
[train] step 270: T=529 positions=16 loss=0.5603 ce=1.9301 tv=0.2928 conf=0.7995 grad_norm=3.5149 tensors_with_grad=69/72
[train] step 271: T=1196 positions=16 loss=1.3919 ce=3.4416 tv=0.5102 conf=0.6003 grad_norm=6.4925 tensors_with_grad=69/72
[train] step 272: T=1273 positions=16 loss=1.2479 ce=3.4308 tv=0.4627 conf=0.7981 grad_norm=4.9680 tensors_with_grad=69/72
[train] step 273: T=524 positions=16 loss=1.0007 ce=2.8393 tv=0.5040 conf=1.0275 grad_norm=6.1831 tensors_with_grad=69/72
[train] step 274: T=624 positions=16 loss=0.3310 ce=1.5135 tv=0.3077 conf=0.8992 grad_norm=2.5409 tensors_with_grad=69/72
[train] step 275: T=525 positions=16 loss=0.8273 ce=2.4878 tv=0.4765 conf=0.9107 grad_norm=3.1719 tensors_with_grad=69/72
[train] step 276: T=535 positions=16 loss=0.2967 ce=1.1995 tv=0.2168 conf=0.5544 grad_norm=2.1803 tensors_with_grad=69/72
[train] step 277: T=631 positions=16 loss=0.3306 ce=1.1305 tv=0.1748 conf=0.7187 grad_norm=5.9837 tensors_with_grad=69/72
[train] step 278: T=872 positions=16 loss=1.2224 ce=3.7053 tv=0.5143 conf=0.9518 grad_norm=5.9675 tensors_with_grad=69/72
[train] step 279: T=1563 positions=16 loss=1.3100 ce=3.5939 tv=0.4640 conf=0.9781 grad_norm=5.1073 tensors_with_grad=69/72
[train] step 280: T=675 positions=16 loss=0.7316 ce=2.0948 tv=0.3945 conf=0.8116 grad_norm=4.8882 tensors_with_grad=69/72
[train] step 281: T=534 positions=16 loss=0.2463 ce=0.9068 tv=0.1724 conf=0.8327 grad_norm=1.5153 tensors_with_grad=69/72
[train] step 282: T=673 positions=16 loss=0.6371 ce=2.0818 tv=0.3629 conf=0.9264 grad_norm=5.4385 tensors_with_grad=69/72
[train] step 283: T=672 positions=16 loss=1.2463 ce=3.0429 tv=0.5069 conf=0.5416 grad_norm=4.8104 tensors_with_grad=69/72
[train] step 284: T=532 positions=16 loss=1.2543 ce=3.1584 tv=0.4862 conf=0.6380 grad_norm=9.0025 tensors_with_grad=69/72
[train] step 285: T=594 positions=16 loss=0.2290 ce=0.6702 tv=0.1703 conf=0.3648 grad_norm=2.6091 tensors_with_grad=69/72
[train] step 286: T=539 positions=16 loss=0.2673 ce=0.8405 tv=0.2085 conf=0.3927 grad_norm=3.2222 tensors_with_grad=69/72
[train] step 287: T=540 positions=16 loss=0.0568 ce=0.2032 tv=0.0810 conf=0.2753 grad_norm=0.7706 tensors_with_grad=69/72
[train] step 288: T=531 positions=16 loss=0.9419 ce=2.2373 tv=0.4289 conf=0.7830 grad_norm=5.0414 tensors_with_grad=69/72
[train] step 289: T=530 positions=16 loss=0.5031 ce=1.4197 tv=0.3241 conf=1.1906 grad_norm=4.5663 tensors_with_grad=69/72
[train] step 290: T=676 positions=16 loss=0.3573 ce=1.4267 tv=0.3147 conf=0.8092 grad_norm=2.8809 tensors_with_grad=69/72
[train] step 291: T=529 positions=16 loss=0.8082 ce=1.8973 tv=0.3648 conf=0.7002 grad_norm=3.7026 tensors_with_grad=69/72
[train] step 292: T=626 positions=16 loss=0.4414 ce=1.2228 tv=0.3456 conf=1.0573 grad_norm=4.5972 tensors_with_grad=69/72
[train] step 293: T=569 positions=16 loss=1.5143 ce=5.2143 tv=0.5360 conf=1.0201 grad_norm=11.9668 tensors_with_grad=69/72
[train] step 294: T=957 positions=16 loss=1.7272 ce=4.2251 tv=0.6235 conf=1.4726 grad_norm=6.4835 tensors_with_grad=69/72
[train] step 295: T=630 positions=16 loss=0.5761 ce=1.6867 tv=0.3023 conf=1.0257 grad_norm=4.7015 tensors_with_grad=69/72
[train] step 296: T=672 positions=16 loss=1.3928 ce=3.3858 tv=0.5978 conf=0.7744 grad_norm=6.5024 tensors_with_grad=69/72
[train] step 297: T=659 positions=16 loss=0.5350 ce=1.4875 tv=0.3502 conf=1.1556 grad_norm=3.9552 tensors_with_grad=69/72
[train] step 298: T=559 positions=16 loss=0.4447 ce=1.2209 tv=0.2665 conf=0.6859 grad_norm=2.8158 tensors_with_grad=69/72
[train] step 299: T=674 positions=16 loss=1.0750 ce=2.7571 tv=0.5211 conf=0.9054 grad_norm=3.0713 tensors_with_grad=69/72
[train] step 300: T=525 positions=16 loss=0.6741 ce=1.8353 tv=0.3821 conf=0.7979 grad_norm=5.5450 tensors_with_grad=69/72
[train] step 301: T=535 positions=16 loss=0.5046 ce=1.5333 tv=0.3172 conf=0.9555 grad_norm=3.6882 tensors_with_grad=69/72
[train] step 302: T=533 positions=16 loss=0.6884 ce=1.4822 tv=0.3476 conf=0.7809 grad_norm=5.2142 tensors_with_grad=69/72
[train] step 303: T=603 positions=16 loss=0.7037 ce=1.6391 tv=0.3251 conf=0.6852 grad_norm=4.6799 tensors_with_grad=69/72
[train] step 304: T=600 positions=16 loss=0.3604 ce=1.0441 tv=0.2205 conf=0.5644 grad_norm=3.6910 tensors_with_grad=69/72
[train] step 305: T=594 positions=16 loss=0.4268 ce=1.3634 tv=0.3001 conf=0.6510 grad_norm=3.6009 tensors_with_grad=69/72
[train] step 306: T=533 positions=16 loss=0.7451 ce=1.8707 tv=0.4616 conf=0.8011 grad_norm=3.8439 tensors_with_grad=69/72
[train] step 307: T=533 positions=16 loss=0.5542 ce=1.6662 tv=0.2931 conf=1.0976 grad_norm=3.5579 tensors_with_grad=69/72
[train] step 308: T=602 positions=16 loss=0.5518 ce=2.1844 tv=0.2436 conf=0.7747 grad_norm=6.0938 tensors_with_grad=69/72
[train] step 309: T=647 positions=16 loss=0.2063 ce=0.5679 tv=0.1502 conf=0.4842 grad_norm=2.6158 tensors_with_grad=69/72
[train] step 310: T=576 positions=16 loss=0.3410 ce=0.9753 tv=0.1451 conf=0.4634 grad_norm=2.5259 tensors_with_grad=69/72
[train] step 311: T=531 positions=16 loss=0.5183 ce=1.3554 tv=0.2538 conf=0.6237 grad_norm=4.0251 tensors_with_grad=69/72
[train] step 312: T=643 positions=16 loss=0.4048 ce=1.5256 tv=0.2514 conf=1.1645 grad_norm=4.6761 tensors_with_grad=69/72
[train] step 313: T=1335 positions=16 loss=1.3249 ce=3.4585 tv=0.4696 conf=1.0115 grad_norm=5.4524 tensors_with_grad=69/72
[train] step 314: T=538 positions=16 loss=0.2821 ce=1.1239 tv=0.2007 conf=0.7888 grad_norm=3.3308 tensors_with_grad=69/72
[train] step 315: T=605 positions=16 loss=0.3241 ce=0.8165 tv=0.1541 conf=0.3903 grad_norm=1.8845 tensors_with_grad=69/72
[train] step 316: T=554 positions=16 loss=0.9548 ce=1.9552 tv=0.3784 conf=0.6843 grad_norm=6.0572 tensors_with_grad=69/72
[train] step 317: T=912 positions=16 loss=0.8513 ce=2.5445 tv=0.3648 conf=1.1400 grad_norm=3.9556 tensors_with_grad=69/72
[train] step 318: T=525 positions=16 loss=1.0113 ce=2.7339 tv=0.5522 conf=1.1075 grad_norm=4.0986 tensors_with_grad=69/72
[train] step 319: T=530 positions=16 loss=0.6806 ce=2.1107 tv=0.3165 conf=0.6043 grad_norm=6.4700 tensors_with_grad=69/72
[train] step 320: T=638 positions=16 loss=0.6768 ce=1.4566 tv=0.3863 conf=0.6968 grad_norm=4.3321 tensors_with_grad=69/72
[train] step 321: T=547 positions=16 loss=1.0795 ce=2.6205 tv=0.5500 conf=1.2053 grad_norm=4.2944 tensors_with_grad=69/72
[train] step 322: T=675 positions=16 loss=0.9286 ce=2.1664 tv=0.4667 conf=0.9854 grad_norm=6.3661 tensors_with_grad=69/72
[train] step 323: T=563 positions=16 loss=0.9100 ce=2.2247 tv=0.4131 conf=0.8021 grad_norm=4.4714 tensors_with_grad=69/72
[train] step 324: T=626 positions=16 loss=0.7827 ce=1.9209 tv=0.4154 conf=1.2341 grad_norm=4.0394 tensors_with_grad=69/72
[train] step 325: T=673 positions=16 loss=1.0241 ce=2.7882 tv=0.4225 conf=0.7003 grad_norm=5.0387 tensors_with_grad=69/72
[train] step 326: T=535 positions=16 loss=0.0950 ce=0.3697 tv=0.1204 conf=0.8738 grad_norm=1.2551 tensors_with_grad=69/72
[train] step 327: T=534 positions=16 loss=0.0596 ce=0.3489 tv=0.0874 conf=0.5128 grad_norm=0.6113 tensors_with_grad=69/72
[train] step 328: T=546 positions=16 loss=0.5638 ce=1.4499 tv=0.2892 conf=1.2127 grad_norm=4.0002 tensors_with_grad=69/72
[train] step 329: T=539 positions=16 loss=0.4344 ce=1.2663 tv=0.2967 conf=0.6624 grad_norm=2.5761 tensors_with_grad=69/72
[train] step 330: T=608 positions=16 loss=0.6334 ce=2.4687 tv=0.3694 conf=1.2070 grad_norm=4.4641 tensors_with_grad=69/72
[train] step 331: T=648 positions=16 loss=0.5720 ce=1.4911 tv=0.3599 conf=0.9150 grad_norm=3.0392 tensors_with_grad=69/72
[train] step 332: T=529 positions=16 loss=0.4963 ce=1.3501 tv=0.3347 conf=1.4211 grad_norm=3.0061 tensors_with_grad=69/72
[train] step 333: T=580 positions=16 loss=0.9245 ce=2.2516 tv=0.4350 conf=0.6367 grad_norm=7.7672 tensors_with_grad=69/72
[train] step 334: T=544 positions=16 loss=0.7446 ce=1.9073 tv=0.3101 conf=0.5645 grad_norm=5.6595 tensors_with_grad=69/72
[train] step 335: T=527 positions=16 loss=1.1401 ce=2.7393 tv=0.5305 conf=0.8020 grad_norm=9.4740 tensors_with_grad=69/72
[train] step 336: T=567 positions=16 loss=0.8887 ce=1.9865 tv=0.2886 conf=0.5190 grad_norm=5.3339 tensors_with_grad=69/72
[train] step 337: T=672 positions=16 loss=0.8081 ce=2.0314 tv=0.4496 conf=0.9956 grad_norm=5.1148 tensors_with_grad=69/72
[train] step 338: T=589 positions=16 loss=0.8559 ce=1.8758 tv=0.3952 conf=0.8927 grad_norm=5.0377 tensors_with_grad=69/72
[train] step 339: T=620 positions=16 loss=0.7658 ce=2.2567 tv=0.4046 conf=1.0045 grad_norm=4.9836 tensors_with_grad=69/72
[train] step 340: T=533 positions=16 loss=0.3257 ce=0.9196 tv=0.2253 conf=0.9686 grad_norm=4.0738 tensors_with_grad=69/72
[train] step 341: T=1060 positions=16 loss=1.0560 ce=2.6527 tv=0.4175 conf=0.7164 grad_norm=3.9115 tensors_with_grad=69/72
[train] step 342: T=538 positions=16 loss=0.6470 ce=1.8286 tv=0.3892 conf=1.1620 grad_norm=6.6681 tensors_with_grad=69/72
[train] step 343: T=529 positions=16 loss=0.2546 ce=0.5808 tv=0.1434 conf=0.8261 grad_norm=2.6997 tensors_with_grad=69/72
[train] step 344: T=635 positions=16 loss=0.8961 ce=2.0854 tv=0.4505 conf=0.8803 grad_norm=3.0532 tensors_with_grad=69/72
[train] step 345: T=628 positions=16 loss=0.3369 ce=1.0991 tv=0.2539 conf=0.5524 grad_norm=5.1685 tensors_with_grad=69/72
[train] step 346: T=538 positions=16 loss=0.5494 ce=1.3396 tv=0.2950 conf=0.6448 grad_norm=6.1415 tensors_with_grad=69/72
[train] step 347: T=574 positions=16 loss=0.6582 ce=1.8676 tv=0.3554 conf=1.2068 grad_norm=9.2215 tensors_with_grad=69/72
[train] step 348: T=595 positions=16 loss=0.5050 ce=1.6838 tv=0.3590 conf=0.7857 grad_norm=4.0463 tensors_with_grad=69/72
[train] step 349: T=640 positions=16 loss=0.7856 ce=2.1070 tv=0.3750 conf=0.7599 grad_norm=4.0999 tensors_with_grad=69/72
[train] step 350: T=588 positions=16 loss=0.1441 ce=0.4707 tv=0.1245 conf=0.3705 grad_norm=3.6099 tensors_with_grad=69/72
[train] step 351: T=533 positions=16 loss=0.4699 ce=1.0519 tv=0.1730 conf=0.6170 grad_norm=1.4854 tensors_with_grad=69/72
[train] step 352: T=675 positions=16 loss=1.3074 ce=3.4217 tv=0.5255 conf=0.7413 grad_norm=6.8773 tensors_with_grad=69/72
[train] step 353: T=532 positions=16 loss=0.5758 ce=1.2334 tv=0.2835 conf=0.5077 grad_norm=2.5556 tensors_with_grad=69/72
[train] step 354: T=586 positions=16 loss=0.9466 ce=2.8137 tv=0.3904 conf=0.7757 grad_norm=9.2057 tensors_with_grad=69/72
[train] step 355: T=1048 positions=16 loss=1.2701 ce=3.1769 tv=0.3973 conf=0.4566 grad_norm=7.1892 tensors_with_grad=69/72
[train] step 356: T=615 positions=16 loss=0.4707 ce=1.5197 tv=0.2740 conf=0.6557 grad_norm=3.0904 tensors_with_grad=69/72
[train] step 357: T=672 positions=16 loss=0.6104 ce=1.7812 tv=0.3255 conf=0.8065 grad_norm=5.4099 tensors_with_grad=69/72
[train] step 358: T=579 positions=16 loss=1.0568 ce=2.5932 tv=0.4197 conf=0.6695 grad_norm=5.0873 tensors_with_grad=69/72
[train] step 359: T=588 positions=16 loss=0.7906 ce=2.0476 tv=0.4166 conf=0.8791 grad_norm=4.2890 tensors_with_grad=69/72
[train] step 360: T=527 positions=16 loss=0.3229 ce=0.7870 tv=0.1464 conf=0.6379 grad_norm=1.7771 tensors_with_grad=69/72
[train] step 361: T=1060 positions=16 loss=1.3760 ce=3.5170 tv=0.4791 conf=0.8737 grad_norm=4.0314 tensors_with_grad=69/72
[train] step 362: T=629 positions=16 loss=0.6166 ce=1.4583 tv=0.3162 conf=0.7331 grad_norm=6.4443 tensors_with_grad=69/72
[train] step 363: T=529 positions=16 loss=0.6670 ce=1.7511 tv=0.3097 conf=0.5975 grad_norm=4.3023 tensors_with_grad=69/72
[train] step 364: T=629 positions=16 loss=0.2527 ce=0.5343 tv=0.1479 conf=0.5682 grad_norm=1.7316 tensors_with_grad=69/72
[train] step 365: T=621 positions=16 loss=0.2813 ce=0.9026 tv=0.1499 conf=0.8411 grad_norm=3.6823 tensors_with_grad=69/72
[train] step 366: T=591 positions=16 loss=0.3689 ce=1.3257 tv=0.2387 conf=0.5586 grad_norm=4.2976 tensors_with_grad=69/72
[train] step 367: T=604 positions=16 loss=0.5406 ce=1.2548 tv=0.2932 conf=0.7173 grad_norm=2.9558 tensors_with_grad=69/72
[train] step 368: T=673 positions=16 loss=0.2289 ce=0.8259 tv=0.1630 conf=2.1195 grad_norm=2.0657 tensors_with_grad=69/72
[train] step 369: T=531 positions=16 loss=0.6759 ce=1.8717 tv=0.3633 conf=0.6821 grad_norm=4.0156 tensors_with_grad=69/72
[train] step 370: T=539 positions=16 loss=0.2244 ce=0.4350 tv=0.1340 conf=0.4205 grad_norm=3.4846 tensors_with_grad=69/72
[train] step 371: T=676 positions=16 loss=0.9617 ce=2.3256 tv=0.4317 conf=1.5395 grad_norm=8.0453 tensors_with_grad=69/72
[train] step 372: T=966 positions=16 loss=1.5555 ce=3.8161 tv=0.5176 conf=0.9656 grad_norm=7.4780 tensors_with_grad=69/72
[train] step 373: T=638 positions=16 loss=0.4293 ce=1.0230 tv=0.2665 conf=1.0214 grad_norm=6.0586 tensors_with_grad=69/72
[train] step 374: T=539 positions=16 loss=0.9400 ce=2.4953 tv=0.4560 conf=0.7429 grad_norm=4.3362 tensors_with_grad=69/72
[train] step 375: T=543 positions=16 loss=0.3232 ce=0.8197 tv=0.2681 conf=1.1294 grad_norm=2.0748 tensors_with_grad=69/72
[train] step 376: T=544 positions=16 loss=0.3107 ce=0.6655 tv=0.2080 conf=0.7030 grad_norm=3.1840 tensors_with_grad=69/72
[train] step 377: T=532 positions=16 loss=0.4312 ce=1.2344 tv=0.2033 conf=0.8255 grad_norm=3.0523 tensors_with_grad=69/72
[train] step 378: T=536 positions=16 loss=0.2305 ce=0.6512 tv=0.1418 conf=0.6242 grad_norm=2.4928 tensors_with_grad=69/72
[train] step 379: T=553 positions=16 loss=0.8731 ce=1.7510 tv=0.3168 conf=0.4247 grad_norm=5.0675 tensors_with_grad=69/72
[train] step 380: T=651 positions=16 loss=0.6995 ce=1.8944 tv=0.4274 conf=0.8112 grad_norm=3.2871 tensors_with_grad=69/72
[train] step 381: T=573 positions=16 loss=1.8999 ce=4.7483 tv=0.6362 conf=0.6442 grad_norm=10.3004 tensors_with_grad=69/72
[train] step 382: T=549 positions=16 loss=0.7779 ce=1.5926 tv=0.3107 conf=0.5489 grad_norm=6.2831 tensors_with_grad=69/72
[train] step 383: T=573 positions=16 loss=0.5455 ce=1.6418 tv=0.3495 conf=0.7362 grad_norm=6.2103 tensors_with_grad=69/72
[train] step 384: T=534 positions=16 loss=1.0577 ce=2.3004 tv=0.5289 conf=1.1943 grad_norm=4.3533 tensors_with_grad=69/72
[train] step 385: T=548 positions=16 loss=0.7735 ce=2.0762 tv=0.3465 conf=0.6919 grad_norm=4.3607 tensors_with_grad=69/72
[train] step 386: T=588 positions=16 loss=0.8616 ce=2.2121 tv=0.3321 conf=1.4123 grad_norm=5.1412 tensors_with_grad=69/72
[train] step 387: T=654 positions=16 loss=0.7060 ce=1.6330 tv=0.3867 conf=0.9925 grad_norm=4.8254 tensors_with_grad=69/72
[train] step 388: T=536 positions=16 loss=0.8024 ce=1.6146 tv=0.3459 conf=1.2863 grad_norm=5.9601 tensors_with_grad=69/72
[train] step 389: T=959 positions=16 loss=1.4613 ce=4.0724 tv=0.5189 conf=1.2590 grad_norm=7.1555 tensors_with_grad=69/72
[train] step 390: T=532 positions=16 loss=0.3568 ce=1.2294 tv=0.2178 conf=1.0957 grad_norm=5.7022 tensors_with_grad=69/72
[train] step 391: T=654 positions=16 loss=0.5272 ce=1.3897 tv=0.3571 conf=1.0371 grad_norm=3.6860 tensors_with_grad=69/72
[train] step 392: T=627 positions=16 loss=0.3441 ce=1.2682 tv=0.1822 conf=1.2080 grad_norm=2.2638 tensors_with_grad=69/72
[train] step 393: T=531 positions=16 loss=0.5413 ce=1.2631 tv=0.3490 conf=1.1711 grad_norm=6.0581 tensors_with_grad=69/72
[train] step 394: T=614 positions=16 loss=0.4258 ce=1.0492 tv=0.3454 conf=1.2961 grad_norm=11.9410 tensors_with_grad=69/72
[train] step 395: T=530 positions=16 loss=1.1290 ce=2.5260 tv=0.4575 conf=0.6579 grad_norm=3.6310 tensors_with_grad=69/72
[train] step 396: T=545 positions=16 loss=0.5898 ce=1.3507 tv=0.2831 conf=0.6431 grad_norm=5.2672 tensors_with_grad=69/72
[train] step 397: T=605 positions=16 loss=0.5246 ce=1.7747 tv=0.3183 conf=0.7804 grad_norm=5.2154 tensors_with_grad=69/72
[train] step 398: T=529 positions=16 loss=0.9267 ce=2.6666 tv=0.4381 conf=0.8675 grad_norm=4.0455 tensors_with_grad=69/72
[train] step 399: T=1075 positions=16 loss=1.0303 ce=2.6733 tv=0.3298 conf=0.7817 grad_norm=5.6049 tensors_with_grad=69/72
[train] step 400: T=1443 positions=16 loss=1.4342 ce=4.1622 tv=0.5098 conf=0.8799 grad_norm=11.6904 tensors_with_grad=69/72
[train] step 401: T=535 positions=16 loss=1.2513 ce=2.9709 tv=0.5629 conf=0.9609 grad_norm=6.3995 tensors_with_grad=69/72
[train] step 402: T=594 positions=16 loss=0.2045 ce=0.4988 tv=0.1737 conf=0.4158 grad_norm=3.5673 tensors_with_grad=69/72
[train] step 403: T=886 positions=16 loss=1.2880 ce=3.2984 tv=0.3809 conf=0.6016 grad_norm=6.7889 tensors_with_grad=69/72
[train] step 404: T=532 positions=16 loss=0.9094 ce=2.0286 tv=0.3991 conf=0.6140 grad_norm=3.8951 tensors_with_grad=69/72
[train] step 405: T=560 positions=16 loss=0.5352 ce=1.6347 tv=0.3002 conf=1.0650 grad_norm=3.6975 tensors_with_grad=69/72
[train] step 406: T=597 positions=16 loss=0.8259 ce=2.0337 tv=0.3558 conf=0.6218 grad_norm=8.0894 tensors_with_grad=69/72
[train] step 407: T=536 positions=16 loss=0.0829 ce=0.2115 tv=0.1054 conf=0.2778 grad_norm=0.6484 tensors_with_grad=69/72
[train] step 408: T=578 positions=16 loss=0.2083 ce=0.6738 tv=0.2194 conf=1.6970 grad_norm=3.2752 tensors_with_grad=69/72
[train] step 409: T=675 positions=16 loss=0.3175 ce=1.0045 tv=0.2002 conf=0.4876 grad_norm=1.5944 tensors_with_grad=69/72
[train] step 410: T=672 positions=16 loss=1.3455 ce=2.9506 tv=0.5459 conf=0.8274 grad_norm=5.4138 tensors_with_grad=69/72
[train] step 411: T=529 positions=16 loss=0.2755 ce=0.7715 tv=0.2281 conf=0.8865 grad_norm=2.0833 tensors_with_grad=69/72
[train] step 412: T=676 positions=16 loss=0.2799 ce=0.7275 tv=0.2649 conf=1.0511 grad_norm=4.6030 tensors_with_grad=69/72
[train] step 413: T=555 positions=16 loss=0.5229 ce=1.0263 tv=0.1906 conf=0.6255 grad_norm=5.8442 tensors_with_grad=69/72
[train] step 414: T=1244 positions=16 loss=1.2900 ce=3.5162 tv=0.3983 conf=0.8470 grad_norm=4.6024 tensors_with_grad=69/72
[train] step 415: T=549 positions=16 loss=1.0666 ce=2.3683 tv=0.4957 conf=0.7503 grad_norm=5.8352 tensors_with_grad=69/72
[train] step 416: T=599 positions=16 loss=0.4351 ce=1.4043 tv=0.3250 conf=1.2234 grad_norm=3.1458 tensors_with_grad=69/72
[train] step 417: T=526 positions=16 loss=0.4829 ce=1.4702 tv=0.2859 conf=0.5658 grad_norm=6.5399 tensors_with_grad=69/72
[train] step 418: T=576 positions=16 loss=1.2927 ce=2.9869 tv=0.4786 conf=0.8077 grad_norm=4.9784 tensors_with_grad=69/72
[train] step 419: T=542 positions=16 loss=0.3818 ce=1.3840 tv=0.2551 conf=0.7688 grad_norm=2.2276 tensors_with_grad=69/72
[train] step 420: T=537 positions=16 loss=0.0605 ce=0.1924 tv=0.0647 conf=0.3164 grad_norm=1.0575 tensors_with_grad=69/72
[train] step 421: T=536 positions=16 loss=0.2449 ce=0.7643 tv=0.1477 conf=0.4412 grad_norm=3.4680 tensors_with_grad=69/72
[train] step 422: T=543 positions=16 loss=0.2041 ce=0.6588 tv=0.1178 conf=0.3251 grad_norm=2.4557 tensors_with_grad=69/72
[train] step 423: T=573 positions=16 loss=1.0052 ce=2.4106 tv=0.3945 conf=0.6453 grad_norm=4.9506 tensors_with_grad=69/72
[train] step 424: T=928 positions=16 loss=0.8920 ce=2.5080 tv=0.3828 conf=0.7916 grad_norm=5.4633 tensors_with_grad=69/72
[train] step 425: T=979 positions=16 loss=1.6505 ce=3.5443 tv=0.4999 conf=0.7778 grad_norm=9.6893 tensors_with_grad=69/72
[train] step 426: T=542 positions=16 loss=0.1533 ce=0.5505 tv=0.1199 conf=0.5343 grad_norm=1.5289 tensors_with_grad=69/72
[train] step 427: T=525 positions=16 loss=0.6541 ce=1.1768 tv=0.2881 conf=0.8213 grad_norm=10.4370 tensors_with_grad=69/72
[train] step 428: T=1286 positions=16 loss=0.8904 ce=2.4262 tv=0.3752 conf=0.8880 grad_norm=2.0966 tensors_with_grad=69/72
[train] step 429: T=538 positions=16 loss=0.1658 ce=0.3694 tv=0.1516 conf=0.3322 grad_norm=1.6254 tensors_with_grad=69/72
[train] step 430: T=541 positions=16 loss=0.6970 ce=2.2249 tv=0.3123 conf=0.8162 grad_norm=6.2859 tensors_with_grad=69/72
[train] step 431: T=537 positions=16 loss=0.7919 ce=1.7908 tv=0.3566 conf=0.9368 grad_norm=10.7918 tensors_with_grad=69/72
[train] step 432: T=550 positions=16 loss=0.4724 ce=0.8800 tv=0.2769 conf=0.4063 grad_norm=5.9617 tensors_with_grad=69/72
[train] step 433: T=568 positions=16 loss=0.7879 ce=3.0537 tv=0.3742 conf=1.4193 grad_norm=6.5122 tensors_with_grad=69/72
[train] step 434: T=524 positions=16 loss=1.2854 ce=2.7916 tv=0.5184 conf=0.6297 grad_norm=5.2009 tensors_with_grad=69/72
[train] step 435: T=601 positions=16 loss=0.2253 ce=0.7831 tv=0.1723 conf=0.8139 grad_norm=3.3629 tensors_with_grad=69/72
[train] step 436: T=530 positions=16 loss=0.5127 ce=1.3112 tv=0.2749 conf=0.8836 grad_norm=6.4662 tensors_with_grad=69/72
[train] step 437: T=525 positions=16 loss=0.5467 ce=1.4797 tv=0.3444 conf=0.8848 grad_norm=4.9039 tensors_with_grad=69/72
[train] step 438: T=526 positions=16 loss=0.9202 ce=2.4433 tv=0.4773 conf=1.0318 grad_norm=7.2339 tensors_with_grad=69/72
[train] step 439: T=584 positions=16 loss=0.2295 ce=0.6189 tv=0.1594 conf=0.6117 grad_norm=2.6031 tensors_with_grad=69/72
[train] step 440: T=1681 positions=16 loss=1.6358 ce=4.0505 tv=0.4794 conf=1.5833 grad_norm=6.2541 tensors_with_grad=69/72
[train] step 441: T=532 positions=16 loss=0.5653 ce=1.4513 tv=0.2836 conf=0.7370 grad_norm=2.1828 tensors_with_grad=69/72
[train] step 442: T=535 positions=16 loss=0.6038 ce=1.3273 tv=0.2312 conf=0.4303 grad_norm=4.0400 tensors_with_grad=69/72
[train] step 443: T=1305 positions=16 loss=1.7344 ce=4.2243 tv=0.5182 conf=0.7231 grad_norm=5.8201 tensors_with_grad=69/72
[train] step 444: T=545 positions=16 loss=0.5080 ce=1.2445 tv=0.2886 conf=0.3847 grad_norm=7.9654 tensors_with_grad=69/72
[train] step 445: T=537 positions=16 loss=0.5468 ce=1.4029 tv=0.2762 conf=0.6945 grad_norm=4.0626 tensors_with_grad=69/72
[train] step 446: T=963 positions=16 loss=1.2584 ce=3.1862 tv=0.3679 conf=0.9423 grad_norm=6.0249 tensors_with_grad=69/72
[train] step 447: T=539 positions=16 loss=0.3903 ce=0.8699 tv=0.1842 conf=0.9690 grad_norm=3.5795 tensors_with_grad=69/72
[train] step 448: T=653 positions=16 loss=1.4057 ce=3.1315 tv=0.5735 conf=1.9169 grad_norm=6.4182 tensors_with_grad=69/72
[train] step 449: T=528 positions=16 loss=0.5443 ce=1.1407 tv=0.2395 conf=0.5822 grad_norm=5.1918 tensors_with_grad=69/72
[train] step 450: T=599 positions=16 loss=0.7418 ce=1.7961 tv=0.3680 conf=0.6416 grad_norm=10.5821 tensors_with_grad=69/72
[train] step 451: T=543 positions=16 loss=0.3388 ce=0.9413 tv=0.1956 conf=0.7623 grad_norm=4.8842 tensors_with_grad=69/72
[train] step 452: T=532 positions=16 loss=0.5510 ce=1.4854 tv=0.2273 conf=0.7449 grad_norm=3.6729 tensors_with_grad=69/72
[train] step 453: T=1026 positions=16 loss=1.5711 ce=3.3482 tv=0.5671 conf=1.1636 grad_norm=8.9028 tensors_with_grad=69/72
[train] step 454: T=577 positions=16 loss=0.6218 ce=1.5192 tv=0.3652 conf=0.9385 grad_norm=4.2378 tensors_with_grad=69/72
[train] step 455: T=1744 positions=16 loss=1.6891 ce=4.1076 tv=0.5411 conf=1.4601 grad_norm=7.9482 tensors_with_grad=69/72
[train] step 456: T=643 positions=16 loss=0.2291 ce=0.6330 tv=0.1633 conf=0.5685 grad_norm=2.1279 tensors_with_grad=69/72
[train] step 457: T=678 positions=16 loss=0.9068 ce=1.9749 tv=0.4015 conf=1.4408 grad_norm=7.3314 tensors_with_grad=69/72
[train] step 458: T=534 positions=16 loss=1.0200 ce=2.3761 tv=0.4495 conf=1.3937 grad_norm=3.1770 tensors_with_grad=69/72
[train] step 459: T=561 positions=16 loss=0.3691 ce=0.8784 tv=0.1974 conf=1.1714 grad_norm=3.0284 tensors_with_grad=69/72
[train] step 460: T=529 positions=16 loss=0.6286 ce=1.6610 tv=0.3869 conf=0.7526 grad_norm=3.7592 tensors_with_grad=69/72
[train] step 461: T=618 positions=16 loss=0.1594 ce=0.5097 tv=0.1107 conf=0.5355 grad_norm=2.7357 tensors_with_grad=69/72
[train] step 462: T=592 positions=16 loss=0.7706 ce=1.8544 tv=0.3641 conf=1.2028 grad_norm=6.4023 tensors_with_grad=69/72
[train] step 463: T=538 positions=16 loss=0.2123 ce=0.7801 tv=0.1922 conf=0.7707 grad_norm=2.6464 tensors_with_grad=69/72
[train] step 464: T=524 positions=16 loss=0.6296 ce=1.4555 tv=0.3401 conf=0.8447 grad_norm=3.4071 tensors_with_grad=69/72
[train] step 465: T=639 positions=16 loss=0.4812 ce=1.9610 tv=0.2658 conf=0.7821 grad_norm=6.1198 tensors_with_grad=69/72
[train] step 466: T=574 positions=16 loss=0.1475 ce=0.7930 tv=0.1856 conf=0.9279 grad_norm=5.4570 tensors_with_grad=69/72
[train] step 467: T=595 positions=16 loss=0.2839 ce=0.6810 tv=0.1442 conf=0.6892 grad_norm=2.8770 tensors_with_grad=69/72
[train] step 468: T=529 positions=16 loss=0.8933 ce=2.3228 tv=0.3271 conf=1.0552 grad_norm=4.2116 tensors_with_grad=69/72
[train] step 469: T=530 positions=16 loss=0.7145 ce=1.9375 tv=0.3128 conf=0.6051 grad_norm=6.0508 tensors_with_grad=69/72
[train] step 470: T=526 positions=16 loss=0.9379 ce=1.8555 tv=0.4259 conf=0.5344 grad_norm=5.2554 tensors_with_grad=69/72
[train] step 471: T=541 positions=16 loss=0.8072 ce=2.4765 tv=0.2888 conf=0.7688 grad_norm=11.9258 tensors_with_grad=69/72
[train] step 472: T=672 positions=16 loss=0.8315 ce=2.1213 tv=0.3346 conf=0.6611 grad_norm=4.2651 tensors_with_grad=69/72
[train] step 473: T=1079 positions=16 loss=1.1528 ce=3.0246 tv=0.4078 conf=1.3725 grad_norm=4.6610 tensors_with_grad=69/72
[train] step 474: T=529 positions=16 loss=0.6207 ce=1.6222 tv=0.3512 conf=0.7999 grad_norm=3.0032 tensors_with_grad=69/72
[train] step 475: T=544 positions=16 loss=0.4211 ce=1.0503 tv=0.2735 conf=0.7201 grad_norm=3.4891 tensors_with_grad=69/72
[train] step 476: T=1567 positions=16 loss=1.3885 ce=3.1846 tv=0.4124 conf=0.7371 grad_norm=3.0458 tensors_with_grad=69/72
[train] step 477: T=533 positions=16 loss=1.0847 ce=2.3158 tv=0.4794 conf=0.9980 grad_norm=6.3064 tensors_with_grad=69/72
[train] step 478: T=1190 positions=16 loss=1.5084 ce=3.7054 tv=0.4295 conf=0.6599 grad_norm=4.6540 tensors_with_grad=69/72
[train] step 479: T=541 positions=16 loss=0.1464 ce=0.3084 tv=0.0750 conf=0.1175 grad_norm=1.3491 tensors_with_grad=69/72
[train] step 480: T=1679 positions=16 loss=1.5229 ce=3.7061 tv=0.4666 conf=1.5270 grad_norm=3.4038 tensors_with_grad=69/72
[train] step 481: T=526 positions=16 loss=0.7178 ce=1.8671 tv=0.4394 conf=1.2632 grad_norm=3.1262 tensors_with_grad=69/72
[train] step 482: T=636 positions=16 loss=0.7790 ce=1.5233 tv=0.4123 conf=0.9440 grad_norm=8.6990 tensors_with_grad=69/72
[train] step 483: T=545 positions=16 loss=0.7700 ce=1.5201 tv=0.2962 conf=0.3524 grad_norm=3.8460 tensors_with_grad=69/72
[train] step 484: T=531 positions=16 loss=0.4206 ce=1.1843 tv=0.2551 conf=0.6855 grad_norm=1.7280 tensors_with_grad=69/72
[train] step 485: T=528 positions=16 loss=0.3632 ce=0.7884 tv=0.2234 conf=0.7990 grad_norm=4.1032 tensors_with_grad=69/72
[train] step 486: T=605 positions=16 loss=0.9886 ce=2.5276 tv=0.3660 conf=0.6259 grad_norm=6.3406 tensors_with_grad=69/72
[train] step 487: T=527 positions=16 loss=0.4748 ce=1.3484 tv=0.1815 conf=0.6135 grad_norm=2.8174 tensors_with_grad=69/72
[train] step 488: T=545 positions=16 loss=0.2280 ce=0.5355 tv=0.1042 conf=0.2719 grad_norm=1.3833 tensors_with_grad=69/72
[train] step 489: T=595 positions=16 loss=0.7549 ce=1.8086 tv=0.3976 conf=0.9272 grad_norm=8.2559 tensors_with_grad=69/72
[train] step 490: T=525 positions=16 loss=0.9394 ce=1.7414 tv=0.4139 conf=0.4837 grad_norm=8.2240 tensors_with_grad=69/72
[diag] draft-argmax == TARGET-argmax : 61.5%  | == ground-truth token: 60.8%
[diag] mean top-1 prob  target 0.842  draft 0.727   (TV near 1 with a PEAKED draft => misalignment; with a FLAT draft => genuine)
[train] saved 72 trained tensors -> /cap/s3recap-deficit/c0/trained/mtp_trained.safetensors
[train] saved AdamW state -> /cap/s3recap-deficit/c0/trained/opt_state.pt (needed for --resume to be equivalent to one continuous run)
[train] metrics -> /cap/s3recap-deficit/c0/train_metrics.json  (loss 1.6274 -> 0.9394, tail mean 0.7512)
[train] TRAIN OK
