[train] device=cuda torch=2.10.0
  loading model-00046-of-00048.safetensors ...
  loading model-00047-of-00048.safetensors ...
  loading model-00048-of-00048.safetensors ...
  dequantised 1512 tensors, 12.60 B params, 23.5 GiB bf16
[train] weights ready in 8.8s
[train] trainable 517.3 M in 72 tensors | frozen experts 12.08 B
[train] capture: 491 sample(s)
[Gloo] Rank 0 is connected to 0 peer ranks. Expected number of connected peer ranks is : 0
[train] ModelArgs: n_mtp=3 block=5 taps=[40, 41, 42] markov_rank=256
[train] built 3 DSparkBlock(s) on meta
[train] re-materialised freqs_cis on 3 attention module(s) (persistent=False buffers are NOT in state_dict and to_empty() zapped them)
[train] load_state_dict: 0 missing, 0 unexpected
[train] GATE1 model construction OK
[train] aux: embed.weight(129280, 4096), head.weight(129280, 4096)
[train] trainable tensors in graph: 72 / 517.3 M
[train] lr schedule: linear warmup 73 step(s) -> cosine over 1472 session step(s), peak 5e-05; this chunk is steps 0..490
/work/train/train_head.py:115: UserWarning: Converting a tensor with requires_grad=True to a scalar may lead to unexpected behavior.
Consider using tensor.detach() first. (Triggered internally at /opt/pytorch/torch/csrc/autograd/generated/python_variable_methods.cpp:836.)
  parts = {"ce": float((w * ce).sum()), "tv": float((w * tv).sum()), "conf": 0.0}
[train] step 0: T=541 positions=16 loss=0.8906 ce=3.7850 tv=0.5689 conf=0.8762 grad_norm=7.2247 tensors_with_grad=69/72
[train] step 1: T=645 positions=16 loss=1.1416 ce=4.7689 tv=0.7386 conf=0.5036 grad_norm=5.6818 tensors_with_grad=69/72
[train] step 2: T=527 positions=16 loss=0.9352 ce=4.8061 tv=0.5051 conf=0.6852 grad_norm=7.5491 tensors_with_grad=69/72
[train] step 3: T=848 positions=16 loss=0.8067 ce=3.7417 tv=0.4806 conf=0.4796 grad_norm=8.3460 tensors_with_grad=69/72
[train] step 4: T=675 positions=16 loss=0.8479 ce=4.8214 tv=0.4064 conf=0.8153 grad_norm=4.2124 tensors_with_grad=69/72
[train] step 5: T=536 positions=16 loss=0.5322 ce=3.1129 tv=0.2455 conf=0.4552 grad_norm=7.2105 tensors_with_grad=69/72
[train] step 6: T=619 positions=16 loss=0.3366 ce=1.9530 tv=0.1570 conf=0.4654 grad_norm=2.8626 tensors_with_grad=69/72
[train] step 7: T=632 positions=16 loss=1.0346 ce=3.9634 tv=0.7092 conf=0.5529 grad_norm=7.8406 tensors_with_grad=69/72
[train] step 8: T=529 positions=16 loss=0.6402 ce=2.2215 tv=0.4645 conf=0.6846 grad_norm=7.8746 tensors_with_grad=69/72
[train] step 9: T=530 positions=16 loss=0.5676 ce=2.0613 tv=0.4016 conf=0.5818 grad_norm=4.9937 tensors_with_grad=69/72
[train] step 10: T=660 positions=16 loss=1.1190 ce=4.6899 tv=0.7223 conf=0.4682 grad_norm=5.1961 tensors_with_grad=69/72
[train] step 11: T=1056 positions=16 loss=1.0223 ce=5.0447 tv=0.5754 conf=0.6227 grad_norm=5.4468 tensors_with_grad=69/72
[train] step 12: T=537 positions=16 loss=0.4626 ce=1.8657 tv=0.3067 conf=0.7125 grad_norm=4.6788 tensors_with_grad=69/72
[train] step 13: T=539 positions=16 loss=0.8382 ce=3.1845 tv=0.5775 conf=0.8458 grad_norm=6.2471 tensors_with_grad=69/72
[train] step 14: T=627 positions=16 loss=0.4204 ce=2.2015 tv=0.2225 conf=0.4446 grad_norm=5.0244 tensors_with_grad=69/72
[train] step 15: T=526 positions=16 loss=1.0308 ce=4.2746 tv=0.6704 conf=0.6470 grad_norm=6.4975 tensors_with_grad=69/72
[train] step 16: T=1697 positions=16 loss=1.2260 ce=5.5571 tv=0.7448 conf=0.5086 grad_norm=3.6930 tensors_with_grad=69/72
[train] step 17: T=608 positions=16 loss=0.8403 ce=3.6414 tv=0.5291 conf=0.7623 grad_norm=10.0544 tensors_with_grad=69/72
[train] step 18: T=541 positions=16 loss=0.4264 ce=1.7995 tv=0.2738 conf=0.6036 grad_norm=10.4219 tensors_with_grad=69/72
[train] step 19: T=528 positions=16 loss=1.0089 ce=4.2446 tv=0.6494 conf=0.4752 grad_norm=3.4957 tensors_with_grad=69/72
[train] step 20: T=531 positions=16 loss=0.6362 ce=2.5559 tv=0.4229 conf=0.4937 grad_norm=8.5967 tensors_with_grad=69/72
[train] step 21: T=531 positions=16 loss=0.6433 ce=2.1679 tv=0.4739 conf=0.7814 grad_norm=5.8599 tensors_with_grad=69/72
[train] step 22: T=536 positions=16 loss=1.0403 ce=5.0000 tv=0.6003 conf=0.8887 grad_norm=5.9112 tensors_with_grad=69/72
[train] step 23: T=571 positions=16 loss=1.0707 ce=4.5678 tv=0.6821 conf=0.6712 grad_norm=8.8352 tensors_with_grad=69/72
[train] step 24: T=524 positions=16 loss=0.4287 ce=2.2942 tv=0.2214 conf=0.3254 grad_norm=3.1245 tensors_with_grad=69/72
[train] step 25: T=675 positions=16 loss=1.1193 ce=5.0689 tv=0.6805 conf=0.4918 grad_norm=10.0573 tensors_with_grad=69/72
[train] step 26: T=615 positions=16 loss=0.4786 ce=1.9958 tv=0.3100 conf=0.5162 grad_norm=6.2535 tensors_with_grad=69/72
[train] step 27: T=677 positions=16 loss=0.8034 ce=3.1878 tv=0.5384 conf=0.7575 grad_norm=5.4892 tensors_with_grad=69/72
[train] step 28: T=537 positions=16 loss=1.0481 ce=5.2301 tv=0.5834 conf=0.7053 grad_norm=10.4893 tensors_with_grad=69/72
[train] step 29: T=652 positions=16 loss=1.0850 ce=4.4078 tv=0.7159 conf=0.5059 grad_norm=5.0041 tensors_with_grad=69/72
[train] step 30: T=553 positions=16 loss=0.4246 ce=1.4466 tv=0.3110 conf=0.4709 grad_norm=5.0642 tensors_with_grad=69/72
[train] step 31: T=528 positions=16 loss=0.4761 ce=1.4851 tv=0.3639 conf=0.5122 grad_norm=5.9051 tensors_with_grad=69/72
[train] step 32: T=591 positions=16 loss=0.4640 ce=2.4039 tv=0.2484 conf=0.8798 grad_norm=6.9076 tensors_with_grad=69/72
[train] step 33: T=528 positions=16 loss=0.2245 ce=0.5078 tv=0.1930 conf=0.4181 grad_norm=9.6537 tensors_with_grad=69/72
[train] step 34: T=539 positions=16 loss=0.3644 ce=1.8491 tv=0.1995 conf=0.6192 grad_norm=6.9655 tensors_with_grad=69/72
[train] step 35: T=608 positions=16 loss=0.6510 ce=3.1365 tv=0.3748 conf=0.7450 grad_norm=6.8430 tensors_with_grad=69/72
[train] step 36: T=538 positions=16 loss=0.5576 ce=1.8947 tv=0.4090 conf=0.5154 grad_norm=6.0998 tensors_with_grad=69/72
[train] step 37: T=542 positions=16 loss=0.7148 ce=2.5205 tv=0.5142 conf=0.6201 grad_norm=5.8836 tensors_with_grad=69/72
[train] step 38: T=672 positions=16 loss=1.2404 ce=5.6603 tv=0.7492 conf=0.5458 grad_norm=3.1028 tensors_with_grad=69/72
[train] step 39: T=672 positions=16 loss=0.5423 ce=2.5348 tv=0.3209 conf=0.3520 grad_norm=5.5899 tensors_with_grad=69/72
[train] step 40: T=823 positions=16 loss=1.2388 ce=6.8605 tv=0.6142 conf=0.6940 grad_norm=8.1151 tensors_with_grad=69/72
[train] step 41: T=542 positions=16 loss=0.9559 ce=4.9829 tv=0.5084 conf=0.8936 grad_norm=9.7015 tensors_with_grad=69/72
[train] step 42: T=528 positions=16 loss=1.4647 ce=8.3510 tv=0.6995 conf=0.8062 grad_norm=8.7306 tensors_with_grad=69/72
[train] step 43: T=892 positions=16 loss=0.7855 ce=4.2604 tv=0.3994 conf=0.5922 grad_norm=3.8585 tensors_with_grad=69/72
[train] step 44: T=641 positions=16 loss=1.0977 ce=4.5943 tv=0.7092 conf=0.5506 grad_norm=4.1565 tensors_with_grad=69/72
[train] step 45: T=527 positions=16 loss=0.6424 ce=2.9387 tv=0.3873 conf=0.7225 grad_norm=4.7196 tensors_with_grad=69/72
[train] step 46: T=527 positions=16 loss=0.6351 ce=3.4189 tv=0.3258 conf=0.7954 grad_norm=5.5657 tensors_with_grad=69/72
[train] step 47: T=989 positions=16 loss=1.1389 ce=6.3334 tv=0.5617 conf=0.6306 grad_norm=5.8197 tensors_with_grad=69/72
[train] step 48: T=611 positions=16 loss=0.9910 ce=4.9126 tv=0.5553 conf=0.9097 grad_norm=7.9082 tensors_with_grad=69/72
[train] step 49: T=558 positions=16 loss=0.8826 ce=4.3349 tv=0.4990 conf=0.9157 grad_norm=6.7151 tensors_with_grad=69/72
[train] step 50: T=542 positions=16 loss=0.4797 ce=2.9982 tv=0.1998 conf=0.3625 grad_norm=3.4391 tensors_with_grad=69/72
[train] step 51: T=527 positions=16 loss=0.7699 ce=3.8108 tv=0.4320 conf=0.9594 grad_norm=5.0640 tensors_with_grad=69/72
[train] step 52: T=540 positions=16 loss=0.3105 ce=1.5323 tv=0.1747 conf=0.4746 grad_norm=2.2003 tensors_with_grad=69/72
[train] step 53: T=673 positions=16 loss=1.0017 ce=3.9933 tv=0.6693 conf=0.6125 grad_norm=5.3877 tensors_with_grad=69/72
[train] step 54: T=613 positions=16 loss=0.8587 ce=3.2348 tv=0.5947 conf=0.6192 grad_norm=7.5421 tensors_with_grad=69/72
[train] step 55: T=608 positions=16 loss=0.8469 ce=3.5918 tv=0.5419 conf=0.7077 grad_norm=4.2437 tensors_with_grad=69/72
[train] step 56: T=535 positions=16 loss=0.4762 ce=1.5747 tv=0.3542 conf=0.5918 grad_norm=5.8631 tensors_with_grad=69/72
[train] step 57: T=531 positions=16 loss=0.8488 ce=4.2216 tv=0.4740 conf=1.2802 grad_norm=9.8603 tensors_with_grad=69/72
[train] step 58: T=668 positions=16 loss=0.5100 ce=2.7225 tv=0.2641 conf=0.7773 grad_norm=5.5335 tensors_with_grad=69/72
[train] step 59: T=677 positions=16 loss=0.9447 ce=4.3067 tv=0.5712 conf=0.7812 grad_norm=4.8301 tensors_with_grad=69/72
[train] step 60: T=531 positions=16 loss=0.7966 ce=2.9678 tv=0.5553 conf=0.5992 grad_norm=6.7472 tensors_with_grad=69/72
[train] step 61: T=672 positions=16 loss=0.9385 ce=3.6920 tv=0.6326 conf=0.5897 grad_norm=10.6727 tensors_with_grad=69/72
[train] step 62: T=582 positions=16 loss=0.9295 ce=4.1021 tv=0.5770 conf=1.0485 grad_norm=18.1117 tensors_with_grad=69/72
[train] step 63: T=583 positions=16 loss=0.2638 ce=1.0913 tv=0.1719 conf=0.2781 grad_norm=7.7815 tensors_with_grad=69/72
[train] step 64: T=1047 positions=16 loss=1.0812 ce=5.4424 tv=0.5967 conf=0.9320 grad_norm=4.4254 tensors_with_grad=69/72
[train] step 65: T=673 positions=16 loss=1.0572 ce=4.5280 tv=0.6716 conf=0.5216 grad_norm=3.3360 tensors_with_grad=69/72
[train] step 66: T=600 positions=16 loss=0.6566 ce=2.7278 tv=0.4265 conf=0.6489 grad_norm=4.8627 tensors_with_grad=69/72
[train] step 67: T=672 positions=16 loss=0.9583 ce=4.2390 tv=0.5937 conf=0.5402 grad_norm=6.1589 tensors_with_grad=69/72
[train] step 68: T=622 positions=16 loss=0.1807 ce=0.7164 tv=0.1211 conf=0.3210 grad_norm=3.7978 tensors_with_grad=69/72
[train] step 69: T=531 positions=16 loss=0.9213 ce=3.4695 tv=0.6382 conf=0.5532 grad_norm=7.3951 tensors_with_grad=69/72
[train] step 70: T=531 positions=16 loss=0.6575 ce=3.0557 tv=0.3910 conf=0.4274 grad_norm=5.3508 tensors_with_grad=69/72
[train] step 71: T=527 positions=16 loss=1.1149 ce=4.6405 tv=0.7232 conf=0.5636 grad_norm=6.7539 tensors_with_grad=69/72
[train] step 72: T=542 positions=16 loss=0.7888 ce=2.6852 tv=0.5781 conf=0.6576 grad_norm=7.4417 tensors_with_grad=69/72
[train] step 73: T=527 positions=16 loss=0.9481 ce=3.6364 tv=0.6494 conf=0.5865 grad_norm=6.9150 tensors_with_grad=69/72
[train] step 74: T=629 positions=16 loss=0.9168 ce=3.9276 tv=0.5823 conf=0.7219 grad_norm=5.1624 tensors_with_grad=69/72
[train] step 75: T=646 positions=16 loss=0.6736 ce=2.5502 tv=0.4651 conf=0.5942 grad_norm=4.9067 tensors_with_grad=69/72
[train] step 76: T=527 positions=16 loss=0.8929 ce=3.3865 tv=0.6158 conf=0.7630 grad_norm=6.5721 tensors_with_grad=69/72
[train] step 77: T=581 positions=16 loss=0.9451 ce=4.1685 tv=0.5869 conf=0.6989 grad_norm=5.5276 tensors_with_grad=69/72
[train] step 78: T=528 positions=16 loss=0.5259 ce=2.1256 tv=0.3482 conf=0.4973 grad_norm=5.7745 tensors_with_grad=69/72
[train] step 79: T=534 positions=16 loss=1.2992 ce=6.5095 tv=0.7202 conf=0.9552 grad_norm=5.9734 tensors_with_grad=69/72
[train] step 80: T=532 positions=16 loss=1.0128 ce=3.9661 tv=0.6846 conf=0.5203 grad_norm=4.9490 tensors_with_grad=69/72
[train] step 81: T=533 positions=16 loss=0.6759 ce=3.1716 tv=0.3986 conf=0.5819 grad_norm=4.7861 tensors_with_grad=69/72
[train] step 82: T=527 positions=16 loss=0.9106 ce=3.8372 tv=0.5854 conf=0.7901 grad_norm=4.6944 tensors_with_grad=69/72
[train] step 83: T=580 positions=16 loss=0.8110 ce=3.8204 tv=0.4766 conf=0.9492 grad_norm=9.2742 tensors_with_grad=69/72
[train] step 84: T=1391 positions=16 loss=0.8104 ce=3.4924 tv=0.5124 conf=0.5475 grad_norm=4.1148 tensors_with_grad=69/72
[train] step 85: T=527 positions=16 loss=0.9507 ce=3.7969 tv=0.6345 conf=0.7829 grad_norm=3.6805 tensors_with_grad=69/72
[train] step 86: T=538 positions=16 loss=0.2779 ce=0.9181 tv=0.2067 conf=0.3291 grad_norm=8.6395 tensors_with_grad=69/72
[train] step 87: T=648 positions=16 loss=0.6304 ce=2.8532 tv=0.3834 conf=0.5341 grad_norm=9.4538 tensors_with_grad=69/72
[train] step 88: T=672 positions=16 loss=0.9437 ce=4.2050 tv=0.5814 conf=0.6478 grad_norm=6.4565 tensors_with_grad=69/72
[train] step 89: T=599 positions=16 loss=0.8268 ce=3.0691 tv=0.5776 conf=0.7300 grad_norm=3.7599 tensors_with_grad=69/72
[train] step 90: T=655 positions=16 loss=0.7958 ce=3.4772 tv=0.4979 conf=0.6373 grad_norm=4.6371 tensors_with_grad=69/72
[train] step 91: T=646 positions=16 loss=0.6772 ce=2.4404 tv=0.4812 conf=0.6344 grad_norm=4.5995 tensors_with_grad=69/72
[train] step 92: T=606 positions=16 loss=0.5689 ce=2.6551 tv=0.3372 conf=0.4410 grad_norm=5.5577 tensors_with_grad=69/72
[train] step 93: T=526 positions=16 loss=0.3902 ce=1.3188 tv=0.2870 conf=0.6273 grad_norm=6.1301 tensors_with_grad=69/72
[train] step 94: T=541 positions=16 loss=0.5242 ce=1.9960 tv=0.3606 conf=0.5481 grad_norm=6.0126 tensors_with_grad=69/72
[train] step 95: T=546 positions=16 loss=0.7546 ce=2.6848 tv=0.5402 conf=0.6795 grad_norm=3.9298 tensors_with_grad=69/72
[train] step 96: T=532 positions=16 loss=0.3286 ce=1.0844 tv=0.2446 conf=0.3658 grad_norm=4.0270 tensors_with_grad=69/72
[train] step 97: T=527 positions=16 loss=1.3218 ce=6.3195 tv=0.7665 conf=0.8642 grad_norm=4.1690 tensors_with_grad=69/72
[train] step 98: T=678 positions=16 loss=0.4621 ce=1.6813 tv=0.3266 conf=0.6923 grad_norm=10.0353 tensors_with_grad=69/72
[train] step 99: T=542 positions=16 loss=0.6146 ce=2.0837 tv=0.4514 conf=0.6614 grad_norm=12.5053 tensors_with_grad=69/72
[train] step 100: T=536 positions=16 loss=0.1660 ce=0.7106 tv=0.1055 conf=0.1990 grad_norm=1.8302 tensors_with_grad=69/72
[train] step 101: T=540 positions=16 loss=0.8660 ce=3.5027 tv=0.5731 conf=0.7283 grad_norm=2.9541 tensors_with_grad=69/72
[train] step 102: T=628 positions=16 loss=0.4011 ce=2.0985 tv=0.2125 conf=0.6802 grad_norm=2.1135 tensors_with_grad=69/72
[train] step 103: T=599 positions=16 loss=0.6095 ce=2.3509 tv=0.4160 conf=0.6789 grad_norm=5.2569 tensors_with_grad=69/72
[train] step 104: T=608 positions=16 loss=0.3653 ce=1.3282 tv=0.2583 conf=0.5796 grad_norm=2.6902 tensors_with_grad=69/72
[train] step 105: T=618 positions=16 loss=0.7939 ce=3.1058 tv=0.5371 conf=0.8603 grad_norm=9.8887 tensors_with_grad=69/72
[train] step 106: T=673 positions=16 loss=0.8579 ce=3.2391 tv=0.5933 conf=0.6608 grad_norm=7.1721 tensors_with_grad=69/72
[train] step 107: T=607 positions=16 loss=0.4828 ce=2.0243 tv=0.3115 conf=0.7311 grad_norm=5.1675 tensors_with_grad=69/72
[train] step 108: T=580 positions=16 loss=0.5230 ce=2.1825 tv=0.3387 conf=0.5646 grad_norm=3.9893 tensors_with_grad=69/72
[train] step 109: T=565 positions=16 loss=0.5155 ce=2.4537 tv=0.3001 conf=0.5296 grad_norm=2.7336 tensors_with_grad=69/72
[train] step 110: T=533 positions=16 loss=0.7471 ce=3.3916 tv=0.4533 conf=0.8805 grad_norm=3.9195 tensors_with_grad=69/72
[train] step 111: T=610 positions=16 loss=0.5847 ce=2.3071 tv=0.3933 conf=0.7721 grad_norm=3.6132 tensors_with_grad=69/72
[train] step 112: T=1026 positions=16 loss=0.5009 ce=1.7075 tv=0.3668 conf=0.4090 grad_norm=3.9021 tensors_with_grad=69/72
[train] step 113: T=613 positions=16 loss=0.6019 ce=2.2073 tv=0.4235 conf=0.4646 grad_norm=6.3196 tensors_with_grad=69/72
[train] step 114: T=675 positions=16 loss=0.6701 ce=2.7292 tv=0.4413 conf=0.6016 grad_norm=3.3111 tensors_with_grad=69/72
[train] step 115: T=1001 positions=16 loss=0.6335 ce=2.5424 tv=0.4214 conf=0.5416 grad_norm=6.9430 tensors_with_grad=69/72
[train] step 116: T=553 positions=16 loss=0.6947 ce=3.0717 tv=0.4306 conf=0.7870 grad_norm=7.1253 tensors_with_grad=69/72
[train] step 117: T=676 positions=16 loss=0.3127 ce=1.2587 tv=0.2076 conf=0.4697 grad_norm=2.6848 tensors_with_grad=69/72
[train] step 118: T=530 positions=16 loss=0.3783 ce=1.4697 tv=0.2570 conf=0.4399 grad_norm=10.3718 tensors_with_grad=69/72
[train] step 119: T=531 positions=16 loss=0.2492 ce=0.9005 tv=0.1768 conf=0.2180 grad_norm=2.8724 tensors_with_grad=69/72
[train] step 120: T=560 positions=16 loss=0.6998 ce=2.7176 tv=0.4756 conf=0.6265 grad_norm=10.8584 tensors_with_grad=69/72
[train] step 121: T=1390 positions=16 loss=1.1147 ce=5.7366 tv=0.6012 conf=0.5281 grad_norm=4.6150 tensors_with_grad=69/72
[train] step 122: T=536 positions=16 loss=0.4950 ce=1.6962 tv=0.3616 conf=0.5575 grad_norm=3.3769 tensors_with_grad=69/72
[train] step 123: T=622 positions=16 loss=0.7700 ce=2.8586 tv=0.5379 conf=0.6709 grad_norm=3.1635 tensors_with_grad=69/72
[train] step 124: T=557 positions=16 loss=0.6181 ce=2.1937 tv=0.4430 conf=0.6041 grad_norm=9.2845 tensors_with_grad=69/72
[train] step 125: T=563 positions=16 loss=0.5815 ce=2.1530 tv=0.4069 conf=0.5625 grad_norm=5.9925 tensors_with_grad=69/72
[train] step 126: T=653 positions=16 loss=0.4770 ce=1.6883 tv=0.3424 conf=0.4797 grad_norm=3.3283 tensors_with_grad=69/72
[train] step 127: T=554 positions=16 loss=0.7415 ce=2.9536 tv=0.4957 conf=0.6379 grad_norm=4.2046 tensors_with_grad=69/72
[train] step 128: T=672 positions=16 loss=0.8202 ce=3.8354 tv=0.4852 conf=0.6428 grad_norm=3.6518 tensors_with_grad=69/72
[train] step 129: T=609 positions=16 loss=0.3721 ce=1.4767 tv=0.2494 conf=0.4777 grad_norm=5.9194 tensors_with_grad=69/72
[train] step 130: T=571 positions=16 loss=0.5149 ce=1.7282 tv=0.3801 conf=0.6724 grad_norm=3.7357 tensors_with_grad=69/72
[train] step 131: T=561 positions=16 loss=0.4101 ce=1.4244 tv=0.2974 conf=0.4671 grad_norm=4.0260 tensors_with_grad=69/72
[train] step 132: T=531 positions=16 loss=0.8685 ce=3.3353 tv=0.5944 conf=0.4805 grad_norm=4.5738 tensors_with_grad=69/72
[train] step 133: T=591 positions=16 loss=0.5496 ce=2.4699 tv=0.3363 conf=0.5743 grad_norm=4.2723 tensors_with_grad=69/72
[train] step 134: T=560 positions=16 loss=0.6649 ce=2.4962 tv=0.4614 conf=0.5401 grad_norm=4.3742 tensors_with_grad=69/72
[train] step 135: T=626 positions=16 loss=0.4304 ce=1.6543 tv=0.2944 conf=0.7989 grad_norm=7.1237 tensors_with_grad=69/72
[train] step 136: T=1018 positions=16 loss=0.8363 ce=3.8256 tv=0.5041 conf=0.7134 grad_norm=3.7079 tensors_with_grad=69/72
[train] step 137: T=527 positions=16 loss=0.8940 ce=3.8752 tv=0.5627 conf=0.8892 grad_norm=5.8196 tensors_with_grad=69/72
[train] step 138: T=673 positions=16 loss=1.2258 ce=5.8560 tv=0.7113 conf=0.9324 grad_norm=9.9118 tensors_with_grad=69/72
[train] step 139: T=936 positions=16 loss=0.6816 ce=2.8904 tv=0.4362 conf=0.5508 grad_norm=4.7349 tensors_with_grad=69/72
[train] step 140: T=593 positions=16 loss=0.7036 ce=2.7623 tv=0.4748 conf=0.7683 grad_norm=6.4847 tensors_with_grad=69/72
[train] step 141: T=531 positions=16 loss=0.6537 ce=2.2416 tv=0.4772 conf=0.6866 grad_norm=4.9073 tensors_with_grad=69/72
[train] step 142: T=540 positions=16 loss=0.3209 ce=0.9604 tv=0.2499 conf=0.3986 grad_norm=3.1995 tensors_with_grad=69/72
[train] step 143: T=543 positions=16 loss=0.2783 ce=0.9121 tv=0.2079 conf=0.3035 grad_norm=2.5551 tensors_with_grad=69/72
[train] step 144: T=573 positions=16 loss=0.1995 ce=0.9724 tv=0.1136 conf=0.3883 grad_norm=1.6378 tensors_with_grad=69/72
[train] step 145: T=535 positions=16 loss=0.3786 ce=1.4471 tv=0.2599 conf=0.4900 grad_norm=2.9556 tensors_with_grad=69/72
[train] step 146: T=1001 positions=16 loss=0.9347 ce=4.6813 tv=0.5184 conf=0.6274 grad_norm=5.5670 tensors_with_grad=69/72
[train] step 147: T=620 positions=16 loss=0.4555 ce=1.5518 tv=0.3337 conf=0.9245 grad_norm=6.0120 tensors_with_grad=69/72
[train] step 148: T=630 positions=16 loss=0.5916 ce=1.8284 tv=0.4542 conf=0.8157 grad_norm=9.8989 tensors_with_grad=69/72
[train] step 149: T=1178 positions=16 loss=1.0578 ce=5.2776 tv=0.5889 conf=0.5939 grad_norm=6.4134 tensors_with_grad=69/72
[train] step 150: T=614 positions=16 loss=0.4444 ce=1.4250 tv=0.3355 conf=0.6919 grad_norm=4.4287 tensors_with_grad=69/72
[train] step 151: T=676 positions=16 loss=0.3426 ce=1.4166 tv=0.2233 conf=0.4581 grad_norm=3.9145 tensors_with_grad=69/72
[train] step 152: T=677 positions=16 loss=0.6624 ce=2.5692 tv=0.4506 conf=0.8406 grad_norm=9.3882 tensors_with_grad=69/72
[train] step 153: T=538 positions=16 loss=0.2806 ce=0.8722 tv=0.2148 conf=0.3686 grad_norm=3.8656 tensors_with_grad=69/72
[train] step 154: T=544 positions=16 loss=0.3210 ce=0.9562 tv=0.2504 conf=0.2753 grad_norm=4.1198 tensors_with_grad=69/72
[train] step 155: T=539 positions=16 loss=0.4439 ce=1.7796 tv=0.2955 conf=0.6007 grad_norm=3.0378 tensors_with_grad=69/72
[train] step 156: T=541 positions=16 loss=0.4948 ce=1.5079 tv=0.3823 conf=1.3015 grad_norm=4.5351 tensors_with_grad=69/72
[train] step 157: T=902 positions=16 loss=0.8013 ce=3.2648 tv=0.5276 conf=0.6637 grad_norm=5.4199 tensors_with_grad=69/72
[train] step 158: T=648 positions=16 loss=0.2563 ce=0.7788 tv=0.1983 conf=0.7271 grad_norm=3.5582 tensors_with_grad=69/72
[train] step 159: T=672 positions=16 loss=0.8899 ce=3.6607 tv=0.5820 conf=0.8050 grad_norm=4.5123 tensors_with_grad=69/72
[train] step 160: T=1629 positions=16 loss=0.8993 ce=4.2493 tv=0.5271 conf=0.5067 grad_norm=3.7008 tensors_with_grad=69/72
[train] step 161: T=594 positions=16 loss=0.3709 ce=1.5434 tv=0.2406 conf=0.4160 grad_norm=2.6288 tensors_with_grad=69/72
[train] step 162: T=672 positions=16 loss=0.8807 ce=3.3166 tv=0.6100 conf=0.8756 grad_norm=5.3352 tensors_with_grad=69/72
[train] step 163: T=538 positions=16 loss=0.5044 ce=1.9992 tv=0.3383 conf=0.8281 grad_norm=5.6068 tensors_with_grad=69/72
[train] step 164: T=563 positions=16 loss=0.6451 ce=2.8530 tv=0.3998 conf=0.5362 grad_norm=3.0267 tensors_with_grad=69/72
[train] step 165: T=555 positions=16 loss=0.3495 ce=1.2676 tv=0.2475 conf=0.3383 grad_norm=6.4206 tensors_with_grad=69/72
[train] step 166: T=539 positions=16 loss=0.3813 ce=1.5184 tv=0.2550 conf=0.6266 grad_norm=3.9533 tensors_with_grad=69/72
[train] step 167: T=528 positions=16 loss=0.8499 ce=3.2136 tv=0.5873 conf=0.7323 grad_norm=6.0141 tensors_with_grad=69/72
[train] step 168: T=568 positions=16 loss=0.2732 ce=0.9982 tv=0.1926 conf=0.2642 grad_norm=3.8971 tensors_with_grad=69/72
[train] step 169: T=638 positions=16 loss=0.2432 ce=0.9538 tv=0.1642 conf=0.5284 grad_norm=1.9688 tensors_with_grad=69/72
[train] step 170: T=541 positions=16 loss=0.1725 ce=0.5824 tv=0.1270 conf=0.4181 grad_norm=2.8486 tensors_with_grad=69/72
[train] step 171: T=546 positions=16 loss=0.7560 ce=2.7931 tv=0.5296 conf=0.6908 grad_norm=3.8967 tensors_with_grad=69/72
[train] step 172: T=960 positions=16 loss=0.7808 ce=3.1973 tv=0.5123 conf=0.5555 grad_norm=3.6633 tensors_with_grad=69/72
[train] step 173: T=645 positions=16 loss=0.7118 ce=2.6204 tv=0.4998 conf=0.6558 grad_norm=3.7254 tensors_with_grad=69/72
[train] step 174: T=595 positions=16 loss=0.5548 ce=2.1148 tv=0.3815 conf=0.6196 grad_norm=4.3564 tensors_with_grad=69/72
[train] step 175: T=535 positions=16 loss=0.3656 ce=1.2548 tv=0.2668 conf=0.5873 grad_norm=4.4100 tensors_with_grad=69/72
[train] step 176: T=672 positions=16 loss=0.8213 ce=3.1076 tv=0.5673 conf=0.6061 grad_norm=3.5059 tensors_with_grad=69/72
[train] step 177: T=526 positions=16 loss=1.0574 ce=4.4874 tv=0.6763 conf=1.1749 grad_norm=5.0086 tensors_with_grad=69/72
[train] step 178: T=588 positions=16 loss=0.4084 ce=1.8964 tv=0.2431 conf=0.3352 grad_norm=2.8751 tensors_with_grad=69/72
[train] step 179: T=634 positions=16 loss=0.8854 ce=3.6674 tv=0.5763 conf=0.6531 grad_norm=2.7808 tensors_with_grad=69/72
[train] step 180: T=608 positions=16 loss=0.3051 ce=1.0667 tv=0.2205 conf=0.5344 grad_norm=3.0434 tensors_with_grad=69/72
[train] step 181: T=675 positions=16 loss=0.8009 ce=2.9511 tv=0.5620 conf=0.9378 grad_norm=2.6458 tensors_with_grad=69/72
[train] step 182: T=667 positions=16 loss=1.2243 ce=6.4664 tv=0.6418 conf=0.7938 grad_norm=14.7432 tensors_with_grad=69/72
[train] step 183: T=576 positions=16 loss=0.4260 ce=1.8468 tv=0.2681 conf=0.3837 grad_norm=5.3012 tensors_with_grad=69/72
[train] step 184: T=534 positions=16 loss=0.5787 ce=2.4755 tv=0.3679 conf=0.9617 grad_norm=3.3460 tensors_with_grad=69/72
[train] step 185: T=543 positions=16 loss=0.4967 ce=1.9481 tv=0.3355 conf=0.4867 grad_norm=7.3597 tensors_with_grad=69/72
[train] step 186: T=524 positions=16 loss=0.6497 ce=2.2189 tv=0.4754 conf=0.7561 grad_norm=4.7201 tensors_with_grad=69/72
[train] step 187: T=674 positions=16 loss=0.5650 ce=2.1208 tv=0.3921 conf=0.7677 grad_norm=11.2276 tensors_with_grad=69/72
[train] step 188: T=542 positions=16 loss=0.3740 ce=1.2232 tv=0.2797 conf=0.4540 grad_norm=3.3590 tensors_with_grad=69/72
[train] step 189: T=672 positions=16 loss=0.6245 ce=2.5025 tv=0.4159 conf=0.6553 grad_norm=6.0003 tensors_with_grad=69/72
[train] step 190: T=528 positions=16 loss=0.5536 ce=2.2004 tv=0.3706 conf=0.9399 grad_norm=4.4536 tensors_with_grad=69/72
[train] step 191: T=542 positions=16 loss=0.3497 ce=1.4016 tv=0.2328 conf=0.4560 grad_norm=2.4393 tensors_with_grad=69/72
[train] step 192: T=584 positions=16 loss=0.6666 ce=2.7971 tv=0.4299 conf=0.7424 grad_norm=21.2634 tensors_with_grad=69/72
[train] step 193: T=650 positions=16 loss=0.7417 ce=2.7521 tv=0.5183 conf=0.7766 grad_norm=6.7220 tensors_with_grad=69/72
[train] step 194: T=1710 positions=16 loss=0.9095 ce=4.7781 tv=0.4796 conf=0.6555 grad_norm=4.9248 tensors_with_grad=69/72
[train] step 195: T=672 positions=16 loss=0.7482 ce=3.2530 tv=0.4699 conf=0.9269 grad_norm=3.5974 tensors_with_grad=69/72
[train] step 196: T=534 positions=16 loss=0.5978 ce=2.2746 tv=0.4115 conf=0.4929 grad_norm=6.1215 tensors_with_grad=69/72
[train] step 197: T=541 positions=16 loss=0.5508 ce=2.7919 tv=0.3018 conf=0.7221 grad_norm=4.7578 tensors_with_grad=69/72
[train] step 198: T=915 positions=16 loss=0.6741 ce=3.0313 tv=0.4122 conf=0.6373 grad_norm=3.7565 tensors_with_grad=69/72
[train] step 199: T=1176 positions=16 loss=0.6411 ce=2.6810 tv=0.4144 conf=0.5019 grad_norm=3.4872 tensors_with_grad=69/72
[train] step 200: T=621 positions=16 loss=0.7958 ce=2.7196 tv=0.5821 conf=0.9124 grad_norm=6.1582 tensors_with_grad=69/72
[train] step 201: T=672 positions=16 loss=0.8495 ce=3.7091 tv=0.5317 conf=0.6996 grad_norm=4.6103 tensors_with_grad=69/72
[train] step 202: T=600 positions=16 loss=0.3021 ce=0.9128 tv=0.2342 conf=0.4895 grad_norm=10.7276 tensors_with_grad=69/72
[train] step 203: T=537 positions=16 loss=0.4800 ce=1.5992 tv=0.3556 conf=0.6606 grad_norm=4.6013 tensors_with_grad=69/72
[train] step 204: T=540 positions=16 loss=0.9992 ce=4.5452 tv=0.6052 conf=0.9159 grad_norm=6.4740 tensors_with_grad=69/72
[train] step 205: T=538 positions=16 loss=0.1834 ce=0.4315 tv=0.1558 conf=0.3103 grad_norm=4.1593 tensors_with_grad=69/72
[train] step 206: T=543 positions=16 loss=0.1729 ce=0.5797 tv=0.1277 conf=0.4649 grad_norm=1.8727 tensors_with_grad=69/72
[train] step 207: T=532 positions=16 loss=0.5501 ce=2.1382 tv=0.3736 conf=0.6811 grad_norm=3.1250 tensors_with_grad=69/72
[train] step 208: T=672 positions=16 loss=0.6026 ce=2.1039 tv=0.4358 conf=0.6654 grad_norm=3.0689 tensors_with_grad=69/72
[train] step 209: T=621 positions=16 loss=0.4493 ce=1.9374 tv=0.2840 conf=0.6789 grad_norm=3.7430 tensors_with_grad=69/72
[train] step 210: T=678 positions=16 loss=0.4843 ce=2.0414 tv=0.3113 conf=1.1598 grad_norm=3.6576 tensors_with_grad=69/72
[train] step 211: T=658 positions=16 loss=0.4052 ce=1.4334 tv=0.2910 conf=0.6208 grad_norm=4.1285 tensors_with_grad=69/72
[train] step 212: T=954 positions=16 loss=0.9142 ce=4.5484 tv=0.5104 conf=0.5896 grad_norm=7.3405 tensors_with_grad=69/72
[train] step 213: T=534 positions=16 loss=0.4721 ce=1.6393 tv=0.3424 conf=0.8046 grad_norm=11.6568 tensors_with_grad=69/72
[train] step 214: T=538 positions=16 loss=0.4256 ce=1.5019 tv=0.3061 conf=0.5824 grad_norm=4.5099 tensors_with_grad=69/72
[train] step 215: T=674 positions=16 loss=0.6742 ce=2.3803 tv=0.4846 conf=0.8358 grad_norm=3.5382 tensors_with_grad=69/72
[train] step 216: T=623 positions=16 loss=0.7038 ce=2.6454 tv=0.4881 conf=0.7534 grad_norm=3.7686 tensors_with_grad=69/72
[train] step 217: T=577 positions=16 loss=0.5529 ce=2.2426 tv=0.3652 conf=0.5342 grad_norm=2.9638 tensors_with_grad=69/72
[train] step 218: T=597 positions=16 loss=0.5176 ce=1.7895 tv=0.3763 conf=0.9158 grad_norm=6.1503 tensors_with_grad=69/72
[train] step 219: T=569 positions=16 loss=0.6508 ce=2.5745 tv=0.4370 conf=0.7540 grad_norm=3.6097 tensors_with_grad=69/72
[train] step 220: T=527 positions=16 loss=0.2582 ce=0.9727 tv=0.1789 conf=0.5915 grad_norm=3.4045 tensors_with_grad=69/72
[train] step 221: T=532 positions=16 loss=0.4921 ce=1.8805 tv=0.3378 conf=0.8247 grad_norm=4.0814 tensors_with_grad=69/72
[train] step 222: T=532 positions=16 loss=1.2456 ce=6.2333 tv=0.6915 conf=1.0127 grad_norm=5.6089 tensors_with_grad=69/72
[train] step 223: T=673 positions=16 loss=0.7255 ce=2.6373 tv=0.5131 conf=0.8940 grad_norm=3.5447 tensors_with_grad=69/72
[train] step 224: T=584 positions=16 loss=0.3499 ce=1.2750 tv=0.2471 conf=0.3750 grad_norm=3.9793 tensors_with_grad=69/72
[train] step 225: T=538 positions=16 loss=0.6972 ce=2.6006 tv=0.4858 conf=0.8074 grad_norm=4.0562 tensors_with_grad=69/72
[train] step 226: T=548 positions=16 loss=0.4261 ce=1.5370 tv=0.3027 conf=0.6062 grad_norm=4.0155 tensors_with_grad=69/72
[train] step 227: T=541 positions=16 loss=0.2902 ce=1.1281 tv=0.1970 conf=0.6562 grad_norm=8.0036 tensors_with_grad=69/72
[train] step 228: T=607 positions=16 loss=0.1996 ce=0.6749 tv=0.1468 conf=0.3929 grad_norm=3.6338 tensors_with_grad=69/72
[train] step 229: T=530 positions=16 loss=0.2856 ce=1.1579 tv=0.1887 conf=0.4159 grad_norm=3.2231 tensors_with_grad=69/72
[train] step 230: T=561 positions=16 loss=0.2565 ce=0.9306 tv=0.1816 conf=0.4916 grad_norm=5.4314 tensors_with_grad=69/72
[train] step 231: T=976 positions=16 loss=0.7801 ce=3.3665 tv=0.4927 conf=0.5058 grad_norm=4.3196 tensors_with_grad=69/72
[train] step 232: T=557 positions=16 loss=0.7334 ce=2.8636 tv=0.4967 conf=0.8315 grad_norm=6.8683 tensors_with_grad=69/72
[train] step 233: T=648 positions=16 loss=0.4080 ce=1.3495 tv=0.3034 conf=1.0562 grad_norm=5.0318 tensors_with_grad=69/72
[train] step 234: T=542 positions=16 loss=0.3505 ce=1.4860 tv=0.2243 conf=0.2429 grad_norm=2.0263 tensors_with_grad=69/72
[train] step 235: T=644 positions=16 loss=0.5063 ce=1.8188 tv=0.3604 conf=0.5016 grad_norm=4.1302 tensors_with_grad=69/72
[train] step 236: T=534 positions=16 loss=0.6643 ce=2.6081 tv=0.4483 conf=0.8219 grad_norm=3.5800 tensors_with_grad=69/72
[train] step 237: T=1054 positions=16 loss=0.6765 ce=2.7178 tv=0.4497 conf=0.7613 grad_norm=4.6354 tensors_with_grad=69/72
[train] step 238: T=675 positions=16 loss=0.4306 ce=1.6169 tv=0.2988 conf=0.4494 grad_norm=2.4850 tensors_with_grad=69/72
[train] step 239: T=619 positions=16 loss=0.7378 ce=3.1353 tv=0.4714 conf=0.7922 grad_norm=2.9357 tensors_with_grad=69/72
[train] step 240: T=552 positions=16 loss=0.9292 ce=4.6254 tv=0.5185 conf=0.7933 grad_norm=7.2025 tensors_with_grad=69/72
[train] step 241: T=542 positions=16 loss=0.7104 ce=2.4355 tv=0.5188 conf=0.7488 grad_norm=4.7128 tensors_with_grad=69/72
[train] step 242: T=927 positions=16 loss=0.6089 ce=2.5633 tv=0.3917 conf=0.8274 grad_norm=6.8708 tensors_with_grad=69/72
[train] step 243: T=581 positions=16 loss=0.2311 ce=0.8965 tv=0.1572 conf=0.8035 grad_norm=2.8506 tensors_with_grad=69/72
[train] step 244: T=541 positions=16 loss=0.6031 ce=2.2895 tv=0.4158 conf=0.9011 grad_norm=5.0094 tensors_with_grad=69/72
[train] step 245: T=531 positions=16 loss=0.8712 ce=3.3180 tv=0.5993 conf=0.5869 grad_norm=6.0858 tensors_with_grad=69/72
[train] step 246: T=577 positions=16 loss=0.4279 ce=1.3826 tv=0.3218 conf=0.8138 grad_norm=6.0050 tensors_with_grad=69/72
[train] step 247: T=827 positions=16 loss=0.7469 ce=3.3297 tv=0.4600 conf=0.9729 grad_norm=5.1850 tensors_with_grad=69/72
[train] step 248: T=532 positions=16 loss=0.2396 ce=0.5317 tv=0.2071 conf=1.0653 grad_norm=8.3685 tensors_with_grad=69/72
[train] step 249: T=532 positions=16 loss=0.3872 ce=1.2246 tv=0.2942 conf=0.8458 grad_norm=2.4340 tensors_with_grad=69/72
[train] step 250: T=587 positions=16 loss=0.4798 ce=1.6592 tv=0.3487 conf=0.9076 grad_norm=3.6337 tensors_with_grad=69/72
[train] step 251: T=620 positions=16 loss=0.2567 ce=0.7871 tv=0.1977 conf=0.5995 grad_norm=1.6113 tensors_with_grad=69/72
[train] step 252: T=535 positions=16 loss=0.7760 ce=3.1177 tv=0.5158 conf=0.7031 grad_norm=3.2294 tensors_with_grad=69/72
[train] step 253: T=532 positions=16 loss=0.6698 ce=2.9644 tv=0.4149 conf=0.7185 grad_norm=7.0931 tensors_with_grad=69/72
[train] step 254: T=553 positions=16 loss=0.3302 ce=1.2595 tv=0.2269 conf=0.4940 grad_norm=2.9988 tensors_with_grad=69/72
[train] step 255: T=567 positions=16 loss=0.1547 ce=0.3560 tv=0.1324 conf=0.4801 grad_norm=2.5616 tensors_with_grad=69/72
[train] step 256: T=676 positions=16 loss=0.4271 ce=1.6368 tv=0.2927 conf=0.7487 grad_norm=2.7566 tensors_with_grad=69/72
[train] step 257: T=571 positions=16 loss=0.8150 ce=3.4419 tv=0.5232 conf=0.4988 grad_norm=5.9834 tensors_with_grad=69/72
[train] step 258: T=675 positions=16 loss=0.3648 ce=1.2907 tv=0.2619 conf=0.6664 grad_norm=6.0492 tensors_with_grad=69/72
[train] step 259: T=631 positions=16 loss=0.2556 ce=0.7506 tv=0.2006 conf=0.5223 grad_norm=5.7943 tensors_with_grad=69/72
[train] step 260: T=625 positions=16 loss=0.5125 ce=1.9494 tv=0.3529 conf=0.7511 grad_norm=4.5761 tensors_with_grad=69/72
[train] step 261: T=621 positions=16 loss=0.5494 ce=1.8615 tv=0.4036 conf=0.7837 grad_norm=5.6811 tensors_with_grad=69/72
[train] step 262: T=551 positions=16 loss=0.6208 ce=2.8756 tv=0.3703 conf=0.4536 grad_norm=5.0486 tensors_with_grad=69/72
[train] step 263: T=600 positions=16 loss=0.8994 ce=4.2100 tv=0.5316 conf=0.8764 grad_norm=4.5458 tensors_with_grad=69/72
[train] step 264: T=540 positions=16 loss=0.1931 ce=0.6619 tv=0.1410 conf=0.2034 grad_norm=1.4545 tensors_with_grad=69/72
[train] step 265: T=542 positions=16 loss=0.1376 ce=0.4694 tv=0.1007 conf=0.1255 grad_norm=1.7036 tensors_with_grad=69/72
[train] step 266: T=915 positions=16 loss=0.6727 ce=3.3764 tv=0.3723 conf=0.7291 grad_norm=4.8492 tensors_with_grad=69/72
[train] step 267: T=620 positions=16 loss=0.7941 ce=3.6966 tv=0.4716 conf=0.8125 grad_norm=5.8780 tensors_with_grad=69/72
[train] step 268: T=673 positions=16 loss=0.6869 ce=2.8646 tv=0.4450 conf=0.7371 grad_norm=3.4472 tensors_with_grad=69/72
[train] step 269: T=621 positions=16 loss=0.4593 ce=1.4541 tv=0.3487 conf=0.8272 grad_norm=5.2602 tensors_with_grad=69/72
[train] step 270: T=529 positions=16 loss=0.4181 ce=1.7972 tv=0.2649 conf=0.6773 grad_norm=2.8555 tensors_with_grad=69/72
[train] step 271: T=1196 positions=16 loss=0.7835 ce=3.4493 tv=0.4873 conf=0.7072 grad_norm=5.7534 tensors_with_grad=69/72
[train] step 272: T=1273 positions=16 loss=0.7612 ce=3.5112 tv=0.4556 conf=0.6732 grad_norm=2.3018 tensors_with_grad=69/72
[train] step 273: T=524 positions=16 loss=0.7194 ce=2.7738 tv=0.4912 conf=1.1378 grad_norm=4.6828 tensors_with_grad=69/72
[train] step 274: T=624 positions=16 loss=0.4284 ce=1.5058 tv=0.3087 conf=0.8427 grad_norm=3.5408 tensors_with_grad=69/72
[train] step 275: T=525 positions=16 loss=0.6600 ce=2.4146 tv=0.4651 conf=0.8810 grad_norm=3.2203 tensors_with_grad=69/72
[train] step 276: T=535 positions=16 loss=0.3085 ce=1.2033 tv=0.2091 conf=0.4259 grad_norm=3.4926 tensors_with_grad=69/72
[train] step 277: T=631 positions=16 loss=0.2610 ce=1.1079 tv=0.1670 conf=0.7172 grad_norm=3.1967 tensors_with_grad=69/72
[train] step 278: T=872 positions=16 loss=0.8193 ce=3.6182 tv=0.5083 conf=1.0758 grad_norm=3.9393 tensors_with_grad=69/72
[train] step 279: T=1563 positions=16 loss=0.7851 ce=3.7143 tv=0.4596 conf=0.8931 grad_norm=3.4751 tensors_with_grad=69/72
[train] step 280: T=675 positions=16 loss=0.5427 ce=2.0590 tv=0.3742 conf=0.6445 grad_norm=2.1421 tensors_with_grad=69/72
[train] step 281: T=534 positions=16 loss=0.2255 ce=0.8862 tv=0.1521 conf=0.5143 grad_norm=3.2167 tensors_with_grad=69/72
[train] step 282: T=673 positions=16 loss=0.5091 ce=2.1223 tv=0.3298 conf=0.8590 grad_norm=3.7615 tensors_with_grad=69/72
[train] step 283: T=672 positions=16 loss=0.7762 ce=3.1408 tv=0.5135 conf=0.5306 grad_norm=4.0121 tensors_with_grad=69/72
[train] step 284: T=532 positions=16 loss=0.7564 ce=3.3144 tv=0.4722 conf=0.6407 grad_norm=8.2107 tensors_with_grad=69/72
[train] step 285: T=594 positions=16 loss=0.1977 ce=0.6260 tv=0.1501 conf=0.4170 grad_norm=4.1436 tensors_with_grad=69/72
[train] step 286: T=539 positions=16 loss=0.2606 ce=0.8455 tv=0.1956 conf=0.3438 grad_norm=3.8670 tensors_with_grad=69/72
[train] step 287: T=540 positions=16 loss=0.0903 ce=0.1899 tv=0.0792 conf=0.2096 grad_norm=1.0706 tensors_with_grad=69/72
[train] step 288: T=531 positions=16 loss=0.5969 ce=2.1997 tv=0.4188 conf=0.6584 grad_norm=3.3915 tensors_with_grad=69/72
[train] step 289: T=530 positions=16 loss=0.4239 ce=1.4386 tv=0.3111 conf=1.2913 grad_norm=8.0779 tensors_with_grad=69/72
[train] step 290: T=676 positions=16 loss=0.4060 ce=1.3898 tv=0.2967 conf=0.6591 grad_norm=3.4370 tensors_with_grad=69/72
[train] step 291: T=529 positions=16 loss=0.5058 ce=1.8684 tv=0.3544 conf=0.6181 grad_norm=2.9101 tensors_with_grad=69/72
[train] step 292: T=626 positions=16 loss=0.4174 ce=1.2006 tv=0.3303 conf=0.9418 grad_norm=6.4728 tensors_with_grad=69/72
[train] step 293: T=569 positions=16 loss=0.9361 ce=4.8213 tv=0.5044 conf=1.0424 grad_norm=10.2467 tensors_with_grad=69/72
[train] step 294: T=957 positions=16 loss=0.9643 ce=4.1178 tv=0.6139 conf=1.3975 grad_norm=3.7982 tensors_with_grad=69/72
[train] step 295: T=630 positions=16 loss=0.4256 ce=1.6179 tv=0.2931 conf=0.9098 grad_norm=3.2384 tensors_with_grad=69/72
[train] step 296: T=672 positions=16 loss=0.8453 ce=3.3091 tv=0.5715 conf=0.7168 grad_norm=4.1422 tensors_with_grad=69/72
[train] step 297: T=659 positions=16 loss=0.4452 ce=1.5655 tv=0.3207 conf=0.9135 grad_norm=4.1811 tensors_with_grad=69/72
[train] step 298: T=559 positions=16 loss=0.3243 ce=1.1210 tv=0.2358 conf=0.6127 grad_norm=1.9895 tensors_with_grad=69/72
[train] step 299: T=674 positions=16 loss=0.7151 ce=2.6712 tv=0.4978 conf=0.9529 grad_norm=3.1806 tensors_with_grad=69/72
[train] step 300: T=525 positions=16 loss=0.4897 ce=1.7089 tv=0.3542 conf=0.8687 grad_norm=4.9853 tensors_with_grad=69/72
[train] step 301: T=535 positions=16 loss=0.4337 ce=1.5333 tv=0.3115 conf=0.8825 grad_norm=4.4613 tensors_with_grad=69/72
[train] step 302: T=533 positions=16 loss=0.4627 ce=1.5176 tv=0.3455 conf=0.8952 grad_norm=3.3370 tensors_with_grad=69/72
[train] step 303: T=603 positions=16 loss=0.4285 ce=1.5882 tv=0.2997 conf=0.5499 grad_norm=6.8216 tensors_with_grad=69/72
[train] step 304: T=600 positions=16 loss=0.2516 ce=0.9717 tv=0.1716 conf=0.4603 grad_norm=2.7956 tensors_with_grad=69/72
[train] step 305: T=594 positions=16 loss=0.3904 ce=1.3955 tv=0.2787 conf=0.6051 grad_norm=3.0081 tensors_with_grad=69/72
[train] step 306: T=533 positions=16 loss=0.5738 ce=1.8089 tv=0.4366 conf=0.8422 grad_norm=4.8783 tensors_with_grad=69/72
[train] step 307: T=533 positions=16 loss=0.3777 ce=1.5698 tv=0.2453 conf=1.3263 grad_norm=3.9532 tensors_with_grad=69/72
[train] step 308: T=602 positions=16 loss=0.4061 ce=2.1626 tv=0.2109 conf=0.7173 grad_norm=11.6467 tensors_with_grad=69/72
[train] step 309: T=647 positions=16 loss=0.1896 ce=0.5894 tv=0.1451 conf=0.3725 grad_norm=1.8998 tensors_with_grad=69/72
[train] step 310: T=576 positions=16 loss=0.2173 ce=0.9895 tv=0.1316 conf=0.3988 grad_norm=2.6974 tensors_with_grad=69/72
[train] step 311: T=531 positions=16 loss=0.3619 ce=1.3653 tv=0.2505 conf=0.5747 grad_norm=2.7161 tensors_with_grad=69/72
[train] step 312: T=643 positions=16 loss=0.3459 ce=1.4370 tv=0.2247 conf=0.9594 grad_norm=5.3499 tensors_with_grad=69/72
[train] step 313: T=1335 positions=16 loss=0.7434 ce=3.4255 tv=0.4454 conf=1.0593 grad_norm=3.8407 tensors_with_grad=69/72
[train] step 314: T=538 positions=16 loss=0.2658 ce=1.0397 tv=0.1798 conf=0.5137 grad_norm=5.3868 tensors_with_grad=69/72
[train] step 315: T=605 positions=16 loss=0.2229 ce=0.8585 tv=0.1523 conf=0.4049 grad_norm=1.1704 tensors_with_grad=69/72
[train] step 316: T=554 positions=16 loss=0.5346 ce=2.0220 tv=0.3693 conf=0.6287 grad_norm=4.6196 tensors_with_grad=69/72
[train] step 317: T=912 positions=16 loss=0.5760 ce=2.6253 tv=0.3483 conf=0.9940 grad_norm=3.2342 tensors_with_grad=69/72
[train] step 318: T=525 positions=16 loss=0.7497 ce=2.6624 tv=0.5372 conf=1.0553 grad_norm=2.5851 tensors_with_grad=69/72
[train] step 319: T=530 positions=16 loss=0.4968 ce=2.2150 tv=0.3059 conf=0.4736 grad_norm=4.3233 tensors_with_grad=69/72
[train] step 320: T=638 positions=16 loss=0.4837 ce=1.5572 tv=0.3644 conf=0.5856 grad_norm=4.4802 tensors_with_grad=69/72
[train] step 321: T=547 positions=16 loss=0.7586 ce=2.6273 tv=0.5509 conf=1.0925 grad_norm=2.9200 tensors_with_grad=69/72
[train] step 322: T=675 positions=16 loss=0.6178 ce=2.1358 tv=0.4491 conf=0.8682 grad_norm=4.3547 tensors_with_grad=69/72
[train] step 323: T=563 positions=16 loss=0.5617 ce=2.1389 tv=0.3865 conf=0.3792 grad_norm=3.9768 tensors_with_grad=69/72
[train] step 324: T=626 positions=16 loss=0.5588 ce=1.9174 tv=0.4079 conf=0.9235 grad_norm=3.8234 tensors_with_grad=69/72
[train] step 325: T=673 positions=16 loss=0.6326 ce=2.7215 tv=0.4005 conf=0.5510 grad_norm=5.6915 tensors_with_grad=69/72
[train] step 326: T=535 positions=16 loss=0.1336 ce=0.4103 tv=0.1029 conf=0.4585 grad_norm=2.0933 tensors_with_grad=69/72
[train] step 327: T=534 positions=16 loss=0.1118 ce=0.3395 tv=0.0865 conf=0.3544 grad_norm=1.4525 tensors_with_grad=69/72
[train] step 328: T=546 positions=16 loss=0.4102 ce=1.6027 tv=0.2777 conf=0.9460 grad_norm=3.4840 tensors_with_grad=69/72
[train] step 329: T=539 positions=16 loss=0.3894 ce=1.3325 tv=0.2846 conf=0.5675 grad_norm=1.7937 tensors_with_grad=69/72
[train] step 330: T=608 positions=16 loss=0.5376 ce=2.4038 tv=0.3302 conf=0.9069 grad_norm=8.7631 tensors_with_grad=69/72
[train] step 331: T=648 positions=16 loss=0.4460 ce=1.5222 tv=0.3264 conf=0.7938 grad_norm=2.2412 tensors_with_grad=69/72
[train] step 332: T=529 positions=16 loss=0.4281 ce=1.3646 tv=0.3241 conf=1.1756 grad_norm=3.1963 tensors_with_grad=69/72
[train] step 333: T=580 positions=16 loss=0.5897 ce=2.0586 tv=0.4265 conf=0.4478 grad_norm=4.3877 tensors_with_grad=69/72
[train] step 334: T=544 positions=16 loss=0.4548 ce=1.8974 tv=0.2945 conf=0.3580 grad_norm=7.5597 tensors_with_grad=69/72
[train] step 335: T=527 positions=16 loss=0.7289 ce=2.6533 tv=0.5151 conf=0.8102 grad_norm=5.2673 tensors_with_grad=69/72
[train] step 336: T=567 positions=16 loss=0.4685 ce=2.2450 tv=0.2711 conf=0.4064 grad_norm=4.0585 tensors_with_grad=69/72
[train] step 337: T=672 positions=16 loss=0.5726 ce=1.9504 tv=0.4195 conf=0.9267 grad_norm=3.4798 tensors_with_grad=69/72
[train] step 338: T=589 positions=16 loss=0.5186 ce=1.8115 tv=0.3749 conf=0.8649 grad_norm=5.6765 tensors_with_grad=69/72
[train] step 339: T=620 positions=16 loss=0.5736 ce=2.2163 tv=0.3910 conf=0.7582 grad_norm=3.4207 tensors_with_grad=69/72
[train] step 340: T=533 positions=16 loss=0.2884 ce=0.9550 tv=0.2144 conf=0.5475 grad_norm=8.3429 tensors_with_grad=69/72
[train] step 341: T=1060 positions=16 loss=0.6377 ce=2.7054 tv=0.4080 conf=0.5586 grad_norm=2.5058 tensors_with_grad=69/72
[train] step 342: T=538 positions=16 loss=0.5032 ce=1.7427 tv=0.3654 conf=0.9547 grad_norm=6.0532 tensors_with_grad=69/72
[train] step 343: T=529 positions=16 loss=0.1825 ce=0.5650 tv=0.1400 conf=0.5811 grad_norm=2.8272 tensors_with_grad=69/72
[train] step 344: T=635 positions=16 loss=0.6119 ce=2.0949 tv=0.4471 conf=0.7582 grad_norm=2.7503 tensors_with_grad=69/72
[train] step 345: T=628 positions=16 loss=0.2962 ce=1.0660 tv=0.2107 conf=0.4555 grad_norm=4.6536 tensors_with_grad=69/72
[train] step 346: T=538 positions=16 loss=0.3594 ce=1.3221 tv=0.2524 conf=0.5621 grad_norm=4.2548 tensors_with_grad=69/72
[train] step 347: T=574 positions=16 loss=0.5143 ce=2.0561 tv=0.3429 conf=0.7338 grad_norm=9.0563 tensors_with_grad=69/72
[train] step 348: T=595 positions=16 loss=0.4478 ce=1.5644 tv=0.3237 conf=0.7429 grad_norm=4.2934 tensors_with_grad=69/72
[train] step 349: T=640 positions=16 loss=0.5521 ce=2.1704 tv=0.3723 conf=0.7695 grad_norm=3.3477 tensors_with_grad=69/72
[train] step 350: T=588 positions=16 loss=0.1576 ce=0.5000 tv=0.1195 conf=0.3455 grad_norm=2.0905 tensors_with_grad=69/72
[train] step 351: T=533 positions=16 loss=0.2608 ce=1.0650 tv=0.1714 conf=0.3156 grad_norm=1.5198 tensors_with_grad=69/72
[train] step 352: T=675 positions=16 loss=0.8271 ce=3.5350 tv=0.5262 conf=0.7595 grad_norm=5.0490 tensors_with_grad=69/72
[train] step 353: T=532 positions=16 loss=0.3749 ce=1.2120 tv=0.2819 conf=0.4208 grad_norm=1.7579 tensors_with_grad=69/72
[train] step 354: T=586 positions=16 loss=0.5763 ce=2.7875 tv=0.3306 conf=0.7621 grad_norm=5.4673 tensors_with_grad=69/72
[train] step 355: T=1048 positions=16 loss=0.6746 ce=3.1998 tv=0.3940 conf=0.4314 grad_norm=4.8862 tensors_with_grad=69/72
[train] step 356: T=615 positions=16 loss=0.3625 ce=1.4163 tv=0.2454 conf=0.5298 grad_norm=3.4196 tensors_with_grad=69/72
[train] step 357: T=672 positions=16 loss=0.4817 ce=1.9467 tv=0.3190 conf=0.6931 grad_norm=4.4427 tensors_with_grad=69/72
[train] step 358: T=579 positions=16 loss=0.6181 ce=2.6642 tv=0.3907 conf=0.4898 grad_norm=2.8226 tensors_with_grad=69/72
[train] step 359: T=588 positions=16 loss=0.5684 ce=2.0828 tv=0.4002 conf=0.8118 grad_norm=3.3706 tensors_with_grad=69/72
[train] step 360: T=527 positions=16 loss=0.1825 ce=0.7209 tv=0.1227 conf=0.4233 grad_norm=3.0603 tensors_with_grad=69/72
[train] step 361: T=1060 positions=16 loss=0.7665 ce=3.4998 tv=0.4628 conf=0.8937 grad_norm=3.0169 tensors_with_grad=69/72
[train] step 362: T=629 positions=16 loss=0.4169 ce=1.4745 tv=0.2994 conf=0.5134 grad_norm=4.6414 tensors_with_grad=69/72
[train] step 363: T=529 positions=16 loss=0.4288 ce=1.7281 tv=0.2845 conf=0.6287 grad_norm=3.8123 tensors_with_grad=69/72
[train] step 364: T=629 positions=16 loss=0.1772 ce=0.5186 tv=0.1393 conf=0.5360 grad_norm=1.7892 tensors_with_grad=69/72
[train] step 365: T=621 positions=16 loss=0.2196 ce=0.8950 tv=0.1446 conf=0.6033 grad_norm=2.5779 tensors_with_grad=69/72
[train] step 366: T=591 positions=16 loss=0.3151 ce=1.2022 tv=0.2165 conf=0.5070 grad_norm=3.4094 tensors_with_grad=69/72
[train] step 367: T=604 positions=16 loss=0.3720 ce=1.2930 tv=0.2697 conf=0.4806 grad_norm=3.8109 tensors_with_grad=69/72
[train] step 368: T=673 positions=16 loss=0.2208 ce=0.8286 tv=0.1533 conf=1.0880 grad_norm=2.9098 tensors_with_grad=69/72
[train] step 369: T=531 positions=16 loss=0.4828 ce=1.8160 tv=0.3347 conf=0.6520 grad_norm=3.8668 tensors_with_grad=69/72
[train] step 370: T=539 positions=16 loss=0.1492 ce=0.3887 tv=0.1226 conf=0.3037 grad_norm=2.6834 tensors_with_grad=69/72
[train] step 371: T=676 positions=16 loss=0.6003 ce=2.4139 tv=0.3987 conf=1.0447 grad_norm=5.4242 tensors_with_grad=69/72
[train] step 372: T=966 positions=16 loss=0.8333 ce=3.7799 tv=0.5059 conf=0.7425 grad_norm=4.6252 tensors_with_grad=69/72
[train] step 373: T=638 positions=16 loss=0.2824 ce=0.9083 tv=0.2128 conf=0.7456 grad_norm=4.5763 tensors_with_grad=69/72
[train] step 374: T=539 positions=16 loss=0.6534 ce=2.5367 tv=0.4441 conf=0.6235 grad_norm=4.3128 tensors_with_grad=69/72
[train] step 375: T=543 positions=16 loss=0.3104 ce=0.8152 tv=0.2543 conf=0.6442 grad_norm=3.3517 tensors_with_grad=69/72
[train] step 376: T=544 positions=16 loss=0.2289 ce=0.6292 tv=0.1844 conf=0.7217 grad_norm=4.0181 tensors_with_grad=69/72
[train] step 377: T=532 positions=16 loss=0.2692 ce=1.1407 tv=0.1724 conf=0.4611 grad_norm=2.6891 tensors_with_grad=69/72
[train] step 378: T=536 positions=16 loss=0.2031 ce=0.7136 tv=0.1463 conf=0.3350 grad_norm=2.4885 tensors_with_grad=69/72
[train] step 379: T=553 positions=16 loss=0.4197 ce=1.7401 tv=0.2730 conf=0.3587 grad_norm=2.1773 tensors_with_grad=69/72
[train] step 380: T=651 positions=16 loss=0.5056 ce=1.7307 tv=0.3695 conf=0.7094 grad_norm=2.8318 tensors_with_grad=69/72
[train] step 381: T=573 positions=16 loss=0.9648 ce=4.3944 tv=0.5837 conf=0.7515 grad_norm=3.4842 tensors_with_grad=69/72
[train] step 382: T=549 positions=16 loss=0.4071 ce=1.6034 tv=0.2741 conf=0.3663 grad_norm=2.4021 tensors_with_grad=69/72
[train] step 383: T=573 positions=16 loss=0.4352 ce=1.5599 tv=0.3102 conf=0.8725 grad_norm=9.1495 tensors_with_grad=69/72
[train] step 384: T=534 positions=16 loss=0.6864 ce=2.2197 tv=0.5160 conf=1.1776 grad_norm=2.9772 tensors_with_grad=69/72
[train] step 385: T=548 positions=16 loss=0.5036 ce=2.2243 tv=0.3124 conf=0.6787 grad_norm=2.9062 tensors_with_grad=69/72
[train] step 386: T=588 positions=16 loss=0.5166 ce=2.3030 tv=0.3181 conf=1.1897 grad_norm=5.1362 tensors_with_grad=69/72
[train] step 387: T=654 positions=16 loss=0.5113 ce=1.6739 tv=0.3821 conf=0.9214 grad_norm=3.6400 tensors_with_grad=69/72
[train] step 388: T=536 positions=16 loss=0.4571 ce=1.6268 tv=0.3271 conf=1.8054 grad_norm=4.2136 tensors_with_grad=69/72
[train] step 389: T=959 positions=16 loss=0.8872 ce=4.2097 tv=0.5180 conf=1.5849 grad_norm=5.6477 tensors_with_grad=69/72
[train] step 390: T=532 positions=16 loss=0.3071 ce=1.1675 tv=0.2115 conf=0.8922 grad_norm=6.4964 tensors_with_grad=69/72
[train] step 391: T=654 positions=16 loss=0.4145 ce=1.3005 tv=0.3161 conf=1.0747 grad_norm=2.9622 tensors_with_grad=69/72
[train] step 392: T=627 positions=16 loss=0.2668 ce=1.1736 tv=0.1661 conf=0.9827 grad_norm=3.5561 tensors_with_grad=69/72
[train] step 393: T=531 positions=16 loss=0.3999 ce=1.2009 tv=0.3109 conf=0.8106 grad_norm=3.7683 tensors_with_grad=69/72
[train] step 394: T=614 positions=16 loss=0.3089 ce=0.7150 tv=0.2638 conf=1.1802 grad_norm=18.6128 tensors_with_grad=69/72
[train] step 395: T=530 positions=16 loss=0.6592 ce=2.5943 tv=0.4442 conf=0.8203 grad_norm=3.2483 tensors_with_grad=69/72
[train] step 396: T=545 positions=16 loss=0.3567 ce=1.2593 tv=0.2564 conf=0.4726 grad_norm=5.3575 tensors_with_grad=69/72
[train] step 397: T=605 positions=16 loss=0.4213 ce=1.6347 tv=0.2864 conf=0.8473 grad_norm=5.3987 tensors_with_grad=69/72
[train] step 398: T=529 positions=16 loss=0.6510 ce=2.6083 tv=0.4336 conf=0.8465 grad_norm=3.7746 tensors_with_grad=69/72
[train] step 399: T=1075 positions=16 loss=0.5457 ce=2.5711 tv=0.3207 conf=0.7233 grad_norm=3.4198 tensors_with_grad=69/72
[train] step 400: T=1443 positions=16 loss=0.8608 ce=4.1937 tv=0.4904 conf=0.9203 grad_norm=5.1327 tensors_with_grad=69/72
[train] step 401: T=535 positions=16 loss=0.7670 ce=2.8255 tv=0.5383 conf=0.7754 grad_norm=3.7166 tensors_with_grad=69/72
[train] step 402: T=594 positions=16 loss=0.1772 ce=0.4358 tv=0.1485 conf=0.4789 grad_norm=2.1210 tensors_with_grad=69/72
[train] step 403: T=886 positions=16 loss=0.6720 ce=3.3349 tv=0.3762 conf=0.4959 grad_norm=3.6166 tensors_with_grad=69/72
[train] step 404: T=532 positions=16 loss=0.5537 ce=2.0211 tv=0.3907 conf=0.4994 grad_norm=2.7237 tensors_with_grad=69/72
[train] step 405: T=560 positions=16 loss=0.4053 ce=1.6026 tv=0.2723 conf=0.6722 grad_norm=2.7391 tensors_with_grad=69/72
[train] step 406: T=597 positions=16 loss=0.5229 ce=2.0891 tv=0.3489 conf=0.5217 grad_norm=4.0833 tensors_with_grad=69/72
[train] step 407: T=536 positions=16 loss=0.1096 ce=0.2076 tv=0.0987 conf=0.2684 grad_norm=0.5222 tensors_with_grad=69/72
[train] step 408: T=578 positions=16 loss=0.2113 ce=0.4473 tv=0.1850 conf=0.7241 grad_norm=5.6861 tensors_with_grad=69/72
[train] step 409: T=675 positions=16 loss=0.2660 ce=1.0004 tv=0.1844 conf=0.4408 grad_norm=2.2935 tensors_with_grad=69/72
[train] step 410: T=672 positions=16 loss=0.7640 ce=2.9114 tv=0.5254 conf=0.8358 grad_norm=3.1154 tensors_with_grad=69/72
[train] step 411: T=529 positions=16 loss=0.2426 ce=0.6973 tv=0.1921 conf=0.5352 grad_norm=3.3510 tensors_with_grad=69/72
[train] step 412: T=676 positions=16 loss=0.2950 ce=0.7313 tv=0.2465 conf=0.8271 grad_norm=5.7220 tensors_with_grad=69/72
[train] step 413: T=555 positions=16 loss=0.2536 ce=0.9601 tv=0.1751 conf=0.6133 grad_norm=2.7084 tensors_with_grad=69/72
[train] step 414: T=1244 positions=16 loss=0.6952 ce=3.5371 tv=0.3794 conf=0.5573 grad_norm=2.3855 tensors_with_grad=69/72
[train] step 415: T=549 positions=16 loss=0.6858 ce=2.3557 tv=0.5003 conf=0.5887 grad_norm=4.5598 tensors_with_grad=69/72
[train] step 416: T=599 positions=16 loss=0.4089 ce=1.3736 tv=0.3017 conf=1.0919 grad_norm=4.8886 tensors_with_grad=69/72
[train] step 417: T=526 positions=16 loss=0.3726 ce=1.4394 tv=0.2540 conf=0.5071 grad_norm=6.9654 tensors_with_grad=69/72
[train] step 418: T=576 positions=16 loss=0.7314 ce=3.0463 tv=0.4741 conf=0.7259 grad_norm=3.9714 tensors_with_grad=69/72
[train] step 419: T=542 positions=16 loss=0.3493 ce=1.3156 tv=0.2419 conf=0.7270 grad_norm=2.4679 tensors_with_grad=69/72
[train] step 420: T=537 positions=16 loss=0.0770 ce=0.2130 tv=0.0619 conf=0.2520 grad_norm=1.3179 tensors_with_grad=69/72
[train] step 421: T=536 positions=16 loss=0.2136 ce=0.7688 tv=0.1519 conf=0.3664 grad_norm=5.2220 tensors_with_grad=69/72
[train] step 422: T=543 positions=16 loss=0.1771 ce=0.7215 tv=0.1166 conf=0.1862 grad_norm=2.1919 tensors_with_grad=69/72
[train] step 423: T=573 positions=16 loss=0.5701 ce=2.3069 tv=0.3772 conf=0.7101 grad_norm=2.3539 tensors_with_grad=69/72
[train] step 424: T=928 positions=16 loss=0.5728 ce=2.4223 tv=0.3673 conf=1.2339 grad_norm=2.7611 tensors_with_grad=69/72
[train] step 425: T=979 positions=16 loss=0.8062 ce=3.5763 tv=0.4984 conf=0.9807 grad_norm=3.1711 tensors_with_grad=69/72
[train] step 426: T=542 positions=16 loss=0.1307 ce=0.4654 tv=0.0935 conf=0.4083 grad_norm=3.2931 tensors_with_grad=69/72
[train] step 427: T=525 positions=16 loss=0.3512 ce=1.1587 tv=0.2615 conf=0.9392 grad_norm=8.6941 tensors_with_grad=69/72
[train] step 428: T=1286 positions=16 loss=0.5760 ce=2.5012 tv=0.3621 conf=1.1027 grad_norm=1.4736 tensors_with_grad=69/72
[train] step 429: T=538 positions=16 loss=0.1493 ce=0.2931 tv=0.1333 conf=0.2258 grad_norm=1.5465 tensors_with_grad=69/72
[train] step 430: T=541 positions=16 loss=0.4417 ce=1.9339 tv=0.2759 conf=0.8658 grad_norm=5.2835 tensors_with_grad=69/72
[train] step 431: T=537 positions=16 loss=0.4581 ce=1.7921 tv=0.3099 conf=0.9701 grad_norm=4.8677 tensors_with_grad=69/72
[train] step 432: T=550 positions=16 loss=0.2961 ce=0.7961 tv=0.2406 conf=0.5790 grad_norm=3.6376 tensors_with_grad=69/72
[train] step 433: T=568 positions=16 loss=0.5830 ce=2.7677 tv=0.3402 conf=1.3114 grad_norm=5.7135 tensors_with_grad=69/72
[train] step 434: T=524 positions=16 loss=0.7275 ce=2.7837 tv=0.4990 conf=0.9847 grad_norm=4.4987 tensors_with_grad=69/72
[train] step 435: T=601 positions=16 loss=0.2031 ce=0.6539 tv=0.1531 conf=0.6540 grad_norm=4.3008 tensors_with_grad=69/72
[train] step 436: T=530 positions=16 loss=0.3188 ce=1.1004 tv=0.2320 conf=1.3963 grad_norm=5.5338 tensors_with_grad=69/72
[train] step 437: T=525 positions=16 loss=0.4464 ce=1.4762 tv=0.3319 conf=1.0227 grad_norm=3.5233 tensors_with_grad=69/72
[train] step 438: T=526 positions=16 loss=0.6510 ce=2.3609 tv=0.4610 conf=1.1899 grad_norm=6.1363 tensors_with_grad=69/72
[train] step 439: T=584 positions=16 loss=0.1882 ce=0.6005 tv=0.1424 conf=0.5746 grad_norm=1.4913 tensors_with_grad=69/72
[train] step 440: T=1681 positions=16 loss=0.8125 ce=4.0058 tv=0.4577 conf=1.4103 grad_norm=4.6317 tensors_with_grad=69/72
[train] step 441: T=532 positions=16 loss=0.3990 ce=1.5010 tv=0.2766 conf=0.6015 grad_norm=1.8423 tensors_with_grad=69/72
[train] step 442: T=535 positions=16 loss=0.3441 ce=1.3681 tv=0.2304 conf=0.3694 grad_norm=2.4902 tensors_with_grad=69/72
[train] step 443: T=1305 positions=16 loss=0.8853 ce=4.2275 tv=0.5139 conf=0.9215 grad_norm=3.6105 tensors_with_grad=69/72
[train] step 444: T=545 positions=16 loss=0.3920 ce=1.3320 tv=0.2876 conf=0.4241 grad_norm=5.8848 tensors_with_grad=69/72
[train] step 445: T=537 positions=16 loss=0.3610 ce=1.3642 tv=0.2496 conf=0.5361 grad_norm=4.5077 tensors_with_grad=69/72
[train] step 446: T=963 positions=16 loss=0.6566 ce=3.3179 tv=0.3609 conf=0.7226 grad_norm=3.9617 tensors_with_grad=69/72
[train] step 447: T=539 positions=16 loss=0.2339 ce=0.9163 tv=0.1581 conf=0.6584 grad_norm=2.8646 tensors_with_grad=69/72
[train] step 448: T=653 positions=16 loss=0.7989 ce=3.0153 tv=0.5526 conf=1.4988 grad_norm=4.7700 tensors_with_grad=69/72
[train] step 449: T=528 positions=16 loss=0.2913 ce=0.9585 tv=0.2171 conf=0.3915 grad_norm=4.4537 tensors_with_grad=69/72
[train] step 450: T=599 positions=16 loss=0.4548 ce=1.7000 tv=0.3165 conf=0.6064 grad_norm=6.3783 tensors_with_grad=69/72
[train] step 451: T=543 positions=16 loss=0.2389 ce=0.9040 tv=0.1650 conf=0.3619 grad_norm=1.8720 tensors_with_grad=69/72
[train] step 452: T=532 positions=16 loss=0.3219 ce=1.3902 tv=0.2031 conf=0.4038 grad_norm=2.5453 tensors_with_grad=69/72
[train] step 453: T=1026 positions=16 loss=0.7970 ce=3.1906 tv=0.5311 conf=1.1201 grad_norm=6.4850 tensors_with_grad=69/72
[train] step 454: T=577 positions=16 loss=0.4420 ce=1.3828 tv=0.3375 conf=0.7665 grad_norm=3.7526 tensors_with_grad=69/72
[train] step 455: T=1744 positions=16 loss=0.9001 ce=4.2657 tv=0.5261 conf=0.9850 grad_norm=4.8956 tensors_with_grad=69/72
[train] step 456: T=643 positions=16 loss=0.2039 ce=0.6284 tv=0.1568 conf=0.5216 grad_norm=4.6442 tensors_with_grad=69/72
[train] step 457: T=678 positions=16 loss=0.5466 ce=1.9358 tv=0.3922 conf=1.1036 grad_norm=3.2850 tensors_with_grad=69/72
[train] step 458: T=534 positions=16 loss=0.6031 ce=2.2652 tv=0.4184 conf=1.3446 grad_norm=4.3427 tensors_with_grad=69/72
[train] step 459: T=561 positions=16 loss=0.2338 ce=0.7933 tv=0.1716 conf=0.7882 grad_norm=4.4342 tensors_with_grad=69/72
[train] step 460: T=529 positions=16 loss=0.4949 ce=1.5351 tv=0.3793 conf=0.7331 grad_norm=4.2333 tensors_with_grad=69/72
[train] step 461: T=618 positions=16 loss=0.1411 ce=0.4748 tv=0.1041 conf=0.3183 grad_norm=3.6884 tensors_with_grad=69/72
[train] step 462: T=592 positions=16 loss=0.4779 ce=1.7797 tv=0.3332 conf=0.8517 grad_norm=3.4821 tensors_with_grad=69/72
[train] step 463: T=538 positions=16 loss=0.2189 ce=0.7246 tv=0.1628 conf=0.5543 grad_norm=3.4603 tensors_with_grad=69/72
[train] step 464: T=524 positions=16 loss=0.4426 ce=1.4836 tv=0.3269 conf=0.9451 grad_norm=3.1479 tensors_with_grad=69/72
[train] step 465: T=639 positions=16 loss=0.4315 ce=2.0176 tv=0.2553 conf=0.7985 grad_norm=2.6117 tensors_with_grad=69/72
[train] step 466: T=574 positions=16 loss=0.2140 ce=0.6950 tv=0.1606 conf=0.6447 grad_norm=6.5047 tensors_with_grad=69/72
[train] step 467: T=595 positions=16 loss=0.1865 ce=0.7024 tv=0.1292 conf=0.5254 grad_norm=4.6229 tensors_with_grad=69/72
[train] step 468: T=529 positions=16 loss=0.5156 ce=2.3410 tv=0.3128 conf=1.0713 grad_norm=2.8367 tensors_with_grad=69/72
[train] step 469: T=530 positions=16 loss=0.4769 ce=1.9843 tv=0.3094 conf=0.6534 grad_norm=4.8450 tensors_with_grad=69/72
[train] step 470: T=526 positions=16 loss=0.5596 ce=1.8229 tv=0.4192 conf=0.6308 grad_norm=3.5312 tensors_with_grad=69/72
[train] step 471: T=541 positions=16 loss=0.5240 ce=2.7076 tv=0.2814 conf=0.7312 grad_norm=8.5876 tensors_with_grad=69/72
[train] step 472: T=672 positions=16 loss=0.5291 ce=2.1798 tv=0.3457 conf=0.6586 grad_norm=2.9752 tensors_with_grad=69/72
[train] step 473: T=1079 positions=16 loss=0.6558 ce=3.0705 tv=0.3875 conf=1.4799 grad_norm=7.7955 tensors_with_grad=69/72
[train] step 474: T=529 positions=16 loss=0.4636 ce=1.5903 tv=0.3385 conf=0.9458 grad_norm=2.6257 tensors_with_grad=69/72
[train] step 475: T=544 positions=16 loss=0.3215 ce=0.9624 tv=0.2502 conf=0.7402 grad_norm=2.6161 tensors_with_grad=69/72
[train] step 476: T=1567 positions=16 loss=0.6853 ce=3.2322 tv=0.4023 conf=0.9287 grad_norm=2.2604 tensors_with_grad=69/72
[train] step 477: T=533 positions=16 loss=0.6439 ce=2.2527 tv=0.4652 conf=0.9594 grad_norm=8.2720 tensors_with_grad=69/72
[train] step 478: T=1190 positions=16 loss=0.7484 ce=3.7489 tv=0.4150 conf=0.7150 grad_norm=2.5375 tensors_with_grad=69/72
[train] step 479: T=541 positions=16 loss=0.0999 ce=0.3238 tv=0.0750 conf=0.1379 grad_norm=1.1750 tensors_with_grad=69/72
[train] step 480: T=1679 positions=16 loss=0.7973 ce=3.7983 tv=0.4639 conf=1.6930 grad_norm=2.0733 tensors_with_grad=69/72
[train] step 481: T=526 positions=16 loss=0.5729 ce=1.8411 tv=0.4320 conf=1.1664 grad_norm=3.9635 tensors_with_grad=69/72
[train] step 482: T=636 positions=16 loss=0.5112 ce=1.5260 tv=0.3984 conf=1.2227 grad_norm=4.1157 tensors_with_grad=69/72
[train] step 483: T=545 positions=16 loss=0.4239 ce=1.5831 tv=0.2951 conf=0.3286 grad_norm=2.2753 tensors_with_grad=69/72
[train] step 484: T=531 positions=16 loss=0.3539 ce=1.2541 tv=0.2538 conf=0.6863 grad_norm=1.6932 tensors_with_grad=69/72
[train] step 485: T=528 positions=16 loss=0.2712 ce=0.7656 tv=0.2162 conf=0.7300 grad_norm=4.0454 tensors_with_grad=69/72
[train] step 486: T=605 positions=16 loss=0.5743 ce=2.6317 tv=0.3457 conf=0.9712 grad_norm=4.4064 tensors_with_grad=69/72
[train] step 487: T=527 positions=16 loss=0.2871 ce=1.3024 tv=0.1743 conf=0.6119 grad_norm=1.9914 tensors_with_grad=69/72
[train] step 488: T=545 positions=16 loss=0.1603 ce=0.6205 tv=0.1092 conf=0.2092 grad_norm=1.6313 tensors_with_grad=69/72
[train] step 489: T=595 positions=16 loss=0.4953 ce=1.7194 tv=0.3593 conf=0.8372 grad_norm=4.1130 tensors_with_grad=69/72
[train] step 490: T=525 positions=16 loss=0.5199 ce=1.6916 tv=0.3897 conf=0.5283 grad_norm=6.3534 tensors_with_grad=69/72
[diag] draft-argmax == TARGET-argmax : 63.1%  | == ground-truth token: 62.3%
[diag] mean top-1 prob  target 0.842  draft 0.752   (TV near 1 with a PEAKED draft => misalignment; with a FLAT draft => genuine)
[train] saved 72 trained tensors -> /cap/s3recap/c0/trained/mtp_trained.safetensors
[train] saved AdamW state -> /cap/s3recap/c0/trained/opt_state.pt (needed for --resume to be equivalent to one continuous run)
[train] metrics -> /cap/s3recap/c0/train_metrics.json  (loss 0.8906 -> 0.5199, tail mean 0.4593)
[train] TRAIN OK
