[train] device=cuda torch=2.10.0
  loading model-00046-of-00048.safetensors ...
  loading model-00047-of-00048.safetensors ...
  loading model-00048-of-00048.safetensors ...
  dequantised 1512 tensors, 12.60 B params, 23.5 GiB bf16
[train] weights ready in 8.7s
[train] trainable 517.3 M in 72 tensors | frozen experts 12.08 B
[train] capture: 491 sample(s)
[Gloo] Rank 0 is connected to 0 peer ranks. Expected number of connected peer ranks is : 0
[train] ModelArgs: n_mtp=3 block=5 taps=[40, 41, 42] markov_rank=256
[train] built 3 DSparkBlock(s) on meta
[train] re-materialised freqs_cis on 3 attention module(s) (persistent=False buffers are NOT in state_dict and to_empty() zapped them)
[train] load_state_dict: 0 missing, 0 unexpected
[train] GATE1 model construction OK
[train] aux: embed.weight(129280, 4096), head.weight(129280, 4096)
[train] trainable tensors in graph: 72 / 517.3 M
[train] P2.5 anchor: frozen copy of 3 block(s), beta=0.2
[train] lr schedule: linear warmup 73 step(s) -> cosine over 1472 session step(s), peak 5e-05; this chunk is steps 0..490
/work/train/train_head.py:115: UserWarning: Converting a tensor with requires_grad=True to a scalar may lead to unexpected behavior.
Consider using tensor.detach() first. (Triggered internally at /opt/pytorch/torch/csrc/autograd/generated/python_variable_methods.cpp:836.)
  parts = {"ce": float((w * ce).sum()), "tv": float((w * tv).sum()), "conf": 0.0}
[train] step 0: T=541 positions=16 loss=1.6274 ce=3.7850 tv=0.5689 conf=0.8762 grad_norm=10.2535 tensors_with_grad=69/72
[train] step 1: T=645 positions=16 loss=2.2237 ce=4.7431 tv=0.7353 conf=0.5140 grad_norm=12.1200 tensors_with_grad=69/72
[train] step 2: T=527 positions=16 loss=1.0094 ce=4.7918 tv=0.5009 conf=0.6810 grad_norm=7.2493 tensors_with_grad=69/72
[train] step 3: T=848 positions=16 loss=0.9879 ce=3.7448 tv=0.4812 conf=0.4799 grad_norm=9.7795 tensors_with_grad=69/72
[train] step 4: T=675 positions=16 loss=1.2994 ce=4.8368 tv=0.4068 conf=0.8223 grad_norm=6.5277 tensors_with_grad=69/72
[train] step 5: T=536 positions=16 loss=0.7838 ce=3.1223 tv=0.2462 conf=0.4389 grad_norm=5.5229 tensors_with_grad=69/72
[train] step 6: T=619 positions=16 loss=0.5565 ce=1.9285 tv=0.1577 conf=0.4728 grad_norm=4.8627 tensors_with_grad=69/72
[train] step 7: T=632 positions=16 loss=1.7973 ce=3.9361 tv=0.7113 conf=0.5523 grad_norm=10.0224 tensors_with_grad=69/72
[train] step 8: T=529 positions=16 loss=0.7623 ce=2.2066 tv=0.4651 conf=0.6984 grad_norm=8.6548 tensors_with_grad=69/72
[train] step 9: T=530 positions=16 loss=0.7590 ce=2.0720 tv=0.4000 conf=0.5822 grad_norm=6.3992 tensors_with_grad=69/72
[train] step 10: T=660 positions=16 loss=1.8347 ce=4.6800 tv=0.7225 conf=0.4670 grad_norm=8.4105 tensors_with_grad=69/72
[train] step 11: T=1056 positions=16 loss=1.7401 ce=5.0245 tv=0.5757 conf=0.6221 grad_norm=7.8930 tensors_with_grad=69/72
[train] step 12: T=537 positions=16 loss=0.4942 ce=1.8446 tv=0.3025 conf=0.6884 grad_norm=3.4173 tensors_with_grad=69/72
[train] step 13: T=539 positions=16 loss=1.2541 ce=3.1932 tv=0.5790 conf=0.8404 grad_norm=10.6172 tensors_with_grad=69/72
[train] step 14: T=627 positions=16 loss=0.6740 ce=2.1655 tv=0.2238 conf=0.4450 grad_norm=5.3465 tensors_with_grad=69/72
[train] step 15: T=526 positions=16 loss=1.6362 ce=4.2837 tv=0.6700 conf=0.6417 grad_norm=8.5218 tensors_with_grad=69/72
[train] step 16: T=1697 positions=16 loss=2.1140 ce=5.5422 tv=0.7445 conf=0.5076 grad_norm=6.4327 tensors_with_grad=69/72
[train] step 17: T=608 positions=16 loss=1.1253 ce=3.6368 tv=0.5353 conf=0.7602 grad_norm=10.4644 tensors_with_grad=69/72
[train] step 18: T=541 positions=16 loss=0.4755 ce=1.7792 tv=0.2707 conf=0.5859 grad_norm=4.4567 tensors_with_grad=69/72
[train] step 19: T=528 positions=16 loss=1.6596 ce=4.2400 tv=0.6552 conf=0.4745 grad_norm=7.1790 tensors_with_grad=69/72
[train] step 20: T=531 positions=16 loss=0.8138 ce=2.5489 tv=0.4248 conf=0.4959 grad_norm=9.0639 tensors_with_grad=69/72
[train] step 21: T=531 positions=16 loss=0.7748 ce=2.1647 tv=0.4796 conf=0.7899 grad_norm=6.3610 tensors_with_grad=69/72
[train] step 22: T=536 positions=16 loss=1.5773 ce=4.9883 tv=0.6003 conf=0.8452 grad_norm=6.3869 tensors_with_grad=69/72
[train] step 23: T=571 positions=16 loss=1.6482 ce=4.5823 tv=0.6826 conf=0.6814 grad_norm=13.1033 tensors_with_grad=69/72
[train] step 24: T=524 positions=16 loss=0.7416 ce=2.2693 tv=0.2259 conf=0.3290 grad_norm=4.1593 tensors_with_grad=69/72
[train] step 25: T=675 positions=16 loss=1.8904 ce=5.0194 tv=0.6855 conf=0.4883 grad_norm=13.3778 tensors_with_grad=69/72
[train] step 26: T=615 positions=16 loss=0.5927 ce=1.9883 tv=0.3113 conf=0.5149 grad_norm=4.9386 tensors_with_grad=69/72
[train] step 27: T=677 positions=16 loss=1.0660 ce=3.1751 tv=0.5437 conf=0.7429 grad_norm=5.5877 tensors_with_grad=69/72
[train] step 28: T=537 positions=16 loss=1.5279 ce=5.2059 tv=0.5774 conf=0.7029 grad_norm=14.1555 tensors_with_grad=69/72
[train] step 29: T=652 positions=16 loss=1.7074 ce=4.3659 tv=0.7176 conf=0.5165 grad_norm=7.8015 tensors_with_grad=69/72
[train] step 30: T=553 positions=16 loss=0.5016 ce=1.4460 tv=0.3150 conf=0.4698 grad_norm=3.0204 tensors_with_grad=69/72
[train] step 31: T=528 positions=16 loss=0.5267 ce=1.5303 tv=0.3761 conf=0.5050 grad_norm=4.7862 tensors_with_grad=69/72
[train] step 32: T=591 positions=16 loss=0.4362 ce=2.3703 tv=0.2573 conf=0.9082 grad_norm=2.2840 tensors_with_grad=69/72
[train] step 33: T=528 positions=16 loss=0.2374 ce=0.5492 tv=0.2068 conf=0.3989 grad_norm=10.8370 tensors_with_grad=69/72
[train] step 34: T=539 positions=16 loss=0.5009 ce=1.7877 tv=0.2056 conf=0.6719 grad_norm=6.7917 tensors_with_grad=69/72
[train] step 35: T=608 positions=16 loss=0.7049 ce=3.1156 tv=0.3755 conf=0.7445 grad_norm=6.5063 tensors_with_grad=69/72
[train] step 36: T=538 positions=16 loss=0.7877 ce=1.9678 tv=0.4317 conf=0.5314 grad_norm=6.1688 tensors_with_grad=69/72
[train] step 37: T=542 positions=16 loss=1.0694 ce=2.5108 tv=0.5197 conf=0.6079 grad_norm=8.6483 tensors_with_grad=69/72
[train] step 38: T=672 positions=16 loss=2.1430 ce=5.6559 tv=0.7518 conf=0.5668 grad_norm=6.5949 tensors_with_grad=69/72
[train] step 39: T=672 positions=16 loss=0.8976 ce=2.5170 tv=0.3241 conf=0.3158 grad_norm=10.7423 tensors_with_grad=69/72
[train] step 40: T=823 positions=16 loss=2.2527 ce=6.7040 tv=0.6115 conf=0.6952 grad_norm=14.2671 tensors_with_grad=69/72
[train] step 41: T=542 positions=16 loss=1.0284 ce=4.8567 tv=0.5126 conf=0.8996 grad_norm=12.4572 tensors_with_grad=69/72
[train] step 42: T=528 positions=16 loss=2.3704 ce=8.1355 tv=0.7042 conf=0.7674 grad_norm=14.3424 tensors_with_grad=69/72
[train] step 43: T=892 positions=16 loss=1.4691 ce=4.2811 tv=0.3968 conf=0.6097 grad_norm=5.7248 tensors_with_grad=69/72
[train] step 44: T=641 positions=16 loss=1.8279 ce=4.5693 tv=0.7121 conf=0.5587 grad_norm=5.8698 tensors_with_grad=69/72
[train] step 45: T=527 positions=16 loss=0.9760 ce=2.9802 tv=0.4079 conf=0.7490 grad_norm=4.6330 tensors_with_grad=69/72
[train] step 46: T=527 positions=16 loss=1.0209 ce=3.3756 tv=0.3365 conf=0.8128 grad_norm=8.4504 tensors_with_grad=69/72
[train] step 47: T=989 positions=16 loss=2.1992 ce=6.2193 tv=0.5578 conf=0.6163 grad_norm=10.2928 tensors_with_grad=69/72
[train] step 48: T=611 positions=16 loss=1.3048 ce=4.7085 tv=0.5684 conf=0.9155 grad_norm=9.4470 tensors_with_grad=69/72
[train] step 49: T=558 positions=16 loss=1.0884 ce=4.2829 tv=0.4939 conf=0.9024 grad_norm=6.3409 tensors_with_grad=69/72
[train] step 50: T=542 positions=16 loss=0.6809 ce=2.8886 tv=0.2023 conf=0.3699 grad_norm=4.8220 tensors_with_grad=69/72
[train] step 51: T=527 positions=16 loss=1.0062 ce=3.6399 tv=0.4361 conf=0.9644 grad_norm=5.4867 tensors_with_grad=69/72
[train] step 52: T=540 positions=16 loss=0.3361 ce=1.4692 tv=0.1759 conf=0.5208 grad_norm=3.1531 tensors_with_grad=69/72
[train] step 53: T=673 positions=16 loss=1.5843 ce=4.0423 tv=0.6779 conf=0.6147 grad_norm=7.3085 tensors_with_grad=69/72
[train] step 54: T=613 positions=16 loss=1.2828 ce=3.1817 tv=0.5968 conf=0.5908 grad_norm=13.5359 tensors_with_grad=69/72
[train] step 55: T=608 positions=16 loss=1.2032 ce=3.4739 tv=0.5456 conf=0.7204 grad_norm=6.7397 tensors_with_grad=69/72
[train] step 56: T=535 positions=16 loss=0.4779 ce=1.5582 tv=0.3661 conf=0.5713 grad_norm=5.1819 tensors_with_grad=69/72
[train] step 57: T=531 positions=16 loss=1.1387 ce=4.1635 tv=0.4773 conf=1.1781 grad_norm=12.1620 tensors_with_grad=69/72
[train] step 58: T=668 positions=16 loss=0.8236 ce=2.6839 tv=0.2675 conf=0.7388 grad_norm=7.4654 tensors_with_grad=69/72
[train] step 59: T=677 positions=16 loss=1.4152 ce=4.2775 tv=0.5691 conf=0.7837 grad_norm=8.0499 tensors_with_grad=69/72
[train] step 60: T=531 positions=16 loss=1.2239 ce=3.0383 tv=0.5692 conf=0.6400 grad_norm=8.3206 tensors_with_grad=69/72
[train] step 61: T=672 positions=16 loss=1.5532 ce=3.7108 tv=0.6439 conf=0.5801 grad_norm=18.9324 tensors_with_grad=69/72
[train] step 62: T=582 positions=16 loss=1.3748 ce=4.1973 tv=0.5869 conf=0.9650 grad_norm=22.8867 tensors_with_grad=69/72
[train] step 63: T=583 positions=16 loss=0.2581 ce=1.1068 tv=0.1772 conf=0.2933 grad_norm=5.8679 tensors_with_grad=69/72
[train] step 64: T=1047 positions=16 loss=2.0123 ce=5.3645 tv=0.6009 conf=0.7690 grad_norm=10.1248 tensors_with_grad=69/72
[train] step 65: T=673 positions=16 loss=1.7991 ce=4.4848 tv=0.6812 conf=0.5158 grad_norm=4.9497 tensors_with_grad=69/72
[train] step 66: T=600 positions=16 loss=0.9289 ce=2.7785 tv=0.4473 conf=0.6869 grad_norm=5.2212 tensors_with_grad=69/72
[train] step 67: T=672 positions=16 loss=1.5717 ce=4.1360 tv=0.5910 conf=0.5211 grad_norm=8.3412 tensors_with_grad=69/72
[train] step 68: T=622 positions=16 loss=0.2207 ce=0.7238 tv=0.1264 conf=0.3473 grad_norm=5.0453 tensors_with_grad=69/72
[train] step 69: T=531 positions=16 loss=1.3779 ce=3.4757 tv=0.6424 conf=0.5530 grad_norm=7.6786 tensors_with_grad=69/72
[train] step 70: T=531 positions=16 loss=1.0515 ce=2.8978 tv=0.3899 conf=0.4345 grad_norm=9.3558 tensors_with_grad=69/72
[train] step 71: T=527 positions=16 loss=1.9545 ce=4.6266 tv=0.7351 conf=0.5250 grad_norm=11.4360 tensors_with_grad=69/72
[train] step 72: T=542 positions=16 loss=1.1277 ce=2.5466 tv=0.5814 conf=0.6674 grad_norm=10.9783 tensors_with_grad=69/72
[train] step 73: T=527 positions=16 loss=1.4123 ce=3.6356 tv=0.6618 conf=0.5864 grad_norm=8.9773 tensors_with_grad=69/72
[train] step 74: T=629 positions=16 loss=1.4064 ce=3.9936 tv=0.5825 conf=0.7001 grad_norm=6.9815 tensors_with_grad=69/72
[train] step 75: T=646 positions=16 loss=0.8481 ce=2.5426 tv=0.4877 conf=0.6088 grad_norm=4.7849 tensors_with_grad=69/72
[train] step 76: T=527 positions=16 loss=1.2810 ce=3.4144 tv=0.6412 conf=0.7788 grad_norm=6.5837 tensors_with_grad=69/72
[train] step 77: T=581 positions=16 loss=1.3785 ce=4.2778 tv=0.5964 conf=0.6859 grad_norm=7.4700 tensors_with_grad=69/72
[train] step 78: T=528 positions=16 loss=0.7815 ce=2.1800 tv=0.3655 conf=0.5652 grad_norm=5.1054 tensors_with_grad=69/72
[train] step 79: T=534 positions=16 loss=2.0891 ce=6.5139 tv=0.7267 conf=0.9273 grad_norm=10.5141 tensors_with_grad=69/72
[train] step 80: T=532 positions=16 loss=1.5436 ce=4.0053 tv=0.6910 conf=0.5314 grad_norm=6.5368 tensors_with_grad=69/72
[train] step 81: T=533 positions=16 loss=0.9098 ce=3.2811 tv=0.4068 conf=0.5487 grad_norm=5.6091 tensors_with_grad=69/72
[train] step 82: T=527 positions=16 loss=1.2725 ce=3.9518 tv=0.6093 conf=0.7778 grad_norm=5.6820 tensors_with_grad=69/72
[train] step 83: T=580 positions=16 loss=1.1579 ce=4.0278 tv=0.5101 conf=0.9594 grad_norm=15.6203 tensors_with_grad=69/72
[train] step 84: T=1391 positions=16 loss=1.1863 ce=3.5631 tv=0.5315 conf=0.6066 grad_norm=5.6370 tensors_with_grad=69/72
[train] step 85: T=527 positions=16 loss=1.2817 ce=3.8563 tv=0.6476 conf=0.7557 grad_norm=5.6210 tensors_with_grad=69/72
[train] step 86: T=538 positions=16 loss=0.4718 ce=1.1972 tv=0.2997 conf=0.3585 grad_norm=12.5841 tensors_with_grad=69/72
[train] step 87: T=648 positions=16 loss=1.0179 ce=2.8672 tv=0.3946 conf=0.5102 grad_norm=8.1111 tensors_with_grad=69/72
[train] step 88: T=672 positions=16 loss=1.4271 ce=4.4585 tv=0.6235 conf=0.6791 grad_norm=10.4458 tensors_with_grad=69/72
[train] step 89: T=599 positions=16 loss=1.2416 ce=3.0963 tv=0.6038 conf=0.7404 grad_norm=4.4985 tensors_with_grad=69/72
[train] step 90: T=655 positions=16 loss=1.0581 ce=3.5951 tv=0.5118 conf=0.6404 grad_norm=7.2865 tensors_with_grad=69/72
[train] step 91: T=646 positions=16 loss=0.8910 ce=2.5812 tv=0.5107 conf=0.6819 grad_norm=6.0763 tensors_with_grad=69/72
[train] step 92: T=606 positions=16 loss=0.9757 ce=2.6908 tv=0.3579 conf=0.5003 grad_norm=7.8338 tensors_with_grad=69/72
[train] step 93: T=526 positions=16 loss=0.3818 ce=1.3358 tv=0.3038 conf=0.6796 grad_norm=2.8798 tensors_with_grad=69/72
[train] step 94: T=541 positions=16 loss=0.6548 ce=2.0740 tv=0.4033 conf=0.5663 grad_norm=7.7963 tensors_with_grad=69/72
[train] step 95: T=546 positions=16 loss=1.2548 ce=2.8650 tv=0.5834 conf=0.7402 grad_norm=6.8856 tensors_with_grad=69/72
[train] step 96: T=532 positions=16 loss=0.4085 ce=1.0572 tv=0.2498 conf=0.3877 grad_norm=5.0118 tensors_with_grad=69/72
[train] step 97: T=527 positions=16 loss=1.9805 ce=6.5621 tv=0.7729 conf=0.8192 grad_norm=6.1984 tensors_with_grad=69/72
[train] step 98: T=678 positions=16 loss=0.5006 ce=1.6691 tv=0.3483 conf=0.7056 grad_norm=6.6788 tensors_with_grad=69/72
[train] step 99: T=542 positions=16 loss=0.8803 ce=2.3548 tv=0.4696 conf=0.6208 grad_norm=12.9848 tensors_with_grad=69/72
[train] step 100: T=536 positions=16 loss=0.2679 ce=0.8521 tv=0.1574 conf=0.3236 grad_norm=2.2964 tensors_with_grad=69/72
[train] step 101: T=540 positions=16 loss=1.3609 ce=3.5090 tv=0.5833 conf=0.6910 grad_norm=3.4737 tensors_with_grad=69/72
[train] step 102: T=628 positions=16 loss=0.5078 ce=2.1018 tv=0.2183 conf=0.7098 grad_norm=4.6135 tensors_with_grad=69/72
[train] step 103: T=599 positions=16 loss=0.8106 ce=2.4940 tv=0.4483 conf=0.6805 grad_norm=5.2088 tensors_with_grad=69/72
[train] step 104: T=608 positions=16 loss=0.5538 ce=1.4515 tv=0.2921 conf=0.6129 grad_norm=3.3106 tensors_with_grad=69/72
[train] step 105: T=618 positions=16 loss=1.2146 ce=3.3497 tv=0.5712 conf=0.8857 grad_norm=14.5457 tensors_with_grad=69/72
[train] step 106: T=673 positions=16 loss=1.2771 ce=3.2976 tv=0.5962 conf=0.6797 grad_norm=8.1201 tensors_with_grad=69/72
[train] step 107: T=607 positions=16 loss=0.6375 ce=2.0663 tv=0.3479 conf=0.7559 grad_norm=7.8257 tensors_with_grad=69/72
[train] step 108: T=580 positions=16 loss=0.5837 ce=2.3817 tv=0.3634 conf=0.5899 grad_norm=5.1684 tensors_with_grad=69/72
[train] step 109: T=565 positions=16 loss=0.5164 ce=2.5305 tv=0.3034 conf=0.5179 grad_norm=4.5172 tensors_with_grad=69/72
[train] step 110: T=533 positions=16 loss=1.0680 ce=3.4214 tv=0.4548 conf=0.8694 grad_norm=5.4500 tensors_with_grad=69/72
[train] step 111: T=610 positions=16 loss=0.8658 ce=2.4313 tv=0.4217 conf=0.7203 grad_norm=6.5015 tensors_with_grad=69/72
[train] step 112: T=1026 positions=16 loss=0.7796 ce=1.6959 tv=0.3731 conf=0.4186 grad_norm=5.5404 tensors_with_grad=69/72
[train] step 113: T=613 positions=16 loss=0.9508 ce=2.2577 tv=0.4437 conf=0.5256 grad_norm=4.2142 tensors_with_grad=69/72
[train] step 114: T=675 positions=16 loss=0.9584 ce=2.7986 tv=0.5023 conf=0.6706 grad_norm=6.3010 tensors_with_grad=69/72
[train] step 115: T=1001 positions=16 loss=1.0013 ce=2.5715 tv=0.4532 conf=0.5786 grad_norm=9.7076 tensors_with_grad=69/72
[train] step 116: T=553 positions=16 loss=1.0960 ce=3.3699 tv=0.4673 conf=0.7388 grad_norm=8.7880 tensors_with_grad=69/72
[train] step 117: T=676 positions=16 loss=0.4145 ce=1.3445 tv=0.2058 conf=0.4018 grad_norm=5.2987 tensors_with_grad=69/72
[train] step 118: T=530 positions=16 loss=0.5102 ce=1.6052 tv=0.2721 conf=0.4371 grad_norm=3.5378 tensors_with_grad=69/72
[train] step 119: T=531 positions=16 loss=0.3558 ce=0.8966 tv=0.1849 conf=0.2323 grad_norm=2.7168 tensors_with_grad=69/72
[train] step 120: T=560 positions=16 loss=0.8844 ce=2.9221 tv=0.4994 conf=0.6277 grad_norm=7.2956 tensors_with_grad=69/72
[train] step 121: T=1390 positions=16 loss=1.8871 ce=5.6689 tv=0.6323 conf=0.5390 grad_norm=7.5593 tensors_with_grad=69/72
[train] step 122: T=536 positions=16 loss=0.7380 ce=1.9808 tv=0.3993 conf=0.5889 grad_norm=3.6693 tensors_with_grad=69/72
[train] step 123: T=622 positions=16 loss=1.2696 ce=2.9617 tv=0.5885 conf=0.5988 grad_norm=5.5255 tensors_with_grad=69/72
[train] step 124: T=557 positions=16 loss=1.0420 ce=2.2980 tv=0.4857 conf=0.6372 grad_norm=11.7281 tensors_with_grad=69/72
[train] step 125: T=563 positions=16 loss=0.8103 ce=2.2672 tv=0.4102 conf=0.5886 grad_norm=5.2742 tensors_with_grad=69/72
[train] step 126: T=653 positions=16 loss=0.6180 ce=1.6471 tv=0.3684 conf=0.5794 grad_norm=2.6156 tensors_with_grad=69/72
[train] step 127: T=554 positions=16 loss=1.1161 ce=3.0071 tv=0.5198 conf=0.6328 grad_norm=5.1382 tensors_with_grad=69/72
[train] step 128: T=672 positions=16 loss=1.3806 ce=3.8983 tv=0.4990 conf=0.7169 grad_norm=7.6326 tensors_with_grad=69/72
[train] step 129: T=609 positions=16 loss=0.4382 ce=1.4355 tv=0.2627 conf=0.5683 grad_norm=4.6678 tensors_with_grad=69/72
[train] step 130: T=571 positions=16 loss=0.8750 ce=2.1142 tv=0.4437 conf=0.6536 grad_norm=5.5751 tensors_with_grad=69/72
[train] step 131: T=561 positions=16 loss=0.4811 ce=1.4980 tv=0.3078 conf=0.5422 grad_norm=4.0284 tensors_with_grad=69/72
[train] step 132: T=531 positions=16 loss=1.4367 ce=3.4985 tv=0.6095 conf=0.5397 grad_norm=7.3878 tensors_with_grad=69/72
[train] step 133: T=591 positions=16 loss=1.0537 ce=2.5478 tv=0.3612 conf=0.5985 grad_norm=8.3920 tensors_with_grad=69/72
[train] step 134: T=560 positions=16 loss=1.0227 ce=2.6574 tv=0.5004 conf=0.5888 grad_norm=6.5168 tensors_with_grad=69/72
[train] step 135: T=626 positions=16 loss=0.5393 ce=1.8221 tv=0.3286 conf=0.7595 grad_norm=5.4437 tensors_with_grad=69/72
[train] step 136: T=1018 positions=16 loss=1.3608 ce=3.8741 tv=0.5044 conf=0.6858 grad_norm=5.6454 tensors_with_grad=69/72
[train] step 137: T=527 positions=16 loss=1.2465 ce=3.9725 tv=0.5749 conf=0.8474 grad_norm=5.1210 tensors_with_grad=69/72
[train] step 138: T=673 positions=16 loss=1.9053 ce=6.1520 tv=0.7167 conf=0.8982 grad_norm=14.8931 tensors_with_grad=69/72
[train] step 139: T=936 positions=16 loss=0.9588 ce=2.8845 tv=0.4504 conf=0.6138 grad_norm=2.8753 tensors_with_grad=69/72
[train] step 140: T=593 positions=16 loss=0.9607 ce=2.6831 tv=0.4645 conf=0.7905 grad_norm=8.8582 tensors_with_grad=69/72
[train] step 141: T=531 positions=16 loss=0.8884 ce=2.3175 tv=0.5159 conf=0.6693 grad_norm=5.5739 tensors_with_grad=69/72
[train] step 142: T=540 positions=16 loss=0.3132 ce=0.9305 tv=0.2495 conf=0.4981 grad_norm=2.0138 tensors_with_grad=69/72
[train] step 143: T=543 positions=16 loss=0.4077 ce=0.9387 tv=0.2217 conf=0.4189 grad_norm=1.3630 tensors_with_grad=69/72
[train] step 144: T=573 positions=16 loss=0.3408 ce=1.0190 tv=0.1438 conf=0.4312 grad_norm=5.2434 tensors_with_grad=69/72
[train] step 145: T=535 positions=16 loss=0.5310 ce=1.2999 tv=0.2974 conf=0.5674 grad_norm=4.5551 tensors_with_grad=69/72
[train] step 146: T=1001 positions=16 loss=1.4451 ce=4.7171 tv=0.5121 conf=0.6912 grad_norm=6.4790 tensors_with_grad=69/72
[train] step 147: T=620 positions=16 loss=0.4352 ce=1.6254 tv=0.3451 conf=0.9604 grad_norm=3.8609 tensors_with_grad=69/72
[train] step 148: T=630 positions=16 loss=0.7918 ce=1.6955 tv=0.4598 conf=0.8966 grad_norm=8.8333 tensors_with_grad=69/72
[train] step 149: T=1178 positions=16 loss=2.0030 ce=5.3157 tv=0.6245 conf=0.6096 grad_norm=8.6253 tensors_with_grad=69/72
[train] step 150: T=614 positions=16 loss=0.6582 ce=1.6845 tv=0.3953 conf=0.6967 grad_norm=4.7001 tensors_with_grad=69/72
[train] step 151: T=676 positions=16 loss=0.5144 ce=1.5070 tv=0.2340 conf=0.4431 grad_norm=5.0710 tensors_with_grad=69/72
[train] step 152: T=677 positions=16 loss=1.2955 ce=3.5437 tv=0.5476 conf=0.7337 grad_norm=11.6452 tensors_with_grad=69/72
[train] step 153: T=538 positions=16 loss=0.5082 ce=0.8783 tv=0.2377 conf=0.4856 grad_norm=4.7515 tensors_with_grad=69/72
[train] step 154: T=544 positions=16 loss=0.6644 ce=1.2075 tv=0.3363 conf=0.6977 grad_norm=7.4383 tensors_with_grad=69/72
[train] step 155: T=539 positions=16 loss=0.6814 ce=1.7491 tv=0.3366 conf=0.6312 grad_norm=3.0625 tensors_with_grad=69/72
[train] step 156: T=541 positions=16 loss=0.5512 ce=1.5047 tv=0.3845 conf=1.0674 grad_norm=6.5400 tensors_with_grad=69/72
[train] step 157: T=902 positions=16 loss=1.5305 ce=3.5146 tv=0.5508 conf=0.4839 grad_norm=8.5628 tensors_with_grad=69/72
[train] step 158: T=648 positions=16 loss=0.3276 ce=0.8617 tv=0.2140 conf=0.6959 grad_norm=4.4334 tensors_with_grad=69/72
[train] step 159: T=672 positions=16 loss=1.5480 ce=3.8367 tv=0.6054 conf=0.5877 grad_norm=8.4324 tensors_with_grad=69/72
[train] step 160: T=1629 positions=16 loss=1.6820 ce=4.1509 tv=0.5293 conf=0.4334 grad_norm=5.7902 tensors_with_grad=69/72
[train] step 161: T=594 positions=16 loss=0.5289 ce=1.8957 tv=0.2884 conf=0.5528 grad_norm=3.3048 tensors_with_grad=69/72
[train] step 162: T=672 positions=16 loss=1.4063 ce=3.5411 tv=0.6329 conf=0.7033 grad_norm=6.2743 tensors_with_grad=69/72
[train] step 163: T=538 positions=16 loss=0.6658 ce=2.0729 tv=0.3590 conf=0.8304 grad_norm=4.9473 tensors_with_grad=69/72
[train] step 164: T=563 positions=16 loss=1.1277 ce=3.0651 tv=0.4912 conf=0.6842 grad_norm=6.3941 tensors_with_grad=69/72
[train] step 165: T=555 positions=16 loss=0.5568 ce=1.1331 tv=0.2533 conf=0.4874 grad_norm=5.1513 tensors_with_grad=69/72
[train] step 166: T=539 positions=16 loss=0.6291 ce=1.6415 tv=0.2718 conf=0.6940 grad_norm=4.2205 tensors_with_grad=69/72
[train] step 167: T=528 positions=16 loss=1.4106 ce=3.2954 tv=0.6137 conf=0.6949 grad_norm=6.6335 tensors_with_grad=69/72
[train] step 168: T=568 positions=16 loss=0.5212 ce=1.0652 tv=0.2302 conf=0.3189 grad_norm=5.8439 tensors_with_grad=69/72
[train] step 169: T=638 positions=16 loss=0.4792 ce=1.1316 tv=0.1737 conf=0.5157 grad_norm=5.2288 tensors_with_grad=69/72
[train] step 170: T=541 positions=16 loss=0.2136 ce=0.6534 tv=0.1239 conf=0.5864 grad_norm=1.3700 tensors_with_grad=69/72
[train] step 171: T=546 positions=16 loss=1.2342 ce=2.9592 tv=0.5713 conf=0.7211 grad_norm=8.2168 tensors_with_grad=69/72
[train] step 172: T=960 positions=16 loss=1.2606 ce=3.1673 tv=0.5289 conf=0.5772 grad_norm=3.7202 tensors_with_grad=69/72
[train] step 173: T=645 positions=16 loss=1.1156 ce=2.7024 tv=0.5489 conf=0.6237 grad_norm=4.6104 tensors_with_grad=69/72
[train] step 174: T=595 positions=16 loss=0.8416 ce=2.1835 tv=0.4240 conf=0.7968 grad_norm=5.5373 tensors_with_grad=69/72
[train] step 175: T=535 positions=16 loss=0.5457 ce=1.4952 tv=0.3083 conf=0.6174 grad_norm=6.2741 tensors_with_grad=69/72
[train] step 176: T=672 positions=16 loss=1.4508 ce=3.2365 tv=0.6100 conf=0.5311 grad_norm=5.5302 tensors_with_grad=69/72
[train] step 177: T=526 positions=16 loss=1.8125 ce=4.9818 tv=0.7130 conf=1.0773 grad_norm=7.3666 tensors_with_grad=69/72
[train] step 178: T=588 positions=16 loss=0.6822 ce=1.9417 tv=0.2581 conf=0.5080 grad_norm=4.2562 tensors_with_grad=69/72
[train] step 179: T=634 positions=16 loss=1.4779 ce=3.7736 tv=0.6019 conf=0.6325 grad_norm=4.7970 tensors_with_grad=69/72
[train] step 180: T=608 positions=16 loss=0.4576 ce=1.1830 tv=0.2329 conf=0.5462 grad_norm=5.5185 tensors_with_grad=69/72
[train] step 181: T=675 positions=16 loss=1.4010 ce=3.1488 tv=0.6000 conf=0.7520 grad_norm=4.8881 tensors_with_grad=69/72
[train] step 182: T=667 positions=16 loss=2.4815 ce=6.8421 tv=0.6746 conf=0.8307 grad_norm=17.9620 tensors_with_grad=69/72
[train] step 183: T=576 positions=16 loss=0.7482 ce=1.9513 tv=0.3012 conf=0.4757 grad_norm=10.3478 tensors_with_grad=69/72
[train] step 184: T=534 positions=16 loss=0.8881 ce=2.7397 tv=0.3966 conf=1.0080 grad_norm=4.1785 tensors_with_grad=69/72
[train] step 185: T=543 positions=16 loss=0.7928 ce=2.0371 tv=0.3622 conf=0.5099 grad_norm=8.5432 tensors_with_grad=69/72
[train] step 186: T=524 positions=16 loss=0.9777 ce=2.5497 tv=0.5245 conf=0.6512 grad_norm=8.3297 tensors_with_grad=69/72
[train] step 187: T=674 positions=16 loss=0.7506 ce=2.2649 tv=0.4100 conf=0.8014 grad_norm=6.4653 tensors_with_grad=69/72
[train] step 188: T=542 positions=16 loss=0.7059 ce=1.2881 tv=0.3154 conf=0.4876 grad_norm=5.4105 tensors_with_grad=69/72
[train] step 189: T=672 positions=16 loss=1.0029 ce=2.5901 tv=0.4401 conf=0.7839 grad_norm=7.0722 tensors_with_grad=69/72
[train] step 190: T=528 positions=16 loss=0.8881 ce=2.2926 tv=0.3799 conf=1.0624 grad_norm=4.7416 tensors_with_grad=69/72
[train] step 191: T=542 positions=16 loss=0.4427 ce=1.4946 tv=0.2345 conf=0.4831 grad_norm=2.4969 tensors_with_grad=69/72
[train] step 192: T=584 positions=16 loss=1.4195 ce=3.2096 tv=0.5718 conf=0.8130 grad_norm=42.3216 tensors_with_grad=69/72
[train] step 193: T=650 positions=16 loss=1.2166 ce=2.9873 tv=0.5538 conf=0.6413 grad_norm=9.5518 tensors_with_grad=69/72
[train] step 194: T=1710 positions=16 loss=1.6062 ce=4.6238 tv=0.4864 conf=0.6215 grad_norm=9.0343 tensors_with_grad=69/72
[train] step 195: T=672 positions=16 loss=1.1002 ce=3.4206 tv=0.4727 conf=0.8998 grad_norm=5.3636 tensors_with_grad=69/72
[train] step 196: T=534 positions=16 loss=1.1006 ce=2.4702 tv=0.4516 conf=0.5970 grad_norm=7.4983 tensors_with_grad=69/72
[train] step 197: T=541 positions=16 loss=0.7668 ce=3.0378 tv=0.3380 conf=0.7597 grad_norm=3.8991 tensors_with_grad=69/72
[train] step 198: T=915 positions=16 loss=1.1462 ce=2.8772 tv=0.4126 conf=0.6175 grad_norm=5.7508 tensors_with_grad=69/72
[train] step 199: T=1176 positions=16 loss=1.1251 ce=2.5776 tv=0.4197 conf=0.4983 grad_norm=4.3939 tensors_with_grad=69/72
[train] step 200: T=621 positions=16 loss=1.2788 ce=2.7674 tv=0.6221 conf=0.7617 grad_norm=5.4985 tensors_with_grad=69/72
[train] step 201: T=672 positions=16 loss=1.5535 ce=3.8278 tv=0.5901 conf=0.6248 grad_norm=5.7046 tensors_with_grad=69/72
[train] step 202: T=600 positions=16 loss=0.4071 ce=0.8765 tv=0.2228 conf=0.4244 grad_norm=14.6844 tensors_with_grad=69/72
[train] step 203: T=537 positions=16 loss=0.7397 ce=1.7291 tv=0.4214 conf=0.8697 grad_norm=5.2165 tensors_with_grad=69/72
[train] step 204: T=540 positions=16 loss=1.8464 ce=4.9814 tv=0.6381 conf=0.8807 grad_norm=7.8808 tensors_with_grad=69/72
[train] step 205: T=538 positions=16 loss=0.5518 ce=0.6639 tv=0.2223 conf=0.4767 grad_norm=8.3627 tensors_with_grad=69/72
[train] step 206: T=543 positions=16 loss=0.2488 ce=0.5994 tv=0.1313 conf=0.3513 grad_norm=1.6848 tensors_with_grad=69/72
[train] step 207: T=532 positions=16 loss=0.8030 ce=2.1927 tv=0.3879 conf=0.7181 grad_norm=4.9448 tensors_with_grad=69/72
[train] step 208: T=672 positions=16 loss=1.0035 ce=2.1850 tv=0.4700 conf=0.6279 grad_norm=5.3783 tensors_with_grad=69/72
[train] step 209: T=621 positions=16 loss=0.5407 ce=2.3919 tv=0.3185 conf=0.7957 grad_norm=3.8697 tensors_with_grad=69/72
[train] step 210: T=678 positions=16 loss=0.7650 ce=1.9971 tv=0.3449 conf=1.0616 grad_norm=6.6284 tensors_with_grad=69/72
[train] step 211: T=658 positions=16 loss=0.5814 ce=1.5104 tv=0.3206 conf=0.7365 grad_norm=5.1786 tensors_with_grad=69/72
[train] step 212: T=954 positions=16 loss=1.5696 ce=4.4674 tv=0.5033 conf=0.6389 grad_norm=8.9059 tensors_with_grad=69/72
[train] step 213: T=534 positions=16 loss=0.6467 ce=1.5974 tv=0.3542 conf=0.9782 grad_norm=16.2707 tensors_with_grad=69/72
[train] step 214: T=538 positions=16 loss=0.5807 ce=1.3471 tv=0.3013 conf=0.5994 grad_norm=6.1494 tensors_with_grad=69/72
[train] step 215: T=674 positions=16 loss=1.0706 ce=2.4595 tv=0.4965 conf=0.9270 grad_norm=4.4928 tensors_with_grad=69/72
[train] step 216: T=623 positions=16 loss=1.1949 ce=2.7449 tv=0.5399 conf=0.7639 grad_norm=3.8935 tensors_with_grad=69/72
[train] step 217: T=577 positions=16 loss=0.9628 ce=2.2600 tv=0.4125 conf=0.5943 grad_norm=4.4985 tensors_with_grad=69/72
[train] step 218: T=597 positions=16 loss=0.8082 ce=2.1162 tv=0.4037 conf=0.9268 grad_norm=5.2580 tensors_with_grad=69/72
[train] step 219: T=569 positions=16 loss=1.0700 ce=2.6880 tv=0.4827 conf=0.7948 grad_norm=4.7147 tensors_with_grad=69/72
[train] step 220: T=527 positions=16 loss=0.5490 ce=1.0825 tv=0.2417 conf=0.7837 grad_norm=7.0320 tensors_with_grad=69/72
[train] step 221: T=532 positions=16 loss=0.8111 ce=2.0431 tv=0.3605 conf=0.8154 grad_norm=4.5276 tensors_with_grad=69/72
[train] step 222: T=532 positions=16 loss=2.3874 ce=6.9193 tv=0.7043 conf=0.9004 grad_norm=14.6375 tensors_with_grad=69/72
[train] step 223: T=673 positions=16 loss=1.1387 ce=2.7884 tv=0.5425 conf=0.7366 grad_norm=4.5253 tensors_with_grad=69/72
[train] step 224: T=584 positions=16 loss=0.5326 ce=1.3287 tv=0.3040 conf=0.4513 grad_norm=4.6055 tensors_with_grad=69/72
[train] step 225: T=538 positions=16 loss=1.1734 ce=2.9969 tv=0.5305 conf=0.7246 grad_norm=5.2583 tensors_with_grad=69/72
[train] step 226: T=548 positions=16 loss=0.7814 ce=1.8231 tv=0.3308 conf=0.7939 grad_norm=5.3665 tensors_with_grad=69/72
[train] step 227: T=541 positions=16 loss=0.5389 ce=1.2199 tv=0.2336 conf=0.6707 grad_norm=5.5118 tensors_with_grad=69/72
[train] step 228: T=607 positions=16 loss=0.2878 ce=0.7202 tv=0.1301 conf=0.2463 grad_norm=2.0815 tensors_with_grad=69/72
[train] step 229: T=530 positions=16 loss=0.6375 ce=1.2668 tv=0.2292 conf=0.5408 grad_norm=3.0188 tensors_with_grad=69/72
[train] step 230: T=561 positions=16 loss=0.3406 ce=1.0751 tv=0.1953 conf=0.5280 grad_norm=7.2075 tensors_with_grad=69/72
[train] step 231: T=976 positions=16 loss=1.5553 ce=3.3224 tv=0.5004 conf=0.5060 grad_norm=5.0008 tensors_with_grad=69/72
[train] step 232: T=557 positions=16 loss=1.0801 ce=2.7951 tv=0.5001 conf=0.6866 grad_norm=8.3309 tensors_with_grad=69/72
[train] step 233: T=648 positions=16 loss=0.7030 ce=1.3807 tv=0.3326 conf=0.9473 grad_norm=4.0744 tensors_with_grad=69/72
[train] step 234: T=542 positions=16 loss=0.6359 ce=1.4441 tv=0.2278 conf=0.3152 grad_norm=3.6114 tensors_with_grad=69/72
[train] step 235: T=644 positions=16 loss=0.9098 ce=1.9062 tv=0.4032 conf=0.7223 grad_norm=8.5305 tensors_with_grad=69/72
[train] step 236: T=534 positions=16 loss=1.0414 ce=2.6472 tv=0.4951 conf=0.8893 grad_norm=2.9407 tensors_with_grad=69/72
[train] step 237: T=1054 positions=16 loss=1.0483 ce=2.7859 tv=0.4860 conf=0.9504 grad_norm=5.0012 tensors_with_grad=69/72
[train] step 238: T=675 positions=16 loss=0.7036 ce=1.7096 tv=0.3029 conf=0.5164 grad_norm=3.5296 tensors_with_grad=69/72
[train] step 239: T=619 positions=16 loss=1.3428 ce=3.0122 tv=0.4908 conf=0.8461 grad_norm=3.7926 tensors_with_grad=69/72
[train] step 240: T=552 positions=16 loss=1.7997 ce=5.6304 tv=0.5912 conf=0.7450 grad_norm=10.1163 tensors_with_grad=69/72
[train] step 241: T=542 positions=16 loss=1.2844 ce=2.5793 tv=0.5249 conf=0.6472 grad_norm=10.2001 tensors_with_grad=69/72
[train] step 242: T=927 positions=16 loss=0.9416 ce=2.4688 tv=0.3930 conf=0.9477 grad_norm=6.3715 tensors_with_grad=69/72
[train] step 243: T=581 positions=16 loss=0.2889 ce=1.0164 tv=0.1913 conf=0.7837 grad_norm=2.6470 tensors_with_grad=69/72
[train] step 244: T=541 positions=16 loss=1.0046 ce=2.5133 tv=0.4581 conf=0.8044 grad_norm=8.0338 tensors_with_grad=69/72
[train] step 245: T=531 positions=16 loss=1.6997 ce=3.6142 tv=0.6479 conf=0.6491 grad_norm=9.3051 tensors_with_grad=69/72
[train] step 246: T=577 positions=16 loss=0.6664 ce=1.6768 tv=0.3715 conf=1.1443 grad_norm=4.4874 tensors_with_grad=69/72
[train] step 247: T=827 positions=16 loss=1.2827 ce=3.2268 tv=0.4880 conf=1.2297 grad_norm=7.1079 tensors_with_grad=69/72
[train] step 248: T=532 positions=16 loss=0.4051 ce=0.7935 tv=0.2836 conf=1.0990 grad_norm=6.9987 tensors_with_grad=69/72
[train] step 249: T=532 positions=16 loss=0.5704 ce=1.1507 tv=0.3065 conf=1.0934 grad_norm=4.5140 tensors_with_grad=69/72
[train] step 250: T=587 positions=16 loss=0.6898 ce=1.8095 tv=0.3974 conf=1.1135 grad_norm=4.8361 tensors_with_grad=69/72
[train] step 251: T=620 positions=16 loss=0.3639 ce=0.7835 tv=0.1986 conf=0.5004 grad_norm=2.6161 tensors_with_grad=69/72
[train] step 252: T=535 positions=16 loss=1.3394 ce=3.1319 tv=0.5485 conf=0.7953 grad_norm=4.9988 tensors_with_grad=69/72
[train] step 253: T=532 positions=16 loss=1.1895 ce=3.0642 tv=0.4432 conf=0.8661 grad_norm=7.8523 tensors_with_grad=69/72
[train] step 254: T=553 positions=16 loss=0.4305 ce=1.2528 tv=0.2247 conf=0.7700 grad_norm=2.4879 tensors_with_grad=69/72
[train] step 255: T=567 positions=16 loss=0.2529 ce=0.4625 tv=0.1340 conf=0.3850 grad_norm=7.4558 tensors_with_grad=69/72
[train] step 256: T=676 positions=16 loss=0.7437 ce=1.6827 tv=0.3242 conf=0.9193 grad_norm=3.0682 tensors_with_grad=69/72
[train] step 257: T=571 positions=16 loss=1.6089 ce=3.6370 tv=0.5698 conf=0.8020 grad_norm=6.7925 tensors_with_grad=69/72
[train] step 258: T=675 positions=16 loss=0.5694 ce=1.5369 tv=0.3160 conf=0.6221 grad_norm=4.5224 tensors_with_grad=69/72
[train] step 259: T=631 positions=16 loss=0.5274 ce=0.9125 tv=0.2255 conf=0.5424 grad_norm=9.9609 tensors_with_grad=69/72
[train] step 260: T=625 positions=16 loss=0.6853 ce=2.0172 tv=0.3508 conf=0.7010 grad_norm=6.5506 tensors_with_grad=69/72
[train] step 261: T=621 positions=16 loss=0.8119 ce=2.1213 tv=0.4497 conf=0.8519 grad_norm=4.9032 tensors_with_grad=69/72
[train] step 262: T=551 positions=16 loss=1.0939 ce=2.9476 tv=0.4160 conf=0.6297 grad_norm=4.9499 tensors_with_grad=69/72
[train] step 263: T=600 positions=16 loss=1.5231 ce=4.4981 tv=0.5613 conf=0.7906 grad_norm=7.4800 tensors_with_grad=69/72
[train] step 264: T=540 positions=16 loss=0.3876 ce=0.6774 tv=0.1786 conf=0.2242 grad_norm=8.9978 tensors_with_grad=69/72
[train] step 265: T=542 positions=16 loss=0.2909 ce=0.6045 tv=0.1665 conf=0.4094 grad_norm=3.0916 tensors_with_grad=69/72
[train] step 266: T=915 positions=16 loss=1.1984 ce=3.1824 tv=0.3766 conf=0.7856 grad_norm=6.3509 tensors_with_grad=69/72
[train] step 267: T=620 positions=16 loss=1.3403 ce=4.2259 tv=0.5513 conf=1.0152 grad_norm=7.9019 tensors_with_grad=69/72
[train] step 268: T=673 positions=16 loss=1.1251 ce=2.9975 tv=0.4666 conf=0.7518 grad_norm=6.2150 tensors_with_grad=69/72
[train] step 269: T=621 positions=16 loss=0.6897 ce=1.8344 tv=0.3503 conf=0.7641 grad_norm=3.6830 tensors_with_grad=69/72
[train] step 270: T=529 positions=16 loss=0.7052 ce=1.9388 tv=0.3110 conf=0.8450 grad_norm=3.4370 tensors_with_grad=69/72
[train] step 271: T=1196 positions=16 loss=1.6568 ce=3.6895 tv=0.5256 conf=0.6257 grad_norm=9.2320 tensors_with_grad=69/72
[train] step 272: T=1273 positions=16 loss=1.2728 ce=3.4133 tv=0.4668 conf=0.8221 grad_norm=4.5151 tensors_with_grad=69/72
[train] step 273: T=524 positions=16 loss=1.0561 ce=2.8860 tv=0.5176 conf=1.1008 grad_norm=5.5224 tensors_with_grad=69/72
[train] step 274: T=624 positions=16 loss=0.5576 ce=1.8301 tv=0.3274 conf=0.7917 grad_norm=4.1949 tensors_with_grad=69/72
[train] step 275: T=525 positions=16 loss=1.0531 ce=2.6216 tv=0.5047 conf=0.8675 grad_norm=3.8427 tensors_with_grad=69/72
[train] step 276: T=535 positions=16 loss=0.5182 ce=1.5006 tv=0.2774 conf=0.5997 grad_norm=3.3778 tensors_with_grad=69/72
[train] step 277: T=631 positions=16 loss=0.3754 ce=1.1988 tv=0.1822 conf=0.7510 grad_norm=5.0307 tensors_with_grad=69/72
[train] step 278: T=872 positions=16 loss=1.3694 ce=3.8145 tv=0.5522 conf=1.0957 grad_norm=6.7155 tensors_with_grad=69/72
[train] step 279: T=1563 positions=16 loss=1.3410 ce=3.5740 tv=0.4614 conf=0.8247 grad_norm=5.4247 tensors_with_grad=69/72
[train] step 280: T=675 positions=16 loss=0.8632 ce=2.0993 tv=0.4058 conf=1.0002 grad_norm=4.6363 tensors_with_grad=69/72
[train] step 281: T=534 positions=16 loss=0.3893 ce=0.9167 tv=0.1653 conf=0.6283 grad_norm=5.1813 tensors_with_grad=69/72
[train] step 282: T=673 positions=16 loss=0.7353 ce=2.0856 tv=0.3513 conf=0.9160 grad_norm=3.6339 tensors_with_grad=69/72
[train] step 283: T=672 positions=16 loss=1.3290 ce=3.0800 tv=0.5239 conf=0.6110 grad_norm=5.4904 tensors_with_grad=69/72
[train] step 284: T=532 positions=16 loss=1.3166 ce=3.2012 tv=0.5161 conf=0.8298 grad_norm=8.2329 tensors_with_grad=69/72
[train] step 285: T=594 positions=16 loss=0.2923 ce=0.6806 tv=0.1430 conf=0.3956 grad_norm=2.1204 tensors_with_grad=69/72
[train] step 286: T=539 positions=16 loss=0.2923 ce=0.9932 tv=0.2266 conf=0.5523 grad_norm=3.4852 tensors_with_grad=69/72
[train] step 287: T=540 positions=16 loss=0.1195 ce=0.2456 tv=0.1106 conf=0.3488 grad_norm=1.1201 tensors_with_grad=69/72
[train] step 288: T=531 positions=16 loss=1.2875 ce=2.7396 tv=0.5235 conf=1.0691 grad_norm=10.2876 tensors_with_grad=69/72
[train] step 289: T=530 positions=16 loss=0.6407 ce=1.3820 tv=0.3089 conf=1.4038 grad_norm=3.5642 tensors_with_grad=69/72
[train] step 290: T=676 positions=16 loss=0.5841 ce=1.6277 tv=0.3047 conf=0.7086 grad_norm=3.4099 tensors_with_grad=69/72
[train] step 291: T=529 positions=16 loss=0.9005 ce=1.9518 tv=0.3870 conf=0.8156 grad_norm=3.4507 tensors_with_grad=69/72
[train] step 292: T=626 positions=16 loss=0.6996 ce=1.2845 tv=0.3802 conf=1.3386 grad_norm=8.4119 tensors_with_grad=69/72
[train] step 293: T=569 positions=16 loss=1.8049 ce=5.5988 tv=0.5663 conf=1.2057 grad_norm=9.8751 tensors_with_grad=69/72
[train] step 294: T=957 positions=16 loss=1.8969 ce=4.5580 tv=0.6538 conf=1.5323 grad_norm=5.7082 tensors_with_grad=69/72
[train] step 295: T=630 positions=16 loss=0.6163 ce=1.7060 tv=0.3159 conf=1.5020 grad_norm=9.1913 tensors_with_grad=69/72
[train] step 296: T=672 positions=16 loss=1.4298 ce=3.4006 tv=0.6116 conf=0.9966 grad_norm=7.2884 tensors_with_grad=69/72
[train] step 297: T=659 positions=16 loss=0.6717 ce=1.5694 tv=0.3463 conf=1.1670 grad_norm=3.8400 tensors_with_grad=69/72
[train] step 298: T=559 positions=16 loss=0.5319 ce=1.2250 tv=0.2373 conf=0.7167 grad_norm=2.6393 tensors_with_grad=69/72
[train] step 299: T=674 positions=16 loss=1.2110 ce=2.7920 tv=0.5333 conf=0.9553 grad_norm=3.2490 tensors_with_grad=69/72
[train] step 300: T=525 positions=16 loss=0.9780 ce=2.1130 tv=0.4061 conf=0.9076 grad_norm=5.9423 tensors_with_grad=69/72
[train] step 301: T=535 positions=16 loss=0.7470 ce=1.5396 tv=0.3619 conf=0.8653 grad_norm=6.3476 tensors_with_grad=69/72
[train] step 302: T=533 positions=16 loss=0.8231 ce=1.5091 tv=0.3649 conf=0.8415 grad_norm=6.8320 tensors_with_grad=69/72
[train] step 303: T=603 positions=16 loss=0.8822 ce=1.7507 tv=0.3551 conf=0.7358 grad_norm=5.0431 tensors_with_grad=69/72
[train] step 304: T=600 positions=16 loss=0.4311 ce=1.0531 tv=0.2268 conf=0.4219 grad_norm=6.3684 tensors_with_grad=69/72
[train] step 305: T=594 positions=16 loss=0.6253 ce=1.5975 tv=0.3211 conf=0.5738 grad_norm=6.3640 tensors_with_grad=69/72
[train] step 306: T=533 positions=16 loss=0.9607 ce=2.0364 tv=0.4522 conf=0.8895 grad_norm=3.8564 tensors_with_grad=69/72
[train] step 307: T=533 positions=16 loss=0.7322 ce=1.9273 tv=0.2945 conf=1.1238 grad_norm=4.9079 tensors_with_grad=69/72
[train] step 308: T=602 positions=16 loss=0.6691 ce=2.1768 tv=0.2115 conf=0.6883 grad_norm=8.1786 tensors_with_grad=69/72
[train] step 309: T=647 positions=16 loss=0.3199 ce=0.6052 tv=0.1505 conf=0.3040 grad_norm=2.1355 tensors_with_grad=69/72
[train] step 310: T=576 positions=16 loss=0.6288 ce=1.3926 tv=0.2667 conf=0.6616 grad_norm=11.9588 tensors_with_grad=69/72
[train] step 311: T=531 positions=16 loss=0.6317 ce=1.4268 tv=0.2735 conf=0.6252 grad_norm=4.1330 tensors_with_grad=69/72
[train] step 312: T=643 positions=16 loss=0.6006 ce=1.6934 tv=0.2912 conf=1.1311 grad_norm=7.0425 tensors_with_grad=69/72
[train] step 313: T=1335 positions=16 loss=1.2634 ce=3.3897 tv=0.4542 conf=0.9246 grad_norm=3.7304 tensors_with_grad=69/72
[train] step 314: T=538 positions=16 loss=0.5495 ce=1.2763 tv=0.2488 conf=0.7316 grad_norm=7.6401 tensors_with_grad=69/72
[train] step 315: T=605 positions=16 loss=0.4016 ce=0.8671 tv=0.1609 conf=0.5215 grad_norm=6.6278 tensors_with_grad=69/72
[train] step 316: T=554 positions=16 loss=0.9982 ce=1.9891 tv=0.4020 conf=0.8370 grad_norm=4.4583 tensors_with_grad=69/72
[train] step 317: T=912 positions=16 loss=0.9902 ce=2.6638 tv=0.3910 conf=1.1539 grad_norm=4.5502 tensors_with_grad=69/72
[train] step 318: T=525 positions=16 loss=1.1645 ce=2.8995 tv=0.5633 conf=1.0747 grad_norm=3.6584 tensors_with_grad=69/72
[train] step 319: T=530 positions=16 loss=0.8470 ce=2.1743 tv=0.3324 conf=0.6932 grad_norm=7.3020 tensors_with_grad=69/72
[train] step 320: T=638 positions=16 loss=0.8421 ce=1.6249 tv=0.4126 conf=0.7098 grad_norm=4.8323 tensors_with_grad=69/72
[train] step 321: T=547 positions=16 loss=1.1005 ce=2.6977 tv=0.5608 conf=1.4638 grad_norm=5.0119 tensors_with_grad=69/72
[train] step 322: T=675 positions=16 loss=1.0809 ce=2.3314 tv=0.4758 conf=1.0735 grad_norm=6.6283 tensors_with_grad=69/72
[train] step 323: T=563 positions=16 loss=1.1507 ce=2.2554 tv=0.4453 conf=0.9277 grad_norm=5.3155 tensors_with_grad=69/72
[train] step 324: T=626 positions=16 loss=1.0597 ce=2.0830 tv=0.4287 conf=0.9334 grad_norm=5.0702 tensors_with_grad=69/72
[train] step 325: T=673 positions=16 loss=1.2140 ce=3.0761 tv=0.4368 conf=0.8655 grad_norm=5.4526 tensors_with_grad=69/72
[train] step 326: T=535 positions=16 loss=0.2174 ce=0.3988 tv=0.1273 conf=0.5966 grad_norm=1.5452 tensors_with_grad=69/72
[train] step 327: T=534 positions=16 loss=0.2241 ce=0.4551 tv=0.1071 conf=0.4738 grad_norm=6.5967 tensors_with_grad=69/72
[train] step 328: T=546 positions=16 loss=0.7279 ce=1.4721 tv=0.3010 conf=0.8597 grad_norm=3.7429 tensors_with_grad=69/72
[train] step 329: T=539 positions=16 loss=0.5722 ce=1.2768 tv=0.3076 conf=0.8175 grad_norm=2.4654 tensors_with_grad=69/72
[train] step 330: T=608 positions=16 loss=0.8669 ce=2.6712 tv=0.3775 conf=1.2274 grad_norm=6.6105 tensors_with_grad=69/72
[train] step 331: T=648 positions=16 loss=0.7447 ce=1.6562 tv=0.3731 conf=0.6530 grad_norm=5.9410 tensors_with_grad=69/72
[train] step 332: T=529 positions=16 loss=0.6371 ce=1.3797 tv=0.3591 conf=1.9726 grad_norm=2.6570 tensors_with_grad=69/72
[train] step 333: T=580 positions=16 loss=1.2112 ce=2.6427 tv=0.4798 conf=0.9300 grad_norm=8.4815 tensors_with_grad=69/72
[train] step 334: T=544 positions=16 loss=0.9609 ce=1.9822 tv=0.3341 conf=1.1431 grad_norm=7.8031 tensors_with_grad=69/72
[train] step 335: T=527 positions=16 loss=1.2450 ce=2.8389 tv=0.5485 conf=0.9076 grad_norm=9.0780 tensors_with_grad=69/72
[train] step 336: T=567 positions=16 loss=0.9227 ce=2.0805 tv=0.2836 conf=0.5510 grad_norm=3.9346 tensors_with_grad=69/72
[train] step 337: T=672 positions=16 loss=1.1284 ce=2.3756 tv=0.4937 conf=1.3241 grad_norm=7.8859 tensors_with_grad=69/72
[train] step 338: T=589 positions=16 loss=1.0809 ce=2.2447 tv=0.4315 conf=1.0171 grad_norm=5.1017 tensors_with_grad=69/72
[train] step 339: T=620 positions=16 loss=0.9896 ce=2.4092 tv=0.4172 conf=0.9198 grad_norm=3.9559 tensors_with_grad=69/72
[train] step 340: T=533 positions=16 loss=0.5204 ce=0.9705 tv=0.2336 conf=0.7951 grad_norm=5.4627 tensors_with_grad=69/72
[train] step 341: T=1060 positions=16 loss=1.1217 ce=2.6841 tv=0.4196 conf=0.6182 grad_norm=3.7828 tensors_with_grad=69/72
[train] step 342: T=538 positions=16 loss=0.7679 ce=1.9049 tv=0.3929 conf=0.9977 grad_norm=3.0607 tensors_with_grad=69/72
[train] step 343: T=529 positions=16 loss=0.2527 ce=0.5855 tv=0.1340 conf=0.5569 grad_norm=1.9978 tensors_with_grad=69/72
[train] step 344: T=635 positions=16 loss=1.0198 ce=2.2428 tv=0.4714 conf=0.9229 grad_norm=3.2729 tensors_with_grad=69/72
[train] step 345: T=628 positions=16 loss=0.4565 ce=1.3337 tv=0.2847 conf=0.5876 grad_norm=5.7110 tensors_with_grad=69/72
[train] step 346: T=538 positions=16 loss=0.7708 ce=1.5757 tv=0.3569 conf=0.7795 grad_norm=5.8710 tensors_with_grad=69/72
[train] step 347: T=574 positions=16 loss=0.7639 ce=1.9913 tv=0.3686 conf=1.0604 grad_norm=8.7102 tensors_with_grad=69/72
[train] step 348: T=595 positions=16 loss=0.6700 ce=1.8978 tv=0.3622 conf=0.7356 grad_norm=4.7941 tensors_with_grad=69/72
[train] step 349: T=640 positions=16 loss=0.8375 ce=2.1517 tv=0.3806 conf=0.6984 grad_norm=4.8571 tensors_with_grad=69/72
[train] step 350: T=588 positions=16 loss=0.2982 ce=0.5616 tv=0.1355 conf=0.5285 grad_norm=4.2649 tensors_with_grad=69/72
[train] step 351: T=533 positions=16 loss=0.4706 ce=1.0757 tv=0.1686 conf=0.4888 grad_norm=2.5833 tensors_with_grad=69/72
[train] step 352: T=675 positions=16 loss=1.3304 ce=3.4658 tv=0.5347 conf=0.7840 grad_norm=6.1886 tensors_with_grad=69/72
[train] step 353: T=532 positions=16 loss=0.6615 ce=1.2927 tv=0.3004 conf=0.5773 grad_norm=2.6171 tensors_with_grad=69/72
[train] step 354: T=586 positions=16 loss=1.1205 ce=2.9364 tv=0.4320 conf=0.7622 grad_norm=9.9407 tensors_with_grad=69/72
[train] step 355: T=1048 positions=16 loss=1.2644 ce=3.2676 tv=0.3973 conf=0.4873 grad_norm=5.9641 tensors_with_grad=69/72
[train] step 356: T=615 positions=16 loss=0.5742 ce=1.5052 tv=0.2788 conf=0.7020 grad_norm=4.4725 tensors_with_grad=69/72
[train] step 357: T=672 positions=16 loss=0.7845 ce=1.9262 tv=0.3379 conf=0.8141 grad_norm=3.9120 tensors_with_grad=69/72
[train] step 358: T=579 positions=16 loss=1.2457 ce=2.6982 tv=0.4536 conf=0.7389 grad_norm=5.0803 tensors_with_grad=69/72
[train] step 359: T=588 positions=16 loss=0.9066 ce=2.2067 tv=0.4246 conf=0.9277 grad_norm=4.0465 tensors_with_grad=69/72
[train] step 360: T=527 positions=16 loss=0.4312 ce=0.8302 tv=0.1631 conf=0.6778 grad_norm=2.2867 tensors_with_grad=69/72
[train] step 361: T=1060 positions=16 loss=1.4624 ce=3.4610 tv=0.4975 conf=0.8174 grad_norm=4.8155 tensors_with_grad=69/72
[train] step 362: T=629 positions=16 loss=0.6364 ce=1.3252 tv=0.2980 conf=0.7714 grad_norm=7.1938 tensors_with_grad=69/72
[train] step 363: T=529 positions=16 loss=0.8141 ce=1.7836 tv=0.3209 conf=0.8077 grad_norm=4.0566 tensors_with_grad=69/72
[train] step 364: T=629 positions=16 loss=0.3503 ce=0.6743 tv=0.1496 conf=0.4067 grad_norm=2.1752 tensors_with_grad=69/72
[train] step 365: T=621 positions=16 loss=0.4572 ce=1.1029 tv=0.1807 conf=0.6180 grad_norm=4.9427 tensors_with_grad=69/72
[train] step 366: T=591 positions=16 loss=0.5242 ce=1.4543 tv=0.2524 conf=0.5201 grad_norm=3.6432 tensors_with_grad=69/72
[train] step 367: T=604 positions=16 loss=0.7693 ce=1.2692 tv=0.2972 conf=0.7776 grad_norm=6.0406 tensors_with_grad=69/72
[train] step 368: T=673 positions=16 loss=0.4136 ce=1.0486 tv=0.1821 conf=1.7743 grad_norm=4.2057 tensors_with_grad=69/72
[train] step 369: T=531 positions=16 loss=0.8215 ce=2.0142 tv=0.3959 conf=0.6587 grad_norm=3.1912 tensors_with_grad=69/72
[train] step 370: T=539 positions=16 loss=0.2668 ce=0.5831 tv=0.1507 conf=0.4416 grad_norm=2.9763 tensors_with_grad=69/72
[train] step 371: T=676 positions=16 loss=0.9744 ce=2.2693 tv=0.4345 conf=1.1290 grad_norm=6.6250 tensors_with_grad=69/72
[train] step 372: T=966 positions=16 loss=1.8017 ce=4.1056 tv=0.5358 conf=0.8277 grad_norm=11.6858 tensors_with_grad=69/72
[train] step 373: T=638 positions=16 loss=1.0007 ce=1.1998 tv=0.3063 conf=0.8054 grad_norm=7.7188 tensors_with_grad=69/72
[train] step 374: T=539 positions=16 loss=1.1951 ce=2.7233 tv=0.5107 conf=0.9558 grad_norm=4.8438 tensors_with_grad=69/72
[train] step 375: T=543 positions=16 loss=0.5294 ce=0.8326 tv=0.2871 conf=1.0043 grad_norm=3.6851 tensors_with_grad=69/72
[train] step 376: T=544 positions=16 loss=0.3641 ce=0.7016 tv=0.2222 conf=0.7507 grad_norm=4.0377 tensors_with_grad=69/72
[train] step 377: T=532 positions=16 loss=0.4999 ce=1.3021 tv=0.1767 conf=0.7029 grad_norm=2.9780 tensors_with_grad=69/72
[train] step 378: T=536 positions=16 loss=0.3411 ce=0.7117 tv=0.1700 conf=0.5914 grad_norm=3.4056 tensors_with_grad=69/72
[train] step 379: T=553 positions=16 loss=1.0310 ce=1.7746 tv=0.3471 conf=0.7393 grad_norm=5.3061 tensors_with_grad=69/72
[train] step 380: T=651 positions=16 loss=0.8533 ce=1.9560 tv=0.4274 conf=0.7248 grad_norm=2.9050 tensors_with_grad=69/72
[train] step 381: T=573 positions=16 loss=1.9797 ce=5.0386 tv=0.6457 conf=0.5794 grad_norm=6.0563 tensors_with_grad=69/72
[train] step 382: T=549 positions=16 loss=0.9420 ce=1.6823 tv=0.3356 conf=0.4892 grad_norm=3.3885 tensors_with_grad=69/72
[train] step 383: T=573 positions=16 loss=0.7905 ce=1.7093 tv=0.3955 conf=0.6686 grad_norm=6.3461 tensors_with_grad=69/72
[train] step 384: T=534 positions=16 loss=1.0967 ce=2.4799 tv=0.5311 conf=0.9679 grad_norm=4.2965 tensors_with_grad=69/72
[train] step 385: T=548 positions=16 loss=0.9622 ce=2.2569 tv=0.3634 conf=0.6567 grad_norm=4.1885 tensors_with_grad=69/72
[train] step 386: T=588 positions=16 loss=0.9903 ce=2.3173 tv=0.3279 conf=1.4173 grad_norm=4.9467 tensors_with_grad=69/72
[train] step 387: T=654 positions=16 loss=0.8296 ce=1.8326 tv=0.4060 conf=0.9536 grad_norm=4.6479 tensors_with_grad=69/72
[train] step 388: T=536 positions=16 loss=0.9106 ce=1.8833 tv=0.3891 conf=0.8052 grad_norm=10.1293 tensors_with_grad=69/72
[train] step 389: T=959 positions=16 loss=1.6126 ce=4.2501 tv=0.5636 conf=1.1947 grad_norm=6.4078 tensors_with_grad=69/72
[train] step 390: T=532 positions=16 loss=0.7143 ce=1.4896 tv=0.3015 conf=0.8147 grad_norm=9.5281 tensors_with_grad=69/72
[train] step 391: T=654 positions=16 loss=0.8931 ce=1.8118 tv=0.4486 conf=0.9417 grad_norm=7.4460 tensors_with_grad=69/72
[train] step 392: T=627 positions=16 loss=0.7863 ce=1.3242 tv=0.2443 conf=1.0998 grad_norm=7.0267 tensors_with_grad=69/72
[train] step 393: T=531 positions=16 loss=0.6691 ce=1.3204 tv=0.3739 conf=1.0133 grad_norm=4.7233 tensors_with_grad=69/72
[train] step 394: T=614 positions=16 loss=0.5371 ce=0.9034 tv=0.3016 conf=0.9416 grad_norm=5.8510 tensors_with_grad=69/72
[train] step 395: T=530 positions=16 loss=1.3273 ce=2.6028 tv=0.4815 conf=0.6840 grad_norm=4.3115 tensors_with_grad=69/72
[train] step 396: T=545 positions=16 loss=0.8019 ce=1.6661 tv=0.3364 conf=0.9764 grad_norm=6.5761 tensors_with_grad=69/72
[train] step 397: T=605 positions=16 loss=0.7772 ce=2.0300 tv=0.3678 conf=1.0061 grad_norm=7.5212 tensors_with_grad=69/72
[train] step 398: T=529 positions=16 loss=0.9539 ce=2.6971 tv=0.4571 conf=1.0376 grad_norm=3.7360 tensors_with_grad=69/72
[train] step 399: T=1075 positions=16 loss=1.1817 ce=2.7366 tv=0.3357 conf=0.9602 grad_norm=5.4539 tensors_with_grad=69/72
[train] step 400: T=1443 positions=16 loss=1.5429 ce=4.3450 tv=0.5212 conf=1.0758 grad_norm=7.7085 tensors_with_grad=69/72
[train] step 401: T=535 positions=16 loss=1.4935 ce=3.1904 tv=0.5916 conf=0.9871 grad_norm=6.3107 tensors_with_grad=69/72
[train] step 402: T=594 positions=16 loss=0.5140 ce=0.7251 tv=0.2588 conf=0.6689 grad_norm=4.9433 tensors_with_grad=69/72
[train] step 403: T=886 positions=16 loss=1.4213 ce=3.4145 tv=0.4177 conf=0.7092 grad_norm=4.7734 tensors_with_grad=69/72
[train] step 404: T=532 positions=16 loss=0.9437 ce=2.0569 tv=0.4185 conf=0.9199 grad_norm=4.2475 tensors_with_grad=69/72
[train] step 405: T=560 positions=16 loss=0.8108 ce=1.9309 tv=0.3493 conf=1.2852 grad_norm=4.8158 tensors_with_grad=69/72
[train] step 406: T=597 positions=16 loss=0.9546 ce=2.1214 tv=0.3755 conf=1.0296 grad_norm=6.7168 tensors_with_grad=69/72
[train] step 407: T=536 positions=16 loss=0.2827 ce=0.3465 tv=0.1342 conf=0.4089 grad_norm=2.9519 tensors_with_grad=69/72
[train] step 408: T=578 positions=16 loss=0.3345 ce=0.5574 tv=0.2051 conf=1.6586 grad_norm=5.9574 tensors_with_grad=69/72
[train] step 409: T=675 positions=16 loss=0.5144 ce=1.0915 tv=0.2439 conf=0.8450 grad_norm=5.6941 tensors_with_grad=69/72
[train] step 410: T=672 positions=16 loss=1.3245 ce=3.0459 tv=0.5591 conf=1.1937 grad_norm=4.5073 tensors_with_grad=69/72
[train] step 411: T=529 positions=16 loss=0.5572 ce=0.9102 tv=0.2632 conf=1.2445 grad_norm=4.9684 tensors_with_grad=69/72
[train] step 412: T=676 positions=16 loss=0.6139 ce=1.1137 tv=0.3153 conf=1.1535 grad_norm=9.0306 tensors_with_grad=69/72
[train] step 413: T=555 positions=16 loss=0.5845 ce=1.2660 tv=0.2043 conf=0.6423 grad_norm=3.2787 tensors_with_grad=69/72
[train] step 414: T=1244 positions=16 loss=1.3854 ce=3.6506 tv=0.4325 conf=1.3489 grad_norm=3.5589 tensors_with_grad=69/72
[train] step 415: T=549 positions=16 loss=1.5251 ce=2.8126 tv=0.5828 conf=1.1173 grad_norm=5.0754 tensors_with_grad=69/72
[train] step 416: T=599 positions=16 loss=0.5864 ce=1.6171 tv=0.3363 conf=1.0208 grad_norm=5.2710 tensors_with_grad=69/72
[train] step 417: T=526 positions=16 loss=0.7590 ce=1.7798 tv=0.3551 conf=0.9428 grad_norm=8.3883 tensors_with_grad=69/72
[train] step 418: T=576 positions=16 loss=1.6287 ce=3.2740 tv=0.5273 conf=1.3200 grad_norm=4.8020 tensors_with_grad=69/72
[train] step 419: T=542 positions=16 loss=0.6209 ce=1.6832 tv=0.3136 conf=0.8912 grad_norm=3.9275 tensors_with_grad=69/72
[train] step 420: T=537 positions=16 loss=0.1383 ce=0.2255 tv=0.0840 conf=0.6358 grad_norm=2.4058 tensors_with_grad=69/72
[train] step 421: T=536 positions=16 loss=0.2676 ce=0.6898 tv=0.1594 conf=0.5253 grad_norm=2.8491 tensors_with_grad=69/72
[train] step 422: T=543 positions=16 loss=0.2520 ce=0.7402 tv=0.1617 conf=0.4994 grad_norm=2.7084 tensors_with_grad=69/72
[train] step 423: T=573 positions=16 loss=1.2212 ce=2.4751 tv=0.4204 conf=0.7566 grad_norm=5.9032 tensors_with_grad=69/72
[train] step 424: T=928 positions=16 loss=0.9395 ce=2.4758 tv=0.3902 conf=0.8920 grad_norm=4.4182 tensors_with_grad=69/72
[train] step 425: T=979 positions=16 loss=1.6998 ce=3.5997 tv=0.5412 conf=1.2023 grad_norm=7.3583 tensors_with_grad=69/72
[train] step 426: T=542 positions=16 loss=0.2362 ce=0.6396 tv=0.1765 conf=0.8526 grad_norm=3.5326 tensors_with_grad=69/72
[train] step 427: T=525 positions=16 loss=0.9155 ce=1.3367 tv=0.3375 conf=0.7904 grad_norm=9.8150 tensors_with_grad=69/72
[train] step 428: T=1286 positions=16 loss=1.0345 ce=2.6270 tv=0.3890 conf=1.1150 grad_norm=2.4665 tensors_with_grad=69/72
[train] step 429: T=538 positions=16 loss=0.3016 ce=0.4271 tv=0.1482 conf=0.4401 grad_norm=2.9678 tensors_with_grad=69/72
[train] step 430: T=541 positions=16 loss=0.9011 ce=2.4696 tv=0.3555 conf=0.8015 grad_norm=6.0091 tensors_with_grad=69/72
[train] step 431: T=537 positions=16 loss=0.8887 ce=1.8663 tv=0.3974 conf=1.4206 grad_norm=6.1096 tensors_with_grad=69/72
[train] step 432: T=550 positions=16 loss=0.5368 ce=0.9972 tv=0.2607 conf=0.5856 grad_norm=4.8330 tensors_with_grad=69/72
[train] step 433: T=568 positions=16 loss=1.0855 ce=3.4501 tv=0.4112 conf=1.2910 grad_norm=6.6385 tensors_with_grad=69/72
[train] step 434: T=524 positions=16 loss=1.4519 ce=2.8918 tv=0.5576 conf=0.7457 grad_norm=6.3571 tensors_with_grad=69/72
[train] step 435: T=601 positions=16 loss=0.3024 ce=0.7274 tv=0.1582 conf=0.7103 grad_norm=5.2358 tensors_with_grad=69/72
[train] step 436: T=530 positions=16 loss=0.6018 ce=1.3520 tv=0.2816 conf=1.0737 grad_norm=9.2455 tensors_with_grad=69/72
[train] step 437: T=525 positions=16 loss=0.5989 ce=1.5422 tv=0.3466 conf=1.0933 grad_norm=4.8665 tensors_with_grad=69/72
[train] step 438: T=526 positions=16 loss=1.4258 ce=2.8501 tv=0.5430 conf=1.1989 grad_norm=8.2726 tensors_with_grad=69/72
[train] step 439: T=584 positions=16 loss=0.3545 ce=0.7672 tv=0.1565 conf=0.4335 grad_norm=2.0568 tensors_with_grad=69/72
[train] step 440: T=1681 positions=16 loss=1.6236 ce=4.0373 tv=0.4681 conf=1.9507 grad_norm=5.1989 tensors_with_grad=69/72
[train] step 441: T=532 positions=16 loss=0.6728 ce=1.5145 tv=0.2914 conf=0.8785 grad_norm=3.3795 tensors_with_grad=69/72
[train] step 442: T=535 positions=16 loss=0.6807 ce=1.3870 tv=0.2480 conf=0.6839 grad_norm=4.0024 tensors_with_grad=69/72
[train] step 443: T=1305 positions=16 loss=1.8857 ce=4.2241 tv=0.5235 conf=0.8539 grad_norm=6.5341 tensors_with_grad=69/72
[train] step 444: T=545 positions=16 loss=0.7505 ce=1.4530 tv=0.3371 conf=0.7443 grad_norm=11.6388 tensors_with_grad=69/72
[train] step 445: T=537 positions=16 loss=0.6713 ce=1.4920 tv=0.3106 conf=0.8026 grad_norm=4.1099 tensors_with_grad=69/72
[train] step 446: T=963 positions=16 loss=1.3050 ce=3.1952 tv=0.3793 conf=1.0513 grad_norm=4.7626 tensors_with_grad=69/72
[train] step 447: T=539 positions=16 loss=0.5339 ce=0.9338 tv=0.1945 conf=0.9939 grad_norm=4.6048 tensors_with_grad=69/72
[train] step 448: T=653 positions=16 loss=1.5110 ce=3.2356 tv=0.6022 conf=2.1522 grad_norm=5.0740 tensors_with_grad=69/72
[train] step 449: T=528 positions=16 loss=0.5870 ce=1.1172 tv=0.2378 conf=0.6479 grad_norm=4.2883 tensors_with_grad=69/72
[train] step 450: T=599 positions=16 loss=0.9133 ce=1.9859 tv=0.3755 conf=1.0576 grad_norm=4.9881 tensors_with_grad=69/72
[train] step 451: T=543 positions=16 loss=0.5956 ce=1.0625 tv=0.2334 conf=1.0911 grad_norm=3.5045 tensors_with_grad=69/72
[train] step 452: T=532 positions=16 loss=0.6917 ce=1.5952 tv=0.2788 conf=0.9378 grad_norm=4.2614 tensors_with_grad=69/72
[train] step 453: T=1026 positions=16 loss=1.5770 ce=3.4046 tv=0.5681 conf=1.6214 grad_norm=7.8647 tensors_with_grad=69/72
[train] step 454: T=577 positions=16 loss=0.9252 ce=1.7580 tv=0.4399 conf=1.1328 grad_norm=5.7040 tensors_with_grad=69/72
[train] step 455: T=1744 positions=16 loss=1.8298 ce=4.4857 tv=0.5648 conf=1.5760 grad_norm=7.8113 tensors_with_grad=69/72
[train] step 456: T=643 positions=16 loss=0.3589 ce=0.6521 tv=0.1536 conf=0.4875 grad_norm=1.9128 tensors_with_grad=69/72
[train] step 457: T=678 positions=16 loss=0.9186 ce=1.9019 tv=0.3991 conf=1.8189 grad_norm=6.7042 tensors_with_grad=69/72
[train] step 458: T=534 positions=16 loss=1.1202 ce=2.5380 tv=0.4787 conf=1.7137 grad_norm=4.0360 tensors_with_grad=69/72
[train] step 459: T=561 positions=16 loss=0.4482 ce=0.9510 tv=0.2187 conf=1.4425 grad_norm=5.4289 tensors_with_grad=69/72
[train] step 460: T=529 positions=16 loss=0.8343 ce=1.9378 tv=0.4272 conf=1.0098 grad_norm=3.1781 tensors_with_grad=69/72
[train] step 461: T=618 positions=16 loss=0.2575 ce=0.5909 tv=0.1251 conf=0.3831 grad_norm=2.4133 tensors_with_grad=69/72
[train] step 462: T=592 positions=16 loss=1.1172 ce=2.1140 tv=0.4082 conf=0.9883 grad_norm=3.4572 tensors_with_grad=69/72
[train] step 463: T=538 positions=16 loss=0.7333 ce=1.0452 tv=0.2547 conf=0.9193 grad_norm=6.9129 tensors_with_grad=69/72
[train] step 464: T=524 positions=16 loss=0.9062 ce=1.6017 tv=0.3984 conf=1.0336 grad_norm=4.1595 tensors_with_grad=69/72
[train] step 465: T=639 positions=16 loss=0.6572 ce=2.2663 tv=0.2820 conf=0.8764 grad_norm=6.9954 tensors_with_grad=69/72
[train] step 466: T=574 positions=16 loss=0.2956 ce=0.9632 tv=0.2108 conf=0.8619 grad_norm=3.3651 tensors_with_grad=69/72
[train] step 467: T=595 positions=16 loss=0.3956 ce=0.7103 tv=0.1532 conf=0.5245 grad_norm=5.0110 tensors_with_grad=69/72
[train] step 468: T=529 positions=16 loss=1.0076 ce=2.3874 tv=0.3572 conf=1.2722 grad_norm=5.4656 tensors_with_grad=69/72
[train] step 469: T=530 positions=16 loss=0.8710 ce=2.0806 tv=0.3379 conf=0.5336 grad_norm=4.8890 tensors_with_grad=69/72
[train] step 470: T=526 positions=16 loss=0.9926 ce=1.8843 tv=0.4366 conf=0.6032 grad_norm=3.8582 tensors_with_grad=69/72
[train] step 471: T=541 positions=16 loss=0.9945 ce=2.7644 tv=0.3238 conf=0.7752 grad_norm=13.3079 tensors_with_grad=69/72
[train] step 472: T=672 positions=16 loss=1.0036 ce=2.2123 tv=0.3520 conf=0.6605 grad_norm=4.7688 tensors_with_grad=69/72
[train] step 473: T=1079 positions=16 loss=1.2719 ce=3.0675 tv=0.4262 conf=1.2526 grad_norm=5.1917 tensors_with_grad=69/72
[train] step 474: T=529 positions=16 loss=0.9048 ce=1.7360 tv=0.3849 conf=1.0290 grad_norm=5.0164 tensors_with_grad=69/72
[train] step 475: T=544 positions=16 loss=0.5751 ce=1.1152 tv=0.2924 conf=0.8274 grad_norm=3.4342 tensors_with_grad=69/72
[train] step 476: T=1567 positions=16 loss=1.3427 ce=3.1311 tv=0.4047 conf=0.7471 grad_norm=2.7486 tensors_with_grad=69/72
[train] step 477: T=533 positions=16 loss=1.2028 ce=2.5256 tv=0.5418 conf=1.2320 grad_norm=8.7281 tensors_with_grad=69/72
[train] step 478: T=1190 positions=16 loss=1.5699 ce=3.8457 tv=0.4525 conf=0.8365 grad_norm=4.5092 tensors_with_grad=69/72
[train] step 479: T=541 positions=16 loss=0.2324 ce=0.3879 tv=0.1046 conf=0.2142 grad_norm=2.2306 tensors_with_grad=69/72
[train] step 480: T=1679 positions=16 loss=1.4933 ce=3.6719 tv=0.4740 conf=1.7707 grad_norm=3.4674 tensors_with_grad=69/72
[train] step 481: T=526 positions=16 loss=0.8940 ce=2.0537 tv=0.4573 conf=1.0815 grad_norm=3.3745 tensors_with_grad=69/72
[train] step 482: T=636 positions=16 loss=1.1059 ce=1.8269 tv=0.4490 conf=0.9046 grad_norm=5.4415 tensors_with_grad=69/72
[train] step 483: T=545 positions=16 loss=0.7960 ce=1.6122 tv=0.3130 conf=0.4064 grad_norm=4.0791 tensors_with_grad=69/72
[train] step 484: T=531 positions=16 loss=0.5010 ce=1.2614 tv=0.2674 conf=0.7484 grad_norm=2.7866 tensors_with_grad=69/72
[train] step 485: T=528 positions=16 loss=0.4287 ce=1.1274 tv=0.2072 conf=0.7898 grad_norm=2.6178 tensors_with_grad=69/72
[train] step 486: T=605 positions=16 loss=1.0907 ce=2.5147 tv=0.3721 conf=0.7065 grad_norm=4.4667 tensors_with_grad=69/72
[train] step 487: T=527 positions=16 loss=0.4971 ce=1.3826 tv=0.1903 conf=0.5305 grad_norm=2.5734 tensors_with_grad=69/72
[train] step 488: T=545 positions=16 loss=0.2579 ce=0.5633 tv=0.1310 conf=0.4068 grad_norm=1.4564 tensors_with_grad=69/72
[train] step 489: T=595 positions=16 loss=0.9922 ce=2.1647 tv=0.4409 conf=0.8458 grad_norm=6.4543 tensors_with_grad=69/72
[train] step 490: T=525 positions=16 loss=1.0523 ce=1.9042 tv=0.4406 conf=0.5794 grad_norm=5.6501 tensors_with_grad=69/72
[diag] draft-argmax == TARGET-argmax : 60.2%  | == ground-truth token: 59.2%
[diag] mean top-1 prob  target 0.842  draft 0.722   (TV near 1 with a PEAKED draft => misalignment; with a FLAT draft => genuine)
[train] saved 72 trained tensors -> /cap/s3recap-p25b-p2-b0.2/c0/trained/mtp_trained.safetensors
[train] saved AdamW state -> /cap/s3recap-p25b-p2-b0.2/c0/trained/opt_state.pt (needed for --resume to be equivalent to one continuous run)
[train] metrics -> /cap/s3recap-p25b-p2-b0.2/c0/train_metrics.json  (loss 1.6274 -> 1.0523, tail mean 0.8894)
[train] TRAIN OK
