[train] device=cuda torch=2.10.0
  loading model-00046-of-00048.safetensors ...
  loading model-00047-of-00048.safetensors ...
  loading model-00048-of-00048.safetensors ...
  dequantised 1512 tensors, 12.60 B params, 23.5 GiB bf16
[train] weights ready in 11.0s
[train] trainable 517.3 M in 72 tensors | frozen experts 12.08 B
[train] capture: 491 sample(s)
[Gloo] Rank 0 is connected to 0 peer ranks. Expected number of connected peer ranks is : 0
[train] ModelArgs: n_mtp=3 block=5 taps=[40, 41, 42] markov_rank=256
[train] built 3 DSparkBlock(s) on meta
[train] re-materialised freqs_cis on 3 attention module(s) (persistent=False buffers are NOT in state_dict and to_empty() zapped them)
[train] load_state_dict: 0 missing, 0 unexpected
[train] GATE1 model construction OK
[train] aux: embed.weight(129280, 4096), head.weight(129280, 4096)
[train] trainable tensors in graph: 72 / 517.3 M
[train] resumed 72/72 trained tensors from /cap/s3recap-conf1.0/c0/trained/mtp_trained.safetensors
[train] resumed AdamW state: 69/72 tensors carry moments (3 never received a gradient, expected), indices aligned
[train] P2.5 anchor: frozen copy of 3 block(s), beta=0.1
[train] lr schedule: linear warmup 73 step(s) -> cosine over 1472 session step(s), peak 5e-05; this chunk is steps 491..981
/work/train/train_head.py:115: UserWarning: Converting a tensor with requires_grad=True to a scalar may lead to unexpected behavior.
Consider using tensor.detach() first. (Triggered internally at /opt/pytorch/torch/csrc/autograd/generated/python_variable_methods.cpp:836.)
  parts = {"ce": float((w * ce).sum()), "tv": float((w * tv).sum()), "conf": 0.0}
[train] step 0: T=675 positions=16 loss=2.2933 ce=4.6068 tv=0.5220 conf=0.4483 grad_norm=18.7707 tensors_with_grad=69/72
[train] step 1: T=593 positions=16 loss=0.8303 ce=1.9037 tv=0.2142 conf=0.7125 grad_norm=8.5669 tensors_with_grad=69/72
[train] step 2: T=984 positions=16 loss=2.2585 ce=5.2178 tv=0.4805 conf=0.6416 grad_norm=12.8794 tensors_with_grad=69/72
[train] step 3: T=672 positions=16 loss=1.7349 ce=3.5620 tv=0.4107 conf=0.4638 grad_norm=16.9000 tensors_with_grad=69/72
[train] step 4: T=675 positions=16 loss=1.7118 ce=3.8033 tv=0.4152 conf=0.4282 grad_norm=10.4838 tensors_with_grad=69/72
[train] step 5: T=1257 positions=16 loss=2.8907 ce=6.7024 tv=0.5845 conf=0.4270 grad_norm=17.1719 tensors_with_grad=69/72
[train] step 6: T=673 positions=16 loss=2.6525 ce=6.1618 tv=0.6920 conf=0.4406 grad_norm=14.0657 tensors_with_grad=69/72
[train] step 7: T=535 positions=16 loss=0.6893 ce=1.9711 tv=0.2723 conf=0.4789 grad_norm=5.5530 tensors_with_grad=69/72
[train] step 8: T=608 positions=16 loss=1.9107 ce=4.4772 tv=0.5045 conf=0.5306 grad_norm=8.9931 tensors_with_grad=69/72
[train] step 9: T=524 positions=16 loss=2.8620 ce=6.1614 tv=0.7279 conf=0.4522 grad_norm=14.8140 tensors_with_grad=69/72
[train] step 10: T=629 positions=16 loss=1.1617 ce=3.1284 tv=0.3796 conf=0.4299 grad_norm=7.8856 tensors_with_grad=69/72
[train] step 11: T=533 positions=16 loss=1.0953 ce=2.5920 tv=0.3865 conf=0.4152 grad_norm=8.0305 tensors_with_grad=69/72
[train] step 12: T=524 positions=16 loss=2.3382 ce=4.9718 tv=0.6721 conf=0.5565 grad_norm=11.0941 tensors_with_grad=69/72
[train] step 13: T=672 positions=16 loss=1.6023 ce=4.0534 tv=0.5392 conf=0.4326 grad_norm=7.7410 tensors_with_grad=69/72
[train] step 14: T=597 positions=16 loss=0.8826 ce=2.1925 tv=0.3004 conf=0.4013 grad_norm=9.5220 tensors_with_grad=69/72
[train] step 15: T=605 positions=16 loss=1.7935 ce=3.5536 tv=0.5146 conf=0.5888 grad_norm=16.1771 tensors_with_grad=69/72
[train] step 16: T=672 positions=16 loss=2.3528 ce=5.7576 tv=0.6349 conf=0.4517 grad_norm=10.1199 tensors_with_grad=69/72
[train] step 17: T=524 positions=16 loss=1.6684 ce=4.0568 tv=0.5463 conf=0.5280 grad_norm=13.2775 tensors_with_grad=69/72
[train] step 18: T=533 positions=16 loss=0.5454 ce=1.4734 tv=0.1993 conf=0.1883 grad_norm=3.5944 tensors_with_grad=69/72
[train] step 19: T=609 positions=16 loss=1.9356 ce=4.5395 tv=0.5374 conf=0.4934 grad_norm=14.3749 tensors_with_grad=69/72
[train] step 20: T=622 positions=16 loss=1.8164 ce=5.3828 tv=0.4770 conf=0.4908 grad_norm=13.5044 tensors_with_grad=69/72
[train] step 21: T=932 positions=16 loss=2.2274 ce=4.6387 tv=0.5495 conf=0.5294 grad_norm=27.4086 tensors_with_grad=69/72
[train] step 22: T=529 positions=16 loss=1.8996 ce=4.8886 tv=0.5028 conf=0.4075 grad_norm=13.9440 tensors_with_grad=69/72
[train] step 23: T=677 positions=16 loss=1.9972 ce=5.0079 tv=0.6052 conf=0.4161 grad_norm=8.9823 tensors_with_grad=69/72
[train] step 24: T=1210 positions=16 loss=2.5051 ce=7.6220 tv=0.5792 conf=0.4088 grad_norm=15.1745 tensors_with_grad=69/72
[train] step 25: T=533 positions=16 loss=1.3126 ce=3.0274 tv=0.3330 conf=0.4506 grad_norm=12.8085 tensors_with_grad=69/72
[train] step 26: T=618 positions=16 loss=1.2436 ce=2.9425 tv=0.4210 conf=0.6251 grad_norm=18.1105 tensors_with_grad=69/72
[train] step 27: T=530 positions=16 loss=1.5548 ce=4.2300 tv=0.3729 conf=0.5449 grad_norm=10.4940 tensors_with_grad=69/72
[train] step 28: T=527 positions=16 loss=1.4860 ce=3.2525 tv=0.4982 conf=0.5619 grad_norm=15.7993 tensors_with_grad=69/72
[train] step 29: T=924 positions=16 loss=1.9319 ce=4.4892 tv=0.5334 conf=0.3508 grad_norm=13.6852 tensors_with_grad=69/72
[train] step 30: T=550 positions=16 loss=2.1506 ce=5.3678 tv=0.6199 conf=0.4729 grad_norm=8.8642 tensors_with_grad=69/72
[train] step 31: T=653 positions=16 loss=2.2493 ce=5.9574 tv=0.6171 conf=0.4986 grad_norm=18.9031 tensors_with_grad=69/72
[train] step 32: T=659 positions=16 loss=1.2675 ce=3.2698 tv=0.4030 conf=0.5121 grad_norm=18.2211 tensors_with_grad=69/72
[train] step 33: T=535 positions=16 loss=0.7002 ce=1.5421 tv=0.2656 conf=0.5257 grad_norm=5.6110 tensors_with_grad=69/72
[train] step 34: T=675 positions=16 loss=2.0138 ce=4.9857 tv=0.6136 conf=0.3194 grad_norm=12.5349 tensors_with_grad=69/72
[train] step 35: T=624 positions=16 loss=1.1788 ce=3.6613 tv=0.3779 conf=0.4967 grad_norm=6.5396 tensors_with_grad=69/72
[train] step 36: T=634 positions=16 loss=1.8511 ce=4.8510 tv=0.5410 conf=0.4393 grad_norm=9.5405 tensors_with_grad=69/72
[train] step 37: T=547 positions=16 loss=1.6876 ce=3.9879 tv=0.4966 conf=0.5098 grad_norm=12.9429 tensors_with_grad=69/72
[train] step 38: T=536 positions=16 loss=1.1187 ce=2.5697 tv=0.3819 conf=0.5646 grad_norm=10.1782 tensors_with_grad=69/72
[train] step 39: T=672 positions=16 loss=0.5667 ce=1.2161 tv=0.2035 conf=0.3342 grad_norm=7.0889 tensors_with_grad=69/72
[train] step 40: T=673 positions=16 loss=0.8959 ce=2.1549 tv=0.3154 conf=0.4728 grad_norm=5.6468 tensors_with_grad=69/72
[train] step 41: T=574 positions=16 loss=2.9509 ce=7.0982 tv=0.6705 conf=0.5711 grad_norm=22.7052 tensors_with_grad=69/72
[train] step 42: T=673 positions=16 loss=2.0967 ce=4.7636 tv=0.6014 conf=0.5543 grad_norm=13.7528 tensors_with_grad=69/72
[train] step 43: T=1093 positions=16 loss=2.6145 ce=6.6163 tv=0.5973 conf=0.4394 grad_norm=13.4737 tensors_with_grad=69/72
[train] step 44: T=572 positions=16 loss=2.0718 ce=4.8576 tv=0.5652 conf=0.5804 grad_norm=14.4876 tensors_with_grad=69/72
[train] step 45: T=607 positions=16 loss=1.4279 ce=3.7948 tv=0.4040 conf=0.4623 grad_norm=8.5882 tensors_with_grad=69/72
[train] step 46: T=604 positions=16 loss=1.2517 ce=2.7828 tv=0.3686 conf=0.5027 grad_norm=8.6217 tensors_with_grad=69/72
[train] step 47: T=674 positions=16 loss=1.3517 ce=4.0782 tv=0.3651 conf=0.3599 grad_norm=9.5920 tensors_with_grad=69/72
[train] step 48: T=529 positions=16 loss=2.0777 ce=5.2865 tv=0.5308 conf=0.5633 grad_norm=8.6836 tensors_with_grad=69/72
[train] step 49: T=674 positions=16 loss=0.9022 ce=2.1743 tv=0.3113 conf=0.3595 grad_norm=9.7342 tensors_with_grad=69/72
[train] step 50: T=983 positions=16 loss=1.5911 ce=4.2438 tv=0.4011 conf=0.4002 grad_norm=9.0771 tensors_with_grad=69/72
[train] step 51: T=531 positions=16 loss=1.3658 ce=2.5671 tv=0.3492 conf=0.5130 grad_norm=13.6721 tensors_with_grad=69/72
[train] step 52: T=643 positions=16 loss=2.0521 ce=4.5913 tv=0.5693 conf=0.6971 grad_norm=20.4737 tensors_with_grad=69/72
[train] step 53: T=672 positions=16 loss=1.2907 ce=3.0440 tv=0.3856 conf=0.4931 grad_norm=18.4471 tensors_with_grad=69/72
[train] step 54: T=577 positions=16 loss=1.1787 ce=2.6631 tv=0.3620 conf=0.5248 grad_norm=9.7780 tensors_with_grad=69/72
[train] step 55: T=540 positions=16 loss=1.1362 ce=2.7472 tv=0.3683 conf=0.4465 grad_norm=9.9048 tensors_with_grad=69/72
[train] step 56: T=1793 positions=16 loss=2.5938 ce=6.7221 tv=0.6022 conf=0.3732 grad_norm=16.0676 tensors_with_grad=69/72
[train] step 57: T=1349 positions=16 loss=2.3616 ce=6.0432 tv=0.6267 conf=0.3127 grad_norm=16.1621 tensors_with_grad=69/72
[train] step 58: T=658 positions=16 loss=1.6732 ce=3.7206 tv=0.5114 conf=0.6670 grad_norm=18.8993 tensors_with_grad=69/72
[train] step 59: T=537 positions=16 loss=1.8180 ce=4.5422 tv=0.5033 conf=0.5470 grad_norm=12.4657 tensors_with_grad=69/72
[train] step 60: T=532 positions=16 loss=1.0266 ce=2.1323 tv=0.3516 conf=0.4987 grad_norm=5.8502 tensors_with_grad=69/72
[train] step 61: T=591 positions=16 loss=1.5128 ce=3.8251 tv=0.3389 conf=0.3379 grad_norm=13.7336 tensors_with_grad=69/72
[train] step 62: T=525 positions=16 loss=1.9344 ce=4.7281 tv=0.5664 conf=0.4333 grad_norm=10.5027 tensors_with_grad=69/72
[train] step 63: T=526 positions=16 loss=0.8932 ce=1.9720 tv=0.3348 conf=0.4058 grad_norm=7.9379 tensors_with_grad=69/72
[train] step 64: T=588 positions=16 loss=0.5249 ce=1.1876 tv=0.1738 conf=0.6421 grad_norm=5.2754 tensors_with_grad=69/72
[train] step 65: T=605 positions=16 loss=0.4668 ce=0.8654 tv=0.1760 conf=0.3435 grad_norm=7.8753 tensors_with_grad=69/72
[train] step 66: T=532 positions=16 loss=1.0080 ce=2.0346 tv=0.2765 conf=0.5091 grad_norm=6.1049 tensors_with_grad=69/72
[train] step 67: T=980 positions=16 loss=2.7835 ce=6.6115 tv=0.6543 conf=0.3501 grad_norm=19.9026 tensors_with_grad=69/72
[train] step 68: T=533 positions=16 loss=2.8974 ce=7.2611 tv=0.6377 conf=0.6233 grad_norm=16.7551 tensors_with_grad=69/72
[train] step 69: T=563 positions=16 loss=0.5641 ce=1.1423 tv=0.2129 conf=0.5388 grad_norm=16.5489 tensors_with_grad=69/72
[train] step 70: T=532 positions=16 loss=1.0378 ce=2.6381 tv=0.3167 conf=0.4070 grad_norm=6.8244 tensors_with_grad=69/72
[train] step 71: T=584 positions=16 loss=1.5478 ce=3.3408 tv=0.4653 conf=0.4989 grad_norm=7.5407 tensors_with_grad=69/72
[train] step 72: T=534 positions=16 loss=1.8297 ce=4.8177 tv=0.3663 conf=0.4087 grad_norm=23.9215 tensors_with_grad=69/72
[train] step 73: T=528 positions=16 loss=1.7481 ce=3.5854 tv=0.5188 conf=0.6040 grad_norm=10.4961 tensors_with_grad=69/72
[train] step 74: T=539 positions=16 loss=0.6564 ce=1.7002 tv=0.2266 conf=0.5845 grad_norm=6.4041 tensors_with_grad=69/72
[train] step 75: T=650 positions=16 loss=0.8949 ce=2.5178 tv=0.1768 conf=0.4167 grad_norm=8.4505 tensors_with_grad=69/72
[train] step 76: T=550 positions=16 loss=1.2097 ce=2.6868 tv=0.3839 conf=0.4964 grad_norm=11.7694 tensors_with_grad=69/72
[train] step 77: T=676 positions=16 loss=1.9611 ce=4.3427 tv=0.4951 conf=0.5583 grad_norm=13.0420 tensors_with_grad=69/72
[train] step 78: T=676 positions=16 loss=1.8782 ce=4.3709 tv=0.4755 conf=0.4957 grad_norm=15.3293 tensors_with_grad=69/72
[train] step 79: T=530 positions=16 loss=1.8828 ce=4.2743 tv=0.5067 conf=0.4408 grad_norm=11.0440 tensors_with_grad=69/72
[train] step 80: T=576 positions=16 loss=2.5904 ce=6.1384 tv=0.6265 conf=0.5150 grad_norm=17.4872 tensors_with_grad=69/72
[train] step 81: T=598 positions=16 loss=1.3121 ce=2.6622 tv=0.3987 conf=0.7120 grad_norm=26.4347 tensors_with_grad=69/72
[train] step 82: T=531 positions=16 loss=0.9225 ce=2.0287 tv=0.2957 conf=0.5142 grad_norm=7.0356 tensors_with_grad=69/72
[train] step 83: T=1060 positions=16 loss=3.0638 ce=6.2338 tv=0.6081 conf=0.5002 grad_norm=23.0303 tensors_with_grad=69/72
[train] step 84: T=563 positions=16 loss=1.3585 ce=3.5968 tv=0.3956 conf=0.4574 grad_norm=8.7423 tensors_with_grad=69/72
[train] step 85: T=644 positions=16 loss=0.3442 ce=0.8258 tv=0.1494 conf=0.3279 grad_norm=5.1148 tensors_with_grad=69/72
[train] step 86: T=621 positions=16 loss=0.8470 ce=2.2616 tv=0.2484 conf=0.4106 grad_norm=4.8713 tensors_with_grad=69/72
[train] step 87: T=641 positions=16 loss=1.2287 ce=2.9300 tv=0.3493 conf=0.3898 grad_norm=8.6398 tensors_with_grad=69/72
[train] step 88: T=528 positions=16 loss=0.6226 ce=1.3654 tv=0.1508 conf=0.8166 grad_norm=5.6807 tensors_with_grad=69/72
[train] step 89: T=602 positions=16 loss=1.8581 ce=4.1424 tv=0.4875 conf=0.4505 grad_norm=13.0248 tensors_with_grad=69/72
[train] step 90: T=538 positions=16 loss=1.8644 ce=4.8815 tv=0.4731 conf=0.4836 grad_norm=11.8729 tensors_with_grad=69/72
[train] step 91: T=538 positions=16 loss=0.3149 ce=0.3093 tv=0.0949 conf=0.4948 grad_norm=24.9967 tensors_with_grad=69/72
[train] step 92: T=542 positions=16 loss=0.6744 ce=1.6192 tv=0.2627 conf=0.4282 grad_norm=7.6525 tensors_with_grad=69/72
[train] step 93: T=673 positions=16 loss=1.9131 ce=4.0403 tv=0.5459 conf=0.6539 grad_norm=20.8597 tensors_with_grad=69/72
[train] step 94: T=597 positions=16 loss=1.3151 ce=3.3393 tv=0.3621 conf=0.3798 grad_norm=9.8038 tensors_with_grad=69/72
[train] step 95: T=537 positions=16 loss=1.0334 ce=2.3491 tv=0.2891 conf=0.6096 grad_norm=10.6129 tensors_with_grad=69/72
[train] step 96: T=533 positions=16 loss=0.4412 ce=0.8578 tv=0.1566 conf=0.5007 grad_norm=6.1888 tensors_with_grad=69/72
[train] step 97: T=674 positions=16 loss=2.0107 ce=3.9102 tv=0.5019 conf=0.4467 grad_norm=16.5374 tensors_with_grad=69/72
[train] step 98: T=550 positions=16 loss=0.4975 ce=0.8281 tv=0.1443 conf=0.3445 grad_norm=8.3114 tensors_with_grad=69/72
[train] step 99: T=621 positions=16 loss=1.0720 ce=2.1635 tv=0.2671 conf=0.3598 grad_norm=13.2635 tensors_with_grad=69/72
[train] step 100: T=535 positions=16 loss=1.8565 ce=3.7808 tv=0.5165 conf=0.5055 grad_norm=11.1150 tensors_with_grad=69/72
[train] step 101: T=526 positions=16 loss=1.9468 ce=4.4372 tv=0.4203 conf=0.4127 grad_norm=24.2182 tensors_with_grad=69/72
[train] step 102: T=987 positions=16 loss=2.3537 ce=5.4966 tv=0.5323 conf=0.4161 grad_norm=12.7016 tensors_with_grad=69/72
[train] step 103: T=673 positions=16 loss=2.5096 ce=4.3401 tv=0.6778 conf=0.5785 grad_norm=21.9305 tensors_with_grad=69/72
[train] step 104: T=532 positions=16 loss=1.5609 ce=3.9571 tv=0.4046 conf=0.5910 grad_norm=10.6830 tensors_with_grad=69/72
[train] step 105: T=675 positions=16 loss=1.9671 ce=5.2309 tv=0.5065 conf=0.4457 grad_norm=8.9662 tensors_with_grad=69/72
[train] step 106: T=553 positions=16 loss=1.5047 ce=3.4190 tv=0.3886 conf=0.4587 grad_norm=13.1905 tensors_with_grad=69/72
[train] step 107: T=673 positions=16 loss=2.1700 ce=5.5941 tv=0.5396 conf=0.6081 grad_norm=16.7578 tensors_with_grad=69/72
[train] step 108: T=526 positions=16 loss=1.7513 ce=3.0596 tv=0.4854 conf=0.4368 grad_norm=13.7481 tensors_with_grad=69/72
[train] step 109: T=533 positions=16 loss=1.6228 ce=3.6451 tv=0.3977 conf=0.4221 grad_norm=17.2022 tensors_with_grad=69/72
[train] step 110: T=1795 positions=16 loss=2.8831 ce=6.8440 tv=0.6094 conf=0.4480 grad_norm=10.4955 tensors_with_grad=69/72
[train] step 111: T=536 positions=16 loss=0.6453 ce=1.3896 tv=0.2236 conf=0.5791 grad_norm=4.5799 tensors_with_grad=69/72
[train] step 112: T=676 positions=16 loss=2.0528 ce=4.2811 tv=0.5552 conf=0.5910 grad_norm=11.8634 tensors_with_grad=69/72
[train] step 113: T=586 positions=16 loss=0.5455 ce=0.9144 tv=0.2069 conf=0.6285 grad_norm=7.2568 tensors_with_grad=69/72
[train] step 114: T=553 positions=16 loss=2.0401 ce=4.3956 tv=0.4851 conf=0.4893 grad_norm=12.1222 tensors_with_grad=69/72
[train] step 115: T=614 positions=16 loss=0.7090 ce=1.7060 tv=0.2191 conf=0.4534 grad_norm=8.4896 tensors_with_grad=69/72
[train] step 116: T=530 positions=16 loss=1.2002 ce=2.5216 tv=0.3753 conf=0.5722 grad_norm=6.9823 tensors_with_grad=69/72
[train] step 117: T=597 positions=16 loss=0.1253 ce=0.1912 tv=0.1420 conf=0.7286 grad_norm=2.0148 tensors_with_grad=69/72
[train] step 118: T=628 positions=16 loss=1.1562 ce=2.5132 tv=0.3582 conf=0.5665 grad_norm=12.9738 tensors_with_grad=69/72
[train] step 119: T=672 positions=16 loss=2.9998 ce=6.5980 tv=0.6872 conf=0.3859 grad_norm=17.0956 tensors_with_grad=69/72
[train] step 120: T=672 positions=16 loss=2.8344 ce=6.3295 tv=0.6312 conf=0.4855 grad_norm=32.5658 tensors_with_grad=69/72
[train] step 121: T=593 positions=16 loss=0.4361 ce=0.8975 tv=0.1592 conf=0.4723 grad_norm=5.5663 tensors_with_grad=69/72
[train] step 122: T=576 positions=16 loss=2.3722 ce=5.4190 tv=0.5701 conf=0.5330 grad_norm=13.4959 tensors_with_grad=69/72
[train] step 123: T=669 positions=16 loss=0.6691 ce=1.5884 tv=0.2228 conf=0.4141 grad_norm=5.5819 tensors_with_grad=69/72
[train] step 124: T=530 positions=16 loss=2.7231 ce=5.6320 tv=0.6872 conf=0.4636 grad_norm=10.3152 tensors_with_grad=69/72
[train] step 125: T=678 positions=16 loss=2.1538 ce=3.3834 tv=0.4757 conf=0.5491 grad_norm=24.4530 tensors_with_grad=69/72
[train] step 126: T=675 positions=16 loss=1.3793 ce=2.9871 tv=0.3619 conf=0.5844 grad_norm=17.1908 tensors_with_grad=69/72
[train] step 127: T=537 positions=16 loss=0.8219 ce=2.2345 tv=0.2436 conf=0.4076 grad_norm=4.7954 tensors_with_grad=69/72
[train] step 128: T=577 positions=16 loss=2.1507 ce=4.3607 tv=0.4795 conf=0.5936 grad_norm=22.6778 tensors_with_grad=69/72
[train] step 129: T=613 positions=16 loss=1.0991 ce=2.5117 tv=0.2805 conf=0.3623 grad_norm=10.5021 tensors_with_grad=69/72
[train] step 130: T=548 positions=16 loss=0.9276 ce=2.1033 tv=0.2371 conf=0.4601 grad_norm=9.6431 tensors_with_grad=69/72
[train] step 131: T=526 positions=16 loss=2.9659 ce=5.7554 tv=0.6456 conf=0.5629 grad_norm=23.0438 tensors_with_grad=69/72
[train] step 132: T=607 positions=16 loss=0.3936 ce=0.9802 tv=0.1208 conf=0.4407 grad_norm=5.0154 tensors_with_grad=69/72
[train] step 133: T=674 positions=16 loss=1.2930 ce=2.9878 tv=0.3341 conf=0.3899 grad_norm=9.8783 tensors_with_grad=69/72
[train] step 134: T=1001 positions=16 loss=2.3923 ce=5.3389 tv=0.5734 conf=0.3622 grad_norm=9.9011 tensors_with_grad=69/72
[train] step 135: T=537 positions=16 loss=1.4102 ce=2.9920 tv=0.3299 conf=0.4008 grad_norm=13.4393 tensors_with_grad=69/72
[train] step 136: T=534 positions=16 loss=0.2347 ce=0.4827 tv=0.1192 conf=0.3963 grad_norm=5.3937 tensors_with_grad=69/72
[train] step 137: T=542 positions=16 loss=0.8832 ce=1.8720 tv=0.3015 conf=0.5959 grad_norm=10.9221 tensors_with_grad=69/72
[train] step 138: T=676 positions=16 loss=2.6312 ce=4.7844 tv=0.6797 conf=0.4382 grad_norm=17.8270 tensors_with_grad=69/72
[train] step 139: T=536 positions=16 loss=1.0267 ce=2.9959 tv=0.2162 conf=0.4726 grad_norm=6.2884 tensors_with_grad=69/72
[train] step 140: T=524 positions=16 loss=2.0218 ce=4.2327 tv=0.5324 conf=0.4234 grad_norm=12.0953 tensors_with_grad=69/72
[train] step 141: T=563 positions=16 loss=1.1079 ce=2.3278 tv=0.2781 conf=0.5105 grad_norm=7.5152 tensors_with_grad=69/72
[train] step 142: T=617 positions=16 loss=1.5250 ce=3.0168 tv=0.3841 conf=0.4520 grad_norm=13.6847 tensors_with_grad=69/72
[train] step 143: T=537 positions=16 loss=0.8802 ce=1.5374 tv=0.3047 conf=0.5726 grad_norm=7.1410 tensors_with_grad=69/72
[train] step 144: T=621 positions=16 loss=1.1542 ce=2.5711 tv=0.3825 conf=0.4837 grad_norm=8.2680 tensors_with_grad=69/72
[train] step 145: T=672 positions=16 loss=2.1345 ce=5.3367 tv=0.5051 conf=0.5144 grad_norm=9.3321 tensors_with_grad=69/72
[train] step 146: T=631 positions=16 loss=0.6581 ce=1.2105 tv=0.2246 conf=0.5859 grad_norm=13.8213 tensors_with_grad=69/72
[train] step 147: T=528 positions=16 loss=1.1878 ce=3.0365 tv=0.3417 conf=0.4482 grad_norm=7.7634 tensors_with_grad=69/72
[train] step 148: T=1043 positions=16 loss=2.5176 ce=5.5774 tv=0.5579 conf=0.4457 grad_norm=15.9641 tensors_with_grad=69/72
[train] step 149: T=584 positions=16 loss=1.5451 ce=3.5555 tv=0.3592 conf=0.4207 grad_norm=22.6653 tensors_with_grad=69/72
[train] step 150: T=656 positions=16 loss=1.6774 ce=2.9708 tv=0.4647 conf=0.5536 grad_norm=10.6892 tensors_with_grad=69/72
[train] step 151: T=673 positions=16 loss=2.0230 ce=4.5360 tv=0.4986 conf=0.3751 grad_norm=11.7983 tensors_with_grad=69/72
[train] step 152: T=532 positions=16 loss=0.5831 ce=1.1757 tv=0.1421 conf=0.7208 grad_norm=11.3836 tensors_with_grad=69/72
[train] step 153: T=629 positions=16 loss=0.5031 ce=0.8420 tv=0.1886 conf=0.5563 grad_norm=6.4604 tensors_with_grad=69/72
[train] step 154: T=546 positions=16 loss=1.4525 ce=3.6979 tv=0.4390 conf=0.3922 grad_norm=9.2177 tensors_with_grad=69/72
[train] step 155: T=576 positions=16 loss=1.4885 ce=3.0048 tv=0.4303 conf=0.5520 grad_norm=11.5297 tensors_with_grad=69/72
[train] step 156: T=607 positions=16 loss=0.8365 ce=2.0447 tv=0.2690 conf=0.4355 grad_norm=5.3100 tensors_with_grad=69/72
[train] step 157: T=582 positions=16 loss=2.0035 ce=3.9328 tv=0.4793 conf=0.5104 grad_norm=17.6226 tensors_with_grad=69/72
[train] step 158: T=919 positions=16 loss=2.1228 ce=4.2575 tv=0.5174 conf=0.5035 grad_norm=10.5861 tensors_with_grad=69/72
[train] step 159: T=531 positions=16 loss=0.9887 ce=1.8917 tv=0.2287 conf=0.4220 grad_norm=16.8205 tensors_with_grad=69/72
[train] step 160: T=650 positions=16 loss=1.3525 ce=2.0536 tv=0.3287 conf=0.4487 grad_norm=22.9697 tensors_with_grad=69/72
[train] step 161: T=1101 positions=16 loss=2.8002 ce=6.4130 tv=0.5950 conf=0.5123 grad_norm=18.4980 tensors_with_grad=69/72
[train] step 162: T=618 positions=16 loss=0.9169 ce=1.8208 tv=0.3024 conf=0.4939 grad_norm=6.6194 tensors_with_grad=69/72
[train] step 163: T=1573 positions=16 loss=2.6025 ce=5.6386 tv=0.5380 conf=0.3547 grad_norm=11.0241 tensors_with_grad=69/72
[train] step 164: T=675 positions=16 loss=1.4354 ce=3.2988 tv=0.3553 conf=0.3579 grad_norm=11.7233 tensors_with_grad=69/72
[train] step 165: T=677 positions=16 loss=1.4569 ce=3.1235 tv=0.3170 conf=0.3685 grad_norm=13.4153 tensors_with_grad=69/72
[train] step 166: T=678 positions=16 loss=3.3663 ce=6.6446 tv=0.6689 conf=0.4328 grad_norm=30.5308 tensors_with_grad=69/72
[train] step 167: T=618 positions=16 loss=0.9321 ce=1.6507 tv=0.2619 conf=0.4307 grad_norm=11.7268 tensors_with_grad=69/72
[train] step 168: T=540 positions=16 loss=0.8527 ce=1.6100 tv=0.1980 conf=0.4649 grad_norm=9.5752 tensors_with_grad=69/72
[train] step 169: T=537 positions=16 loss=0.8700 ce=1.9254 tv=0.2351 conf=0.4421 grad_norm=8.8208 tensors_with_grad=69/72
[train] step 170: T=637 positions=16 loss=0.5313 ce=1.0949 tv=0.1735 conf=0.3157 grad_norm=6.4572 tensors_with_grad=69/72
[train] step 171: T=675 positions=16 loss=0.9914 ce=1.8396 tv=0.3008 conf=0.6344 grad_norm=14.2464 tensors_with_grad=69/72
[train] step 172: T=670 positions=16 loss=1.5233 ce=3.5905 tv=0.4205 conf=0.4363 grad_norm=14.1820 tensors_with_grad=69/72
[train] step 173: T=529 positions=16 loss=1.8255 ce=3.4384 tv=0.4253 conf=0.4815 grad_norm=11.3038 tensors_with_grad=69/72
[train] step 174: T=615 positions=16 loss=1.2561 ce=2.7364 tv=0.3010 conf=0.5237 grad_norm=8.5791 tensors_with_grad=69/72
[train] step 175: T=529 positions=16 loss=2.3995 ce=4.9805 tv=0.6402 conf=0.3988 grad_norm=12.8048 tensors_with_grad=69/72
[train] step 176: T=889 positions=16 loss=1.4190 ce=2.7398 tv=0.3574 conf=0.4984 grad_norm=22.8814 tensors_with_grad=69/72
[train] step 177: T=676 positions=16 loss=1.5346 ce=3.0852 tv=0.4267 conf=0.6678 grad_norm=15.9103 tensors_with_grad=69/72
[train] step 178: T=545 positions=16 loss=0.4958 ce=1.0159 tv=0.1175 conf=0.5589 grad_norm=15.2799 tensors_with_grad=69/72
[train] step 179: T=669 positions=16 loss=1.3234 ce=2.4139 tv=0.4462 conf=0.4161 grad_norm=8.1742 tensors_with_grad=69/72
[train] step 180: T=672 positions=16 loss=1.3387 ce=2.1857 tv=0.3255 conf=0.5567 grad_norm=21.3993 tensors_with_grad=69/72
[train] step 181: T=546 positions=16 loss=1.3128 ce=2.3312 tv=0.3872 conf=0.5963 grad_norm=7.1156 tensors_with_grad=69/72
[train] step 182: T=532 positions=16 loss=2.0425 ce=4.1825 tv=0.5020 conf=0.3889 grad_norm=19.8997 tensors_with_grad=69/72
[train] step 183: T=1190 positions=16 loss=2.5173 ce=5.3625 tv=0.5217 conf=0.5797 grad_norm=16.5555 tensors_with_grad=69/72
[train] step 184: T=611 positions=16 loss=1.7622 ce=3.4471 tv=0.3856 conf=0.4404 grad_norm=16.0514 tensors_with_grad=69/72
[train] step 185: T=526 positions=16 loss=0.7478 ce=1.5694 tv=0.1951 conf=0.4213 grad_norm=9.2586 tensors_with_grad=69/72
[train] step 186: T=673 positions=16 loss=3.0992 ce=6.6659 tv=0.7213 conf=0.4181 grad_norm=19.0402 tensors_with_grad=69/72
[train] step 187: T=539 positions=16 loss=0.7140 ce=1.4887 tv=0.2144 conf=0.3899 grad_norm=6.0469 tensors_with_grad=69/72
[train] step 188: T=526 positions=16 loss=1.1296 ce=2.0515 tv=0.3341 conf=0.5704 grad_norm=11.3224 tensors_with_grad=69/72
[train] step 189: T=675 positions=16 loss=1.3763 ce=3.0204 tv=0.3911 conf=0.6635 grad_norm=13.2868 tensors_with_grad=69/72
[train] step 190: T=552 positions=16 loss=1.0161 ce=2.8775 tv=0.2005 conf=0.5089 grad_norm=9.1277 tensors_with_grad=69/72
[train] step 191: T=616 positions=16 loss=1.8898 ce=3.8045 tv=0.4826 conf=0.5082 grad_norm=11.9951 tensors_with_grad=69/72
[train] step 192: T=528 positions=16 loss=2.5046 ce=5.1649 tv=0.5586 conf=0.4543 grad_norm=11.4862 tensors_with_grad=69/72
[train] step 193: T=525 positions=16 loss=3.1054 ce=6.6667 tv=0.6758 conf=0.3939 grad_norm=9.5439 tensors_with_grad=69/72
[train] step 194: T=675 positions=16 loss=1.7740 ce=3.6562 tv=0.4596 conf=0.4523 grad_norm=12.3853 tensors_with_grad=69/72
[train] step 195: T=611 positions=16 loss=1.0636 ce=2.7360 tv=0.3220 conf=0.3350 grad_norm=15.0823 tensors_with_grad=69/72
[train] step 196: T=594 positions=16 loss=2.9140 ce=6.2154 tv=0.5993 conf=0.5697 grad_norm=15.6110 tensors_with_grad=69/72
[train] step 197: T=654 positions=16 loss=1.5767 ce=3.1691 tv=0.3989 conf=0.3921 grad_norm=10.3663 tensors_with_grad=69/72
[train] step 198: T=539 positions=16 loss=0.6805 ce=1.3228 tv=0.1816 conf=0.4353 grad_norm=14.7038 tensors_with_grad=69/72
[train] step 199: T=529 positions=16 loss=1.7880 ce=3.9688 tv=0.3865 conf=0.4958 grad_norm=10.0695 tensors_with_grad=69/72
[train] step 200: T=631 positions=16 loss=1.5031 ce=3.5726 tv=0.3818 conf=0.4966 grad_norm=16.0817 tensors_with_grad=69/72
[train] step 201: T=533 positions=16 loss=0.8149 ce=1.7768 tv=0.2370 conf=0.4363 grad_norm=6.6366 tensors_with_grad=69/72
[train] step 202: T=537 positions=16 loss=0.7348 ce=1.8629 tv=0.2006 conf=0.3946 grad_norm=7.8047 tensors_with_grad=69/72
[train] step 203: T=525 positions=16 loss=3.1689 ce=6.5595 tv=0.7222 conf=0.4226 grad_norm=12.4383 tensors_with_grad=69/72
[train] step 204: T=851 positions=16 loss=2.1305 ce=3.6289 tv=0.4851 conf=0.5283 grad_norm=25.7280 tensors_with_grad=69/72
[train] step 205: T=551 positions=16 loss=1.3487 ce=2.8392 tv=0.3375 conf=0.6814 grad_norm=20.2164 tensors_with_grad=69/72
[train] step 206: T=897 positions=16 loss=2.3569 ce=5.2374 tv=0.5076 conf=0.4702 grad_norm=15.0364 tensors_with_grad=69/72
[train] step 207: T=603 positions=16 loss=0.2696 ce=0.5029 tv=0.1406 conf=0.5927 grad_norm=6.0179 tensors_with_grad=69/72
[train] step 208: T=578 positions=16 loss=2.5569 ce=5.7609 tv=0.6035 conf=0.4900 grad_norm=21.3374 tensors_with_grad=69/72
[train] step 209: T=532 positions=16 loss=0.6758 ce=1.4090 tv=0.2222 conf=0.4880 grad_norm=9.0234 tensors_with_grad=69/72
[train] step 210: T=675 positions=16 loss=1.0463 ce=1.8895 tv=0.2774 conf=0.4031 grad_norm=12.6480 tensors_with_grad=69/72
[train] step 211: T=536 positions=16 loss=0.8324 ce=1.6075 tv=0.2560 conf=0.3169 grad_norm=8.6239 tensors_with_grad=69/72
[train] step 212: T=526 positions=16 loss=1.9595 ce=3.3075 tv=0.4593 conf=0.7633 grad_norm=31.0101 tensors_with_grad=69/72
[train] step 213: T=530 positions=16 loss=2.3441 ce=4.0338 tv=0.4936 conf=0.6647 grad_norm=45.9495 tensors_with_grad=69/72
[train] step 214: T=527 positions=16 loss=2.7426 ce=6.6344 tv=0.6242 conf=0.3501 grad_norm=18.0263 tensors_with_grad=69/72
[train] step 215: T=535 positions=16 loss=0.4643 ce=0.7440 tv=0.1464 conf=0.2753 grad_norm=4.2789 tensors_with_grad=69/72
[train] step 216: T=531 positions=16 loss=2.2550 ce=4.1907 tv=0.5704 conf=0.4721 grad_norm=12.2293 tensors_with_grad=69/72
[train] step 217: T=536 positions=16 loss=0.5767 ce=1.1220 tv=0.1826 conf=0.2912 grad_norm=7.2290 tensors_with_grad=69/72
[train] step 218: T=585 positions=16 loss=2.3324 ce=3.2637 tv=0.4553 conf=0.7176 grad_norm=50.2393 tensors_with_grad=69/72
[train] step 219: T=524 positions=16 loss=2.1539 ce=4.4818 tv=0.5416 conf=0.4747 grad_norm=11.6829 tensors_with_grad=69/72
[train] step 220: T=562 positions=16 loss=1.8070 ce=2.5238 tv=0.3697 conf=0.7256 grad_norm=35.4611 tensors_with_grad=69/72
[train] step 221: T=1482 positions=16 loss=3.2707 ce=7.3992 tv=0.6262 conf=0.4111 grad_norm=26.6512 tensors_with_grad=69/72
[train] step 222: T=669 positions=16 loss=1.7612 ce=2.9642 tv=0.4555 conf=0.4718 grad_norm=10.3378 tensors_with_grad=69/72
[train] step 223: T=591 positions=16 loss=0.5690 ce=1.0053 tv=0.1759 conf=0.5492 grad_norm=5.5670 tensors_with_grad=69/72
[train] step 224: T=524 positions=16 loss=2.2725 ce=5.2126 tv=0.5407 conf=0.5290 grad_norm=18.0156 tensors_with_grad=69/72
[train] step 225: T=532 positions=16 loss=1.5640 ce=3.2280 tv=0.3873 conf=0.4268 grad_norm=14.0613 tensors_with_grad=69/72
[train] step 226: T=672 positions=16 loss=1.6928 ce=3.4707 tv=0.4523 conf=0.5004 grad_norm=19.7475 tensors_with_grad=69/72
[train] step 227: T=534 positions=16 loss=1.2667 ce=2.6510 tv=0.3767 conf=0.5125 grad_norm=12.5222 tensors_with_grad=69/72
[train] step 228: T=1014 positions=16 loss=2.3949 ce=5.2076 tv=0.5468 conf=0.4427 grad_norm=19.7394 tensors_with_grad=69/72
[train] step 229: T=675 positions=16 loss=1.0980 ce=2.4334 tv=0.3402 conf=0.4554 grad_norm=8.3973 tensors_with_grad=69/72
[train] step 230: T=647 positions=16 loss=2.6166 ce=4.9805 tv=0.5596 conf=0.6886 grad_norm=27.5762 tensors_with_grad=69/72
[train] step 231: T=596 positions=16 loss=0.9852 ce=2.1898 tv=0.2847 conf=0.4682 grad_norm=5.6115 tensors_with_grad=69/72
[train] step 232: T=674 positions=16 loss=1.8551 ce=3.6177 tv=0.5150 conf=0.6101 grad_norm=11.8907 tensors_with_grad=69/72
[train] step 233: T=858 positions=16 loss=1.3338 ce=2.3975 tv=0.3847 conf=0.4680 grad_norm=8.7021 tensors_with_grad=69/72
[train] step 234: T=597 positions=16 loss=0.8955 ce=1.3945 tv=0.3426 conf=0.4597 grad_norm=4.9338 tensors_with_grad=69/72
[train] step 235: T=604 positions=16 loss=1.1474 ce=2.3053 tv=0.3245 conf=0.3331 grad_norm=13.9330 tensors_with_grad=69/72
[train] step 236: T=589 positions=16 loss=0.4247 ce=0.8859 tv=0.1499 conf=0.2640 grad_norm=4.2249 tensors_with_grad=69/72
[train] step 237: T=623 positions=16 loss=0.9190 ce=2.1008 tv=0.2460 conf=0.6273 grad_norm=5.8258 tensors_with_grad=69/72
[train] step 238: T=884 positions=16 loss=2.1952 ce=4.7398 tv=0.4886 conf=0.4458 grad_norm=20.4330 tensors_with_grad=69/72
[train] step 239: T=673 positions=16 loss=1.9336 ce=3.8519 tv=0.4324 conf=0.4157 grad_norm=17.7779 tensors_with_grad=69/72
[train] step 240: T=540 positions=16 loss=0.5137 ce=0.9794 tv=0.1341 conf=0.3769 grad_norm=5.0642 tensors_with_grad=69/72
[train] step 241: T=1324 positions=16 loss=3.0535 ce=6.8990 tv=0.5343 conf=0.3470 grad_norm=22.5034 tensors_with_grad=69/72
[train] step 242: T=677 positions=16 loss=1.9944 ce=3.7410 tv=0.5163 conf=0.4495 grad_norm=12.6721 tensors_with_grad=69/72
[train] step 243: T=615 positions=16 loss=2.1765 ce=5.0138 tv=0.5298 conf=0.4562 grad_norm=12.3786 tensors_with_grad=69/72
[train] step 244: T=1500 positions=16 loss=2.2998 ce=5.0882 tv=0.5334 conf=0.3211 grad_norm=14.5306 tensors_with_grad=69/72
[train] step 245: T=672 positions=16 loss=2.4781 ce=4.9320 tv=0.6194 conf=0.4026 grad_norm=19.4920 tensors_with_grad=69/72
[train] step 246: T=561 positions=16 loss=0.7544 ce=1.5423 tv=0.2161 conf=0.3756 grad_norm=5.4742 tensors_with_grad=69/72
[train] step 247: T=610 positions=16 loss=1.8035 ce=3.1166 tv=0.4378 conf=0.6189 grad_norm=24.2419 tensors_with_grad=69/72
[train] step 248: T=535 positions=16 loss=0.9049 ce=2.2510 tv=0.2978 conf=0.4657 grad_norm=5.4724 tensors_with_grad=69/72
[train] step 249: T=587 positions=16 loss=0.3822 ce=0.5863 tv=0.1898 conf=0.5970 grad_norm=9.2493 tensors_with_grad=69/72
[train] step 250: T=633 positions=16 loss=0.4635 ce=0.9869 tv=0.1587 conf=0.3146 grad_norm=6.0909 tensors_with_grad=69/72
[train] step 251: T=677 positions=16 loss=1.6384 ce=3.7870 tv=0.4247 conf=0.5240 grad_norm=19.4802 tensors_with_grad=69/72
[train] step 252: T=598 positions=16 loss=0.8406 ce=1.4721 tv=0.2926 conf=0.5767 grad_norm=6.7832 tensors_with_grad=69/72
[train] step 253: T=654 positions=16 loss=2.6940 ce=4.7280 tv=0.5999 conf=0.6492 grad_norm=22.4843 tensors_with_grad=69/72
[train] step 254: T=546 positions=16 loss=0.7233 ce=1.6156 tv=0.1406 conf=0.8445 grad_norm=7.2360 tensors_with_grad=69/72
[train] step 255: T=617 positions=16 loss=1.4701 ce=2.4237 tv=0.3858 conf=0.4216 grad_norm=15.9171 tensors_with_grad=69/72
[train] step 256: T=537 positions=16 loss=0.2270 ce=0.4533 tv=0.1183 conf=0.5164 grad_norm=6.4226 tensors_with_grad=69/72
[train] step 257: T=649 positions=16 loss=2.4015 ce=4.5231 tv=0.5794 conf=0.6219 grad_norm=13.6262 tensors_with_grad=69/72
[train] step 258: T=676 positions=16 loss=1.7264 ce=3.5344 tv=0.4017 conf=0.3356 grad_norm=13.1306 tensors_with_grad=69/72
[train] step 259: T=672 positions=16 loss=2.2356 ce=3.9356 tv=0.5624 conf=0.6415 grad_norm=24.9641 tensors_with_grad=69/72
[train] step 260: T=665 positions=16 loss=0.5668 ce=1.6137 tv=0.2038 conf=0.3348 grad_norm=10.3986 tensors_with_grad=69/72
[train] step 261: T=542 positions=16 loss=0.9586 ce=2.3354 tv=0.2018 conf=0.4176 grad_norm=6.2096 tensors_with_grad=69/72
[train] step 262: T=526 positions=16 loss=1.7442 ce=3.5786 tv=0.4646 conf=0.4843 grad_norm=12.4439 tensors_with_grad=69/72
[train] step 263: T=570 positions=16 loss=0.8498 ce=2.0349 tv=0.1788 conf=0.3048 grad_norm=7.6512 tensors_with_grad=69/72
[train] step 264: T=673 positions=16 loss=1.2194 ce=1.9094 tv=0.3452 conf=0.4586 grad_norm=19.8868 tensors_with_grad=69/72
[train] step 265: T=1148 positions=16 loss=2.3429 ce=5.4395 tv=0.4848 conf=0.3719 grad_norm=11.0746 tensors_with_grad=69/72
[train] step 266: T=675 positions=16 loss=1.1806 ce=2.2386 tv=0.3173 conf=0.4843 grad_norm=10.8559 tensors_with_grad=69/72
[train] step 267: T=609 positions=16 loss=1.1195 ce=1.7728 tv=0.3287 conf=0.4001 grad_norm=9.4350 tensors_with_grad=69/72
[train] step 268: T=528 positions=16 loss=2.6962 ce=6.0870 tv=0.5154 conf=0.4455 grad_norm=23.9666 tensors_with_grad=69/72
[train] step 269: T=547 positions=16 loss=0.9009 ce=1.5158 tv=0.2549 conf=0.5141 grad_norm=6.7955 tensors_with_grad=69/72
[train] step 270: T=529 positions=16 loss=0.7670 ce=1.8714 tv=0.2142 conf=0.3924 grad_norm=6.6164 tensors_with_grad=69/72
[train] step 271: T=550 positions=16 loss=1.3083 ce=2.1219 tv=0.3527 conf=0.4875 grad_norm=6.7358 tensors_with_grad=69/72
[train] step 272: T=639 positions=16 loss=1.8599 ce=3.2204 tv=0.4387 conf=0.5162 grad_norm=14.4111 tensors_with_grad=69/72
[train] step 273: T=615 positions=16 loss=0.8815 ce=1.8029 tv=0.2839 conf=0.4722 grad_norm=12.4664 tensors_with_grad=69/72
[train] step 274: T=536 positions=16 loss=0.1790 ce=0.3598 tv=0.0881 conf=0.2491 grad_norm=3.4418 tensors_with_grad=69/72
[train] step 275: T=534 positions=16 loss=0.9635 ce=1.9260 tv=0.1758 conf=0.5130 grad_norm=14.3161 tensors_with_grad=69/72
[train] step 276: T=538 positions=16 loss=2.3061 ce=4.4753 tv=0.5900 conf=0.5100 grad_norm=13.1849 tensors_with_grad=69/72
[train] step 277: T=525 positions=16 loss=1.2470 ce=2.3161 tv=0.3369 conf=0.5019 grad_norm=15.3951 tensors_with_grad=69/72
[train] step 278: T=671 positions=16 loss=3.4566 ce=6.9567 tv=0.6758 conf=0.5613 grad_norm=16.1137 tensors_with_grad=69/72
[train] step 279: T=536 positions=16 loss=0.7222 ce=1.7515 tv=0.2278 conf=0.4367 grad_norm=6.0204 tensors_with_grad=69/72
[train] step 280: T=532 positions=16 loss=0.8656 ce=1.4915 tv=0.2647 conf=0.5903 grad_norm=8.7028 tensors_with_grad=69/72
[train] step 281: T=553 positions=16 loss=1.2062 ce=2.1635 tv=0.2264 conf=0.3560 grad_norm=14.3723 tensors_with_grad=69/72
[train] step 282: T=673 positions=16 loss=2.4241 ce=5.0164 tv=0.5754 conf=0.4010 grad_norm=12.0652 tensors_with_grad=69/72
[train] step 283: T=1324 positions=16 loss=2.8214 ce=6.2241 tv=0.5701 conf=0.3415 grad_norm=12.0959 tensors_with_grad=69/72
[train] step 284: T=642 positions=16 loss=1.7746 ce=3.4127 tv=0.3718 conf=0.4656 grad_norm=13.6680 tensors_with_grad=69/72
[train] step 285: T=548 positions=16 loss=1.0697 ce=2.2750 tv=0.2506 conf=0.3676 grad_norm=7.1795 tensors_with_grad=69/72
[train] step 286: T=642 positions=16 loss=2.0500 ce=3.8137 tv=0.5078 conf=0.4647 grad_norm=13.6023 tensors_with_grad=69/72
[train] step 287: T=528 positions=16 loss=2.4581 ce=4.9729 tv=0.5998 conf=0.3272 grad_norm=17.3169 tensors_with_grad=69/72
[train] step 288: T=537 positions=16 loss=1.0166 ce=1.9478 tv=0.2380 conf=0.4160 grad_norm=14.4797 tensors_with_grad=69/72
[train] step 289: T=672 positions=16 loss=1.5497 ce=3.2285 tv=0.3664 conf=0.4247 grad_norm=12.1516 tensors_with_grad=69/72
[train] step 290: T=526 positions=16 loss=0.7911 ce=1.5895 tv=0.2390 conf=0.3486 grad_norm=6.1513 tensors_with_grad=69/72
[train] step 291: T=538 positions=16 loss=1.5413 ce=2.9406 tv=0.4390 conf=0.6633 grad_norm=17.9001 tensors_with_grad=69/72
[train] step 292: T=527 positions=16 loss=1.7181 ce=3.8596 tv=0.4193 conf=0.5250 grad_norm=10.8246 tensors_with_grad=69/72
[train] step 293: T=526 positions=16 loss=1.2455 ce=2.4960 tv=0.2490 conf=0.4422 grad_norm=12.5930 tensors_with_grad=69/72
[train] step 294: T=529 positions=16 loss=0.5440 ce=1.3875 tv=0.1860 conf=0.5027 grad_norm=6.7746 tensors_with_grad=69/72
[train] step 295: T=968 positions=16 loss=2.3852 ce=4.9685 tv=0.5390 conf=0.5767 grad_norm=17.0256 tensors_with_grad=69/72
[train] step 296: T=1360 positions=16 loss=3.8862 ce=9.5689 tv=0.6579 conf=0.3488 grad_norm=25.9918 tensors_with_grad=69/72
[train] step 297: T=672 positions=16 loss=2.5427 ce=4.8019 tv=0.6107 conf=0.4709 grad_norm=13.5139 tensors_with_grad=69/72
[train] step 298: T=582 positions=16 loss=1.6165 ce=3.7226 tv=0.4180 conf=0.4561 grad_norm=7.4857 tensors_with_grad=69/72
[train] step 299: T=613 positions=16 loss=1.9337 ce=3.5547 tv=0.4974 conf=0.5958 grad_norm=15.2637 tensors_with_grad=69/72
[train] step 300: T=646 positions=16 loss=2.2557 ce=4.2012 tv=0.5928 conf=0.3578 grad_norm=16.4111 tensors_with_grad=69/72
[train] step 301: T=672 positions=16 loss=2.7143 ce=5.5597 tv=0.6259 conf=0.4202 grad_norm=10.5488 tensors_with_grad=69/72
[train] step 302: T=535 positions=16 loss=2.2607 ce=5.1858 tv=0.4967 conf=0.3512 grad_norm=17.9513 tensors_with_grad=69/72
[train] step 303: T=537 positions=16 loss=1.2546 ce=3.0382 tv=0.3237 conf=0.4531 grad_norm=10.4982 tensors_with_grad=69/72
[train] step 304: T=1797 positions=16 loss=2.4161 ce=4.8063 tv=0.5195 conf=0.5875 grad_norm=16.4143 tensors_with_grad=69/72
[train] step 305: T=527 positions=16 loss=2.3489 ce=3.8233 tv=0.5803 conf=0.5428 grad_norm=25.7227 tensors_with_grad=69/72
[train] step 306: T=544 positions=16 loss=0.8261 ce=2.0877 tv=0.1610 conf=0.5568 grad_norm=9.8131 tensors_with_grad=69/72
[train] step 307: T=675 positions=16 loss=1.0540 ce=2.3783 tv=0.2833 conf=0.5163 grad_norm=9.6126 tensors_with_grad=69/72
[train] step 308: T=525 positions=16 loss=2.6873 ce=4.7019 tv=0.6334 conf=0.4255 grad_norm=20.2575 tensors_with_grad=69/72
[train] step 309: T=583 positions=16 loss=0.2706 ce=0.5755 tv=0.1186 conf=0.4400 grad_norm=7.3896 tensors_with_grad=69/72
[train] step 310: T=620 positions=16 loss=1.0766 ce=2.1829 tv=0.3274 conf=0.4307 grad_norm=14.5569 tensors_with_grad=69/72
[train] step 311: T=538 positions=16 loss=0.5112 ce=1.1187 tv=0.1472 conf=0.2801 grad_norm=5.2302 tensors_with_grad=69/72
[train] step 312: T=637 positions=16 loss=0.3952 ce=0.7617 tv=0.1544 conf=0.4878 grad_norm=5.3253 tensors_with_grad=69/72
[train] step 313: T=658 positions=16 loss=1.5644 ce=3.0760 tv=0.4728 conf=0.6187 grad_norm=19.0738 tensors_with_grad=69/72
[train] step 314: T=609 positions=16 loss=0.9341 ce=1.7026 tv=0.2890 conf=0.7856 grad_norm=8.6870 tensors_with_grad=69/72
[train] step 315: T=903 positions=16 loss=2.8804 ce=6.3693 tv=0.5718 conf=0.4683 grad_norm=12.2791 tensors_with_grad=69/72
[train] step 316: T=524 positions=16 loss=1.8978 ce=3.4141 tv=0.5040 conf=0.4985 grad_norm=12.9659 tensors_with_grad=69/72
[train] step 317: T=829 positions=16 loss=1.8450 ce=3.6599 tv=0.3705 conf=0.3360 grad_norm=16.6074 tensors_with_grad=69/72
[train] step 318: T=875 positions=16 loss=1.7787 ce=3.4724 tv=0.4126 conf=0.4473 grad_norm=21.8811 tensors_with_grad=69/72
[train] step 319: T=533 positions=16 loss=1.6934 ce=3.3195 tv=0.3899 conf=0.3615 grad_norm=15.4882 tensors_with_grad=69/72
[train] step 320: T=675 positions=16 loss=1.4948 ce=3.4134 tv=0.3806 conf=0.5388 grad_norm=15.5288 tensors_with_grad=69/72
[train] step 321: T=672 positions=16 loss=1.5341 ce=3.2001 tv=0.3793 conf=0.4975 grad_norm=15.6848 tensors_with_grad=69/72
[train] step 322: T=672 positions=16 loss=0.5954 ce=1.1235 tv=0.2461 conf=0.4785 grad_norm=8.3229 tensors_with_grad=69/72
[train] step 323: T=1087 positions=16 loss=1.8233 ce=2.8385 tv=0.4270 conf=0.5485 grad_norm=20.4609 tensors_with_grad=69/72
[train] step 324: T=672 positions=16 loss=2.2052 ce=4.6266 tv=0.4446 conf=0.4736 grad_norm=16.0566 tensors_with_grad=69/72
[train] step 325: T=854 positions=16 loss=3.3020 ce=7.2959 tv=0.6167 conf=0.4400 grad_norm=18.3270 tensors_with_grad=69/72
[train] step 326: T=609 positions=16 loss=0.9766 ce=1.8022 tv=0.2594 conf=0.4114 grad_norm=8.2385 tensors_with_grad=69/72
[train] step 327: T=545 positions=16 loss=0.9804 ce=1.6488 tv=0.2913 conf=0.5131 grad_norm=18.2200 tensors_with_grad=69/72
[train] step 328: T=634 positions=16 loss=1.6818 ce=3.2477 tv=0.4996 conf=0.5789 grad_norm=18.1340 tensors_with_grad=69/72
[train] step 329: T=649 positions=16 loss=1.6284 ce=2.7435 tv=0.3943 conf=0.3522 grad_norm=12.7888 tensors_with_grad=69/72
[train] step 330: T=675 positions=16 loss=1.7989 ce=3.5282 tv=0.4176 conf=0.4225 grad_norm=14.6303 tensors_with_grad=69/72
[train] step 331: T=560 positions=16 loss=0.9416 ce=2.0663 tv=0.1933 conf=0.3644 grad_norm=8.8797 tensors_with_grad=69/72
[train] step 332: T=535 positions=16 loss=0.1861 ce=0.2605 tv=0.0887 conf=0.4862 grad_norm=4.6046 tensors_with_grad=69/72
[train] step 333: T=532 positions=16 loss=0.5658 ce=1.0108 tv=0.1807 conf=0.2892 grad_norm=7.0661 tensors_with_grad=69/72
[train] step 334: T=903 positions=16 loss=1.6550 ce=3.2728 tv=0.3920 conf=0.4892 grad_norm=9.3147 tensors_with_grad=69/72
[train] step 335: T=621 positions=16 loss=0.9497 ce=1.5965 tv=0.3098 conf=0.5304 grad_norm=7.0710 tensors_with_grad=69/72
[train] step 336: T=903 positions=16 loss=2.1788 ce=4.3634 tv=0.4009 conf=0.3622 grad_norm=14.2082 tensors_with_grad=69/72
[train] step 337: T=539 positions=16 loss=1.0470 ce=2.0755 tv=0.2264 conf=0.3582 grad_norm=19.3486 tensors_with_grad=69/72
[train] step 338: T=553 positions=16 loss=0.9534 ce=2.0824 tv=0.1946 conf=0.4634 grad_norm=9.7303 tensors_with_grad=69/72
[train] step 339: T=546 positions=16 loss=2.7628 ce=4.9599 tv=0.6642 conf=0.4482 grad_norm=15.6204 tensors_with_grad=69/72
[train] step 340: T=597 positions=16 loss=1.0163 ce=1.9493 tv=0.3050 conf=0.3376 grad_norm=9.8495 tensors_with_grad=69/72
[train] step 341: T=942 positions=16 loss=2.3199 ce=4.7428 tv=0.4764 conf=0.5102 grad_norm=16.7385 tensors_with_grad=69/72
[train] step 342: T=672 positions=16 loss=1.5485 ce=3.5316 tv=0.4533 conf=0.4185 grad_norm=15.1207 tensors_with_grad=69/72
[train] step 343: T=527 positions=16 loss=1.9996 ce=3.8894 tv=0.4512 conf=0.5897 grad_norm=11.7396 tensors_with_grad=69/72
[train] step 344: T=589 positions=16 loss=0.2674 ce=0.5058 tv=0.1320 conf=0.2442 grad_norm=2.3749 tensors_with_grad=69/72
[train] step 345: T=541 positions=16 loss=1.7937 ce=3.2105 tv=0.4443 conf=0.5785 grad_norm=16.2980 tensors_with_grad=69/72
[train] step 346: T=581 positions=16 loss=0.3318 ce=0.7314 tv=0.1576 conf=0.6444 grad_norm=8.2084 tensors_with_grad=69/72
[train] step 347: T=678 positions=16 loss=1.2396 ce=2.6003 tv=0.3466 conf=0.3992 grad_norm=6.2898 tensors_with_grad=69/72
[train] step 348: T=673 positions=16 loss=3.0439 ce=5.0376 tv=0.6957 conf=0.4412 grad_norm=14.7876 tensors_with_grad=69/72
[train] step 349: T=628 positions=16 loss=0.7891 ce=1.4589 tv=0.2124 conf=0.4859 grad_norm=10.4323 tensors_with_grad=69/72
[train] step 350: T=661 positions=16 loss=1.7986 ce=3.5760 tv=0.4656 conf=0.6400 grad_norm=14.2337 tensors_with_grad=69/72
[train] step 351: T=544 positions=16 loss=0.8872 ce=1.4751 tv=0.2918 conf=0.4998 grad_norm=7.9380 tensors_with_grad=69/72
[train] step 352: T=538 positions=16 loss=0.5789 ce=1.3690 tv=0.1434 conf=0.3458 grad_norm=10.5845 tensors_with_grad=69/72
[train] step 353: T=539 positions=16 loss=0.2458 ce=0.3549 tv=0.1074 conf=0.5068 grad_norm=5.5292 tensors_with_grad=69/72
[train] step 354: T=1009 positions=16 loss=3.0073 ce=6.9538 tv=0.5667 conf=0.3223 grad_norm=27.6984 tensors_with_grad=69/72
[train] step 355: T=531 positions=16 loss=1.7324 ce=4.0960 tv=0.3753 conf=0.3901 grad_norm=13.1021 tensors_with_grad=69/72
[train] step 356: T=537 positions=16 loss=0.3175 ce=0.4983 tv=0.0940 conf=0.3636 grad_norm=2.5081 tensors_with_grad=69/72
[train] step 357: T=531 positions=16 loss=1.7868 ce=3.6041 tv=0.3943 conf=0.4658 grad_norm=8.7294 tensors_with_grad=69/72
[train] step 358: T=629 positions=16 loss=1.7735 ce=2.9096 tv=0.4629 conf=0.3540 grad_norm=9.9992 tensors_with_grad=69/72
[train] step 359: T=674 positions=16 loss=2.7305 ce=5.6769 tv=0.5650 conf=0.4599 grad_norm=18.1418 tensors_with_grad=69/72
[train] step 360: T=674 positions=16 loss=0.6230 ce=0.8553 tv=0.2123 conf=0.5363 grad_norm=18.5580 tensors_with_grad=69/72
[train] step 361: T=548 positions=16 loss=0.7476 ce=1.2578 tv=0.2278 conf=0.4767 grad_norm=7.7460 tensors_with_grad=69/72
[train] step 362: T=539 positions=16 loss=0.6812 ce=1.2824 tv=0.2648 conf=0.5345 grad_norm=4.6676 tensors_with_grad=69/72
[train] step 363: T=672 positions=16 loss=2.6783 ce=4.7578 tv=0.6292 conf=0.5172 grad_norm=23.4615 tensors_with_grad=69/72
[train] step 364: T=639 positions=16 loss=2.1283 ce=3.3348 tv=0.5213 conf=0.8299 grad_norm=27.5781 tensors_with_grad=69/72
[train] step 365: T=672 positions=16 loss=2.4747 ce=4.2477 tv=0.5960 conf=0.5093 grad_norm=22.9873 tensors_with_grad=69/72
[train] step 366: T=539 positions=16 loss=0.6594 ce=1.4456 tv=0.2214 conf=0.3120 grad_norm=5.8074 tensors_with_grad=69/72
[train] step 367: T=591 positions=16 loss=2.3329 ce=4.6346 tv=0.5892 conf=0.4018 grad_norm=10.9005 tensors_with_grad=69/72
[train] step 368: T=584 positions=16 loss=0.6660 ce=1.1726 tv=0.2311 conf=0.4455 grad_norm=7.4079 tensors_with_grad=69/72
[train] step 369: T=591 positions=16 loss=0.9554 ce=1.8744 tv=0.3004 conf=0.4626 grad_norm=14.4652 tensors_with_grad=69/72
[train] step 370: T=568 positions=16 loss=2.3029 ce=4.6969 tv=0.5366 conf=0.5432 grad_norm=16.0010 tensors_with_grad=69/72
[train] step 371: T=538 positions=16 loss=1.7054 ce=2.5536 tv=0.4102 conf=0.6175 grad_norm=19.2018 tensors_with_grad=69/72
[train] step 372: T=598 positions=16 loss=0.6703 ce=1.3028 tv=0.1896 conf=0.2978 grad_norm=8.5369 tensors_with_grad=69/72
[train] step 373: T=528 positions=16 loss=1.0551 ce=2.2529 tv=0.2586 conf=0.2351 grad_norm=12.8915 tensors_with_grad=69/72
[train] step 374: T=527 positions=16 loss=1.4357 ce=2.7162 tv=0.3784 conf=0.4296 grad_norm=12.5866 tensors_with_grad=69/72
[train] step 375: T=559 positions=16 loss=1.1926 ce=2.9575 tv=0.2375 conf=0.3838 grad_norm=8.9572 tensors_with_grad=69/72
[train] step 376: T=525 positions=16 loss=1.1976 ce=2.0836 tv=0.2550 conf=0.5311 grad_norm=18.3208 tensors_with_grad=69/72
[train] step 377: T=539 positions=16 loss=1.1333 ce=2.3279 tv=0.2813 conf=0.3900 grad_norm=6.8048 tensors_with_grad=69/72
[train] step 378: T=1627 positions=16 loss=2.2402 ce=4.1336 tv=0.5666 conf=0.4912 grad_norm=21.4326 tensors_with_grad=69/72
[train] step 379: T=565 positions=16 loss=1.1088 ce=2.3576 tv=0.3238 conf=0.4594 grad_norm=8.1605 tensors_with_grad=69/72
[train] step 380: T=613 positions=16 loss=0.7635 ce=1.8102 tv=0.2965 conf=0.4607 grad_norm=5.8190 tensors_with_grad=69/72
[train] step 381: T=573 positions=16 loss=0.4051 ce=0.7512 tv=0.1499 conf=0.7528 grad_norm=6.1248 tensors_with_grad=69/72
[train] step 382: T=676 positions=16 loss=1.2137 ce=1.8870 tv=0.3395 conf=0.6084 grad_norm=12.0021 tensors_with_grad=69/72
[train] step 383: T=870 positions=16 loss=1.8951 ce=4.5524 tv=0.3594 conf=0.7050 grad_norm=11.5904 tensors_with_grad=69/72
[train] step 384: T=640 positions=16 loss=2.3442 ce=4.2824 tv=0.5502 conf=0.5052 grad_norm=16.3245 tensors_with_grad=69/72
[train] step 385: T=659 positions=16 loss=1.8745 ce=3.3626 tv=0.5152 conf=0.8034 grad_norm=21.3114 tensors_with_grad=69/72
[train] step 386: T=615 positions=16 loss=1.7249 ce=3.5557 tv=0.3636 conf=0.5188 grad_norm=14.6588 tensors_with_grad=69/72
[train] step 387: T=526 positions=16 loss=2.0588 ce=4.0983 tv=0.5363 conf=0.4611 grad_norm=17.1267 tensors_with_grad=69/72
[train] step 388: T=1042 positions=16 loss=1.8329 ce=3.7563 tv=0.3749 conf=0.3317 grad_norm=17.2830 tensors_with_grad=69/72
[train] step 389: T=581 positions=16 loss=0.9707 ce=2.1102 tv=0.2352 conf=0.5524 grad_norm=8.9528 tensors_with_grad=69/72
[train] step 390: T=946 positions=16 loss=2.4927 ce=5.1799 tv=0.4975 conf=0.3730 grad_norm=11.1569 tensors_with_grad=69/72
[train] step 391: T=669 positions=16 loss=2.5201 ce=4.3203 tv=0.5233 conf=0.4917 grad_norm=19.7859 tensors_with_grad=69/72
[train] step 392: T=959 positions=16 loss=2.5486 ce=4.9898 tv=0.5656 conf=0.3980 grad_norm=12.8162 tensors_with_grad=69/72
[train] step 393: T=538 positions=16 loss=2.6038 ce=4.7756 tv=0.5433 conf=0.5571 grad_norm=9.5016 tensors_with_grad=69/72
[train] step 394: T=538 positions=16 loss=0.3455 ce=0.7432 tv=0.1279 conf=0.4094 grad_norm=4.4117 tensors_with_grad=69/72
[train] step 395: T=564 positions=16 loss=3.1251 ce=5.8365 tv=0.6329 conf=0.6371 grad_norm=18.1901 tensors_with_grad=69/72
[train] step 396: T=581 positions=16 loss=0.2655 ce=0.5455 tv=0.1386 conf=0.4856 grad_norm=5.8298 tensors_with_grad=69/72
[train] step 397: T=545 positions=16 loss=2.1387 ce=3.3882 tv=0.5427 conf=0.6423 grad_norm=15.7145 tensors_with_grad=69/72
[train] step 398: T=525 positions=16 loss=2.6785 ce=4.9902 tv=0.6150 conf=0.5854 grad_norm=14.2048 tensors_with_grad=69/72
[train] step 399: T=565 positions=16 loss=2.0061 ce=4.7110 tv=0.3765 conf=0.4582 grad_norm=14.8377 tensors_with_grad=69/72
[train] step 400: T=554 positions=16 loss=0.8711 ce=1.2523 tv=0.1996 conf=0.4055 grad_norm=12.8810 tensors_with_grad=69/72
[train] step 401: T=1014 positions=16 loss=2.0819 ce=4.0811 tv=0.4141 conf=0.3101 grad_norm=10.1479 tensors_with_grad=69/72
[train] step 402: T=541 positions=16 loss=0.6550 ce=1.5840 tv=0.1678 conf=0.2741 grad_norm=4.1311 tensors_with_grad=69/72
[train] step 403: T=538 positions=16 loss=0.6951 ce=1.1243 tv=0.2460 conf=0.4525 grad_norm=8.5009 tensors_with_grad=69/72
[train] step 404: T=585 positions=16 loss=1.8941 ce=3.4382 tv=0.4290 conf=0.6552 grad_norm=15.0505 tensors_with_grad=69/72
[train] step 405: T=535 positions=16 loss=1.1452 ce=2.6459 tv=0.2940 conf=0.3713 grad_norm=11.0509 tensors_with_grad=69/72
[train] step 406: T=534 positions=16 loss=0.6971 ce=1.7581 tv=0.2481 conf=0.4562 grad_norm=7.2159 tensors_with_grad=69/72
[train] step 407: T=674 positions=16 loss=2.4434 ce=4.9445 tv=0.5561 conf=0.4643 grad_norm=17.1650 tensors_with_grad=69/72
[train] step 408: T=1629 positions=16 loss=2.6127 ce=5.6940 tv=0.4570 conf=0.4708 grad_norm=25.4412 tensors_with_grad=69/72
[train] step 409: T=529 positions=16 loss=1.5657 ce=3.1341 tv=0.4708 conf=0.4856 grad_norm=8.6430 tensors_with_grad=69/72
[train] step 410: T=604 positions=16 loss=1.2487 ce=2.4551 tv=0.2897 conf=0.3786 grad_norm=13.5998 tensors_with_grad=69/72
[train] step 411: T=615 positions=16 loss=0.9025 ce=1.4803 tv=0.2692 conf=0.4536 grad_norm=9.6511 tensors_with_grad=69/72
[train] step 412: T=563 positions=16 loss=0.6353 ce=1.1519 tv=0.1673 conf=0.3149 grad_norm=19.8625 tensors_with_grad=69/72
[train] step 413: T=572 positions=16 loss=0.7176 ce=1.5643 tv=0.2347 conf=0.5791 grad_norm=8.7283 tensors_with_grad=69/72
[train] step 414: T=591 positions=16 loss=1.0633 ce=1.6479 tv=0.3138 conf=0.4603 grad_norm=9.9013 tensors_with_grad=69/72
[train] step 415: T=595 positions=16 loss=1.7241 ce=3.7611 tv=0.4132 conf=0.4117 grad_norm=13.6308 tensors_with_grad=69/72
[train] step 416: T=541 positions=16 loss=1.2210 ce=2.2149 tv=0.3605 conf=0.5492 grad_norm=10.2053 tensors_with_grad=69/72
[train] step 417: T=543 positions=16 loss=1.8089 ce=3.3673 tv=0.4848 conf=0.4608 grad_norm=11.6507 tensors_with_grad=69/72
[train] step 418: T=678 positions=16 loss=2.1428 ce=3.9399 tv=0.4509 conf=0.4780 grad_norm=17.5384 tensors_with_grad=69/72
[train] step 419: T=592 positions=16 loss=0.6715 ce=1.2376 tv=0.1616 conf=0.6200 grad_norm=8.0740 tensors_with_grad=69/72
[train] step 420: T=633 positions=16 loss=2.3506 ce=4.2161 tv=0.5210 conf=0.6023 grad_norm=21.1587 tensors_with_grad=69/72
[train] step 421: T=531 positions=16 loss=0.7049 ce=0.6554 tv=0.2384 conf=0.5744 grad_norm=24.7235 tensors_with_grad=69/72
[train] step 422: T=576 positions=16 loss=1.0440 ce=2.0088 tv=0.3088 conf=0.4612 grad_norm=12.6770 tensors_with_grad=69/72
[train] step 423: T=535 positions=16 loss=1.2279 ce=2.6310 tv=0.2698 conf=0.4547 grad_norm=15.5772 tensors_with_grad=69/72
[train] step 424: T=606 positions=16 loss=2.5370 ce=5.0866 tv=0.5336 conf=0.4519 grad_norm=15.5735 tensors_with_grad=69/72
[train] step 425: T=577 positions=16 loss=0.8318 ce=1.3886 tv=0.3012 conf=0.5767 grad_norm=12.2509 tensors_with_grad=69/72
[train] step 426: T=531 positions=16 loss=1.7488 ce=2.5216 tv=0.3578 conf=0.5863 grad_norm=31.1001 tensors_with_grad=69/72
[train] step 427: T=667 positions=16 loss=1.1971 ce=2.0394 tv=0.2847 conf=0.4589 grad_norm=13.6075 tensors_with_grad=69/72
[train] step 428: T=639 positions=16 loss=2.5856 ce=5.3329 tv=0.5584 conf=0.4908 grad_norm=16.5138 tensors_with_grad=69/72
[train] step 429: T=527 positions=16 loss=2.0458 ce=3.4481 tv=0.5160 conf=0.5458 grad_norm=11.5485 tensors_with_grad=69/72
[train] step 430: T=673 positions=16 loss=2.9559 ce=5.4176 tv=0.6603 conf=0.4123 grad_norm=20.7698 tensors_with_grad=69/72
[train] step 431: T=599 positions=16 loss=0.4631 ce=0.9699 tv=0.1648 conf=0.3827 grad_norm=6.1738 tensors_with_grad=69/72
[train] step 432: T=533 positions=16 loss=0.3831 ce=1.0355 tv=0.1252 conf=0.4106 grad_norm=5.4339 tensors_with_grad=69/72
[train] step 433: T=535 positions=16 loss=0.9669 ce=1.2864 tv=0.2849 conf=0.5834 grad_norm=16.1278 tensors_with_grad=69/72
[train] step 434: T=584 positions=16 loss=2.3212 ce=4.4139 tv=0.5097 conf=0.4843 grad_norm=23.7519 tensors_with_grad=69/72
[train] step 435: T=568 positions=16 loss=1.7746 ce=4.0639 tv=0.4339 conf=0.4690 grad_norm=8.0578 tensors_with_grad=69/72
[train] step 436: T=1111 positions=16 loss=1.8702 ce=3.4346 tv=0.3891 conf=0.4846 grad_norm=17.4521 tensors_with_grad=69/72
[train] step 437: T=673 positions=16 loss=1.7675 ce=3.6970 tv=0.4489 conf=0.5779 grad_norm=12.0188 tensors_with_grad=69/72
[train] step 438: T=614 positions=16 loss=2.0401 ce=3.8767 tv=0.4799 conf=0.3815 grad_norm=16.4773 tensors_with_grad=69/72
[train] step 439: T=526 positions=16 loss=1.7185 ce=2.9436 tv=0.4382 conf=0.6764 grad_norm=12.0977 tensors_with_grad=69/72
[train] step 440: T=532 positions=16 loss=0.3917 ce=0.7374 tv=0.1172 conf=0.4975 grad_norm=4.6554 tensors_with_grad=69/72
[train] step 441: T=624 positions=16 loss=1.7575 ce=3.4032 tv=0.4028 conf=0.3961 grad_norm=16.0409 tensors_with_grad=69/72
[train] step 442: T=530 positions=16 loss=1.9824 ce=3.8644 tv=0.4420 conf=0.4253 grad_norm=10.0353 tensors_with_grad=69/72
[train] step 443: T=546 positions=16 loss=1.5387 ce=3.1280 tv=0.3225 conf=0.2425 grad_norm=11.7606 tensors_with_grad=69/72
[train] step 444: T=672 positions=16 loss=2.4593 ce=5.3055 tv=0.5264 conf=0.6150 grad_norm=20.3135 tensors_with_grad=69/72
[train] step 445: T=528 positions=16 loss=2.2465 ce=3.6637 tv=0.5448 conf=0.5212 grad_norm=12.5939 tensors_with_grad=69/72
[train] step 446: T=536 positions=16 loss=0.1671 ce=0.4401 tv=0.0810 conf=0.3926 grad_norm=2.0081 tensors_with_grad=69/72
[train] step 447: T=1543 positions=16 loss=2.7733 ce=5.8089 tv=0.5590 conf=0.3759 grad_norm=13.7105 tensors_with_grad=69/72
[train] step 448: T=673 positions=16 loss=2.4071 ce=5.2087 tv=0.5106 conf=0.3936 grad_norm=16.2277 tensors_with_grad=69/72
[train] step 449: T=587 positions=16 loss=0.6809 ce=1.2618 tv=0.1886 conf=0.5018 grad_norm=6.7865 tensors_with_grad=69/72
[train] step 450: T=529 positions=16 loss=0.8634 ce=1.4804 tv=0.2757 conf=0.4330 grad_norm=9.4522 tensors_with_grad=69/72
[train] step 451: T=981 positions=16 loss=2.5440 ce=5.1282 tv=0.5484 conf=0.3729 grad_norm=14.0192 tensors_with_grad=69/72
[train] step 452: T=557 positions=16 loss=1.6464 ce=2.5478 tv=0.3045 conf=0.5659 grad_norm=42.7118 tensors_with_grad=69/72
[train] step 453: T=543 positions=16 loss=1.8138 ce=3.2633 tv=0.3518 conf=0.4604 grad_norm=19.3928 tensors_with_grad=69/72
[train] step 454: T=955 positions=16 loss=1.7908 ce=3.4746 tv=0.3940 conf=0.5184 grad_norm=9.0361 tensors_with_grad=69/72
[train] step 455: T=536 positions=16 loss=0.7484 ce=1.1545 tv=0.2688 conf=0.5668 grad_norm=5.6910 tensors_with_grad=69/72
[train] step 456: T=952 positions=16 loss=2.6767 ce=5.1285 tv=0.5305 conf=0.4016 grad_norm=12.7115 tensors_with_grad=69/72
[train] step 457: T=960 positions=16 loss=3.0311 ce=6.7932 tv=0.5774 conf=0.2382 grad_norm=23.9694 tensors_with_grad=69/72
[train] step 458: T=525 positions=16 loss=2.4809 ce=4.6477 tv=0.5613 conf=0.4465 grad_norm=10.6377 tensors_with_grad=69/72
[train] step 459: T=1031 positions=16 loss=2.5783 ce=5.5087 tv=0.5427 conf=0.4261 grad_norm=14.0761 tensors_with_grad=69/72
[train] step 460: T=674 positions=16 loss=2.0204 ce=3.0020 tv=0.4609 conf=0.7083 grad_norm=30.8962 tensors_with_grad=69/72
[train] step 461: T=1015 positions=16 loss=2.7069 ce=5.5606 tv=0.5577 conf=0.5170 grad_norm=18.6604 tensors_with_grad=69/72
[train] step 462: T=540 positions=16 loss=2.1078 ce=3.2914 tv=0.5679 conf=0.5633 grad_norm=16.5163 tensors_with_grad=69/72
[train] step 463: T=557 positions=16 loss=1.9172 ce=3.8102 tv=0.4520 conf=0.5285 grad_norm=11.5035 tensors_with_grad=69/72
[train] step 464: T=672 positions=16 loss=1.6634 ce=3.3302 tv=0.4191 conf=0.4377 grad_norm=8.2761 tensors_with_grad=69/72
[train] step 465: T=531 positions=16 loss=2.7880 ce=5.3882 tv=0.6263 conf=0.5432 grad_norm=18.0180 tensors_with_grad=69/72
[train] step 466: T=536 positions=16 loss=0.5352 ce=1.2577 tv=0.1738 conf=0.4029 grad_norm=4.9355 tensors_with_grad=69/72
[train] step 467: T=532 positions=16 loss=3.1351 ce=6.5449 tv=0.6980 conf=0.3981 grad_norm=13.0055 tensors_with_grad=69/72
[train] step 468: T=536 positions=16 loss=0.9836 ce=2.2158 tv=0.2635 conf=0.4516 grad_norm=14.0188 tensors_with_grad=69/72
[train] step 469: T=554 positions=16 loss=1.4853 ce=2.7715 tv=0.3766 conf=0.6101 grad_norm=20.0387 tensors_with_grad=69/72
[train] step 470: T=673 positions=16 loss=2.5595 ce=5.0595 tv=0.5412 conf=0.4556 grad_norm=18.2309 tensors_with_grad=69/72
[train] step 471: T=630 positions=16 loss=0.8176 ce=1.9778 tv=0.2543 conf=0.6629 grad_norm=6.1592 tensors_with_grad=69/72
[train] step 472: T=636 positions=16 loss=1.4891 ce=2.9806 tv=0.3672 conf=0.4769 grad_norm=21.5392 tensors_with_grad=69/72
[train] step 473: T=673 positions=16 loss=2.6995 ce=5.0813 tv=0.5746 conf=0.6552 grad_norm=17.7058 tensors_with_grad=69/72
[train] step 474: T=677 positions=16 loss=1.5273 ce=3.1458 tv=0.3252 conf=0.4162 grad_norm=12.8743 tensors_with_grad=69/72
[train] step 475: T=576 positions=16 loss=0.9651 ce=2.0497 tv=0.2965 conf=0.3917 grad_norm=7.5751 tensors_with_grad=69/72
[train] step 476: T=541 positions=16 loss=2.3297 ce=4.6389 tv=0.5603 conf=0.5830 grad_norm=9.9177 tensors_with_grad=69/72
[train] step 477: T=612 positions=16 loss=0.1851 ce=0.5025 tv=0.1329 conf=0.5655 grad_norm=2.7022 tensors_with_grad=69/72
[train] step 478: T=566 positions=16 loss=2.6379 ce=5.6373 tv=0.5704 conf=0.6428 grad_norm=16.5634 tensors_with_grad=69/72
[train] step 479: T=528 positions=16 loss=2.8278 ce=5.4005 tv=0.6513 conf=0.5445 grad_norm=12.5913 tensors_with_grad=69/72
[train] step 480: T=548 positions=16 loss=1.3619 ce=2.2132 tv=0.2755 conf=0.3531 grad_norm=14.9263 tensors_with_grad=69/72
[train] step 481: T=576 positions=16 loss=2.4694 ce=4.9462 tv=0.5308 conf=0.3120 grad_norm=29.9080 tensors_with_grad=69/72
[train] step 482: T=1222 positions=16 loss=2.3785 ce=5.0172 tv=0.4565 conf=0.4708 grad_norm=11.8172 tensors_with_grad=69/72
[train] step 483: T=869 positions=16 loss=2.6217 ce=6.5382 tv=0.4738 conf=0.3544 grad_norm=15.4218 tensors_with_grad=69/72
[train] step 484: T=526 positions=16 loss=1.7819 ce=3.0606 tv=0.4645 conf=0.5694 grad_norm=10.1106 tensors_with_grad=69/72
[train] step 485: T=850 positions=16 loss=1.7945 ce=3.7638 tv=0.4171 conf=0.3750 grad_norm=8.5537 tensors_with_grad=69/72
[train] step 486: T=907 positions=16 loss=2.0261 ce=3.5669 tv=0.4200 conf=0.4273 grad_norm=13.7738 tensors_with_grad=69/72
[train] step 487: T=1184 positions=16 loss=3.5405 ce=7.2054 tv=0.5923 conf=0.4644 grad_norm=17.8382 tensors_with_grad=69/72
[train] step 488: T=592 positions=16 loss=1.4250 ce=3.1137 tv=0.3794 conf=0.4667 grad_norm=14.2468 tensors_with_grad=69/72
[train] step 489: T=531 positions=16 loss=1.4570 ce=2.9002 tv=0.3373 conf=0.4814 grad_norm=9.5928 tensors_with_grad=69/72
[train] step 490: T=599 positions=16 loss=1.0088 ce=1.9252 tv=0.2187 conf=0.5663 grad_norm=13.0928 tensors_with_grad=69/72
[diag] draft-argmax == TARGET-argmax : 58.6%  | == ground-truth token: 58.4%
[diag] mean top-1 prob  target 0.836  draft 0.733   (TV near 1 with a PEAKED draft => misalignment; with a FLAT draft => genuine)
[train] saved 72 trained tensors -> /cap/s3recap-conf1.0/c1/trained/mtp_trained.safetensors
[train] saved AdamW state -> /cap/s3recap-conf1.0/c1/trained/opt_state.pt (needed for --resume to be equivalent to one continuous run)
[train] metrics -> /cap/s3recap-conf1.0/c1/train_metrics.json  (loss 2.2933 -> 1.0088, tail mean 1.9117)
[train] TRAIN OK
