# gemm_bench ogroup wo_a [8x1024, 4096] COLD, 12 rotating copies, clocks pinned.
# 3 replicates per arm, WS1 on (OG_WS1) vs off. Columns: NR=1  NR=2  NR=4  NR=8, ms(GB/s).
# F76: WS1 wins -7.6% at M=2/NR=2 and -14.8% at M=3/NR=4 HERE and +0.1% in situ.
--- rep 1 ON ---
M=1      0.1671(201)   0.1659(202)   0.1656(203)   0.1670(201)
M=2      0.1876(179)   0.1684(199)   0.1749(192)   0.2044(164)
M=3      0.2275(147)   0.1898(177)   0.1786(188)   0.2065(163)
M=5      0.3234(104)   0.2276(147)   0.2004(167)   0.2973(113)
M=8      0.4300( 78)   0.3382( 99)   0.3382( 99)   0.5834( 58)
--- rep 1 OFF ---
M=1      0.1643(204)   0.1638(205)   0.1645(204)   0.1665(202)
M=2      0.2011(167)   0.1821(184)   0.1793(187)   0.2136(157)
M=3      0.2196(153)   0.2011(167)   0.2065(163)   0.1946(172)
M=5      0.3140(107)   0.2555(131)   0.1997(168)   0.3069(109)
M=8      0.4194( 80)   0.3525( 95)   0.3860( 87)   0.5774( 58)
--- rep 2 ON ---
M=1      0.1635(205)   0.1650(203)   0.1616(208)   0.1618(207)
M=2      0.1870(179)   0.1658(202)   0.1682(200)   0.2029(165)
M=3      0.2275(147)   0.1924(174)   0.1753(191)   0.2026(166)
M=5      0.3149(107)   0.2224(151)   0.1973(170)   0.2996(112)
M=8      0.4191( 80)   0.3378( 99)   0.3263(103)   0.5854( 57)
--- rep 2 OFF ---
M=1      0.1605(209)   0.1607(209)   0.1654(203)   0.1660(202)
M=2      0.2008(167)   0.1799(187)   0.1717(195)   0.2196(153)
M=3      0.2209(152)   0.1962(171)   0.2052(164)   0.1961(171)
M=5      0.3167(106)   0.2592(129)   0.1964(171)   0.3094(108)
M=8      0.4288( 78)   0.3628( 92)   0.3877( 87)   0.5799( 58)
--- rep 3 ON ---
M=1      0.1633(205)   0.1626(206)   0.1583(212)   0.1581(212)
M=2      0.1854(181)   0.1631(206)   0.1663(202)   0.1993(168)
M=3      0.2265(148)   0.1883(178)   0.1720(195)   0.2053(163)
M=5      0.3127(107)   0.2213(152)   0.1958(171)   0.2956(114)
M=8      0.4192( 80)   0.3338(101)   0.3272(103)   0.5833( 58)
--- rep 3 OFF ---
M=1      0.1627(206)   0.1627(206)   0.1671(201)   0.1654(203)
M=2      0.2012(167)   0.1761(191)   0.1719(195)   0.2224(151)
M=3      0.2206(152)   0.1939(173)   0.2054(163)   0.1930(174)
M=5      0.3139(107)   0.2549(132)   0.1968(170)   0.3168(106)
M=8      0.4213( 80)   0.3597( 93)   0.3920( 86)   0.5771( 58)

# OGMK_BLOCKS_PER_SM sweep with WS1 on (2 reps each). BPS=4 remains optimal at M=5/NR=4.
=== OGMK_BLOCKS_PER_SM=3 ===
M=1      0.1589(211)   0.1587(211)   0.1590(211)   0.1618(207)
M=2      0.1828(184)   0.1622(207)   0.1718(195)   0.1839(182)
M=3      0.2232(150)   0.1858(181)   0.1779(189)   0.1973(170)
M=5      0.3200(105)   0.2233(150)   0.2041(164)   0.2223(151)
M=8      0.4411( 76)   0.3434( 98)   0.2971(113)   0.5758( 58)
M=1      0.1595(210)   0.1629(206)   0.1625(206)   0.1593(211)
M=2      0.1838(183)   0.1709(196)   0.1648(204)   0.1856(181)
M=3      0.2241(150)   0.1915(175)   0.1696(198)   0.1926(174)
M=5      0.3124(107)   0.2152(156)   0.1979(170)   0.2216(151)
M=8      0.4433( 76)   0.3188(105)   0.2867(117)   0.5742( 58)
=== OGMK_BLOCKS_PER_SM=2 ===
M=1      0.1660(202)   0.1655(203)   0.1614(208)   0.1615(208)
M=2      0.1889(178)   0.1704(197)   0.1649(203)   0.1922(175)
M=3      0.2278(147)   0.1924(174)   0.1769(190)   0.1977(170)
M=5      0.3133(107)   0.2180(154)   0.2014(167)   0.2133(157)
M=8      0.4431( 76)   0.3527( 95)   0.2814(119)   0.3036(111)
M=1      0.1591(211)   0.1635(205)   0.1644(204)   0.1634(205)
M=2      0.1834(183)   0.1720(195)   0.1653(203)   0.1888(178)
M=3      0.2250(149)   0.1920(175)   0.1697(198)   0.1985(169)
M=5      0.3177(106)   0.2199(153)   0.1979(170)   0.2095(160)
M=8      0.4411( 76)   0.3558( 94)   0.2805(120)   0.3048(110)
