== k_topk_masked: correctness on 6 distributions, then timing on mode 0 ==
       T     topk   shipped us     radix us   speedup   all modes
---------------------------------------------------------------------------
       1        1          8.2         10.3      0.8x   identical
       3        3         12.3         14.3      0.9x   identical
      17       17         39.0         22.5      1.7x   identical
      64       64        137.5         26.8      5.1x   identical
     128      128        212.9         10.3     20.8x   identical
     512      512        258.0         14.4     18.0x   identical
    1024      512        323.8         28.7     11.3x   identical
    1648      512        501.5         24.7     20.3x   identical
    2048      512        458.5         24.5     18.7x   identical
    3072      512        591.7         33.2     17.8x   identical
    4096      512        725.2         36.9     19.6x   identical
    6000      512       1075.8         35.0     30.8x   identical
    8192      512       1259.7         37.0     34.1x   identical

== k_topk_verify (K queries, per-query causal limit) ==
  Tf=1648  mode=0 K=5 topkc=512 : identical
  Tf=3072  mode=0 K=5 topkc=512 : identical
  Tf=1648  mode=1 K=5 topkc=512 : identical
  Tf=3072  mode=1 K=5 topkc=512 : identical
  Tf=1648  mode=2 K=5 topkc=512 : identical
  Tf=3072  mode=2 K=5 topkc=512 : identical
  Tf=1648  mode=3 K=5 topkc=512 : identical
  Tf=3072  mode=3 K=5 topkc=512 : identical
  Tf=1648  mode=4 K=5 topkc=512 : identical
  Tf=3072  mode=4 K=5 topkc=512 : identical
  Tf=1648  mode=5 K=5 topkc=512 : identical
  Tf=3072  mode=5 K=5 topkc=512 : identical
  short causal limit (lim=200 < topkc=512)          : identical

== k_topk_decode / k_topk_offset ==
  k_topk_decode  T=1648 mode=0 : identical
  k_topk_decode  T=1648 mode=1 : identical
  k_topk_decode  T=1648 mode=2 : identical
  k_topk_decode  T=1648 mode=3 : identical
  k_topk_decode  T=1648 mode=4 : identical
  k_topk_decode  T=1648 mode=5 : identical
  k_topk_offset  s=64 T=400 mode=0 : identical
  k_topk_offset  s=64 T=400 mode=1 : identical
  k_topk_offset  s=64 T=400 mode=2 : identical
  k_topk_offset  s=64 T=400 mode=3 : identical
  k_topk_offset  s=64 T=400 mode=4 : identical
  k_topk_offset  s=64 T=400 mode=5 : identical

== item 1.3: full threshold search vs `lim <= topk` early-out (k_topk_decode shape) ==
     T   topk fires   full us (min/med/max)  early us (min/med/max) saving us
------------------------------------------------------------------------------------------
    32     32   yes   10.25/10.26/10.31      6.63/6.65/6.71             +3.61
    64     64   yes   12.26/12.29/12.59      8.20/8.21/8.65             +4.08
   128    128   yes   12.30/12.31/12.36      10.20/10.20/10.23          +2.10
   256    256   yes   14.35/14.46/14.81      11.71/11.78/12.26          +2.67
   384    384   yes   18.37/18.38/18.43      14.34/14.34/14.38          +4.04
   512    512   yes   18.40/18.47/18.73      14.34/14.57/14.79          +3.90
  1024    512    no   28.70/28.75/28.80      28.70/28.73/28.80          +0.01
  2048    512    no   24.54/24.57/25.66      24.57/24.62/24.95          -0.05
  3072    512    no   32.76/32.77/32.79      32.76/32.77/32.81          +0.00

GATE: PASS — radix select is bit-identical to the shipped warp scan on every shape and distribution,
        with the item-1.3 early-out both ON and OFF
