[1.9] 2026-08-21T00:20:44-04:00 binary: decode 2026-08-20T23:42:20-04:00  sweep=6:1:1.50:7,6:1:1.50:7,6:1:1.50:7,6:1:1.50:7,6:1:1.50:8,6:1:1.50:8,6:1:1.50:8,6:1:1.50:8 NGEN=4 level=1
[run_model] [clocks] already pinned at 1386 MHz
[run_model] 109 GiB available; launching detached -> evidence/decode_loop/stephash_fixR1.log
[run_model] pid 2021507   watch: tail -f evidence/decode_loop/stephash_fixR1.log
[run_model] memguard armed on 'decode' -> evidence/decode_loop/stephash_fixR1.memguard.log
[1.9] 2026-08-21T00:22:45-04:00 fixR1: 20 stephash lines, 8 genout lines
[run_model] [clocks] already pinned at 1386 MHz
[run_model] 109 GiB available; launching detached -> evidence/decode_loop/stephash_fixR2.log
[run_model] pid 2026474   watch: tail -f evidence/decode_loop/stephash_fixR2.log
[run_model] memguard armed on 'decode' -> evidence/decode_loop/stephash_fixR2.memguard.log
[1.9] 2026-08-21T00:24:46-04:00 fixR2: 20 stephash lines, 8 genout lines
[1.9] 2026-08-21T00:24:46-04:00 === token-id level (what 1.0 saw) ===
evidence/decode_loop/genout_1p9_fixR1.txt: 8 point(s)   evidence/decode_loop/genout_1p9_fixR2.txt: 8 point(s)
  point 0: IDENTICAL — 197 ids (prompt+generated) match at every position
  point 1: IDENTICAL — 197 ids (prompt+generated) match at every position
  point 2: IDENTICAL — 197 ids (prompt+generated) match at every position
  point 3: IDENTICAL — 197 ids (prompt+generated) match at every position
  point 4: IDENTICAL — 263 ids (prompt+generated) match at every position
  point 5: IDENTICAL — 263 ids (prompt+generated) match at every position
  point 6: IDENTICAL — 263 ids (prompt+generated) match at every position
  point 7: IDENTICAL — 263 ids (prompt+generated) match at every position

token-id identity: 8/8 points byte-identical, 0 differ
[1.9] 2026-08-21T00:24:46-04:00 === per-step field level (what this probe adds) ===
evidence/decode_loop/stephash_fixR1.txt: 20 steps   evidence/decode_loop/stephash_fixR2.txt: 20 steps
  NOT MEASURED in these files (zero on both sides, excluded): mkv,mx
  -> re-run with DSV4_STEPHASH_LVL=2 before drawing any conclusion about them
  p0: IDENTICAL over 3 verifies, every field
  p1: IDENTICAL over 3 verifies, every field
  p2: IDENTICAL over 3 verifies, every field
  p3: IDENTICAL over 3 verifies, every field
  p4: IDENTICAL over 2 verifies, every field
  p5: IDENTICAL over 2 verifies, every field
  p6: IDENTICAL over 2 verifies, every field
  p7: IDENTICAL over 2 verifies, every field
VERDICT: the two runs are IDENTICAL at every field of every verify
[1.9] 2026-08-21T00:24:46-04:00 done.
