[1.10-verify] 2026-08-21T00:20:44-04:00 binary: build/decode 2026-08-20T23:42:20-04:00
[1.10-verify] 2026-08-21T00:20:44-04:00 === R: eight identical points, prefill 192 and 256, DSV4_HASH=2 ===
lhash_verify -- ladder 1.10 AFTER arm, 2026-08-21T00:20:44-04:00
binary: build/decode 2026-08-20T23:42:20-04:00

R  -- repeats at prefill 192 / 256, one process each, two processes
  PSp 192: within-process 0/12 diverge   cross-process 0/16 diverge   (of 43 layers)
  PSp 256: within-process 0/12 diverge   cross-process 0/16 diverge   (of 43 layers)
VERDICT: CLEAN -- every pair byte-identical at every layer

[1.10-verify] 2026-08-21T00:24:46-04:00 === W: the length ladder 128 -> 256, the regime 1.9 put the threshold in ===

W  -- length ladder 128,129,132,136,144,160,192,256 across two processes
     (every PSp here is a group of ONE per process, so the numbers that matter are the
      cross-process pairs; a within-process count of 0/0 is expected, not a pass)
  PSp 128: within-process 0/0 diverge   cross-process 0/1 diverge   (of 43 layers)
  PSp 129: within-process 0/0 diverge   cross-process 0/1 diverge   (of 43 layers)
  PSp 132: within-process 0/0 diverge   cross-process 0/1 diverge   (of 43 layers)
  PSp 136: within-process 0/0 diverge   cross-process 0/1 diverge   (of 43 layers)
  PSp 144: within-process 0/0 diverge   cross-process 0/1 diverge   (of 43 layers)
  PSp 160: within-process 0/0 diverge   cross-process 0/1 diverge   (of 43 layers)
  PSp 192: within-process 0/0 diverge   cross-process 0/1 diverge   (of 43 layers)
  PSp 256: within-process 0/0 diverge   cross-process 0/1 diverge   (of 43 layers)
VERDICT: CLEAN -- every pair byte-identical at every layer

[1.10-verify] 2026-08-21T00:28:28-04:00 === A: 1.0's divergent arm, NGEN=256, ctx 5 / 3071 / 1023, STEPHASH LVL=2 ===
[1.10-verify] 2026-08-21T00:33:13-04:00 === VERDICT ===
lhash_verify -- ladder 1.10 AFTER arm, 2026-08-21T00:20:44-04:00
binary: build/decode 2026-08-20T23:42:20-04:00

R  -- repeats at prefill 192 / 256, one process each, two processes
  PSp 192: within-process 0/12 diverge   cross-process 0/16 diverge   (of 43 layers)
  PSp 256: within-process 0/12 diverge   cross-process 0/16 diverge   (of 43 layers)
VERDICT: CLEAN -- every pair byte-identical at every layer

W  -- length ladder 128,129,132,136,144,160,192,256 across two processes
     (every PSp here is a group of ONE per process, so the numbers that matter are the
      cross-process pairs; a within-process count of 0/0 is expected, not a pass)
  PSp 128: within-process 0/0 diverge   cross-process 0/1 diverge   (of 43 layers)
  PSp 129: within-process 0/0 diverge   cross-process 0/1 diverge   (of 43 layers)
  PSp 132: within-process 0/0 diverge   cross-process 0/1 diverge   (of 43 layers)
  PSp 136: within-process 0/0 diverge   cross-process 0/1 diverge   (of 43 layers)
  PSp 144: within-process 0/0 diverge   cross-process 0/1 diverge   (of 43 layers)
  PSp 160: within-process 0/0 diverge   cross-process 0/1 diverge   (of 43 layers)
  PSp 192: within-process 0/0 diverge   cross-process 0/1 diverge   (of 43 layers)
  PSp 256: within-process 0/0 diverge   cross-process 0/1 diverge   (of 43 layers)
VERDICT: CLEAN -- every pair byte-identical at every layer

A  -- 1.0's divergent arm, token ids and the per-step causal chain

[1.10-verify] 2026-08-21T00:33:13-04:00 done.
