[1.0v] 2026-08-20T02:52:30-04:00 binaries: server 2026-08-20T00:56:11-04:00, decode 2026-08-20T01:00:08-04:00
[1.0v]   [parse] 3 prompt(s), SMAX=3072, BLKMAX=6, VBMAX=7, seqmax=3343
[1.0v]   [parse] point 0: BLK=6 passes=1 adaptK=1.50 prompt=0
[1.0v]   [parse] point 1: BLK=6 passes=1 adaptK=1.50 prompt=1
[1.0v]   [parse] point 2: BLK=6 passes=1 adaptK=1.50 prompt=2
[1.0v] 2026-08-20T02:52:30-04:00 decode seqmax=3343 (cap 3600, ~109 GiB resident incl. weights)
[1.0v] 2026-08-20T02:52:30-04:00 === decode arm [base-off] -> evidence/decode_loop/decode_1p0_off.log (genout evidence/decode_loop/genout_1p0_off.txt) ===
[run_model] 118 GiB available; launching detached -> evidence/decode_loop/decode_1p0_off.log
[run_model] pid 9913   watch: tail -f evidence/decode_loop/decode_1p0_off.log
[run_model] memguard armed on 'decode' -> evidence/decode_loop/decode_1p0_off.memguard.log
[1.0v] 2026-08-20T02:56:10-04:00 decode [base-off] finished; gates and headline:
[decode] first decoded token argmax = 11111  (expect 11111)  -> GATE PASS
[spec] generated 260 tokens over 72 verifies: mean tokens/verify = 3.61 (block=6, max 7)
[genout] wrote 6 prompt + 260 generated ids to evidence/decode_loop/genout_1p0_off.txt
[spec] LOSSLESS GATE: first 16 tokens match base AR -> PASS
[spec] SPEC-DECODE: 46.4 ms/tok = 21.55 tok/s  (vs base M=1 80.7 ms/tok = 12.38 tok/s -> 1.74x)
[spec] generated 256 tokens over 121 verifies: mean tokens/verify = 2.12 (block=6, max 7)
[genout] wrote 3072 prompt + 256 generated ids to evidence/decode_loop/genout_1p0_off.txt
[spec] SPEC-DECODE: 80.8 ms/tok = 12.38 tok/s  (vs base M=1 80.7 ms/tok = 12.38 tok/s -> 1.00x)
[spec] generated 256 tokens over 108 verifies: mean tokens/verify = 2.37 (block=6, max 7)
[genout] wrote 1024 prompt + 256 generated ids to evidence/decode_loop/genout_1p0_off.txt
[spec] SPEC-DECODE: 64.9 ms/tok = 15.41 tok/s  (vs base M=1 80.7 ms/tok = 12.38 tok/s -> 1.24x)
[1.0v] 2026-08-20T02:56:10-04:00 genout lines: 3 (expected 3)
[1.0v] 2026-08-20T02:56:10-04:00 === decode arm [cache-on] -> evidence/decode_loop/decode_1p0_on.log (genout evidence/decode_loop/genout_1p0_on.txt) ===
[run_model] 105 GiB available; launching detached -> evidence/decode_loop/decode_1p0_on.log
[run_model] pid 12409   watch: tail -f evidence/decode_loop/decode_1p0_on.log
[run_model] memguard armed on 'decode' -> evidence/decode_loop/decode_1p0_on.memguard.log
[1.0v] 2026-08-20T02:59:55-04:00 decode [cache-on] finished; gates and headline:
[decode] first decoded token argmax = 11111  (expect 11111)  -> GATE PASS
[spec] generated 260 tokens over 72 verifies: mean tokens/verify = 3.61 (block=6, max 7)
[genout] wrote 6 prompt + 260 generated ids to evidence/decode_loop/genout_1p0_on.txt
[spec] LOSSLESS GATE: first 16 tokens match base AR -> PASS
[spec] SPEC-DECODE: 46.2 ms/tok = 21.65 tok/s  (vs base M=1 81.5 ms/tok = 12.27 tok/s -> 1.76x)
[spec] generated 257 tokens over 120 verifies: mean tokens/verify = 2.14 (block=6, max 7)
[genout] wrote 3072 prompt + 257 generated ids to evidence/decode_loop/genout_1p0_on.txt
[spec] SPEC-DECODE: 70.7 ms/tok = 14.15 tok/s  (vs base M=1 81.5 ms/tok = 12.27 tok/s -> 1.15x)
[spec] generated 256 tokens over 96 verifies: mean tokens/verify = 2.67 (block=6, max 7)
[genout] wrote 1024 prompt + 256 generated ids to evidence/decode_loop/genout_1p0_on.txt
[spec] SPEC-DECODE: 54.2 ms/tok = 18.44 tok/s  (vs base M=1 81.5 ms/tok = 12.27 tok/s -> 1.50x)
[1.0v] 2026-08-20T02:59:55-04:00 genout lines: 3 (expected 3)
[1.0v] 2026-08-20T02:59:55-04:00 === PHASE 3: token-id identity, from-scratch vs cached ===
evidence/decode_loop/genout_1p0_off.txt: 3 point(s)   evidence/decode_loop/genout_1p0_on.txt: 3 point(s)
  point 0: IDENTICAL — 266 ids (prompt+generated) match at every position
  point 1: DIVERGES at id index 3092 of 3328/3329: 1950 vs 4085
            context: ...[2483, 566, 24000, 396] -> [1950, 344, 201, 223]
                     ...[2483, 566, 24000, 396] -> [4085, 344, 201, 223]
  point 2: DIVERGES at id index 1067 of 1280/1280: 223 vs 5115
            context: ...[63, 94508, 223, 455] -> [223, 22, 31841, 3618]
                     ...[63, 94508, 223, 455] -> [5115, 72888, 734, 3608]

token-id identity: 1/3 points byte-identical, 2 differ
[1.0v] 2026-08-20T02:59:55-04:00 token-id comparison rc=1
[1.0v] 2026-08-20T02:59:55-04:00 --- ms/tok and tokens/verify, both arms ---
[off]
[spec] generated 260 tokens over 72 verifies: mean tokens/verify = 3.61 (block=6, max 7)
[spec] SPEC-DECODE: 46.4 ms/tok = 21.55 tok/s  (vs base M=1 80.7 ms/tok = 12.38 tok/s -> 1.74x)
[spec] generated 256 tokens over 121 verifies: mean tokens/verify = 2.12 (block=6, max 7)
[spec] SPEC-DECODE: 80.8 ms/tok = 12.38 tok/s  (vs base M=1 80.7 ms/tok = 12.38 tok/s -> 1.00x)
[spec] generated 256 tokens over 108 verifies: mean tokens/verify = 2.37 (block=6, max 7)
[spec] SPEC-DECODE: 64.9 ms/tok = 15.41 tok/s  (vs base M=1 80.7 ms/tok = 12.38 tok/s -> 1.24x)
[on]
[spec] generated 260 tokens over 72 verifies: mean tokens/verify = 3.61 (block=6, max 7)
[spec] SPEC-DECODE: 46.2 ms/tok = 21.65 tok/s  (vs base M=1 81.5 ms/tok = 12.27 tok/s -> 1.76x)
[spec] generated 257 tokens over 120 verifies: mean tokens/verify = 2.14 (block=6, max 7)
[spec] SPEC-DECODE: 70.7 ms/tok = 14.15 tok/s  (vs base M=1 81.5 ms/tok = 12.27 tok/s -> 1.15x)
[spec] generated 256 tokens over 96 verifies: mean tokens/verify = 2.67 (block=6, max 7)
[spec] SPEC-DECODE: 54.2 ms/tok = 18.44 tok/s  (vs base M=1 81.5 ms/tok = 12.27 tok/s -> 1.50x)
[1.0v] 2026-08-20T02:59:55-04:00 TOKEN IDS DIFFER between the arms on the deterministic binary. That is the invariant
[1.0v] 2026-08-20T02:59:55-04:00 failing on its own terms -- the cached prefix is NOT bit-exact and 1.0 must be reverted.
[1.0v] 2026-08-20T02:59:55-04:00 STOPPING: the determinism control below cannot exonerate this.
