[1.9] 2026-08-20T12:00:51-04:00 binary: decode 2026-08-20T12:00:44-04:00  sweep=6:1:1.50:0,6:1:1.50:1 NGEN=64 level=1
[run_model] 104 GiB available, below 105 — reclaiming page cache and re-checking
[run_model] [clocks] already pinned at 1386 MHz
[run_model] 117 GiB available; launching detached -> evidence/decode_loop/stephash_H3.log
[run_model] pid 605573   watch: tail -f evidence/decode_loop/stephash_H3.log
[run_model] memguard armed on 'decode' -> evidence/decode_loop/stephash_H3.memguard.log
[1.9] 2026-08-20T12:03:34-04:00 H3: 55 stephash lines, 2 genout lines
[run_model] 104 GiB available, below 105 — reclaiming page cache and re-checking
[run_model] [clocks] already pinned at 1386 MHz
[run_model] 117 GiB available; launching detached -> evidence/decode_loop/stephash_H4.log
[run_model] pid 611288   watch: tail -f evidence/decode_loop/stephash_H4.log
[run_model] memguard armed on 'decode' -> evidence/decode_loop/stephash_H4.memguard.log
[1.9] 2026-08-20T12:06:17-04:00 H4: 56 stephash lines, 2 genout lines
[1.9] 2026-08-20T12:06:17-04:00 === token-id level (what 1.0 saw) ===
evidence/decode_loop/genout_1p9_H3.txt: 2 point(s)   evidence/decode_loop/genout_1p9_H4.txt: 2 point(s)
  point 0: IDENTICAL — 72 ids (prompt+generated) match at every position
  point 1: DIVERGES at id index 3089 of 3137/3141: 30362 vs 566
            context: ...[52636, 4, 50305, 2483] -> [30362, 396, 4085, 344]
                     ...[52636, 4, 50305, 2483] -> [566, 24000, 396, 1950]

token-id identity: 1/2 points byte-identical, 1 differ
[1.9] 2026-08-20T12:06:17-04:00 === per-step field level (what this probe adds) ===
evidence/decode_loop/stephash_H3.txt: 55 steps   evidence/decode_loop/stephash_H4.txt: 56 steps
  p0: IDENTICAL over 23 verifies, every field
  p1: DIVERGES at verify v0 (index 0 of 32), cpos=3071 ctx=3071
        first differing field: draft   (all differing here: draft,lg)
        -> mkv, main_x and the draft input all MATCH and the draft's output does not -- the DSpark draft chain (3 blocks + head) is the nondeterministic component
          draft  A=746eee1810257d32  B=dfbe7dd3c33dcf3c   <-- differs
          lg     A=fe228a816b0e34fa  B=73ed09645caadd06   <-- differs
VERDICT: the two runs DIVERGE
[1.9] 2026-08-20T12:06:17-04:00 done.
